{
  "Entries": [
    {
      "RequestUri": "https://REDACTED/54373bcb0encryptionscopea398590787e0e44dd20d46e?restype=container",
      "RequestMethod": "PUT",
      "RequestHeaders": {
        "Accept": "application/xml",
        "Authorization": "Sanitized",
        "Content-Length": "0",
        "Date": "Wed, 26 Apr 2023 19:55:45 GMT",
        "User-Agent": "azsdk-java-azure-storage-blob/12.23.0-beta.1 (17.0.5; Windows 11; 10.0)",
        "x-ms-client-request-id": "866a8a86-ecaf-4c19-bd4a-3e4cbec16267",
        "x-ms-version": "2022-11-02"
      },
      "RequestBody": null,
      "StatusCode": 201,
      "ResponseHeaders": {
        "Content-Length": "0",
        "Date": "Wed, 26 Apr 2023 19:55:44 GMT",
        "ETag": "\u00220x8DB4690397403F3\u0022",
        "Last-Modified": "Wed, 26 Apr 2023 19:55:45 GMT",
        "Server": [
          "Windows-Azure-Blob/1.0",
          "Microsoft-HTTPAPI/2.0"
        ],
        "x-ms-client-request-id": "866a8a86-ecaf-4c19-bd4a-3e4cbec16267",
        "x-ms-request-id": "44d9ea21-101e-0015-5d79-78b980000000",
        "x-ms-version": "2022-11-02"
      },
      "ResponseBody": null
    },
    {
      "RequestUri": "https://REDACTED/54373bcb0encryptionscopea398590787e0e44dd20d46e/54373bcb2encryptionscopea3915703fd147ed78527460",
      "RequestMethod": "PUT",
      "RequestHeaders": {
        "Accept": "application/xml",
        "Authorization": "Sanitized",
        "Content-Length": "16",
        "Content-Type": "application/octet-stream",
        "Date": "Wed, 26 Apr 2023 19:55:45 GMT",
        "User-Agent": "azsdk-java-azure-storage-blob/12.23.0-beta.1 azsdk-java-azure-storage-blob-cryptography/12.22.0-beta.1 (17.0.5; Windows 11; 10.0)",
        "x-ms-blob-type": "BlockBlob",
        "x-ms-client-request-id": "3449879b-b3c1-4910-8272-67e282741e49",
        "x-ms-encryption-scope": "testscope1",
        "x-ms-meta-encryptiondata": "{\u0022EncryptionMode\u0022:\u0022FullBlob\u0022,\u0022WrappedContentKey\u0022:{\u0022KeyId\u0022:\u0022keyId\u0022,\u0022EncryptedKey\u0022:\u0022VB6XA7o2m9cQCrRNmB4bw2xolp86Y8XpkjJrXyShKOY=\u0022,\u0022Algorithm\u0022:\u0022RSA-OAEP-256\u0022},\u0022EncryptionAgent\u0022:{\u0022Protocol\u0022:\u00221.0\u0022,\u0022EncryptionAlgorithm\u0022:\u0022AES_CBC_256\u0022},\u0022ContentEncryptionIV\u0022:\u0022Vn21F3IjSxLo4tkvoPntzQ==\u0022,\u0022KeyWrappingMetadata\u0022:{\u0022EncryptionLibrary\u0022:\u0022JavaTrack212.23.0-beta.1\u0022}}",
        "x-ms-version": "2022-11-02"
      },
      "RequestBody": "NNDy/SN8GMMEB5mYg8PeBg==",
      "StatusCode": 201,
      "ResponseHeaders": {
        "Content-Length": "0",
        "Content-MD5": "pgYowNSnoAc2S\u002BW02Vnv5g==",
        "Date": "Wed, 26 Apr 2023 19:55:45 GMT",
        "ETag": "\u00220x8DB46903993FDB0\u0022",
        "Last-Modified": "Wed, 26 Apr 2023 19:55:45 GMT",
        "Server": [
          "Windows-Azure-Blob/1.0",
          "Microsoft-HTTPAPI/2.0"
        ],
        "x-ms-client-request-id": "3449879b-b3c1-4910-8272-67e282741e49",
        "x-ms-content-crc64": "phznjH8ObLA=",
        "x-ms-encryption-scope": "testscope1",
        "x-ms-request-id": "b91d3898-e01e-0073-6279-78f6a0000000",
        "x-ms-request-server-encrypted": "true",
        "x-ms-version": "2022-11-02"
      },
      "ResponseBody": null
    },
    {
      "RequestUri": "https://REDACTED/54373bcb0encryptionscopea398590787e0e44dd20d46e/54373bcb2encryptionscopea3915703fd147ed78527460",
      "RequestMethod": "GET",
      "RequestHeaders": {
        "Accept": "application/xml",
        "Authorization": "Sanitized",
        "Content-Length": "0",
        "Date": "Wed, 26 Apr 2023 19:55:45 GMT",
        "User-Agent": "azsdk-java-azure-storage-blob/12.23.0-beta.1 azsdk-java-azure-storage-blob-cryptography/12.22.0-beta.1 (17.0.5; Windows 11; 10.0)",
        "x-ms-client-request-id": "947f71b0-1614-4299-99e1-6276e6be007e",
        "x-ms-version": "2022-11-02"
      },
      "RequestBody": null,
      "StatusCode": 200,
      "ResponseHeaders": {
        "Accept-Ranges": "bytes",
        "Content-Length": "16",
        "Content-MD5": "pgYowNSnoAc2S\u002BW02Vnv5g==",
        "Content-Type": "application/octet-stream",
        "Date": "Wed, 26 Apr 2023 19:55:45 GMT",
        "ETag": "\u00220x8DB46903993FDB0\u0022",
        "Last-Modified": "Wed, 26 Apr 2023 19:55:45 GMT",
        "Server": [
          "Windows-Azure-Blob/1.0",
          "Microsoft-HTTPAPI/2.0"
        ],
        "x-ms-blob-type": "BlockBlob",
        "x-ms-client-request-id": "947f71b0-1614-4299-99e1-6276e6be007e",
        "x-ms-creation-time": "Wed, 26 Apr 2023 19:55:45 GMT",
        "x-ms-encryption-scope": "testscope1",
        "x-ms-lease-state": "available",
        "x-ms-lease-status": "unlocked",
        "x-ms-meta-encryptiondata": "{\u0022EncryptionMode\u0022:\u0022FullBlob\u0022,\u0022WrappedContentKey\u0022:{\u0022KeyId\u0022:\u0022keyId\u0022,\u0022EncryptedKey\u0022:\u0022VB6XA7o2m9cQCrRNmB4bw2xolp86Y8XpkjJrXyShKOY=\u0022,\u0022Algorithm\u0022:\u0022RSA-OAEP-256\u0022},\u0022EncryptionAgent\u0022:{\u0022Protocol\u0022:\u00221.0\u0022,\u0022EncryptionAlgorithm\u0022:\u0022AES_CBC_256\u0022},\u0022ContentEncryptionIV\u0022:\u0022Vn21F3IjSxLo4tkvoPntzQ==\u0022,\u0022KeyWrappingMetadata\u0022:{\u0022EncryptionLibrary\u0022:\u0022JavaTrack212.23.0-beta.1\u0022}}",
        "x-ms-request-id": "b91d38c8-e01e-0073-1079-78f6a0000000",
        "x-ms-server-encrypted": "true",
        "x-ms-version": "2022-11-02"
      },
      "ResponseBody": "NNDy/SN8GMMEB5mYg8PeBg=="
    },
    {
      "RequestUri": "https://REDACTED/54373bcb0encryptionscopea398590787e0e44dd20d46e/54373bcb2encryptionscopea3915703fd147ed78527460",
      "RequestMethod": "HEAD",
      "RequestHeaders": {
        "Accept": "application/xml",
        "Authorization": "Sanitized",
        "Content-Length": "0",
        "Date": "Wed, 26 Apr 2023 19:55:45 GMT",
        "User-Agent": "azsdk-java-azure-storage-blob/12.23.0-beta.1 azsdk-java-azure-storage-blob-cryptography/12.22.0-beta.1 (17.0.5; Windows 11; 10.0)",
        "x-ms-client-request-id": "42e69102-48a4-45fe-88fb-0cd585ddbe93",
        "x-ms-version": "2022-11-02"
      },
      "RequestBody": null,
      "StatusCode": 200,
      "ResponseHeaders": {
        "Accept-Ranges": "bytes",
        "Content-Length": "16",
        "Content-MD5": "pgYowNSnoAc2S\u002BW02Vnv5g==",
        "Content-Type": "application/octet-stream",
        "Date": "Wed, 26 Apr 2023 19:55:45 GMT",
        "ETag": "\u00220x8DB46903993FDB0\u0022",
        "Last-Modified": "Wed, 26 Apr 2023 19:55:45 GMT",
        "Server": [
          "Windows-Azure-Blob/1.0",
          "Microsoft-HTTPAPI/2.0"
        ],
        "x-ms-access-tier": "Hot",
        "x-ms-access-tier-inferred": "true",
        "x-ms-blob-type": "BlockBlob",
        "x-ms-client-request-id": "42e69102-48a4-45fe-88fb-0cd585ddbe93",
        "x-ms-creation-time": "Wed, 26 Apr 2023 19:55:45 GMT",
        "x-ms-encryption-scope": "testscope1",
        "x-ms-lease-state": "available",
        "x-ms-lease-status": "unlocked",
        "x-ms-meta-encryptiondata": "{\u0022EncryptionMode\u0022:\u0022FullBlob\u0022,\u0022WrappedContentKey\u0022:{\u0022KeyId\u0022:\u0022keyId\u0022,\u0022EncryptedKey\u0022:\u0022VB6XA7o2m9cQCrRNmB4bw2xolp86Y8XpkjJrXyShKOY=\u0022,\u0022Algorithm\u0022:\u0022RSA-OAEP-256\u0022},\u0022EncryptionAgent\u0022:{\u0022Protocol\u0022:\u00221.0\u0022,\u0022EncryptionAlgorithm\u0022:\u0022AES_CBC_256\u0022},\u0022ContentEncryptionIV\u0022:\u0022Vn21F3IjSxLo4tkvoPntzQ==\u0022,\u0022KeyWrappingMetadata\u0022:{\u0022EncryptionLibrary\u0022:\u0022JavaTrack212.23.0-beta.1\u0022}}",
        "x-ms-request-id": "c48908dc-601e-0020-5879-78d594000000",
        "x-ms-server-encrypted": "true",
        "x-ms-version": "2022-11-02"
      },
      "ResponseBody": null
    }
  ],
  "Variables": {
    "0": "54373bcb0encryptionscopea398590787e0e44dd20d46e",
    "1": "54373bcb1encryptionscopea39198818b4f25c77bde4bf",
    "2": "54373bcb2encryptionscopea3915703fd147ed78527460"
  }
}
