{
  "Entries": [
    {
      "RequestUri": "https://REDACTED/a4bad4330encryptionuploadisoverwritefails08255100fadb77b?restype=container",
      "RequestMethod": "PUT",
      "RequestHeaders": {
        "Accept": "application/xml",
        "Authorization": "Sanitized",
        "Content-Length": "0",
        "Date": "Wed, 26 Apr 2023 19:16:27 GMT",
        "User-Agent": "azsdk-java-azure-storage-blob/12.23.0-beta.1 (17.0.5; Windows 11; 10.0)",
        "x-ms-client-request-id": "b46f1bcf-bb90-43fc-9db0-48f2bdddfd3a",
        "x-ms-version": "2022-11-02"
      },
      "RequestBody": null,
      "StatusCode": 201,
      "ResponseHeaders": {
        "Content-Length": "0",
        "Date": "Wed, 26 Apr 2023 19:16:27 GMT",
        "ETag": "\u00220x8DB468ABBE8770E\u0022",
        "Last-Modified": "Wed, 26 Apr 2023 19:16:27 GMT",
        "Server": [
          "Windows-Azure-Blob/1.0",
          "Microsoft-HTTPAPI/2.0"
        ],
        "x-ms-client-request-id": "b46f1bcf-bb90-43fc-9db0-48f2bdddfd3a",
        "x-ms-request-id": "ff5555ad-d01e-0047-6b73-78c568000000",
        "x-ms-version": "2022-11-02"
      },
      "ResponseBody": null
    },
    {
      "RequestUri": "https://REDACTED/a4bad4330encryptionuploadisoverwritefails08255100fadb77b/a4bad4333encryptionuploadisoverwritefails08243632680eec1",
      "RequestMethod": "HEAD",
      "RequestHeaders": {
        "Accept": "application/xml",
        "Authorization": "Sanitized",
        "Content-Length": "0",
        "Date": "Wed, 26 Apr 2023 19:16:27 GMT",
        "User-Agent": "azsdk-java-azure-storage-blob/12.23.0-beta.1 azsdk-java-azure-storage-blob-cryptography/12.22.0-beta.1 (17.0.5; Windows 11; 10.0)",
        "x-ms-client-request-id": "c9127bb9-e8b8-431b-90b3-3ba39be37fd1",
        "x-ms-version": "2022-11-02"
      },
      "RequestBody": null,
      "StatusCode": 404,
      "ResponseHeaders": {
        "Date": "Wed, 26 Apr 2023 19:16:26 GMT",
        "Server": [
          "Windows-Azure-Blob/1.0",
          "Microsoft-HTTPAPI/2.0"
        ],
        "Transfer-Encoding": "chunked",
        "x-ms-client-request-id": "c9127bb9-e8b8-431b-90b3-3ba39be37fd1",
        "x-ms-error-code": "BlobNotFound",
        "x-ms-request-id": "812dcf80-c01e-0064-7873-785fab000000",
        "x-ms-version": "2022-11-02"
      },
      "ResponseBody": null
    },
    {
      "RequestUri": "https://REDACTED/a4bad4330encryptionuploadisoverwritefails08255100fadb77b/a4bad4333encryptionuploadisoverwritefails08243632680eec1",
      "RequestMethod": "PUT",
      "RequestHeaders": {
        "Accept": "application/xml",
        "Authorization": "Sanitized",
        "Content-Length": "16",
        "Content-Type": "application/octet-stream",
        "Date": "Wed, 26 Apr 2023 19:16:27 GMT",
        "User-Agent": "azsdk-java-azure-storage-blob/12.23.0-beta.1 azsdk-java-azure-storage-blob-cryptography/12.22.0-beta.1 (17.0.5; Windows 11; 10.0)",
        "x-ms-blob-type": "BlockBlob",
        "x-ms-client-request-id": "417b6998-7fed-4734-870e-c81126f45a9a",
        "x-ms-meta-encryptiondata": "{\u0022EncryptionMode\u0022:\u0022FullBlob\u0022,\u0022WrappedContentKey\u0022:{\u0022KeyId\u0022:\u0022keyId\u0022,\u0022EncryptedKey\u0022:\u0022d15GOBv11OAExLzXpHeW\u002BnamUEdpfOLcooBy/NnDqgs=\u0022,\u0022Algorithm\u0022:\u0022RSA-OAEP-256\u0022},\u0022EncryptionAgent\u0022:{\u0022Protocol\u0022:\u00221.0\u0022,\u0022EncryptionAlgorithm\u0022:\u0022AES_CBC_256\u0022},\u0022ContentEncryptionIV\u0022:\u0022aFHtDhGdWOxk0pLazRiJYw==\u0022,\u0022KeyWrappingMetadata\u0022:{\u0022EncryptionLibrary\u0022:\u0022JavaTrack212.23.0-beta.1\u0022}}",
        "x-ms-version": "2022-11-02"
      },
      "RequestBody": "EN7KoDugS71kWFt4fZu1Ow==",
      "StatusCode": 201,
      "ResponseHeaders": {
        "Content-Length": "0",
        "Content-MD5": "vJ6n7UqO5TQ2RYltyvz2OQ==",
        "Date": "Wed, 26 Apr 2023 19:16:27 GMT",
        "ETag": "\u00220x8DB468ABBF0EC34\u0022",
        "Last-Modified": "Wed, 26 Apr 2023 19:16:27 GMT",
        "Server": [
          "Windows-Azure-Blob/1.0",
          "Microsoft-HTTPAPI/2.0"
        ],
        "x-ms-client-request-id": "417b6998-7fed-4734-870e-c81126f45a9a",
        "x-ms-content-crc64": "rFTu6t/5Zr8=",
        "x-ms-request-id": "6efa31f5-c01e-0074-1c73-789ac3000000",
        "x-ms-request-server-encrypted": "true",
        "x-ms-version": "2022-11-02"
      },
      "ResponseBody": null
    },
    {
      "RequestUri": "https://REDACTED/a4bad4330encryptionuploadisoverwritefails08255100fadb77b/a4bad4333encryptionuploadisoverwritefails08243632680eec1",
      "RequestMethod": "PUT",
      "RequestHeaders": {
        "Accept": "application/xml",
        "Authorization": "Sanitized",
        "Content-Length": "16",
        "Content-Type": "application/octet-stream",
        "Date": "Wed, 26 Apr 2023 19:16:27 GMT",
        "If-None-Match": "*",
        "User-Agent": "azsdk-java-azure-storage-blob/12.23.0-beta.1 azsdk-java-azure-storage-blob-cryptography/12.22.0-beta.1 (17.0.5; Windows 11; 10.0)",
        "x-ms-blob-type": "BlockBlob",
        "x-ms-client-request-id": "911eb9fc-ff47-4586-b3dd-47245a77ca30",
        "x-ms-meta-encryptiondata": "{\u0022EncryptionMode\u0022:\u0022FullBlob\u0022,\u0022WrappedContentKey\u0022:{\u0022KeyId\u0022:\u0022keyId\u0022,\u0022EncryptedKey\u0022:\u0022EXz2Z5ecSJ9/8VurScR6TUFWYKqSCVBCMFOGD4c2A9E=\u0022,\u0022Algorithm\u0022:\u0022RSA-OAEP-256\u0022},\u0022EncryptionAgent\u0022:{\u0022Protocol\u0022:\u00221.0\u0022,\u0022EncryptionAlgorithm\u0022:\u0022AES_CBC_256\u0022},\u0022ContentEncryptionIV\u0022:\u0022nOgGIf3V6eAdV9L8I/iq5w==\u0022,\u0022KeyWrappingMetadata\u0022:{\u0022EncryptionLibrary\u0022:\u0022JavaTrack212.23.0-beta.1\u0022}}",
        "x-ms-version": "2022-11-02"
      },
      "RequestBody": "uxWtx1td7Wf5GCO00NOY6w==",
      "StatusCode": 409,
      "ResponseHeaders": {
        "Content-Length": "220",
        "Content-Type": "application/xml",
        "Date": "Wed, 26 Apr 2023 19:16:27 GMT",
        "Server": [
          "Windows-Azure-Blob/1.0",
          "Microsoft-HTTPAPI/2.0"
        ],
        "x-ms-client-request-id": "911eb9fc-ff47-4586-b3dd-47245a77ca30",
        "x-ms-error-code": "BlobAlreadyExists",
        "x-ms-request-id": "ab14a088-801e-0075-5a73-78c51f000000",
        "x-ms-version": "2022-11-02"
      },
      "ResponseBody": [
        "\uFEFF\u003C?xml version=\u00221.0\u0022 encoding=\u0022utf-8\u0022?\u003E\u003CError\u003E\u003CCode\u003EBlobAlreadyExists\u003C/Code\u003E\u003CMessage\u003EThe specified blob already exists.\n",
        "RequestId:ab14a088-801e-0075-5a73-78c51f000000\n",
        "Time:2023-04-26T19:16:27.6249633Z\u003C/Message\u003E\u003C/Error\u003E"
      ]
    }
  ],
  "Variables": {
    "0": "a4bad4330encryptionuploadisoverwritefails08255100fadb77b",
    "1": "a4bad4331encryptionuploadisoverwritefails0825992946caa6e",
    "2": "a4bad4332encryptionuploadisoverwritefails0829559937b4e2a",
    "3": "a4bad4333encryptionuploadisoverwritefails08243632680eec1"
  }
}
