{
  "Entries": [
    {
      "RequestUri": "https://REDACTED/fa4f04690encryptionfdf008513e5bf7bea5a74ab3bc?restype=container",
      "RequestMethod": "PUT",
      "RequestHeaders": {
        "Accept": "application/xml",
        "Authorization": "Sanitized",
        "Content-Length": "0",
        "Date": "Wed, 26 Apr 2023 15:52:11 GMT",
        "User-Agent": "azsdk-java-azure-storage-blob/12.23.0-beta.1 (17.0.5; Windows 11; 10.0)",
        "x-ms-client-request-id": "ae3eb6d2-ea2a-4822-b3af-9ea646bf1fd5",
        "x-ms-version": "2022-11-02"
      },
      "RequestBody": null,
      "StatusCode": 201,
      "ResponseHeaders": {
        "Content-Length": "0",
        "Date": "Wed, 26 Apr 2023 15:52:11 GMT",
        "ETag": "\u00220x8DB466E32F97656\u0022",
        "Last-Modified": "Wed, 26 Apr 2023 15:52:11 GMT",
        "Server": [
          "Windows-Azure-Blob/1.0",
          "Microsoft-HTTPAPI/2.0"
        ],
        "x-ms-client-request-id": "ae3eb6d2-ea2a-4822-b3af-9ea646bf1fd5",
        "x-ms-request-id": "f6264056-601e-0030-3d57-7810fc000000",
        "x-ms-version": "2022-11-02"
      },
      "ResponseBody": null
    },
    {
      "RequestUri": "https://REDACTED/fa4f04690encryptionfdf008513e5bf7bea5a74ab3bc/fa4f04693encryptionfdf45455e2dee494aa0b4d32b4",
      "RequestMethod": "HEAD",
      "RequestHeaders": {
        "Accept": "application/xml",
        "Authorization": "Sanitized",
        "Content-Length": "0",
        "Date": "Wed, 26 Apr 2023 15:52:11 GMT",
        "User-Agent": "azsdk-java-azure-storage-blob/12.23.0-beta.1 azsdk-java-azure-storage-blob-cryptography/12.22.0-beta.1 (17.0.5; Windows 11; 10.0)",
        "x-ms-client-request-id": "be76b523-e7b1-440d-830f-036324016b1f",
        "x-ms-version": "2022-11-02"
      },
      "RequestBody": null,
      "StatusCode": 404,
      "ResponseHeaders": {
        "Date": "Wed, 26 Apr 2023 15:52:11 GMT",
        "Server": [
          "Windows-Azure-Blob/1.0",
          "Microsoft-HTTPAPI/2.0"
        ],
        "Transfer-Encoding": "chunked",
        "x-ms-client-request-id": "be76b523-e7b1-440d-830f-036324016b1f",
        "x-ms-error-code": "BlobNotFound",
        "x-ms-request-id": "7c47b7ae-b01e-001c-2657-78fc53000000",
        "x-ms-version": "2022-11-02"
      },
      "ResponseBody": null
    },
    {
      "RequestUri": "https://REDACTED/fa4f04690encryptionfdf008513e5bf7bea5a74ab3bc/fa4f04693encryptionfdf45455e2dee494aa0b4d32b4",
      "RequestMethod": "PUT",
      "RequestHeaders": {
        "Accept": "application/xml",
        "Authorization": "Sanitized",
        "Content-Length": "16",
        "Content-Type": "application/octet-stream",
        "Date": "Wed, 26 Apr 2023 15:52:11 GMT",
        "User-Agent": "azsdk-java-azure-storage-blob/12.23.0-beta.1 azsdk-java-azure-storage-blob-cryptography/12.22.0-beta.1 (17.0.5; Windows 11; 10.0)",
        "x-ms-blob-type": "BlockBlob",
        "x-ms-client-request-id": "29233369-6c4b-4d28-8ed6-f329ff255c66",
        "x-ms-meta-encryptiondata": "{\u0022EncryptionMode\u0022:\u0022FullBlob\u0022,\u0022WrappedContentKey\u0022:{\u0022KeyId\u0022:\u0022keyId\u0022,\u0022EncryptedKey\u0022:\u0022PYXFzO/UR6DV0kchx\u002B/aZBbKIjUcsDMm4l87jdILP/4=\u0022,\u0022Algorithm\u0022:\u0022RSA-OAEP-256\u0022},\u0022EncryptionAgent\u0022:{\u0022Protocol\u0022:\u00221.0\u0022,\u0022EncryptionAlgorithm\u0022:\u0022AES_CBC_256\u0022},\u0022ContentEncryptionIV\u0022:\u0022lmyl/eKXqijOckclJkfCog==\u0022,\u0022KeyWrappingMetadata\u0022:{\u0022EncryptionLibrary\u0022:\u0022JavaTrack212.23.0-beta.1\u0022}}",
        "x-ms-version": "2022-11-02"
      },
      "RequestBody": "oQcO529whJ5EjuJi6I30JA==",
      "StatusCode": 201,
      "ResponseHeaders": {
        "Content-Length": "0",
        "Content-MD5": "OxYoeQxMr\u002BJUZXdBY1cLGg==",
        "Date": "Wed, 26 Apr 2023 15:52:11 GMT",
        "ETag": "\u00220x8DB466E32FF8F35\u0022",
        "Last-Modified": "Wed, 26 Apr 2023 15:52:11 GMT",
        "Server": [
          "Windows-Azure-Blob/1.0",
          "Microsoft-HTTPAPI/2.0"
        ],
        "x-ms-client-request-id": "29233369-6c4b-4d28-8ed6-f329ff255c66",
        "x-ms-content-crc64": "NuI9EZb2U\u002BQ=",
        "x-ms-request-id": "7c47b7ba-b01e-001c-3157-78fc53000000",
        "x-ms-request-server-encrypted": "true",
        "x-ms-version": "2022-11-02"
      },
      "ResponseBody": null
    },
    {
      "RequestUri": "https://REDACTED/fa4f04690encryptionfdf008513e5bf7bea5a74ab3bc/fa4f04691encryptionfdf46499cb822697d551472f90",
      "RequestMethod": "HEAD",
      "RequestHeaders": {
        "Accept": "application/xml",
        "Authorization": "Sanitized",
        "Content-Length": "0",
        "Date": "Wed, 26 Apr 2023 15:52:11 GMT",
        "User-Agent": "azsdk-java-azure-storage-blob/12.23.0-beta.1 azsdk-java-azure-storage-blob-cryptography/12.22.0-beta.1 (17.0.5; Windows 11; 10.0)",
        "x-ms-client-request-id": "27861e42-10a4-463b-b622-6aa11d5e67c8",
        "x-ms-version": "2022-11-02"
      },
      "RequestBody": null,
      "StatusCode": 404,
      "ResponseHeaders": {
        "Date": "Wed, 26 Apr 2023 15:52:11 GMT",
        "Server": [
          "Windows-Azure-Blob/1.0",
          "Microsoft-HTTPAPI/2.0"
        ],
        "Transfer-Encoding": "chunked",
        "x-ms-client-request-id": "27861e42-10a4-463b-b622-6aa11d5e67c8",
        "x-ms-error-code": "BlobNotFound",
        "x-ms-request-id": "7c47b7c7-b01e-001c-3e57-78fc53000000",
        "x-ms-version": "2022-11-02"
      },
      "ResponseBody": null
    },
    {
      "RequestUri": "https://REDACTED/fa4f04690encryptionfdf008513e5bf7bea5a74ab3bc/fa4f04691encryptionfdf46499cb822697d551472f90",
      "RequestMethod": "PUT",
      "RequestHeaders": {
        "Accept": "application/xml",
        "Authorization": "Sanitized",
        "Content-Length": "32",
        "Content-Type": "application/octet-stream",
        "Date": "Wed, 26 Apr 2023 15:52:11 GMT",
        "User-Agent": "azsdk-java-azure-storage-blob/12.23.0-beta.1 azsdk-java-azure-storage-blob-cryptography/12.22.0-beta.1 (17.0.5; Windows 11; 10.0)",
        "x-ms-blob-type": "BlockBlob",
        "x-ms-client-request-id": "55bf64c0-88de-41eb-a093-d041e2dc2579",
        "x-ms-meta-encryptiondata": "{\u0022EncryptionMode\u0022:\u0022FullBlob\u0022,\u0022WrappedContentKey\u0022:{\u0022KeyId\u0022:\u0022keyId\u0022,\u0022EncryptedKey\u0022:\u0022V9wqYQuxgkASxdNtExy5QqzaW7gnyL43l9jsmwQlt9U=\u0022,\u0022Algorithm\u0022:\u0022RSA-OAEP-256\u0022},\u0022EncryptionAgent\u0022:{\u0022Protocol\u0022:\u00221.0\u0022,\u0022EncryptionAlgorithm\u0022:\u0022AES_CBC_256\u0022},\u0022ContentEncryptionIV\u0022:\u0022i8fDLGM5rDHWnk5nSPrVsw==\u0022,\u0022KeyWrappingMetadata\u0022:{\u0022EncryptionLibrary\u0022:\u0022JavaTrack212.23.0-beta.1\u0022}}",
        "x-ms-version": "2022-11-02"
      },
      "RequestBody": "ZHt8UE/nMEZnRWFQPF15D0ylX1eKWLD9S9fHvvi06Wg=",
      "StatusCode": 201,
      "ResponseHeaders": {
        "Content-Length": "0",
        "Content-MD5": "tBK12HPFY3kOxPQom5Gs8A==",
        "Date": "Wed, 26 Apr 2023 15:52:11 GMT",
        "ETag": "\u00220x8DB466E33064502\u0022",
        "Last-Modified": "Wed, 26 Apr 2023 15:52:11 GMT",
        "Server": [
          "Windows-Azure-Blob/1.0",
          "Microsoft-HTTPAPI/2.0"
        ],
        "x-ms-client-request-id": "55bf64c0-88de-41eb-a093-d041e2dc2579",
        "x-ms-content-crc64": "igCjxEPoOuY=",
        "x-ms-request-id": "0af37a30-801e-004a-1557-780dbc000000",
        "x-ms-request-server-encrypted": "true",
        "x-ms-version": "2022-11-02"
      },
      "ResponseBody": null
    },
    {
      "RequestUri": "https://REDACTED/fa4f04690encryptionfdf008513e5bf7bea5a74ab3bc/fa4f04691encryptionfdf46499cb822697d551472f90",
      "RequestMethod": "GET",
      "RequestHeaders": {
        "Accept": "application/xml",
        "Authorization": "Sanitized",
        "Content-Length": "0",
        "Date": "Wed, 26 Apr 2023 15:52:11 GMT",
        "User-Agent": "azsdk-java-azure-storage-blob/12.23.0-beta.1 azsdk-java-azure-storage-blob-cryptography/12.22.0-beta.1 (17.0.5; Windows 11; 10.0)",
        "x-ms-client-request-id": "60d7ffbd-00f3-4fad-b2c2-a6269ca4cd58",
        "x-ms-version": "2022-11-02"
      },
      "RequestBody": null,
      "StatusCode": 200,
      "ResponseHeaders": {
        "Accept-Ranges": "bytes",
        "Content-Length": "32",
        "Content-MD5": "tBK12HPFY3kOxPQom5Gs8A==",
        "Content-Type": "application/octet-stream",
        "Date": "Wed, 26 Apr 2023 15:52:11 GMT",
        "ETag": "\u00220x8DB466E33064502\u0022",
        "Last-Modified": "Wed, 26 Apr 2023 15:52:11 GMT",
        "Server": [
          "Windows-Azure-Blob/1.0",
          "Microsoft-HTTPAPI/2.0"
        ],
        "x-ms-blob-type": "BlockBlob",
        "x-ms-client-request-id": "60d7ffbd-00f3-4fad-b2c2-a6269ca4cd58",
        "x-ms-creation-time": "Wed, 26 Apr 2023 15:52:11 GMT",
        "x-ms-lease-state": "available",
        "x-ms-lease-status": "unlocked",
        "x-ms-meta-encryptiondata": "{\u0022EncryptionMode\u0022:\u0022FullBlob\u0022,\u0022WrappedContentKey\u0022:{\u0022KeyId\u0022:\u0022keyId\u0022,\u0022EncryptedKey\u0022:\u0022V9wqYQuxgkASxdNtExy5QqzaW7gnyL43l9jsmwQlt9U=\u0022,\u0022Algorithm\u0022:\u0022RSA-OAEP-256\u0022},\u0022EncryptionAgent\u0022:{\u0022Protocol\u0022:\u00221.0\u0022,\u0022EncryptionAlgorithm\u0022:\u0022AES_CBC_256\u0022},\u0022ContentEncryptionIV\u0022:\u0022i8fDLGM5rDHWnk5nSPrVsw==\u0022,\u0022KeyWrappingMetadata\u0022:{\u0022EncryptionLibrary\u0022:\u0022JavaTrack212.23.0-beta.1\u0022}}",
        "x-ms-request-id": "0af37a39-801e-004a-1d57-780dbc000000",
        "x-ms-server-encrypted": "true",
        "x-ms-version": "2022-11-02"
      },
      "ResponseBody": "ZHt8UE/nMEZnRWFQPF15D0ylX1eKWLD9S9fHvvi06Wg="
    }
  ],
  "Variables": {
    "0": "fa4f04690encryptionfdf008513e5bf7bea5a74ab3bc",
    "1": "fa4f04691encryptionfdf46499cb822697d551472f90",
    "2": "fa4f04692encryptionfdf4044936a40d4a0088464eb6",
    "3": "fa4f04693encryptionfdf45455e2dee494aa0b4d32b4",
    "4": "445bd577-c64e-4aa1-ba41-9a521e815607"
  }
}
