{
  "Entries": [
    {
      "RequestUri": "https://REDACTED/afa22dc10encrypteddownloadfile573188143ba4fbfab2a7?restype=container",
      "RequestMethod": "PUT",
      "RequestHeaders": {
        "Accept": "application/xml",
        "Authorization": "Sanitized",
        "Content-Length": "0",
        "Date": "Tue, 25 Apr 2023 21:24:32 GMT",
        "User-Agent": "azsdk-java-azure-storage-blob/12.23.0-beta.1 (17.0.5; Windows 11; 10.0)",
        "x-ms-client-request-id": "c95ad559-29d0-4add-b917-f4910cdb5352",
        "x-ms-version": "2022-11-02"
      },
      "RequestBody": null,
      "StatusCode": 201,
      "ResponseHeaders": {
        "Content-Length": "0",
        "Date": "Tue, 25 Apr 2023 21:24:31 GMT",
        "ETag": "\u00220x8DB45D375A0E8CF\u0022",
        "Last-Modified": "Tue, 25 Apr 2023 21:24:31 GMT",
        "Server": [
          "Windows-Azure-Blob/1.0",
          "Microsoft-HTTPAPI/2.0"
        ],
        "x-ms-client-request-id": "c95ad559-29d0-4add-b917-f4910cdb5352",
        "x-ms-request-id": "53149047-401e-0045-66bc-777bd0000000",
        "x-ms-version": "2022-11-02"
      },
      "ResponseBody": null
    },
    {
      "RequestUri": "https://REDACTED/afa22dc10encrypteddownloadfile573188143ba4fbfab2a7/afa22dc13encrypteddownloadfile57391999d771b51bfd77",
      "RequestMethod": "HEAD",
      "RequestHeaders": {
        "Accept": "application/xml",
        "Authorization": "Sanitized",
        "Content-Length": "0",
        "Date": "Tue, 25 Apr 2023 21:24:32 GMT",
        "User-Agent": "azsdk-java-azure-storage-blob/12.23.0-beta.1 azsdk-java-azure-storage-blob-cryptography/12.22.0-beta.1 (17.0.5; Windows 11; 10.0)",
        "x-ms-client-request-id": "c44bcc2a-7439-449d-b6d9-003b3803e04a",
        "x-ms-version": "2022-11-02"
      },
      "RequestBody": null,
      "StatusCode": 404,
      "ResponseHeaders": {
        "Date": "Tue, 25 Apr 2023 21:24:31 GMT",
        "Server": [
          "Windows-Azure-Blob/1.0",
          "Microsoft-HTTPAPI/2.0"
        ],
        "Transfer-Encoding": "chunked",
        "x-ms-client-request-id": "c44bcc2a-7439-449d-b6d9-003b3803e04a",
        "x-ms-error-code": "BlobNotFound",
        "x-ms-request-id": "072c8a72-b01e-0041-59bc-77f6d7000000",
        "x-ms-version": "2022-11-02"
      },
      "ResponseBody": null
    },
    {
      "RequestUri": "https://REDACTED/afa22dc10encrypteddownloadfile573188143ba4fbfab2a7/afa22dc13encrypteddownloadfile57391999d771b51bfd77",
      "RequestMethod": "PUT",
      "RequestHeaders": {
        "Accept": "application/xml",
        "Authorization": "Sanitized",
        "Content-Length": "16",
        "Content-Type": "application/octet-stream",
        "Date": "Tue, 25 Apr 2023 21:24:32 GMT",
        "User-Agent": "azsdk-java-azure-storage-blob/12.23.0-beta.1 azsdk-java-azure-storage-blob-cryptography/12.22.0-beta.1 (17.0.5; Windows 11; 10.0)",
        "x-ms-blob-type": "BlockBlob",
        "x-ms-client-request-id": "c71a26cd-4225-42ad-b1c7-d5337da549b0",
        "x-ms-meta-encryptiondata": "{\u0022EncryptionMode\u0022:\u0022FullBlob\u0022,\u0022WrappedContentKey\u0022:{\u0022KeyId\u0022:\u0022keyId\u0022,\u0022EncryptedKey\u0022:\u0022VOVHqYcVG0\u002ByKbkMFQmhbaf7yPjv\u002BpaNLX5iDBlD4\u002Bo=\u0022,\u0022Algorithm\u0022:\u0022RSA-OAEP-256\u0022},\u0022EncryptionAgent\u0022:{\u0022Protocol\u0022:\u00221.0\u0022,\u0022EncryptionAlgorithm\u0022:\u0022AES_CBC_256\u0022},\u0022ContentEncryptionIV\u0022:\u0022hQXU57\u002BcCja/rabfS9msuA==\u0022,\u0022KeyWrappingMetadata\u0022:{\u0022EncryptionLibrary\u0022:\u0022JavaTrack212.23.0-beta.1\u0022}}",
        "x-ms-version": "2022-11-02"
      },
      "RequestBody": "7OzaZYf27c56BDHZEuOgEQ==",
      "StatusCode": 201,
      "ResponseHeaders": {
        "Content-Length": "0",
        "Content-MD5": "0khYrZfhKiNCEVAXMe2Ssg==",
        "Date": "Tue, 25 Apr 2023 21:24:31 GMT",
        "ETag": "\u00220x8DB45D375ACA06A\u0022",
        "Last-Modified": "Tue, 25 Apr 2023 21:24:31 GMT",
        "Server": [
          "Windows-Azure-Blob/1.0",
          "Microsoft-HTTPAPI/2.0"
        ],
        "x-ms-client-request-id": "c71a26cd-4225-42ad-b1c7-d5337da549b0",
        "x-ms-content-crc64": "iRb3GDQlqZE=",
        "x-ms-request-id": "60b5b766-101e-0083-48bc-77b051000000",
        "x-ms-request-server-encrypted": "true",
        "x-ms-version": "2022-11-02"
      },
      "ResponseBody": null
    },
    {
      "RequestUri": "https://REDACTED/afa22dc10encrypteddownloadfile573188143ba4fbfab2a7/afa22dc14encrypteddownloadfile573077957d2d7908c5ad",
      "RequestMethod": "HEAD",
      "RequestHeaders": {
        "Accept": "application/xml",
        "Authorization": "Sanitized",
        "Content-Length": "0",
        "Date": "Tue, 25 Apr 2023 21:24:32 GMT",
        "User-Agent": "azsdk-java-azure-storage-blob/12.23.0-beta.1 azsdk-java-azure-storage-blob-cryptography/12.22.0-beta.1 (17.0.5; Windows 11; 10.0)",
        "x-ms-client-request-id": "abdfb2df-5658-44b3-82f0-4d7adde8f1a5",
        "x-ms-version": "2022-11-02"
      },
      "RequestBody": null,
      "StatusCode": 404,
      "ResponseHeaders": {
        "Date": "Tue, 25 Apr 2023 21:24:31 GMT",
        "Server": [
          "Windows-Azure-Blob/1.0",
          "Microsoft-HTTPAPI/2.0"
        ],
        "Transfer-Encoding": "chunked",
        "x-ms-client-request-id": "abdfb2df-5658-44b3-82f0-4d7adde8f1a5",
        "x-ms-error-code": "BlobNotFound",
        "x-ms-request-id": "4c199216-f01e-000d-5cbc-7766e7000000",
        "x-ms-version": "2022-11-02"
      },
      "ResponseBody": null
    },
    {
      "RequestUri": "https://REDACTED/afa22dc10encrypteddownloadfile573188143ba4fbfab2a7/afa22dc14encrypteddownloadfile573077957d2d7908c5ad",
      "RequestMethod": "PUT",
      "RequestHeaders": {
        "Accept": "application/xml",
        "Authorization": "Sanitized",
        "Content-Length": "35",
        "Content-Type": "application/octet-stream",
        "Date": "Tue, 25 Apr 2023 21:24:32 GMT",
        "User-Agent": "azsdk-java-azure-storage-blob/12.23.0-beta.1 azsdk-java-azure-storage-blob-cryptography/12.22.0-beta.1 (17.0.5; Windows 11; 10.0)",
        "x-ms-blob-type": "BlockBlob",
        "x-ms-client-request-id": "d779fc49-5352-4f62-9404-6cefe0b75721",
        "x-ms-meta-encryptiondata": "{\u0022EncryptionMode\u0022:\u0022FullBlob\u0022,\u0022WrappedContentKey\u0022:{\u0022KeyId\u0022:\u0022keyId\u0022,\u0022EncryptedKey\u0022:\u0022Qk9Dc3dvcmTEKAWIhCWRlhVwEDqSQ2vnsYFzCdEcZT7h/Xqn0z/Y6w==\u0022,\u0022Algorithm\u0022:\u0022RSA-OAEP-256\u0022},\u0022EncryptionAgent\u0022:{\u0022Protocol\u0022:\u00222.0\u0022,\u0022EncryptionAlgorithm\u0022:\u0022AES_GCM_256\u0022},\u0022EncryptedRegionInfo\u0022:{\u0022DataLength\u0022:4194304,\u0022NonceLength\u0022:12},\u0022KeyWrappingMetadata\u0022:{\u0022EncryptionLibrary\u0022:\u0022JavaTrack212.23.0-beta.1\u0022}}",
        "x-ms-version": "2022-11-02"
      },
      "RequestBody": "AAAAAAAAAAAAAAAAO7VFmyh4PIT4k/QLnEAWP2RjPg9BwTk=",
      "StatusCode": 201,
      "ResponseHeaders": {
        "Content-Length": "0",
        "Content-MD5": "AVwhhKccRtlv4hPKiyLM8w==",
        "Date": "Tue, 25 Apr 2023 21:24:31 GMT",
        "ETag": "\u00220x8DB45D375B3F253\u0022",
        "Last-Modified": "Tue, 25 Apr 2023 21:24:31 GMT",
        "Server": [
          "Windows-Azure-Blob/1.0",
          "Microsoft-HTTPAPI/2.0"
        ],
        "x-ms-client-request-id": "d779fc49-5352-4f62-9404-6cefe0b75721",
        "x-ms-content-crc64": "l0A85k/BtRg=",
        "x-ms-request-id": "7620bad7-c01e-0029-62bc-779047000000",
        "x-ms-request-server-encrypted": "true",
        "x-ms-version": "2022-11-02"
      },
      "ResponseBody": null
    },
    {
      "RequestUri": "https://REDACTED/afa22dc10encrypteddownloadfile573188143ba4fbfab2a7/afa22dc14encrypteddownloadfile573077957d2d7908c5ad",
      "RequestMethod": "HEAD",
      "RequestHeaders": {
        "Accept": "application/xml",
        "Authorization": "Sanitized",
        "Content-Length": "0",
        "Date": "Tue, 25 Apr 2023 21:24:32 GMT",
        "User-Agent": "azsdk-java-azure-storage-blob/12.23.0-beta.1 azsdk-java-azure-storage-blob-cryptography/12.22.0-beta.1 (17.0.5; Windows 11; 10.0)",
        "x-ms-client-request-id": "083552a0-8904-4995-9420-5e9a3f7aa117",
        "x-ms-version": "2022-11-02"
      },
      "RequestBody": null,
      "StatusCode": 200,
      "ResponseHeaders": {
        "Accept-Ranges": "bytes",
        "Content-Length": "35",
        "Content-MD5": "AVwhhKccRtlv4hPKiyLM8w==",
        "Content-Type": "application/octet-stream",
        "Date": "Tue, 25 Apr 2023 21:24:31 GMT",
        "ETag": "\u00220x8DB45D375B3F253\u0022",
        "Last-Modified": "Tue, 25 Apr 2023 21:24:31 GMT",
        "Server": [
          "Windows-Azure-Blob/1.0",
          "Microsoft-HTTPAPI/2.0"
        ],
        "x-ms-access-tier": "Hot",
        "x-ms-access-tier-inferred": "true",
        "x-ms-blob-type": "BlockBlob",
        "x-ms-client-request-id": "083552a0-8904-4995-9420-5e9a3f7aa117",
        "x-ms-creation-time": "Tue, 25 Apr 2023 21:24:31 GMT",
        "x-ms-lease-state": "available",
        "x-ms-lease-status": "unlocked",
        "x-ms-meta-encryptiondata": "{\u0022EncryptionMode\u0022:\u0022FullBlob\u0022,\u0022WrappedContentKey\u0022:{\u0022KeyId\u0022:\u0022keyId\u0022,\u0022EncryptedKey\u0022:\u0022Qk9Dc3dvcmTEKAWIhCWRlhVwEDqSQ2vnsYFzCdEcZT7h/Xqn0z/Y6w==\u0022,\u0022Algorithm\u0022:\u0022RSA-OAEP-256\u0022},\u0022EncryptionAgent\u0022:{\u0022Protocol\u0022:\u00222.0\u0022,\u0022EncryptionAlgorithm\u0022:\u0022AES_GCM_256\u0022},\u0022EncryptedRegionInfo\u0022:{\u0022DataLength\u0022:4194304,\u0022NonceLength\u0022:12},\u0022KeyWrappingMetadata\u0022:{\u0022EncryptionLibrary\u0022:\u0022JavaTrack212.23.0-beta.1\u0022}}",
        "x-ms-request-id": "5314908e-401e-0045-1ebc-777bd0000000",
        "x-ms-server-encrypted": "true",
        "x-ms-version": "2022-11-02"
      },
      "ResponseBody": null
    },
    {
      "RequestUri": "https://REDACTED/afa22dc10encrypteddownloadfile573188143ba4fbfab2a7/afa22dc14encrypteddownloadfile573077957d2d7908c5ad",
      "RequestMethod": "GET",
      "RequestHeaders": {
        "Accept": "application/xml",
        "Authorization": "Sanitized",
        "Content-Length": "0",
        "Date": "Tue, 25 Apr 2023 21:24:32 GMT",
        "If-Match": "0x8DB45D375B3F253",
        "User-Agent": "azsdk-java-azure-storage-blob/12.23.0-beta.1 azsdk-java-azure-storage-blob-cryptography/12.22.0-beta.1 (17.0.5; Windows 11; 10.0)",
        "x-ms-client-request-id": "3aa6318c-5070-409d-bc52-c10b4210dbd3",
        "x-ms-range": "bytes=0-4194331",
        "x-ms-version": "2022-11-02"
      },
      "RequestBody": null,
      "StatusCode": 206,
      "ResponseHeaders": {
        "Accept-Ranges": "bytes",
        "Content-Length": "35",
        "Content-Range": "bytes 0-34/35",
        "Content-Type": "application/octet-stream",
        "Date": "Tue, 25 Apr 2023 21:24:31 GMT",
        "ETag": "\u00220x8DB45D375B3F253\u0022",
        "Last-Modified": "Tue, 25 Apr 2023 21:24:31 GMT",
        "Server": [
          "Windows-Azure-Blob/1.0",
          "Microsoft-HTTPAPI/2.0"
        ],
        "x-ms-blob-content-md5": "AVwhhKccRtlv4hPKiyLM8w==",
        "x-ms-blob-type": "BlockBlob",
        "x-ms-client-request-id": "3aa6318c-5070-409d-bc52-c10b4210dbd3",
        "x-ms-creation-time": "Tue, 25 Apr 2023 21:24:31 GMT",
        "x-ms-lease-state": "available",
        "x-ms-lease-status": "unlocked",
        "x-ms-meta-encryptiondata": "{\u0022EncryptionMode\u0022:\u0022FullBlob\u0022,\u0022WrappedContentKey\u0022:{\u0022KeyId\u0022:\u0022keyId\u0022,\u0022EncryptedKey\u0022:\u0022Qk9Dc3dvcmTEKAWIhCWRlhVwEDqSQ2vnsYFzCdEcZT7h/Xqn0z/Y6w==\u0022,\u0022Algorithm\u0022:\u0022RSA-OAEP-256\u0022},\u0022EncryptionAgent\u0022:{\u0022Protocol\u0022:\u00222.0\u0022,\u0022EncryptionAlgorithm\u0022:\u0022AES_GCM_256\u0022},\u0022EncryptedRegionInfo\u0022:{\u0022DataLength\u0022:4194304,\u0022NonceLength\u0022:12},\u0022KeyWrappingMetadata\u0022:{\u0022EncryptionLibrary\u0022:\u0022JavaTrack212.23.0-beta.1\u0022}}",
        "x-ms-request-id": "30cf3232-901e-0056-5dbc-775fdc000000",
        "x-ms-server-encrypted": "true",
        "x-ms-version": "2022-11-02"
      },
      "ResponseBody": "AAAAAAAAAAAAAAAAO7VFmyh4PIT4k/QLnEAWP2RjPg9BwTk="
    }
  ],
  "Variables": {
    "0": "afa22dc10encrypteddownloadfile573188143ba4fbfab2a7",
    "1": "afa22dc11encrypteddownloadfile57332107d2622d47d20c",
    "2": "afa22dc12encrypteddownloadfile57326257d67afb98fd81",
    "3": "afa22dc13encrypteddownloadfile57391999d771b51bfd77",
    "4": "afa22dc14encrypteddownloadfile573077957d2d7908c5ad"
  }
}
