{
  "Entries": [
    {
      "RequestUri": "https://REDACTED/afa22dc10encrypteddownloadfile2333331684d64fe688e0?restype=container",
      "RequestMethod": "PUT",
      "RequestHeaders": {
        "Accept": "application/xml",
        "Authorization": "Sanitized",
        "Content-Length": "0",
        "Date": "Wed, 26 Apr 2023 19:55:46 GMT",
        "User-Agent": "azsdk-java-azure-storage-blob/12.23.0-beta.1 (17.0.5; Windows 11; 10.0)",
        "x-ms-client-request-id": "32193a95-af44-4a7d-a127-6a9c5ab8d429",
        "x-ms-version": "2022-11-02"
      },
      "RequestBody": null,
      "StatusCode": 201,
      "ResponseHeaders": {
        "Content-Length": "0",
        "Date": "Wed, 26 Apr 2023 19:55:46 GMT",
        "ETag": "\u00220x8DB469039C56921\u0022",
        "Last-Modified": "Wed, 26 Apr 2023 19:55:46 GMT",
        "Server": [
          "Windows-Azure-Blob/1.0",
          "Microsoft-HTTPAPI/2.0"
        ],
        "x-ms-client-request-id": "32193a95-af44-4a7d-a127-6a9c5ab8d429",
        "x-ms-request-id": "6b1dabce-401e-007a-3979-78b373000000",
        "x-ms-version": "2022-11-02"
      },
      "ResponseBody": null
    },
    {
      "RequestUri": "https://REDACTED/afa22dc10encrypteddownloadfile2333331684d64fe688e0/afa22dc13encrypteddownloadfile2335749780f918edc32e",
      "RequestMethod": "HEAD",
      "RequestHeaders": {
        "Accept": "application/xml",
        "Authorization": "Sanitized",
        "Content-Length": "0",
        "Date": "Wed, 26 Apr 2023 19:55:46 GMT",
        "User-Agent": "azsdk-java-azure-storage-blob/12.23.0-beta.1 azsdk-java-azure-storage-blob-cryptography/12.22.0-beta.1 (17.0.5; Windows 11; 10.0)",
        "x-ms-client-request-id": "94489986-7910-4f27-a171-dec6880f1ec6",
        "x-ms-version": "2022-11-02"
      },
      "RequestBody": null,
      "StatusCode": 404,
      "ResponseHeaders": {
        "Date": "Wed, 26 Apr 2023 19:55:45 GMT",
        "Server": [
          "Windows-Azure-Blob/1.0",
          "Microsoft-HTTPAPI/2.0"
        ],
        "Transfer-Encoding": "chunked",
        "x-ms-client-request-id": "94489986-7910-4f27-a171-dec6880f1ec6",
        "x-ms-error-code": "BlobNotFound",
        "x-ms-request-id": "00ecafa5-e01e-0063-8079-7833c8000000",
        "x-ms-version": "2022-11-02"
      },
      "ResponseBody": null
    },
    {
      "RequestUri": "https://REDACTED/afa22dc10encrypteddownloadfile2333331684d64fe688e0/afa22dc13encrypteddownloadfile2335749780f918edc32e",
      "RequestMethod": "PUT",
      "RequestHeaders": {
        "Accept": "application/xml",
        "Authorization": "Sanitized",
        "Content-Length": "16",
        "Content-Type": "application/octet-stream",
        "Date": "Wed, 26 Apr 2023 19:55:46 GMT",
        "User-Agent": "azsdk-java-azure-storage-blob/12.23.0-beta.1 azsdk-java-azure-storage-blob-cryptography/12.22.0-beta.1 (17.0.5; Windows 11; 10.0)",
        "x-ms-blob-type": "BlockBlob",
        "x-ms-client-request-id": "8f96570c-0c15-4dd0-b53c-5d06ca608df8",
        "x-ms-meta-encryptiondata": "{\u0022EncryptionMode\u0022:\u0022FullBlob\u0022,\u0022WrappedContentKey\u0022:{\u0022KeyId\u0022:\u0022keyId\u0022,\u0022EncryptedKey\u0022:\u002200C4QcFVWhTRBw8A\u002B6TWH4WAAGq8PeiJ4s0MY6/v9SU=\u0022,\u0022Algorithm\u0022:\u0022RSA-OAEP-256\u0022},\u0022EncryptionAgent\u0022:{\u0022Protocol\u0022:\u00221.0\u0022,\u0022EncryptionAlgorithm\u0022:\u0022AES_CBC_256\u0022},\u0022ContentEncryptionIV\u0022:\u0022mw74rnKsiOw9etnaZqwRbQ==\u0022,\u0022KeyWrappingMetadata\u0022:{\u0022EncryptionLibrary\u0022:\u0022JavaTrack212.23.0-beta.1\u0022}}",
        "x-ms-version": "2022-11-02"
      },
      "RequestBody": "YYXWB371E1T0LXf/fWe9uQ==",
      "StatusCode": 201,
      "ResponseHeaders": {
        "Content-Length": "0",
        "Content-MD5": "Umab9tcRLrBlPjbjCaMcSA==",
        "Date": "Wed, 26 Apr 2023 19:55:45 GMT",
        "ETag": "\u00220x8DB469039D23618\u0022",
        "Last-Modified": "Wed, 26 Apr 2023 19:55:46 GMT",
        "Server": [
          "Windows-Azure-Blob/1.0",
          "Microsoft-HTTPAPI/2.0"
        ],
        "x-ms-client-request-id": "8f96570c-0c15-4dd0-b53c-5d06ca608df8",
        "x-ms-content-crc64": "bdnqEzd\u002BmP4=",
        "x-ms-request-id": "00ecafb7-e01e-0063-0c79-7833c8000000",
        "x-ms-request-server-encrypted": "true",
        "x-ms-version": "2022-11-02"
      },
      "ResponseBody": null
    },
    {
      "RequestUri": "https://REDACTED/afa22dc10encrypteddownloadfile2333331684d64fe688e0/afa22dc14encrypteddownloadfile23326620f7f1720c8381",
      "RequestMethod": "HEAD",
      "RequestHeaders": {
        "Accept": "application/xml",
        "Authorization": "Sanitized",
        "Content-Length": "0",
        "Date": "Wed, 26 Apr 2023 19:55:46 GMT",
        "User-Agent": "azsdk-java-azure-storage-blob/12.23.0-beta.1 azsdk-java-azure-storage-blob-cryptography/12.22.0-beta.1 (17.0.5; Windows 11; 10.0)",
        "x-ms-client-request-id": "c08ed337-8bae-41d2-bcdb-82a785986334",
        "x-ms-version": "2022-11-02"
      },
      "RequestBody": null,
      "StatusCode": 404,
      "ResponseHeaders": {
        "Date": "Wed, 26 Apr 2023 19:55:45 GMT",
        "Server": [
          "Windows-Azure-Blob/1.0",
          "Microsoft-HTTPAPI/2.0"
        ],
        "Transfer-Encoding": "chunked",
        "x-ms-client-request-id": "c08ed337-8bae-41d2-bcdb-82a785986334",
        "x-ms-error-code": "BlobNotFound",
        "x-ms-request-id": "c3033f09-501e-0066-2f79-78e113000000",
        "x-ms-version": "2022-11-02"
      },
      "ResponseBody": null
    },
    {
      "RequestUri": "https://REDACTED/afa22dc10encrypteddownloadfile2333331684d64fe688e0/afa22dc14encrypteddownloadfile23326620f7f1720c8381",
      "RequestMethod": "PUT",
      "RequestHeaders": {
        "Accept": "application/xml",
        "Authorization": "Sanitized",
        "Content-Length": "35",
        "Content-Type": "application/octet-stream",
        "Date": "Wed, 26 Apr 2023 19:55:46 GMT",
        "User-Agent": "azsdk-java-azure-storage-blob/12.23.0-beta.1 azsdk-java-azure-storage-blob-cryptography/12.22.0-beta.1 (17.0.5; Windows 11; 10.0)",
        "x-ms-blob-type": "BlockBlob",
        "x-ms-client-request-id": "48379c85-ba00-409c-b567-13912be6a4e2",
        "x-ms-meta-encryptiondata": "{\u0022EncryptionMode\u0022:\u0022FullBlob\u0022,\u0022WrappedContentKey\u0022:{\u0022KeyId\u0022:\u0022keyId\u0022,\u0022EncryptedKey\u0022:\u0022Qk9Dc3dvcmTee\u002BuYGmcIg/VAZ8PGGOGCWqiwi24lVlOsCzadRd0k8Q==\u0022,\u0022Algorithm\u0022:\u0022RSA-OAEP-256\u0022},\u0022EncryptionAgent\u0022:{\u0022Protocol\u0022:\u00222.0\u0022,\u0022EncryptionAlgorithm\u0022:\u0022AES_GCM_256\u0022},\u0022EncryptedRegionInfo\u0022:{\u0022DataLength\u0022:4194304,\u0022NonceLength\u0022:12},\u0022KeyWrappingMetadata\u0022:{\u0022EncryptionLibrary\u0022:\u0022JavaTrack212.23.0-beta.1\u0022}}",
        "x-ms-version": "2022-11-02"
      },
      "RequestBody": "AAAAAAAAAAAAAAAAJlAiNUyvcSfZUaEFe/XO/n\u002BJXs9VmRM=",
      "StatusCode": 201,
      "ResponseHeaders": {
        "Content-Length": "0",
        "Content-MD5": "PS01uxfdSzJo/7ZMxeBO2Q==",
        "Date": "Wed, 26 Apr 2023 19:55:45 GMT",
        "ETag": "\u00220x8DB469039E17626\u0022",
        "Last-Modified": "Wed, 26 Apr 2023 19:55:46 GMT",
        "Server": [
          "Windows-Azure-Blob/1.0",
          "Microsoft-HTTPAPI/2.0"
        ],
        "x-ms-client-request-id": "48379c85-ba00-409c-b567-13912be6a4e2",
        "x-ms-content-crc64": "eZdNuFVHi7g=",
        "x-ms-request-id": "82461716-601e-0042-5079-7817b3000000",
        "x-ms-request-server-encrypted": "true",
        "x-ms-version": "2022-11-02"
      },
      "ResponseBody": null
    },
    {
      "RequestUri": "https://REDACTED/afa22dc10encrypteddownloadfile2333331684d64fe688e0/afa22dc14encrypteddownloadfile23326620f7f1720c8381",
      "RequestMethod": "HEAD",
      "RequestHeaders": {
        "Accept": "application/xml",
        "Authorization": "Sanitized",
        "Content-Length": "0",
        "Date": "Wed, 26 Apr 2023 19:55:46 GMT",
        "User-Agent": "azsdk-java-azure-storage-blob/12.23.0-beta.1 azsdk-java-azure-storage-blob-cryptography/12.22.0-beta.1 (17.0.5; Windows 11; 10.0)",
        "x-ms-client-request-id": "20b06e7d-0fac-46a4-8ad7-e72bf55c61c7",
        "x-ms-version": "2022-11-02"
      },
      "RequestBody": null,
      "StatusCode": 200,
      "ResponseHeaders": {
        "Accept-Ranges": "bytes",
        "Content-Length": "35",
        "Content-MD5": "PS01uxfdSzJo/7ZMxeBO2Q==",
        "Content-Type": "application/octet-stream",
        "Date": "Wed, 26 Apr 2023 19:55:45 GMT",
        "ETag": "\u00220x8DB469039E17626\u0022",
        "Last-Modified": "Wed, 26 Apr 2023 19:55:46 GMT",
        "Server": [
          "Windows-Azure-Blob/1.0",
          "Microsoft-HTTPAPI/2.0"
        ],
        "x-ms-access-tier": "Hot",
        "x-ms-access-tier-inferred": "true",
        "x-ms-blob-type": "BlockBlob",
        "x-ms-client-request-id": "20b06e7d-0fac-46a4-8ad7-e72bf55c61c7",
        "x-ms-creation-time": "Wed, 26 Apr 2023 19:55:46 GMT",
        "x-ms-lease-state": "available",
        "x-ms-lease-status": "unlocked",
        "x-ms-meta-encryptiondata": "{\u0022EncryptionMode\u0022:\u0022FullBlob\u0022,\u0022WrappedContentKey\u0022:{\u0022KeyId\u0022:\u0022keyId\u0022,\u0022EncryptedKey\u0022:\u0022Qk9Dc3dvcmTee\u002BuYGmcIg/VAZ8PGGOGCWqiwi24lVlOsCzadRd0k8Q==\u0022,\u0022Algorithm\u0022:\u0022RSA-OAEP-256\u0022},\u0022EncryptionAgent\u0022:{\u0022Protocol\u0022:\u00222.0\u0022,\u0022EncryptionAlgorithm\u0022:\u0022AES_GCM_256\u0022},\u0022EncryptedRegionInfo\u0022:{\u0022DataLength\u0022:4194304,\u0022NonceLength\u0022:12},\u0022KeyWrappingMetadata\u0022:{\u0022EncryptionLibrary\u0022:\u0022JavaTrack212.23.0-beta.1\u0022}}",
        "x-ms-request-id": "3199435d-c01e-0016-3279-7858e4000000",
        "x-ms-server-encrypted": "true",
        "x-ms-version": "2022-11-02"
      },
      "ResponseBody": null
    },
    {
      "RequestUri": "https://REDACTED/afa22dc10encrypteddownloadfile2333331684d64fe688e0/afa22dc14encrypteddownloadfile23326620f7f1720c8381",
      "RequestMethod": "GET",
      "RequestHeaders": {
        "Accept": "application/xml",
        "Authorization": "Sanitized",
        "Content-Length": "0",
        "Date": "Wed, 26 Apr 2023 19:55:46 GMT",
        "If-Match": "0x8DB469039E17626",
        "User-Agent": "azsdk-java-azure-storage-blob/12.23.0-beta.1 azsdk-java-azure-storage-blob-cryptography/12.22.0-beta.1 (17.0.5; Windows 11; 10.0)",
        "x-ms-client-request-id": "4c89dfe1-1861-411f-b987-55fb2a9e8f81",
        "x-ms-range": "bytes=0-4194331",
        "x-ms-version": "2022-11-02"
      },
      "RequestBody": null,
      "StatusCode": 206,
      "ResponseHeaders": {
        "Accept-Ranges": "bytes",
        "Content-Length": "35",
        "Content-Range": "bytes 0-34/35",
        "Content-Type": "application/octet-stream",
        "Date": "Wed, 26 Apr 2023 19:55:45 GMT",
        "ETag": "\u00220x8DB469039E17626\u0022",
        "Last-Modified": "Wed, 26 Apr 2023 19:55:46 GMT",
        "Server": [
          "Windows-Azure-Blob/1.0",
          "Microsoft-HTTPAPI/2.0"
        ],
        "x-ms-blob-content-md5": "PS01uxfdSzJo/7ZMxeBO2Q==",
        "x-ms-blob-type": "BlockBlob",
        "x-ms-client-request-id": "4c89dfe1-1861-411f-b987-55fb2a9e8f81",
        "x-ms-creation-time": "Wed, 26 Apr 2023 19:55:46 GMT",
        "x-ms-lease-state": "available",
        "x-ms-lease-status": "unlocked",
        "x-ms-meta-encryptiondata": "{\u0022EncryptionMode\u0022:\u0022FullBlob\u0022,\u0022WrappedContentKey\u0022:{\u0022KeyId\u0022:\u0022keyId\u0022,\u0022EncryptedKey\u0022:\u0022Qk9Dc3dvcmTee\u002BuYGmcIg/VAZ8PGGOGCWqiwi24lVlOsCzadRd0k8Q==\u0022,\u0022Algorithm\u0022:\u0022RSA-OAEP-256\u0022},\u0022EncryptionAgent\u0022:{\u0022Protocol\u0022:\u00222.0\u0022,\u0022EncryptionAlgorithm\u0022:\u0022AES_GCM_256\u0022},\u0022EncryptedRegionInfo\u0022:{\u0022DataLength\u0022:4194304,\u0022NonceLength\u0022:12},\u0022KeyWrappingMetadata\u0022:{\u0022EncryptionLibrary\u0022:\u0022JavaTrack212.23.0-beta.1\u0022}}",
        "x-ms-request-id": "00ecb014-e01e-0063-6179-7833c8000000",
        "x-ms-server-encrypted": "true",
        "x-ms-version": "2022-11-02"
      },
      "ResponseBody": "AAAAAAAAAAAAAAAAJlAiNUyvcSfZUaEFe/XO/n\u002BJXs9VmRM="
    }
  ],
  "Variables": {
    "0": "afa22dc10encrypteddownloadfile2333331684d64fe688e0",
    "1": "afa22dc11encrypteddownloadfile2335896716f537e5dd37",
    "2": "afa22dc12encrypteddownloadfile23340590092e2f841a0c",
    "3": "afa22dc13encrypteddownloadfile2335749780f918edc32e",
    "4": "afa22dc14encrypteddownloadfile23326620f7f1720c8381"
  }
}
