{
  "Entries": [
    {
      "RequestUri": "https://REDACTED/b50e92ae0encryptionfe835818d14a21f082094003b9?restype=container",
      "RequestMethod": "PUT",
      "RequestHeaders": {
        "Accept": "application/xml",
        "Authorization": "Sanitized",
        "Content-Length": "0",
        "Date": "Wed, 26 Apr 2023 19:55:46 GMT",
        "User-Agent": "azsdk-java-azure-storage-blob/12.23.0-beta.1 (17.0.5; Windows 11; 10.0)",
        "x-ms-client-request-id": "fc237cb0-27c0-4ee9-8366-d88859809838",
        "x-ms-version": "2022-11-02"
      },
      "RequestBody": null,
      "StatusCode": 201,
      "ResponseHeaders": {
        "Content-Length": "0",
        "Date": "Wed, 26 Apr 2023 19:55:45 GMT",
        "ETag": "\u00220x8DB469039C6351F\u0022",
        "Last-Modified": "Wed, 26 Apr 2023 19:55:46 GMT",
        "Server": [
          "Windows-Azure-Blob/1.0",
          "Microsoft-HTTPAPI/2.0"
        ],
        "x-ms-client-request-id": "fc237cb0-27c0-4ee9-8366-d88859809838",
        "x-ms-request-id": "824616e4-601e-0042-2279-7817b3000000",
        "x-ms-version": "2022-11-02"
      },
      "ResponseBody": null
    },
    {
      "RequestUri": "https://REDACTED/b50e92ae0encryptionfe835818d14a21f082094003b9/b50e92ae3encryptionfe8257228a82b96ef6e5455392",
      "RequestMethod": "HEAD",
      "RequestHeaders": {
        "Accept": "application/xml",
        "Authorization": "Sanitized",
        "Content-Length": "0",
        "Date": "Wed, 26 Apr 2023 19:55:46 GMT",
        "User-Agent": "azsdk-java-azure-storage-blob/12.23.0-beta.1 azsdk-java-azure-storage-blob-cryptography/12.22.0-beta.1 (17.0.5; Windows 11; 10.0)",
        "x-ms-client-request-id": "dd366ab8-a04a-4ae2-b3c9-0b8ccc3ae482",
        "x-ms-version": "2022-11-02"
      },
      "RequestBody": null,
      "StatusCode": 404,
      "ResponseHeaders": {
        "Date": "Wed, 26 Apr 2023 19:55:45 GMT",
        "Server": [
          "Windows-Azure-Blob/1.0",
          "Microsoft-HTTPAPI/2.0"
        ],
        "Transfer-Encoding": "chunked",
        "x-ms-client-request-id": "dd366ab8-a04a-4ae2-b3c9-0b8ccc3ae482",
        "x-ms-error-code": "BlobNotFound",
        "x-ms-request-id": "8b98a881-a01e-003f-2079-786690000000",
        "x-ms-version": "2022-11-02"
      },
      "ResponseBody": null
    },
    {
      "RequestUri": "https://REDACTED/b50e92ae0encryptionfe835818d14a21f082094003b9/b50e92ae3encryptionfe8257228a82b96ef6e5455392",
      "RequestMethod": "PUT",
      "RequestHeaders": {
        "Accept": "application/xml",
        "Authorization": "Sanitized",
        "Content-Length": "16",
        "Content-Type": "application/octet-stream",
        "Date": "Wed, 26 Apr 2023 19:55:46 GMT",
        "User-Agent": "azsdk-java-azure-storage-blob/12.23.0-beta.1 azsdk-java-azure-storage-blob-cryptography/12.22.0-beta.1 (17.0.5; Windows 11; 10.0)",
        "x-ms-blob-type": "BlockBlob",
        "x-ms-client-request-id": "60047534-3ca2-424c-868e-c793c5256229",
        "x-ms-meta-encryptiondata": "{\u0022EncryptionMode\u0022:\u0022FullBlob\u0022,\u0022WrappedContentKey\u0022:{\u0022KeyId\u0022:\u0022keyId\u0022,\u0022EncryptedKey\u0022:\u0022McmwPJZEXNc0zI4qsiNQuwkJUd\u002Bkb8g6NO/CWzugGK8=\u0022,\u0022Algorithm\u0022:\u0022RSA-OAEP-256\u0022},\u0022EncryptionAgent\u0022:{\u0022Protocol\u0022:\u00221.0\u0022,\u0022EncryptionAlgorithm\u0022:\u0022AES_CBC_256\u0022},\u0022ContentEncryptionIV\u0022:\u0022WTzW2pqqNg9zBeS3ck5VfQ==\u0022,\u0022KeyWrappingMetadata\u0022:{\u0022EncryptionLibrary\u0022:\u0022JavaTrack212.23.0-beta.1\u0022}}",
        "x-ms-version": "2022-11-02"
      },
      "RequestBody": "n2x0NeGhSgs5ufYKRvmpCg==",
      "StatusCode": 201,
      "ResponseHeaders": {
        "Content-Length": "0",
        "Content-MD5": "c1BIXx\u002BmdthENPZvnSiXNg==",
        "Date": "Wed, 26 Apr 2023 19:55:45 GMT",
        "ETag": "\u00220x8DB469039D3205A\u0022",
        "Last-Modified": "Wed, 26 Apr 2023 19:55:46 GMT",
        "Server": [
          "Windows-Azure-Blob/1.0",
          "Microsoft-HTTPAPI/2.0"
        ],
        "x-ms-client-request-id": "60047534-3ca2-424c-868e-c793c5256229",
        "x-ms-content-crc64": "9n5jqQRq1Mc=",
        "x-ms-request-id": "8b98a893-a01e-003f-2d79-786690000000",
        "x-ms-request-server-encrypted": "true",
        "x-ms-version": "2022-11-02"
      },
      "ResponseBody": null
    },
    {
      "RequestUri": "https://REDACTED/b50e92ae0encryptionfe835818d14a21f082094003b9/b50e92ae1encryptionfe807606fd82e2e77e3b410a95",
      "RequestMethod": "HEAD",
      "RequestHeaders": {
        "Accept": "application/xml",
        "Authorization": "Sanitized",
        "Content-Length": "0",
        "Date": "Wed, 26 Apr 2023 19:55:46 GMT",
        "User-Agent": "azsdk-java-azure-storage-blob/12.23.0-beta.1 azsdk-java-azure-storage-blob-cryptography/12.22.0-beta.1 (17.0.5; Windows 11; 10.0)",
        "x-ms-client-request-id": "2fc317ef-d6e8-477a-bb32-e2e8253deaa0",
        "x-ms-version": "2022-11-02"
      },
      "RequestBody": null,
      "StatusCode": 404,
      "ResponseHeaders": {
        "Date": "Wed, 26 Apr 2023 19:55:45 GMT",
        "Server": [
          "Windows-Azure-Blob/1.0",
          "Microsoft-HTTPAPI/2.0"
        ],
        "Transfer-Encoding": "chunked",
        "x-ms-client-request-id": "2fc317ef-d6e8-477a-bb32-e2e8253deaa0",
        "x-ms-error-code": "BlobNotFound",
        "x-ms-request-id": "c51e1c6e-901e-0056-3779-785fdc000000",
        "x-ms-version": "2022-11-02"
      },
      "ResponseBody": null
    },
    {
      "RequestUri": "https://REDACTED/b50e92ae0encryptionfe835818d14a21f082094003b9/b50e92ae1encryptionfe807606fd82e2e77e3b410a95",
      "RequestMethod": "PUT",
      "RequestHeaders": {
        "Accept": "application/xml",
        "Authorization": "Sanitized",
        "Content-Length": "32",
        "Content-Type": "application/octet-stream",
        "Date": "Wed, 26 Apr 2023 19:55:46 GMT",
        "User-Agent": "azsdk-java-azure-storage-blob/12.23.0-beta.1 azsdk-java-azure-storage-blob-cryptography/12.22.0-beta.1 (17.0.5; Windows 11; 10.0)",
        "x-ms-blob-type": "BlockBlob",
        "x-ms-client-request-id": "7b1c22c1-cb31-40fc-bc77-9ca1bb26eb14",
        "x-ms-meta-encryptiondata": "{\u0022EncryptionMode\u0022:\u0022FullBlob\u0022,\u0022WrappedContentKey\u0022:{\u0022KeyId\u0022:\u0022keyId\u0022,\u0022EncryptedKey\u0022:\u00229omLRv/D2E5kD4DBCCGB/kN2ZDs3VykFIa1CWiXE95I=\u0022,\u0022Algorithm\u0022:\u0022RSA-OAEP-256\u0022},\u0022EncryptionAgent\u0022:{\u0022Protocol\u0022:\u00221.0\u0022,\u0022EncryptionAlgorithm\u0022:\u0022AES_CBC_256\u0022},\u0022ContentEncryptionIV\u0022:\u0022Ue8AP3afXahaWuMFYRLsRw==\u0022,\u0022KeyWrappingMetadata\u0022:{\u0022EncryptionLibrary\u0022:\u0022JavaTrack212.23.0-beta.1\u0022}}",
        "x-ms-version": "2022-11-02"
      },
      "RequestBody": "nwsBoaK/kktLpAxyJV92TwVgAMN5Rmrn5J2ow0zEjUc=",
      "StatusCode": 201,
      "ResponseHeaders": {
        "Content-Length": "0",
        "Content-MD5": "y07oFc8XSDnsc\u002Br9mxzwOQ==",
        "Date": "Wed, 26 Apr 2023 19:55:45 GMT",
        "ETag": "\u00220x8DB469039E08BF6\u0022",
        "Last-Modified": "Wed, 26 Apr 2023 19:55:46 GMT",
        "Server": [
          "Windows-Azure-Blob/1.0",
          "Microsoft-HTTPAPI/2.0"
        ],
        "x-ms-client-request-id": "7b1c22c1-cb31-40fc-bc77-9ca1bb26eb14",
        "x-ms-content-crc64": "94ppJWeTmrs=",
        "x-ms-request-id": "c51e1c78-901e-0056-3f79-785fdc000000",
        "x-ms-request-server-encrypted": "true",
        "x-ms-version": "2022-11-02"
      },
      "ResponseBody": null
    },
    {
      "RequestUri": "https://REDACTED/b50e92ae0encryptionfe835818d14a21f082094003b9/b50e92ae1encryptionfe807606fd82e2e77e3b410a95",
      "RequestMethod": "GET",
      "RequestHeaders": {
        "Accept": "application/xml",
        "Authorization": "Sanitized",
        "Content-Length": "0",
        "Date": "Wed, 26 Apr 2023 19:55:46 GMT",
        "User-Agent": "azsdk-java-azure-storage-blob/12.23.0-beta.1 azsdk-java-azure-storage-blob-cryptography/12.22.0-beta.1 (17.0.5; Windows 11; 10.0)",
        "x-ms-client-request-id": "0b624c90-fcd5-4c3a-9eb1-959dfbbe1f35",
        "x-ms-version": "2022-11-02"
      },
      "RequestBody": null,
      "StatusCode": 200,
      "ResponseHeaders": {
        "Accept-Ranges": "bytes",
        "Content-Length": "32",
        "Content-MD5": "y07oFc8XSDnsc\u002Br9mxzwOQ==",
        "Content-Type": "application/octet-stream",
        "Date": "Wed, 26 Apr 2023 19:55:45 GMT",
        "ETag": "\u00220x8DB469039E08BF6\u0022",
        "Last-Modified": "Wed, 26 Apr 2023 19:55:46 GMT",
        "Server": [
          "Windows-Azure-Blob/1.0",
          "Microsoft-HTTPAPI/2.0"
        ],
        "x-ms-blob-type": "BlockBlob",
        "x-ms-client-request-id": "0b624c90-fcd5-4c3a-9eb1-959dfbbe1f35",
        "x-ms-creation-time": "Wed, 26 Apr 2023 19:55:46 GMT",
        "x-ms-lease-state": "available",
        "x-ms-lease-status": "unlocked",
        "x-ms-meta-encryptiondata": "{\u0022EncryptionMode\u0022:\u0022FullBlob\u0022,\u0022WrappedContentKey\u0022:{\u0022KeyId\u0022:\u0022keyId\u0022,\u0022EncryptedKey\u0022:\u00229omLRv/D2E5kD4DBCCGB/kN2ZDs3VykFIa1CWiXE95I=\u0022,\u0022Algorithm\u0022:\u0022RSA-OAEP-256\u0022},\u0022EncryptionAgent\u0022:{\u0022Protocol\u0022:\u00221.0\u0022,\u0022EncryptionAlgorithm\u0022:\u0022AES_CBC_256\u0022},\u0022ContentEncryptionIV\u0022:\u0022Ue8AP3afXahaWuMFYRLsRw==\u0022,\u0022KeyWrappingMetadata\u0022:{\u0022EncryptionLibrary\u0022:\u0022JavaTrack212.23.0-beta.1\u0022}}",
        "x-ms-request-id": "c48909bb-601e-0020-1879-78d594000000",
        "x-ms-server-encrypted": "true",
        "x-ms-version": "2022-11-02"
      },
      "ResponseBody": "nwsBoaK/kktLpAxyJV92TwVgAMN5Rmrn5J2ow0zEjUc="
    }
  ],
  "Variables": {
    "0": "b50e92ae0encryptionfe835818d14a21f082094003b9",
    "1": "b50e92ae1encryptionfe807606fd82e2e77e3b410a95",
    "2": "b50e92ae2encryptionfe836191b1a692e20bbb4bbd87",
    "3": "b50e92ae3encryptionfe8257228a82b96ef6e5455392",
    "4": "f22a293d-69e1-44ab-924e-5dd2a20b518d",
    "5": "a580d8a8-c976-41a0-b7ed-ae70dabe9a5f"
  }
}
