{
  "Entries": [
    {
      "RequestUri": "https://REDACTED/4be5c7fc0downloadmin3d069916f7b707c4d0bf413b8?restype=container",
      "RequestMethod": "PUT",
      "RequestHeaders": {
        "Accept": "application/xml",
        "Authorization": "Sanitized",
        "Content-Length": "0",
        "Date": "Wed, 26 Apr 2023 15:52:11 GMT",
        "User-Agent": "azsdk-java-azure-storage-blob/12.23.0-beta.1 (17.0.5; Windows 11; 10.0)",
        "x-ms-client-request-id": "70e38b90-98b7-4d88-a9e7-35ddf194cf27",
        "x-ms-version": "2022-11-02"
      },
      "RequestBody": null,
      "StatusCode": 201,
      "ResponseHeaders": {
        "Content-Length": "0",
        "Date": "Wed, 26 Apr 2023 15:52:11 GMT",
        "ETag": "\u00220x8DB466E32FDFE41\u0022",
        "Last-Modified": "Wed, 26 Apr 2023 15:52:11 GMT",
        "Server": [
          "Windows-Azure-Blob/1.0",
          "Microsoft-HTTPAPI/2.0"
        ],
        "x-ms-client-request-id": "70e38b90-98b7-4d88-a9e7-35ddf194cf27",
        "x-ms-request-id": "ae7752a1-701e-002c-2e57-78429c000000",
        "x-ms-version": "2022-11-02"
      },
      "ResponseBody": null
    },
    {
      "RequestUri": "https://REDACTED/4be5c7fc0downloadmin3d069916f7b707c4d0bf413b8/4be5c7fc3downloadmin3d098291aa80c9fffffd460d8",
      "RequestMethod": "HEAD",
      "RequestHeaders": {
        "Accept": "application/xml",
        "Authorization": "Sanitized",
        "Content-Length": "0",
        "Date": "Wed, 26 Apr 2023 15:52:11 GMT",
        "User-Agent": "azsdk-java-azure-storage-blob/12.23.0-beta.1 azsdk-java-azure-storage-blob-cryptography/12.22.0-beta.1 (17.0.5; Windows 11; 10.0)",
        "x-ms-client-request-id": "9776dbf8-2318-4a56-872c-4d4a4684ee43",
        "x-ms-version": "2022-11-02"
      },
      "RequestBody": null,
      "StatusCode": 404,
      "ResponseHeaders": {
        "Date": "Wed, 26 Apr 2023 15:52:11 GMT",
        "Server": [
          "Windows-Azure-Blob/1.0",
          "Microsoft-HTTPAPI/2.0"
        ],
        "Transfer-Encoding": "chunked",
        "x-ms-client-request-id": "9776dbf8-2318-4a56-872c-4d4a4684ee43",
        "x-ms-error-code": "BlobNotFound",
        "x-ms-request-id": "ae7752ab-701e-002c-3657-78429c000000",
        "x-ms-version": "2022-11-02"
      },
      "ResponseBody": null
    },
    {
      "RequestUri": "https://REDACTED/4be5c7fc0downloadmin3d069916f7b707c4d0bf413b8/4be5c7fc3downloadmin3d098291aa80c9fffffd460d8",
      "RequestMethod": "PUT",
      "RequestHeaders": {
        "Accept": "application/xml",
        "Authorization": "Sanitized",
        "Content-Length": "16",
        "Content-Type": "application/octet-stream",
        "Date": "Wed, 26 Apr 2023 15:52:11 GMT",
        "User-Agent": "azsdk-java-azure-storage-blob/12.23.0-beta.1 azsdk-java-azure-storage-blob-cryptography/12.22.0-beta.1 (17.0.5; Windows 11; 10.0)",
        "x-ms-blob-type": "BlockBlob",
        "x-ms-client-request-id": "b3678c82-c8ba-422b-8e94-86a400c807c3",
        "x-ms-meta-encryptiondata": "{\u0022EncryptionMode\u0022:\u0022FullBlob\u0022,\u0022WrappedContentKey\u0022:{\u0022KeyId\u0022:\u0022keyId\u0022,\u0022EncryptedKey\u0022:\u00220FN\u002BjI202eskhdcyTUhjm0XF/9UMVdK6/yqCClYqzAo=\u0022,\u0022Algorithm\u0022:\u0022RSA-OAEP-256\u0022},\u0022EncryptionAgent\u0022:{\u0022Protocol\u0022:\u00221.0\u0022,\u0022EncryptionAlgorithm\u0022:\u0022AES_CBC_256\u0022},\u0022ContentEncryptionIV\u0022:\u002216nuCEkLMn/E6GoYx7LWkg==\u0022,\u0022KeyWrappingMetadata\u0022:{\u0022EncryptionLibrary\u0022:\u0022JavaTrack212.23.0-beta.1\u0022}}",
        "x-ms-version": "2022-11-02"
      },
      "RequestBody": "zADoz9NOvaa/CKzPiAcYAw==",
      "StatusCode": 201,
      "ResponseHeaders": {
        "Content-Length": "0",
        "Content-MD5": "GQmMMxa0LfHD0ZahffKZSg==",
        "Date": "Wed, 26 Apr 2023 15:52:11 GMT",
        "ETag": "\u00220x8DB466E330581C6\u0022",
        "Last-Modified": "Wed, 26 Apr 2023 15:52:11 GMT",
        "Server": [
          "Windows-Azure-Blob/1.0",
          "Microsoft-HTTPAPI/2.0"
        ],
        "x-ms-client-request-id": "b3678c82-c8ba-422b-8e94-86a400c807c3",
        "x-ms-content-crc64": "YjrSSs1NlQY=",
        "x-ms-request-id": "f6b4f5ec-b01e-0051-1557-7833bf000000",
        "x-ms-request-server-encrypted": "true",
        "x-ms-version": "2022-11-02"
      },
      "ResponseBody": null
    },
    {
      "RequestUri": "https://REDACTED/4be5c7fc0downloadmin3d069916f7b707c4d0bf413b8/4be5c7fc3downloadmin3d098291aa80c9fffffd460d8",
      "RequestMethod": "PUT",
      "RequestHeaders": {
        "Accept": "application/xml",
        "Authorization": "Sanitized",
        "Content-Length": "16",
        "Content-Type": "application/octet-stream",
        "Date": "Wed, 26 Apr 2023 15:52:11 GMT",
        "User-Agent": "azsdk-java-azure-storage-blob/12.23.0-beta.1 azsdk-java-azure-storage-blob-cryptography/12.22.0-beta.1 (17.0.5; Windows 11; 10.0)",
        "x-ms-blob-type": "BlockBlob",
        "x-ms-client-request-id": "cf1647d9-765f-4dde-bc43-bd6b88642137",
        "x-ms-meta-encryptiondata": "{\u0022EncryptionMode\u0022:\u0022FullBlob\u0022,\u0022WrappedContentKey\u0022:{\u0022KeyId\u0022:\u0022keyId\u0022,\u0022EncryptedKey\u0022:\u0022Gz2\u002BzT5k34LbntSouWgOEqdaAje\u002B4fvAPWIXxpq/AFM=\u0022,\u0022Algorithm\u0022:\u0022RSA-OAEP-256\u0022},\u0022EncryptionAgent\u0022:{\u0022Protocol\u0022:\u00221.0\u0022,\u0022EncryptionAlgorithm\u0022:\u0022AES_CBC_256\u0022},\u0022ContentEncryptionIV\u0022:\u0022ol08OArBG8\u002B2Us2v2eZbbQ==\u0022,\u0022KeyWrappingMetadata\u0022:{\u0022EncryptionLibrary\u0022:\u0022JavaTrack212.23.0-beta.1\u0022}}",
        "x-ms-version": "2022-11-02"
      },
      "RequestBody": "w43LInDz3ESssDmPNM5jTw==",
      "StatusCode": 201,
      "ResponseHeaders": {
        "Content-Length": "0",
        "Content-MD5": "779e4bTQoQdDc1EauJasFw==",
        "Date": "Wed, 26 Apr 2023 15:52:11 GMT",
        "ETag": "\u00220x8DB466E330951CB\u0022",
        "Last-Modified": "Wed, 26 Apr 2023 15:52:11 GMT",
        "Server": [
          "Windows-Azure-Blob/1.0",
          "Microsoft-HTTPAPI/2.0"
        ],
        "x-ms-client-request-id": "cf1647d9-765f-4dde-bc43-bd6b88642137",
        "x-ms-content-crc64": "H7cGlIBFX3E=",
        "x-ms-request-id": "de823cca-101e-0058-2c57-78766c000000",
        "x-ms-request-server-encrypted": "true",
        "x-ms-version": "2022-11-02"
      },
      "ResponseBody": null
    },
    {
      "RequestUri": "https://REDACTED/4be5c7fc0downloadmin3d069916f7b707c4d0bf413b8/4be5c7fc3downloadmin3d098291aa80c9fffffd460d8",
      "RequestMethod": "GET",
      "RequestHeaders": {
        "Accept": "application/xml",
        "Authorization": "Sanitized",
        "Content-Length": "0",
        "Date": "Wed, 26 Apr 2023 15:52:11 GMT",
        "User-Agent": "azsdk-java-azure-storage-blob/12.23.0-beta.1 azsdk-java-azure-storage-blob-cryptography/12.22.0-beta.1 (17.0.5; Windows 11; 10.0)",
        "x-ms-client-request-id": "a18ced95-2bcc-480e-9766-d2406dbcaf2c",
        "x-ms-version": "2022-11-02"
      },
      "RequestBody": null,
      "StatusCode": 200,
      "ResponseHeaders": {
        "Accept-Ranges": "bytes",
        "Content-Length": "16",
        "Content-MD5": "779e4bTQoQdDc1EauJasFw==",
        "Content-Type": "application/octet-stream",
        "Date": "Wed, 26 Apr 2023 15:52:11 GMT",
        "ETag": "\u00220x8DB466E330951CB\u0022",
        "Last-Modified": "Wed, 26 Apr 2023 15:52:11 GMT",
        "Server": [
          "Windows-Azure-Blob/1.0",
          "Microsoft-HTTPAPI/2.0"
        ],
        "x-ms-blob-type": "BlockBlob",
        "x-ms-client-request-id": "a18ced95-2bcc-480e-9766-d2406dbcaf2c",
        "x-ms-creation-time": "Wed, 26 Apr 2023 15:52:11 GMT",
        "x-ms-lease-state": "available",
        "x-ms-lease-status": "unlocked",
        "x-ms-meta-encryptiondata": "{\u0022EncryptionMode\u0022:\u0022FullBlob\u0022,\u0022WrappedContentKey\u0022:{\u0022KeyId\u0022:\u0022keyId\u0022,\u0022EncryptedKey\u0022:\u0022Gz2\u002BzT5k34LbntSouWgOEqdaAje\u002B4fvAPWIXxpq/AFM=\u0022,\u0022Algorithm\u0022:\u0022RSA-OAEP-256\u0022},\u0022EncryptionAgent\u0022:{\u0022Protocol\u0022:\u00221.0\u0022,\u0022EncryptionAlgorithm\u0022:\u0022AES_CBC_256\u0022},\u0022ContentEncryptionIV\u0022:\u0022ol08OArBG8\u002B2Us2v2eZbbQ==\u0022,\u0022KeyWrappingMetadata\u0022:{\u0022EncryptionLibrary\u0022:\u0022JavaTrack212.23.0-beta.1\u0022}}",
        "x-ms-request-id": "76d82b68-d01e-0057-6757-780000000000",
        "x-ms-server-encrypted": "true",
        "x-ms-version": "2022-11-02"
      },
      "ResponseBody": "w43LInDz3ESssDmPNM5jTw=="
    }
  ],
  "Variables": {
    "0": "4be5c7fc0downloadmin3d069916f7b707c4d0bf413b8",
    "1": "4be5c7fc1downloadmin3d0165099a7c8284eb82419c8",
    "2": "4be5c7fc2downloadmin3d096178f9fff294df26430f8",
    "3": "4be5c7fc3downloadmin3d098291aa80c9fffffd460d8"
  }
}
