{
  "Entries": [
    {
      "RequestUri": "https://REDACTED/18d2e9c80downloaderrorfbe84095cd41a8998f384d77?restype=container",
      "RequestMethod": "PUT",
      "RequestHeaders": {
        "Accept": "application/xml",
        "Authorization": "Sanitized",
        "Content-Length": "0",
        "Date": "Wed, 26 Apr 2023 19:16:27 GMT",
        "User-Agent": "azsdk-java-azure-storage-blob/12.23.0-beta.1 (17.0.5; Windows 11; 10.0)",
        "x-ms-client-request-id": "a3d490c7-69f4-43e9-a690-490db1509011",
        "x-ms-version": "2022-11-02"
      },
      "RequestBody": null,
      "StatusCode": 201,
      "ResponseHeaders": {
        "Content-Length": "0",
        "Date": "Wed, 26 Apr 2023 19:16:27 GMT",
        "ETag": "\u00220x8DB468ABC09F65B\u0022",
        "Last-Modified": "Wed, 26 Apr 2023 19:16:27 GMT",
        "Server": [
          "Windows-Azure-Blob/1.0",
          "Microsoft-HTTPAPI/2.0"
        ],
        "x-ms-client-request-id": "a3d490c7-69f4-43e9-a690-490db1509011",
        "x-ms-request-id": "b9479d0b-101e-002a-7773-787123000000",
        "x-ms-version": "2022-11-02"
      },
      "ResponseBody": null
    },
    {
      "RequestUri": "https://REDACTED/18d2e9c80downloaderrorfbe84095cd41a8998f384d77/18d2e9c83downloaderrorfbe08653d2b29ead548a42ac",
      "RequestMethod": "HEAD",
      "RequestHeaders": {
        "Accept": "application/xml",
        "Authorization": "Sanitized",
        "Content-Length": "0",
        "Date": "Wed, 26 Apr 2023 19:16:27 GMT",
        "User-Agent": "azsdk-java-azure-storage-blob/12.23.0-beta.1 azsdk-java-azure-storage-blob-cryptography/12.22.0-beta.1 (17.0.5; Windows 11; 10.0)",
        "x-ms-client-request-id": "552c01e6-df92-4cbc-aaff-c9ae88f3829d",
        "x-ms-version": "2022-11-02"
      },
      "RequestBody": null,
      "StatusCode": 404,
      "ResponseHeaders": {
        "Date": "Wed, 26 Apr 2023 19:16:27 GMT",
        "Server": [
          "Windows-Azure-Blob/1.0",
          "Microsoft-HTTPAPI/2.0"
        ],
        "Transfer-Encoding": "chunked",
        "x-ms-client-request-id": "552c01e6-df92-4cbc-aaff-c9ae88f3829d",
        "x-ms-error-code": "BlobNotFound",
        "x-ms-request-id": "b9479d1d-101e-002a-0673-787123000000",
        "x-ms-version": "2022-11-02"
      },
      "ResponseBody": null
    },
    {
      "RequestUri": "https://REDACTED/18d2e9c80downloaderrorfbe84095cd41a8998f384d77/18d2e9c83downloaderrorfbe08653d2b29ead548a42ac",
      "RequestMethod": "PUT",
      "RequestHeaders": {
        "Accept": "application/xml",
        "Authorization": "Sanitized",
        "Content-Length": "16",
        "Content-Type": "application/octet-stream",
        "Date": "Wed, 26 Apr 2023 19:16:27 GMT",
        "User-Agent": "azsdk-java-azure-storage-blob/12.23.0-beta.1 azsdk-java-azure-storage-blob-cryptography/12.22.0-beta.1 (17.0.5; Windows 11; 10.0)",
        "x-ms-blob-type": "BlockBlob",
        "x-ms-client-request-id": "b310b001-9755-4046-b4a5-4a6d8cfa933c",
        "x-ms-meta-encryptiondata": "{\u0022EncryptionMode\u0022:\u0022FullBlob\u0022,\u0022WrappedContentKey\u0022:{\u0022KeyId\u0022:\u0022keyId\u0022,\u0022EncryptedKey\u0022:\u0022mvJmhHe\u002BJBG28f21bpIp7hBjotGIR5Kq0aiiZ3Jwqs4=\u0022,\u0022Algorithm\u0022:\u0022RSA-OAEP-256\u0022},\u0022EncryptionAgent\u0022:{\u0022Protocol\u0022:\u00221.0\u0022,\u0022EncryptionAlgorithm\u0022:\u0022AES_CBC_256\u0022},\u0022ContentEncryptionIV\u0022:\u0022SKHdSybKlLBhsGt5QX7vGg==\u0022,\u0022KeyWrappingMetadata\u0022:{\u0022EncryptionLibrary\u0022:\u0022JavaTrack212.23.0-beta.1\u0022}}",
        "x-ms-version": "2022-11-02"
      },
      "RequestBody": "N1Va7z4loAVjRVIrcgM/Fw==",
      "StatusCode": 201,
      "ResponseHeaders": {
        "Content-Length": "0",
        "Content-MD5": "dDg7euc6lq6YZqrGKTxyRQ==",
        "Date": "Wed, 26 Apr 2023 19:16:27 GMT",
        "ETag": "\u00220x8DB468ABC1140BA\u0022",
        "Last-Modified": "Wed, 26 Apr 2023 19:16:27 GMT",
        "Server": [
          "Windows-Azure-Blob/1.0",
          "Microsoft-HTTPAPI/2.0"
        ],
        "x-ms-client-request-id": "b310b001-9755-4046-b4a5-4a6d8cfa933c",
        "x-ms-content-crc64": "zmZ/r8s\u002B1Eg=",
        "x-ms-request-id": "b9479d2a-101e-002a-1273-787123000000",
        "x-ms-request-server-encrypted": "true",
        "x-ms-version": "2022-11-02"
      },
      "ResponseBody": null
    }
  ],
  "Variables": {
    "0": "18d2e9c80downloaderrorfbe84095cd41a8998f384d77",
    "1": "18d2e9c81downloaderrorfbe143509c39d7f9e51245f5",
    "2": "18d2e9c82downloaderrorfbe745556edec040a2024e61",
    "3": "18d2e9c83downloaderrorfbe08653d2b29ead548a42ac",
    "4": "18d2e9c84downloaderrorfbe442952a532d3ca4f94e98"
  }
}
