{
  "Entries": [
    {
      "RequestUri": "https://REDACTED/pools/BatchUser-testpool?api-version=2023-05-01.17.0",
      "RequestMethod": "HEAD",
      "RequestHeaders": {
        "Accept": "application/json",
        "Authorization": "Sanitized",
        "Content-Length": "0",
        "Date": "Thu, 10 Aug 2023 18:03:39 GMT",
        "User-Agent": "azsdk-java-azure-compute-batch/1.0.0-beta.1 (11.0.19; Windows 11; 10.0)",
        "x-ms-client-request-id": "5d170401-68e8-477a-9164-6f8c78617759"
      },
      "RequestBody": null,
      "StatusCode": 200,
      "ResponseHeaders": {
        "DataServiceVersion": "3.0",
        "Date": "Thu, 10 Aug 2023 18:03:39 GMT",
        "ETag": "0x8DB986C0E4D842C",
        "Last-Modified": "Wed, 09 Aug 2023 00:03:26 GMT",
        "request-id": "03e36005-21f0-4b60-a351-db544f5dcecd",
        "Server": "Microsoft-HTTPAPI/2.0",
        "Strict-Transport-Security": "max-age=31536000; includeSubDomains",
        "Transfer-Encoding": "chunked",
        "X-Content-Type-Options": "nosniff"
      },
      "ResponseBody": null
    },
    {
      "RequestUri": "https://REDACTED/pools/BatchUser-testpool?api-version=2023-05-01.17.0",
      "RequestMethod": "GET",
      "RequestHeaders": {
        "Accept": "application/json",
        "Authorization": "Sanitized",
        "Content-Length": "0",
        "Date": "Thu, 10 Aug 2023 18:03:41 GMT",
        "User-Agent": "azsdk-java-azure-compute-batch/1.0.0-beta.1 (11.0.19; Windows 11; 10.0)",
        "x-ms-client-request-id": "fc4fe852-077f-4cca-85cb-c6adaac4700f"
      },
      "RequestBody": null,
      "StatusCode": 200,
      "ResponseHeaders": {
        "Content-Type": "application/json; odata=minimalmetadata",
        "DataServiceVersion": "3.0",
        "Date": "Thu, 10 Aug 2023 18:03:39 GMT",
        "ETag": "0x8DB986C0E4D842C",
        "Last-Modified": "Wed, 09 Aug 2023 00:03:26 GMT",
        "request-id": "f159267a-0038-489b-ac90-43b1d97d2116",
        "Server": "Microsoft-HTTPAPI/2.0",
        "Strict-Transport-Security": "max-age=31536000; includeSubDomains",
        "Transfer-Encoding": "chunked",
        "X-Content-Type-Options": "nosniff"
      },
      "ResponseBody": {
        "odata.metadata": "https://sdktest.westus.batch.azure.com/$metadata#pools/@Element",
        "id": "BatchUser-testpool",
        "url": "REDACTED",
        "eTag": "0x8DB986C0E4D842C",
        "lastModified": "2023-08-09T00:03:26.6908204Z",
        "creationTime": "2023-08-09T00:03:26.6908204Z",
        "state": "active",
        "stateTransitionTime": "2023-08-09T00:03:26.6908204Z",
        "allocationState": "steady",
        "allocationStateTransitionTime": "2023-08-09T00:04:29.0080659Z",
        "vmSize": "standard_d1_v2",
        "resizeTimeout": "PT15M",
        "currentDedicatedNodes": 1,
        "targetDedicatedNodes": 1,
        "currentLowPriorityNodes": 0,
        "targetLowPriorityNodes": 0,
        "enableAutoScale": false,
        "enableInterNodeCommunication": false,
        "userAccounts": [
          {
            "name": "test-user",
            "elevationLevel": "admin",
            "linuxUserConfiguration": {
              "uid": 5,
              "gid": 5
            }
          }
        ],
        "taskSlotsPerNode": 1,
        "taskSchedulingPolicy": {
          "nodeFillType": "Spread"
        },
        "virtualMachineConfiguration": {
          "imageReference": {
            "publisher": "Canonical",
            "offer": "UbuntuServer",
            "sku": "18.04-LTS",
            "version": "latest"
          },
          "nodeAgentSKUId": "batch.node.ubuntu 18.04"
        },
        "networkConfiguration": {
          "subnetId": "/subscriptions/65634139-3762-476b-946d-e221f4cdc2bf/resourceGroups/nikoudsiSDKTest/providers/Microsoft.Network/virtualNetworks/myVnet/subnets/MySubnet",
          "dynamicVNetAssignmentScope": "none",
          "enableAcceleratedNetworking": false
        },
        "currentNodeCommunicationMode": "classic"
      }
    },
    {
      "RequestUri": "https://REDACTED/jobs?api-version=2023-05-01.17.0",
      "RequestMethod": "POST",
      "RequestHeaders": {
        "Accept": "application/json",
        "Authorization": "Sanitized",
        "Content-Length": "81",
        "Content-Type": "application/json; odata=minimalmetadata",
        "Date": "Thu, 10 Aug 2023 18:03:41 GMT",
        "User-Agent": "azsdk-java-azure-compute-batch/1.0.0-beta.1 (11.0.19; Windows 11; 10.0)",
        "x-ms-client-request-id": "4f8b0069-76fd-43ba-bd6c-157343d2a728"
      },
      "RequestBody": {
        "id": "BatchUser-Job-canReadFromNode",
        "poolInfo": {
          "poolId": "BatchUser-testpool"
        }
      },
      "StatusCode": 201,
      "ResponseHeaders": {
        "DataServiceId": "https://sdktest.westus.batch.azure.com/jobs/job-1",
        "DataServiceVersion": "3.0",
        "Date": "Thu, 10 Aug 2023 18:03:40 GMT",
        "ETag": "0x8DB99CC20C6EDD3",
        "Last-Modified": "Thu, 10 Aug 2023 18:03:40 GMT",
        "Location": "https://sdktest.westus.batch.azure.com/jobs/job-1",
        "request-id": "27100340-7af3-4e41-bcba-f9f6174e3028",
        "Server": "Microsoft-HTTPAPI/2.0",
        "Strict-Transport-Security": "max-age=31536000; includeSubDomains",
        "Transfer-Encoding": "chunked",
        "X-Content-Type-Options": "nosniff"
      },
      "ResponseBody": null
    },
    {
      "RequestUri": "https://REDACTED/jobs/BatchUser-Job-canReadFromNode/tasks?api-version=2023-05-01.17.0",
      "RequestMethod": "POST",
      "RequestHeaders": {
        "Accept": "application/json",
        "Authorization": "Sanitized",
        "Content-Length": "59",
        "Content-Type": "application/json; odata=minimalmetadata",
        "Date": "Thu, 10 Aug 2023 18:03:42 GMT",
        "User-Agent": "azsdk-java-azure-compute-batch/1.0.0-beta.1 (11.0.19; Windows 11; 10.0)",
        "x-ms-client-request-id": "f06f35cb-9ae5-4096-80f7-7b238aaab0d0"
      },
      "RequestBody": {
        "id": "mytask",
        "commandLine": "/bin/bash -c \u0022echo hello\u0022"
      },
      "StatusCode": 201,
      "ResponseHeaders": {
        "DataServiceId": "https://sdktest.westus.batch.azure.com/jobs/BatchUser-Job-canReadFromNode/tasks/mytask",
        "DataServiceVersion": "3.0",
        "Date": "Thu, 10 Aug 2023 18:03:40 GMT",
        "ETag": "0x8DB99CC20D9E15B",
        "Last-Modified": "Thu, 10 Aug 2023 18:03:40 GMT",
        "Location": "https://sdktest.westus.batch.azure.com/jobs/BatchUser-Job-canReadFromNode/tasks/mytask",
        "request-id": "f4bb68cb-458a-4eba-b354-a9d342f4b262",
        "Server": "Microsoft-HTTPAPI/2.0",
        "Strict-Transport-Security": "max-age=31536000; includeSubDomains",
        "Transfer-Encoding": "chunked",
        "X-Content-Type-Options": "nosniff"
      },
      "ResponseBody": null
    },
    {
      "RequestUri": "https://REDACTED/jobs/BatchUser-Job-canReadFromNode/tasks?api-version=2023-05-01.17.0\u0026%24select=id%2C%20state",
      "RequestMethod": "GET",
      "RequestHeaders": {
        "Accept": "application/json",
        "Authorization": "Sanitized",
        "Content-Length": "0",
        "Date": "Thu, 10 Aug 2023 18:03:42 GMT",
        "User-Agent": "azsdk-java-azure-compute-batch/1.0.0-beta.1 (11.0.19; Windows 11; 10.0)",
        "x-ms-client-request-id": "0ebe653e-bf69-478f-8a6b-2ba55ce887c7"
      },
      "RequestBody": null,
      "StatusCode": 200,
      "ResponseHeaders": {
        "Content-Type": "application/json; odata=minimalmetadata",
        "DataServiceVersion": "3.0",
        "Date": "Thu, 10 Aug 2023 18:03:40 GMT",
        "request-id": "d700d5dd-4ba3-4525-ae0f-bfadda21ccdc",
        "Server": "Microsoft-HTTPAPI/2.0",
        "Strict-Transport-Security": "max-age=31536000; includeSubDomains",
        "Transfer-Encoding": "chunked",
        "X-Content-Type-Options": "nosniff"
      },
      "ResponseBody": {
        "odata.metadata": "https://sdktest.westus.batch.azure.com/$metadata#tasks",
        "value": [
          {
            "id": "mytask",
            "state": "active"
          }
        ]
      }
    },
    {
      "RequestUri": "https://REDACTED/jobs/BatchUser-Job-canReadFromNode/tasks?api-version=2023-05-01.17.0\u0026%24select=id%2C%20state",
      "RequestMethod": "GET",
      "RequestHeaders": {
        "Accept": "application/json",
        "Authorization": "Sanitized",
        "Content-Length": "0",
        "Date": "Thu, 10 Aug 2023 18:03:52 GMT",
        "User-Agent": "azsdk-java-azure-compute-batch/1.0.0-beta.1 (11.0.19; Windows 11; 10.0)",
        "x-ms-client-request-id": "264c2511-fd32-4800-ab7f-f7ebec216130"
      },
      "RequestBody": null,
      "StatusCode": 200,
      "ResponseHeaders": {
        "Content-Type": "application/json; odata=minimalmetadata",
        "DataServiceVersion": "3.0",
        "Date": "Thu, 10 Aug 2023 18:03:50 GMT",
        "request-id": "24071c0d-6be1-4ee8-906b-cb7d72bf59c9",
        "Server": "Microsoft-HTTPAPI/2.0",
        "Strict-Transport-Security": "max-age=31536000; includeSubDomains",
        "Transfer-Encoding": "chunked",
        "X-Content-Type-Options": "nosniff"
      },
      "ResponseBody": {
        "odata.metadata": "https://sdktest.westus.batch.azure.com/$metadata#tasks",
        "value": [
          {
            "id": "mytask",
            "state": "completed"
          }
        ]
      }
    },
    {
      "RequestUri": "https://REDACTED/jobs/BatchUser-Job-canReadFromNode/tasks/mytask?api-version=2023-05-01.17.0",
      "RequestMethod": "GET",
      "RequestHeaders": {
        "Accept": "application/json",
        "Authorization": "Sanitized",
        "Content-Length": "0",
        "Date": "Thu, 10 Aug 2023 18:03:52 GMT",
        "User-Agent": "azsdk-java-azure-compute-batch/1.0.0-beta.1 (11.0.19; Windows 11; 10.0)",
        "x-ms-client-request-id": "02eb99cd-0f64-4db4-bf80-544b0fc828bd"
      },
      "RequestBody": null,
      "StatusCode": 200,
      "ResponseHeaders": {
        "Content-Type": "application/json; odata=minimalmetadata",
        "DataServiceVersion": "3.0",
        "Date": "Thu, 10 Aug 2023 18:03:50 GMT",
        "ETag": "0x8DB99CC20D9E15B",
        "Last-Modified": "Thu, 10 Aug 2023 18:03:40 GMT",
        "request-id": "6395e6ea-c227-4cdc-a166-a24dfba964bf",
        "Server": "Microsoft-HTTPAPI/2.0",
        "Strict-Transport-Security": "max-age=31536000; includeSubDomains",
        "Transfer-Encoding": "chunked",
        "X-Content-Type-Options": "nosniff"
      },
      "ResponseBody": {
        "odata.metadata": "https://sdktest.westus.batch.azure.com/$metadata#tasks/@Element",
        "id": "mytask",
        "url": "REDACTED",
        "eTag": "0x8DB99CC20D9E15B",
        "creationTime": "2023-08-10T18:03:40.6585179Z",
        "lastModified": "2023-08-10T18:03:40.6585179Z",
        "state": "completed",
        "stateTransitionTime": "2023-08-10T18:03:41.972968Z",
        "previousState": "running",
        "previousStateTransitionTime": "2023-08-10T18:03:41.856765Z",
        "commandLine": "/bin/bash -c \u0022echo hello\u0022",
        "userIdentity": {
          "autoUser": {
            "scope": "pool",
            "elevationLevel": "nonadmin"
          }
        },
        "constraints": {
          "maxWallClockTime": "P10675199DT2H48M5.4775807S",
          "retentionTime": "P7D",
          "maxTaskRetryCount": 0
        },
        "requiredSlots": 1,
        "executionInfo": {
          "startTime": "2023-08-10T18:03:41.933779Z",
          "endTime": "2023-08-10T18:03:41.972968Z",
          "exitCode": 0,
          "result": "success",
          "retryCount": 0,
          "requeueCount": 0
        },
        "nodeInfo": {
          "affinityId": "TVM:tvmps_f6a52b363d12c4c8e1f8c1d0322c932be6bc2fa156552b17e36c0bb12b913bbd_d",
          "nodeUrl": "https://sdktest.westus.batch.azure.com/pools/BatchUser-testpool/nodes/tvmps_f6a52b363d12c4c8e1f8c1d0322c932be6bc2fa156552b17e36c0bb12b913bbd_d",
          "poolId": "BatchUser-testpool",
          "nodeId": "tvmps_f6a52b363d12c4c8e1f8c1d0322c932be6bc2fa156552b17e36c0bb12b913bbd_d",
          "taskRootDirectory": "workitems/BatchUser-Job-canReadFromNode/job-1/mytask",
          "taskRootDirectoryUrl": "https://sdktest.westus.batch.azure.com/pools/BatchUser-testpool/nodes/tvmps_f6a52b363d12c4c8e1f8c1d0322c932be6bc2fa156552b17e36c0bb12b913bbd_d/files/workitems/BatchUser-Job-canReadFromNode/job-1/mytask"
        }
      }
    },
    {
      "RequestUri": "https://REDACTED/pools/BatchUser-testpool/nodes/tvmps_f6a52b363d12c4c8e1f8c1d0322c932be6bc2fa156552b17e36c0bb12b913bbd_d/files?api-version=2023-05-01.17.0\u0026recursive=true",
      "RequestMethod": "GET",
      "RequestHeaders": {
        "Accept": "application/json",
        "Authorization": "Sanitized",
        "Content-Length": "0",
        "Date": "Thu, 10 Aug 2023 18:03:52 GMT",
        "User-Agent": "azsdk-java-azure-compute-batch/1.0.0-beta.1 (11.0.19; Windows 11; 10.0)",
        "x-ms-client-request-id": "267e07c8-24de-4ec4-9ad6-19e0cc10f236"
      },
      "RequestBody": null,
      "StatusCode": 200,
      "ResponseHeaders": {
        "Content-Type": "application/json; odata=minimalmetadata",
        "DataServiceVersion": "3.0",
        "Date": "Thu, 10 Aug 2023 18:03:50 GMT",
        "request-id": "d08755ae-86a1-4c71-a2f1-812fb1f6ca5a",
        "Server": "Microsoft-HTTPAPI/2.0",
        "Strict-Transport-Security": "max-age=31536000; includeSubDomains",
        "Transfer-Encoding": "chunked",
        "X-Content-Type-Options": "nosniff"
      },
      "ResponseBody": {
        "odata.metadata": "https://sdktest.westus.batch.azure.com/$metadata#files",
        "value": [
          {
            "name": "shared",
            "url": "REDACTED",
            "isDirectory": true
          },
          {
            "name": "workitems",
            "url": "REDACTED",
            "isDirectory": true
          },
          {
            "name": "volatile",
            "url": "REDACTED",
            "isDirectory": true
          },
          {
            "name": "fsmounts",
            "url": "REDACTED",
            "isDirectory": true
          },
          {
            "name": "startup",
            "url": "REDACTED",
            "isDirectory": true
          },
          {
            "name": "applications",
            "url": "REDACTED",
            "isDirectory": true
          },
          {
            "name": "workitems/BatchUser-Job-canReadFromNode",
            "url": "REDACTED",
            "isDirectory": true
          },
          {
            "name": "volatile/startup",
            "url": "REDACTED",
            "isDirectory": true
          },
          {
            "name": "workitems/BatchUser-Job-canReadFromNode/job-1",
            "url": "REDACTED",
            "isDirectory": true
          },
          {
            "name": "workitems/BatchUser-Job-canReadFromNode/job-1/mytask",
            "url": "REDACTED",
            "isDirectory": true
          },
          {
            "name": "workitems/BatchUser-Job-canReadFromNode/job-1/mytask/stderr.txt",
            "url": "REDACTED",
            "isDirectory": false,
            "properties": {
              "lastModified": "2023-08-10T18:03:41.937726Z",
              "contentLength": "0",
              "contentType": "text/plain",
              "fileMode": "0o100644"
            }
          },
          {
            "name": "workitems/BatchUser-Job-canReadFromNode/job-1/mytask/wd",
            "url": "REDACTED",
            "isDirectory": true
          },
          {
            "name": "workitems/BatchUser-Job-canReadFromNode/job-1/mytask/stdout.txt",
            "url": "REDACTED",
            "isDirectory": false,
            "properties": {
              "lastModified": "2023-08-10T18:03:41.961728Z",
              "contentLength": "6",
              "contentType": "text/plain",
              "fileMode": "0o100644"
            }
          },
          {
            "name": "workitems/BatchUser-Job-canReadFromNode/job-1/mytask/certs",
            "url": "REDACTED",
            "isDirectory": true
          }
        ]
      }
    },
    {
      "RequestUri": "https://REDACTED/pools/BatchUser-testpool/nodes/tvmps_f6a52b363d12c4c8e1f8c1d0322c932be6bc2fa156552b17e36c0bb12b913bbd_d/files/workitems%2FBatchUser-Job-canReadFromNode%2Fjob-1%2Fmytask%2Fstdout.txt?api-version=2023-05-01.17.0",
      "RequestMethod": "GET",
      "RequestHeaders": {
        "Accept": "application/json",
        "Authorization": "Sanitized",
        "Content-Length": "0",
        "Date": "Thu, 10 Aug 2023 18:03:53 GMT",
        "User-Agent": "azsdk-java-azure-compute-batch/1.0.0-beta.1 (11.0.19; Windows 11; 10.0)",
        "x-ms-client-request-id": "e92800f5-2e2a-478d-9d1a-f8be7d1e0180"
      },
      "RequestBody": null,
      "StatusCode": 200,
      "ResponseHeaders": {
        "Content-Type": "text/plain",
        "DataServiceVersion": "3.0",
        "Date": "Thu, 10 Aug 2023 18:03:50 GMT",
        "Last-Modified": "Thu, 10 Aug 2023 18:03:41 GMT",
        "ocp-batch-file-isdirectory": "False",
        "ocp-batch-file-mode": "0o100644",
        "ocp-batch-file-url": "https%3A%2F%2Fsdktest.westus.batch.azure.com%2Fpools%2FBatchUser-testpool%2Fnodes%2Ftvmps_f6a52b363d12c4c8e1f8c1d0322c932be6bc2fa156552b17e36c0bb12b913bbd_d%2Ffiles%2Fworkitems%2FBatchUser-Job-canReadFromNode%2Fjob-1%2Fmytask%2Fstdout.txt",
        "request-id": "74e9ec27-8efa-41ab-8174-f6adc439cbf9",
        "Server": "Microsoft-HTTPAPI/2.0",
        "Strict-Transport-Security": "max-age=31536000; includeSubDomains",
        "Transfer-Encoding": "chunked",
        "X-Content-Type-Options": "nosniff"
      },
      "ResponseBody": [
        "hello\n"
      ]
    },
    {
      "RequestUri": "https://REDACTED/pools/BatchUser-testpool/nodes/tvmps_f6a52b363d12c4c8e1f8c1d0322c932be6bc2fa156552b17e36c0bb12b913bbd_d/files/workitems%2FBatchUser-Job-canReadFromNode%2Fjob-1%2Fmytask%2Fstdout.txt?api-version=2023-05-01.17.0",
      "RequestMethod": "GET",
      "RequestHeaders": {
        "Accept": "application/json",
        "Authorization": "Sanitized",
        "Content-Length": "0",
        "Date": "Thu, 10 Aug 2023 18:03:53 GMT",
        "User-Agent": "azsdk-java-azure-compute-batch/1.0.0-beta.1 (11.0.19; Windows 11; 10.0)",
        "x-ms-client-request-id": "d607fee8-9f74-45a6-9bb2-5993c5785ca7"
      },
      "RequestBody": null,
      "StatusCode": 200,
      "ResponseHeaders": {
        "Content-Type": "text/plain",
        "DataServiceVersion": "3.0",
        "Date": "Thu, 10 Aug 2023 18:03:51 GMT",
        "Last-Modified": "Thu, 10 Aug 2023 18:03:41 GMT",
        "ocp-batch-file-isdirectory": "False",
        "ocp-batch-file-mode": "0o100644",
        "ocp-batch-file-url": "https%3A%2F%2Fsdktest.westus.batch.azure.com%2Fpools%2FBatchUser-testpool%2Fnodes%2Ftvmps_f6a52b363d12c4c8e1f8c1d0322c932be6bc2fa156552b17e36c0bb12b913bbd_d%2Ffiles%2Fworkitems%2FBatchUser-Job-canReadFromNode%2Fjob-1%2Fmytask%2Fstdout.txt",
        "request-id": "93eb857c-250f-4c10-8d47-14bee3ed4249",
        "Server": "Microsoft-HTTPAPI/2.0",
        "Strict-Transport-Security": "max-age=31536000; includeSubDomains",
        "Transfer-Encoding": "chunked",
        "X-Content-Type-Options": "nosniff"
      },
      "ResponseBody": [
        "hello\n"
      ]
    },
    {
      "RequestUri": "https://REDACTED/pools/BatchUser-testpool/nodes/tvmps_f6a52b363d12c4c8e1f8c1d0322c932be6bc2fa156552b17e36c0bb12b913bbd_d/files/workitems%2FBatchUser-Job-canReadFromNode%2Fjob-1%2Fmytask%2Fstdout.txt?api-version=2023-05-01.17.0",
      "RequestMethod": "HEAD",
      "RequestHeaders": {
        "Accept": "application/json",
        "Authorization": "Sanitized",
        "Content-Length": "0",
        "Date": "Thu, 10 Aug 2023 18:03:53 GMT",
        "User-Agent": "azsdk-java-azure-compute-batch/1.0.0-beta.1 (11.0.19; Windows 11; 10.0)",
        "x-ms-client-request-id": "513a4b7e-b09a-4af8-9176-f70594b7419c"
      },
      "RequestBody": null,
      "StatusCode": 200,
      "ResponseHeaders": {
        "Content-Length": "6",
        "Content-Type": "text/plain",
        "DataServiceVersion": "3.0",
        "Date": "Thu, 10 Aug 2023 18:03:51 GMT",
        "Last-Modified": "Thu, 10 Aug 2023 18:03:41 GMT",
        "ocp-batch-file-isdirectory": "False",
        "ocp-batch-file-mode": "0o100644",
        "ocp-batch-file-url": "https%3A%2F%2Fsdktest.westus.batch.azure.com%2Fpools%2FBatchUser-testpool%2Fnodes%2Ftvmps_f6a52b363d12c4c8e1f8c1d0322c932be6bc2fa156552b17e36c0bb12b913bbd_d%2Ffiles%2Fworkitems%2FBatchUser-Job-canReadFromNode%2Fjob-1%2Fmytask%2Fstdout.txt",
        "request-id": "f485ad9b-b9f5-4c1a-b06b-195149aef94f",
        "Server": "Microsoft-HTTPAPI/2.0",
        "Strict-Transport-Security": "max-age=31536000; includeSubDomains",
        "X-Content-Type-Options": "nosniff"
      },
      "ResponseBody": null
    },
    {
      "RequestUri": "https://REDACTED/jobs/BatchUser-Job-canReadFromNode?api-version=2023-05-01.17.0",
      "RequestMethod": "DELETE",
      "RequestHeaders": {
        "Accept": "application/json",
        "Authorization": "Sanitized",
        "Content-Length": "0",
        "Date": "Thu, 10 Aug 2023 18:03:53 GMT",
        "User-Agent": "azsdk-java-azure-compute-batch/1.0.0-beta.1 (11.0.19; Windows 11; 10.0)",
        "x-ms-client-request-id": "aa458bee-8dd8-497c-b70f-7ab0a4504331"
      },
      "RequestBody": null,
      "StatusCode": 202,
      "ResponseHeaders": {
        "DataServiceVersion": "3.0",
        "Date": "Thu, 10 Aug 2023 18:03:51 GMT",
        "request-id": "99cf398e-ff6b-4ff3-aa1e-88ce680fd299",
        "Server": "Microsoft-HTTPAPI/2.0",
        "Strict-Transport-Security": "max-age=31536000; includeSubDomains",
        "Transfer-Encoding": "chunked",
        "X-Content-Type-Options": "nosniff"
      },
      "ResponseBody": null
    }
  ],
  "Variables": {}
}
