{
  "Entries": [
    {
      "RequestUri": "https://REDACTED/pools/BatchUser-testpool?api-version=2023-05-01.17.0",
      "RequestMethod": "HEAD",
      "RequestHeaders": {
        "Accept": "application/json",
        "Authorization": "Sanitized",
        "client-request-id": "d2bee5c1-9fa9-4d15-8334-b92da109bf4f",
        "Content-Length": "0",
        "Date": "Mon, 06 Nov 2023 22:41:55 GMT",
        "User-Agent": "azsdk-java-azure-compute-batch/1.0.0-beta.1 (11.0.20; Windows 11; 10.0)"
      },
      "RequestBody": null,
      "StatusCode": 200,
      "ResponseHeaders": {
        "DataServiceVersion": "3.0",
        "Date": "Mon, 06 Nov 2023 22:41:54 GMT",
        "ETag": "0x8DBC52C54B88553",
        "Last-Modified": "Wed, 04 Oct 2023 22:50:39 GMT",
        "request-id": "d2313ecf-2e2e-48b8-b12e-4c70603204e2",
        "Server": "Microsoft-HTTPAPI/2.0",
        "Strict-Transport-Security": "max-age=31536000; includeSubDomains",
        "Transfer-Encoding": "chunked",
        "X-Content-Type-Options": "nosniff"
      },
      "ResponseBody": null
    },
    {
      "RequestUri": "https://REDACTED/pools/BatchUser-testpool?api-version=2023-05-01.17.0",
      "RequestMethod": "GET",
      "RequestHeaders": {
        "Accept": "application/json",
        "Authorization": "Sanitized",
        "client-request-id": "04f4b3a5-06f0-4aca-bf26-133a02ae3eb0",
        "Content-Length": "0",
        "Date": "Mon, 06 Nov 2023 22:41:57 GMT",
        "User-Agent": "azsdk-java-azure-compute-batch/1.0.0-beta.1 (11.0.20; Windows 11; 10.0)"
      },
      "RequestBody": null,
      "StatusCode": 200,
      "ResponseHeaders": {
        "Content-Type": "application/json; odata=minimalmetadata",
        "DataServiceVersion": "3.0",
        "Date": "Mon, 06 Nov 2023 22:41:54 GMT",
        "ETag": "0x8DBC52C54B88553",
        "Last-Modified": "Wed, 04 Oct 2023 22:50:39 GMT",
        "request-id": "3e67ff1a-cc7e-46ac-be48-b752fb971fe6",
        "Server": "Microsoft-HTTPAPI/2.0",
        "Strict-Transport-Security": "max-age=31536000; includeSubDomains",
        "Transfer-Encoding": "chunked",
        "X-Content-Type-Options": "nosniff"
      },
      "ResponseBody": {
        "odata.metadata": "https://sanjbatch.eastus.batch.azure.com/$metadata#pools/@Element",
        "id": "BatchUser-testpool",
        "url": "REDACTED",
        "eTag": "0x8DBC52C54B88553",
        "lastModified": "2023-10-04T22:50:39.3668947Z",
        "creationTime": "2023-10-04T22:50:39.3668947Z",
        "state": "active",
        "stateTransitionTime": "2023-10-04T22:50:39.3668947Z",
        "allocationState": "steady",
        "allocationStateTransitionTime": "2023-10-04T22:53:03.9460184Z",
        "vmSize": "standard_d1_v2",
        "resizeTimeout": "PT15M",
        "currentDedicatedNodes": 1,
        "targetDedicatedNodes": 1,
        "currentLowPriorityNodes": 0,
        "targetLowPriorityNodes": 0,
        "enableAutoScale": false,
        "enableInterNodeCommunication": false,
        "userAccounts": [
          {
            "name": "test-user",
            "elevationLevel": "admin",
            "linuxUserConfiguration": {
              "uid": 5,
              "gid": 5
            }
          }
        ],
        "taskSlotsPerNode": 1,
        "taskSchedulingPolicy": {
          "nodeFillType": "Spread"
        },
        "virtualMachineConfiguration": {
          "imageReference": {
            "publisher": "Canonical",
            "offer": "UbuntuServer",
            "sku": "18.04-LTS",
            "version": "latest"
          },
          "nodeAgentSKUId": "batch.node.ubuntu 18.04"
        },
        "networkConfiguration": {
          "subnetId": "/subscriptions/42d72928-df33-4f31-9f04-581177fca7d6/resourceGroups/sanjrg/providers/Microsoft.Network/virtualNetworks/sanjvnet/subnets/default",
          "dynamicVNetAssignmentScope": "none",
          "enableAcceleratedNetworking": false
        },
        "currentNodeCommunicationMode": "classic"
      }
    },
    {
      "RequestUri": "https://REDACTED/jobs?api-version=2023-05-01.17.0",
      "RequestMethod": "POST",
      "RequestHeaders": {
        "Accept": "application/json",
        "Authorization": "Sanitized",
        "client-request-id": "0a9bc15b-83b9-4347-b521-23746af4ac3e",
        "Content-Length": "85",
        "Content-Type": "application/json; odata=minimalmetadata",
        "Date": "Mon, 06 Nov 2023 22:41:57 GMT",
        "User-Agent": "azsdk-java-azure-compute-batch/1.0.0-beta.1 (11.0.20; Windows 11; 10.0)"
      },
      "RequestBody": {
        "id": "BatchUser-Job-canReadFromTaskFile",
        "poolInfo": {
          "poolId": "BatchUser-testpool"
        }
      },
      "StatusCode": 201,
      "ResponseHeaders": {
        "DataServiceId": "https://sanjbatch.eastus.batch.azure.com/jobs/job-1",
        "DataServiceVersion": "3.0",
        "Date": "Mon, 06 Nov 2023 22:41:55 GMT",
        "ETag": "0x8DBDF199446DA0E",
        "Last-Modified": "Mon, 06 Nov 2023 22:41:55 GMT",
        "Location": "https://sanjbatch.eastus.batch.azure.com/jobs/job-1",
        "request-id": "dec29b2c-a865-477b-a71c-733ee6574143",
        "Server": "Microsoft-HTTPAPI/2.0",
        "Strict-Transport-Security": "max-age=31536000; includeSubDomains",
        "Transfer-Encoding": "chunked",
        "X-Content-Type-Options": "nosniff"
      },
      "ResponseBody": null
    },
    {
      "RequestUri": "https://REDACTED/jobs/BatchUser-Job-canReadFromTaskFile/tasks?api-version=2023-05-01.17.0",
      "RequestMethod": "POST",
      "RequestHeaders": {
        "Accept": "application/json",
        "Authorization": "Sanitized",
        "client-request-id": "4111bdef-7553-49a8-a9b9-8e7580c0940d",
        "Content-Length": "59",
        "Content-Type": "application/json; odata=minimalmetadata",
        "Date": "Mon, 06 Nov 2023 22:41:57 GMT",
        "User-Agent": "azsdk-java-azure-compute-batch/1.0.0-beta.1 (11.0.20; Windows 11; 10.0)"
      },
      "RequestBody": {
        "id": "mytask",
        "commandLine": "/bin/bash -c \u0022echo hello\u0022"
      },
      "StatusCode": 201,
      "ResponseHeaders": {
        "DataServiceId": "https://sanjbatch.eastus.batch.azure.com/jobs/BatchUser-Job-canReadFromTaskFile/tasks/mytask",
        "DataServiceVersion": "3.0",
        "Date": "Mon, 06 Nov 2023 22:41:55 GMT",
        "ETag": "0x8DBDF199468A2E8",
        "Last-Modified": "Mon, 06 Nov 2023 22:41:56 GMT",
        "Location": "https://sanjbatch.eastus.batch.azure.com/jobs/BatchUser-Job-canReadFromTaskFile/tasks/mytask",
        "request-id": "3566bc74-24c3-4157-b9d4-3fce5e372b68",
        "Server": "Microsoft-HTTPAPI/2.0",
        "Strict-Transport-Security": "max-age=31536000; includeSubDomains",
        "Transfer-Encoding": "chunked",
        "X-Content-Type-Options": "nosniff"
      },
      "ResponseBody": null
    },
    {
      "RequestUri": "https://REDACTED/jobs/BatchUser-Job-canReadFromTaskFile/tasks?api-version=2023-05-01.17.0\u0026%24select=id%2Cstate",
      "RequestMethod": "GET",
      "RequestHeaders": {
        "Accept": "application/json",
        "Authorization": "Sanitized",
        "client-request-id": "1aa41cbd-6588-4a2c-8818-734c10bf7340",
        "Content-Length": "0",
        "Date": "Mon, 06 Nov 2023 22:41:57 GMT",
        "User-Agent": "azsdk-java-azure-compute-batch/1.0.0-beta.1 (11.0.20; Windows 11; 10.0)"
      },
      "RequestBody": null,
      "StatusCode": 200,
      "ResponseHeaders": {
        "Content-Type": "application/json; odata=minimalmetadata",
        "DataServiceVersion": "3.0",
        "Date": "Mon, 06 Nov 2023 22:41:55 GMT",
        "request-id": "acef3ddb-c897-4d55-8586-49edbbbe4cf9",
        "Server": "Microsoft-HTTPAPI/2.0",
        "Strict-Transport-Security": "max-age=31536000; includeSubDomains",
        "Transfer-Encoding": "chunked",
        "X-Content-Type-Options": "nosniff"
      },
      "ResponseBody": {
        "odata.metadata": "https://sanjbatch.eastus.batch.azure.com/$metadata#tasks",
        "value": [
          {
            "id": "mytask",
            "state": "active"
          }
        ]
      }
    },
    {
      "RequestUri": "https://REDACTED/jobs/BatchUser-Job-canReadFromTaskFile/tasks?api-version=2023-05-01.17.0\u0026%24select=id%2Cstate",
      "RequestMethod": "GET",
      "RequestHeaders": {
        "Accept": "application/json",
        "Authorization": "Sanitized",
        "client-request-id": "555427e6-6d3f-4145-b2da-d2adda011183",
        "Content-Length": "0",
        "Date": "Mon, 06 Nov 2023 22:42:07 GMT",
        "User-Agent": "azsdk-java-azure-compute-batch/1.0.0-beta.1 (11.0.20; Windows 11; 10.0)"
      },
      "RequestBody": null,
      "StatusCode": 200,
      "ResponseHeaders": {
        "Content-Type": "application/json; odata=minimalmetadata",
        "DataServiceVersion": "3.0",
        "Date": "Mon, 06 Nov 2023 22:42:05 GMT",
        "request-id": "463c8fe4-1d7b-408f-9782-9560b3d10384",
        "Server": "Microsoft-HTTPAPI/2.0",
        "Strict-Transport-Security": "max-age=31536000; includeSubDomains",
        "Transfer-Encoding": "chunked",
        "X-Content-Type-Options": "nosniff"
      },
      "ResponseBody": {
        "odata.metadata": "https://sanjbatch.eastus.batch.azure.com/$metadata#tasks",
        "value": [
          {
            "id": "mytask",
            "state": "completed"
          }
        ]
      }
    },
    {
      "RequestUri": "https://REDACTED/jobs/BatchUser-Job-canReadFromTaskFile/tasks/mytask/files?api-version=2023-05-01.17.0",
      "RequestMethod": "GET",
      "RequestHeaders": {
        "Accept": "application/json",
        "Authorization": "Sanitized",
        "client-request-id": "dcd2dc88-c7e9-49ac-b3bb-f4b767cb20a7",
        "Content-Length": "0",
        "Date": "Mon, 06 Nov 2023 22:42:07 GMT",
        "User-Agent": "azsdk-java-azure-compute-batch/1.0.0-beta.1 (11.0.20; Windows 11; 10.0)"
      },
      "RequestBody": null,
      "StatusCode": 200,
      "ResponseHeaders": {
        "Content-Type": "application/json; odata=minimalmetadata",
        "DataServiceVersion": "3.0",
        "Date": "Mon, 06 Nov 2023 22:42:05 GMT",
        "request-id": "82a08540-3930-472a-a366-43d17ac9d8eb",
        "Server": "Microsoft-HTTPAPI/2.0",
        "Strict-Transport-Security": "max-age=31536000; includeSubDomains",
        "Transfer-Encoding": "chunked",
        "X-Content-Type-Options": "nosniff"
      },
      "ResponseBody": {
        "odata.metadata": "https://sanjbatch.eastus.batch.azure.com/$metadata#files",
        "value": [
          {
            "name": "stderr.txt",
            "url": "REDACTED",
            "isDirectory": false,
            "properties": {
              "lastModified": "2023-11-06T22:41:57.236668Z",
              "contentLength": "0",
              "contentType": "text/plain",
              "fileMode": "0o100644"
            }
          },
          {
            "name": "wd",
            "url": "REDACTED",
            "isDirectory": true
          },
          {
            "name": "stdout.txt",
            "url": "REDACTED",
            "isDirectory": false,
            "properties": {
              "lastModified": "2023-11-06T22:41:57.272669Z",
              "contentLength": "6",
              "contentType": "text/plain",
              "fileMode": "0o100644"
            }
          },
          {
            "name": "certs",
            "url": "REDACTED",
            "isDirectory": true
          }
        ]
      }
    },
    {
      "RequestUri": "https://REDACTED/jobs/BatchUser-Job-canReadFromTaskFile/tasks/mytask/files/stdout.txt?api-version=2023-05-01.17.0",
      "RequestMethod": "GET",
      "RequestHeaders": {
        "Accept": "application/json, application/octet-stream",
        "Authorization": "Sanitized",
        "client-request-id": "5ce88a27-06fa-4c90-8a38-0d5770e250bf",
        "Content-Length": "0",
        "Date": "Mon, 06 Nov 2023 22:42:08 GMT",
        "User-Agent": "azsdk-java-azure-compute-batch/1.0.0-beta.1 (11.0.20; Windows 11; 10.0)"
      },
      "RequestBody": null,
      "StatusCode": 200,
      "ResponseHeaders": {
        "Content-Type": "text/plain",
        "DataServiceVersion": "3.0",
        "Date": "Mon, 06 Nov 2023 22:42:05 GMT",
        "Last-Modified": "Mon, 06 Nov 2023 22:41:57 GMT",
        "ocp-batch-file-isdirectory": "False",
        "ocp-batch-file-mode": "0o100644",
        "ocp-batch-file-url": "https%3A%2F%2Fsanjbatch.eastus.batch.azure.com%2Fjobs%2FBatchUser-Job-canReadFromTaskFile%2Ftasks%2Fmytask%2Ffiles%2Fstdout.txt",
        "request-id": "6a98d43b-ca10-4485-abc9-e8b412cc095a",
        "Server": "Microsoft-HTTPAPI/2.0",
        "Strict-Transport-Security": "max-age=31536000; includeSubDomains",
        "Transfer-Encoding": "chunked",
        "X-Content-Type-Options": "nosniff"
      },
      "ResponseBody": [
        "hello\n"
      ]
    },
    {
      "RequestUri": "https://REDACTED/jobs/BatchUser-Job-canReadFromTaskFile/tasks/mytask/files/stdout.txt?api-version=2023-05-01.17.0",
      "RequestMethod": "GET",
      "RequestHeaders": {
        "Accept": "application/json, application/octet-stream",
        "Authorization": "Sanitized",
        "client-request-id": "f2988d63-4c3e-421d-8ed9-7056c2d227fa",
        "Content-Length": "0",
        "Date": "Mon, 06 Nov 2023 22:42:08 GMT",
        "User-Agent": "azsdk-java-azure-compute-batch/1.0.0-beta.1 (11.0.20; Windows 11; 10.0)"
      },
      "RequestBody": null,
      "StatusCode": 200,
      "ResponseHeaders": {
        "Content-Type": "text/plain",
        "DataServiceVersion": "3.0",
        "Date": "Mon, 06 Nov 2023 22:42:05 GMT",
        "Last-Modified": "Mon, 06 Nov 2023 22:41:57 GMT",
        "ocp-batch-file-isdirectory": "False",
        "ocp-batch-file-mode": "0o100644",
        "ocp-batch-file-url": "https%3A%2F%2Fsanjbatch.eastus.batch.azure.com%2Fjobs%2FBatchUser-Job-canReadFromTaskFile%2Ftasks%2Fmytask%2Ffiles%2Fstdout.txt",
        "request-id": "6d0a6c4a-062e-4365-a9e6-926c48a66395",
        "Server": "Microsoft-HTTPAPI/2.0",
        "Strict-Transport-Security": "max-age=31536000; includeSubDomains",
        "Transfer-Encoding": "chunked",
        "X-Content-Type-Options": "nosniff"
      },
      "ResponseBody": [
        "hello\n"
      ]
    },
    {
      "RequestUri": "https://REDACTED/jobs/BatchUser-Job-canReadFromTaskFile/tasks/mytask/files/stdout.txt?api-version=2023-05-01.17.0",
      "RequestMethod": "HEAD",
      "RequestHeaders": {
        "Accept": "application/json",
        "Authorization": "Sanitized",
        "client-request-id": "070fa775-dbf1-4067-a12d-675fd4233211",
        "Content-Length": "0",
        "Date": "Mon, 06 Nov 2023 22:42:08 GMT",
        "User-Agent": "azsdk-java-azure-compute-batch/1.0.0-beta.1 (11.0.20; Windows 11; 10.0)"
      },
      "RequestBody": null,
      "StatusCode": 200,
      "ResponseHeaders": {
        "Content-Length": "6",
        "Content-Type": "text/plain",
        "DataServiceVersion": "3.0",
        "Date": "Mon, 06 Nov 2023 22:42:06 GMT",
        "Last-Modified": "Mon, 06 Nov 2023 22:41:57 GMT",
        "ocp-batch-file-isdirectory": "False",
        "ocp-batch-file-mode": "0o100644",
        "ocp-batch-file-url": "https%3A%2F%2Fsanjbatch.eastus.batch.azure.com%2Fjobs%2FBatchUser-Job-canReadFromTaskFile%2Ftasks%2Fmytask%2Ffiles%2Fstdout.txt",
        "request-id": "edfad8a2-3e6a-4075-8281-af0d44f94265",
        "Server": "Microsoft-HTTPAPI/2.0",
        "Strict-Transport-Security": "max-age=31536000; includeSubDomains",
        "X-Content-Type-Options": "nosniff"
      },
      "ResponseBody": null
    },
    {
      "RequestUri": "https://REDACTED/jobs/BatchUser-Job-canReadFromTaskFile?api-version=2023-05-01.17.0",
      "RequestMethod": "DELETE",
      "RequestHeaders": {
        "Accept": "application/json",
        "Authorization": "Sanitized",
        "client-request-id": "2d4d3648-c5b4-4d40-abc3-4056a69e117f",
        "Content-Length": "0",
        "Date": "Mon, 06 Nov 2023 22:42:08 GMT",
        "User-Agent": "azsdk-java-azure-compute-batch/1.0.0-beta.1 (11.0.20; Windows 11; 10.0)"
      },
      "RequestBody": null,
      "StatusCode": 202,
      "ResponseHeaders": {
        "DataServiceVersion": "3.0",
        "Date": "Mon, 06 Nov 2023 22:42:06 GMT",
        "request-id": "ee914ba8-b414-44d3-b7fa-dba32532062b",
        "Server": "Microsoft-HTTPAPI/2.0",
        "Strict-Transport-Security": "max-age=31536000; includeSubDomains",
        "Transfer-Encoding": "chunked",
        "X-Content-Type-Options": "nosniff"
      },
      "ResponseBody": null
    }
  ],
  "Variables": {}
}
