{
  "Entries": [
    {
      "RequestUri": "https://REDACTED/pools/BatchUser-testpool?api-version=2024-02-01.19.0",
      "RequestMethod": "HEAD",
      "RequestHeaders": {
        "Accept": "application/json",
        "Authorization": "Sanitized",
        "client-request-id": "9e5ae713-d174-41ad-8b1c-51b71fb2fe58",
        "Content-Length": "0",
        "Date": "Mon, 11 Mar 2024 01:48:30 GMT",
        "User-Agent": "azsdk-java-azure-compute-batch/1.0.0-beta.1 (17.0.9; Windows 11; 10.0)"
      },
      "RequestBody": null,
      "StatusCode": 200,
      "ResponseHeaders": {
        "DataServiceVersion": "3.0",
        "Date": "Mon, 11 Mar 2024 01:48:34 GMT",
        "ETag": "0x8DBC52C54B88553",
        "Last-Modified": "Wed, 04 Oct 2023 22:50:39 GMT",
        "request-id": "9dc14393-2d5f-4e74-9a12-e18fc187962e",
        "Server": "Microsoft-HTTPAPI/2.0",
        "Strict-Transport-Security": "max-age=31536000; includeSubDomains",
        "Transfer-Encoding": "chunked",
        "X-Content-Type-Options": "nosniff"
      },
      "ResponseBody": null
    },
    {
      "RequestUri": "https://REDACTED/pools/BatchUser-testpool?api-version=2024-02-01.19.0",
      "RequestMethod": "GET",
      "RequestHeaders": {
        "Accept": "application/json",
        "Authorization": "Sanitized",
        "client-request-id": "7f241d8f-82f2-43f1-949a-c1779d9e1124",
        "Content-Length": "0",
        "Date": "Mon, 11 Mar 2024 01:48:32 GMT",
        "User-Agent": "azsdk-java-azure-compute-batch/1.0.0-beta.1 (17.0.9; Windows 11; 10.0)"
      },
      "RequestBody": null,
      "StatusCode": 200,
      "ResponseHeaders": {
        "Content-Type": "application/json; odata=minimalmetadata",
        "DataServiceVersion": "3.0",
        "Date": "Mon, 11 Mar 2024 01:48:34 GMT",
        "ETag": "0x8DBC52C54B88553",
        "Last-Modified": "Wed, 04 Oct 2023 22:50:39 GMT",
        "request-id": "b230d979-7e0c-4498-be9b-b338862edfb4",
        "Server": "Microsoft-HTTPAPI/2.0",
        "Strict-Transport-Security": "max-age=31536000; includeSubDomains",
        "Transfer-Encoding": "chunked",
        "X-Content-Type-Options": "nosniff"
      },
      "ResponseBody": {
        "odata.metadata": "https://sanjbatch.eastus.batch.azure.com/$metadata#pools/@Element",
        "id": "BatchUser-testpool",
        "url": "REDACTED",
        "eTag": "0x8DBC52C54B88553",
        "lastModified": "2023-10-04T22:50:39.3668947Z",
        "creationTime": "2023-10-04T22:50:39.3668947Z",
        "state": "active",
        "stateTransitionTime": "2023-10-04T22:50:39.3668947Z",
        "allocationState": "steady",
        "allocationStateTransitionTime": "2023-10-04T22:53:03.9460184Z",
        "vmSize": "standard_d1_v2",
        "resizeTimeout": "PT15M",
        "currentDedicatedNodes": 1,
        "targetDedicatedNodes": 1,
        "currentLowPriorityNodes": 0,
        "targetLowPriorityNodes": 0,
        "enableAutoScale": false,
        "enableInterNodeCommunication": false,
        "userAccounts": [
          {
            "name": "test-user",
            "elevationLevel": "admin",
            "linuxUserConfiguration": {
              "uid": 5,
              "gid": 5
            }
          }
        ],
        "taskSlotsPerNode": 1,
        "taskSchedulingPolicy": {
          "nodeFillType": "Spread"
        },
        "virtualMachineConfiguration": {
          "imageReference": {
            "publisher": "Canonical",
            "offer": "UbuntuServer",
            "sku": "18.04-LTS",
            "version": "latest"
          },
          "nodeAgentSKUId": "batch.node.ubuntu 18.04"
        },
        "networkConfiguration": {
          "subnetId": "/subscriptions/42d72928-df33-4f31-9f04-581177fca7d6/resourceGroups/sanjrg/providers/Microsoft.Network/virtualNetworks/sanjvnet/subnets/default",
          "dynamicVNetAssignmentScope": "none",
          "enableAcceleratedNetworking": false
        },
        "currentNodeCommunicationMode": "classic"
      }
    },
    {
      "RequestUri": "https://REDACTED/jobschedules?api-version=2024-02-01.19.0",
      "RequestMethod": "POST",
      "RequestHeaders": {
        "Accept": "application/json",
        "Authorization": "Sanitized",
        "client-request-id": "b3e07bc1-b4e7-4f32-81dc-710ba1060da2",
        "Content-Length": "242",
        "Content-Type": "application/json; odata=minimalmetadata",
        "Date": "Mon, 11 Mar 2024 01:48:32 GMT",
        "User-Agent": "azsdk-java-azure-compute-batch/1.0.0-beta.1 (17.0.9; Windows 11; 10.0)"
      },
      "RequestBody": {
        "id": "BatchUser-JobSchedule-canCRUD",
        "schedule": {
          "doNotRunUntil": "2024-03-11T01:48:32.635919Z",
          "doNotRunAfter": "2024-03-11T06:48:32.635919Z",
          "startWindow": "P5D"
        },
        "jobSpecification": {
          "poolInfo": {
            "poolId": "BatchUser-testpool"
          },
          "priority": 100
        }
      },
      "StatusCode": 201,
      "ResponseHeaders": {
        "DataServiceId": "https://sanjbatch.eastus.batch.azure.com/jobschedules/BatchUser-JobSchedule-canCRUD",
        "DataServiceVersion": "3.0",
        "Date": "Mon, 11 Mar 2024 01:48:34 GMT",
        "ETag": "0x8DC416D5D680D3F",
        "Last-Modified": "Mon, 11 Mar 2024 01:48:35 GMT",
        "Location": "https://sanjbatch.eastus.batch.azure.com/jobschedules/BatchUser-JobSchedule-canCRUD",
        "request-id": "021229f3-dcce-4023-9517-d1226c6c6a85",
        "Server": "Microsoft-HTTPAPI/2.0",
        "Strict-Transport-Security": "max-age=31536000; includeSubDomains",
        "Transfer-Encoding": "chunked",
        "X-Content-Type-Options": "nosniff"
      },
      "ResponseBody": null
    },
    {
      "RequestUri": "https://REDACTED/jobschedules/BatchUser-JobSchedule-canCRUD?api-version=2024-02-01.19.0",
      "RequestMethod": "HEAD",
      "RequestHeaders": {
        "Accept": "application/json",
        "Authorization": "Sanitized",
        "client-request-id": "814e81ac-d9ad-4712-ad0c-2ba36f23fd32",
        "Content-Length": "0",
        "Date": "Mon, 11 Mar 2024 01:48:32 GMT",
        "User-Agent": "azsdk-java-azure-compute-batch/1.0.0-beta.1 (17.0.9; Windows 11; 10.0)"
      },
      "RequestBody": null,
      "StatusCode": 200,
      "ResponseHeaders": {
        "DataServiceVersion": "3.0",
        "Date": "Mon, 11 Mar 2024 01:48:35 GMT",
        "ETag": "0x8DC416D5D680D3F",
        "Last-Modified": "Mon, 11 Mar 2024 01:48:35 GMT",
        "request-id": "32e083dc-66b9-4cf8-bc89-4c767a10abf3",
        "Server": "Microsoft-HTTPAPI/2.0",
        "Strict-Transport-Security": "max-age=31536000; includeSubDomains",
        "Transfer-Encoding": "chunked",
        "X-Content-Type-Options": "nosniff"
      },
      "ResponseBody": null
    },
    {
      "RequestUri": "https://REDACTED/jobschedules/BatchUser-JobSchedule-canCRUD?api-version=2024-02-01.19.0",
      "RequestMethod": "GET",
      "RequestHeaders": {
        "Accept": "application/json",
        "Authorization": "Sanitized",
        "client-request-id": "59142c83-e869-4c82-9e78-d1a0b8a42d44",
        "Content-Length": "0",
        "Date": "Mon, 11 Mar 2024 01:48:32 GMT",
        "User-Agent": "azsdk-java-azure-compute-batch/1.0.0-beta.1 (17.0.9; Windows 11; 10.0)"
      },
      "RequestBody": null,
      "StatusCode": 200,
      "ResponseHeaders": {
        "Content-Type": "application/json; odata=minimalmetadata",
        "DataServiceVersion": "3.0",
        "Date": "Mon, 11 Mar 2024 01:48:35 GMT",
        "ETag": "0x8DC416D5D680D3F",
        "Last-Modified": "Mon, 11 Mar 2024 01:48:35 GMT",
        "request-id": "bf57383b-664e-4733-8808-3d57deb79bf5",
        "Server": "Microsoft-HTTPAPI/2.0",
        "Strict-Transport-Security": "max-age=31536000; includeSubDomains",
        "Transfer-Encoding": "chunked",
        "X-Content-Type-Options": "nosniff"
      },
      "ResponseBody": {
        "odata.metadata": "https://sanjbatch.eastus.batch.azure.com/$metadata#jobschedules/@Element",
        "id": "BatchUser-JobSchedule-canCRUD",
        "url": "REDACTED",
        "eTag": "0x8DC416D5D680D3F",
        "lastModified": "2024-03-11T01:48:35.4108735Z",
        "creationTime": "2024-03-11T01:48:35.4108735Z",
        "state": "active",
        "stateTransitionTime": "2024-03-11T01:48:35.4108735Z",
        "schedule": {
          "doNotRunUntil": "2024-03-11T01:48:32.635919Z",
          "doNotRunAfter": "2024-03-11T06:48:32.635919Z",
          "startWindow": "P5D"
        },
        "jobSpecification": {
          "priority": 100,
          "maxParallelTasks": -1,
          "allowTaskPreemption": false,
          "usesTaskDependencies": false,
          "onAllTasksComplete": "noaction",
          "onTaskFailure": "noaction",
          "constraints": {
            "maxWallClockTime": "P10675199DT2H48M5.4775807S",
            "maxTaskRetryCount": 0
          },
          "poolInfo": {
            "poolId": "BatchUser-testpool"
          }
        },
        "executionInfo": {
          "recentJob": {
            "url": "REDACTED",
            "id": "BatchUser-JobSchedule-canCRUD:job-1"
          }
        }
      }
    },
    {
      "RequestUri": "https://REDACTED/jobschedules?api-version=2024-02-01.19.0\u0026%24filter=id%20eq%20%27BatchUser-JobSchedule-canCRUD%27",
      "RequestMethod": "GET",
      "RequestHeaders": {
        "Accept": "application/json",
        "Authorization": "Sanitized",
        "client-request-id": "c8b24bd2-b31f-4b14-855b-a16d5d95fe17",
        "Content-Length": "0",
        "Date": "Mon, 11 Mar 2024 01:48:33 GMT",
        "User-Agent": "azsdk-java-azure-compute-batch/1.0.0-beta.1 (17.0.9; Windows 11; 10.0)"
      },
      "RequestBody": null,
      "StatusCode": 200,
      "ResponseHeaders": {
        "Content-Type": "application/json; odata=minimalmetadata",
        "DataServiceVersion": "3.0",
        "Date": "Mon, 11 Mar 2024 01:48:35 GMT",
        "request-id": "940953c1-b6fc-41de-961c-e7d192cc54c2",
        "Server": "Microsoft-HTTPAPI/2.0",
        "Strict-Transport-Security": "max-age=31536000; includeSubDomains",
        "Transfer-Encoding": "chunked",
        "X-Content-Type-Options": "nosniff"
      },
      "ResponseBody": {
        "odata.metadata": "https://sanjbatch.eastus.batch.azure.com/$metadata#jobschedules",
        "value": [
          {
            "id": "BatchUser-JobSchedule-canCRUD",
            "url": "REDACTED",
            "eTag": "0x8DC416D5D680D3F",
            "lastModified": "2024-03-11T01:48:35.4108735Z",
            "creationTime": "2024-03-11T01:48:35.4108735Z",
            "state": "active",
            "stateTransitionTime": "2024-03-11T01:48:35.4108735Z",
            "schedule": {
              "doNotRunUntil": "2024-03-11T01:48:32.635919Z",
              "doNotRunAfter": "2024-03-11T06:48:32.635919Z",
              "startWindow": "P5D"
            },
            "jobSpecification": {
              "priority": 100,
              "maxParallelTasks": -1,
              "allowTaskPreemption": false,
              "usesTaskDependencies": false,
              "onAllTasksComplete": "noaction",
              "onTaskFailure": "noaction",
              "constraints": {
                "maxWallClockTime": "P10675199DT2H48M5.4775807S",
                "maxTaskRetryCount": 0
              },
              "poolInfo": {
                "poolId": "BatchUser-testpool"
              }
            },
            "executionInfo": {
              "recentJob": {
                "url": "REDACTED",
                "id": "BatchUser-JobSchedule-canCRUD:job-1"
              }
            }
          }
        ]
      }
    },
    {
      "RequestUri": "https://REDACTED/jobschedules/BatchUser-JobSchedule-canCRUD?api-version=2024-02-01.19.0",
      "RequestMethod": "PUT",
      "RequestHeaders": {
        "Accept": "application/json",
        "Authorization": "Sanitized",
        "client-request-id": "f25504a9-8932-4b4d-95a7-fa628748775e",
        "Content-Length": "506",
        "Content-Type": "application/json; odata=minimalmetadata",
        "Date": "Mon, 11 Mar 2024 01:48:33 GMT",
        "User-Agent": "azsdk-java-azure-compute-batch/1.0.0-beta.1 (17.0.9; Windows 11; 10.0)"
      },
      "RequestBody": {
        "jobSpecification": {
          "poolInfo": {
            "poolId": "BatchUser-testpool"
          },
          "priority": 100,
          "allowTaskPreemption": false,
          "maxParallelTasks": -1,
          "usesTaskDependencies": false,
          "onAllTasksComplete": "noaction",
          "onTaskFailure": "noaction",
          "constraints": {
            "maxWallClockTime": "P10675199DT2H48M5.477S",
            "maxTaskRetryCount": 0
          }
        },
        "schedule": {
          "doNotRunUntil": "2024-03-11T01:48:32.635919Z",
          "doNotRunAfter": "2024-03-11T06:48:32.635919Z",
          "startWindow": "P5D"
        },
        "metadata": [
          {
            "name": "name1",
            "value": "value1"
          },
          {
            "name": "name2",
            "value": "value2"
          }
        ]
      },
      "StatusCode": 429,
      "ResponseHeaders": {
        "Content-Length": "372",
        "Content-Type": "application/json; odata=minimalmetadata",
        "DataServiceVersion": "3.0",
        "Date": "Mon, 11 Mar 2024 01:48:35 GMT",
        "request-id": "9c6e1650-e015-43ae-bcb0-9dbdc6124689",
        "Retry-After": "30",
        "Server": "Microsoft-HTTPAPI/2.0",
        "Strict-Transport-Security": "max-age=31536000; includeSubDomains",
        "X-Content-Type-Options": "nosniff"
      },
      "ResponseBody": {
        "odata.metadata": "https://sanjbatch.eastus.batch.azure.com/$metadata#Microsoft.Azure.Batch.Protocol.Entities.Container.errors/@Element",
        "code": "TooManyRequests",
        "message": {
          "lang": "en-US",
          "value": "Request failed as server encountered too many requests. Please try again.\nRequestId:9c6e1650-e015-43ae-bcb0-9dbdc6124689\nTime:2024-03-11T01:48:35.9332172Z"
        }
      }
    },
    {
      "RequestUri": "https://REDACTED/jobschedules/BatchUser-JobSchedule-canCRUD?api-version=2024-02-01.19.0",
      "RequestMethod": "PUT",
      "RequestHeaders": {
        "Accept": "application/json",
        "Authorization": "Sanitized",
        "client-request-id": "f25504a9-8932-4b4d-95a7-fa628748775e",
        "Content-Length": "506",
        "Content-Type": "application/json; odata=minimalmetadata",
        "Date": "Mon, 11 Mar 2024 01:48:34 GMT",
        "User-Agent": "azsdk-java-azure-compute-batch/1.0.0-beta.1 (17.0.9; Windows 11; 10.0)"
      },
      "RequestBody": {
        "jobSpecification": {
          "poolInfo": {
            "poolId": "BatchUser-testpool"
          },
          "priority": 100,
          "allowTaskPreemption": false,
          "maxParallelTasks": -1,
          "usesTaskDependencies": false,
          "onAllTasksComplete": "noaction",
          "onTaskFailure": "noaction",
          "constraints": {
            "maxWallClockTime": "P10675199DT2H48M5.477S",
            "maxTaskRetryCount": 0
          }
        },
        "schedule": {
          "doNotRunUntil": "2024-03-11T01:48:32.635919Z",
          "doNotRunAfter": "2024-03-11T06:48:32.635919Z",
          "startWindow": "P5D"
        },
        "metadata": [
          {
            "name": "name1",
            "value": "value1"
          },
          {
            "name": "name2",
            "value": "value2"
          }
        ]
      },
      "StatusCode": 429,
      "ResponseHeaders": {
        "Content-Length": "372",
        "Content-Type": "application/json; odata=minimalmetadata",
        "DataServiceVersion": "3.0",
        "Date": "Mon, 11 Mar 2024 01:48:36 GMT",
        "request-id": "0c04ed46-6c13-49de-b0e6-308fb98b3fa5",
        "Retry-After": "30",
        "Server": "Microsoft-HTTPAPI/2.0",
        "Strict-Transport-Security": "max-age=31536000; includeSubDomains",
        "X-Content-Type-Options": "nosniff"
      },
      "ResponseBody": {
        "odata.metadata": "https://sanjbatch.eastus.batch.azure.com/$metadata#Microsoft.Azure.Batch.Protocol.Entities.Container.errors/@Element",
        "code": "TooManyRequests",
        "message": {
          "lang": "en-US",
          "value": "Request failed as server encountered too many requests. Please try again.\nRequestId:0c04ed46-6c13-49de-b0e6-308fb98b3fa5\nTime:2024-03-11T01:48:36.8428305Z"
        }
      }
    },
    {
      "RequestUri": "https://REDACTED/jobschedules/BatchUser-JobSchedule-canCRUD?api-version=2024-02-01.19.0",
      "RequestMethod": "PUT",
      "RequestHeaders": {
        "Accept": "application/json",
        "Authorization": "Sanitized",
        "client-request-id": "f25504a9-8932-4b4d-95a7-fa628748775e",
        "Content-Length": "506",
        "Content-Type": "application/json; odata=minimalmetadata",
        "Date": "Mon, 11 Mar 2024 01:48:35 GMT",
        "User-Agent": "azsdk-java-azure-compute-batch/1.0.0-beta.1 (17.0.9; Windows 11; 10.0)"
      },
      "RequestBody": {
        "jobSpecification": {
          "poolInfo": {
            "poolId": "BatchUser-testpool"
          },
          "priority": 100,
          "allowTaskPreemption": false,
          "maxParallelTasks": -1,
          "usesTaskDependencies": false,
          "onAllTasksComplete": "noaction",
          "onTaskFailure": "noaction",
          "constraints": {
            "maxWallClockTime": "P10675199DT2H48M5.477S",
            "maxTaskRetryCount": 0
          }
        },
        "schedule": {
          "doNotRunUntil": "2024-03-11T01:48:32.635919Z",
          "doNotRunAfter": "2024-03-11T06:48:32.635919Z",
          "startWindow": "P5D"
        },
        "metadata": [
          {
            "name": "name1",
            "value": "value1"
          },
          {
            "name": "name2",
            "value": "value2"
          }
        ]
      },
      "StatusCode": 200,
      "ResponseHeaders": {
        "DataServiceId": "https://sanjbatch.eastus.batch.azure.com/jobschedules/BatchUser-JobSchedule-canCRUD",
        "DataServiceVersion": "3.0",
        "Date": "Mon, 11 Mar 2024 01:48:37 GMT",
        "ETag": "0x8DC416D5F41EB03",
        "Last-Modified": "Mon, 11 Mar 2024 01:48:38 GMT",
        "request-id": "fda0d55b-c48b-46db-aa6e-388a23194148",
        "Server": "Microsoft-HTTPAPI/2.0",
        "Strict-Transport-Security": "max-age=31536000; includeSubDomains",
        "Transfer-Encoding": "chunked",
        "X-Content-Type-Options": "nosniff"
      },
      "ResponseBody": null
    },
    {
      "RequestUri": "https://REDACTED/jobschedules/BatchUser-JobSchedule-canCRUD?api-version=2024-02-01.19.0",
      "RequestMethod": "GET",
      "RequestHeaders": {
        "Accept": "application/json",
        "Authorization": "Sanitized",
        "client-request-id": "dad5fe5f-9813-4efd-9001-815cb685eeb1",
        "Content-Length": "0",
        "Date": "Mon, 11 Mar 2024 01:48:35 GMT",
        "User-Agent": "azsdk-java-azure-compute-batch/1.0.0-beta.1 (17.0.9; Windows 11; 10.0)"
      },
      "RequestBody": null,
      "StatusCode": 200,
      "ResponseHeaders": {
        "Content-Type": "application/json; odata=minimalmetadata",
        "DataServiceVersion": "3.0",
        "Date": "Mon, 11 Mar 2024 01:48:37 GMT",
        "ETag": "0x8DC416D5F41EB03",
        "Last-Modified": "Mon, 11 Mar 2024 01:48:38 GMT",
        "request-id": "c429ef92-2a99-49a5-bd2b-83f4ce787c58",
        "Server": "Microsoft-HTTPAPI/2.0",
        "Strict-Transport-Security": "max-age=31536000; includeSubDomains",
        "Transfer-Encoding": "chunked",
        "X-Content-Type-Options": "nosniff"
      },
      "ResponseBody": {
        "odata.metadata": "https://sanjbatch.eastus.batch.azure.com/$metadata#jobschedules/@Element",
        "id": "BatchUser-JobSchedule-canCRUD",
        "url": "REDACTED",
        "eTag": "0x8DC416D5F41EB03",
        "lastModified": "2024-03-11T01:48:38.5164035Z",
        "creationTime": "2024-03-11T01:48:35.4108735Z",
        "state": "active",
        "stateTransitionTime": "2024-03-11T01:48:35.4108735Z",
        "schedule": {
          "doNotRunUntil": "2024-03-11T01:48:32.635919Z",
          "doNotRunAfter": "2024-03-11T06:48:32.635919Z",
          "startWindow": "P5D"
        },
        "jobSpecification": {
          "priority": 100,
          "maxParallelTasks": -1,
          "allowTaskPreemption": false,
          "usesTaskDependencies": false,
          "onAllTasksComplete": "noaction",
          "onTaskFailure": "noaction",
          "constraints": {
            "maxWallClockTime": "P10675199DT2H48M5.477S",
            "maxTaskRetryCount": 0
          },
          "poolInfo": {
            "poolId": "BatchUser-testpool"
          }
        },
        "executionInfo": {
          "recentJob": {
            "url": "REDACTED",
            "id": "BatchUser-JobSchedule-canCRUD:job-1"
          }
        },
        "metadata": [
          {
            "name": "name1",
            "value": "value1"
          },
          {
            "name": "name2",
            "value": "value2"
          }
        ]
      }
    },
    {
      "RequestUri": "https://REDACTED/jobschedules/BatchUser-JobSchedule-canCRUD?api-version=2024-02-01.19.0",
      "RequestMethod": "PATCH",
      "RequestHeaders": {
        "Accept": "application/json",
        "Authorization": "Sanitized",
        "client-request-id": "4b976200-ba48-40b4-b7ba-b9020abb1e5f",
        "Content-Length": "47",
        "Content-Type": "application/json; odata=minimalmetadata",
        "Date": "Mon, 11 Mar 2024 01:48:36 GMT",
        "User-Agent": "azsdk-java-azure-compute-batch/1.0.0-beta.1 (17.0.9; Windows 11; 10.0)"
      },
      "RequestBody": {
        "metadata": [
          {
            "name": "key1",
            "value": "value1"
          }
        ]
      },
      "StatusCode": 429,
      "ResponseHeaders": {
        "Content-Length": "372",
        "Content-Type": "application/json; odata=minimalmetadata",
        "DataServiceVersion": "3.0",
        "Date": "Mon, 11 Mar 2024 01:48:37 GMT",
        "request-id": "5f6fa8cc-d710-472f-8d66-59a1236fa358",
        "Retry-After": "30",
        "Server": "Microsoft-HTTPAPI/2.0",
        "Strict-Transport-Security": "max-age=31536000; includeSubDomains",
        "X-Content-Type-Options": "nosniff"
      },
      "ResponseBody": {
        "odata.metadata": "https://sanjbatch.eastus.batch.azure.com/$metadata#Microsoft.Azure.Batch.Protocol.Entities.Container.errors/@Element",
        "code": "TooManyRequests",
        "message": {
          "lang": "en-US",
          "value": "Request failed as server encountered too many requests. Please try again.\nRequestId:5f6fa8cc-d710-472f-8d66-59a1236fa358\nTime:2024-03-11T01:48:38.7193707Z"
        }
      }
    },
    {
      "RequestUri": "https://REDACTED/jobschedules/BatchUser-JobSchedule-canCRUD?api-version=2024-02-01.19.0",
      "RequestMethod": "PATCH",
      "RequestHeaders": {
        "Accept": "application/json",
        "Authorization": "Sanitized",
        "client-request-id": "4b976200-ba48-40b4-b7ba-b9020abb1e5f",
        "Content-Length": "47",
        "Content-Type": "application/json; odata=minimalmetadata",
        "Date": "Mon, 11 Mar 2024 01:48:36 GMT",
        "User-Agent": "azsdk-java-azure-compute-batch/1.0.0-beta.1 (17.0.9; Windows 11; 10.0)"
      },
      "RequestBody": {
        "metadata": [
          {
            "name": "key1",
            "value": "value1"
          }
        ]
      },
      "StatusCode": 429,
      "ResponseHeaders": {
        "Content-Length": "372",
        "Content-Type": "application/json; odata=minimalmetadata",
        "DataServiceVersion": "3.0",
        "Date": "Mon, 11 Mar 2024 01:48:39 GMT",
        "request-id": "505f5031-ab43-43d9-ac77-2123e07d1b26",
        "Retry-After": "30",
        "Server": "Microsoft-HTTPAPI/2.0",
        "Strict-Transport-Security": "max-age=31536000; includeSubDomains",
        "X-Content-Type-Options": "nosniff"
      },
      "ResponseBody": {
        "odata.metadata": "https://sanjbatch.eastus.batch.azure.com/$metadata#Microsoft.Azure.Batch.Protocol.Entities.Container.errors/@Element",
        "code": "TooManyRequests",
        "message": {
          "lang": "en-US",
          "value": "Request failed as server encountered too many requests. Please try again.\nRequestId:505f5031-ab43-43d9-ac77-2123e07d1b26\nTime:2024-03-11T01:48:39.6475267Z"
        }
      }
    },
    {
      "RequestUri": "https://REDACTED/jobschedules/BatchUser-JobSchedule-canCRUD?api-version=2024-02-01.19.0",
      "RequestMethod": "PATCH",
      "RequestHeaders": {
        "Accept": "application/json",
        "Authorization": "Sanitized",
        "client-request-id": "4b976200-ba48-40b4-b7ba-b9020abb1e5f",
        "Content-Length": "47",
        "Content-Type": "application/json; odata=minimalmetadata",
        "Date": "Mon, 11 Mar 2024 01:48:38 GMT",
        "User-Agent": "azsdk-java-azure-compute-batch/1.0.0-beta.1 (17.0.9; Windows 11; 10.0)"
      },
      "RequestBody": {
        "metadata": [
          {
            "name": "key1",
            "value": "value1"
          }
        ]
      },
      "StatusCode": 200,
      "ResponseHeaders": {
        "DataServiceId": "https://sanjbatch.eastus.batch.azure.com/jobschedules/BatchUser-JobSchedule-canCRUD",
        "DataServiceVersion": "3.0",
        "Date": "Mon, 11 Mar 2024 01:48:40 GMT",
        "ETag": "0x8DC416D60F29E84",
        "Last-Modified": "Mon, 11 Mar 2024 01:48:41 GMT",
        "request-id": "a662ecac-0980-427a-9f6d-77a1490044bb",
        "Server": "Microsoft-HTTPAPI/2.0",
        "Strict-Transport-Security": "max-age=31536000; includeSubDomains",
        "Transfer-Encoding": "chunked",
        "X-Content-Type-Options": "nosniff"
      },
      "ResponseBody": null
    },
    {
      "RequestUri": "https://REDACTED/jobschedules/BatchUser-JobSchedule-canCRUD?api-version=2024-02-01.19.0",
      "RequestMethod": "GET",
      "RequestHeaders": {
        "Accept": "application/json",
        "Authorization": "Sanitized",
        "client-request-id": "92309e80-f461-4da3-b5ee-6b959064dcd5",
        "Content-Length": "0",
        "Date": "Mon, 11 Mar 2024 01:48:38 GMT",
        "User-Agent": "azsdk-java-azure-compute-batch/1.0.0-beta.1 (17.0.9; Windows 11; 10.0)"
      },
      "RequestBody": null,
      "StatusCode": 200,
      "ResponseHeaders": {
        "Content-Type": "application/json; odata=minimalmetadata",
        "DataServiceVersion": "3.0",
        "Date": "Mon, 11 Mar 2024 01:48:40 GMT",
        "ETag": "0x8DC416D60F29E84",
        "Last-Modified": "Mon, 11 Mar 2024 01:48:41 GMT",
        "request-id": "32a1f0d4-a529-435c-8f61-b32b97277f5d",
        "Server": "Microsoft-HTTPAPI/2.0",
        "Strict-Transport-Security": "max-age=31536000; includeSubDomains",
        "Transfer-Encoding": "chunked",
        "X-Content-Type-Options": "nosniff"
      },
      "ResponseBody": {
        "odata.metadata": "https://sanjbatch.eastus.batch.azure.com/$metadata#jobschedules/@Element",
        "id": "BatchUser-JobSchedule-canCRUD",
        "url": "REDACTED",
        "eTag": "0x8DC416D60F29E84",
        "lastModified": "2024-03-11T01:48:41.352154Z",
        "creationTime": "2024-03-11T01:48:35.4108735Z",
        "state": "active",
        "stateTransitionTime": "2024-03-11T01:48:35.4108735Z",
        "schedule": {
          "doNotRunUntil": "2024-03-11T01:48:32.635919Z",
          "doNotRunAfter": "2024-03-11T06:48:32.635919Z",
          "startWindow": "P5D"
        },
        "jobSpecification": {
          "priority": 100,
          "maxParallelTasks": -1,
          "allowTaskPreemption": false,
          "usesTaskDependencies": false,
          "onAllTasksComplete": "noaction",
          "onTaskFailure": "noaction",
          "constraints": {
            "maxWallClockTime": "P10675199DT2H48M5.477S",
            "maxTaskRetryCount": 0
          },
          "poolInfo": {
            "poolId": "BatchUser-testpool"
          }
        },
        "executionInfo": {
          "recentJob": {
            "url": "REDACTED",
            "id": "BatchUser-JobSchedule-canCRUD:job-1"
          }
        },
        "metadata": [
          {
            "name": "key1",
            "value": "value1"
          }
        ]
      }
    },
    {
      "RequestUri": "https://REDACTED/jobschedules/BatchUser-JobSchedule-canCRUD?api-version=2024-02-01.19.0",
      "RequestMethod": "DELETE",
      "RequestHeaders": {
        "Accept": "application/json",
        "Authorization": "Sanitized",
        "client-request-id": "8aebd056-412e-4bc5-b66e-0a8ef0c3361c",
        "Content-Length": "0",
        "Date": "Mon, 11 Mar 2024 01:48:38 GMT",
        "User-Agent": "azsdk-java-azure-compute-batch/1.0.0-beta.1 (17.0.9; Windows 11; 10.0)"
      },
      "RequestBody": null,
      "StatusCode": 202,
      "ResponseHeaders": {
        "DataServiceVersion": "3.0",
        "Date": "Mon, 11 Mar 2024 01:48:41 GMT",
        "request-id": "30d7c36e-db72-464a-86cc-25876a0c4f20",
        "Server": "Microsoft-HTTPAPI/2.0",
        "Strict-Transport-Security": "max-age=31536000; includeSubDomains",
        "Transfer-Encoding": "chunked",
        "X-Content-Type-Options": "nosniff"
      },
      "ResponseBody": null
    },
    {
      "RequestUri": "https://REDACTED/jobschedules/BatchUser-JobSchedule-canCRUD?api-version=2024-02-01.19.0",
      "RequestMethod": "GET",
      "RequestHeaders": {
        "Accept": "application/json",
        "Authorization": "Sanitized",
        "client-request-id": "17fd8768-df2e-44d2-9996-9a59b20a736c",
        "Content-Length": "0",
        "Date": "Mon, 11 Mar 2024 01:48:39 GMT",
        "User-Agent": "azsdk-java-azure-compute-batch/1.0.0-beta.1 (17.0.9; Windows 11; 10.0)"
      },
      "RequestBody": null,
      "StatusCode": 200,
      "ResponseHeaders": {
        "Content-Type": "application/json; odata=minimalmetadata",
        "DataServiceVersion": "3.0",
        "Date": "Mon, 11 Mar 2024 01:48:41 GMT",
        "ETag": "0x8DC416D60F29E84",
        "Last-Modified": "Mon, 11 Mar 2024 01:48:41 GMT",
        "request-id": "0facd22a-07f1-4582-ac69-0ae0ace23384",
        "Server": "Microsoft-HTTPAPI/2.0",
        "Strict-Transport-Security": "max-age=31536000; includeSubDomains",
        "Transfer-Encoding": "chunked",
        "X-Content-Type-Options": "nosniff"
      },
      "ResponseBody": {
        "odata.metadata": "https://sanjbatch.eastus.batch.azure.com/$metadata#jobschedules/@Element",
        "id": "BatchUser-JobSchedule-canCRUD",
        "url": "REDACTED",
        "eTag": "0x8DC416D60F29E84",
        "lastModified": "2024-03-11T01:48:41.352154Z",
        "creationTime": "2024-03-11T01:48:35.4108735Z",
        "state": "deleting",
        "stateTransitionTime": "2024-03-11T01:48:41.5739557Z",
        "previousState": "active",
        "previousStateTransitionTime": "2024-03-11T01:48:35.4108735Z",
        "schedule": {
          "doNotRunUntil": "2024-03-11T01:48:32.635919Z",
          "doNotRunAfter": "2024-03-11T06:48:32.635919Z",
          "startWindow": "P5D"
        },
        "jobSpecification": {
          "priority": 100,
          "maxParallelTasks": -1,
          "allowTaskPreemption": false,
          "usesTaskDependencies": false,
          "onAllTasksComplete": "noaction",
          "onTaskFailure": "noaction",
          "constraints": {
            "maxWallClockTime": "P10675199DT2H48M5.477S",
            "maxTaskRetryCount": 0
          },
          "poolInfo": {
            "poolId": "BatchUser-testpool"
          }
        },
        "executionInfo": {
          "recentJob": {
            "url": "REDACTED",
            "id": "BatchUser-JobSchedule-canCRUD:job-1"
          }
        },
        "metadata": [
          {
            "name": "key1",
            "value": "value1"
          }
        ]
      }
    },
    {
      "RequestUri": "https://REDACTED/jobschedules/BatchUser-JobSchedule-canCRUD?api-version=2024-02-01.19.0",
      "RequestMethod": "DELETE",
      "RequestHeaders": {
        "Accept": "application/json",
        "Authorization": "Sanitized",
        "client-request-id": "393a39f3-61ba-42f3-aa02-e63abed6a2be",
        "Content-Length": "0",
        "Date": "Mon, 11 Mar 2024 01:48:40 GMT",
        "User-Agent": "azsdk-java-azure-compute-batch/1.0.0-beta.1 (17.0.9; Windows 11; 10.0)"
      },
      "RequestBody": null,
      "StatusCode": 404,
      "ResponseHeaders": {
        "Content-Length": "345",
        "Content-Type": "application/json; odata=minimalmetadata",
        "DataServiceVersion": "3.0",
        "Date": "Mon, 11 Mar 2024 01:48:42 GMT",
        "request-id": "ea94ba23-2011-4dac-9909-d5d097af12c0",
        "Server": "Microsoft-HTTPAPI/2.0",
        "Strict-Transport-Security": "max-age=31536000; includeSubDomains",
        "X-Content-Type-Options": "nosniff"
      },
      "ResponseBody": {
        "odata.metadata": "https://sanjbatch.eastus.batch.azure.com/$metadata#Microsoft.Azure.Batch.Protocol.Entities.Container.errors/@Element",
        "code": "JobScheduleNotFound",
        "message": {
          "lang": "en-US",
          "value": "The specified job schedule does not exist.\nRequestId:ea94ba23-2011-4dac-9909-d5d097af12c0\nTime:2024-03-11T01:48:42.7902631Z"
        }
      }
    }
  ],
  "Variables": {}
}
