{
  "Entries": [
    {
      "RequestUri": "https://REDACTED/pools/BatchUser-testpool?api-version=2023-05-01.17.0",
      "RequestMethod": "HEAD",
      "RequestHeaders": {
        "Accept": "application/json",
        "Authorization": "Sanitized",
        "client-request-id": "f7cde51f-2395-4dea-9464-3436e268f20b",
        "Content-Length": "0",
        "Date": "Mon, 23 Oct 2023 18:06:06 GMT",
        "User-Agent": "azsdk-java-azure-compute-batch/1.0.0-beta.1 (11.0.20; Windows 11; 10.0)"
      },
      "RequestBody": null,
      "StatusCode": 200,
      "ResponseHeaders": {
        "DataServiceVersion": "3.0",
        "Date": "Mon, 23 Oct 2023 18:06:07 GMT",
        "ETag": "0x8DBC52C54B88553",
        "Last-Modified": "Wed, 04 Oct 2023 22:50:39 GMT",
        "request-id": "4e8c30cb-45d2-4837-a74c-09a4f4a7878c",
        "Server": "Microsoft-HTTPAPI/2.0",
        "Strict-Transport-Security": "max-age=31536000; includeSubDomains",
        "Transfer-Encoding": "chunked",
        "X-Content-Type-Options": "nosniff"
      },
      "ResponseBody": null
    },
    {
      "RequestUri": "https://REDACTED/pools/BatchUser-testpool?api-version=2023-05-01.17.0",
      "RequestMethod": "GET",
      "RequestHeaders": {
        "Accept": "application/json",
        "Authorization": "Sanitized",
        "client-request-id": "3160bda7-b125-4eb6-b577-d3c16f34d07c",
        "Content-Length": "0",
        "Date": "Mon, 23 Oct 2023 18:06:08 GMT",
        "User-Agent": "azsdk-java-azure-compute-batch/1.0.0-beta.1 (11.0.20; Windows 11; 10.0)"
      },
      "RequestBody": null,
      "StatusCode": 200,
      "ResponseHeaders": {
        "Content-Type": "application/json; odata=minimalmetadata",
        "DataServiceVersion": "3.0",
        "Date": "Mon, 23 Oct 2023 18:06:07 GMT",
        "ETag": "0x8DBC52C54B88553",
        "Last-Modified": "Wed, 04 Oct 2023 22:50:39 GMT",
        "request-id": "844ed682-16dd-4e32-a579-186860f36357",
        "Server": "Microsoft-HTTPAPI/2.0",
        "Strict-Transport-Security": "max-age=31536000; includeSubDomains",
        "Transfer-Encoding": "chunked",
        "X-Content-Type-Options": "nosniff"
      },
      "ResponseBody": {
        "odata.metadata": "https://sanjbatch.eastus.batch.azure.com/$metadata#pools/@Element",
        "id": "BatchUser-testpool",
        "url": "REDACTED",
        "eTag": "0x8DBC52C54B88553",
        "lastModified": "2023-10-04T22:50:39.3668947Z",
        "creationTime": "2023-10-04T22:50:39.3668947Z",
        "state": "active",
        "stateTransitionTime": "2023-10-04T22:50:39.3668947Z",
        "allocationState": "steady",
        "allocationStateTransitionTime": "2023-10-04T22:53:03.9460184Z",
        "vmSize": "standard_d1_v2",
        "resizeTimeout": "PT15M",
        "currentDedicatedNodes": 1,
        "targetDedicatedNodes": 1,
        "currentLowPriorityNodes": 0,
        "targetLowPriorityNodes": 0,
        "enableAutoScale": false,
        "enableInterNodeCommunication": false,
        "userAccounts": [
          {
            "name": "test-user",
            "elevationLevel": "admin",
            "linuxUserConfiguration": {
              "uid": 5,
              "gid": 5
            }
          }
        ],
        "taskSlotsPerNode": 1,
        "taskSchedulingPolicy": {
          "nodeFillType": "Spread"
        },
        "virtualMachineConfiguration": {
          "imageReference": {
            "publisher": "Canonical",
            "offer": "UbuntuServer",
            "sku": "18.04-LTS",
            "version": "latest"
          },
          "nodeAgentSKUId": "batch.node.ubuntu 18.04"
        },
        "networkConfiguration": {
          "subnetId": "/subscriptions/42d72928-df33-4f31-9f04-581177fca7d6/resourceGroups/sanjrg/providers/Microsoft.Network/virtualNetworks/sanjvnet/subnets/default",
          "dynamicVNetAssignmentScope": "none",
          "enableAcceleratedNetworking": false
        },
        "currentNodeCommunicationMode": "classic"
      }
    },
    {
      "RequestUri": "https://REDACTED/jobschedules?api-version=2023-05-01.17.0",
      "RequestMethod": "POST",
      "RequestHeaders": {
        "Accept": "application/json",
        "Authorization": "Sanitized",
        "client-request-id": "44cb967e-16f6-4d4b-b149-2e1955650dcf",
        "Content-Length": "263",
        "Content-Type": "application/json; odata=minimalmetadata",
        "Date": "Mon, 23 Oct 2023 18:06:08 GMT",
        "User-Agent": "azsdk-java-azure-compute-batch/1.0.0-beta.1 (11.0.20; Windows 11; 10.0)"
      },
      "RequestBody": {
        "id": "BatchUser-JobSchedule-updateJobScheduleState",
        "schedule": {
          "doNotRunUntil": "2023-10-23T18:06:08.586122300Z",
          "doNotRunAfter": "2023-10-23T23:06:08.586122300Z",
          "startWindow": "P5D"
        },
        "jobSpecification": {
          "poolInfo": {
            "poolId": "BatchUser-testpool"
          },
          "priority": 100
        }
      },
      "StatusCode": 201,
      "ResponseHeaders": {
        "DataServiceId": "https://sanjbatch.eastus.batch.azure.com/jobschedules/BatchUser-JobSchedule-updateJobScheduleState",
        "DataServiceVersion": "3.0",
        "Date": "Mon, 23 Oct 2023 18:06:07 GMT",
        "ETag": "0x8DBD3F2BB9DD83B",
        "Last-Modified": "Mon, 23 Oct 2023 18:06:08 GMT",
        "Location": "https://sanjbatch.eastus.batch.azure.com/jobschedules/BatchUser-JobSchedule-updateJobScheduleState",
        "request-id": "6e2f6e1c-ee83-4e97-830a-17542221d9c4",
        "Server": "Microsoft-HTTPAPI/2.0",
        "Strict-Transport-Security": "max-age=31536000; includeSubDomains",
        "Transfer-Encoding": "chunked",
        "X-Content-Type-Options": "nosniff"
      },
      "ResponseBody": null
    },
    {
      "RequestUri": "https://REDACTED/jobschedules/BatchUser-JobSchedule-updateJobScheduleState?api-version=2023-05-01.17.0",
      "RequestMethod": "GET",
      "RequestHeaders": {
        "Accept": "application/json",
        "Authorization": "Sanitized",
        "client-request-id": "9af8f185-d5ef-4a66-9560-6c0e01210ddb",
        "Content-Length": "0",
        "Date": "Mon, 23 Oct 2023 18:06:08 GMT",
        "User-Agent": "azsdk-java-azure-compute-batch/1.0.0-beta.1 (11.0.20; Windows 11; 10.0)"
      },
      "RequestBody": null,
      "StatusCode": 200,
      "ResponseHeaders": {
        "Content-Type": "application/json; odata=minimalmetadata",
        "DataServiceVersion": "3.0",
        "Date": "Mon, 23 Oct 2023 18:06:07 GMT",
        "ETag": "0x8DBD3F2BB9DD83B",
        "Last-Modified": "Mon, 23 Oct 2023 18:06:08 GMT",
        "request-id": "aad51019-2d02-43d1-86f6-545999cb15b8",
        "Server": "Microsoft-HTTPAPI/2.0",
        "Strict-Transport-Security": "max-age=31536000; includeSubDomains",
        "Transfer-Encoding": "chunked",
        "X-Content-Type-Options": "nosniff"
      },
      "ResponseBody": {
        "odata.metadata": "https://sanjbatch.eastus.batch.azure.com/$metadata#jobschedules/@Element",
        "id": "BatchUser-JobSchedule-updateJobScheduleState",
        "url": "REDACTED",
        "eTag": "0x8DBD3F2BB9DD83B",
        "lastModified": "2023-10-23T18:06:08.6287419Z",
        "creationTime": "2023-10-23T18:06:08.6287419Z",
        "state": "active",
        "stateTransitionTime": "2023-10-23T18:06:08.6287419Z",
        "schedule": {
          "doNotRunUntil": "2023-10-23T18:06:08.5861223Z",
          "doNotRunAfter": "2023-10-23T23:06:08.5861223Z",
          "startWindow": "P5D"
        },
        "jobSpecification": {
          "priority": 100,
          "maxParallelTasks": -1,
          "allowTaskPreemption": false,
          "usesTaskDependencies": false,
          "onAllTasksComplete": "noaction",
          "onTaskFailure": "noaction",
          "constraints": {
            "maxWallClockTime": "P10675199DT2H48M5.4775807S",
            "maxTaskRetryCount": 0
          },
          "poolInfo": {
            "poolId": "BatchUser-testpool"
          }
        },
        "executionInfo": {
          "recentJob": {
            "url": "REDACTED",
            "id": "BatchUser-JobSchedule-updateJobScheduleState:job-1"
          }
        }
      }
    },
    {
      "RequestUri": "https://REDACTED/jobschedules/BatchUser-JobSchedule-updateJobScheduleState/disable?api-version=2023-05-01.17.0",
      "RequestMethod": "POST",
      "RequestHeaders": {
        "Accept": "application/json",
        "Authorization": "Sanitized",
        "client-request-id": "ae1d4fb2-4779-4c0b-8280-abf54cc84101",
        "Content-Length": "0",
        "Date": "Mon, 23 Oct 2023 18:06:08 GMT",
        "User-Agent": "azsdk-java-azure-compute-batch/1.0.0-beta.1 (11.0.20; Windows 11; 10.0)"
      },
      "RequestBody": null,
      "StatusCode": 429,
      "ResponseHeaders": {
        "Content-Length": "372",
        "Content-Type": "application/json; odata=minimalmetadata",
        "DataServiceVersion": "3.0",
        "Date": "Mon, 23 Oct 2023 18:06:07 GMT",
        "request-id": "fa7bbf02-c2f0-4489-bb7a-2db01a9092d7",
        "Retry-After": "30",
        "Server": "Microsoft-HTTPAPI/2.0",
        "Strict-Transport-Security": "max-age=31536000; includeSubDomains",
        "X-Content-Type-Options": "nosniff"
      },
      "ResponseBody": {
        "odata.metadata": "https://sanjbatch.eastus.batch.azure.com/$metadata#Microsoft.Azure.Batch.Protocol.Entities.Container.errors/@Element",
        "code": "TooManyRequests",
        "message": {
          "lang": "en-US",
          "value": "Request failed as server encountered too many requests. Please try again.\nRequestId:fa7bbf02-c2f0-4489-bb7a-2db01a9092d7\nTime:2023-10-23T18:06:08.8176008Z"
        }
      }
    },
    {
      "RequestUri": "https://REDACTED/jobschedules/BatchUser-JobSchedule-updateJobScheduleState/disable?api-version=2023-05-01.17.0",
      "RequestMethod": "POST",
      "RequestHeaders": {
        "Accept": "application/json",
        "Authorization": "Sanitized",
        "client-request-id": "ae1d4fb2-4779-4c0b-8280-abf54cc84101",
        "Content-Length": "0",
        "Date": "Mon, 23 Oct 2023 18:06:09 GMT",
        "User-Agent": "azsdk-java-azure-compute-batch/1.0.0-beta.1 (11.0.20; Windows 11; 10.0)"
      },
      "RequestBody": null,
      "StatusCode": 204,
      "ResponseHeaders": {
        "Content-Length": "0",
        "DataServiceId": "https://sanjbatch.eastus.batch.azure.com/jobschedules/BatchUser-JobSchedule-updateJobScheduleState/disable",
        "DataServiceVersion": "3.0",
        "Date": "Mon, 23 Oct 2023 18:06:08 GMT",
        "ETag": "0x8DBD3F2BC41F0AB",
        "Last-Modified": "Mon, 23 Oct 2023 18:06:09 GMT",
        "request-id": "2effc62a-c3d9-44a1-8d1d-901d563e2bfd",
        "Server": "Microsoft-HTTPAPI/2.0",
        "Strict-Transport-Security": "max-age=31536000; includeSubDomains",
        "X-Content-Type-Options": "nosniff"
      },
      "ResponseBody": null
    },
    {
      "RequestUri": "https://REDACTED/jobschedules/BatchUser-JobSchedule-updateJobScheduleState?api-version=2023-05-01.17.0",
      "RequestMethod": "GET",
      "RequestHeaders": {
        "Accept": "application/json",
        "Authorization": "Sanitized",
        "client-request-id": "e6a9882f-4e66-4716-b9b0-9dd450739805",
        "Content-Length": "0",
        "Date": "Mon, 23 Oct 2023 18:06:09 GMT",
        "User-Agent": "azsdk-java-azure-compute-batch/1.0.0-beta.1 (11.0.20; Windows 11; 10.0)"
      },
      "RequestBody": null,
      "StatusCode": 200,
      "ResponseHeaders": {
        "Content-Type": "application/json; odata=minimalmetadata",
        "DataServiceVersion": "3.0",
        "Date": "Mon, 23 Oct 2023 18:06:09 GMT",
        "ETag": "0x8DBD3F2BC41F0AB",
        "Last-Modified": "Mon, 23 Oct 2023 18:06:09 GMT",
        "request-id": "e6198017-eb8b-401b-bb05-efab5a9c58ad",
        "Server": "Microsoft-HTTPAPI/2.0",
        "Strict-Transport-Security": "max-age=31536000; includeSubDomains",
        "Transfer-Encoding": "chunked",
        "X-Content-Type-Options": "nosniff"
      },
      "ResponseBody": {
        "odata.metadata": "https://sanjbatch.eastus.batch.azure.com/$metadata#jobschedules/@Element",
        "id": "BatchUser-JobSchedule-updateJobScheduleState",
        "url": "REDACTED",
        "eTag": "0x8DBD3F2BC41F0AB",
        "lastModified": "2023-10-23T18:06:09.7041579Z",
        "creationTime": "2023-10-23T18:06:08.6287419Z",
        "state": "disabled",
        "stateTransitionTime": "2023-10-23T18:06:09.7041579Z",
        "previousState": "active",
        "previousStateTransitionTime": "2023-10-23T18:06:08.6287419Z",
        "schedule": {
          "doNotRunUntil": "2023-10-23T18:06:08.5861223Z",
          "doNotRunAfter": "2023-10-23T23:06:08.5861223Z",
          "startWindow": "P5D"
        },
        "jobSpecification": {
          "priority": 100,
          "maxParallelTasks": -1,
          "allowTaskPreemption": false,
          "usesTaskDependencies": false,
          "onAllTasksComplete": "noaction",
          "onTaskFailure": "noaction",
          "constraints": {
            "maxWallClockTime": "P10675199DT2H48M5.4775807S",
            "maxTaskRetryCount": 0
          },
          "poolInfo": {
            "poolId": "BatchUser-testpool"
          }
        },
        "executionInfo": {
          "recentJob": {
            "url": "REDACTED",
            "id": "BatchUser-JobSchedule-updateJobScheduleState:job-1"
          }
        }
      }
    },
    {
      "RequestUri": "https://REDACTED/jobschedules/BatchUser-JobSchedule-updateJobScheduleState/enable?api-version=2023-05-01.17.0",
      "RequestMethod": "POST",
      "RequestHeaders": {
        "Accept": "application/json",
        "Authorization": "Sanitized",
        "client-request-id": "457ca277-aba3-4b30-8485-afab716ede3c",
        "Content-Length": "0",
        "Date": "Mon, 23 Oct 2023 18:06:09 GMT",
        "User-Agent": "azsdk-java-azure-compute-batch/1.0.0-beta.1 (11.0.20; Windows 11; 10.0)"
      },
      "RequestBody": null,
      "StatusCode": 204,
      "ResponseHeaders": {
        "Content-Length": "0",
        "DataServiceId": "https://sanjbatch.eastus.batch.azure.com/jobschedules/BatchUser-JobSchedule-updateJobScheduleState/enable",
        "DataServiceVersion": "3.0",
        "Date": "Mon, 23 Oct 2023 18:06:09 GMT",
        "ETag": "0x8DBD3F2BC62989F",
        "Last-Modified": "Mon, 23 Oct 2023 18:06:09 GMT",
        "request-id": "bc66f185-933f-4db7-8f42-dbcfbd0dcd76",
        "Server": "Microsoft-HTTPAPI/2.0",
        "Strict-Transport-Security": "max-age=31536000; includeSubDomains",
        "X-Content-Type-Options": "nosniff"
      },
      "ResponseBody": null
    },
    {
      "RequestUri": "https://REDACTED/jobschedules/BatchUser-JobSchedule-updateJobScheduleState?api-version=2023-05-01.17.0",
      "RequestMethod": "GET",
      "RequestHeaders": {
        "Accept": "application/json",
        "Authorization": "Sanitized",
        "client-request-id": "5ac5b038-9726-42ae-ad62-7629ae6050fd",
        "Content-Length": "0",
        "Date": "Mon, 23 Oct 2023 18:06:09 GMT",
        "User-Agent": "azsdk-java-azure-compute-batch/1.0.0-beta.1 (11.0.20; Windows 11; 10.0)"
      },
      "RequestBody": null,
      "StatusCode": 200,
      "ResponseHeaders": {
        "Content-Type": "application/json; odata=minimalmetadata",
        "DataServiceVersion": "3.0",
        "Date": "Mon, 23 Oct 2023 18:06:09 GMT",
        "ETag": "0x8DBD3F2BC62989F",
        "Last-Modified": "Mon, 23 Oct 2023 18:06:09 GMT",
        "request-id": "87b515df-e804-4bef-9d2a-9923d42341e7",
        "Server": "Microsoft-HTTPAPI/2.0",
        "Strict-Transport-Security": "max-age=31536000; includeSubDomains",
        "Transfer-Encoding": "chunked",
        "X-Content-Type-Options": "nosniff"
      },
      "ResponseBody": {
        "odata.metadata": "https://sanjbatch.eastus.batch.azure.com/$metadata#jobschedules/@Element",
        "id": "BatchUser-JobSchedule-updateJobScheduleState",
        "url": "REDACTED",
        "eTag": "0x8DBD3F2BC62989F",
        "lastModified": "2023-10-23T18:06:09.9181727Z",
        "creationTime": "2023-10-23T18:06:08.6287419Z",
        "state": "active",
        "stateTransitionTime": "2023-10-23T18:06:09.9181727Z",
        "previousState": "disabled",
        "previousStateTransitionTime": "2023-10-23T18:06:09.7041579Z",
        "schedule": {
          "doNotRunUntil": "2023-10-23T18:06:08.5861223Z",
          "doNotRunAfter": "2023-10-23T23:06:08.5861223Z",
          "startWindow": "P5D"
        },
        "jobSpecification": {
          "priority": 100,
          "maxParallelTasks": -1,
          "allowTaskPreemption": false,
          "usesTaskDependencies": false,
          "onAllTasksComplete": "noaction",
          "onTaskFailure": "noaction",
          "constraints": {
            "maxWallClockTime": "P10675199DT2H48M5.4775807S",
            "maxTaskRetryCount": 0
          },
          "poolInfo": {
            "poolId": "BatchUser-testpool"
          }
        },
        "executionInfo": {
          "recentJob": {
            "url": "REDACTED",
            "id": "BatchUser-JobSchedule-updateJobScheduleState:job-1"
          }
        }
      }
    },
    {
      "RequestUri": "https://REDACTED/jobschedules/BatchUser-JobSchedule-updateJobScheduleState/terminate?api-version=2023-05-01.17.0",
      "RequestMethod": "POST",
      "RequestHeaders": {
        "Accept": "application/json",
        "Authorization": "Sanitized",
        "client-request-id": "b6c4ca53-f4c0-4147-b0d5-05c37b98a2e8",
        "Content-Length": "0",
        "Date": "Mon, 23 Oct 2023 18:06:10 GMT",
        "User-Agent": "azsdk-java-azure-compute-batch/1.0.0-beta.1 (11.0.20; Windows 11; 10.0)"
      },
      "RequestBody": null,
      "StatusCode": 429,
      "ResponseHeaders": {
        "Content-Length": "372",
        "Content-Type": "application/json; odata=minimalmetadata",
        "DataServiceVersion": "3.0",
        "Date": "Mon, 23 Oct 2023 18:06:09 GMT",
        "request-id": "4979d4da-88e6-4764-ac41-be938789c52f",
        "Retry-After": "30",
        "Server": "Microsoft-HTTPAPI/2.0",
        "Strict-Transport-Security": "max-age=31536000; includeSubDomains",
        "X-Content-Type-Options": "nosniff"
      },
      "ResponseBody": {
        "odata.metadata": "https://sanjbatch.eastus.batch.azure.com/$metadata#Microsoft.Azure.Batch.Protocol.Entities.Container.errors/@Element",
        "code": "TooManyRequests",
        "message": {
          "lang": "en-US",
          "value": "Request failed as server encountered too many requests. Please try again.\nRequestId:4979d4da-88e6-4764-ac41-be938789c52f\nTime:2023-10-23T18:06:10.1195590Z"
        }
      }
    },
    {
      "RequestUri": "https://REDACTED/jobschedules/BatchUser-JobSchedule-updateJobScheduleState/terminate?api-version=2023-05-01.17.0",
      "RequestMethod": "POST",
      "RequestHeaders": {
        "Accept": "application/json",
        "Authorization": "Sanitized",
        "client-request-id": "b6c4ca53-f4c0-4147-b0d5-05c37b98a2e8",
        "Content-Length": "0",
        "Date": "Mon, 23 Oct 2023 18:06:10 GMT",
        "User-Agent": "azsdk-java-azure-compute-batch/1.0.0-beta.1 (11.0.20; Windows 11; 10.0)"
      },
      "RequestBody": null,
      "StatusCode": 202,
      "ResponseHeaders": {
        "DataServiceId": "https://sanjbatch.eastus.batch.azure.com/jobschedules/BatchUser-JobSchedule-updateJobScheduleState/terminate",
        "DataServiceVersion": "3.0",
        "Date": "Mon, 23 Oct 2023 18:06:10 GMT",
        "ETag": "0x8DBD3F2BD060541",
        "Last-Modified": "Mon, 23 Oct 2023 18:06:10 GMT",
        "request-id": "97538cea-a3c7-4a97-b689-9d8477e885bb",
        "Server": "Microsoft-HTTPAPI/2.0",
        "Strict-Transport-Security": "max-age=31536000; includeSubDomains",
        "Transfer-Encoding": "chunked",
        "X-Content-Type-Options": "nosniff"
      },
      "ResponseBody": null
    },
    {
      "RequestUri": "https://REDACTED/jobschedules/BatchUser-JobSchedule-updateJobScheduleState?api-version=2023-05-01.17.0",
      "RequestMethod": "GET",
      "RequestHeaders": {
        "Accept": "application/json",
        "Authorization": "Sanitized",
        "client-request-id": "8313d508-d5f0-458b-966b-aab670be1505",
        "Content-Length": "0",
        "Date": "Mon, 23 Oct 2023 18:06:11 GMT",
        "User-Agent": "azsdk-java-azure-compute-batch/1.0.0-beta.1 (11.0.20; Windows 11; 10.0)"
      },
      "RequestBody": null,
      "StatusCode": 200,
      "ResponseHeaders": {
        "Content-Type": "application/json; odata=minimalmetadata",
        "DataServiceVersion": "3.0",
        "Date": "Mon, 23 Oct 2023 18:06:11 GMT",
        "ETag": "0x8DBD3F2BD060541",
        "Last-Modified": "Mon, 23 Oct 2023 18:06:10 GMT",
        "request-id": "2d0cdf4e-d163-440a-bdb5-dc0c079a6720",
        "Server": "Microsoft-HTTPAPI/2.0",
        "Strict-Transport-Security": "max-age=31536000; includeSubDomains",
        "Transfer-Encoding": "chunked",
        "X-Content-Type-Options": "nosniff"
      },
      "ResponseBody": {
        "odata.metadata": "https://sanjbatch.eastus.batch.azure.com/$metadata#jobschedules/@Element",
        "id": "BatchUser-JobSchedule-updateJobScheduleState",
        "url": "REDACTED",
        "eTag": "0x8DBD3F2BD060541",
        "lastModified": "2023-10-23T18:06:10.9891905Z",
        "creationTime": "2023-10-23T18:06:08.6287419Z",
        "state": "terminating",
        "stateTransitionTime": "2023-10-23T18:06:10.9891905Z",
        "previousState": "active",
        "previousStateTransitionTime": "2023-10-23T18:06:09.9181727Z",
        "schedule": {
          "doNotRunUntil": "2023-10-23T18:06:08.5861223Z",
          "doNotRunAfter": "2023-10-23T23:06:08.5861223Z",
          "startWindow": "P5D"
        },
        "jobSpecification": {
          "priority": 100,
          "maxParallelTasks": -1,
          "allowTaskPreemption": false,
          "usesTaskDependencies": false,
          "onAllTasksComplete": "noaction",
          "onTaskFailure": "noaction",
          "constraints": {
            "maxWallClockTime": "P10675199DT2H48M5.4775807S",
            "maxTaskRetryCount": 0
          },
          "poolInfo": {
            "poolId": "BatchUser-testpool"
          }
        },
        "executionInfo": {
          "recentJob": {
            "url": "REDACTED",
            "id": "BatchUser-JobSchedule-updateJobScheduleState:job-1"
          }
        }
      }
    },
    {
      "RequestUri": "https://REDACTED/jobschedules/BatchUser-JobSchedule-updateJobScheduleState?api-version=2023-05-01.17.0",
      "RequestMethod": "GET",
      "RequestHeaders": {
        "Accept": "application/json",
        "Authorization": "Sanitized",
        "client-request-id": "1811b853-da3f-4d75-ab41-b17bfefac1e4",
        "Content-Length": "0",
        "Date": "Mon, 23 Oct 2023 18:06:13 GMT",
        "User-Agent": "azsdk-java-azure-compute-batch/1.0.0-beta.1 (11.0.20; Windows 11; 10.0)"
      },
      "RequestBody": null,
      "StatusCode": 200,
      "ResponseHeaders": {
        "Content-Type": "application/json; odata=minimalmetadata",
        "DataServiceVersion": "3.0",
        "Date": "Mon, 23 Oct 2023 18:06:12 GMT",
        "ETag": "0x8DBD3F2BD060541",
        "Last-Modified": "Mon, 23 Oct 2023 18:06:10 GMT",
        "request-id": "998ff7d8-6186-4b1c-b759-7b22ae48f098",
        "Server": "Microsoft-HTTPAPI/2.0",
        "Strict-Transport-Security": "max-age=31536000; includeSubDomains",
        "Transfer-Encoding": "chunked",
        "X-Content-Type-Options": "nosniff"
      },
      "ResponseBody": {
        "odata.metadata": "https://sanjbatch.eastus.batch.azure.com/$metadata#jobschedules/@Element",
        "id": "BatchUser-JobSchedule-updateJobScheduleState",
        "url": "REDACTED",
        "eTag": "0x8DBD3F2BD060541",
        "lastModified": "2023-10-23T18:06:10.9891905Z",
        "creationTime": "2023-10-23T18:06:08.6287419Z",
        "state": "completed",
        "stateTransitionTime": "2023-10-23T18:06:11.5972073Z",
        "previousState": "active",
        "previousStateTransitionTime": "2023-10-23T18:06:09.9181727Z",
        "schedule": {
          "doNotRunUntil": "2023-10-23T18:06:08.5861223Z",
          "doNotRunAfter": "2023-10-23T23:06:08.5861223Z",
          "startWindow": "P5D"
        },
        "jobSpecification": {
          "priority": 100,
          "maxParallelTasks": -1,
          "allowTaskPreemption": false,
          "usesTaskDependencies": false,
          "onAllTasksComplete": "noaction",
          "onTaskFailure": "noaction",
          "constraints": {
            "maxWallClockTime": "P10675199DT2H48M5.4775807S",
            "maxTaskRetryCount": 0
          },
          "poolInfo": {
            "poolId": "BatchUser-testpool"
          }
        },
        "executionInfo": {
          "recentJob": {
            "url": "REDACTED",
            "id": "BatchUser-JobSchedule-updateJobScheduleState:job-1"
          },
          "endTime": "2023-10-23T18:06:11.5972073Z"
        }
      }
    },
    {
      "RequestUri": "https://REDACTED/jobschedules/BatchUser-JobSchedule-updateJobScheduleState?api-version=2023-05-01.17.0",
      "RequestMethod": "DELETE",
      "RequestHeaders": {
        "Accept": "application/json",
        "Authorization": "Sanitized",
        "client-request-id": "0dd30f6c-77b2-45bc-a811-bf141025a24c",
        "Content-Length": "0",
        "Date": "Mon, 23 Oct 2023 18:06:13 GMT",
        "User-Agent": "azsdk-java-azure-compute-batch/1.0.0-beta.1 (11.0.20; Windows 11; 10.0)"
      },
      "RequestBody": null,
      "StatusCode": 202,
      "ResponseHeaders": {
        "DataServiceVersion": "3.0",
        "Date": "Mon, 23 Oct 2023 18:06:12 GMT",
        "request-id": "bd736b45-44aa-4e2f-93bf-0879d34a8383",
        "Server": "Microsoft-HTTPAPI/2.0",
        "Strict-Transport-Security": "max-age=31536000; includeSubDomains",
        "Transfer-Encoding": "chunked",
        "X-Content-Type-Options": "nosniff"
      },
      "ResponseBody": null
    },
    {
      "RequestUri": "https://REDACTED/jobschedules/BatchUser-JobSchedule-updateJobScheduleState?api-version=2023-05-01.17.0",
      "RequestMethod": "GET",
      "RequestHeaders": {
        "Accept": "application/json",
        "Authorization": "Sanitized",
        "client-request-id": "20f1ab72-3514-4f88-a98a-8acc953bb688",
        "Content-Length": "0",
        "Date": "Mon, 23 Oct 2023 18:06:13 GMT",
        "User-Agent": "azsdk-java-azure-compute-batch/1.0.0-beta.1 (11.0.20; Windows 11; 10.0)"
      },
      "RequestBody": null,
      "StatusCode": 200,
      "ResponseHeaders": {
        "Content-Type": "application/json; odata=minimalmetadata",
        "DataServiceVersion": "3.0",
        "Date": "Mon, 23 Oct 2023 18:06:13 GMT",
        "ETag": "0x8DBD3F2BD060541",
        "Last-Modified": "Mon, 23 Oct 2023 18:06:10 GMT",
        "request-id": "6c2f229b-bac8-4dc8-9ec3-3dfbd31f5de0",
        "Server": "Microsoft-HTTPAPI/2.0",
        "Strict-Transport-Security": "max-age=31536000; includeSubDomains",
        "Transfer-Encoding": "chunked",
        "X-Content-Type-Options": "nosniff"
      },
      "ResponseBody": {
        "odata.metadata": "https://sanjbatch.eastus.batch.azure.com/$metadata#jobschedules/@Element",
        "id": "BatchUser-JobSchedule-updateJobScheduleState",
        "url": "REDACTED",
        "eTag": "0x8DBD3F2BD060541",
        "lastModified": "2023-10-23T18:06:10.9891905Z",
        "creationTime": "2023-10-23T18:06:08.6287419Z",
        "state": "deleting",
        "stateTransitionTime": "2023-10-23T18:06:13.3642418Z",
        "previousState": "completed",
        "previousStateTransitionTime": "2023-10-23T18:06:11.5972073Z",
        "schedule": {
          "doNotRunUntil": "2023-10-23T18:06:08.5861223Z",
          "doNotRunAfter": "2023-10-23T23:06:08.5861223Z",
          "startWindow": "P5D"
        },
        "jobSpecification": {
          "priority": 100,
          "maxParallelTasks": -1,
          "allowTaskPreemption": false,
          "usesTaskDependencies": false,
          "onAllTasksComplete": "noaction",
          "onTaskFailure": "noaction",
          "constraints": {
            "maxWallClockTime": "P10675199DT2H48M5.4775807S",
            "maxTaskRetryCount": 0
          },
          "poolInfo": {
            "poolId": "BatchUser-testpool"
          }
        },
        "executionInfo": {
          "recentJob": {
            "url": "REDACTED",
            "id": "BatchUser-JobSchedule-updateJobScheduleState:job-1"
          }
        }
      }
    },
    {
      "RequestUri": "https://REDACTED/jobschedules/BatchUser-JobSchedule-updateJobScheduleState?api-version=2023-05-01.17.0",
      "RequestMethod": "DELETE",
      "RequestHeaders": {
        "Accept": "application/json",
        "Authorization": "Sanitized",
        "client-request-id": "98fdeccb-0eaa-4a0d-adc6-ce2682504d7b",
        "Content-Length": "0",
        "Date": "Mon, 23 Oct 2023 18:06:13 GMT",
        "User-Agent": "azsdk-java-azure-compute-batch/1.0.0-beta.1 (11.0.20; Windows 11; 10.0)"
      },
      "RequestBody": null,
      "StatusCode": 409,
      "ResponseHeaders": {
        "Content-Length": "386",
        "Content-Type": "application/json; odata=minimalmetadata",
        "DataServiceVersion": "3.0",
        "Date": "Mon, 23 Oct 2023 18:06:13 GMT",
        "request-id": "4e44c9fa-6cc3-4c01-81e3-bec23196f103",
        "Server": "Microsoft-HTTPAPI/2.0",
        "Strict-Transport-Security": "max-age=31536000; includeSubDomains",
        "X-Content-Type-Options": "nosniff"
      },
      "ResponseBody": {
        "odata.metadata": "https://sanjbatch.eastus.batch.azure.com/$metadata#Microsoft.Azure.Batch.Protocol.Entities.Container.errors/@Element",
        "code": "JobScheduleBeingDeleted",
        "message": {
          "lang": "en-US",
          "value": "The specified job schedule has been marked for deletion and is being reclaimed.\nRequestId:4e44c9fa-6cc3-4c01-81e3-bec23196f103\nTime:2023-10-23T18:06:13.5542688Z"
        }
      }
    }
  ],
  "Variables": {}
}
