{
  "Entries": [
    {
      "RequestUri": "https://REDACTED/pools/BatchUser-testpool?api-version=2024-02-01.19.0",
      "RequestMethod": "HEAD",
      "RequestHeaders": {
        "Accept": "application/json",
        "Authorization": "Sanitized",
        "client-request-id": "f791eb2d-8372-4028-9e29-6194fd5ce4c1",
        "Content-Length": "0",
        "Date": "Fri, 05 Apr 2024 11:23:54 GMT",
        "User-Agent": "azsdk-java-azure-compute-batch/1.0.0-beta.1 (17.0.9; Windows 11; 10.0)"
      },
      "RequestBody": null,
      "StatusCode": 200,
      "ResponseHeaders": {
        "DataServiceVersion": "3.0",
        "Date": "Fri, 05 Apr 2024 11:23:56 GMT",
        "ETag": "0x8DC4EE4E4A30236",
        "Last-Modified": "Thu, 28 Mar 2024 05:06:57 GMT",
        "request-id": "eb324481-07a5-4af2-a4dd-101e439f07d0",
        "Server": "Microsoft-HTTPAPI/2.0",
        "Strict-Transport-Security": "max-age=31536000; includeSubDomains",
        "Transfer-Encoding": "chunked",
        "X-Content-Type-Options": "nosniff"
      },
      "ResponseBody": null
    },
    {
      "RequestUri": "https://REDACTED/pools/BatchUser-testpool?api-version=2024-02-01.19.0",
      "RequestMethod": "GET",
      "RequestHeaders": {
        "Accept": "application/json",
        "Authorization": "Sanitized",
        "client-request-id": "3523c84d-ae4d-4432-b86a-002279e7fdd5",
        "Content-Length": "0",
        "Date": "Fri, 05 Apr 2024 11:23:57 GMT",
        "User-Agent": "azsdk-java-azure-compute-batch/1.0.0-beta.1 (17.0.9; Windows 11; 10.0)"
      },
      "RequestBody": null,
      "StatusCode": 200,
      "ResponseHeaders": {
        "Content-Type": "application/json; odata=minimalmetadata",
        "DataServiceVersion": "3.0",
        "Date": "Fri, 05 Apr 2024 11:23:56 GMT",
        "ETag": "0x8DC4EE4E4A30236",
        "Last-Modified": "Thu, 28 Mar 2024 05:06:57 GMT",
        "request-id": "80ed1c01-a704-4ba2-87ec-3beab8f3a0b7",
        "Server": "Microsoft-HTTPAPI/2.0",
        "Strict-Transport-Security": "max-age=31536000; includeSubDomains",
        "Transfer-Encoding": "chunked",
        "X-Content-Type-Options": "nosniff"
      },
      "ResponseBody": {
        "odata.metadata": "https://sanjbatch.eastus.batch.azure.com/$metadata#pools/@Element",
        "id": "BatchUser-testpool",
        "url": "REDACTED",
        "eTag": "0x8DC4EE4E4A30236",
        "lastModified": "2024-03-28T05:06:57.5166006Z",
        "creationTime": "2024-03-28T05:06:57.5165994Z",
        "state": "active",
        "stateTransitionTime": "2024-03-28T05:06:57.5165994Z",
        "allocationState": "steady",
        "allocationStateTransitionTime": "2024-03-28T05:09:13.50471Z",
        "vmSize": "standard_d1_v2",
        "resizeTimeout": "PT15M",
        "currentDedicatedNodes": 1,
        "targetDedicatedNodes": 1,
        "currentLowPriorityNodes": 0,
        "targetLowPriorityNodes": 0,
        "enableAutoScale": false,
        "enableInterNodeCommunication": false,
        "userAccounts": [
          {
            "name": "test-user",
            "elevationLevel": "admin",
            "linuxUserConfiguration": {
              "uid": 5,
              "gid": 5
            }
          }
        ],
        "taskSlotsPerNode": 1,
        "taskSchedulingPolicy": {
          "nodeFillType": "Spread"
        },
        "virtualMachineConfiguration": {
          "imageReference": {
            "publisher": "Canonical",
            "offer": "UbuntuServer",
            "sku": "18.04-LTS",
            "version": "latest"
          },
          "nodeAgentSKUId": "batch.node.ubuntu 18.04"
        },
        "networkConfiguration": {
          "subnetId": "/subscriptions/42d72928-df33-4f31-9f04-581177fca7d6/resourceGroups/sanjrg/providers/Microsoft.Network/virtualNetworks/sanjvnet/subnets/default",
          "dynamicVNetAssignmentScope": "none",
          "enableAcceleratedNetworking": false
        },
        "currentNodeCommunicationMode": "classic"
      }
    },
    {
      "RequestUri": "https://REDACTED/jobs?api-version=2024-02-01.19.0",
      "RequestMethod": "POST",
      "RequestHeaders": {
        "Accept": "application/json",
        "Authorization": "Sanitized",
        "client-request-id": "68a345e5-3080-4faa-a6a5-108aa06281e7",
        "Content-Length": "73",
        "Content-Type": "application/json; odata=minimalmetadata",
        "Date": "Fri, 05 Apr 2024 11:23:57 GMT",
        "User-Agent": "azsdk-java-azure-compute-batch/1.0.0-beta.1 (17.0.9; Windows 11; 10.0)"
      },
      "RequestBody": {
        "id": "BatchUser-Job-canCRUD",
        "poolInfo": {
          "poolId": "BatchUser-testpool"
        }
      },
      "StatusCode": 201,
      "ResponseHeaders": {
        "DataServiceId": "https://sanjbatch.eastus.batch.azure.com/jobs/job-1",
        "DataServiceVersion": "3.0",
        "Date": "Fri, 05 Apr 2024 11:23:57 GMT",
        "ETag": "0x8DC5562E29A7383",
        "Last-Modified": "Fri, 05 Apr 2024 11:23:57 GMT",
        "Location": "https://sanjbatch.eastus.batch.azure.com/jobs/job-1",
        "request-id": "1d519966-b516-41fc-81b8-cd773047f9f4",
        "Server": "Microsoft-HTTPAPI/2.0",
        "Strict-Transport-Security": "max-age=31536000; includeSubDomains",
        "Transfer-Encoding": "chunked",
        "X-Content-Type-Options": "nosniff"
      },
      "ResponseBody": null
    },
    {
      "RequestUri": "https://REDACTED/jobs/BatchUser-Job-canCRUD?api-version=2024-02-01.19.0",
      "RequestMethod": "GET",
      "RequestHeaders": {
        "Accept": "application/json",
        "Authorization": "Sanitized",
        "client-request-id": "875d6de3-6c1b-4797-84d0-e05b98a9c672",
        "Content-Length": "0",
        "Date": "Fri, 05 Apr 2024 11:23:57 GMT",
        "User-Agent": "azsdk-java-azure-compute-batch/1.0.0-beta.1 (17.0.9; Windows 11; 10.0)"
      },
      "RequestBody": null,
      "StatusCode": 200,
      "ResponseHeaders": {
        "Content-Type": "application/json; odata=minimalmetadata",
        "DataServiceVersion": "3.0",
        "Date": "Fri, 05 Apr 2024 11:23:57 GMT",
        "ETag": "0x8DC5562E29A7383",
        "Last-Modified": "Fri, 05 Apr 2024 11:23:57 GMT",
        "request-id": "8ac1af07-8a73-4570-9ad1-e7158b5115d3",
        "Server": "Microsoft-HTTPAPI/2.0",
        "Strict-Transport-Security": "max-age=31536000; includeSubDomains",
        "Transfer-Encoding": "chunked",
        "X-Content-Type-Options": "nosniff"
      },
      "ResponseBody": {
        "odata.metadata": "https://sanjbatch.eastus.batch.azure.com/$metadata#jobs/@Element",
        "id": "BatchUser-Job-canCRUD",
        "url": "REDACTED",
        "eTag": "0x8DC5562E29A7383",
        "lastModified": "2024-04-05T11:23:57.6696707Z",
        "creationTime": "2024-04-05T11:23:57.6526718Z",
        "state": "active",
        "stateTransitionTime": "2024-04-05T11:23:57.6696707Z",
        "priority": 0,
        "maxParallelTasks": -1,
        "usesTaskDependencies": false,
        "allowTaskPreemption": false,
        "constraints": {
          "maxWallClockTime": "P10675199DT2H48M5.4775807S",
          "maxTaskRetryCount": 0
        },
        "poolInfo": {
          "poolId": "BatchUser-testpool"
        },
        "executionInfo": {
          "startTime": "2024-04-05T11:23:57.6696707Z",
          "poolId": "BatchUser-testpool"
        },
        "onAllTasksComplete": "noaction",
        "onTaskFailure": "noaction"
      }
    },
    {
      "RequestUri": "https://REDACTED/jobs?api-version=2024-02-01.19.0",
      "RequestMethod": "GET",
      "RequestHeaders": {
        "Accept": "application/json",
        "Authorization": "Sanitized",
        "client-request-id": "e5945959-bcff-4f76-bfbc-b8f614e7b01a",
        "Content-Length": "0",
        "Date": "Fri, 05 Apr 2024 11:23:58 GMT",
        "User-Agent": "azsdk-java-azure-compute-batch/1.0.0-beta.1 (17.0.9; Windows 11; 10.0)"
      },
      "RequestBody": null,
      "StatusCode": 200,
      "ResponseHeaders": {
        "Content-Type": "application/json; odata=minimalmetadata",
        "DataServiceVersion": "3.0",
        "Date": "Fri, 05 Apr 2024 11:23:57 GMT",
        "request-id": "c8b40f51-1616-462a-b2f9-65407b5978fa",
        "Server": "Microsoft-HTTPAPI/2.0",
        "Strict-Transport-Security": "max-age=31536000; includeSubDomains",
        "Transfer-Encoding": "chunked",
        "X-Content-Type-Options": "nosniff"
      },
      "ResponseBody": {
        "odata.metadata": "https://sanjbatch.eastus.batch.azure.com/$metadata#jobs",
        "value": [
          {
            "id": "BatchUser-Job-canCRUD",
            "url": "REDACTED",
            "eTag": "0x8DC5562E29A7383",
            "lastModified": "2024-04-05T11:23:57.6696707Z",
            "creationTime": "2024-04-05T11:23:57.6526718Z",
            "state": "active",
            "stateTransitionTime": "2024-04-05T11:23:57.6696707Z",
            "priority": 0,
            "maxParallelTasks": -1,
            "usesTaskDependencies": false,
            "allowTaskPreemption": false,
            "constraints": {
              "maxWallClockTime": "P10675199DT2H48M5.4775807S",
              "maxTaskRetryCount": 0
            },
            "poolInfo": {
              "poolId": "BatchUser-testpool"
            },
            "executionInfo": {
              "startTime": "2024-04-05T11:23:57.6696707Z",
              "poolId": "BatchUser-testpool"
            },
            "onAllTasksComplete": "noaction",
            "onTaskFailure": "noaction"
          },
          {
            "id": "BatchUser-Job-canCRUDWithPoolNodeComm",
            "url": "REDACTED",
            "eTag": "0x8DC5562E2AD3857",
            "lastModified": "2024-04-05T11:23:57.7926743Z",
            "creationTime": "2024-04-05T11:23:57.7766769Z",
            "state": "active",
            "stateTransitionTime": "2024-04-05T11:23:57.7926743Z",
            "priority": 0,
            "maxParallelTasks": -1,
            "usesTaskDependencies": false,
            "allowTaskPreemption": false,
            "constraints": {
              "maxWallClockTime": "P10675199DT2H48M5.4775807S",
              "maxTaskRetryCount": 0
            },
            "poolInfo": {
              "autoPoolSpecification": {
                "poolLifetimeOption": "job",
                "keepAlive": false,
                "pool": {
                  "vmSize": "standard_d1_v2",
                  "taskSlotsPerNode": 1,
                  "taskSchedulingPolicy": {
                    "nodeFillType": "Spread"
                  },
                  "resizeTimeout": "PT15M",
                  "targetDedicatedNodes": 0,
                  "targetLowPriorityNodes": 0,
                  "enableAutoScale": false,
                  "enableInterNodeCommunication": false,
                  "virtualMachineConfiguration": {
                    "imageReference": {
                      "publisher": "Canonical",
                      "offer": "UbuntuServer",
                      "sku": "18.04-LTS",
                      "version": "latest"
                    },
                    "nodeAgentSKUId": "batch.node.ubuntu 18.04"
                  },
                  "targetNodeCommunicationMode": "simplified"
                }
              }
            },
            "executionInfo": {
              "startTime": "2024-04-05T11:23:57.7926743Z",
              "poolId": "A5CF56DD-95AA-45C9-A553-366B958296C6"
            },
            "onAllTasksComplete": "noaction",
            "onTaskFailure": "noaction"
          },
          {
            "id": "BatchUser-Job-canReadFromNode",
            "url": "REDACTED",
            "eTag": "0x8DC5562E299892B",
            "lastModified": "2024-04-05T11:23:57.6636715Z",
            "creationTime": "2024-04-05T11:23:57.6466724Z",
            "state": "active",
            "stateTransitionTime": "2024-04-05T11:23:57.6636715Z",
            "priority": 0,
            "maxParallelTasks": -1,
            "usesTaskDependencies": false,
            "allowTaskPreemption": false,
            "constraints": {
              "maxWallClockTime": "P10675199DT2H48M5.4775807S",
              "maxTaskRetryCount": 0
            },
            "poolInfo": {
              "poolId": "BatchUser-testpool"
            },
            "executionInfo": {
              "startTime": "2024-04-05T11:23:57.6636715Z",
              "poolId": "BatchUser-testpool"
            },
            "onAllTasksComplete": "noaction",
            "onTaskFailure": "noaction"
          },
          {
            "id": "BatchUser-Job-canReadFromTaskFile",
            "url": "REDACTED",
            "eTag": "0x8DC5562E293BCC7",
            "lastModified": "2024-04-05T11:23:57.6256711Z",
            "creationTime": "2024-04-05T11:23:57.5997091Z",
            "state": "active",
            "stateTransitionTime": "2024-04-05T11:23:57.6256711Z",
            "priority": 0,
            "maxParallelTasks": -1,
            "usesTaskDependencies": false,
            "allowTaskPreemption": false,
            "constraints": {
              "maxWallClockTime": "P10675199DT2H48M5.4775807S",
              "maxTaskRetryCount": 0
            },
            "poolInfo": {
              "poolId": "BatchUser-testpool"
            },
            "executionInfo": {
              "startTime": "2024-04-05T11:23:57.6256711Z",
              "poolId": "BatchUser-testpool"
            },
            "onAllTasksComplete": "noaction",
            "onTaskFailure": "noaction"
          },
          {
            "id": "BatchUser-Job-CanUpdateState",
            "url": "REDACTED",
            "eTag": "0x8DC5562E29AE8B4",
            "lastModified": "2024-04-05T11:23:57.6726708Z",
            "creationTime": "2024-04-05T11:23:57.653674Z",
            "state": "active",
            "stateTransitionTime": "2024-04-05T11:23:57.6726708Z",
            "priority": 0,
            "maxParallelTasks": -1,
            "usesTaskDependencies": false,
            "allowTaskPreemption": false,
            "constraints": {
              "maxWallClockTime": "P10675199DT2H48M5.4775807S",
              "maxTaskRetryCount": 0
            },
            "poolInfo": {
              "poolId": "BatchUser-testpool"
            },
            "executionInfo": {
              "startTime": "2024-04-05T11:23:57.6726708Z",
              "poolId": "BatchUser-testpool"
            },
            "onAllTasksComplete": "noaction",
            "onTaskFailure": "noaction"
          },
          {
            "id": "BatchUser-JobSchedule-updateJobScheduleState:job-1",
            "url": "REDACTED",
            "eTag": "0x8DC5562E29B36E3",
            "lastModified": "2024-04-05T11:23:57.6746723Z",
            "creationTime": "2024-04-05T11:23:57.6526718Z",
            "state": "active",
            "stateTransitionTime": "2024-04-05T11:23:57.6746723Z",
            "priority": 100,
            "maxParallelTasks": -1,
            "usesTaskDependencies": false,
            "allowTaskPreemption": false,
            "constraints": {
              "maxWallClockTime": "P10675199DT2H48M5.4775807S",
              "maxTaskRetryCount": 0
            },
            "poolInfo": {
              "poolId": "BatchUser-testpool"
            },
            "executionInfo": {
              "startTime": "2024-04-05T11:23:57.6746723Z",
              "poolId": "BatchUser-testpool"
            },
            "onAllTasksComplete": "noaction",
            "onTaskFailure": "noaction"
          }
        ]
      }
    },
    {
      "RequestUri": "https://REDACTED/jobs/BatchUser-Job-canCRUD?api-version=2024-02-01.19.0",
      "RequestMethod": "PUT",
      "RequestHeaders": {
        "Accept": "application/json",
        "Authorization": "Sanitized",
        "client-request-id": "7cfb0f57-158f-49e2-aa48-9db362359c4b",
        "Content-Length": "221",
        "Content-Type": "application/json; odata=minimalmetadata",
        "Date": "Fri, 05 Apr 2024 11:23:58 GMT",
        "User-Agent": "azsdk-java-azure-compute-batch/1.0.0-beta.1 (17.0.9; Windows 11; 10.0)"
      },
      "RequestBody": {
        "poolInfo": {
          "poolId": "BatchUser-testpool"
        },
        "priority": 1,
        "allowTaskPreemption": false,
        "maxParallelTasks": -1,
        "constraints": {
          "maxWallClockTime": "P10675199DT2H48M5.477S",
          "maxTaskRetryCount": 0
        },
        "onAllTasksComplete": "noaction"
      },
      "StatusCode": 429,
      "ResponseHeaders": {
        "Content-Length": "372",
        "Content-Type": "application/json; odata=minimalmetadata",
        "DataServiceVersion": "3.0",
        "Date": "Fri, 05 Apr 2024 11:23:58 GMT",
        "request-id": "9aa45c98-1298-4d79-8b28-cae59082f81b",
        "Retry-After": "30",
        "Server": "Microsoft-HTTPAPI/2.0",
        "Strict-Transport-Security": "max-age=31536000; includeSubDomains",
        "X-Content-Type-Options": "nosniff"
      },
      "ResponseBody": {
        "odata.metadata": "https://sanjbatch.eastus.batch.azure.com/$metadata#Microsoft.Azure.Batch.Protocol.Entities.Container.errors/@Element",
        "code": "TooManyRequests",
        "message": {
          "lang": "en-US",
          "value": "Request failed as server encountered too many requests. Please try again.\nRequestId:9aa45c98-1298-4d79-8b28-cae59082f81b\nTime:2024-04-05T11:23:58.3843343Z"
        }
      }
    },
    {
      "RequestUri": "https://REDACTED/jobs/BatchUser-Job-canCRUD?api-version=2024-02-01.19.0",
      "RequestMethod": "PUT",
      "RequestHeaders": {
        "Accept": "application/json",
        "Authorization": "Sanitized",
        "client-request-id": "7cfb0f57-158f-49e2-aa48-9db362359c4b",
        "Content-Length": "221",
        "Content-Type": "application/json; odata=minimalmetadata",
        "Date": "Fri, 05 Apr 2024 11:24:28 GMT",
        "User-Agent": "azsdk-java-azure-compute-batch/1.0.0-beta.1 (17.0.9; Windows 11; 10.0)"
      },
      "RequestBody": {
        "poolInfo": {
          "poolId": "BatchUser-testpool"
        },
        "priority": 1,
        "allowTaskPreemption": false,
        "maxParallelTasks": -1,
        "constraints": {
          "maxWallClockTime": "P10675199DT2H48M5.477S",
          "maxTaskRetryCount": 0
        },
        "onAllTasksComplete": "noaction"
      },
      "StatusCode": 200,
      "ResponseHeaders": {
        "DataServiceId": "https://sanjbatch.eastus.batch.azure.com/jobs/BatchUser-Job-canCRUD",
        "DataServiceVersion": "3.0",
        "Date": "Fri, 05 Apr 2024 11:24:27 GMT",
        "ETag": "0x8DC5562F4F96CFE",
        "Last-Modified": "Fri, 05 Apr 2024 11:24:28 GMT",
        "request-id": "ba9d4017-d497-41a9-a2a1-7bc909432d52",
        "Server": "Microsoft-HTTPAPI/2.0",
        "Strict-Transport-Security": "max-age=31536000; includeSubDomains",
        "Transfer-Encoding": "chunked",
        "X-Content-Type-Options": "nosniff"
      },
      "ResponseBody": null
    },
    {
      "RequestUri": "https://REDACTED/jobs/BatchUser-Job-canCRUD?api-version=2024-02-01.19.0",
      "RequestMethod": "GET",
      "RequestHeaders": {
        "Accept": "application/json",
        "Authorization": "Sanitized",
        "client-request-id": "6634b3f0-08a0-4c28-96c3-5cebda3ec4f0",
        "Content-Length": "0",
        "Date": "Fri, 05 Apr 2024 11:24:28 GMT",
        "User-Agent": "azsdk-java-azure-compute-batch/1.0.0-beta.1 (17.0.9; Windows 11; 10.0)"
      },
      "RequestBody": null,
      "StatusCode": 200,
      "ResponseHeaders": {
        "Content-Type": "application/json; odata=minimalmetadata",
        "DataServiceVersion": "3.0",
        "Date": "Fri, 05 Apr 2024 11:24:27 GMT",
        "ETag": "0x8DC5562F4F96CFE",
        "Last-Modified": "Fri, 05 Apr 2024 11:24:28 GMT",
        "request-id": "bcb418e2-0816-42c1-a902-dac3a7a65091",
        "Server": "Microsoft-HTTPAPI/2.0",
        "Strict-Transport-Security": "max-age=31536000; includeSubDomains",
        "Transfer-Encoding": "chunked",
        "X-Content-Type-Options": "nosniff"
      },
      "ResponseBody": {
        "odata.metadata": "https://sanjbatch.eastus.batch.azure.com/$metadata#jobs/@Element",
        "id": "BatchUser-Job-canCRUD",
        "url": "REDACTED",
        "eTag": "0x8DC5562F4F96CFE",
        "lastModified": "2024-04-05T11:24:28.4910846Z",
        "creationTime": "2024-04-05T11:23:57.6526718Z",
        "state": "active",
        "stateTransitionTime": "2024-04-05T11:23:57.6696707Z",
        "priority": 1,
        "maxParallelTasks": -1,
        "usesTaskDependencies": false,
        "allowTaskPreemption": false,
        "constraints": {
          "maxWallClockTime": "P10675199DT2H48M5.477S",
          "maxTaskRetryCount": 0
        },
        "poolInfo": {
          "poolId": "BatchUser-testpool"
        },
        "executionInfo": {
          "startTime": "2024-04-05T11:23:57.6696707Z",
          "poolId": "BatchUser-testpool"
        },
        "onAllTasksComplete": "noaction",
        "onTaskFailure": "noaction"
      }
    },
    {
      "RequestUri": "https://REDACTED/jobs/BatchUser-Job-canCRUD?api-version=2024-02-01.19.0",
      "RequestMethod": "DELETE",
      "RequestHeaders": {
        "Accept": "application/json",
        "Authorization": "Sanitized",
        "client-request-id": "ca28237b-40cf-4503-839e-a7e534531987",
        "Content-Length": "0",
        "Date": "Fri, 05 Apr 2024 11:24:28 GMT",
        "User-Agent": "azsdk-java-azure-compute-batch/1.0.0-beta.1 (17.0.9; Windows 11; 10.0)"
      },
      "RequestBody": null,
      "StatusCode": 429,
      "ResponseHeaders": {
        "Content-Length": "372",
        "Content-Type": "application/json; odata=minimalmetadata",
        "DataServiceVersion": "3.0",
        "Date": "Fri, 05 Apr 2024 11:24:27 GMT",
        "request-id": "932c27a0-c483-4636-9a97-13a8c2b2bade",
        "Retry-After": "30",
        "Server": "Microsoft-HTTPAPI/2.0",
        "Strict-Transport-Security": "max-age=31536000; includeSubDomains",
        "X-Content-Type-Options": "nosniff"
      },
      "ResponseBody": {
        "odata.metadata": "https://sanjbatch.eastus.batch.azure.com/$metadata#Microsoft.Azure.Batch.Protocol.Entities.Container.errors/@Element",
        "code": "TooManyRequests",
        "message": {
          "lang": "en-US",
          "value": "Request failed as server encountered too many requests. Please try again.\nRequestId:932c27a0-c483-4636-9a97-13a8c2b2bade\nTime:2024-04-05T11:24:28.6977541Z"
        }
      }
    },
    {
      "RequestUri": "https://REDACTED/jobs/BatchUser-Job-canCRUD?api-version=2024-02-01.19.0",
      "RequestMethod": "DELETE",
      "RequestHeaders": {
        "Accept": "application/json",
        "Authorization": "Sanitized",
        "client-request-id": "ca28237b-40cf-4503-839e-a7e534531987",
        "Content-Length": "0",
        "Date": "Fri, 05 Apr 2024 11:24:58 GMT",
        "User-Agent": "azsdk-java-azure-compute-batch/1.0.0-beta.1 (17.0.9; Windows 11; 10.0)"
      },
      "RequestBody": null,
      "StatusCode": 202,
      "ResponseHeaders": {
        "DataServiceVersion": "3.0",
        "Date": "Fri, 05 Apr 2024 11:24:58 GMT",
        "request-id": "370b686b-b513-45be-82de-591613610da8",
        "Server": "Microsoft-HTTPAPI/2.0",
        "Strict-Transport-Security": "max-age=31536000; includeSubDomains",
        "Transfer-Encoding": "chunked",
        "X-Content-Type-Options": "nosniff"
      },
      "ResponseBody": null
    },
    {
      "RequestUri": "https://REDACTED/jobs/BatchUser-Job-canCRUD?api-version=2024-02-01.19.0",
      "RequestMethod": "GET",
      "RequestHeaders": {
        "Accept": "application/json",
        "Authorization": "Sanitized",
        "client-request-id": "020f473d-4011-4832-bdf6-758d177a024d",
        "Content-Length": "0",
        "Date": "Fri, 05 Apr 2024 11:24:58 GMT",
        "User-Agent": "azsdk-java-azure-compute-batch/1.0.0-beta.1 (17.0.9; Windows 11; 10.0)"
      },
      "RequestBody": null,
      "StatusCode": 200,
      "ResponseHeaders": {
        "Content-Type": "application/json; odata=minimalmetadata",
        "DataServiceVersion": "3.0",
        "Date": "Fri, 05 Apr 2024 11:24:58 GMT",
        "ETag": "0x8DC5562F4F96CFE",
        "Last-Modified": "Fri, 05 Apr 2024 11:24:28 GMT",
        "request-id": "e871093e-79f8-487c-a91d-2ee572b3f9cb",
        "Server": "Microsoft-HTTPAPI/2.0",
        "Strict-Transport-Security": "max-age=31536000; includeSubDomains",
        "Transfer-Encoding": "chunked",
        "X-Content-Type-Options": "nosniff"
      },
      "ResponseBody": {
        "odata.metadata": "https://sanjbatch.eastus.batch.azure.com/$metadata#jobs/@Element",
        "id": "BatchUser-Job-canCRUD",
        "url": "REDACTED",
        "eTag": "0x8DC5562F4F96CFE",
        "lastModified": "2024-04-05T11:24:28.4910846Z",
        "creationTime": "2024-04-05T11:23:57.6526718Z",
        "state": "deleting",
        "stateTransitionTime": "2024-04-05T11:24:58.8344374Z",
        "previousState": "active",
        "previousStateTransitionTime": "2024-04-05T11:23:57.6696707Z",
        "priority": 1,
        "maxParallelTasks": -1,
        "usesTaskDependencies": false,
        "allowTaskPreemption": false,
        "constraints": {
          "maxWallClockTime": "P10675199DT2H48M5.477S",
          "maxTaskRetryCount": 0
        },
        "poolInfo": {
          "poolId": "BatchUser-testpool"
        },
        "executionInfo": {
          "startTime": "2024-04-05T11:23:57.6696707Z",
          "poolId": "BatchUser-testpool"
        },
        "onAllTasksComplete": "noaction",
        "onTaskFailure": "noaction"
      }
    },
    {
      "RequestUri": "https://REDACTED/jobs/BatchUser-Job-canCRUD?api-version=2024-02-01.19.0",
      "RequestMethod": "DELETE",
      "RequestHeaders": {
        "Accept": "application/json",
        "Authorization": "Sanitized",
        "client-request-id": "9314ca65-a214-4e93-a395-0755131539f1",
        "Content-Length": "0",
        "Date": "Fri, 05 Apr 2024 11:25:00 GMT",
        "User-Agent": "azsdk-java-azure-compute-batch/1.0.0-beta.1 (17.0.9; Windows 11; 10.0)"
      },
      "RequestBody": null,
      "StatusCode": 409,
      "ResponseHeaders": {
        "Content-Length": "377",
        "Content-Type": "application/json; odata=minimalmetadata",
        "DataServiceVersion": "3.0",
        "Date": "Fri, 05 Apr 2024 11:24:59 GMT",
        "request-id": "b824d045-90f9-45ed-b8f6-3976db794d43",
        "Server": "Microsoft-HTTPAPI/2.0",
        "Strict-Transport-Security": "max-age=31536000; includeSubDomains",
        "X-Content-Type-Options": "nosniff"
      },
      "ResponseBody": {
        "odata.metadata": "https://sanjbatch.eastus.batch.azure.com/$metadata#Microsoft.Azure.Batch.Protocol.Entities.Container.errors/@Element",
        "code": "JobBeingDeleted",
        "message": {
          "lang": "en-US",
          "value": "The specified job has been marked for deletion and is being garbage collected.\nRequestId:b824d045-90f9-45ed-b8f6-3976db794d43\nTime:2024-04-05T11:25:00.0754479Z"
        }
      }
    }
  ],
  "Variables": {}
}
