{
  "Entries": [
    {
      "RequestUri": "https://REDACTED/jobs?api-version=2023-05-01.17.0",
      "RequestMethod": "POST",
      "RequestHeaders": {
        "Accept": "application/json",
        "Authorization": "Sanitized",
        "client-request-id": "ddef5e76-a803-49be-bdaa-4bc2ea1814b4",
        "Content-Length": "80",
        "Content-Type": "application/json; odata=minimalmetadata",
        "Date": "Mon, 06 Nov 2023 22:42:14 GMT",
        "User-Agent": "azsdk-java-azure-compute-batch/1.0.0-beta.1 (11.0.20; Windows 11; 10.0)"
      },
      "RequestBody": {
        "id": "BatchUser-Job-CanUpdateState",
        "poolInfo": {
          "poolId": "BatchUser-testpool"
        }
      },
      "StatusCode": 201,
      "ResponseHeaders": {
        "DataServiceId": "https://sanjbatch.eastus.batch.azure.com/jobs/job-1",
        "DataServiceVersion": "3.0",
        "Date": "Mon, 06 Nov 2023 22:42:13 GMT",
        "ETag": "0x8DBDF199EF898AF",
        "Last-Modified": "Mon, 06 Nov 2023 22:42:13 GMT",
        "Location": "https://sanjbatch.eastus.batch.azure.com/jobs/job-1",
        "request-id": "e0239af8-e544-43f7-9aef-d36ef17211d4",
        "Server": "Microsoft-HTTPAPI/2.0",
        "Strict-Transport-Security": "max-age=31536000; includeSubDomains",
        "Transfer-Encoding": "chunked",
        "X-Content-Type-Options": "nosniff"
      },
      "ResponseBody": null
    },
    {
      "RequestUri": "https://REDACTED/jobs/BatchUser-Job-CanUpdateState?api-version=2023-05-01.17.0",
      "RequestMethod": "GET",
      "RequestHeaders": {
        "Accept": "application/json",
        "Authorization": "Sanitized",
        "client-request-id": "7282c4e6-1797-42fa-8616-7d63f81772bb",
        "Content-Length": "0",
        "Date": "Mon, 06 Nov 2023 22:42:15 GMT",
        "User-Agent": "azsdk-java-azure-compute-batch/1.0.0-beta.1 (11.0.20; Windows 11; 10.0)"
      },
      "RequestBody": null,
      "StatusCode": 200,
      "ResponseHeaders": {
        "Content-Type": "application/json; odata=minimalmetadata",
        "DataServiceVersion": "3.0",
        "Date": "Mon, 06 Nov 2023 22:42:13 GMT",
        "ETag": "0x8DBDF199EF898AF",
        "Last-Modified": "Mon, 06 Nov 2023 22:42:13 GMT",
        "request-id": "a46c6c5c-40c6-47a3-b280-cd98a5a3b813",
        "Server": "Microsoft-HTTPAPI/2.0",
        "Strict-Transport-Security": "max-age=31536000; includeSubDomains",
        "Transfer-Encoding": "chunked",
        "X-Content-Type-Options": "nosniff"
      },
      "ResponseBody": {
        "odata.metadata": "https://sanjbatch.eastus.batch.azure.com/$metadata#jobs/@Element",
        "id": "BatchUser-Job-CanUpdateState",
        "url": "REDACTED",
        "eTag": "0x8DBDF199EF898AF",
        "lastModified": "2023-11-06T22:42:13.7325743Z",
        "creationTime": "2023-11-06T22:42:13.7135696Z",
        "state": "active",
        "stateTransitionTime": "2023-11-06T22:42:13.7325743Z",
        "priority": 0,
        "maxParallelTasks": -1,
        "usesTaskDependencies": false,
        "allowTaskPreemption": false,
        "constraints": {
          "maxWallClockTime": "P10675199DT2H48M5.4775807S",
          "maxTaskRetryCount": 0
        },
        "poolInfo": {
          "poolId": "BatchUser-testpool"
        },
        "executionInfo": {
          "startTime": "2023-11-06T22:42:13.7325743Z",
          "poolId": "BatchUser-testpool"
        },
        "onAllTasksComplete": "noaction",
        "onTaskFailure": "noaction"
      }
    },
    {
      "RequestUri": "https://REDACTED/jobs/BatchUser-Job-CanUpdateState?api-version=2023-05-01.17.0",
      "RequestMethod": "PUT",
      "RequestHeaders": {
        "Accept": "application/json",
        "Authorization": "Sanitized",
        "client-request-id": "680833b0-dacf-4e22-8d5e-91390ac7b2d8",
        "Content-Length": "179",
        "Content-Type": "application/json; odata=minimalmetadata",
        "Date": "Mon, 06 Nov 2023 22:42:15 GMT",
        "User-Agent": "azsdk-java-azure-compute-batch/1.0.0-beta.1 (11.0.20; Windows 11; 10.0)"
      },
      "RequestBody": {
        "poolInfo": {
          "poolId": "BatchUser-testpool"
        },
        "priority": 500,
        "allowTaskPreemption": false,
        "maxParallelTasks": -1,
        "constraints": {
          "maxTaskRetryCount": 3
        },
        "onAllTasksComplete": "noaction"
      },
      "StatusCode": 200,
      "ResponseHeaders": {
        "DataServiceId": "https://sanjbatch.eastus.batch.azure.com/jobs/BatchUser-Job-CanUpdateState",
        "DataServiceVersion": "3.0",
        "Date": "Mon, 06 Nov 2023 22:42:13 GMT",
        "ETag": "0x8DBDF199F145E22",
        "Last-Modified": "Mon, 06 Nov 2023 22:42:13 GMT",
        "request-id": "ea73f6ca-d9ec-4e1d-857c-0c7022ec48bd",
        "Server": "Microsoft-HTTPAPI/2.0",
        "Strict-Transport-Security": "max-age=31536000; includeSubDomains",
        "Transfer-Encoding": "chunked",
        "X-Content-Type-Options": "nosniff"
      },
      "ResponseBody": null
    },
    {
      "RequestUri": "https://REDACTED/jobs/BatchUser-Job-CanUpdateState?api-version=2023-05-01.17.0",
      "RequestMethod": "GET",
      "RequestHeaders": {
        "Accept": "application/json",
        "Authorization": "Sanitized",
        "client-request-id": "a4454c55-0d9d-4c68-b619-78ac7a398dda",
        "Content-Length": "0",
        "Date": "Mon, 06 Nov 2023 22:42:15 GMT",
        "User-Agent": "azsdk-java-azure-compute-batch/1.0.0-beta.1 (11.0.20; Windows 11; 10.0)"
      },
      "RequestBody": null,
      "StatusCode": 200,
      "ResponseHeaders": {
        "Content-Type": "application/json; odata=minimalmetadata",
        "DataServiceVersion": "3.0",
        "Date": "Mon, 06 Nov 2023 22:42:13 GMT",
        "ETag": "0x8DBDF199F145E22",
        "Last-Modified": "Mon, 06 Nov 2023 22:42:13 GMT",
        "request-id": "5b13f28e-b506-4f17-af1e-4e82d1b441da",
        "Server": "Microsoft-HTTPAPI/2.0",
        "Strict-Transport-Security": "max-age=31536000; includeSubDomains",
        "Transfer-Encoding": "chunked",
        "X-Content-Type-Options": "nosniff"
      },
      "ResponseBody": {
        "odata.metadata": "https://sanjbatch.eastus.batch.azure.com/$metadata#jobs/@Element",
        "id": "BatchUser-Job-CanUpdateState",
        "url": "REDACTED",
        "eTag": "0x8DBDF199F145E22",
        "lastModified": "2023-11-06T22:42:13.9145762Z",
        "creationTime": "2023-11-06T22:42:13.7135696Z",
        "state": "active",
        "stateTransitionTime": "2023-11-06T22:42:13.7325743Z",
        "priority": 500,
        "maxParallelTasks": -1,
        "usesTaskDependencies": false,
        "allowTaskPreemption": false,
        "constraints": {
          "maxWallClockTime": "P10675199DT2H48M5.4775807S",
          "maxTaskRetryCount": 3
        },
        "poolInfo": {
          "poolId": "BatchUser-testpool"
        },
        "executionInfo": {
          "startTime": "2023-11-06T22:42:13.7325743Z",
          "poolId": "BatchUser-testpool"
        },
        "onAllTasksComplete": "noaction",
        "onTaskFailure": "noaction"
      }
    },
    {
      "RequestUri": "https://REDACTED/jobs/BatchUser-Job-CanUpdateState/disable?api-version=2023-05-01.17.0",
      "RequestMethod": "POST",
      "RequestHeaders": {
        "Accept": "application/json",
        "Authorization": "Sanitized",
        "client-request-id": "1091d22c-da21-45d8-ad98-db3048ac5466",
        "Content-Length": "26",
        "Content-Type": "application/json; odata=minimalmetadata",
        "Date": "Mon, 06 Nov 2023 22:42:15 GMT",
        "User-Agent": "azsdk-java-azure-compute-batch/1.0.0-beta.1 (11.0.20; Windows 11; 10.0)"
      },
      "RequestBody": {
        "disableTasks": "requeue"
      },
      "StatusCode": 202,
      "ResponseHeaders": {
        "DataServiceId": "https://sanjbatch.eastus.batch.azure.com/jobs/BatchUser-Job-CanUpdateState/disable",
        "DataServiceVersion": "3.0",
        "Date": "Mon, 06 Nov 2023 22:42:13 GMT",
        "ETag": "0x8DBDF199F2FD583",
        "Last-Modified": "Mon, 06 Nov 2023 22:42:14 GMT",
        "request-id": "ebe925ff-b04f-46d7-94df-7370421ef2f0",
        "Server": "Microsoft-HTTPAPI/2.0",
        "Strict-Transport-Security": "max-age=31536000; includeSubDomains",
        "Transfer-Encoding": "chunked",
        "X-Content-Type-Options": "nosniff"
      },
      "ResponseBody": null
    },
    {
      "RequestUri": "https://REDACTED/jobs/BatchUser-Job-CanUpdateState?api-version=2023-05-01.17.0",
      "RequestMethod": "GET",
      "RequestHeaders": {
        "Accept": "application/json",
        "Authorization": "Sanitized",
        "client-request-id": "5b47ff6f-2173-4b87-a048-888d323942f9",
        "Content-Length": "0",
        "Date": "Mon, 06 Nov 2023 22:42:15 GMT",
        "User-Agent": "azsdk-java-azure-compute-batch/1.0.0-beta.1 (11.0.20; Windows 11; 10.0)"
      },
      "RequestBody": null,
      "StatusCode": 200,
      "ResponseHeaders": {
        "Content-Type": "application/json; odata=minimalmetadata",
        "DataServiceVersion": "3.0",
        "Date": "Mon, 06 Nov 2023 22:42:13 GMT",
        "ETag": "0x8DBDF199F2FD583",
        "Last-Modified": "Mon, 06 Nov 2023 22:42:14 GMT",
        "request-id": "81892450-90bf-42b3-a65f-ade77872431b",
        "Server": "Microsoft-HTTPAPI/2.0",
        "Strict-Transport-Security": "max-age=31536000; includeSubDomains",
        "Transfer-Encoding": "chunked",
        "X-Content-Type-Options": "nosniff"
      },
      "ResponseBody": {
        "odata.metadata": "https://sanjbatch.eastus.batch.azure.com/$metadata#jobs/@Element",
        "id": "BatchUser-Job-CanUpdateState",
        "url": "REDACTED",
        "eTag": "0x8DBDF199F2FD583",
        "lastModified": "2023-11-06T22:42:14.0945795Z",
        "creationTime": "2023-11-06T22:42:13.7135696Z",
        "state": "disabling",
        "stateTransitionTime": "2023-11-06T22:42:14.0945795Z",
        "previousState": "active",
        "previousStateTransitionTime": "2023-11-06T22:42:13.7325743Z",
        "priority": 500,
        "maxParallelTasks": -1,
        "usesTaskDependencies": false,
        "allowTaskPreemption": false,
        "constraints": {
          "maxWallClockTime": "P10675199DT2H48M5.4775807S",
          "maxTaskRetryCount": 3
        },
        "poolInfo": {
          "poolId": "BatchUser-testpool"
        },
        "executionInfo": {
          "startTime": "2023-11-06T22:42:13.7325743Z",
          "poolId": "BatchUser-testpool"
        },
        "onAllTasksComplete": "noaction",
        "onTaskFailure": "noaction"
      }
    },
    {
      "RequestUri": "https://REDACTED/jobs/BatchUser-Job-CanUpdateState?api-version=2023-05-01.17.0",
      "RequestMethod": "GET",
      "RequestHeaders": {
        "Accept": "application/json",
        "Authorization": "Sanitized",
        "client-request-id": "42d63cd7-b93a-496d-8415-09d884766612",
        "Content-Length": "0",
        "Date": "Mon, 06 Nov 2023 22:42:20 GMT",
        "User-Agent": "azsdk-java-azure-compute-batch/1.0.0-beta.1 (11.0.20; Windows 11; 10.0)"
      },
      "RequestBody": null,
      "StatusCode": 200,
      "ResponseHeaders": {
        "Content-Type": "application/json; odata=minimalmetadata",
        "DataServiceVersion": "3.0",
        "Date": "Mon, 06 Nov 2023 22:42:18 GMT",
        "ETag": "0x8DBDF199F2FD583",
        "Last-Modified": "Mon, 06 Nov 2023 22:42:14 GMT",
        "request-id": "d73a1b52-64ba-4353-9253-b5ced98c2fc4",
        "Server": "Microsoft-HTTPAPI/2.0",
        "Strict-Transport-Security": "max-age=31536000; includeSubDomains",
        "Transfer-Encoding": "chunked",
        "X-Content-Type-Options": "nosniff"
      },
      "ResponseBody": {
        "odata.metadata": "https://sanjbatch.eastus.batch.azure.com/$metadata#jobs/@Element",
        "id": "BatchUser-Job-CanUpdateState",
        "url": "REDACTED",
        "eTag": "0x8DBDF199F2FD583",
        "lastModified": "2023-11-06T22:42:14.0945795Z",
        "creationTime": "2023-11-06T22:42:13.7135696Z",
        "state": "disabling",
        "stateTransitionTime": "2023-11-06T22:42:14.0945795Z",
        "previousState": "active",
        "previousStateTransitionTime": "2023-11-06T22:42:13.7325743Z",
        "priority": 500,
        "maxParallelTasks": -1,
        "usesTaskDependencies": false,
        "allowTaskPreemption": false,
        "constraints": {
          "maxWallClockTime": "P10675199DT2H48M5.4775807S",
          "maxTaskRetryCount": 3
        },
        "poolInfo": {
          "poolId": "BatchUser-testpool"
        },
        "executionInfo": {
          "startTime": "2023-11-06T22:42:13.7325743Z",
          "poolId": "BatchUser-testpool"
        },
        "onAllTasksComplete": "noaction",
        "onTaskFailure": "noaction"
      }
    },
    {
      "RequestUri": "https://REDACTED/jobs/BatchUser-Job-CanUpdateState?api-version=2023-05-01.17.0",
      "RequestMethod": "PATCH",
      "RequestHeaders": {
        "Accept": "application/json",
        "Authorization": "Sanitized",
        "client-request-id": "2489b306-903d-4683-900b-8996f3839a16",
        "Content-Length": "37",
        "Content-Type": "application/json; odata=minimalmetadata",
        "Date": "Mon, 06 Nov 2023 22:42:20 GMT",
        "User-Agent": "azsdk-java-azure-compute-batch/1.0.0-beta.1 (11.0.20; Windows 11; 10.0)"
      },
      "RequestBody": {
        "onAllTasksComplete": "terminatejob"
      },
      "StatusCode": 200,
      "ResponseHeaders": {
        "DataServiceId": "https://sanjbatch.eastus.batch.azure.com/jobs/BatchUser-Job-CanUpdateState",
        "DataServiceVersion": "3.0",
        "Date": "Mon, 06 Nov 2023 22:42:19 GMT",
        "ETag": "0x8DBDF19A256EC79",
        "Last-Modified": "Mon, 06 Nov 2023 22:42:19 GMT",
        "request-id": "32366f8e-38ff-4dc9-960b-f196cfc3769e",
        "Server": "Microsoft-HTTPAPI/2.0",
        "Strict-Transport-Security": "max-age=31536000; includeSubDomains",
        "Transfer-Encoding": "chunked",
        "X-Content-Type-Options": "nosniff"
      },
      "ResponseBody": null
    },
    {
      "RequestUri": "https://REDACTED/jobs/BatchUser-Job-CanUpdateState?api-version=2023-05-01.17.0",
      "RequestMethod": "GET",
      "RequestHeaders": {
        "Accept": "application/json",
        "Authorization": "Sanitized",
        "client-request-id": "472f0823-f1f5-4035-9aae-82c0b1746e1d",
        "Content-Length": "0",
        "Date": "Mon, 06 Nov 2023 22:42:20 GMT",
        "User-Agent": "azsdk-java-azure-compute-batch/1.0.0-beta.1 (11.0.20; Windows 11; 10.0)"
      },
      "RequestBody": null,
      "StatusCode": 200,
      "ResponseHeaders": {
        "Content-Type": "application/json; odata=minimalmetadata",
        "DataServiceVersion": "3.0",
        "Date": "Mon, 06 Nov 2023 22:42:19 GMT",
        "ETag": "0x8DBDF19A256EC79",
        "Last-Modified": "Mon, 06 Nov 2023 22:42:19 GMT",
        "request-id": "17f3573a-82dd-46a5-9f81-b37270df8a40",
        "Server": "Microsoft-HTTPAPI/2.0",
        "Strict-Transport-Security": "max-age=31536000; includeSubDomains",
        "Transfer-Encoding": "chunked",
        "X-Content-Type-Options": "nosniff"
      },
      "ResponseBody": {
        "odata.metadata": "https://sanjbatch.eastus.batch.azure.com/$metadata#jobs/@Element",
        "id": "BatchUser-Job-CanUpdateState",
        "url": "REDACTED",
        "eTag": "0x8DBDF19A256EC79",
        "lastModified": "2023-11-06T22:42:19.3839225Z",
        "creationTime": "2023-11-06T22:42:13.7135696Z",
        "state": "disabling",
        "stateTransitionTime": "2023-11-06T22:42:14.0945795Z",
        "previousState": "active",
        "previousStateTransitionTime": "2023-11-06T22:42:13.7325743Z",
        "priority": 500,
        "maxParallelTasks": -1,
        "usesTaskDependencies": false,
        "allowTaskPreemption": false,
        "constraints": {
          "maxWallClockTime": "P10675199DT2H48M5.4775807S",
          "maxTaskRetryCount": 3
        },
        "poolInfo": {
          "poolId": "BatchUser-testpool"
        },
        "executionInfo": {
          "startTime": "2023-11-06T22:42:13.7325743Z",
          "poolId": "BatchUser-testpool"
        },
        "onAllTasksComplete": "terminatejob",
        "onTaskFailure": "noaction"
      }
    },
    {
      "RequestUri": "https://REDACTED/jobs/BatchUser-Job-CanUpdateState/enable?api-version=2023-05-01.17.0",
      "RequestMethod": "POST",
      "RequestHeaders": {
        "Accept": "application/json",
        "Authorization": "Sanitized",
        "client-request-id": "784e1107-7f25-4ac5-98b8-470593ef55c1",
        "Content-Length": "0",
        "Date": "Mon, 06 Nov 2023 22:42:21 GMT",
        "User-Agent": "azsdk-java-azure-compute-batch/1.0.0-beta.1 (11.0.20; Windows 11; 10.0)"
      },
      "RequestBody": null,
      "StatusCode": 202,
      "ResponseHeaders": {
        "DataServiceId": "https://sanjbatch.eastus.batch.azure.com/jobs/BatchUser-Job-CanUpdateState/enable",
        "DataServiceVersion": "3.0",
        "Date": "Mon, 06 Nov 2023 22:42:19 GMT",
        "ETag": "0x8DBDF19A273E9D7",
        "Last-Modified": "Mon, 06 Nov 2023 22:42:19 GMT",
        "request-id": "5a945fbe-a6f2-4681-b733-b1e4fe0cff29",
        "Server": "Microsoft-HTTPAPI/2.0",
        "Strict-Transport-Security": "max-age=31536000; includeSubDomains",
        "Transfer-Encoding": "chunked",
        "X-Content-Type-Options": "nosniff"
      },
      "ResponseBody": null
    },
    {
      "RequestUri": "https://REDACTED/jobs/BatchUser-Job-CanUpdateState?api-version=2023-05-01.17.0",
      "RequestMethod": "GET",
      "RequestHeaders": {
        "Accept": "application/json",
        "Authorization": "Sanitized",
        "client-request-id": "10529e11-ad7e-4fa0-8fef-3e5680aa2a07",
        "Content-Length": "0",
        "Date": "Mon, 06 Nov 2023 22:42:21 GMT",
        "User-Agent": "azsdk-java-azure-compute-batch/1.0.0-beta.1 (11.0.20; Windows 11; 10.0)"
      },
      "RequestBody": null,
      "StatusCode": 200,
      "ResponseHeaders": {
        "Content-Type": "application/json; odata=minimalmetadata",
        "DataServiceVersion": "3.0",
        "Date": "Mon, 06 Nov 2023 22:42:19 GMT",
        "ETag": "0x8DBDF19A273E9D7",
        "Last-Modified": "Mon, 06 Nov 2023 22:42:19 GMT",
        "request-id": "97a76140-d022-46be-8a47-54bf84d81bbf",
        "Server": "Microsoft-HTTPAPI/2.0",
        "Strict-Transport-Security": "max-age=31536000; includeSubDomains",
        "Transfer-Encoding": "chunked",
        "X-Content-Type-Options": "nosniff"
      },
      "ResponseBody": {
        "odata.metadata": "https://sanjbatch.eastus.batch.azure.com/$metadata#jobs/@Element",
        "id": "BatchUser-Job-CanUpdateState",
        "url": "REDACTED",
        "eTag": "0x8DBDF19A273E9D7",
        "lastModified": "2023-11-06T22:42:19.5739095Z",
        "creationTime": "2023-11-06T22:42:13.7135696Z",
        "state": "active",
        "stateTransitionTime": "2023-11-06T22:42:19.5739095Z",
        "previousState": "active",
        "previousStateTransitionTime": "2023-11-06T22:42:13.7325743Z",
        "priority": 500,
        "maxParallelTasks": -1,
        "usesTaskDependencies": false,
        "allowTaskPreemption": false,
        "constraints": {
          "maxWallClockTime": "P10675199DT2H48M5.4775807S",
          "maxTaskRetryCount": 3
        },
        "poolInfo": {
          "poolId": "BatchUser-testpool"
        },
        "executionInfo": {
          "startTime": "2023-11-06T22:42:13.7325743Z",
          "poolId": "BatchUser-testpool"
        },
        "onAllTasksComplete": "terminatejob",
        "onTaskFailure": "noaction"
      }
    },
    {
      "RequestUri": "https://REDACTED/jobs/BatchUser-Job-CanUpdateState/terminate?api-version=2023-05-01.17.0",
      "RequestMethod": "POST",
      "RequestHeaders": {
        "Accept": "application/json",
        "Authorization": "Sanitized",
        "client-request-id": "b8d9d613-2503-4c44-803b-60fcae5d709b",
        "Content-Length": "30",
        "Content-Type": "application/json; odata=minimalmetadata",
        "Date": "Mon, 06 Nov 2023 22:42:21 GMT",
        "User-Agent": "azsdk-java-azure-compute-batch/1.0.0-beta.1 (11.0.20; Windows 11; 10.0)"
      },
      "RequestBody": {
        "terminateReason": "myreason"
      },
      "StatusCode": 202,
      "ResponseHeaders": {
        "DataServiceId": "https://sanjbatch.eastus.batch.azure.com/jobs/BatchUser-Job-CanUpdateState/terminate",
        "DataServiceVersion": "3.0",
        "Date": "Mon, 06 Nov 2023 22:42:19 GMT",
        "ETag": "0x8DBDF19A291F95F",
        "Last-Modified": "Mon, 06 Nov 2023 22:42:19 GMT",
        "request-id": "4863feda-855e-453f-a00b-a27675e95dff",
        "Server": "Microsoft-HTTPAPI/2.0",
        "Strict-Transport-Security": "max-age=31536000; includeSubDomains",
        "Transfer-Encoding": "chunked",
        "X-Content-Type-Options": "nosniff"
      },
      "ResponseBody": null
    },
    {
      "RequestUri": "https://REDACTED/jobs/BatchUser-Job-CanUpdateState?api-version=2023-05-01.17.0",
      "RequestMethod": "GET",
      "RequestHeaders": {
        "Accept": "application/json",
        "Authorization": "Sanitized",
        "client-request-id": "600faaa2-e603-463d-87e2-100aca1cabb3",
        "Content-Length": "0",
        "Date": "Mon, 06 Nov 2023 22:42:21 GMT",
        "User-Agent": "azsdk-java-azure-compute-batch/1.0.0-beta.1 (11.0.20; Windows 11; 10.0)"
      },
      "RequestBody": null,
      "StatusCode": 200,
      "ResponseHeaders": {
        "Content-Type": "application/json; odata=minimalmetadata",
        "DataServiceVersion": "3.0",
        "Date": "Mon, 06 Nov 2023 22:42:19 GMT",
        "ETag": "0x8DBDF19A291F95F",
        "Last-Modified": "Mon, 06 Nov 2023 22:42:19 GMT",
        "request-id": "e2af9156-8972-4222-8292-5e41d2f6682d",
        "Server": "Microsoft-HTTPAPI/2.0",
        "Strict-Transport-Security": "max-age=31536000; includeSubDomains",
        "Transfer-Encoding": "chunked",
        "X-Content-Type-Options": "nosniff"
      },
      "ResponseBody": {
        "odata.metadata": "https://sanjbatch.eastus.batch.azure.com/$metadata#jobs/@Element",
        "id": "BatchUser-Job-CanUpdateState",
        "url": "REDACTED",
        "eTag": "0x8DBDF19A291F95F",
        "lastModified": "2023-11-06T22:42:19.7709151Z",
        "creationTime": "2023-11-06T22:42:13.7135696Z",
        "state": "terminating",
        "stateTransitionTime": "2023-11-06T22:42:19.7709151Z",
        "previousState": "active",
        "previousStateTransitionTime": "2023-11-06T22:42:19.5739095Z",
        "priority": 500,
        "maxParallelTasks": -1,
        "usesTaskDependencies": false,
        "allowTaskPreemption": false,
        "constraints": {
          "maxWallClockTime": "P10675199DT2H48M5.4775807S",
          "maxTaskRetryCount": 3
        },
        "poolInfo": {
          "poolId": "BatchUser-testpool"
        },
        "executionInfo": {
          "startTime": "2023-11-06T22:42:13.7325743Z",
          "poolId": "BatchUser-testpool",
          "terminateReason": "myreason"
        },
        "onAllTasksComplete": "terminatejob",
        "onTaskFailure": "noaction"
      }
    },
    {
      "RequestUri": "https://REDACTED/jobs/BatchUser-Job-CanUpdateState?api-version=2023-05-01.17.0",
      "RequestMethod": "GET",
      "RequestHeaders": {
        "Accept": "application/json",
        "Authorization": "Sanitized",
        "client-request-id": "91eeef8f-4248-4b56-a991-a00bbc850177",
        "Content-Length": "0",
        "Date": "Mon, 06 Nov 2023 22:42:23 GMT",
        "User-Agent": "azsdk-java-azure-compute-batch/1.0.0-beta.1 (11.0.20; Windows 11; 10.0)"
      },
      "RequestBody": null,
      "StatusCode": 200,
      "ResponseHeaders": {
        "Content-Type": "application/json; odata=minimalmetadata",
        "DataServiceVersion": "3.0",
        "Date": "Mon, 06 Nov 2023 22:42:21 GMT",
        "ETag": "0x8DBDF19A291F95F",
        "Last-Modified": "Mon, 06 Nov 2023 22:42:19 GMT",
        "request-id": "107990bd-e439-4919-8eca-6e6406717bd3",
        "Server": "Microsoft-HTTPAPI/2.0",
        "Strict-Transport-Security": "max-age=31536000; includeSubDomains",
        "Transfer-Encoding": "chunked",
        "X-Content-Type-Options": "nosniff"
      },
      "ResponseBody": {
        "odata.metadata": "https://sanjbatch.eastus.batch.azure.com/$metadata#jobs/@Element",
        "id": "BatchUser-Job-CanUpdateState",
        "url": "REDACTED",
        "eTag": "0x8DBDF19A291F95F",
        "lastModified": "2023-11-06T22:42:19.7709151Z",
        "creationTime": "2023-11-06T22:42:13.7135696Z",
        "state": "completed",
        "stateTransitionTime": "2023-11-06T22:42:20.2574807Z",
        "previousState": "active",
        "previousStateTransitionTime": "2023-11-06T22:42:19.5739095Z",
        "priority": 500,
        "maxParallelTasks": -1,
        "usesTaskDependencies": false,
        "allowTaskPreemption": false,
        "constraints": {
          "maxWallClockTime": "P10675199DT2H48M5.4775807S",
          "maxTaskRetryCount": 3
        },
        "poolInfo": {
          "poolId": "BatchUser-testpool"
        },
        "executionInfo": {
          "startTime": "2023-11-06T22:42:13.7325743Z",
          "endTime": "2023-11-06T22:42:20.2574807Z",
          "poolId": "BatchUser-testpool",
          "terminateReason": "myreason"
        },
        "onAllTasksComplete": "terminatejob",
        "onTaskFailure": "noaction"
      }
    },
    {
      "RequestUri": "https://REDACTED/jobs/BatchUser-Job-CanUpdateState?api-version=2023-05-01.17.0",
      "RequestMethod": "DELETE",
      "RequestHeaders": {
        "Accept": "application/json",
        "Authorization": "Sanitized",
        "client-request-id": "846fa0fc-3a9a-4b8a-a775-a09c31b9d631",
        "Content-Length": "0",
        "Date": "Mon, 06 Nov 2023 22:42:23 GMT",
        "User-Agent": "azsdk-java-azure-compute-batch/1.0.0-beta.1 (11.0.20; Windows 11; 10.0)"
      },
      "RequestBody": null,
      "StatusCode": 202,
      "ResponseHeaders": {
        "DataServiceVersion": "3.0",
        "Date": "Mon, 06 Nov 2023 22:42:21 GMT",
        "request-id": "27bc200b-fe55-4986-a34f-0a30e677c3bc",
        "Server": "Microsoft-HTTPAPI/2.0",
        "Strict-Transport-Security": "max-age=31536000; includeSubDomains",
        "Transfer-Encoding": "chunked",
        "X-Content-Type-Options": "nosniff"
      },
      "ResponseBody": null
    }
  ],
  "Variables": {}
}
