{
  "Entries": [
    {
      "RequestUri": "https://REDACTED/pools/BatchUser-testpool?api-version=2023-05-01.17.0",
      "RequestMethod": "HEAD",
      "RequestHeaders": {
        "Accept": "application/json",
        "Authorization": "Sanitized",
        "client-request-id": "d272ff10-92e0-46b4-a02d-4f8584c284f3",
        "Content-Length": "0",
        "Date": "Mon, 06 Nov 2023 22:41:55 GMT",
        "User-Agent": "azsdk-java-azure-compute-batch/1.0.0-beta.1 (11.0.20; Windows 11; 10.0)"
      },
      "RequestBody": null,
      "StatusCode": 200,
      "ResponseHeaders": {
        "DataServiceVersion": "3.0",
        "Date": "Mon, 06 Nov 2023 22:41:55 GMT",
        "ETag": "0x8DBC52C54B88553",
        "Last-Modified": "Wed, 04 Oct 2023 22:50:39 GMT",
        "request-id": "f3f45b05-dd56-4ac1-b6e1-ebc9c25f9b1f",
        "Server": "Microsoft-HTTPAPI/2.0",
        "Strict-Transport-Security": "max-age=31536000; includeSubDomains",
        "Transfer-Encoding": "chunked",
        "X-Content-Type-Options": "nosniff"
      },
      "ResponseBody": null
    },
    {
      "RequestUri": "https://REDACTED/pools/BatchUser-testpool?api-version=2023-05-01.17.0",
      "RequestMethod": "GET",
      "RequestHeaders": {
        "Accept": "application/json",
        "Authorization": "Sanitized",
        "client-request-id": "c0d081ff-ad89-4d8f-9fae-06e10abc0d51",
        "Content-Length": "0",
        "Date": "Mon, 06 Nov 2023 22:41:57 GMT",
        "User-Agent": "azsdk-java-azure-compute-batch/1.0.0-beta.1 (11.0.20; Windows 11; 10.0)"
      },
      "RequestBody": null,
      "StatusCode": 200,
      "ResponseHeaders": {
        "Content-Type": "application/json; odata=minimalmetadata",
        "DataServiceVersion": "3.0",
        "Date": "Mon, 06 Nov 2023 22:41:55 GMT",
        "ETag": "0x8DBC52C54B88553",
        "Last-Modified": "Wed, 04 Oct 2023 22:50:39 GMT",
        "request-id": "e20ba652-f3bd-4102-9e06-bdaf0f81a215",
        "Server": "Microsoft-HTTPAPI/2.0",
        "Strict-Transport-Security": "max-age=31536000; includeSubDomains",
        "Transfer-Encoding": "chunked",
        "X-Content-Type-Options": "nosniff"
      },
      "ResponseBody": {
        "odata.metadata": "https://sanjbatch.eastus.batch.azure.com/$metadata#pools/@Element",
        "id": "BatchUser-testpool",
        "url": "REDACTED",
        "eTag": "0x8DBC52C54B88553",
        "lastModified": "2023-10-04T22:50:39.3668947Z",
        "creationTime": "2023-10-04T22:50:39.3668947Z",
        "state": "active",
        "stateTransitionTime": "2023-10-04T22:50:39.3668947Z",
        "allocationState": "steady",
        "allocationStateTransitionTime": "2023-10-04T22:53:03.9460184Z",
        "vmSize": "standard_d1_v2",
        "resizeTimeout": "PT15M",
        "currentDedicatedNodes": 1,
        "targetDedicatedNodes": 1,
        "currentLowPriorityNodes": 0,
        "targetLowPriorityNodes": 0,
        "enableAutoScale": false,
        "enableInterNodeCommunication": false,
        "userAccounts": [
          {
            "name": "test-user",
            "elevationLevel": "admin",
            "linuxUserConfiguration": {
              "uid": 5,
              "gid": 5
            }
          }
        ],
        "taskSlotsPerNode": 1,
        "taskSchedulingPolicy": {
          "nodeFillType": "Spread"
        },
        "virtualMachineConfiguration": {
          "imageReference": {
            "publisher": "Canonical",
            "offer": "UbuntuServer",
            "sku": "18.04-LTS",
            "version": "latest"
          },
          "nodeAgentSKUId": "batch.node.ubuntu 18.04"
        },
        "networkConfiguration": {
          "subnetId": "/subscriptions/42d72928-df33-4f31-9f04-581177fca7d6/resourceGroups/sanjrg/providers/Microsoft.Network/virtualNetworks/sanjvnet/subnets/default",
          "dynamicVNetAssignmentScope": "none",
          "enableAcceleratedNetworking": false
        },
        "currentNodeCommunicationMode": "classic"
      }
    },
    {
      "RequestUri": "https://REDACTED/jobs?api-version=2023-05-01.17.0",
      "RequestMethod": "POST",
      "RequestHeaders": {
        "Accept": "application/json",
        "Authorization": "Sanitized",
        "client-request-id": "30b19660-90ba-4d50-8c2f-bd3d761a1bc3",
        "Content-Length": "368",
        "Content-Type": "application/json; odata=minimalmetadata",
        "Date": "Mon, 06 Nov 2023 22:41:57 GMT",
        "User-Agent": "azsdk-java-azure-compute-batch/1.0.0-beta.1 (11.0.20; Windows 11; 10.0)"
      },
      "RequestBody": {
        "id": "BatchUser-Job-canCRUDWithPoolNodeComm",
        "poolInfo": {
          "autoPoolSpecification": {
            "poolLifetimeOption": "job",
            "pool": {
              "vmSize": "STANDARD_D1_V2",
              "virtualMachineConfiguration": {
                "imageReference": {
                  "publisher": "Canonical",
                  "offer": "UbuntuServer",
                  "sku": "18.04-LTS",
                  "version": "latest"
                },
                "nodeAgentSKUId": "batch.node.ubuntu 18.04"
              },
              "targetNodeCommunicationMode": "simplified"
            }
          }
        }
      },
      "StatusCode": 201,
      "ResponseHeaders": {
        "DataServiceId": "https://sanjbatch.eastus.batch.azure.com/jobs/job-1",
        "DataServiceVersion": "3.0",
        "Date": "Mon, 06 Nov 2023 22:41:55 GMT",
        "ETag": "0x8DBDF199450EC50",
        "Last-Modified": "Mon, 06 Nov 2023 22:41:55 GMT",
        "Location": "https://sanjbatch.eastus.batch.azure.com/jobs/job-1",
        "request-id": "3ed938f8-5ecb-4982-8847-201c1ecc8c30",
        "Server": "Microsoft-HTTPAPI/2.0",
        "Strict-Transport-Security": "max-age=31536000; includeSubDomains",
        "Transfer-Encoding": "chunked",
        "X-Content-Type-Options": "nosniff"
      },
      "ResponseBody": null
    },
    {
      "RequestUri": "https://REDACTED/jobs/BatchUser-Job-canCRUDWithPoolNodeComm?api-version=2023-05-01.17.0",
      "RequestMethod": "GET",
      "RequestHeaders": {
        "Accept": "application/json",
        "Authorization": "Sanitized",
        "client-request-id": "9a76030a-3f1a-4451-8f66-c219b3943a7b",
        "Content-Length": "0",
        "Date": "Mon, 06 Nov 2023 22:41:57 GMT",
        "User-Agent": "azsdk-java-azure-compute-batch/1.0.0-beta.1 (11.0.20; Windows 11; 10.0)"
      },
      "RequestBody": null,
      "StatusCode": 200,
      "ResponseHeaders": {
        "Content-Type": "application/json; odata=minimalmetadata",
        "DataServiceVersion": "3.0",
        "Date": "Mon, 06 Nov 2023 22:41:55 GMT",
        "ETag": "0x8DBDF199450EC50",
        "Last-Modified": "Mon, 06 Nov 2023 22:41:55 GMT",
        "request-id": "50863755-28a3-4109-904e-acaa702fa59f",
        "Server": "Microsoft-HTTPAPI/2.0",
        "Strict-Transport-Security": "max-age=31536000; includeSubDomains",
        "Transfer-Encoding": "chunked",
        "X-Content-Type-Options": "nosniff"
      },
      "ResponseBody": {
        "odata.metadata": "https://sanjbatch.eastus.batch.azure.com/$metadata#jobs/@Element",
        "id": "BatchUser-Job-canCRUDWithPoolNodeComm",
        "url": "REDACTED",
        "eTag": "0x8DBDF199450EC50",
        "lastModified": "2023-11-06T22:41:55.8564944Z",
        "creationTime": "2023-11-06T22:41:55.8405011Z",
        "state": "active",
        "stateTransitionTime": "2023-11-06T22:41:55.8564944Z",
        "priority": 0,
        "maxParallelTasks": -1,
        "usesTaskDependencies": false,
        "allowTaskPreemption": false,
        "constraints": {
          "maxWallClockTime": "P10675199DT2H48M5.4775807S",
          "maxTaskRetryCount": 0
        },
        "poolInfo": {
          "autoPoolSpecification": {
            "poolLifetimeOption": "job",
            "keepAlive": false,
            "pool": {
              "vmSize": "standard_d1_v2",
              "taskSlotsPerNode": 1,
              "taskSchedulingPolicy": {
                "nodeFillType": "Spread"
              },
              "resizeTimeout": "PT15M",
              "targetDedicatedNodes": 0,
              "targetLowPriorityNodes": 0,
              "enableAutoScale": false,
              "enableInterNodeCommunication": false,
              "virtualMachineConfiguration": {
                "imageReference": {
                  "publisher": "Canonical",
                  "offer": "UbuntuServer",
                  "sku": "18.04-LTS",
                  "version": "latest"
                },
                "nodeAgentSKUId": "batch.node.ubuntu 18.04"
              },
              "targetNodeCommunicationMode": "simplified"
            }
          }
        },
        "executionInfo": {
          "startTime": "2023-11-06T22:41:55.8564944Z",
          "poolId": "9BFE4E44-626A-4A02-BBCE-04D80DDDE0DA"
        },
        "onAllTasksComplete": "noaction",
        "onTaskFailure": "noaction"
      }
    },
    {
      "RequestUri": "https://REDACTED/jobs/BatchUser-Job-canCRUDWithPoolNodeComm?api-version=2023-05-01.17.0",
      "RequestMethod": "DELETE",
      "RequestHeaders": {
        "Accept": "application/json",
        "Authorization": "Sanitized",
        "client-request-id": "31205ef7-eba2-4719-a141-ad63e583ea4f",
        "Content-Length": "0",
        "Date": "Mon, 06 Nov 2023 22:41:57 GMT",
        "User-Agent": "azsdk-java-azure-compute-batch/1.0.0-beta.1 (11.0.20; Windows 11; 10.0)"
      },
      "RequestBody": null,
      "StatusCode": 202,
      "ResponseHeaders": {
        "DataServiceVersion": "3.0",
        "Date": "Mon, 06 Nov 2023 22:41:55 GMT",
        "request-id": "f69eb7d6-0e0f-4722-923e-b6b53d003b87",
        "Server": "Microsoft-HTTPAPI/2.0",
        "Strict-Transport-Security": "max-age=31536000; includeSubDomains",
        "Transfer-Encoding": "chunked",
        "X-Content-Type-Options": "nosniff"
      },
      "ResponseBody": null
    },
    {
      "RequestUri": "https://REDACTED/jobs/BatchUser-Job-canCRUDWithPoolNodeComm?api-version=2023-05-01.17.0",
      "RequestMethod": "GET",
      "RequestHeaders": {
        "Accept": "application/json",
        "Authorization": "Sanitized",
        "client-request-id": "3f0effb4-910d-4f92-a6bb-3ae1e55da486",
        "Content-Length": "0",
        "Date": "Mon, 06 Nov 2023 22:41:57 GMT",
        "User-Agent": "azsdk-java-azure-compute-batch/1.0.0-beta.1 (11.0.20; Windows 11; 10.0)"
      },
      "RequestBody": null,
      "StatusCode": 200,
      "ResponseHeaders": {
        "Content-Type": "application/json; odata=minimalmetadata",
        "DataServiceVersion": "3.0",
        "Date": "Mon, 06 Nov 2023 22:41:55 GMT",
        "ETag": "0x8DBDF199450EC50",
        "Last-Modified": "Mon, 06 Nov 2023 22:41:55 GMT",
        "request-id": "6fe36441-6e05-4aa0-9eee-d10f1f0fceed",
        "Server": "Microsoft-HTTPAPI/2.0",
        "Strict-Transport-Security": "max-age=31536000; includeSubDomains",
        "Transfer-Encoding": "chunked",
        "X-Content-Type-Options": "nosniff"
      },
      "ResponseBody": {
        "odata.metadata": "https://sanjbatch.eastus.batch.azure.com/$metadata#jobs/@Element",
        "id": "BatchUser-Job-canCRUDWithPoolNodeComm",
        "url": "REDACTED",
        "eTag": "0x8DBDF199450EC50",
        "lastModified": "2023-11-06T22:41:55.8564944Z",
        "creationTime": "2023-11-06T22:41:55.8405011Z",
        "state": "deleting",
        "stateTransitionTime": "2023-11-06T22:41:56.1551283Z",
        "previousState": "active",
        "previousStateTransitionTime": "2023-11-06T22:41:55.8564944Z",
        "priority": 0,
        "maxParallelTasks": -1,
        "usesTaskDependencies": false,
        "allowTaskPreemption": false,
        "constraints": {
          "maxWallClockTime": "P10675199DT2H48M5.4775807S",
          "maxTaskRetryCount": 0
        },
        "poolInfo": {
          "autoPoolSpecification": {
            "poolLifetimeOption": "job",
            "keepAlive": false,
            "pool": {
              "vmSize": "standard_d1_v2",
              "taskSlotsPerNode": 1,
              "taskSchedulingPolicy": {
                "nodeFillType": "Spread"
              },
              "resizeTimeout": "PT15M",
              "targetDedicatedNodes": 0,
              "targetLowPriorityNodes": 0,
              "enableAutoScale": false,
              "enableInterNodeCommunication": false,
              "virtualMachineConfiguration": {
                "imageReference": {
                  "publisher": "Canonical",
                  "offer": "UbuntuServer",
                  "sku": "18.04-LTS",
                  "version": "latest"
                },
                "nodeAgentSKUId": "batch.node.ubuntu 18.04"
              },
              "targetNodeCommunicationMode": "simplified"
            }
          }
        },
        "executionInfo": {
          "startTime": "2023-11-06T22:41:55.8564944Z",
          "poolId": "9BFE4E44-626A-4A02-BBCE-04D80DDDE0DA"
        },
        "onAllTasksComplete": "noaction",
        "onTaskFailure": "noaction"
      }
    },
    {
      "RequestUri": "https://REDACTED/jobs/BatchUser-Job-canCRUDWithPoolNodeComm?api-version=2023-05-01.17.0",
      "RequestMethod": "DELETE",
      "RequestHeaders": {
        "Accept": "application/json",
        "Authorization": "Sanitized",
        "client-request-id": "2a47e48a-68b5-4ce9-afec-363b5b1d7dd3",
        "Content-Length": "0",
        "Date": "Mon, 06 Nov 2023 22:42:12 GMT",
        "User-Agent": "azsdk-java-azure-compute-batch/1.0.0-beta.1 (11.0.20; Windows 11; 10.0)"
      },
      "RequestBody": null,
      "StatusCode": 409,
      "ResponseHeaders": {
        "Content-Length": "377",
        "Content-Type": "application/json; odata=minimalmetadata",
        "DataServiceVersion": "3.0",
        "Date": "Mon, 06 Nov 2023 22:42:11 GMT",
        "request-id": "e8074452-7639-48a0-af94-bc924a973622",
        "Server": "Microsoft-HTTPAPI/2.0",
        "Strict-Transport-Security": "max-age=31536000; includeSubDomains",
        "X-Content-Type-Options": "nosniff"
      },
      "ResponseBody": {
        "odata.metadata": "https://sanjbatch.eastus.batch.azure.com/$metadata#Microsoft.Azure.Batch.Protocol.Entities.Container.errors/@Element",
        "code": "JobBeingDeleted",
        "message": {
          "lang": "en-US",
          "value": "The specified job has been marked for deletion and is being garbage collected.\nRequestId:e8074452-7639-48a0-af94-bc924a973622\nTime:2023-11-06T22:42:11.3656707Z"
        }
      }
    }
  ],
  "Variables": {}
}
