{
  "Entries": [
    {
      "RequestUri": "https://REDACTED/pools/BatchUser-testpool?api-version=2023-05-01.17.0",
      "RequestMethod": "HEAD",
      "RequestHeaders": {
        "Accept": "application/json",
        "Authorization": "Sanitized",
        "client-request-id": "a79ea76f-a633-4ac7-a747-897da6759f05",
        "Content-Length": "0",
        "Date": "Thu, 12 Oct 2023 08:35:34 GMT",
        "User-Agent": "azsdk-java-azure-compute-batch/1.0.0-beta.1 (11.0.20; Windows 11; 10.0)"
      },
      "RequestBody": null,
      "StatusCode": 200,
      "ResponseHeaders": {
        "DataServiceVersion": "3.0",
        "Date": "Thu, 12 Oct 2023 08:35:36 GMT",
        "ETag": "0x8DBC52C54B88553",
        "Last-Modified": "Wed, 04 Oct 2023 22:50:39 GMT",
        "request-id": "6aa8e29b-7a13-46d0-bb4e-ad28ad76f061",
        "Server": "Microsoft-HTTPAPI/2.0",
        "Strict-Transport-Security": "max-age=31536000; includeSubDomains",
        "Transfer-Encoding": "chunked",
        "X-Content-Type-Options": "nosniff"
      },
      "ResponseBody": null
    },
    {
      "RequestUri": "https://REDACTED/pools/BatchUser-testpool?api-version=2023-05-01.17.0",
      "RequestMethod": "GET",
      "RequestHeaders": {
        "Accept": "application/json",
        "Authorization": "Sanitized",
        "client-request-id": "18b60ca4-e0fb-46aa-a83d-a230bceb253a",
        "Content-Length": "0",
        "Date": "Thu, 12 Oct 2023 08:35:35 GMT",
        "User-Agent": "azsdk-java-azure-compute-batch/1.0.0-beta.1 (11.0.20; Windows 11; 10.0)"
      },
      "RequestBody": null,
      "StatusCode": 200,
      "ResponseHeaders": {
        "Content-Type": "application/json; odata=minimalmetadata",
        "DataServiceVersion": "3.0",
        "Date": "Thu, 12 Oct 2023 08:35:36 GMT",
        "ETag": "0x8DBC52C54B88553",
        "Last-Modified": "Wed, 04 Oct 2023 22:50:39 GMT",
        "request-id": "46a7be47-c83c-4ad5-8ed8-862241e64312",
        "Server": "Microsoft-HTTPAPI/2.0",
        "Strict-Transport-Security": "max-age=31536000; includeSubDomains",
        "Transfer-Encoding": "chunked",
        "X-Content-Type-Options": "nosniff"
      },
      "ResponseBody": {
        "odata.metadata": "https://sanjbatch.eastus.batch.azure.com/$metadata#pools/@Element",
        "id": "BatchUser-testpool",
        "url": "REDACTED",
        "eTag": "0x8DBC52C54B88553",
        "lastModified": "2023-10-04T22:50:39.3668947Z",
        "creationTime": "2023-10-04T22:50:39.3668947Z",
        "state": "active",
        "stateTransitionTime": "2023-10-04T22:50:39.3668947Z",
        "allocationState": "steady",
        "allocationStateTransitionTime": "2023-10-04T22:53:03.9460184Z",
        "vmSize": "standard_d1_v2",
        "resizeTimeout": "PT15M",
        "currentDedicatedNodes": 1,
        "targetDedicatedNodes": 1,
        "currentLowPriorityNodes": 0,
        "targetLowPriorityNodes": 0,
        "enableAutoScale": false,
        "enableInterNodeCommunication": false,
        "userAccounts": [
          {
            "name": "test-user",
            "elevationLevel": "admin",
            "linuxUserConfiguration": {
              "uid": 5,
              "gid": 5
            }
          }
        ],
        "taskSlotsPerNode": 1,
        "taskSchedulingPolicy": {
          "nodeFillType": "Spread"
        },
        "virtualMachineConfiguration": {
          "imageReference": {
            "publisher": "Canonical",
            "offer": "UbuntuServer",
            "sku": "18.04-LTS",
            "version": "latest"
          },
          "nodeAgentSKUId": "batch.node.ubuntu 18.04"
        },
        "networkConfiguration": {
          "subnetId": "/subscriptions/42d72928-df33-4f31-9f04-581177fca7d6/resourceGroups/sanjrg/providers/Microsoft.Network/virtualNetworks/sanjvnet/subnets/default",
          "dynamicVNetAssignmentScope": "none",
          "enableAcceleratedNetworking": false
        },
        "currentNodeCommunicationMode": "classic"
      }
    },
    {
      "RequestUri": "https://REDACTED/pools/BatchUser-testIaaSpool?api-version=2023-05-01.17.0",
      "RequestMethod": "HEAD",
      "RequestHeaders": {
        "Accept": "application/json",
        "Authorization": "Sanitized",
        "client-request-id": "9c2a6dab-6e5e-4329-ba43-41b91773a773",
        "Content-Length": "0",
        "Date": "Thu, 12 Oct 2023 08:35:35 GMT",
        "User-Agent": "azsdk-java-azure-compute-batch/1.0.0-beta.1 (11.0.20; Windows 11; 10.0)"
      },
      "RequestBody": null,
      "StatusCode": 404,
      "ResponseHeaders": {
        "DataServiceVersion": "3.0",
        "Date": "Thu, 12 Oct 2023 08:35:37 GMT",
        "request-id": "0dc18580-0251-4bbf-9b96-83e166286156",
        "Server": "Microsoft-HTTPAPI/2.0",
        "Strict-Transport-Security": "max-age=31536000; includeSubDomains",
        "Transfer-Encoding": "chunked",
        "X-Content-Type-Options": "nosniff"
      },
      "ResponseBody": null
    },
    {
      "RequestUri": "https://REDACTED/pools?api-version=2023-05-01.17.0",
      "RequestMethod": "POST",
      "RequestHeaders": {
        "Accept": "application/json",
        "Authorization": "Sanitized",
        "client-request-id": "78b50c33-0c18-4977-bc51-046c73420572",
        "Content-Length": "569",
        "Content-Type": "application/json; odata=minimalmetadata",
        "Date": "Thu, 12 Oct 2023 08:35:38 GMT",
        "User-Agent": "azsdk-java-azure-compute-batch/1.0.0-beta.1 (11.0.20; Windows 11; 10.0)"
      },
      "RequestBody": {
        "id": "BatchUser-testIaaSpool",
        "vmSize": "STANDARD_D1_V2",
        "virtualMachineConfiguration": {
          "imageReference": {
            "publisher": "Canonical",
            "offer": "UbuntuServer",
            "sku": "18.04-LTS",
            "version": "latest"
          },
          "nodeAgentSKUId": "batch.node.ubuntu 18.04"
        },
        "targetDedicatedNodes": 1,
        "networkConfiguration": {
          "subnetId": "/subscriptions/42d72928-df33-4f31-9f04-581177fca7d6/resourceGroups/sanjrg/providers/Microsoft.Network/virtualNetworks/sanjvnet/subnets/default"
        },
        "userAccounts": [
          {
            "name": "test-user",
            "password": "REDACTED",
            "elevationLevel": "admin",
            "linuxUserConfiguration": {
              "uid": 5,
              "gid": 5
            }
          }
        ]
      },
      "StatusCode": 201,
      "ResponseHeaders": {
        "DataServiceId": "https://sanjbatch.eastus.batch.azure.com/pools/BatchUser-testIaaSpool",
        "DataServiceVersion": "3.0",
        "Date": "Thu, 12 Oct 2023 08:35:40 GMT",
        "ETag": "0x8DBCAFE37E26696",
        "Last-Modified": "Thu, 12 Oct 2023 08:35:41 GMT",
        "Location": "https://sanjbatch.eastus.batch.azure.com/pools/BatchUser-testIaaSpool",
        "request-id": "b5ed836b-e2e0-41ed-8187-737df5475bf7",
        "Server": "Microsoft-HTTPAPI/2.0",
        "Strict-Transport-Security": "max-age=31536000; includeSubDomains",
        "Transfer-Encoding": "chunked",
        "X-Content-Type-Options": "nosniff"
      },
      "ResponseBody": null
    },
    {
      "RequestUri": "https://REDACTED/pools/BatchUser-testIaaSpool?api-version=2023-05-01.17.0",
      "RequestMethod": "GET",
      "RequestHeaders": {
        "Accept": "application/json",
        "Authorization": "Sanitized",
        "client-request-id": "92b9c174-b164-427a-9b93-467910f1d268",
        "Content-Length": "0",
        "Date": "Thu, 12 Oct 2023 08:35:39 GMT",
        "User-Agent": "azsdk-java-azure-compute-batch/1.0.0-beta.1 (11.0.20; Windows 11; 10.0)"
      },
      "RequestBody": null,
      "StatusCode": 200,
      "ResponseHeaders": {
        "Content-Type": "application/json; odata=minimalmetadata",
        "DataServiceVersion": "3.0",
        "Date": "Thu, 12 Oct 2023 08:35:40 GMT",
        "ETag": "0x8DBCAFE37E26696",
        "Last-Modified": "Thu, 12 Oct 2023 08:35:41 GMT",
        "request-id": "bdedf666-d4fb-4f9f-8da4-6dc118204913",
        "Server": "Microsoft-HTTPAPI/2.0",
        "Strict-Transport-Security": "max-age=31536000; includeSubDomains",
        "Transfer-Encoding": "chunked",
        "X-Content-Type-Options": "nosniff"
      },
      "ResponseBody": {
        "odata.metadata": "https://sanjbatch.eastus.batch.azure.com/$metadata#pools/@Element",
        "id": "BatchUser-testIaaSpool",
        "url": "REDACTED",
        "eTag": "0x8DBCAFE37E26696",
        "lastModified": "2023-10-12T08:35:41.1145366Z",
        "creationTime": "2023-10-12T08:35:41.1145366Z",
        "state": "active",
        "stateTransitionTime": "2023-10-12T08:35:41.1145366Z",
        "allocationState": "resizing",
        "allocationStateTransitionTime": "2023-10-12T08:35:41.1145366Z",
        "vmSize": "standard_d1_v2",
        "resizeTimeout": "PT15M",
        "currentDedicatedNodes": 0,
        "targetDedicatedNodes": 1,
        "currentLowPriorityNodes": 0,
        "targetLowPriorityNodes": 0,
        "enableAutoScale": false,
        "enableInterNodeCommunication": false,
        "userAccounts": [
          {
            "name": "test-user",
            "elevationLevel": "admin",
            "linuxUserConfiguration": {
              "uid": 5,
              "gid": 5
            }
          }
        ],
        "taskSlotsPerNode": 1,
        "taskSchedulingPolicy": {
          "nodeFillType": "Spread"
        },
        "virtualMachineConfiguration": {
          "imageReference": {
            "publisher": "Canonical",
            "offer": "UbuntuServer",
            "sku": "18.04-LTS",
            "version": "latest"
          },
          "nodeAgentSKUId": "batch.node.ubuntu 18.04"
        },
        "networkConfiguration": {
          "subnetId": "/subscriptions/42d72928-df33-4f31-9f04-581177fca7d6/resourceGroups/sanjrg/providers/Microsoft.Network/virtualNetworks/sanjvnet/subnets/default",
          "dynamicVNetAssignmentScope": "none",
          "enableAcceleratedNetworking": false
        }
      }
    },
    {
      "RequestUri": "https://REDACTED/pools/BatchUser-testIaaSpool?api-version=2023-05-01.17.0",
      "RequestMethod": "GET",
      "RequestHeaders": {
        "Accept": "application/json",
        "Authorization": "Sanitized",
        "client-request-id": "3b6bc9c7-28e9-4de6-8f9d-7ccc0297e0e4",
        "Content-Length": "0",
        "Date": "Thu, 12 Oct 2023 08:36:09 GMT",
        "User-Agent": "azsdk-java-azure-compute-batch/1.0.0-beta.1 (11.0.20; Windows 11; 10.0)"
      },
      "RequestBody": null,
      "StatusCode": 200,
      "ResponseHeaders": {
        "Content-Type": "application/json; odata=minimalmetadata",
        "DataServiceVersion": "3.0",
        "Date": "Thu, 12 Oct 2023 08:36:11 GMT",
        "ETag": "0x8DBCAFE37E26696",
        "Last-Modified": "Thu, 12 Oct 2023 08:35:41 GMT",
        "request-id": "16f33380-2b7d-43a0-a0cf-eae08a85296c",
        "Server": "Microsoft-HTTPAPI/2.0",
        "Strict-Transport-Security": "max-age=31536000; includeSubDomains",
        "Transfer-Encoding": "chunked",
        "X-Content-Type-Options": "nosniff"
      },
      "ResponseBody": {
        "odata.metadata": "https://sanjbatch.eastus.batch.azure.com/$metadata#pools/@Element",
        "id": "BatchUser-testIaaSpool",
        "url": "REDACTED",
        "eTag": "0x8DBCAFE37E26696",
        "lastModified": "2023-10-12T08:35:41.1145366Z",
        "creationTime": "2023-10-12T08:35:41.1145366Z",
        "state": "active",
        "stateTransitionTime": "2023-10-12T08:35:41.1145366Z",
        "allocationState": "resizing",
        "allocationStateTransitionTime": "2023-10-12T08:35:41.1145366Z",
        "vmSize": "standard_d1_v2",
        "resizeTimeout": "PT15M",
        "currentDedicatedNodes": 0,
        "targetDedicatedNodes": 1,
        "currentLowPriorityNodes": 0,
        "targetLowPriorityNodes": 0,
        "enableAutoScale": false,
        "enableInterNodeCommunication": false,
        "userAccounts": [
          {
            "name": "test-user",
            "elevationLevel": "admin",
            "linuxUserConfiguration": {
              "uid": 5,
              "gid": 5
            }
          }
        ],
        "taskSlotsPerNode": 1,
        "taskSchedulingPolicy": {
          "nodeFillType": "Spread"
        },
        "virtualMachineConfiguration": {
          "imageReference": {
            "publisher": "Canonical",
            "offer": "UbuntuServer",
            "sku": "18.04-LTS",
            "version": "latest"
          },
          "nodeAgentSKUId": "batch.node.ubuntu 18.04"
        },
        "networkConfiguration": {
          "subnetId": "/subscriptions/42d72928-df33-4f31-9f04-581177fca7d6/resourceGroups/sanjrg/providers/Microsoft.Network/virtualNetworks/sanjvnet/subnets/default",
          "dynamicVNetAssignmentScope": "none",
          "enableAcceleratedNetworking": false
        }
      }
    },
    {
      "RequestUri": "https://REDACTED/pools/BatchUser-testIaaSpool?api-version=2023-05-01.17.0",
      "RequestMethod": "GET",
      "RequestHeaders": {
        "Accept": "application/json",
        "Authorization": "Sanitized",
        "client-request-id": "02196d63-44bb-4e18-8a36-76af3edc425b",
        "Content-Length": "0",
        "Date": "Thu, 12 Oct 2023 08:36:39 GMT",
        "User-Agent": "azsdk-java-azure-compute-batch/1.0.0-beta.1 (11.0.20; Windows 11; 10.0)"
      },
      "RequestBody": null,
      "StatusCode": 200,
      "ResponseHeaders": {
        "Content-Type": "application/json; odata=minimalmetadata",
        "DataServiceVersion": "3.0",
        "Date": "Thu, 12 Oct 2023 08:36:41 GMT",
        "ETag": "0x8DBCAFE37E26696",
        "Last-Modified": "Thu, 12 Oct 2023 08:35:41 GMT",
        "request-id": "8ee67414-204a-44cc-94d2-8a1e671c6c48",
        "Server": "Microsoft-HTTPAPI/2.0",
        "Strict-Transport-Security": "max-age=31536000; includeSubDomains",
        "Transfer-Encoding": "chunked",
        "X-Content-Type-Options": "nosniff"
      },
      "ResponseBody": {
        "odata.metadata": "https://sanjbatch.eastus.batch.azure.com/$metadata#pools/@Element",
        "id": "BatchUser-testIaaSpool",
        "url": "REDACTED",
        "eTag": "0x8DBCAFE37E26696",
        "lastModified": "2023-10-12T08:35:41.1145366Z",
        "creationTime": "2023-10-12T08:35:41.1145366Z",
        "state": "active",
        "stateTransitionTime": "2023-10-12T08:35:41.1145366Z",
        "allocationState": "resizing",
        "allocationStateTransitionTime": "2023-10-12T08:35:41.1145366Z",
        "vmSize": "standard_d1_v2",
        "resizeTimeout": "PT15M",
        "currentDedicatedNodes": 0,
        "targetDedicatedNodes": 1,
        "currentLowPriorityNodes": 0,
        "targetLowPriorityNodes": 0,
        "enableAutoScale": false,
        "enableInterNodeCommunication": false,
        "userAccounts": [
          {
            "name": "test-user",
            "elevationLevel": "admin",
            "linuxUserConfiguration": {
              "uid": 5,
              "gid": 5
            }
          }
        ],
        "taskSlotsPerNode": 1,
        "taskSchedulingPolicy": {
          "nodeFillType": "Spread"
        },
        "virtualMachineConfiguration": {
          "imageReference": {
            "publisher": "Canonical",
            "offer": "UbuntuServer",
            "sku": "18.04-LTS",
            "version": "latest"
          },
          "nodeAgentSKUId": "batch.node.ubuntu 18.04"
        },
        "networkConfiguration": {
          "subnetId": "/subscriptions/42d72928-df33-4f31-9f04-581177fca7d6/resourceGroups/sanjrg/providers/Microsoft.Network/virtualNetworks/sanjvnet/subnets/default",
          "dynamicVNetAssignmentScope": "none",
          "enableAcceleratedNetworking": false
        }
      }
    },
    {
      "RequestUri": "https://REDACTED/pools/BatchUser-testIaaSpool?api-version=2023-05-01.17.0",
      "RequestMethod": "GET",
      "RequestHeaders": {
        "Accept": "application/json",
        "Authorization": "Sanitized",
        "client-request-id": "2e55e978-4717-4491-bc70-ee571555ab11",
        "Content-Length": "0",
        "Date": "Thu, 12 Oct 2023 08:37:09 GMT",
        "User-Agent": "azsdk-java-azure-compute-batch/1.0.0-beta.1 (11.0.20; Windows 11; 10.0)"
      },
      "RequestBody": null,
      "StatusCode": 200,
      "ResponseHeaders": {
        "Content-Type": "application/json; odata=minimalmetadata",
        "DataServiceVersion": "3.0",
        "Date": "Thu, 12 Oct 2023 08:37:11 GMT",
        "ETag": "0x8DBCAFE5DC2AB50",
        "Last-Modified": "Thu, 12 Oct 2023 08:36:44 GMT",
        "request-id": "8bb7abf4-d10c-446a-bc01-1b14277d957e",
        "Server": "Microsoft-HTTPAPI/2.0",
        "Strict-Transport-Security": "max-age=31536000; includeSubDomains",
        "Transfer-Encoding": "chunked",
        "X-Content-Type-Options": "nosniff"
      },
      "ResponseBody": {
        "odata.metadata": "https://sanjbatch.eastus.batch.azure.com/$metadata#pools/@Element",
        "id": "BatchUser-testIaaSpool",
        "url": "REDACTED",
        "eTag": "0x8DBCAFE5DC2AB50",
        "lastModified": "2023-10-12T08:36:44.6600016Z",
        "creationTime": "2023-10-12T08:35:41.1145366Z",
        "state": "deleting",
        "stateTransitionTime": "2023-10-12T08:36:44.6600016Z",
        "allocationState": "resizing",
        "allocationStateTransitionTime": "2023-10-12T08:36:44.6600016Z",
        "vmSize": "standard_d1_v2",
        "resizeTimeout": "PT15M",
        "currentDedicatedNodes": 0,
        "targetDedicatedNodes": 1,
        "currentLowPriorityNodes": 0,
        "targetLowPriorityNodes": 0,
        "enableAutoScale": false,
        "enableInterNodeCommunication": false,
        "userAccounts": [
          {
            "name": "test-user",
            "elevationLevel": "admin",
            "linuxUserConfiguration": {
              "uid": 5,
              "gid": 5
            }
          }
        ],
        "taskSlotsPerNode": 1,
        "taskSchedulingPolicy": {
          "nodeFillType": "Spread"
        },
        "virtualMachineConfiguration": {
          "imageReference": {
            "publisher": "Canonical",
            "offer": "UbuntuServer",
            "sku": "18.04-LTS",
            "version": "latest"
          },
          "nodeAgentSKUId": "batch.node.ubuntu 18.04"
        },
        "networkConfiguration": {
          "subnetId": "/subscriptions/42d72928-df33-4f31-9f04-581177fca7d6/resourceGroups/sanjrg/providers/Microsoft.Network/virtualNetworks/sanjvnet/subnets/default",
          "dynamicVNetAssignmentScope": "none",
          "enableAcceleratedNetworking": false
        }
      }
    },
    {
      "RequestUri": "https://REDACTED/pools/BatchUser-testIaaSpool?api-version=2023-05-01.17.0",
      "RequestMethod": "GET",
      "RequestHeaders": {
        "Accept": "application/json",
        "Authorization": "Sanitized",
        "client-request-id": "8f9f3d96-7c89-48f8-99fe-2358df96734d",
        "Content-Length": "0",
        "Date": "Thu, 12 Oct 2023 08:37:39 GMT",
        "User-Agent": "azsdk-java-azure-compute-batch/1.0.0-beta.1 (11.0.20; Windows 11; 10.0)"
      },
      "RequestBody": null,
      "StatusCode": 200,
      "ResponseHeaders": {
        "Content-Type": "application/json; odata=minimalmetadata",
        "DataServiceVersion": "3.0",
        "Date": "Thu, 12 Oct 2023 08:37:41 GMT",
        "ETag": "0x8DBCAFE5DC2AB50",
        "Last-Modified": "Thu, 12 Oct 2023 08:36:44 GMT",
        "request-id": "4642d351-b7c2-4ac6-96cf-a206239d0c0a",
        "Server": "Microsoft-HTTPAPI/2.0",
        "Strict-Transport-Security": "max-age=31536000; includeSubDomains",
        "Transfer-Encoding": "chunked",
        "X-Content-Type-Options": "nosniff"
      },
      "ResponseBody": {
        "odata.metadata": "https://sanjbatch.eastus.batch.azure.com/$metadata#pools/@Element",
        "id": "BatchUser-testIaaSpool",
        "url": "REDACTED",
        "eTag": "0x8DBCAFE5DC2AB50",
        "lastModified": "2023-10-12T08:36:44.6600016Z",
        "creationTime": "2023-10-12T08:35:41.1145366Z",
        "state": "deleting",
        "stateTransitionTime": "2023-10-12T08:36:44.6600016Z",
        "allocationState": "resizing",
        "allocationStateTransitionTime": "2023-10-12T08:36:44.6600016Z",
        "vmSize": "standard_d1_v2",
        "resizeTimeout": "PT15M",
        "currentDedicatedNodes": 0,
        "targetDedicatedNodes": 1,
        "currentLowPriorityNodes": 0,
        "targetLowPriorityNodes": 0,
        "enableAutoScale": false,
        "enableInterNodeCommunication": false,
        "userAccounts": [
          {
            "name": "test-user",
            "elevationLevel": "admin",
            "linuxUserConfiguration": {
              "uid": 5,
              "gid": 5
            }
          }
        ],
        "taskSlotsPerNode": 1,
        "taskSchedulingPolicy": {
          "nodeFillType": "Spread"
        },
        "virtualMachineConfiguration": {
          "imageReference": {
            "publisher": "Canonical",
            "offer": "UbuntuServer",
            "sku": "18.04-LTS",
            "version": "latest"
          },
          "nodeAgentSKUId": "batch.node.ubuntu 18.04"
        },
        "networkConfiguration": {
          "subnetId": "/subscriptions/42d72928-df33-4f31-9f04-581177fca7d6/resourceGroups/sanjrg/providers/Microsoft.Network/virtualNetworks/sanjvnet/subnets/default",
          "dynamicVNetAssignmentScope": "none",
          "enableAcceleratedNetworking": false
        }
      }
    },
    {
      "RequestUri": "https://REDACTED/pools/BatchUser-testIaaSpool?api-version=2023-05-01.17.0",
      "RequestMethod": "GET",
      "RequestHeaders": {
        "Accept": "application/json",
        "Authorization": "Sanitized",
        "client-request-id": "304d5287-9d3c-4939-ae55-b06f4450e71e",
        "Content-Length": "0",
        "Date": "Thu, 12 Oct 2023 08:38:10 GMT",
        "User-Agent": "azsdk-java-azure-compute-batch/1.0.0-beta.1 (11.0.20; Windows 11; 10.0)"
      },
      "RequestBody": null,
      "StatusCode": 200,
      "ResponseHeaders": {
        "Content-Type": "application/json; odata=minimalmetadata",
        "DataServiceVersion": "3.0",
        "Date": "Thu, 12 Oct 2023 08:38:11 GMT",
        "ETag": "0x8DBCAFE5DC2AB50",
        "Last-Modified": "Thu, 12 Oct 2023 08:36:44 GMT",
        "request-id": "4116d18e-aa19-4cc6-a0d9-3caf9c1197b8",
        "Server": "Microsoft-HTTPAPI/2.0",
        "Strict-Transport-Security": "max-age=31536000; includeSubDomains",
        "Transfer-Encoding": "chunked",
        "X-Content-Type-Options": "nosniff"
      },
      "ResponseBody": {
        "odata.metadata": "https://sanjbatch.eastus.batch.azure.com/$metadata#pools/@Element",
        "id": "BatchUser-testIaaSpool",
        "url": "REDACTED",
        "eTag": "0x8DBCAFE5DC2AB50",
        "lastModified": "2023-10-12T08:36:44.6600016Z",
        "creationTime": "2023-10-12T08:35:41.1145366Z",
        "state": "deleting",
        "stateTransitionTime": "2023-10-12T08:36:44.6600016Z",
        "allocationState": "resizing",
        "allocationStateTransitionTime": "2023-10-12T08:38:07.6789201Z",
        "vmSize": "standard_d1_v2",
        "resizeTimeout": "PT7M9.497S",
        "currentDedicatedNodes": 1,
        "targetDedicatedNodes": 0,
        "currentLowPriorityNodes": 0,
        "targetLowPriorityNodes": 0,
        "enableAutoScale": false,
        "enableInterNodeCommunication": false,
        "userAccounts": [
          {
            "name": "test-user",
            "elevationLevel": "admin",
            "linuxUserConfiguration": {
              "uid": 5,
              "gid": 5
            }
          }
        ],
        "taskSlotsPerNode": 1,
        "taskSchedulingPolicy": {
          "nodeFillType": "Spread"
        },
        "virtualMachineConfiguration": {
          "imageReference": {
            "publisher": "Canonical",
            "offer": "UbuntuServer",
            "sku": "18.04-LTS",
            "version": "latest"
          },
          "nodeAgentSKUId": "batch.node.ubuntu 18.04"
        },
        "networkConfiguration": {
          "subnetId": "/subscriptions/42d72928-df33-4f31-9f04-581177fca7d6/resourceGroups/sanjrg/providers/Microsoft.Network/virtualNetworks/sanjvnet/subnets/default",
          "dynamicVNetAssignmentScope": "none",
          "enableAcceleratedNetworking": false
        },
        "currentNodeCommunicationMode": "classic"
      }
    },
    {
      "RequestUri": "https://REDACTED/pools/BatchUser-testIaaSpool?api-version=2023-05-01.17.0",
      "RequestMethod": "GET",
      "RequestHeaders": {
        "Accept": "application/json",
        "Authorization": "Sanitized",
        "client-request-id": "98f6dd4c-7eb1-4cf6-8c7c-2959ce4b4eb4",
        "Content-Length": "0",
        "Date": "Thu, 12 Oct 2023 08:38:40 GMT",
        "User-Agent": "azsdk-java-azure-compute-batch/1.0.0-beta.1 (11.0.20; Windows 11; 10.0)"
      },
      "RequestBody": null,
      "StatusCode": 200,
      "ResponseHeaders": {
        "Content-Type": "application/json; odata=minimalmetadata",
        "DataServiceVersion": "3.0",
        "Date": "Thu, 12 Oct 2023 08:38:41 GMT",
        "ETag": "0x8DBCAFE5DC2AB50",
        "Last-Modified": "Thu, 12 Oct 2023 08:36:44 GMT",
        "request-id": "fae87825-8365-4927-b2ba-e239582f02f6",
        "Server": "Microsoft-HTTPAPI/2.0",
        "Strict-Transport-Security": "max-age=31536000; includeSubDomains",
        "Transfer-Encoding": "chunked",
        "X-Content-Type-Options": "nosniff"
      },
      "ResponseBody": {
        "odata.metadata": "https://sanjbatch.eastus.batch.azure.com/$metadata#pools/@Element",
        "id": "BatchUser-testIaaSpool",
        "url": "REDACTED",
        "eTag": "0x8DBCAFE5DC2AB50",
        "lastModified": "2023-10-12T08:36:44.6600016Z",
        "creationTime": "2023-10-12T08:35:41.1145366Z",
        "state": "deleting",
        "stateTransitionTime": "2023-10-12T08:36:44.6600016Z",
        "allocationState": "resizing",
        "allocationStateTransitionTime": "2023-10-12T08:38:07.6789201Z",
        "vmSize": "standard_d1_v2",
        "resizeTimeout": "PT7M9.497S",
        "currentDedicatedNodes": 1,
        "targetDedicatedNodes": 0,
        "currentLowPriorityNodes": 0,
        "targetLowPriorityNodes": 0,
        "enableAutoScale": false,
        "enableInterNodeCommunication": false,
        "userAccounts": [
          {
            "name": "test-user",
            "elevationLevel": "admin",
            "linuxUserConfiguration": {
              "uid": 5,
              "gid": 5
            }
          }
        ],
        "taskSlotsPerNode": 1,
        "taskSchedulingPolicy": {
          "nodeFillType": "Spread"
        },
        "virtualMachineConfiguration": {
          "imageReference": {
            "publisher": "Canonical",
            "offer": "UbuntuServer",
            "sku": "18.04-LTS",
            "version": "latest"
          },
          "nodeAgentSKUId": "batch.node.ubuntu 18.04"
        },
        "networkConfiguration": {
          "subnetId": "/subscriptions/42d72928-df33-4f31-9f04-581177fca7d6/resourceGroups/sanjrg/providers/Microsoft.Network/virtualNetworks/sanjvnet/subnets/default",
          "dynamicVNetAssignmentScope": "none",
          "enableAcceleratedNetworking": false
        },
        "currentNodeCommunicationMode": "classic"
      }
    },
    {
      "RequestUri": "https://REDACTED/pools/BatchUser-testIaaSpool?api-version=2023-05-01.17.0",
      "RequestMethod": "GET",
      "RequestHeaders": {
        "Accept": "application/json",
        "Authorization": "Sanitized",
        "client-request-id": "0787abfa-8518-41f0-905f-1190f842cad1",
        "Content-Length": "0",
        "Date": "Thu, 12 Oct 2023 08:39:10 GMT",
        "User-Agent": "azsdk-java-azure-compute-batch/1.0.0-beta.1 (11.0.20; Windows 11; 10.0)"
      },
      "RequestBody": null,
      "StatusCode": 200,
      "ResponseHeaders": {
        "Content-Type": "application/json; odata=minimalmetadata",
        "DataServiceVersion": "3.0",
        "Date": "Thu, 12 Oct 2023 08:39:11 GMT",
        "ETag": "0x8DBCAFE5DC2AB50",
        "Last-Modified": "Thu, 12 Oct 2023 08:36:44 GMT",
        "request-id": "fd114a07-67ce-43ed-a190-7402a2c894f4",
        "Server": "Microsoft-HTTPAPI/2.0",
        "Strict-Transport-Security": "max-age=31536000; includeSubDomains",
        "Transfer-Encoding": "chunked",
        "X-Content-Type-Options": "nosniff"
      },
      "ResponseBody": {
        "odata.metadata": "https://sanjbatch.eastus.batch.azure.com/$metadata#pools/@Element",
        "id": "BatchUser-testIaaSpool",
        "url": "REDACTED",
        "eTag": "0x8DBCAFE5DC2AB50",
        "lastModified": "2023-10-12T08:36:44.6600016Z",
        "creationTime": "2023-10-12T08:35:41.1145366Z",
        "state": "deleting",
        "stateTransitionTime": "2023-10-12T08:36:44.6600016Z",
        "allocationState": "resizing",
        "allocationStateTransitionTime": "2023-10-12T08:38:07.6789201Z",
        "vmSize": "standard_d1_v2",
        "resizeTimeout": "PT7M9.497S",
        "currentDedicatedNodes": 1,
        "targetDedicatedNodes": 0,
        "currentLowPriorityNodes": 0,
        "targetLowPriorityNodes": 0,
        "enableAutoScale": false,
        "enableInterNodeCommunication": false,
        "userAccounts": [
          {
            "name": "test-user",
            "elevationLevel": "admin",
            "linuxUserConfiguration": {
              "uid": 5,
              "gid": 5
            }
          }
        ],
        "taskSlotsPerNode": 1,
        "taskSchedulingPolicy": {
          "nodeFillType": "Spread"
        },
        "virtualMachineConfiguration": {
          "imageReference": {
            "publisher": "Canonical",
            "offer": "UbuntuServer",
            "sku": "18.04-LTS",
            "version": "latest"
          },
          "nodeAgentSKUId": "batch.node.ubuntu 18.04"
        },
        "networkConfiguration": {
          "subnetId": "/subscriptions/42d72928-df33-4f31-9f04-581177fca7d6/resourceGroups/sanjrg/providers/Microsoft.Network/virtualNetworks/sanjvnet/subnets/default",
          "dynamicVNetAssignmentScope": "none",
          "enableAcceleratedNetworking": false
        },
        "currentNodeCommunicationMode": "classic"
      }
    },
    {
      "RequestUri": "https://REDACTED/pools/BatchUser-testIaaSpool?api-version=2023-05-01.17.0",
      "RequestMethod": "GET",
      "RequestHeaders": {
        "Accept": "application/json",
        "Authorization": "Sanitized",
        "client-request-id": "7a9dc557-8008-4d99-8123-ee7766c8c3ed",
        "Content-Length": "0",
        "Date": "Thu, 12 Oct 2023 08:39:40 GMT",
        "User-Agent": "azsdk-java-azure-compute-batch/1.0.0-beta.1 (11.0.20; Windows 11; 10.0)"
      },
      "RequestBody": null,
      "StatusCode": 200,
      "ResponseHeaders": {
        "Content-Type": "application/json; odata=minimalmetadata",
        "DataServiceVersion": "3.0",
        "Date": "Thu, 12 Oct 2023 08:39:42 GMT",
        "ETag": "0x8DBCAFE5DC2AB50",
        "Last-Modified": "Thu, 12 Oct 2023 08:36:44 GMT",
        "request-id": "2e761981-b0a9-423e-b860-e993c402ad04",
        "Server": "Microsoft-HTTPAPI/2.0",
        "Strict-Transport-Security": "max-age=31536000; includeSubDomains",
        "Transfer-Encoding": "chunked",
        "X-Content-Type-Options": "nosniff"
      },
      "ResponseBody": {
        "odata.metadata": "https://sanjbatch.eastus.batch.azure.com/$metadata#pools/@Element",
        "id": "BatchUser-testIaaSpool",
        "url": "REDACTED",
        "eTag": "0x8DBCAFE5DC2AB50",
        "lastModified": "2023-10-12T08:36:44.6600016Z",
        "creationTime": "2023-10-12T08:35:41.1145366Z",
        "state": "deleting",
        "stateTransitionTime": "2023-10-12T08:36:44.6600016Z",
        "allocationState": "resizing",
        "allocationStateTransitionTime": "2023-10-12T08:38:07.6789201Z",
        "vmSize": "standard_d1_v2",
        "resizeTimeout": "PT7M9.497S",
        "currentDedicatedNodes": 1,
        "targetDedicatedNodes": 0,
        "currentLowPriorityNodes": 0,
        "targetLowPriorityNodes": 0,
        "enableAutoScale": false,
        "enableInterNodeCommunication": false,
        "userAccounts": [
          {
            "name": "test-user",
            "elevationLevel": "admin",
            "linuxUserConfiguration": {
              "uid": 5,
              "gid": 5
            }
          }
        ],
        "taskSlotsPerNode": 1,
        "taskSchedulingPolicy": {
          "nodeFillType": "Spread"
        },
        "virtualMachineConfiguration": {
          "imageReference": {
            "publisher": "Canonical",
            "offer": "UbuntuServer",
            "sku": "18.04-LTS",
            "version": "latest"
          },
          "nodeAgentSKUId": "batch.node.ubuntu 18.04"
        },
        "networkConfiguration": {
          "subnetId": "/subscriptions/42d72928-df33-4f31-9f04-581177fca7d6/resourceGroups/sanjrg/providers/Microsoft.Network/virtualNetworks/sanjvnet/subnets/default",
          "dynamicVNetAssignmentScope": "none",
          "enableAcceleratedNetworking": false
        },
        "currentNodeCommunicationMode": "classic"
      }
    },
    {
      "RequestUri": "https://REDACTED/pools/BatchUser-testIaaSpool?api-version=2023-05-01.17.0",
      "RequestMethod": "GET",
      "RequestHeaders": {
        "Accept": "application/json",
        "Authorization": "Sanitized",
        "client-request-id": "1677f1c8-35a5-4dd6-a59a-9edcd8c5eba0",
        "Content-Length": "0",
        "Date": "Thu, 12 Oct 2023 08:40:10 GMT",
        "User-Agent": "azsdk-java-azure-compute-batch/1.0.0-beta.1 (11.0.20; Windows 11; 10.0)"
      },
      "RequestBody": null,
      "StatusCode": 200,
      "ResponseHeaders": {
        "Content-Type": "application/json; odata=minimalmetadata",
        "DataServiceVersion": "3.0",
        "Date": "Thu, 12 Oct 2023 08:40:11 GMT",
        "ETag": "0x8DBCAFE5DC2AB50",
        "Last-Modified": "Thu, 12 Oct 2023 08:36:44 GMT",
        "request-id": "35d4a70b-fe4c-4dc2-b101-a0ff6ddd3a9a",
        "Server": "Microsoft-HTTPAPI/2.0",
        "Strict-Transport-Security": "max-age=31536000; includeSubDomains",
        "Transfer-Encoding": "chunked",
        "X-Content-Type-Options": "nosniff"
      },
      "ResponseBody": {
        "odata.metadata": "https://sanjbatch.eastus.batch.azure.com/$metadata#pools/@Element",
        "id": "BatchUser-testIaaSpool",
        "url": "REDACTED",
        "eTag": "0x8DBCAFE5DC2AB50",
        "lastModified": "2023-10-12T08:36:44.6600016Z",
        "creationTime": "2023-10-12T08:35:41.1145366Z",
        "state": "deleting",
        "stateTransitionTime": "2023-10-12T08:36:44.6600016Z",
        "allocationState": "resizing",
        "allocationStateTransitionTime": "2023-10-12T08:38:07.6789201Z",
        "vmSize": "standard_d1_v2",
        "resizeTimeout": "PT7M9.497S",
        "currentDedicatedNodes": 1,
        "targetDedicatedNodes": 0,
        "currentLowPriorityNodes": 0,
        "targetLowPriorityNodes": 0,
        "enableAutoScale": false,
        "enableInterNodeCommunication": false,
        "userAccounts": [
          {
            "name": "test-user",
            "elevationLevel": "admin",
            "linuxUserConfiguration": {
              "uid": 5,
              "gid": 5
            }
          }
        ],
        "taskSlotsPerNode": 1,
        "taskSchedulingPolicy": {
          "nodeFillType": "Spread"
        },
        "virtualMachineConfiguration": {
          "imageReference": {
            "publisher": "Canonical",
            "offer": "UbuntuServer",
            "sku": "18.04-LTS",
            "version": "latest"
          },
          "nodeAgentSKUId": "batch.node.ubuntu 18.04"
        },
        "networkConfiguration": {
          "subnetId": "/subscriptions/42d72928-df33-4f31-9f04-581177fca7d6/resourceGroups/sanjrg/providers/Microsoft.Network/virtualNetworks/sanjvnet/subnets/default",
          "dynamicVNetAssignmentScope": "none",
          "enableAcceleratedNetworking": false
        },
        "currentNodeCommunicationMode": "classic"
      }
    },
    {
      "RequestUri": "https://REDACTED/pools/BatchUser-testIaaSpool?api-version=2023-05-01.17.0",
      "RequestMethod": "GET",
      "RequestHeaders": {
        "Accept": "application/json",
        "Authorization": "Sanitized",
        "client-request-id": "a4fb444e-e1ba-4dd8-a1cc-a482e008a1b3",
        "Content-Length": "0",
        "Date": "Thu, 12 Oct 2023 08:40:40 GMT",
        "User-Agent": "azsdk-java-azure-compute-batch/1.0.0-beta.1 (11.0.20; Windows 11; 10.0)"
      },
      "RequestBody": null,
      "StatusCode": 404,
      "ResponseHeaders": {
        "Content-Length": "330",
        "Content-Type": "application/json; odata=minimalmetadata",
        "DataServiceVersion": "3.0",
        "Date": "Thu, 12 Oct 2023 08:40:41 GMT",
        "request-id": "83444971-c68f-4bc7-962a-cfb51905f1d3",
        "Server": "Microsoft-HTTPAPI/2.0",
        "Strict-Transport-Security": "max-age=31536000; includeSubDomains",
        "X-Content-Type-Options": "nosniff"
      },
      "ResponseBody": {
        "odata.metadata": "https://sanjbatch.eastus.batch.azure.com/$metadata#Microsoft.Azure.Batch.Protocol.Entities.Container.errors/@Element",
        "code": "PoolNotFound",
        "message": {
          "lang": "en-US",
          "value": "The specified pool does not exist.\nRequestId:83444971-c68f-4bc7-962a-cfb51905f1d3\nTime:2023-10-12T08:40:42.4561211Z"
        }
      }
    },
    {
      "RequestUri": "https://REDACTED/jobs?api-version=2023-05-01.17.0",
      "RequestMethod": "POST",
      "RequestHeaders": {
        "Accept": "application/json",
        "Authorization": "Sanitized",
        "client-request-id": "70b51b53-5c81-406d-9124-6242ae4e0c4b",
        "Content-Length": "73",
        "Content-Type": "application/json; odata=minimalmetadata",
        "Date": "Thu, 12 Oct 2023 08:40:40 GMT",
        "User-Agent": "azsdk-java-azure-compute-batch/1.0.0-beta.1 (11.0.20; Windows 11; 10.0)"
      },
      "RequestBody": {
        "id": "BatchUser-testJobUser",
        "poolInfo": {
          "poolId": "BatchUser-testpool"
        }
      },
      "StatusCode": 201,
      "ResponseHeaders": {
        "DataServiceId": "https://sanjbatch.eastus.batch.azure.com/jobs/job-1",
        "DataServiceVersion": "3.0",
        "Date": "Thu, 12 Oct 2023 08:40:42 GMT",
        "ETag": "0x8DBCAFEEB91A5E9",
        "Last-Modified": "Thu, 12 Oct 2023 08:40:42 GMT",
        "Location": "https://sanjbatch.eastus.batch.azure.com/jobs/job-1",
        "request-id": "61965420-2a1e-44d3-92e8-43b1feba0a7e",
        "Server": "Microsoft-HTTPAPI/2.0",
        "Strict-Transport-Security": "max-age=31536000; includeSubDomains",
        "Transfer-Encoding": "chunked",
        "X-Content-Type-Options": "nosniff"
      },
      "ResponseBody": null
    },
    {
      "RequestUri": "https://REDACTED/jobs/BatchUser-testJobUser/tasks?api-version=2023-05-01.17.0",
      "RequestMethod": "POST",
      "RequestHeaders": {
        "Accept": "application/json",
        "Authorization": "Sanitized",
        "client-request-id": "d849aaa0-b2b2-493f-a166-7663c82287da",
        "Content-Length": "153",
        "Content-Type": "application/json; odata=minimalmetadata",
        "Date": "Thu, 12 Oct 2023 08:40:40 GMT",
        "User-Agent": "azsdk-java-azure-compute-batch/1.0.0-beta.1 (11.0.20; Windows 11; 10.0)"
      },
      "RequestBody": {
        "id": "mytask",
        "commandLine": "cmd /c echo hello\u0022",
        "userIdentity": {
          "username": "test-user"
        },
        "applicationPackageReferences": [
          {
            "applicationId": "REDACTED"
          }
        ]
      },
      "StatusCode": 201,
      "ResponseHeaders": {
        "DataServiceId": "https://sanjbatch.eastus.batch.azure.com/jobs/BatchUser-testJobUser/tasks/mytask",
        "DataServiceVersion": "3.0",
        "Date": "Thu, 12 Oct 2023 08:40:42 GMT",
        "ETag": "0x8DBCAFEEBA244A3",
        "Last-Modified": "Thu, 12 Oct 2023 08:40:42 GMT",
        "Location": "https://sanjbatch.eastus.batch.azure.com/jobs/BatchUser-testJobUser/tasks/mytask",
        "request-id": "7c3eb8a6-87a9-409a-a1d1-d6922bbc5b36",
        "Server": "Microsoft-HTTPAPI/2.0",
        "Strict-Transport-Security": "max-age=31536000; includeSubDomains",
        "Transfer-Encoding": "chunked",
        "X-Content-Type-Options": "nosniff"
      },
      "ResponseBody": null
    },
    {
      "RequestUri": "https://REDACTED/jobs/BatchUser-testJobUser/tasks/mytask?api-version=2023-05-01.17.0",
      "RequestMethod": "GET",
      "RequestHeaders": {
        "Accept": "application/json",
        "Authorization": "Sanitized",
        "client-request-id": "6234b450-6657-49de-91ee-83117d045abb",
        "Content-Length": "0",
        "Date": "Thu, 12 Oct 2023 08:40:40 GMT",
        "User-Agent": "azsdk-java-azure-compute-batch/1.0.0-beta.1 (11.0.20; Windows 11; 10.0)"
      },
      "RequestBody": null,
      "StatusCode": 200,
      "ResponseHeaders": {
        "Content-Type": "application/json; odata=minimalmetadata",
        "DataServiceVersion": "3.0",
        "Date": "Thu, 12 Oct 2023 08:40:42 GMT",
        "ETag": "0x8DBCAFEEBA244A3",
        "Last-Modified": "Thu, 12 Oct 2023 08:40:42 GMT",
        "request-id": "08d99a69-1c75-4e99-9dc4-ed3f11ca7bc9",
        "Server": "Microsoft-HTTPAPI/2.0",
        "Strict-Transport-Security": "max-age=31536000; includeSubDomains",
        "Transfer-Encoding": "chunked",
        "X-Content-Type-Options": "nosniff"
      },
      "ResponseBody": {
        "odata.metadata": "https://sanjbatch.eastus.batch.azure.com/$metadata#tasks/@Element",
        "id": "mytask",
        "url": "REDACTED",
        "eTag": "0x8DBCAFEEBA244A3",
        "creationTime": "2023-10-12T08:40:42.6841251Z",
        "lastModified": "2023-10-12T08:40:42.6841251Z",
        "state": "active",
        "stateTransitionTime": "2023-10-12T08:40:42.6841251Z",
        "commandLine": "cmd /c echo hello\u0022",
        "applicationPackageReferences": [
          {
            "applicationId": "REDACTED"
          }
        ],
        "userIdentity": {
          "username": "test-user"
        },
        "constraints": {
          "maxWallClockTime": "P10675199DT2H48M5.4775807S",
          "retentionTime": "P7D",
          "maxTaskRetryCount": 0
        },
        "requiredSlots": 1,
        "executionInfo": {
          "retryCount": 0,
          "requeueCount": 0
        }
      }
    },
    {
      "RequestUri": "https://REDACTED/jobs/BatchUser-testJobUser?api-version=2023-05-01.17.0",
      "RequestMethod": "DELETE",
      "RequestHeaders": {
        "Accept": "application/json",
        "Authorization": "Sanitized",
        "client-request-id": "3e3e0189-d144-4fe9-90ae-f7d7be3975dd",
        "Content-Length": "0",
        "Date": "Thu, 12 Oct 2023 08:40:41 GMT",
        "User-Agent": "azsdk-java-azure-compute-batch/1.0.0-beta.1 (11.0.20; Windows 11; 10.0)"
      },
      "RequestBody": null,
      "StatusCode": 202,
      "ResponseHeaders": {
        "DataServiceVersion": "3.0",
        "Date": "Thu, 12 Oct 2023 08:40:42 GMT",
        "request-id": "64ff0cc6-6899-41c9-bc73-dead9a2f365e",
        "Server": "Microsoft-HTTPAPI/2.0",
        "Strict-Transport-Security": "max-age=31536000; includeSubDomains",
        "Transfer-Encoding": "chunked",
        "X-Content-Type-Options": "nosniff"
      },
      "ResponseBody": null
    }
  ],
  "Variables": {}
}
