{
  "Entries": [
    {
      "RequestUri": "https://REDACTED/pools/BatchUser-testpool?api-version=2023-05-01.17.0",
      "RequestMethod": "HEAD",
      "RequestHeaders": {
        "Accept": "application/json",
        "Authorization": "Sanitized",
        "client-request-id": "8e895cf5-c81a-43bc-9e47-8af6c3afdc06",
        "Content-Length": "0",
        "Date": "Thu, 12 Oct 2023 08:36:03 GMT",
        "User-Agent": "azsdk-java-azure-compute-batch/1.0.0-beta.1 (11.0.20; Windows 11; 10.0)"
      },
      "RequestBody": null,
      "StatusCode": 200,
      "ResponseHeaders": {
        "DataServiceVersion": "3.0",
        "Date": "Thu, 12 Oct 2023 08:36:05 GMT",
        "ETag": "0x8DBC52C54B88553",
        "Last-Modified": "Wed, 04 Oct 2023 22:50:39 GMT",
        "request-id": "f7c7b187-52e2-4177-82a1-8d31e1fe34ae",
        "Server": "Microsoft-HTTPAPI/2.0",
        "Strict-Transport-Security": "max-age=31536000; includeSubDomains",
        "Transfer-Encoding": "chunked",
        "X-Content-Type-Options": "nosniff"
      },
      "ResponseBody": null
    },
    {
      "RequestUri": "https://REDACTED/pools/BatchUser-testpool?api-version=2023-05-01.17.0",
      "RequestMethod": "GET",
      "RequestHeaders": {
        "Accept": "application/json",
        "Authorization": "Sanitized",
        "client-request-id": "d507967b-6625-445c-9754-cadb892d9359",
        "Content-Length": "0",
        "Date": "Thu, 12 Oct 2023 08:36:03 GMT",
        "User-Agent": "azsdk-java-azure-compute-batch/1.0.0-beta.1 (11.0.20; Windows 11; 10.0)"
      },
      "RequestBody": null,
      "StatusCode": 200,
      "ResponseHeaders": {
        "Content-Type": "application/json; odata=minimalmetadata",
        "DataServiceVersion": "3.0",
        "Date": "Thu, 12 Oct 2023 08:36:05 GMT",
        "ETag": "0x8DBC52C54B88553",
        "Last-Modified": "Wed, 04 Oct 2023 22:50:39 GMT",
        "request-id": "c6d03c08-a819-4b85-ab05-2a81ada286e6",
        "Server": "Microsoft-HTTPAPI/2.0",
        "Strict-Transport-Security": "max-age=31536000; includeSubDomains",
        "Transfer-Encoding": "chunked",
        "X-Content-Type-Options": "nosniff"
      },
      "ResponseBody": {
        "odata.metadata": "https://sanjbatch.eastus.batch.azure.com/$metadata#pools/@Element",
        "id": "BatchUser-testpool",
        "url": "REDACTED",
        "eTag": "0x8DBC52C54B88553",
        "lastModified": "2023-10-04T22:50:39.3668947Z",
        "creationTime": "2023-10-04T22:50:39.3668947Z",
        "state": "active",
        "stateTransitionTime": "2023-10-04T22:50:39.3668947Z",
        "allocationState": "steady",
        "allocationStateTransitionTime": "2023-10-04T22:53:03.9460184Z",
        "vmSize": "standard_d1_v2",
        "resizeTimeout": "PT15M",
        "currentDedicatedNodes": 1,
        "targetDedicatedNodes": 1,
        "currentLowPriorityNodes": 0,
        "targetLowPriorityNodes": 0,
        "enableAutoScale": false,
        "enableInterNodeCommunication": false,
        "userAccounts": [
          {
            "name": "test-user",
            "elevationLevel": "admin",
            "linuxUserConfiguration": {
              "uid": 5,
              "gid": 5
            }
          }
        ],
        "taskSlotsPerNode": 1,
        "taskSchedulingPolicy": {
          "nodeFillType": "Spread"
        },
        "virtualMachineConfiguration": {
          "imageReference": {
            "publisher": "Canonical",
            "offer": "UbuntuServer",
            "sku": "18.04-LTS",
            "version": "latest"
          },
          "nodeAgentSKUId": "batch.node.ubuntu 18.04"
        },
        "networkConfiguration": {
          "subnetId": "/subscriptions/42d72928-df33-4f31-9f04-581177fca7d6/resourceGroups/sanjrg/providers/Microsoft.Network/virtualNetworks/sanjvnet/subnets/default",
          "dynamicVNetAssignmentScope": "none",
          "enableAcceleratedNetworking": false
        },
        "currentNodeCommunicationMode": "classic"
      }
    },
    {
      "RequestUri": "https://REDACTED/pools/BatchUser-testIaaSpool?api-version=2023-05-01.17.0",
      "RequestMethod": "HEAD",
      "RequestHeaders": {
        "Accept": "application/json",
        "Authorization": "Sanitized",
        "client-request-id": "261aea9f-df24-420d-b230-8c9a5c72d9c0",
        "Content-Length": "0",
        "Date": "Thu, 12 Oct 2023 08:36:03 GMT",
        "User-Agent": "azsdk-java-azure-compute-batch/1.0.0-beta.1 (11.0.20; Windows 11; 10.0)"
      },
      "RequestBody": null,
      "StatusCode": 200,
      "ResponseHeaders": {
        "DataServiceVersion": "3.0",
        "Date": "Thu, 12 Oct 2023 08:36:05 GMT",
        "ETag": "0x8DBCAFE37E26696",
        "Last-Modified": "Thu, 12 Oct 2023 08:35:41 GMT",
        "request-id": "445f673c-c9e1-4c81-b0d9-379b4bcb8926",
        "Server": "Microsoft-HTTPAPI/2.0",
        "Strict-Transport-Security": "max-age=31536000; includeSubDomains",
        "Transfer-Encoding": "chunked",
        "X-Content-Type-Options": "nosniff"
      },
      "ResponseBody": null
    },
    {
      "RequestUri": "https://REDACTED/pools/BatchUser-testIaaSpool?api-version=2023-05-01.17.0",
      "RequestMethod": "GET",
      "RequestHeaders": {
        "Accept": "application/json",
        "Authorization": "Sanitized",
        "client-request-id": "ff4707c0-831e-4cac-95c3-e90df2e89f2d",
        "Content-Length": "0",
        "Date": "Thu, 12 Oct 2023 08:36:03 GMT",
        "User-Agent": "azsdk-java-azure-compute-batch/1.0.0-beta.1 (11.0.20; Windows 11; 10.0)"
      },
      "RequestBody": null,
      "StatusCode": 200,
      "ResponseHeaders": {
        "Content-Type": "application/json; odata=minimalmetadata",
        "DataServiceVersion": "3.0",
        "Date": "Thu, 12 Oct 2023 08:36:05 GMT",
        "ETag": "0x8DBCAFE37E26696",
        "Last-Modified": "Thu, 12 Oct 2023 08:35:41 GMT",
        "request-id": "246a9709-d3f2-4a1d-acbb-83b65a8f6a3b",
        "Server": "Microsoft-HTTPAPI/2.0",
        "Strict-Transport-Security": "max-age=31536000; includeSubDomains",
        "Transfer-Encoding": "chunked",
        "X-Content-Type-Options": "nosniff"
      },
      "ResponseBody": {
        "odata.metadata": "https://sanjbatch.eastus.batch.azure.com/$metadata#pools/@Element",
        "id": "BatchUser-testIaaSpool",
        "url": "REDACTED",
        "eTag": "0x8DBCAFE37E26696",
        "lastModified": "2023-10-12T08:35:41.1145366Z",
        "creationTime": "2023-10-12T08:35:41.1145366Z",
        "state": "active",
        "stateTransitionTime": "2023-10-12T08:35:41.1145366Z",
        "allocationState": "resizing",
        "allocationStateTransitionTime": "2023-10-12T08:35:41.1145366Z",
        "vmSize": "standard_d1_v2",
        "resizeTimeout": "PT15M",
        "currentDedicatedNodes": 0,
        "targetDedicatedNodes": 1,
        "currentLowPriorityNodes": 0,
        "targetLowPriorityNodes": 0,
        "enableAutoScale": false,
        "enableInterNodeCommunication": false,
        "userAccounts": [
          {
            "name": "test-user",
            "elevationLevel": "admin",
            "linuxUserConfiguration": {
              "uid": 5,
              "gid": 5
            }
          }
        ],
        "taskSlotsPerNode": 1,
        "taskSchedulingPolicy": {
          "nodeFillType": "Spread"
        },
        "virtualMachineConfiguration": {
          "imageReference": {
            "publisher": "Canonical",
            "offer": "UbuntuServer",
            "sku": "18.04-LTS",
            "version": "latest"
          },
          "nodeAgentSKUId": "batch.node.ubuntu 18.04"
        },
        "networkConfiguration": {
          "subnetId": "/subscriptions/42d72928-df33-4f31-9f04-581177fca7d6/resourceGroups/sanjrg/providers/Microsoft.Network/virtualNetworks/sanjvnet/subnets/default",
          "dynamicVNetAssignmentScope": "none",
          "enableAcceleratedNetworking": false
        }
      }
    },
    {
      "RequestUri": "https://REDACTED/pools/BatchUser-testIaaSpool?api-version=2023-05-01.17.0",
      "RequestMethod": "GET",
      "RequestHeaders": {
        "Accept": "application/json",
        "Authorization": "Sanitized",
        "client-request-id": "00c4ee9f-86da-473a-86d5-31f9afb5229d",
        "Content-Length": "0",
        "Date": "Thu, 12 Oct 2023 08:36:34 GMT",
        "User-Agent": "azsdk-java-azure-compute-batch/1.0.0-beta.1 (11.0.20; Windows 11; 10.0)"
      },
      "RequestBody": null,
      "StatusCode": 200,
      "ResponseHeaders": {
        "Content-Type": "application/json; odata=minimalmetadata",
        "DataServiceVersion": "3.0",
        "Date": "Thu, 12 Oct 2023 08:36:35 GMT",
        "ETag": "0x8DBCAFE37E26696",
        "Last-Modified": "Thu, 12 Oct 2023 08:35:41 GMT",
        "request-id": "49ddda01-90a6-4d87-8e8f-281aa1760deb",
        "Server": "Microsoft-HTTPAPI/2.0",
        "Strict-Transport-Security": "max-age=31536000; includeSubDomains",
        "Transfer-Encoding": "chunked",
        "X-Content-Type-Options": "nosniff"
      },
      "ResponseBody": {
        "odata.metadata": "https://sanjbatch.eastus.batch.azure.com/$metadata#pools/@Element",
        "id": "BatchUser-testIaaSpool",
        "url": "REDACTED",
        "eTag": "0x8DBCAFE37E26696",
        "lastModified": "2023-10-12T08:35:41.1145366Z",
        "creationTime": "2023-10-12T08:35:41.1145366Z",
        "state": "active",
        "stateTransitionTime": "2023-10-12T08:35:41.1145366Z",
        "allocationState": "resizing",
        "allocationStateTransitionTime": "2023-10-12T08:35:41.1145366Z",
        "vmSize": "standard_d1_v2",
        "resizeTimeout": "PT15M",
        "currentDedicatedNodes": 0,
        "targetDedicatedNodes": 1,
        "currentLowPriorityNodes": 0,
        "targetLowPriorityNodes": 0,
        "enableAutoScale": false,
        "enableInterNodeCommunication": false,
        "userAccounts": [
          {
            "name": "test-user",
            "elevationLevel": "admin",
            "linuxUserConfiguration": {
              "uid": 5,
              "gid": 5
            }
          }
        ],
        "taskSlotsPerNode": 1,
        "taskSchedulingPolicy": {
          "nodeFillType": "Spread"
        },
        "virtualMachineConfiguration": {
          "imageReference": {
            "publisher": "Canonical",
            "offer": "UbuntuServer",
            "sku": "18.04-LTS",
            "version": "latest"
          },
          "nodeAgentSKUId": "batch.node.ubuntu 18.04"
        },
        "networkConfiguration": {
          "subnetId": "/subscriptions/42d72928-df33-4f31-9f04-581177fca7d6/resourceGroups/sanjrg/providers/Microsoft.Network/virtualNetworks/sanjvnet/subnets/default",
          "dynamicVNetAssignmentScope": "none",
          "enableAcceleratedNetworking": false
        }
      }
    },
    {
      "RequestUri": "https://REDACTED/pools/BatchUser-testIaaSpool?api-version=2023-05-01.17.0",
      "RequestMethod": "GET",
      "RequestHeaders": {
        "Accept": "application/json",
        "Authorization": "Sanitized",
        "client-request-id": "b61ad9d4-2f62-4cc2-8476-6adaaf6a3fae",
        "Content-Length": "0",
        "Date": "Thu, 12 Oct 2023 08:37:04 GMT",
        "User-Agent": "azsdk-java-azure-compute-batch/1.0.0-beta.1 (11.0.20; Windows 11; 10.0)"
      },
      "RequestBody": null,
      "StatusCode": 200,
      "ResponseHeaders": {
        "Content-Type": "application/json; odata=minimalmetadata",
        "DataServiceVersion": "3.0",
        "Date": "Thu, 12 Oct 2023 08:37:05 GMT",
        "ETag": "0x8DBCAFE5DC2AB50",
        "Last-Modified": "Thu, 12 Oct 2023 08:36:44 GMT",
        "request-id": "e148e633-38c7-435b-a10d-62dc54bcb5ee",
        "Server": "Microsoft-HTTPAPI/2.0",
        "Strict-Transport-Security": "max-age=31536000; includeSubDomains",
        "Transfer-Encoding": "chunked",
        "X-Content-Type-Options": "nosniff"
      },
      "ResponseBody": {
        "odata.metadata": "https://sanjbatch.eastus.batch.azure.com/$metadata#pools/@Element",
        "id": "BatchUser-testIaaSpool",
        "url": "REDACTED",
        "eTag": "0x8DBCAFE5DC2AB50",
        "lastModified": "2023-10-12T08:36:44.6600016Z",
        "creationTime": "2023-10-12T08:35:41.1145366Z",
        "state": "deleting",
        "stateTransitionTime": "2023-10-12T08:36:44.6600016Z",
        "allocationState": "resizing",
        "allocationStateTransitionTime": "2023-10-12T08:36:44.6600016Z",
        "vmSize": "standard_d1_v2",
        "resizeTimeout": "PT15M",
        "currentDedicatedNodes": 0,
        "targetDedicatedNodes": 1,
        "currentLowPriorityNodes": 0,
        "targetLowPriorityNodes": 0,
        "enableAutoScale": false,
        "enableInterNodeCommunication": false,
        "userAccounts": [
          {
            "name": "test-user",
            "elevationLevel": "admin",
            "linuxUserConfiguration": {
              "uid": 5,
              "gid": 5
            }
          }
        ],
        "taskSlotsPerNode": 1,
        "taskSchedulingPolicy": {
          "nodeFillType": "Spread"
        },
        "virtualMachineConfiguration": {
          "imageReference": {
            "publisher": "Canonical",
            "offer": "UbuntuServer",
            "sku": "18.04-LTS",
            "version": "latest"
          },
          "nodeAgentSKUId": "batch.node.ubuntu 18.04"
        },
        "networkConfiguration": {
          "subnetId": "/subscriptions/42d72928-df33-4f31-9f04-581177fca7d6/resourceGroups/sanjrg/providers/Microsoft.Network/virtualNetworks/sanjvnet/subnets/default",
          "dynamicVNetAssignmentScope": "none",
          "enableAcceleratedNetworking": false
        }
      }
    },
    {
      "RequestUri": "https://REDACTED/pools/BatchUser-testIaaSpool?api-version=2023-05-01.17.0",
      "RequestMethod": "GET",
      "RequestHeaders": {
        "Accept": "application/json",
        "Authorization": "Sanitized",
        "client-request-id": "38e97f24-d75b-4d1a-9659-325876a03065",
        "Content-Length": "0",
        "Date": "Thu, 12 Oct 2023 08:37:34 GMT",
        "User-Agent": "azsdk-java-azure-compute-batch/1.0.0-beta.1 (11.0.20; Windows 11; 10.0)"
      },
      "RequestBody": null,
      "StatusCode": 200,
      "ResponseHeaders": {
        "Content-Type": "application/json; odata=minimalmetadata",
        "DataServiceVersion": "3.0",
        "Date": "Thu, 12 Oct 2023 08:37:36 GMT",
        "ETag": "0x8DBCAFE5DC2AB50",
        "Last-Modified": "Thu, 12 Oct 2023 08:36:44 GMT",
        "request-id": "a84ee0b0-96d5-4830-b7be-cb234be98c79",
        "Server": "Microsoft-HTTPAPI/2.0",
        "Strict-Transport-Security": "max-age=31536000; includeSubDomains",
        "Transfer-Encoding": "chunked",
        "X-Content-Type-Options": "nosniff"
      },
      "ResponseBody": {
        "odata.metadata": "https://sanjbatch.eastus.batch.azure.com/$metadata#pools/@Element",
        "id": "BatchUser-testIaaSpool",
        "url": "REDACTED",
        "eTag": "0x8DBCAFE5DC2AB50",
        "lastModified": "2023-10-12T08:36:44.6600016Z",
        "creationTime": "2023-10-12T08:35:41.1145366Z",
        "state": "deleting",
        "stateTransitionTime": "2023-10-12T08:36:44.6600016Z",
        "allocationState": "resizing",
        "allocationStateTransitionTime": "2023-10-12T08:36:44.6600016Z",
        "vmSize": "standard_d1_v2",
        "resizeTimeout": "PT15M",
        "currentDedicatedNodes": 0,
        "targetDedicatedNodes": 1,
        "currentLowPriorityNodes": 0,
        "targetLowPriorityNodes": 0,
        "enableAutoScale": false,
        "enableInterNodeCommunication": false,
        "userAccounts": [
          {
            "name": "test-user",
            "elevationLevel": "admin",
            "linuxUserConfiguration": {
              "uid": 5,
              "gid": 5
            }
          }
        ],
        "taskSlotsPerNode": 1,
        "taskSchedulingPolicy": {
          "nodeFillType": "Spread"
        },
        "virtualMachineConfiguration": {
          "imageReference": {
            "publisher": "Canonical",
            "offer": "UbuntuServer",
            "sku": "18.04-LTS",
            "version": "latest"
          },
          "nodeAgentSKUId": "batch.node.ubuntu 18.04"
        },
        "networkConfiguration": {
          "subnetId": "/subscriptions/42d72928-df33-4f31-9f04-581177fca7d6/resourceGroups/sanjrg/providers/Microsoft.Network/virtualNetworks/sanjvnet/subnets/default",
          "dynamicVNetAssignmentScope": "none",
          "enableAcceleratedNetworking": false
        }
      }
    },
    {
      "RequestUri": "https://REDACTED/pools/BatchUser-testIaaSpool?api-version=2023-05-01.17.0",
      "RequestMethod": "GET",
      "RequestHeaders": {
        "Accept": "application/json",
        "Authorization": "Sanitized",
        "client-request-id": "1f65fafe-b91b-40a1-83a4-e0141ded64bc",
        "Content-Length": "0",
        "Date": "Thu, 12 Oct 2023 08:38:04 GMT",
        "User-Agent": "azsdk-java-azure-compute-batch/1.0.0-beta.1 (11.0.20; Windows 11; 10.0)"
      },
      "RequestBody": null,
      "StatusCode": 200,
      "ResponseHeaders": {
        "Content-Type": "application/json; odata=minimalmetadata",
        "DataServiceVersion": "3.0",
        "Date": "Thu, 12 Oct 2023 08:38:06 GMT",
        "ETag": "0x8DBCAFE5DC2AB50",
        "Last-Modified": "Thu, 12 Oct 2023 08:36:44 GMT",
        "request-id": "0e22f5ed-4db1-4526-8e4e-f9d15824fde3",
        "Server": "Microsoft-HTTPAPI/2.0",
        "Strict-Transport-Security": "max-age=31536000; includeSubDomains",
        "Transfer-Encoding": "chunked",
        "X-Content-Type-Options": "nosniff"
      },
      "ResponseBody": {
        "odata.metadata": "https://sanjbatch.eastus.batch.azure.com/$metadata#pools/@Element",
        "id": "BatchUser-testIaaSpool",
        "url": "REDACTED",
        "eTag": "0x8DBCAFE5DC2AB50",
        "lastModified": "2023-10-12T08:36:44.6600016Z",
        "creationTime": "2023-10-12T08:35:41.1145366Z",
        "state": "deleting",
        "stateTransitionTime": "2023-10-12T08:36:44.6600016Z",
        "allocationState": "resizing",
        "allocationStateTransitionTime": "2023-10-12T08:36:44.6600016Z",
        "vmSize": "standard_d1_v2",
        "resizeTimeout": "PT15M",
        "currentDedicatedNodes": 0,
        "targetDedicatedNodes": 1,
        "currentLowPriorityNodes": 0,
        "targetLowPriorityNodes": 0,
        "enableAutoScale": false,
        "enableInterNodeCommunication": false,
        "userAccounts": [
          {
            "name": "test-user",
            "elevationLevel": "admin",
            "linuxUserConfiguration": {
              "uid": 5,
              "gid": 5
            }
          }
        ],
        "taskSlotsPerNode": 1,
        "taskSchedulingPolicy": {
          "nodeFillType": "Spread"
        },
        "virtualMachineConfiguration": {
          "imageReference": {
            "publisher": "Canonical",
            "offer": "UbuntuServer",
            "sku": "18.04-LTS",
            "version": "latest"
          },
          "nodeAgentSKUId": "batch.node.ubuntu 18.04"
        },
        "networkConfiguration": {
          "subnetId": "/subscriptions/42d72928-df33-4f31-9f04-581177fca7d6/resourceGroups/sanjrg/providers/Microsoft.Network/virtualNetworks/sanjvnet/subnets/default",
          "dynamicVNetAssignmentScope": "none",
          "enableAcceleratedNetworking": false
        }
      }
    },
    {
      "RequestUri": "https://REDACTED/pools/BatchUser-testIaaSpool?api-version=2023-05-01.17.0",
      "RequestMethod": "GET",
      "RequestHeaders": {
        "Accept": "application/json",
        "Authorization": "Sanitized",
        "client-request-id": "8e6be6b2-d0e2-4121-88ae-946f4cc08286",
        "Content-Length": "0",
        "Date": "Thu, 12 Oct 2023 08:38:34 GMT",
        "User-Agent": "azsdk-java-azure-compute-batch/1.0.0-beta.1 (11.0.20; Windows 11; 10.0)"
      },
      "RequestBody": null,
      "StatusCode": 200,
      "ResponseHeaders": {
        "Content-Type": "application/json; odata=minimalmetadata",
        "DataServiceVersion": "3.0",
        "Date": "Thu, 12 Oct 2023 08:38:35 GMT",
        "ETag": "0x8DBCAFE5DC2AB50",
        "Last-Modified": "Thu, 12 Oct 2023 08:36:44 GMT",
        "request-id": "6cd54ea5-bcb9-4337-824c-28ec0e5bf507",
        "Server": "Microsoft-HTTPAPI/2.0",
        "Strict-Transport-Security": "max-age=31536000; includeSubDomains",
        "Transfer-Encoding": "chunked",
        "X-Content-Type-Options": "nosniff"
      },
      "ResponseBody": {
        "odata.metadata": "https://sanjbatch.eastus.batch.azure.com/$metadata#pools/@Element",
        "id": "BatchUser-testIaaSpool",
        "url": "REDACTED",
        "eTag": "0x8DBCAFE5DC2AB50",
        "lastModified": "2023-10-12T08:36:44.6600016Z",
        "creationTime": "2023-10-12T08:35:41.1145366Z",
        "state": "deleting",
        "stateTransitionTime": "2023-10-12T08:36:44.6600016Z",
        "allocationState": "resizing",
        "allocationStateTransitionTime": "2023-10-12T08:38:07.6789201Z",
        "vmSize": "standard_d1_v2",
        "resizeTimeout": "PT7M9.497S",
        "currentDedicatedNodes": 1,
        "targetDedicatedNodes": 0,
        "currentLowPriorityNodes": 0,
        "targetLowPriorityNodes": 0,
        "enableAutoScale": false,
        "enableInterNodeCommunication": false,
        "userAccounts": [
          {
            "name": "test-user",
            "elevationLevel": "admin",
            "linuxUserConfiguration": {
              "uid": 5,
              "gid": 5
            }
          }
        ],
        "taskSlotsPerNode": 1,
        "taskSchedulingPolicy": {
          "nodeFillType": "Spread"
        },
        "virtualMachineConfiguration": {
          "imageReference": {
            "publisher": "Canonical",
            "offer": "UbuntuServer",
            "sku": "18.04-LTS",
            "version": "latest"
          },
          "nodeAgentSKUId": "batch.node.ubuntu 18.04"
        },
        "networkConfiguration": {
          "subnetId": "/subscriptions/42d72928-df33-4f31-9f04-581177fca7d6/resourceGroups/sanjrg/providers/Microsoft.Network/virtualNetworks/sanjvnet/subnets/default",
          "dynamicVNetAssignmentScope": "none",
          "enableAcceleratedNetworking": false
        },
        "currentNodeCommunicationMode": "classic"
      }
    },
    {
      "RequestUri": "https://REDACTED/pools/BatchUser-testIaaSpool?api-version=2023-05-01.17.0",
      "RequestMethod": "GET",
      "RequestHeaders": {
        "Accept": "application/json",
        "Authorization": "Sanitized",
        "client-request-id": "e24a7fd9-9bb0-4069-b14c-225310120d95",
        "Content-Length": "0",
        "Date": "Thu, 12 Oct 2023 08:39:04 GMT",
        "User-Agent": "azsdk-java-azure-compute-batch/1.0.0-beta.1 (11.0.20; Windows 11; 10.0)"
      },
      "RequestBody": null,
      "StatusCode": 200,
      "ResponseHeaders": {
        "Content-Type": "application/json; odata=minimalmetadata",
        "DataServiceVersion": "3.0",
        "Date": "Thu, 12 Oct 2023 08:39:06 GMT",
        "ETag": "0x8DBCAFE5DC2AB50",
        "Last-Modified": "Thu, 12 Oct 2023 08:36:44 GMT",
        "request-id": "53b8796d-91cd-4f0d-83e9-55d2a3f3701a",
        "Server": "Microsoft-HTTPAPI/2.0",
        "Strict-Transport-Security": "max-age=31536000; includeSubDomains",
        "Transfer-Encoding": "chunked",
        "X-Content-Type-Options": "nosniff"
      },
      "ResponseBody": {
        "odata.metadata": "https://sanjbatch.eastus.batch.azure.com/$metadata#pools/@Element",
        "id": "BatchUser-testIaaSpool",
        "url": "REDACTED",
        "eTag": "0x8DBCAFE5DC2AB50",
        "lastModified": "2023-10-12T08:36:44.6600016Z",
        "creationTime": "2023-10-12T08:35:41.1145366Z",
        "state": "deleting",
        "stateTransitionTime": "2023-10-12T08:36:44.6600016Z",
        "allocationState": "resizing",
        "allocationStateTransitionTime": "2023-10-12T08:38:07.6789201Z",
        "vmSize": "standard_d1_v2",
        "resizeTimeout": "PT7M9.497S",
        "currentDedicatedNodes": 1,
        "targetDedicatedNodes": 0,
        "currentLowPriorityNodes": 0,
        "targetLowPriorityNodes": 0,
        "enableAutoScale": false,
        "enableInterNodeCommunication": false,
        "userAccounts": [
          {
            "name": "test-user",
            "elevationLevel": "admin",
            "linuxUserConfiguration": {
              "uid": 5,
              "gid": 5
            }
          }
        ],
        "taskSlotsPerNode": 1,
        "taskSchedulingPolicy": {
          "nodeFillType": "Spread"
        },
        "virtualMachineConfiguration": {
          "imageReference": {
            "publisher": "Canonical",
            "offer": "UbuntuServer",
            "sku": "18.04-LTS",
            "version": "latest"
          },
          "nodeAgentSKUId": "batch.node.ubuntu 18.04"
        },
        "networkConfiguration": {
          "subnetId": "/subscriptions/42d72928-df33-4f31-9f04-581177fca7d6/resourceGroups/sanjrg/providers/Microsoft.Network/virtualNetworks/sanjvnet/subnets/default",
          "dynamicVNetAssignmentScope": "none",
          "enableAcceleratedNetworking": false
        },
        "currentNodeCommunicationMode": "classic"
      }
    },
    {
      "RequestUri": "https://REDACTED/pools/BatchUser-testIaaSpool?api-version=2023-05-01.17.0",
      "RequestMethod": "GET",
      "RequestHeaders": {
        "Accept": "application/json",
        "Authorization": "Sanitized",
        "client-request-id": "41f4db90-2e53-405a-89be-f1137d92ec2c",
        "Content-Length": "0",
        "Date": "Thu, 12 Oct 2023 08:39:34 GMT",
        "User-Agent": "azsdk-java-azure-compute-batch/1.0.0-beta.1 (11.0.20; Windows 11; 10.0)"
      },
      "RequestBody": null,
      "StatusCode": 200,
      "ResponseHeaders": {
        "Content-Type": "application/json; odata=minimalmetadata",
        "DataServiceVersion": "3.0",
        "Date": "Thu, 12 Oct 2023 08:39:36 GMT",
        "ETag": "0x8DBCAFE5DC2AB50",
        "Last-Modified": "Thu, 12 Oct 2023 08:36:44 GMT",
        "request-id": "d9b31a58-ea84-42f6-b2c2-792aafa44f60",
        "Server": "Microsoft-HTTPAPI/2.0",
        "Strict-Transport-Security": "max-age=31536000; includeSubDomains",
        "Transfer-Encoding": "chunked",
        "X-Content-Type-Options": "nosniff"
      },
      "ResponseBody": {
        "odata.metadata": "https://sanjbatch.eastus.batch.azure.com/$metadata#pools/@Element",
        "id": "BatchUser-testIaaSpool",
        "url": "REDACTED",
        "eTag": "0x8DBCAFE5DC2AB50",
        "lastModified": "2023-10-12T08:36:44.6600016Z",
        "creationTime": "2023-10-12T08:35:41.1145366Z",
        "state": "deleting",
        "stateTransitionTime": "2023-10-12T08:36:44.6600016Z",
        "allocationState": "resizing",
        "allocationStateTransitionTime": "2023-10-12T08:38:07.6789201Z",
        "vmSize": "standard_d1_v2",
        "resizeTimeout": "PT7M9.497S",
        "currentDedicatedNodes": 1,
        "targetDedicatedNodes": 0,
        "currentLowPriorityNodes": 0,
        "targetLowPriorityNodes": 0,
        "enableAutoScale": false,
        "enableInterNodeCommunication": false,
        "userAccounts": [
          {
            "name": "test-user",
            "elevationLevel": "admin",
            "linuxUserConfiguration": {
              "uid": 5,
              "gid": 5
            }
          }
        ],
        "taskSlotsPerNode": 1,
        "taskSchedulingPolicy": {
          "nodeFillType": "Spread"
        },
        "virtualMachineConfiguration": {
          "imageReference": {
            "publisher": "Canonical",
            "offer": "UbuntuServer",
            "sku": "18.04-LTS",
            "version": "latest"
          },
          "nodeAgentSKUId": "batch.node.ubuntu 18.04"
        },
        "networkConfiguration": {
          "subnetId": "/subscriptions/42d72928-df33-4f31-9f04-581177fca7d6/resourceGroups/sanjrg/providers/Microsoft.Network/virtualNetworks/sanjvnet/subnets/default",
          "dynamicVNetAssignmentScope": "none",
          "enableAcceleratedNetworking": false
        },
        "currentNodeCommunicationMode": "classic"
      }
    },
    {
      "RequestUri": "https://REDACTED/pools/BatchUser-testIaaSpool?api-version=2023-05-01.17.0",
      "RequestMethod": "GET",
      "RequestHeaders": {
        "Accept": "application/json",
        "Authorization": "Sanitized",
        "client-request-id": "a160fe81-9c06-431a-9d0e-231e0ee2ed5d",
        "Content-Length": "0",
        "Date": "Thu, 12 Oct 2023 08:40:04 GMT",
        "User-Agent": "azsdk-java-azure-compute-batch/1.0.0-beta.1 (11.0.20; Windows 11; 10.0)"
      },
      "RequestBody": null,
      "StatusCode": 200,
      "ResponseHeaders": {
        "Content-Type": "application/json; odata=minimalmetadata",
        "DataServiceVersion": "3.0",
        "Date": "Thu, 12 Oct 2023 08:40:06 GMT",
        "ETag": "0x8DBCAFE5DC2AB50",
        "Last-Modified": "Thu, 12 Oct 2023 08:36:44 GMT",
        "request-id": "6b52fbdf-27d5-4382-9423-2a3738f1c491",
        "Server": "Microsoft-HTTPAPI/2.0",
        "Strict-Transport-Security": "max-age=31536000; includeSubDomains",
        "Transfer-Encoding": "chunked",
        "X-Content-Type-Options": "nosniff"
      },
      "ResponseBody": {
        "odata.metadata": "https://sanjbatch.eastus.batch.azure.com/$metadata#pools/@Element",
        "id": "BatchUser-testIaaSpool",
        "url": "REDACTED",
        "eTag": "0x8DBCAFE5DC2AB50",
        "lastModified": "2023-10-12T08:36:44.6600016Z",
        "creationTime": "2023-10-12T08:35:41.1145366Z",
        "state": "deleting",
        "stateTransitionTime": "2023-10-12T08:36:44.6600016Z",
        "allocationState": "resizing",
        "allocationStateTransitionTime": "2023-10-12T08:38:07.6789201Z",
        "vmSize": "standard_d1_v2",
        "resizeTimeout": "PT7M9.497S",
        "currentDedicatedNodes": 1,
        "targetDedicatedNodes": 0,
        "currentLowPriorityNodes": 0,
        "targetLowPriorityNodes": 0,
        "enableAutoScale": false,
        "enableInterNodeCommunication": false,
        "userAccounts": [
          {
            "name": "test-user",
            "elevationLevel": "admin",
            "linuxUserConfiguration": {
              "uid": 5,
              "gid": 5
            }
          }
        ],
        "taskSlotsPerNode": 1,
        "taskSchedulingPolicy": {
          "nodeFillType": "Spread"
        },
        "virtualMachineConfiguration": {
          "imageReference": {
            "publisher": "Canonical",
            "offer": "UbuntuServer",
            "sku": "18.04-LTS",
            "version": "latest"
          },
          "nodeAgentSKUId": "batch.node.ubuntu 18.04"
        },
        "networkConfiguration": {
          "subnetId": "/subscriptions/42d72928-df33-4f31-9f04-581177fca7d6/resourceGroups/sanjrg/providers/Microsoft.Network/virtualNetworks/sanjvnet/subnets/default",
          "dynamicVNetAssignmentScope": "none",
          "enableAcceleratedNetworking": false
        },
        "currentNodeCommunicationMode": "classic"
      }
    },
    {
      "RequestUri": "https://REDACTED/pools/BatchUser-testIaaSpool?api-version=2023-05-01.17.0",
      "RequestMethod": "GET",
      "RequestHeaders": {
        "Accept": "application/json",
        "Authorization": "Sanitized",
        "client-request-id": "5c9649c2-53c6-4712-963d-1d1b3f348f23",
        "Content-Length": "0",
        "Date": "Thu, 12 Oct 2023 08:40:34 GMT",
        "User-Agent": "azsdk-java-azure-compute-batch/1.0.0-beta.1 (11.0.20; Windows 11; 10.0)"
      },
      "RequestBody": null,
      "StatusCode": 404,
      "ResponseHeaders": {
        "Content-Length": "330",
        "Content-Type": "application/json; odata=minimalmetadata",
        "DataServiceVersion": "3.0",
        "Date": "Thu, 12 Oct 2023 08:40:36 GMT",
        "request-id": "ab7ae968-f236-4ddd-b14e-39cd3297efa7",
        "Server": "Microsoft-HTTPAPI/2.0",
        "Strict-Transport-Security": "max-age=31536000; includeSubDomains",
        "X-Content-Type-Options": "nosniff"
      },
      "ResponseBody": {
        "odata.metadata": "https://sanjbatch.eastus.batch.azure.com/$metadata#Microsoft.Azure.Batch.Protocol.Entities.Container.errors/@Element",
        "code": "PoolNotFound",
        "message": {
          "lang": "en-US",
          "value": "The specified pool does not exist.\nRequestId:ab7ae968-f236-4ddd-b14e-39cd3297efa7\nTime:2023-10-12T08:40:36.6749711Z"
        }
      }
    },
    {
      "RequestUri": "https://REDACTED/jobs?api-version=2023-05-01.17.0",
      "RequestMethod": "POST",
      "RequestHeaders": {
        "Accept": "application/json",
        "Authorization": "Sanitized",
        "client-request-id": "248cef1e-130e-4aa4-aa68-ec21a775400b",
        "Content-Length": "71",
        "Content-Type": "application/json; odata=minimalmetadata",
        "Date": "Thu, 12 Oct 2023 08:40:34 GMT",
        "User-Agent": "azsdk-java-azure-compute-batch/1.0.0-beta.1 (11.0.20; Windows 11; 10.0)"
      },
      "RequestBody": {
        "id": "BatchUser-SampleJob",
        "poolInfo": {
          "poolId": "BatchUser-testpool"
        }
      },
      "StatusCode": 201,
      "ResponseHeaders": {
        "DataServiceId": "https://sanjbatch.eastus.batch.azure.com/jobs/job-1",
        "DataServiceVersion": "3.0",
        "Date": "Thu, 12 Oct 2023 08:40:36 GMT",
        "ETag": "0x8DBCAFEE821FFF0",
        "Last-Modified": "Thu, 12 Oct 2023 08:40:36 GMT",
        "Location": "https://sanjbatch.eastus.batch.azure.com/jobs/job-1",
        "request-id": "134bec30-4784-4c6f-9af8-f7fc6aff0a53",
        "Server": "Microsoft-HTTPAPI/2.0",
        "Strict-Transport-Security": "max-age=31536000; includeSubDomains",
        "Transfer-Encoding": "chunked",
        "X-Content-Type-Options": "nosniff"
      },
      "ResponseBody": null
    },
    {
      "RequestUri": "https://REDACTED/jobs/BatchUser-SampleJob/tasks?api-version=2023-05-01.17.0",
      "RequestMethod": "POST",
      "RequestHeaders": {
        "Accept": "application/json",
        "Authorization": "Sanitized",
        "client-request-id": "b25395f9-7c05-4592-aa29-e1fca0d6cefa",
        "Content-Length": "53",
        "Content-Type": "application/json; odata=minimalmetadata",
        "Date": "Thu, 12 Oct 2023 08:40:35 GMT",
        "User-Agent": "azsdk-java-azure-compute-batch/1.0.0-beta.1 (11.0.20; Windows 11; 10.0)"
      },
      "RequestBody": {
        "id": "task-canPut",
        "commandLine": "echo hello world"
      },
      "StatusCode": 201,
      "ResponseHeaders": {
        "DataServiceId": "https://sanjbatch.eastus.batch.azure.com/jobs/BatchUser-SampleJob/tasks/task-canPut",
        "DataServiceVersion": "3.0",
        "Date": "Thu, 12 Oct 2023 08:40:36 GMT",
        "ETag": "0x8DBCAFEE8326C4E",
        "Last-Modified": "Thu, 12 Oct 2023 08:40:36 GMT",
        "Location": "https://sanjbatch.eastus.batch.azure.com/jobs/BatchUser-SampleJob/tasks/task-canPut",
        "request-id": "0a0cf328-b81b-47ab-a91c-a865cebf57d3",
        "Server": "Microsoft-HTTPAPI/2.0",
        "Strict-Transport-Security": "max-age=31536000; includeSubDomains",
        "Transfer-Encoding": "chunked",
        "X-Content-Type-Options": "nosniff"
      },
      "ResponseBody": null
    },
    {
      "RequestUri": "https://REDACTED/jobs/BatchUser-SampleJob/tasks/task-canPut?api-version=2023-05-01.17.0",
      "RequestMethod": "GET",
      "RequestHeaders": {
        "Accept": "application/json",
        "Authorization": "Sanitized",
        "client-request-id": "0a2164dd-9f73-4880-898f-e449a1b1c11c",
        "Content-Length": "0",
        "Date": "Thu, 12 Oct 2023 08:40:35 GMT",
        "User-Agent": "azsdk-java-azure-compute-batch/1.0.0-beta.1 (11.0.20; Windows 11; 10.0)"
      },
      "RequestBody": null,
      "StatusCode": 200,
      "ResponseHeaders": {
        "Content-Type": "application/json; odata=minimalmetadata",
        "DataServiceVersion": "3.0",
        "Date": "Thu, 12 Oct 2023 08:40:36 GMT",
        "ETag": "0x8DBCAFEE8326C4E",
        "Last-Modified": "Thu, 12 Oct 2023 08:40:36 GMT",
        "request-id": "8595b3a0-f88b-4e3f-ab88-04a7d3f7b912",
        "Server": "Microsoft-HTTPAPI/2.0",
        "Strict-Transport-Security": "max-age=31536000; includeSubDomains",
        "Transfer-Encoding": "chunked",
        "X-Content-Type-Options": "nosniff"
      },
      "ResponseBody": {
        "odata.metadata": "https://sanjbatch.eastus.batch.azure.com/$metadata#tasks/@Element",
        "id": "task-canPut",
        "url": "REDACTED",
        "eTag": "0x8DBCAFEE8326C4E",
        "creationTime": "2023-10-12T08:40:36.9179726Z",
        "lastModified": "2023-10-12T08:40:36.9179726Z",
        "state": "active",
        "stateTransitionTime": "2023-10-12T08:40:36.9179726Z",
        "commandLine": "echo hello world",
        "userIdentity": {
          "autoUser": {
            "scope": "pool",
            "elevationLevel": "nonadmin"
          }
        },
        "constraints": {
          "maxWallClockTime": "P10675199DT2H48M5.4775807S",
          "retentionTime": "P7D",
          "maxTaskRetryCount": 0
        },
        "requiredSlots": 1,
        "executionInfo": {
          "retryCount": 0,
          "requeueCount": 0
        }
      }
    },
    {
      "RequestUri": "https://REDACTED/jobs/BatchUser-SampleJob/tasks/task-canPut?api-version=2023-05-01.17.0",
      "RequestMethod": "PUT",
      "RequestHeaders": {
        "Accept": "application/json",
        "Authorization": "Sanitized",
        "client-request-id": "b0274c86-0b95-438d-a63a-9b0edfb971da",
        "Content-Length": "61",
        "Content-Type": "application/json; odata=minimalmetadata",
        "Date": "Thu, 12 Oct 2023 08:40:35 GMT",
        "User-Agent": "azsdk-java-azure-compute-batch/1.0.0-beta.1 (11.0.20; Windows 11; 10.0)"
      },
      "RequestBody": {
        "constraints": {
          "retentionTime": "P5D",
          "maxTaskRetryCount": 5
        }
      },
      "StatusCode": 200,
      "ResponseHeaders": {
        "DataServiceId": "https://sanjbatch.eastus.batch.azure.com/jobs/BatchUser-SampleJob/tasks/task-canPut",
        "DataServiceVersion": "3.0",
        "Date": "Thu, 12 Oct 2023 08:40:36 GMT",
        "ETag": "0x8DBCAFEE852E1EA",
        "Last-Modified": "Thu, 12 Oct 2023 08:40:37 GMT",
        "request-id": "94c51d9e-721b-4bed-a48d-0e1bd040324f",
        "Server": "Microsoft-HTTPAPI/2.0",
        "Strict-Transport-Security": "max-age=31536000; includeSubDomains",
        "Transfer-Encoding": "chunked",
        "X-Content-Type-Options": "nosniff"
      },
      "ResponseBody": null
    },
    {
      "RequestUri": "https://REDACTED/jobs/BatchUser-SampleJob/tasks/task-canPut?api-version=2023-05-01.17.0",
      "RequestMethod": "GET",
      "RequestHeaders": {
        "Accept": "application/json",
        "Authorization": "Sanitized",
        "client-request-id": "1a690560-54c9-4f4e-bf97-c5f1ea96c605",
        "Content-Length": "0",
        "Date": "Thu, 12 Oct 2023 08:40:35 GMT",
        "User-Agent": "azsdk-java-azure-compute-batch/1.0.0-beta.1 (11.0.20; Windows 11; 10.0)"
      },
      "RequestBody": null,
      "StatusCode": 200,
      "ResponseHeaders": {
        "Content-Type": "application/json; odata=minimalmetadata",
        "DataServiceVersion": "3.0",
        "Date": "Thu, 12 Oct 2023 08:40:36 GMT",
        "ETag": "0x8DBCAFEE852E1EA",
        "Last-Modified": "Thu, 12 Oct 2023 08:40:37 GMT",
        "request-id": "6a8c143e-3f46-4c12-9975-ec124eb028a7",
        "Server": "Microsoft-HTTPAPI/2.0",
        "Strict-Transport-Security": "max-age=31536000; includeSubDomains",
        "Transfer-Encoding": "chunked",
        "X-Content-Type-Options": "nosniff"
      },
      "ResponseBody": {
        "odata.metadata": "https://sanjbatch.eastus.batch.azure.com/$metadata#tasks/@Element",
        "id": "task-canPut",
        "url": "REDACTED",
        "eTag": "0x8DBCAFEE852E1EA",
        "creationTime": "2023-10-12T08:40:36.9179726Z",
        "lastModified": "2023-10-12T08:40:37.1306986Z",
        "state": "active",
        "stateTransitionTime": "2023-10-12T08:40:36.9179726Z",
        "commandLine": "echo hello world",
        "userIdentity": {
          "autoUser": {
            "scope": "pool",
            "elevationLevel": "nonadmin"
          }
        },
        "constraints": {
          "maxWallClockTime": "P10675199DT2H48M5.4775807S",
          "retentionTime": "P5D",
          "maxTaskRetryCount": 5
        },
        "requiredSlots": 1,
        "executionInfo": {
          "retryCount": 0,
          "requeueCount": 0
        }
      }
    },
    {
      "RequestUri": "https://REDACTED/jobs/BatchUser-SampleJob/tasks/task-canPut?api-version=2023-05-01.17.0",
      "RequestMethod": "DELETE",
      "RequestHeaders": {
        "Accept": "application/json",
        "Authorization": "Sanitized",
        "client-request-id": "30ddff6e-f2dc-4f2c-8ad6-b380b7c50360",
        "Content-Length": "0",
        "Date": "Thu, 12 Oct 2023 08:40:35 GMT",
        "User-Agent": "azsdk-java-azure-compute-batch/1.0.0-beta.1 (11.0.20; Windows 11; 10.0)"
      },
      "RequestBody": null,
      "StatusCode": 200,
      "ResponseHeaders": {
        "DataServiceVersion": "3.0",
        "Date": "Thu, 12 Oct 2023 08:40:36 GMT",
        "request-id": "739bad47-d1bc-40ae-8e08-88bb94394ba4",
        "Server": "Microsoft-HTTPAPI/2.0",
        "Strict-Transport-Security": "max-age=31536000; includeSubDomains",
        "Transfer-Encoding": "chunked",
        "X-Content-Type-Options": "nosniff"
      },
      "ResponseBody": null
    },
    {
      "RequestUri": "https://REDACTED/jobs/BatchUser-SampleJob?api-version=2023-05-01.17.0",
      "RequestMethod": "DELETE",
      "RequestHeaders": {
        "Accept": "application/json",
        "Authorization": "Sanitized",
        "client-request-id": "05db2b96-cbe6-451f-94c9-2d94328809c3",
        "Content-Length": "0",
        "Date": "Thu, 12 Oct 2023 08:40:35 GMT",
        "User-Agent": "azsdk-java-azure-compute-batch/1.0.0-beta.1 (11.0.20; Windows 11; 10.0)"
      },
      "RequestBody": null,
      "StatusCode": 202,
      "ResponseHeaders": {
        "DataServiceVersion": "3.0",
        "Date": "Thu, 12 Oct 2023 08:40:36 GMT",
        "request-id": "6fdf8ce0-8c8c-43dd-9e44-f91223322f7e",
        "Server": "Microsoft-HTTPAPI/2.0",
        "Strict-Transport-Security": "max-age=31536000; includeSubDomains",
        "Transfer-Encoding": "chunked",
        "X-Content-Type-Options": "nosniff"
      },
      "ResponseBody": null
    }
  ],
  "Variables": {}
}
