{
  "Entries": [
    {
      "RequestUri": "https://REDACTED/pools/BatchUser-testpool?api-version=2023-05-01.17.0",
      "RequestMethod": "HEAD",
      "RequestHeaders": {
        "Accept": "application/json",
        "Authorization": "Sanitized",
        "client-request-id": "90347211-0af9-43f9-8b6a-eaf0ad05bf78",
        "Content-Length": "0",
        "Date": "Sun, 15 Oct 2023 21:16:48 GMT",
        "User-Agent": "azsdk-java-azure-compute-batch/1.0.0-beta.1 (11.0.20; Windows 11; 10.0)"
      },
      "RequestBody": null,
      "StatusCode": 200,
      "ResponseHeaders": {
        "DataServiceVersion": "3.0",
        "Date": "Sun, 15 Oct 2023 21:16:53 GMT",
        "ETag": "0x8DBC52C54B88553",
        "Last-Modified": "Wed, 04 Oct 2023 22:50:39 GMT",
        "request-id": "fe73f13d-1130-46c4-825e-687886f41b8a",
        "Server": "Microsoft-HTTPAPI/2.0",
        "Strict-Transport-Security": "max-age=31536000; includeSubDomains",
        "Transfer-Encoding": "chunked",
        "X-Content-Type-Options": "nosniff"
      },
      "ResponseBody": null
    },
    {
      "RequestUri": "https://REDACTED/pools/BatchUser-testpool?api-version=2023-05-01.17.0",
      "RequestMethod": "GET",
      "RequestHeaders": {
        "Accept": "application/json",
        "Authorization": "Sanitized",
        "client-request-id": "68549a41-9f18-4c1c-9113-e953843cd456",
        "Content-Length": "0",
        "Date": "Sun, 15 Oct 2023 21:16:51 GMT",
        "User-Agent": "azsdk-java-azure-compute-batch/1.0.0-beta.1 (11.0.20; Windows 11; 10.0)"
      },
      "RequestBody": null,
      "StatusCode": 200,
      "ResponseHeaders": {
        "Content-Type": "application/json; odata=minimalmetadata",
        "DataServiceVersion": "3.0",
        "Date": "Sun, 15 Oct 2023 21:16:53 GMT",
        "ETag": "0x8DBC52C54B88553",
        "Last-Modified": "Wed, 04 Oct 2023 22:50:39 GMT",
        "request-id": "80c97864-a0c7-4997-be08-5ee8983cbb94",
        "Server": "Microsoft-HTTPAPI/2.0",
        "Strict-Transport-Security": "max-age=31536000; includeSubDomains",
        "Transfer-Encoding": "chunked",
        "X-Content-Type-Options": "nosniff"
      },
      "ResponseBody": {
        "odata.metadata": "https://sanjbatch.eastus.batch.azure.com/$metadata#pools/@Element",
        "id": "BatchUser-testpool",
        "url": "REDACTED",
        "eTag": "0x8DBC52C54B88553",
        "lastModified": "2023-10-04T22:50:39.3668947Z",
        "creationTime": "2023-10-04T22:50:39.3668947Z",
        "state": "active",
        "stateTransitionTime": "2023-10-04T22:50:39.3668947Z",
        "allocationState": "steady",
        "allocationStateTransitionTime": "2023-10-04T22:53:03.9460184Z",
        "vmSize": "standard_d1_v2",
        "resizeTimeout": "PT15M",
        "currentDedicatedNodes": 1,
        "targetDedicatedNodes": 1,
        "currentLowPriorityNodes": 0,
        "targetLowPriorityNodes": 0,
        "enableAutoScale": false,
        "enableInterNodeCommunication": false,
        "userAccounts": [
          {
            "name": "test-user",
            "elevationLevel": "admin",
            "linuxUserConfiguration": {
              "uid": 5,
              "gid": 5
            }
          }
        ],
        "taskSlotsPerNode": 1,
        "taskSchedulingPolicy": {
          "nodeFillType": "Spread"
        },
        "virtualMachineConfiguration": {
          "imageReference": {
            "publisher": "Canonical",
            "offer": "UbuntuServer",
            "sku": "18.04-LTS",
            "version": "latest"
          },
          "nodeAgentSKUId": "batch.node.ubuntu 18.04"
        },
        "networkConfiguration": {
          "subnetId": "/subscriptions/42d72928-df33-4f31-9f04-581177fca7d6/resourceGroups/sanjrg/providers/Microsoft.Network/virtualNetworks/sanjvnet/subnets/default",
          "dynamicVNetAssignmentScope": "none",
          "enableAcceleratedNetworking": false
        },
        "currentNodeCommunicationMode": "classic"
      }
    },
    {
      "RequestUri": "https://REDACTED/pools/BatchUser-testIaaSpool?api-version=2023-05-01.17.0",
      "RequestMethod": "HEAD",
      "RequestHeaders": {
        "Accept": "application/json",
        "Authorization": "Sanitized",
        "client-request-id": "3e946582-0779-4130-9dc5-dc5fdc448ecf",
        "Content-Length": "0",
        "Date": "Sun, 15 Oct 2023 21:16:51 GMT",
        "User-Agent": "azsdk-java-azure-compute-batch/1.0.0-beta.1 (11.0.20; Windows 11; 10.0)"
      },
      "RequestBody": null,
      "StatusCode": 404,
      "ResponseHeaders": {
        "DataServiceVersion": "3.0",
        "Date": "Sun, 15 Oct 2023 21:16:53 GMT",
        "request-id": "049785b5-eb5a-4fa0-a148-07346614af23",
        "Server": "Microsoft-HTTPAPI/2.0",
        "Strict-Transport-Security": "max-age=31536000; includeSubDomains",
        "Transfer-Encoding": "chunked",
        "X-Content-Type-Options": "nosniff"
      },
      "ResponseBody": null
    },
    {
      "RequestUri": "https://REDACTED/pools?api-version=2023-05-01.17.0",
      "RequestMethod": "POST",
      "RequestHeaders": {
        "Accept": "application/json",
        "Authorization": "Sanitized",
        "client-request-id": "172f76c5-cb74-4e58-a4ba-4b884dbeea1d",
        "Content-Length": "569",
        "Content-Type": "application/json; odata=minimalmetadata",
        "Date": "Sun, 15 Oct 2023 21:16:54 GMT",
        "User-Agent": "azsdk-java-azure-compute-batch/1.0.0-beta.1 (11.0.20; Windows 11; 10.0)"
      },
      "RequestBody": {
        "id": "BatchUser-testIaaSpool",
        "vmSize": "STANDARD_D1_V2",
        "virtualMachineConfiguration": {
          "imageReference": {
            "publisher": "Canonical",
            "offer": "UbuntuServer",
            "sku": "18.04-LTS",
            "version": "latest"
          },
          "nodeAgentSKUId": "batch.node.ubuntu 18.04"
        },
        "targetDedicatedNodes": 1,
        "networkConfiguration": {
          "subnetId": "/subscriptions/42d72928-df33-4f31-9f04-581177fca7d6/resourceGroups/sanjrg/providers/Microsoft.Network/virtualNetworks/sanjvnet/subnets/default"
        },
        "userAccounts": [
          {
            "name": "test-user",
            "password": "REDACTED",
            "elevationLevel": "admin",
            "linuxUserConfiguration": {
              "uid": 5,
              "gid": 5
            }
          }
        ]
      },
      "StatusCode": 201,
      "ResponseHeaders": {
        "DataServiceId": "https://sanjbatch.eastus.batch.azure.com/pools/BatchUser-testIaaSpool",
        "DataServiceVersion": "3.0",
        "Date": "Sun, 15 Oct 2023 21:16:57 GMT",
        "ETag": "0x8DBCDC410912533",
        "Last-Modified": "Sun, 15 Oct 2023 21:16:57 GMT",
        "Location": "https://sanjbatch.eastus.batch.azure.com/pools/BatchUser-testIaaSpool",
        "request-id": "0e05c932-81e1-409e-91ef-9f4e22e03e9e",
        "Server": "Microsoft-HTTPAPI/2.0",
        "Strict-Transport-Security": "max-age=31536000; includeSubDomains",
        "Transfer-Encoding": "chunked",
        "X-Content-Type-Options": "nosniff"
      },
      "ResponseBody": null
    },
    {
      "RequestUri": "https://REDACTED/pools/BatchUser-testIaaSpool?api-version=2023-05-01.17.0",
      "RequestMethod": "GET",
      "RequestHeaders": {
        "Accept": "application/json",
        "Authorization": "Sanitized",
        "client-request-id": "dca0cb71-d02b-416f-a09a-3492ce854ac3",
        "Content-Length": "0",
        "Date": "Sun, 15 Oct 2023 21:16:55 GMT",
        "User-Agent": "azsdk-java-azure-compute-batch/1.0.0-beta.1 (11.0.20; Windows 11; 10.0)"
      },
      "RequestBody": null,
      "StatusCode": 200,
      "ResponseHeaders": {
        "Content-Type": "application/json; odata=minimalmetadata",
        "DataServiceVersion": "3.0",
        "Date": "Sun, 15 Oct 2023 21:16:57 GMT",
        "ETag": "0x8DBCDC410912533",
        "Last-Modified": "Sun, 15 Oct 2023 21:16:57 GMT",
        "request-id": "7c4838d5-8be4-4880-92f4-2e46dde7222a",
        "Server": "Microsoft-HTTPAPI/2.0",
        "Strict-Transport-Security": "max-age=31536000; includeSubDomains",
        "Transfer-Encoding": "chunked",
        "X-Content-Type-Options": "nosniff"
      },
      "ResponseBody": {
        "odata.metadata": "https://sanjbatch.eastus.batch.azure.com/$metadata#pools/@Element",
        "id": "BatchUser-testIaaSpool",
        "url": "REDACTED",
        "eTag": "0x8DBCDC410912533",
        "lastModified": "2023-10-15T21:16:57.8288947Z",
        "creationTime": "2023-10-15T21:16:57.8288947Z",
        "state": "active",
        "stateTransitionTime": "2023-10-15T21:16:57.8288947Z",
        "allocationState": "resizing",
        "allocationStateTransitionTime": "2023-10-15T21:16:57.8288947Z",
        "vmSize": "standard_d1_v2",
        "resizeTimeout": "PT15M",
        "currentDedicatedNodes": 0,
        "targetDedicatedNodes": 1,
        "currentLowPriorityNodes": 0,
        "targetLowPriorityNodes": 0,
        "enableAutoScale": false,
        "enableInterNodeCommunication": false,
        "userAccounts": [
          {
            "name": "test-user",
            "elevationLevel": "admin",
            "linuxUserConfiguration": {
              "uid": 5,
              "gid": 5
            }
          }
        ],
        "taskSlotsPerNode": 1,
        "taskSchedulingPolicy": {
          "nodeFillType": "Spread"
        },
        "virtualMachineConfiguration": {
          "imageReference": {
            "publisher": "Canonical",
            "offer": "UbuntuServer",
            "sku": "18.04-LTS",
            "version": "latest"
          },
          "nodeAgentSKUId": "batch.node.ubuntu 18.04"
        },
        "networkConfiguration": {
          "subnetId": "/subscriptions/42d72928-df33-4f31-9f04-581177fca7d6/resourceGroups/sanjrg/providers/Microsoft.Network/virtualNetworks/sanjvnet/subnets/default",
          "dynamicVNetAssignmentScope": "none",
          "enableAcceleratedNetworking": false
        }
      }
    },
    {
      "RequestUri": "https://REDACTED/pools/BatchUser-testIaaSpool?api-version=2023-05-01.17.0",
      "RequestMethod": "GET",
      "RequestHeaders": {
        "Accept": "application/json",
        "Authorization": "Sanitized",
        "client-request-id": "7a800e9f-aeeb-4e06-90f5-5f8f57ff5dd1",
        "Content-Length": "0",
        "Date": "Sun, 15 Oct 2023 21:17:25 GMT",
        "User-Agent": "azsdk-java-azure-compute-batch/1.0.0-beta.1 (11.0.20; Windows 11; 10.0)"
      },
      "RequestBody": null,
      "StatusCode": 200,
      "ResponseHeaders": {
        "Content-Type": "application/json; odata=minimalmetadata",
        "DataServiceVersion": "3.0",
        "Date": "Sun, 15 Oct 2023 21:17:27 GMT",
        "ETag": "0x8DBCDC410912533",
        "Last-Modified": "Sun, 15 Oct 2023 21:16:57 GMT",
        "request-id": "820ee4bd-b029-4d34-94a6-6d439bdad24a",
        "Server": "Microsoft-HTTPAPI/2.0",
        "Strict-Transport-Security": "max-age=31536000; includeSubDomains",
        "Transfer-Encoding": "chunked",
        "X-Content-Type-Options": "nosniff"
      },
      "ResponseBody": {
        "odata.metadata": "https://sanjbatch.eastus.batch.azure.com/$metadata#pools/@Element",
        "id": "BatchUser-testIaaSpool",
        "url": "REDACTED",
        "eTag": "0x8DBCDC410912533",
        "lastModified": "2023-10-15T21:16:57.8288947Z",
        "creationTime": "2023-10-15T21:16:57.8288947Z",
        "state": "active",
        "stateTransitionTime": "2023-10-15T21:16:57.8288947Z",
        "allocationState": "resizing",
        "allocationStateTransitionTime": "2023-10-15T21:16:57.8288947Z",
        "vmSize": "standard_d1_v2",
        "resizeTimeout": "PT15M",
        "currentDedicatedNodes": 0,
        "targetDedicatedNodes": 1,
        "currentLowPriorityNodes": 0,
        "targetLowPriorityNodes": 0,
        "enableAutoScale": false,
        "enableInterNodeCommunication": false,
        "userAccounts": [
          {
            "name": "test-user",
            "elevationLevel": "admin",
            "linuxUserConfiguration": {
              "uid": 5,
              "gid": 5
            }
          }
        ],
        "taskSlotsPerNode": 1,
        "taskSchedulingPolicy": {
          "nodeFillType": "Spread"
        },
        "virtualMachineConfiguration": {
          "imageReference": {
            "publisher": "Canonical",
            "offer": "UbuntuServer",
            "sku": "18.04-LTS",
            "version": "latest"
          },
          "nodeAgentSKUId": "batch.node.ubuntu 18.04"
        },
        "networkConfiguration": {
          "subnetId": "/subscriptions/42d72928-df33-4f31-9f04-581177fca7d6/resourceGroups/sanjrg/providers/Microsoft.Network/virtualNetworks/sanjvnet/subnets/default",
          "dynamicVNetAssignmentScope": "none",
          "enableAcceleratedNetworking": false
        }
      }
    },
    {
      "RequestUri": "https://REDACTED/pools/BatchUser-testIaaSpool?api-version=2023-05-01.17.0",
      "RequestMethod": "GET",
      "RequestHeaders": {
        "Accept": "application/json",
        "Authorization": "Sanitized",
        "client-request-id": "7ad15dd8-b2a2-48f4-8186-632fe69fafab",
        "Content-Length": "0",
        "Date": "Sun, 15 Oct 2023 21:17:55 GMT",
        "User-Agent": "azsdk-java-azure-compute-batch/1.0.0-beta.1 (11.0.20; Windows 11; 10.0)"
      },
      "RequestBody": null,
      "StatusCode": 200,
      "ResponseHeaders": {
        "Content-Type": "application/json; odata=minimalmetadata",
        "DataServiceVersion": "3.0",
        "Date": "Sun, 15 Oct 2023 21:17:57 GMT",
        "ETag": "0x8DBCDC410912533",
        "Last-Modified": "Sun, 15 Oct 2023 21:16:57 GMT",
        "request-id": "c855a897-ad4f-4bf2-bda7-2990a2d36d67",
        "Server": "Microsoft-HTTPAPI/2.0",
        "Strict-Transport-Security": "max-age=31536000; includeSubDomains",
        "Transfer-Encoding": "chunked",
        "X-Content-Type-Options": "nosniff"
      },
      "ResponseBody": {
        "odata.metadata": "https://sanjbatch.eastus.batch.azure.com/$metadata#pools/@Element",
        "id": "BatchUser-testIaaSpool",
        "url": "REDACTED",
        "eTag": "0x8DBCDC410912533",
        "lastModified": "2023-10-15T21:16:57.8288947Z",
        "creationTime": "2023-10-15T21:16:57.8288947Z",
        "state": "active",
        "stateTransitionTime": "2023-10-15T21:16:57.8288947Z",
        "allocationState": "resizing",
        "allocationStateTransitionTime": "2023-10-15T21:16:57.8288947Z",
        "vmSize": "standard_d1_v2",
        "resizeTimeout": "PT15M",
        "currentDedicatedNodes": 0,
        "targetDedicatedNodes": 1,
        "currentLowPriorityNodes": 0,
        "targetLowPriorityNodes": 0,
        "enableAutoScale": false,
        "enableInterNodeCommunication": false,
        "userAccounts": [
          {
            "name": "test-user",
            "elevationLevel": "admin",
            "linuxUserConfiguration": {
              "uid": 5,
              "gid": 5
            }
          }
        ],
        "taskSlotsPerNode": 1,
        "taskSchedulingPolicy": {
          "nodeFillType": "Spread"
        },
        "virtualMachineConfiguration": {
          "imageReference": {
            "publisher": "Canonical",
            "offer": "UbuntuServer",
            "sku": "18.04-LTS",
            "version": "latest"
          },
          "nodeAgentSKUId": "batch.node.ubuntu 18.04"
        },
        "networkConfiguration": {
          "subnetId": "/subscriptions/42d72928-df33-4f31-9f04-581177fca7d6/resourceGroups/sanjrg/providers/Microsoft.Network/virtualNetworks/sanjvnet/subnets/default",
          "dynamicVNetAssignmentScope": "none",
          "enableAcceleratedNetworking": false
        }
      }
    },
    {
      "RequestUri": "https://REDACTED/pools/BatchUser-testIaaSpool?api-version=2023-05-01.17.0",
      "RequestMethod": "GET",
      "RequestHeaders": {
        "Accept": "application/json",
        "Authorization": "Sanitized",
        "client-request-id": "c23c033a-8fc2-4055-bfae-0d92fde3472a",
        "Content-Length": "0",
        "Date": "Sun, 15 Oct 2023 21:18:25 GMT",
        "User-Agent": "azsdk-java-azure-compute-batch/1.0.0-beta.1 (11.0.20; Windows 11; 10.0)"
      },
      "RequestBody": null,
      "StatusCode": 200,
      "ResponseHeaders": {
        "Content-Type": "application/json; odata=minimalmetadata",
        "DataServiceVersion": "3.0",
        "Date": "Sun, 15 Oct 2023 21:18:27 GMT",
        "ETag": "0x8DBCDC410912533",
        "Last-Modified": "Sun, 15 Oct 2023 21:16:57 GMT",
        "request-id": "d9b0e3fc-bbb0-4dd1-8fc5-7eba21c6a789",
        "Server": "Microsoft-HTTPAPI/2.0",
        "Strict-Transport-Security": "max-age=31536000; includeSubDomains",
        "Transfer-Encoding": "chunked",
        "X-Content-Type-Options": "nosniff"
      },
      "ResponseBody": {
        "odata.metadata": "https://sanjbatch.eastus.batch.azure.com/$metadata#pools/@Element",
        "id": "BatchUser-testIaaSpool",
        "url": "REDACTED",
        "eTag": "0x8DBCDC410912533",
        "lastModified": "2023-10-15T21:16:57.8288947Z",
        "creationTime": "2023-10-15T21:16:57.8288947Z",
        "state": "active",
        "stateTransitionTime": "2023-10-15T21:16:57.8288947Z",
        "allocationState": "resizing",
        "allocationStateTransitionTime": "2023-10-15T21:16:57.8288947Z",
        "vmSize": "standard_d1_v2",
        "resizeTimeout": "PT15M",
        "currentDedicatedNodes": 0,
        "targetDedicatedNodes": 1,
        "currentLowPriorityNodes": 0,
        "targetLowPriorityNodes": 0,
        "enableAutoScale": false,
        "enableInterNodeCommunication": false,
        "userAccounts": [
          {
            "name": "test-user",
            "elevationLevel": "admin",
            "linuxUserConfiguration": {
              "uid": 5,
              "gid": 5
            }
          }
        ],
        "taskSlotsPerNode": 1,
        "taskSchedulingPolicy": {
          "nodeFillType": "Spread"
        },
        "virtualMachineConfiguration": {
          "imageReference": {
            "publisher": "Canonical",
            "offer": "UbuntuServer",
            "sku": "18.04-LTS",
            "version": "latest"
          },
          "nodeAgentSKUId": "batch.node.ubuntu 18.04"
        },
        "networkConfiguration": {
          "subnetId": "/subscriptions/42d72928-df33-4f31-9f04-581177fca7d6/resourceGroups/sanjrg/providers/Microsoft.Network/virtualNetworks/sanjvnet/subnets/default",
          "dynamicVNetAssignmentScope": "none",
          "enableAcceleratedNetworking": false
        }
      }
    },
    {
      "RequestUri": "https://REDACTED/pools/BatchUser-testIaaSpool?api-version=2023-05-01.17.0",
      "RequestMethod": "GET",
      "RequestHeaders": {
        "Accept": "application/json",
        "Authorization": "Sanitized",
        "client-request-id": "e18750d9-43f4-45ee-8739-cfec266754c8",
        "Content-Length": "0",
        "Date": "Sun, 15 Oct 2023 21:18:55 GMT",
        "User-Agent": "azsdk-java-azure-compute-batch/1.0.0-beta.1 (11.0.20; Windows 11; 10.0)"
      },
      "RequestBody": null,
      "StatusCode": 200,
      "ResponseHeaders": {
        "Content-Type": "application/json; odata=minimalmetadata",
        "DataServiceVersion": "3.0",
        "Date": "Sun, 15 Oct 2023 21:18:57 GMT",
        "ETag": "0x8DBCDC410912533",
        "Last-Modified": "Sun, 15 Oct 2023 21:16:57 GMT",
        "request-id": "ccc3aeb0-0554-4e9a-9206-4288b4eb61b3",
        "Server": "Microsoft-HTTPAPI/2.0",
        "Strict-Transport-Security": "max-age=31536000; includeSubDomains",
        "Transfer-Encoding": "chunked",
        "X-Content-Type-Options": "nosniff"
      },
      "ResponseBody": {
        "odata.metadata": "https://sanjbatch.eastus.batch.azure.com/$metadata#pools/@Element",
        "id": "BatchUser-testIaaSpool",
        "url": "REDACTED",
        "eTag": "0x8DBCDC410912533",
        "lastModified": "2023-10-15T21:16:57.8288947Z",
        "creationTime": "2023-10-15T21:16:57.8288947Z",
        "state": "active",
        "stateTransitionTime": "2023-10-15T21:16:57.8288947Z",
        "allocationState": "resizing",
        "allocationStateTransitionTime": "2023-10-15T21:16:57.8288947Z",
        "vmSize": "standard_d1_v2",
        "resizeTimeout": "PT15M",
        "currentDedicatedNodes": 0,
        "targetDedicatedNodes": 1,
        "currentLowPriorityNodes": 0,
        "targetLowPriorityNodes": 0,
        "enableAutoScale": false,
        "enableInterNodeCommunication": false,
        "userAccounts": [
          {
            "name": "test-user",
            "elevationLevel": "admin",
            "linuxUserConfiguration": {
              "uid": 5,
              "gid": 5
            }
          }
        ],
        "taskSlotsPerNode": 1,
        "taskSchedulingPolicy": {
          "nodeFillType": "Spread"
        },
        "virtualMachineConfiguration": {
          "imageReference": {
            "publisher": "Canonical",
            "offer": "UbuntuServer",
            "sku": "18.04-LTS",
            "version": "latest"
          },
          "nodeAgentSKUId": "batch.node.ubuntu 18.04"
        },
        "networkConfiguration": {
          "subnetId": "/subscriptions/42d72928-df33-4f31-9f04-581177fca7d6/resourceGroups/sanjrg/providers/Microsoft.Network/virtualNetworks/sanjvnet/subnets/default",
          "dynamicVNetAssignmentScope": "none",
          "enableAcceleratedNetworking": false
        }
      }
    },
    {
      "RequestUri": "https://REDACTED/pools/BatchUser-testIaaSpool?api-version=2023-05-01.17.0",
      "RequestMethod": "GET",
      "RequestHeaders": {
        "Accept": "application/json",
        "Authorization": "Sanitized",
        "client-request-id": "5574b483-0a02-4987-b85a-b828e627edd7",
        "Content-Length": "0",
        "Date": "Sun, 15 Oct 2023 21:19:25 GMT",
        "User-Agent": "azsdk-java-azure-compute-batch/1.0.0-beta.1 (11.0.20; Windows 11; 10.0)"
      },
      "RequestBody": null,
      "StatusCode": 200,
      "ResponseHeaders": {
        "Content-Type": "application/json; odata=minimalmetadata",
        "DataServiceVersion": "3.0",
        "Date": "Sun, 15 Oct 2023 21:19:27 GMT",
        "ETag": "0x8DBCDC410912533",
        "Last-Modified": "Sun, 15 Oct 2023 21:16:57 GMT",
        "request-id": "de63c20b-64de-4ddd-b473-7f49b773aa31",
        "Server": "Microsoft-HTTPAPI/2.0",
        "Strict-Transport-Security": "max-age=31536000; includeSubDomains",
        "Transfer-Encoding": "chunked",
        "X-Content-Type-Options": "nosniff"
      },
      "ResponseBody": {
        "odata.metadata": "https://sanjbatch.eastus.batch.azure.com/$metadata#pools/@Element",
        "id": "BatchUser-testIaaSpool",
        "url": "REDACTED",
        "eTag": "0x8DBCDC410912533",
        "lastModified": "2023-10-15T21:16:57.8288947Z",
        "creationTime": "2023-10-15T21:16:57.8288947Z",
        "state": "active",
        "stateTransitionTime": "2023-10-15T21:16:57.8288947Z",
        "allocationState": "steady",
        "allocationStateTransitionTime": "2023-10-15T21:19:04.3678957Z",
        "vmSize": "standard_d1_v2",
        "resizeTimeout": "PT15M",
        "currentDedicatedNodes": 1,
        "targetDedicatedNodes": 1,
        "currentLowPriorityNodes": 0,
        "targetLowPriorityNodes": 0,
        "enableAutoScale": false,
        "enableInterNodeCommunication": false,
        "userAccounts": [
          {
            "name": "test-user",
            "elevationLevel": "admin",
            "linuxUserConfiguration": {
              "uid": 5,
              "gid": 5
            }
          }
        ],
        "taskSlotsPerNode": 1,
        "taskSchedulingPolicy": {
          "nodeFillType": "Spread"
        },
        "virtualMachineConfiguration": {
          "imageReference": {
            "publisher": "Canonical",
            "offer": "UbuntuServer",
            "sku": "18.04-LTS",
            "version": "latest"
          },
          "nodeAgentSKUId": "batch.node.ubuntu 18.04"
        },
        "networkConfiguration": {
          "subnetId": "/subscriptions/42d72928-df33-4f31-9f04-581177fca7d6/resourceGroups/sanjrg/providers/Microsoft.Network/virtualNetworks/sanjvnet/subnets/default",
          "dynamicVNetAssignmentScope": "none",
          "enableAcceleratedNetworking": false
        },
        "currentNodeCommunicationMode": "classic"
      }
    },
    {
      "RequestUri": "https://REDACTED/jobs?api-version=2023-05-01.17.0",
      "RequestMethod": "POST",
      "RequestHeaders": {
        "Accept": "application/json",
        "Authorization": "Sanitized",
        "client-request-id": "8f3f2393-e9fe-4af3-8c0e-2fa77caa25b9",
        "Content-Length": "77",
        "Content-Type": "application/json; odata=minimalmetadata",
        "Date": "Sun, 15 Oct 2023 21:19:25 GMT",
        "User-Agent": "azsdk-java-azure-compute-batch/1.0.0-beta.1 (11.0.20; Windows 11; 10.0)"
      },
      "RequestBody": {
        "id": "BatchUser-canCRUDTest",
        "poolInfo": {
          "poolId": "BatchUser-testIaaSpool"
        }
      },
      "StatusCode": 201,
      "ResponseHeaders": {
        "DataServiceId": "https://sanjbatch.eastus.batch.azure.com/jobs/job-1",
        "DataServiceVersion": "3.0",
        "Date": "Sun, 15 Oct 2023 21:19:27 GMT",
        "ETag": "0x8DBCDC46A77FF63",
        "Last-Modified": "Sun, 15 Oct 2023 21:19:28 GMT",
        "Location": "https://sanjbatch.eastus.batch.azure.com/jobs/job-1",
        "request-id": "3cec780a-f4ee-4abd-81f1-dca0c686e1d3",
        "Server": "Microsoft-HTTPAPI/2.0",
        "Strict-Transport-Security": "max-age=31536000; includeSubDomains",
        "Transfer-Encoding": "chunked",
        "X-Content-Type-Options": "nosniff"
      },
      "ResponseBody": null
    },
    {
      "RequestUri": "https://REDACTED/jobs/BatchUser-canCRUDTest/tasks?api-version=2023-05-01.17.0",
      "RequestMethod": "POST",
      "RequestHeaders": {
        "Accept": "application/json",
        "Authorization": "Sanitized",
        "client-request-id": "3a4ab9ef-9adc-420d-90bd-4dcb42a13314",
        "Content-Length": "147",
        "Content-Type": "application/json; odata=minimalmetadata",
        "Date": "Sun, 15 Oct 2023 21:19:26 GMT",
        "User-Agent": "azsdk-java-azure-compute-batch/1.0.0-beta.1 (11.0.20; Windows 11; 10.0)"
      },
      "RequestBody": {
        "id": "mytask",
        "commandLine": "/bin/bash -c \u0027set -e; set -o pipefail; cat test.txt\u0027",
        "resourceFiles": [
          {
            "httpUrl": "REDACTED",
            "filePath": "test.txt"
          }
        ]
      },
      "StatusCode": 201,
      "ResponseHeaders": {
        "DataServiceId": "https://sanjbatch.eastus.batch.azure.com/jobs/BatchUser-canCRUDTest/tasks/mytask",
        "DataServiceVersion": "3.0",
        "Date": "Sun, 15 Oct 2023 21:19:28 GMT",
        "ETag": "0x8DBCDC46AB2497D",
        "Last-Modified": "Sun, 15 Oct 2023 21:19:29 GMT",
        "Location": "https://sanjbatch.eastus.batch.azure.com/jobs/BatchUser-canCRUDTest/tasks/mytask",
        "request-id": "32550f2e-3abe-4cd7-8bfe-4cd399b1404e",
        "Server": "Microsoft-HTTPAPI/2.0",
        "Strict-Transport-Security": "max-age=31536000; includeSubDomains",
        "Transfer-Encoding": "chunked",
        "X-Content-Type-Options": "nosniff"
      },
      "ResponseBody": null
    },
    {
      "RequestUri": "https://REDACTED/jobs/BatchUser-canCRUDTest/tasks/mytask?api-version=2023-05-01.17.0",
      "RequestMethod": "GET",
      "RequestHeaders": {
        "Accept": "application/json",
        "Authorization": "Sanitized",
        "client-request-id": "f24bc51f-edf6-425e-baac-e6641effa0a3",
        "Content-Length": "0",
        "Date": "Sun, 15 Oct 2023 21:19:26 GMT",
        "User-Agent": "azsdk-java-azure-compute-batch/1.0.0-beta.1 (11.0.20; Windows 11; 10.0)"
      },
      "RequestBody": null,
      "StatusCode": 200,
      "ResponseHeaders": {
        "Content-Type": "application/json; odata=minimalmetadata",
        "DataServiceVersion": "3.0",
        "Date": "Sun, 15 Oct 2023 21:19:28 GMT",
        "ETag": "0x8DBCDC46AB2497D",
        "Last-Modified": "Sun, 15 Oct 2023 21:19:29 GMT",
        "request-id": "5bbce2f1-76ad-4ce6-8097-a04ba0e40f69",
        "Server": "Microsoft-HTTPAPI/2.0",
        "Strict-Transport-Security": "max-age=31536000; includeSubDomains",
        "Transfer-Encoding": "chunked",
        "X-Content-Type-Options": "nosniff"
      },
      "ResponseBody": {
        "odata.metadata": "https://sanjbatch.eastus.batch.azure.com/$metadata#tasks/@Element",
        "id": "mytask",
        "url": "REDACTED",
        "eTag": "0x8DBCDC46AB2497D",
        "creationTime": "2023-10-15T21:19:29.0410365Z",
        "lastModified": "2023-10-15T21:19:29.0410365Z",
        "state": "active",
        "stateTransitionTime": "2023-10-15T21:19:29.0410365Z",
        "commandLine": "/bin/bash -c \u0027set -e; set -o pipefail; cat test.txt\u0027",
        "resourceFiles": [
          {
            "httpUrl": "REDACTED",
            "filePath": "test.txt"
          }
        ],
        "userIdentity": {
          "autoUser": {
            "scope": "pool",
            "elevationLevel": "nonadmin"
          }
        },
        "constraints": {
          "maxWallClockTime": "P10675199DT2H48M5.4775807S",
          "retentionTime": "P7D",
          "maxTaskRetryCount": 0
        },
        "requiredSlots": 1,
        "executionInfo": {
          "retryCount": 0,
          "requeueCount": 0
        }
      }
    },
    {
      "RequestUri": "https://REDACTED/jobs/BatchUser-canCRUDTest/tasks/mytask?api-version=2023-05-01.17.0",
      "RequestMethod": "PUT",
      "RequestHeaders": {
        "Accept": "application/json",
        "Authorization": "Sanitized",
        "client-request-id": "982038c9-d361-4d27-a0af-bee2da31baf5",
        "Content-Length": "39",
        "Content-Type": "application/json; odata=minimalmetadata",
        "Date": "Sun, 15 Oct 2023 21:19:26 GMT",
        "User-Agent": "azsdk-java-azure-compute-batch/1.0.0-beta.1 (11.0.20; Windows 11; 10.0)"
      },
      "RequestBody": {
        "constraints": {
          "maxTaskRetryCount": 5
        }
      },
      "StatusCode": 200,
      "ResponseHeaders": {
        "DataServiceId": "https://sanjbatch.eastus.batch.azure.com/jobs/BatchUser-canCRUDTest/tasks/mytask",
        "DataServiceVersion": "3.0",
        "Date": "Sun, 15 Oct 2023 21:19:28 GMT",
        "ETag": "0x8DBCDC46AD5B031",
        "Last-Modified": "Sun, 15 Oct 2023 21:19:29 GMT",
        "request-id": "8bef2edd-d757-42b1-840c-d35020792ebf",
        "Server": "Microsoft-HTTPAPI/2.0",
        "Strict-Transport-Security": "max-age=31536000; includeSubDomains",
        "Transfer-Encoding": "chunked",
        "X-Content-Type-Options": "nosniff"
      },
      "ResponseBody": null
    },
    {
      "RequestUri": "https://REDACTED/jobs/BatchUser-canCRUDTest/tasks/mytask?api-version=2023-05-01.17.0",
      "RequestMethod": "GET",
      "RequestHeaders": {
        "Accept": "application/json",
        "Authorization": "Sanitized",
        "client-request-id": "1855d83c-7142-418c-8681-ef681fffb026",
        "Content-Length": "0",
        "Date": "Sun, 15 Oct 2023 21:19:26 GMT",
        "User-Agent": "azsdk-java-azure-compute-batch/1.0.0-beta.1 (11.0.20; Windows 11; 10.0)"
      },
      "RequestBody": null,
      "StatusCode": 200,
      "ResponseHeaders": {
        "Content-Type": "application/json; odata=minimalmetadata",
        "DataServiceVersion": "3.0",
        "Date": "Sun, 15 Oct 2023 21:19:28 GMT",
        "ETag": "0x8DBCDC46AD5B031",
        "Last-Modified": "Sun, 15 Oct 2023 21:19:29 GMT",
        "request-id": "f29ce744-8190-4d35-8680-0f8a25f56774",
        "Server": "Microsoft-HTTPAPI/2.0",
        "Strict-Transport-Security": "max-age=31536000; includeSubDomains",
        "Transfer-Encoding": "chunked",
        "X-Content-Type-Options": "nosniff"
      },
      "ResponseBody": {
        "odata.metadata": "https://sanjbatch.eastus.batch.azure.com/$metadata#tasks/@Element",
        "id": "mytask",
        "url": "REDACTED",
        "eTag": "0x8DBCDC46AD5B031",
        "creationTime": "2023-10-15T21:19:29.0410365Z",
        "lastModified": "2023-10-15T21:19:29.2730417Z",
        "state": "active",
        "stateTransitionTime": "2023-10-15T21:19:29.0410365Z",
        "commandLine": "/bin/bash -c \u0027set -e; set -o pipefail; cat test.txt\u0027",
        "resourceFiles": [
          {
            "httpUrl": "REDACTED",
            "filePath": "test.txt"
          }
        ],
        "userIdentity": {
          "autoUser": {
            "scope": "pool",
            "elevationLevel": "nonadmin"
          }
        },
        "constraints": {
          "maxWallClockTime": "P10675199DT2H48M5.4775807S",
          "retentionTime": "P7D",
          "maxTaskRetryCount": 5
        },
        "requiredSlots": 1,
        "executionInfo": {
          "retryCount": 0,
          "requeueCount": 0
        }
      }
    },
    {
      "RequestUri": "https://REDACTED/jobs/BatchUser-canCRUDTest/tasks?api-version=2023-05-01.17.0",
      "RequestMethod": "GET",
      "RequestHeaders": {
        "Accept": "application/json",
        "Authorization": "Sanitized",
        "client-request-id": "5b5e4373-c2e9-4ea5-850e-a39a56dd618f",
        "Content-Length": "0",
        "Date": "Sun, 15 Oct 2023 21:19:26 GMT",
        "User-Agent": "azsdk-java-azure-compute-batch/1.0.0-beta.1 (11.0.20; Windows 11; 10.0)"
      },
      "RequestBody": null,
      "StatusCode": 200,
      "ResponseHeaders": {
        "Content-Type": "application/json; odata=minimalmetadata",
        "DataServiceVersion": "3.0",
        "Date": "Sun, 15 Oct 2023 21:19:28 GMT",
        "request-id": "c6b5ee52-a899-44db-854c-8c7e0d309ca7",
        "Server": "Microsoft-HTTPAPI/2.0",
        "Strict-Transport-Security": "max-age=31536000; includeSubDomains",
        "Transfer-Encoding": "chunked",
        "X-Content-Type-Options": "nosniff"
      },
      "ResponseBody": {
        "odata.metadata": "https://sanjbatch.eastus.batch.azure.com/$metadata#tasks",
        "value": [
          {
            "id": "mytask",
            "url": "REDACTED",
            "eTag": "0x8DBCDC46AD5B031",
            "creationTime": "2023-10-15T21:19:29.0410365Z",
            "lastModified": "2023-10-15T21:19:29.2730417Z",
            "state": "active",
            "stateTransitionTime": "2023-10-15T21:19:29.0410365Z",
            "commandLine": "/bin/bash -c \u0027set -e; set -o pipefail; cat test.txt\u0027",
            "resourceFiles": [
              {
                "httpUrl": "REDACTED",
                "filePath": "test.txt"
              }
            ],
            "userIdentity": {
              "autoUser": {
                "scope": "pool",
                "elevationLevel": "nonadmin"
              }
            },
            "constraints": {
              "maxWallClockTime": "P10675199DT2H48M5.4775807S",
              "retentionTime": "P7D",
              "maxTaskRetryCount": 5
            },
            "requiredSlots": 1,
            "executionInfo": {
              "retryCount": 0,
              "requeueCount": 0
            }
          }
        ]
      }
    },
    {
      "RequestUri": "https://REDACTED/jobs/BatchUser-canCRUDTest/tasks?api-version=2023-05-01.17.0\u0026%24select=id%2Cstate",
      "RequestMethod": "GET",
      "RequestHeaders": {
        "Accept": "application/json",
        "Authorization": "Sanitized",
        "client-request-id": "081d173c-fb5b-43f7-bfd3-0df9c200d808",
        "Content-Length": "0",
        "Date": "Sun, 15 Oct 2023 21:19:26 GMT",
        "User-Agent": "azsdk-java-azure-compute-batch/1.0.0-beta.1 (11.0.20; Windows 11; 10.0)"
      },
      "RequestBody": null,
      "StatusCode": 200,
      "ResponseHeaders": {
        "Content-Type": "application/json; odata=minimalmetadata",
        "DataServiceVersion": "3.0",
        "Date": "Sun, 15 Oct 2023 21:19:28 GMT",
        "request-id": "a02fe1f0-da58-4b8c-8a65-a8abc08a8c0c",
        "Server": "Microsoft-HTTPAPI/2.0",
        "Strict-Transport-Security": "max-age=31536000; includeSubDomains",
        "Transfer-Encoding": "chunked",
        "X-Content-Type-Options": "nosniff"
      },
      "ResponseBody": {
        "odata.metadata": "https://sanjbatch.eastus.batch.azure.com/$metadata#tasks",
        "value": [
          {
            "id": "mytask",
            "state": "active"
          }
        ]
      }
    },
    {
      "RequestUri": "https://REDACTED/jobs/BatchUser-canCRUDTest/tasks?api-version=2023-05-01.17.0\u0026%24select=id%2Cstate",
      "RequestMethod": "GET",
      "RequestHeaders": {
        "Accept": "application/json",
        "Authorization": "Sanitized",
        "client-request-id": "abcb879f-38ee-48bb-9f90-5c7de00484c1",
        "Content-Length": "0",
        "Date": "Sun, 15 Oct 2023 21:19:36 GMT",
        "User-Agent": "azsdk-java-azure-compute-batch/1.0.0-beta.1 (11.0.20; Windows 11; 10.0)"
      },
      "RequestBody": null,
      "StatusCode": 200,
      "ResponseHeaders": {
        "Content-Type": "application/json; odata=minimalmetadata",
        "DataServiceVersion": "3.0",
        "Date": "Sun, 15 Oct 2023 21:19:39 GMT",
        "request-id": "2edb8061-5ab1-486d-bb20-a75b892b8314",
        "Server": "Microsoft-HTTPAPI/2.0",
        "Strict-Transport-Security": "max-age=31536000; includeSubDomains",
        "Transfer-Encoding": "chunked",
        "X-Content-Type-Options": "nosniff"
      },
      "ResponseBody": {
        "odata.metadata": "https://sanjbatch.eastus.batch.azure.com/$metadata#tasks",
        "value": [
          {
            "id": "mytask",
            "state": "completed"
          }
        ]
      }
    },
    {
      "RequestUri": "https://REDACTED/jobs/BatchUser-canCRUDTest/tasks/mytask?api-version=2023-05-01.17.0",
      "RequestMethod": "GET",
      "RequestHeaders": {
        "Accept": "application/json",
        "Authorization": "Sanitized",
        "client-request-id": "5ed20014-479a-4a09-ba82-5dd48690cb4e",
        "Content-Length": "0",
        "Date": "Sun, 15 Oct 2023 21:19:36 GMT",
        "User-Agent": "azsdk-java-azure-compute-batch/1.0.0-beta.1 (11.0.20; Windows 11; 10.0)"
      },
      "RequestBody": null,
      "StatusCode": 200,
      "ResponseHeaders": {
        "Content-Type": "application/json; odata=minimalmetadata",
        "DataServiceVersion": "3.0",
        "Date": "Sun, 15 Oct 2023 21:19:39 GMT",
        "ETag": "0x8DBCDC46AD5B031",
        "Last-Modified": "Sun, 15 Oct 2023 21:19:29 GMT",
        "request-id": "4e556176-8be1-4e41-8a9a-2308a20e51d5",
        "Server": "Microsoft-HTTPAPI/2.0",
        "Strict-Transport-Security": "max-age=31536000; includeSubDomains",
        "Transfer-Encoding": "chunked",
        "X-Content-Type-Options": "nosniff"
      },
      "ResponseBody": {
        "odata.metadata": "https://sanjbatch.eastus.batch.azure.com/$metadata#tasks/@Element",
        "id": "mytask",
        "url": "REDACTED",
        "eTag": "0x8DBCDC46AD5B031",
        "creationTime": "2023-10-15T21:19:29.0410365Z",
        "lastModified": "2023-10-15T21:19:29.2730417Z",
        "state": "completed",
        "stateTransitionTime": "2023-10-15T21:19:30.555907Z",
        "previousState": "running",
        "previousStateTransitionTime": "2023-10-15T21:19:30.365405Z",
        "commandLine": "/bin/bash -c \u0027set -e; set -o pipefail; cat test.txt\u0027",
        "resourceFiles": [
          {
            "httpUrl": "REDACTED",
            "filePath": "test.txt"
          }
        ],
        "userIdentity": {
          "autoUser": {
            "scope": "pool",
            "elevationLevel": "nonadmin"
          }
        },
        "constraints": {
          "maxWallClockTime": "P10675199DT2H48M5.4775807S",
          "retentionTime": "P7D",
          "maxTaskRetryCount": 5
        },
        "requiredSlots": 1,
        "executionInfo": {
          "startTime": "2023-10-15T21:19:30.448148Z",
          "endTime": "2023-10-15T21:19:30.555907Z",
          "exitCode": 0,
          "result": "success",
          "retryCount": 0,
          "requeueCount": 0
        },
        "nodeInfo": {
          "affinityId": "TVM:tvmps_8c73126b91cd3fcea58ed5b3d8098a6e1d1a9468dd55f5cc2f6f362313bbb0ec_d",
          "nodeUrl": "https://sanjbatch.eastus.batch.azure.com/pools/BatchUser-testIaaSpool/nodes/tvmps_8c73126b91cd3fcea58ed5b3d8098a6e1d1a9468dd55f5cc2f6f362313bbb0ec_d",
          "poolId": "BatchUser-testIaaSpool",
          "nodeId": "tvmps_8c73126b91cd3fcea58ed5b3d8098a6e1d1a9468dd55f5cc2f6f362313bbb0ec_d",
          "taskRootDirectory": "workitems/BatchUser-canCRUDTest/job-1/mytask",
          "taskRootDirectoryUrl": "https://sanjbatch.eastus.batch.azure.com/pools/BatchUser-testIaaSpool/nodes/tvmps_8c73126b91cd3fcea58ed5b3d8098a6e1d1a9468dd55f5cc2f6f362313bbb0ec_d/files/workitems/BatchUser-canCRUDTest/job-1/mytask"
        }
      }
    },
    {
      "RequestUri": "https://REDACTED/jobs/BatchUser-canCRUDTest/tasks/mytask/files/stdout.txt?api-version=2023-05-01.17.0",
      "RequestMethod": "GET",
      "RequestHeaders": {
        "Accept": "application/json, application/octet-stream",
        "Authorization": "Sanitized",
        "client-request-id": "9f02ffed-e5bc-4c67-8a79-47db27ad4431",
        "Content-Length": "0",
        "Date": "Sun, 15 Oct 2023 21:19:37 GMT",
        "User-Agent": "azsdk-java-azure-compute-batch/1.0.0-beta.1 (11.0.20; Windows 11; 10.0)"
      },
      "RequestBody": null,
      "StatusCode": 200,
      "ResponseHeaders": {
        "Content-Type": "text/plain",
        "DataServiceVersion": "3.0",
        "Date": "Sun, 15 Oct 2023 21:19:39 GMT",
        "Last-Modified": "Sun, 15 Oct 2023 21:19:30 GMT",
        "ocp-batch-file-isdirectory": "False",
        "ocp-batch-file-mode": "0o100644",
        "ocp-batch-file-url": "https%3A%2F%2Fsanjbatch.eastus.batch.azure.com%2Fjobs%2FBatchUser-canCRUDTest%2Ftasks%2Fmytask%2Ffiles%2Fstdout.txt",
        "request-id": "c43c9499-1f54-4b56-b50f-65e89afe6bce",
        "Server": "Microsoft-HTTPAPI/2.0",
        "Strict-Transport-Security": "max-age=31536000; includeSubDomains",
        "Transfer-Encoding": "chunked",
        "X-Content-Type-Options": "nosniff"
      },
      "ResponseBody": "This is an example"
    },
    {
      "RequestUri": "https://REDACTED/pools/BatchUser-testIaaSpool/nodes/tvmps_8c73126b91cd3fcea58ed5b3d8098a6e1d1a9468dd55f5cc2f6f362313bbb0ec_d/uploadbatchservicelogs?api-version=2023-05-01.17.0",
      "RequestMethod": "POST",
      "RequestHeaders": {
        "Accept": "application/json",
        "Authorization": "Sanitized",
        "client-request-id": "a6a21553-75c8-4b67-9a94-ad85fa203cda",
        "Content-Length": "72",
        "Content-Type": "application/json; odata=minimalmetadata",
        "Date": "Sun, 15 Oct 2023 21:19:37 GMT",
        "User-Agent": "azsdk-java-azure-compute-batch/1.0.0-beta.1 (11.0.20; Windows 11; 10.0)"
      },
      "RequestBody": {
        "containerUrl": "REDACTED",
        "startTime": "2023-10-15T21:29:37.819320900Z"
      },
      "StatusCode": 200,
      "ResponseHeaders": {
        "Content-Type": "application/json; odata=minimalmetadata",
        "DataServiceVersion": "3.0",
        "Date": "Sun, 15 Oct 2023 21:19:40 GMT",
        "request-id": "7719af3c-3a92-4955-93c3-071e2de18970",
        "Server": "Microsoft-HTTPAPI/2.0",
        "Strict-Transport-Security": "max-age=31536000; includeSubDomains",
        "Transfer-Encoding": "chunked",
        "X-Content-Type-Options": "nosniff"
      },
      "ResponseBody": {
        "odata.metadata": "https://sanjbatch.eastus.batch.azure.com/$metadata#Microsoft.Azure.Batch.Protocol.Entities.UploadBatchServiceLogsResult",
        "virtualDirectoryName": "sanjbatch-22EE64F1CA69AA4B/batchuser-testiaaspool/tvmps_8c73126b91cd3fcea58ed5b3d8098a6e1d1a9468dd55f5cc2f6f362313bbb0ec_d/7719af3c-3a92-4955-93c3-071e2de18970",
        "numberOfFilesUploaded": 1
      }
    },
    {
      "RequestUri": "https://REDACTED/jobs/BatchUser-canCRUDTest/tasks/mytask?api-version=2023-05-01.17.0",
      "RequestMethod": "DELETE",
      "RequestHeaders": {
        "Accept": "application/json",
        "Authorization": "Sanitized",
        "client-request-id": "ba0939e9-078d-47cd-9842-5856fb1917ca",
        "Content-Length": "0",
        "Date": "Sun, 15 Oct 2023 21:19:37 GMT",
        "User-Agent": "azsdk-java-azure-compute-batch/1.0.0-beta.1 (11.0.20; Windows 11; 10.0)"
      },
      "RequestBody": null,
      "StatusCode": 200,
      "ResponseHeaders": {
        "DataServiceVersion": "3.0",
        "Date": "Sun, 15 Oct 2023 21:19:40 GMT",
        "request-id": "7e14bec9-8596-430b-89ab-46ec99c00b57",
        "Server": "Microsoft-HTTPAPI/2.0",
        "Strict-Transport-Security": "max-age=31536000; includeSubDomains",
        "Transfer-Encoding": "chunked",
        "X-Content-Type-Options": "nosniff"
      },
      "ResponseBody": null
    },
    {
      "RequestUri": "https://REDACTED/jobs/BatchUser-canCRUDTest/tasks/mytask?api-version=2023-05-01.17.0",
      "RequestMethod": "GET",
      "RequestHeaders": {
        "Accept": "application/json",
        "Authorization": "Sanitized",
        "client-request-id": "1d8f2831-b99d-4d49-85b2-498e8960e069",
        "Content-Length": "0",
        "Date": "Sun, 15 Oct 2023 21:19:38 GMT",
        "User-Agent": "azsdk-java-azure-compute-batch/1.0.0-beta.1 (11.0.20; Windows 11; 10.0)"
      },
      "RequestBody": null,
      "StatusCode": 404,
      "ResponseHeaders": {
        "Content-Length": "330",
        "Content-Type": "application/json; odata=minimalmetadata",
        "DataServiceVersion": "3.0",
        "Date": "Sun, 15 Oct 2023 21:19:40 GMT",
        "request-id": "06a41a80-272b-4b3f-bf8a-ebc084faf16d",
        "Server": "Microsoft-HTTPAPI/2.0",
        "Strict-Transport-Security": "max-age=31536000; includeSubDomains",
        "X-Content-Type-Options": "nosniff"
      },
      "ResponseBody": {
        "odata.metadata": "https://sanjbatch.eastus.batch.azure.com/$metadata#Microsoft.Azure.Batch.Protocol.Entities.Container.errors/@Element",
        "code": "TaskNotFound",
        "message": {
          "lang": "en-US",
          "value": "The specified task does not exist.\nRequestId:06a41a80-272b-4b3f-bf8a-ebc084faf16d\nTime:2023-10-15T21:19:41.0488356Z"
        }
      }
    },
    {
      "RequestUri": "https://REDACTED/jobs/BatchUser-canCRUDTest?api-version=2023-05-01.17.0",
      "RequestMethod": "DELETE",
      "RequestHeaders": {
        "Accept": "application/json",
        "Authorization": "Sanitized",
        "client-request-id": "f12d3ceb-ed7a-4bcf-a148-5721152cab3e",
        "Content-Length": "0",
        "Date": "Sun, 15 Oct 2023 21:19:38 GMT",
        "User-Agent": "azsdk-java-azure-compute-batch/1.0.0-beta.1 (11.0.20; Windows 11; 10.0)"
      },
      "RequestBody": null,
      "StatusCode": 202,
      "ResponseHeaders": {
        "DataServiceVersion": "3.0",
        "Date": "Sun, 15 Oct 2023 21:19:40 GMT",
        "request-id": "285f0023-18b8-44fa-9eb2-8a9863980538",
        "Server": "Microsoft-HTTPAPI/2.0",
        "Strict-Transport-Security": "max-age=31536000; includeSubDomains",
        "Transfer-Encoding": "chunked",
        "X-Content-Type-Options": "nosniff"
      },
      "ResponseBody": null
    },
    {
      "RequestUri": "https://REDACTED/pools/BatchUser-testIaaSpool?api-version=2023-05-01.17.0",
      "RequestMethod": "DELETE",
      "RequestHeaders": {
        "Accept": "application/json",
        "Authorization": "Sanitized",
        "client-request-id": "a367a4ce-df7b-4dd4-8b3f-645b1e72469e",
        "Content-Length": "0",
        "Date": "Sun, 15 Oct 2023 21:19:38 GMT",
        "User-Agent": "azsdk-java-azure-compute-batch/1.0.0-beta.1 (11.0.20; Windows 11; 10.0)"
      },
      "RequestBody": null,
      "StatusCode": 202,
      "ResponseHeaders": {
        "DataServiceVersion": "3.0",
        "Date": "Sun, 15 Oct 2023 21:19:41 GMT",
        "request-id": "725bbb22-51b8-4bda-b4d4-be1a8ce686c3",
        "Server": "Microsoft-HTTPAPI/2.0",
        "Strict-Transport-Security": "max-age=31536000; includeSubDomains",
        "Transfer-Encoding": "chunked",
        "X-Content-Type-Options": "nosniff"
      },
      "ResponseBody": null
    }
  ],
  "Variables": {}
}
