{
  "Entries": [
    {
      "RequestUri": "https://REDACTED/pools/BatchUser-testpool?api-version=2024-02-01.19.0",
      "RequestMethod": "HEAD",
      "RequestHeaders": {
        "Accept": "application/json",
        "Authorization": "Sanitized",
        "client-request-id": "a7b5790f-1317-46c8-82fc-d98a0fd9217d",
        "Content-Length": "0",
        "Date": "Mon, 11 Mar 2024 01:48:30 GMT",
        "User-Agent": "azsdk-java-azure-compute-batch/1.0.0-beta.1 (17.0.9; Windows 11; 10.0)"
      },
      "RequestBody": null,
      "StatusCode": 200,
      "ResponseHeaders": {
        "DataServiceVersion": "3.0",
        "Date": "Mon, 11 Mar 2024 01:48:34 GMT",
        "ETag": "0x8DBC52C54B88553",
        "Last-Modified": "Wed, 04 Oct 2023 22:50:39 GMT",
        "request-id": "0a3a7114-ebb8-4092-816e-64e864f965fa",
        "Server": "Microsoft-HTTPAPI/2.0",
        "Strict-Transport-Security": "max-age=31536000; includeSubDomains",
        "Transfer-Encoding": "chunked",
        "X-Content-Type-Options": "nosniff"
      },
      "ResponseBody": null
    },
    {
      "RequestUri": "https://REDACTED/pools/BatchUser-testpool?api-version=2024-02-01.19.0",
      "RequestMethod": "GET",
      "RequestHeaders": {
        "Accept": "application/json",
        "Authorization": "Sanitized",
        "client-request-id": "04c4aa96-c4ff-4a87-b55d-80745609b425",
        "Content-Length": "0",
        "Date": "Mon, 11 Mar 2024 01:48:32 GMT",
        "User-Agent": "azsdk-java-azure-compute-batch/1.0.0-beta.1 (17.0.9; Windows 11; 10.0)"
      },
      "RequestBody": null,
      "StatusCode": 200,
      "ResponseHeaders": {
        "Content-Type": "application/json; odata=minimalmetadata",
        "DataServiceVersion": "3.0",
        "Date": "Mon, 11 Mar 2024 01:48:34 GMT",
        "ETag": "0x8DBC52C54B88553",
        "Last-Modified": "Wed, 04 Oct 2023 22:50:39 GMT",
        "request-id": "b09b59e6-d446-42e5-aab2-0605a05eee8a",
        "Server": "Microsoft-HTTPAPI/2.0",
        "Strict-Transport-Security": "max-age=31536000; includeSubDomains",
        "Transfer-Encoding": "chunked",
        "X-Content-Type-Options": "nosniff"
      },
      "ResponseBody": {
        "odata.metadata": "https://sanjbatch.eastus.batch.azure.com/$metadata#pools/@Element",
        "id": "BatchUser-testpool",
        "url": "REDACTED",
        "eTag": "0x8DBC52C54B88553",
        "lastModified": "2023-10-04T22:50:39.3668947Z",
        "creationTime": "2023-10-04T22:50:39.3668947Z",
        "state": "active",
        "stateTransitionTime": "2023-10-04T22:50:39.3668947Z",
        "allocationState": "steady",
        "allocationStateTransitionTime": "2023-10-04T22:53:03.9460184Z",
        "vmSize": "standard_d1_v2",
        "resizeTimeout": "PT15M",
        "currentDedicatedNodes": 1,
        "targetDedicatedNodes": 1,
        "currentLowPriorityNodes": 0,
        "targetLowPriorityNodes": 0,
        "enableAutoScale": false,
        "enableInterNodeCommunication": false,
        "userAccounts": [
          {
            "name": "test-user",
            "elevationLevel": "admin",
            "linuxUserConfiguration": {
              "uid": 5,
              "gid": 5
            }
          }
        ],
        "taskSlotsPerNode": 1,
        "taskSchedulingPolicy": {
          "nodeFillType": "Spread"
        },
        "virtualMachineConfiguration": {
          "imageReference": {
            "publisher": "Canonical",
            "offer": "UbuntuServer",
            "sku": "18.04-LTS",
            "version": "latest"
          },
          "nodeAgentSKUId": "batch.node.ubuntu 18.04"
        },
        "networkConfiguration": {
          "subnetId": "/subscriptions/42d72928-df33-4f31-9f04-581177fca7d6/resourceGroups/sanjrg/providers/Microsoft.Network/virtualNetworks/sanjvnet/subnets/default",
          "dynamicVNetAssignmentScope": "none",
          "enableAcceleratedNetworking": false
        },
        "currentNodeCommunicationMode": "classic"
      }
    },
    {
      "RequestUri": "https://REDACTED/pools/BatchUser-testIaaSpool?api-version=2024-02-01.19.0",
      "RequestMethod": "HEAD",
      "RequestHeaders": {
        "Accept": "application/json",
        "Authorization": "Sanitized",
        "client-request-id": "e2f59292-3921-40a1-9ae8-70ad81a6ef57",
        "Content-Length": "0",
        "Date": "Mon, 11 Mar 2024 01:48:32 GMT",
        "User-Agent": "azsdk-java-azure-compute-batch/1.0.0-beta.1 (17.0.9; Windows 11; 10.0)"
      },
      "RequestBody": null,
      "StatusCode": 404,
      "ResponseHeaders": {
        "DataServiceVersion": "3.0",
        "Date": "Mon, 11 Mar 2024 01:48:34 GMT",
        "request-id": "6953b162-4c1c-49d2-8c55-e46573664dc8",
        "Server": "Microsoft-HTTPAPI/2.0",
        "Strict-Transport-Security": "max-age=31536000; includeSubDomains",
        "Transfer-Encoding": "chunked",
        "X-Content-Type-Options": "nosniff"
      },
      "ResponseBody": null
    },
    {
      "RequestUri": "https://REDACTED/pools?api-version=2024-02-01.19.0",
      "RequestMethod": "POST",
      "RequestHeaders": {
        "Accept": "application/json",
        "Authorization": "Sanitized",
        "client-request-id": "1c0d4cfd-08f0-4fdf-9ed6-2e80010a7052",
        "Content-Length": "569",
        "Content-Type": "application/json; odata=minimalmetadata",
        "Date": "Mon, 11 Mar 2024 01:48:34 GMT",
        "User-Agent": "azsdk-java-azure-compute-batch/1.0.0-beta.1 (17.0.9; Windows 11; 10.0)"
      },
      "RequestBody": {
        "id": "BatchUser-testIaaSpool",
        "vmSize": "STANDARD_D1_V2",
        "virtualMachineConfiguration": {
          "imageReference": {
            "publisher": "Canonical",
            "offer": "UbuntuServer",
            "sku": "18.04-LTS",
            "version": "latest"
          },
          "nodeAgentSKUId": "batch.node.ubuntu 18.04"
        },
        "targetDedicatedNodes": 1,
        "networkConfiguration": {
          "subnetId": "/subscriptions/42d72928-df33-4f31-9f04-581177fca7d6/resourceGroups/sanjrg/providers/Microsoft.Network/virtualNetworks/sanjvnet/subnets/default"
        },
        "userAccounts": [
          {
            "name": "test-user",
            "password": "REDACTED",
            "elevationLevel": "admin",
            "linuxUserConfiguration": {
              "uid": 5,
              "gid": 5
            }
          }
        ]
      },
      "StatusCode": 409,
      "ResponseHeaders": {
        "Content-Length": "328",
        "Content-Type": "application/json; odata=minimalmetadata",
        "DataServiceVersion": "3.0",
        "Date": "Mon, 11 Mar 2024 01:48:37 GMT",
        "request-id": "31bd2253-fda7-4848-8b5f-c971c04d1f85",
        "Server": "Microsoft-HTTPAPI/2.0",
        "Strict-Transport-Security": "max-age=31536000; includeSubDomains",
        "X-Content-Type-Options": "nosniff"
      },
      "ResponseBody": {
        "odata.metadata": "https://sanjbatch.eastus.batch.azure.com/$metadata#Microsoft.Azure.Batch.Protocol.Entities.Container.errors/@Element",
        "code": "PoolExists",
        "message": {
          "lang": "en-US",
          "value": "The specified pool already exists.\nRequestId:31bd2253-fda7-4848-8b5f-c971c04d1f85\nTime:2024-03-11T01:48:37.5214854Z"
        }
      }
    },
    {
      "RequestUri": "https://REDACTED/jobs?api-version=2024-02-01.19.0",
      "RequestMethod": "POST",
      "RequestHeaders": {
        "Accept": "application/json",
        "Authorization": "Sanitized",
        "client-request-id": "d316ebca-6369-41cf-b4cc-b6524ecc6e9e",
        "Content-Length": "71",
        "Content-Type": "application/json; odata=minimalmetadata",
        "Date": "Mon, 11 Mar 2024 01:48:34 GMT",
        "User-Agent": "azsdk-java-azure-compute-batch/1.0.0-beta.1 (17.0.9; Windows 11; 10.0)"
      },
      "RequestBody": {
        "id": "BatchUser-SampleJob",
        "poolInfo": {
          "poolId": "BatchUser-testpool"
        }
      },
      "StatusCode": 201,
      "ResponseHeaders": {
        "DataServiceId": "https://sanjbatch.eastus.batch.azure.com/jobs/job-1",
        "DataServiceVersion": "3.0",
        "Date": "Mon, 11 Mar 2024 01:48:36 GMT",
        "ETag": "0x8DC416D5EBDC69D",
        "Last-Modified": "Mon, 11 Mar 2024 01:48:37 GMT",
        "Location": "https://sanjbatch.eastus.batch.azure.com/jobs/job-1",
        "request-id": "5e3845ba-522e-4ca5-90ca-724804e586dd",
        "Server": "Microsoft-HTTPAPI/2.0",
        "Strict-Transport-Security": "max-age=31536000; includeSubDomains",
        "Transfer-Encoding": "chunked",
        "X-Content-Type-Options": "nosniff"
      },
      "ResponseBody": null
    },
    {
      "RequestUri": "https://REDACTED/jobs/BatchUser-SampleJob/tasks?api-version=2024-02-01.19.0",
      "RequestMethod": "POST",
      "RequestHeaders": {
        "Accept": "application/json",
        "Authorization": "Sanitized",
        "client-request-id": "73b0be41-438d-4491-ac2a-a6ea647239fb",
        "Content-Length": "53",
        "Content-Type": "application/json; odata=minimalmetadata",
        "Date": "Mon, 11 Mar 2024 01:48:35 GMT",
        "User-Agent": "azsdk-java-azure-compute-batch/1.0.0-beta.1 (17.0.9; Windows 11; 10.0)"
      },
      "RequestBody": {
        "id": "task-canPut",
        "commandLine": "echo hello world"
      },
      "StatusCode": 201,
      "ResponseHeaders": {
        "DataServiceId": "https://sanjbatch.eastus.batch.azure.com/jobs/BatchUser-SampleJob/tasks/task-canPut",
        "DataServiceVersion": "3.0",
        "Date": "Mon, 11 Mar 2024 01:48:37 GMT",
        "ETag": "0x8DC416D5ECD882F",
        "Last-Modified": "Mon, 11 Mar 2024 01:48:37 GMT",
        "Location": "https://sanjbatch.eastus.batch.azure.com/jobs/BatchUser-SampleJob/tasks/task-canPut",
        "request-id": "21c38dfa-b1ac-4592-ac07-029aafa3d18a",
        "Server": "Microsoft-HTTPAPI/2.0",
        "Strict-Transport-Security": "max-age=31536000; includeSubDomains",
        "Transfer-Encoding": "chunked",
        "X-Content-Type-Options": "nosniff"
      },
      "ResponseBody": null
    },
    {
      "RequestUri": "https://REDACTED/jobs/BatchUser-SampleJob/tasks/task-canPut?api-version=2024-02-01.19.0",
      "RequestMethod": "GET",
      "RequestHeaders": {
        "Accept": "application/json",
        "Authorization": "Sanitized",
        "client-request-id": "ee91d672-b60d-43de-9314-42c37cb461e5",
        "Content-Length": "0",
        "Date": "Mon, 11 Mar 2024 01:48:35 GMT",
        "User-Agent": "azsdk-java-azure-compute-batch/1.0.0-beta.1 (17.0.9; Windows 11; 10.0)"
      },
      "RequestBody": null,
      "StatusCode": 200,
      "ResponseHeaders": {
        "Content-Type": "application/json; odata=minimalmetadata",
        "DataServiceVersion": "3.0",
        "Date": "Mon, 11 Mar 2024 01:48:37 GMT",
        "ETag": "0x8DC416D5ECD882F",
        "Last-Modified": "Mon, 11 Mar 2024 01:48:37 GMT",
        "request-id": "00943199-5539-45cd-93a2-44c2804ce58d",
        "Server": "Microsoft-HTTPAPI/2.0",
        "Strict-Transport-Security": "max-age=31536000; includeSubDomains",
        "Transfer-Encoding": "chunked",
        "X-Content-Type-Options": "nosniff"
      },
      "ResponseBody": {
        "odata.metadata": "https://sanjbatch.eastus.batch.azure.com/$metadata#tasks/@Element",
        "id": "task-canPut",
        "url": "REDACTED",
        "eTag": "0x8DC416D5ECD882F",
        "creationTime": "2024-03-11T01:48:37.7536559Z",
        "lastModified": "2024-03-11T01:48:37.7536559Z",
        "state": "active",
        "stateTransitionTime": "2024-03-11T01:48:37.7536559Z",
        "commandLine": "echo hello world",
        "userIdentity": {
          "autoUser": {
            "scope": "pool",
            "elevationLevel": "nonadmin"
          }
        },
        "constraints": {
          "maxWallClockTime": "P10675199DT2H48M5.4775807S",
          "retentionTime": "P7D",
          "maxTaskRetryCount": 0
        },
        "requiredSlots": 1,
        "executionInfo": {
          "retryCount": 0,
          "requeueCount": 0
        }
      }
    },
    {
      "RequestUri": "https://REDACTED/jobs/BatchUser-SampleJob/tasks/task-canPut?api-version=2024-02-01.19.0",
      "RequestMethod": "PUT",
      "RequestHeaders": {
        "Accept": "application/json",
        "Authorization": "Sanitized",
        "client-request-id": "5e833327-b826-41c5-b104-6f29af3b657c",
        "Content-Length": "61",
        "Content-Type": "application/json; odata=minimalmetadata",
        "Date": "Mon, 11 Mar 2024 01:48:35 GMT",
        "User-Agent": "azsdk-java-azure-compute-batch/1.0.0-beta.1 (17.0.9; Windows 11; 10.0)"
      },
      "RequestBody": {
        "constraints": {
          "retentionTime": "P5D",
          "maxTaskRetryCount": 5
        }
      },
      "StatusCode": 200,
      "ResponseHeaders": {
        "DataServiceId": "https://sanjbatch.eastus.batch.azure.com/jobs/BatchUser-SampleJob/tasks/task-canPut",
        "DataServiceVersion": "3.0",
        "Date": "Mon, 11 Mar 2024 01:48:37 GMT",
        "ETag": "0x8DC416D5EF6A5F5",
        "Last-Modified": "Mon, 11 Mar 2024 01:48:38 GMT",
        "request-id": "f6db5f2e-c381-4c84-b690-b029aa689849",
        "Server": "Microsoft-HTTPAPI/2.0",
        "Strict-Transport-Security": "max-age=31536000; includeSubDomains",
        "Transfer-Encoding": "chunked",
        "X-Content-Type-Options": "nosniff"
      },
      "ResponseBody": null
    },
    {
      "RequestUri": "https://REDACTED/jobs/BatchUser-SampleJob/tasks/task-canPut?api-version=2024-02-01.19.0",
      "RequestMethod": "GET",
      "RequestHeaders": {
        "Accept": "application/json",
        "Authorization": "Sanitized",
        "client-request-id": "60b8580e-9c03-4098-87fa-b5720cb2bfdd",
        "Content-Length": "0",
        "Date": "Mon, 11 Mar 2024 01:48:35 GMT",
        "User-Agent": "azsdk-java-azure-compute-batch/1.0.0-beta.1 (17.0.9; Windows 11; 10.0)"
      },
      "RequestBody": null,
      "StatusCode": 200,
      "ResponseHeaders": {
        "Content-Type": "application/json; odata=minimalmetadata",
        "DataServiceVersion": "3.0",
        "Date": "Mon, 11 Mar 2024 01:48:37 GMT",
        "ETag": "0x8DC416D5EF6A5F5",
        "Last-Modified": "Mon, 11 Mar 2024 01:48:38 GMT",
        "request-id": "bfa787e1-8b4a-436e-aa47-1733466a1d21",
        "Server": "Microsoft-HTTPAPI/2.0",
        "Strict-Transport-Security": "max-age=31536000; includeSubDomains",
        "Transfer-Encoding": "chunked",
        "X-Content-Type-Options": "nosniff"
      },
      "ResponseBody": {
        "odata.metadata": "https://sanjbatch.eastus.batch.azure.com/$metadata#tasks/@Element",
        "id": "task-canPut",
        "url": "REDACTED",
        "eTag": "0x8DC416D5EF6A5F5",
        "creationTime": "2024-03-11T01:48:37.7536559Z",
        "lastModified": "2024-03-11T01:48:38.0231157Z",
        "state": "active",
        "stateTransitionTime": "2024-03-11T01:48:37.7536559Z",
        "commandLine": "echo hello world",
        "userIdentity": {
          "autoUser": {
            "scope": "pool",
            "elevationLevel": "nonadmin"
          }
        },
        "constraints": {
          "maxWallClockTime": "P10675199DT2H48M5.4775807S",
          "retentionTime": "P5D",
          "maxTaskRetryCount": 5
        },
        "requiredSlots": 1,
        "executionInfo": {
          "retryCount": 0,
          "requeueCount": 0
        }
      }
    },
    {
      "RequestUri": "https://REDACTED/jobs/BatchUser-SampleJob/tasks/task-canPut?api-version=2024-02-01.19.0",
      "RequestMethod": "DELETE",
      "RequestHeaders": {
        "Accept": "application/json",
        "Authorization": "Sanitized",
        "client-request-id": "81dbdde7-c4a9-4ab8-8f72-7e7c2d12c1f4",
        "Content-Length": "0",
        "Date": "Mon, 11 Mar 2024 01:48:35 GMT",
        "User-Agent": "azsdk-java-azure-compute-batch/1.0.0-beta.1 (17.0.9; Windows 11; 10.0)"
      },
      "RequestBody": null,
      "StatusCode": 200,
      "ResponseHeaders": {
        "DataServiceVersion": "3.0",
        "Date": "Mon, 11 Mar 2024 01:48:37 GMT",
        "request-id": "3807c9e9-4dd3-4a20-abfb-770399560bf8",
        "Server": "Microsoft-HTTPAPI/2.0",
        "Strict-Transport-Security": "max-age=31536000; includeSubDomains",
        "Transfer-Encoding": "chunked",
        "X-Content-Type-Options": "nosniff"
      },
      "ResponseBody": null
    },
    {
      "RequestUri": "https://REDACTED/jobs/BatchUser-SampleJob?api-version=2024-02-01.19.0",
      "RequestMethod": "DELETE",
      "RequestHeaders": {
        "Accept": "application/json",
        "Authorization": "Sanitized",
        "client-request-id": "eeb13bd3-146f-41ae-b7ed-ce895e64423d",
        "Content-Length": "0",
        "Date": "Mon, 11 Mar 2024 01:48:35 GMT",
        "User-Agent": "azsdk-java-azure-compute-batch/1.0.0-beta.1 (17.0.9; Windows 11; 10.0)"
      },
      "RequestBody": null,
      "StatusCode": 429,
      "ResponseHeaders": {
        "Content-Length": "372",
        "Content-Type": "application/json; odata=minimalmetadata",
        "DataServiceVersion": "3.0",
        "Date": "Mon, 11 Mar 2024 01:48:37 GMT",
        "request-id": "bd4eb893-3f45-4527-bb46-1cdd7c91c23d",
        "Retry-After": "30",
        "Server": "Microsoft-HTTPAPI/2.0",
        "Strict-Transport-Security": "max-age=31536000; includeSubDomains",
        "X-Content-Type-Options": "nosniff"
      },
      "ResponseBody": {
        "odata.metadata": "https://sanjbatch.eastus.batch.azure.com/$metadata#Microsoft.Azure.Batch.Protocol.Entities.Container.errors/@Element",
        "code": "TooManyRequests",
        "message": {
          "lang": "en-US",
          "value": "Request failed as server encountered too many requests. Please try again.\nRequestId:bd4eb893-3f45-4527-bb46-1cdd7c91c23d\nTime:2024-03-11T01:48:38.3510905Z"
        }
      }
    },
    {
      "RequestUri": "https://REDACTED/jobs/BatchUser-SampleJob?api-version=2024-02-01.19.0",
      "RequestMethod": "DELETE",
      "RequestHeaders": {
        "Accept": "application/json",
        "Authorization": "Sanitized",
        "client-request-id": "eeb13bd3-146f-41ae-b7ed-ce895e64423d",
        "Content-Length": "0",
        "Date": "Mon, 11 Mar 2024 01:48:36 GMT",
        "User-Agent": "azsdk-java-azure-compute-batch/1.0.0-beta.1 (17.0.9; Windows 11; 10.0)"
      },
      "RequestBody": null,
      "StatusCode": 429,
      "ResponseHeaders": {
        "Content-Length": "372",
        "Content-Type": "application/json; odata=minimalmetadata",
        "DataServiceVersion": "3.0",
        "Date": "Mon, 11 Mar 2024 01:48:38 GMT",
        "request-id": "75d5c111-7161-4a39-a544-c7de33d21635",
        "Retry-After": "30",
        "Server": "Microsoft-HTTPAPI/2.0",
        "Strict-Transport-Security": "max-age=31536000; includeSubDomains",
        "X-Content-Type-Options": "nosniff"
      },
      "ResponseBody": {
        "odata.metadata": "https://sanjbatch.eastus.batch.azure.com/$metadata#Microsoft.Azure.Batch.Protocol.Entities.Container.errors/@Element",
        "code": "TooManyRequests",
        "message": {
          "lang": "en-US",
          "value": "Request failed as server encountered too many requests. Please try again.\nRequestId:75d5c111-7161-4a39-a544-c7de33d21635\nTime:2024-03-11T01:48:39.3385188Z"
        }
      }
    },
    {
      "RequestUri": "https://REDACTED/jobs/BatchUser-SampleJob?api-version=2024-02-01.19.0",
      "RequestMethod": "DELETE",
      "RequestHeaders": {
        "Accept": "application/json",
        "Authorization": "Sanitized",
        "client-request-id": "eeb13bd3-146f-41ae-b7ed-ce895e64423d",
        "Content-Length": "0",
        "Date": "Mon, 11 Mar 2024 01:48:38 GMT",
        "User-Agent": "azsdk-java-azure-compute-batch/1.0.0-beta.1 (17.0.9; Windows 11; 10.0)"
      },
      "RequestBody": null,
      "StatusCode": 202,
      "ResponseHeaders": {
        "DataServiceVersion": "3.0",
        "Date": "Mon, 11 Mar 2024 01:48:40 GMT",
        "request-id": "5b37c01e-0653-42a9-8c97-4e08a1d6c66f",
        "Server": "Microsoft-HTTPAPI/2.0",
        "Strict-Transport-Security": "max-age=31536000; includeSubDomains",
        "Transfer-Encoding": "chunked",
        "X-Content-Type-Options": "nosniff"
      },
      "ResponseBody": null
    }
  ],
  "Variables": {}
}
