{
  "Entries": [
    {
      "RequestUri": "https://REDACTED/pools/BatchUser-testpool?api-version=2022-10-01.16.0",
      "RequestMethod": "HEAD",
      "RequestHeaders": {
        "Accept": "application/json",
        "Authorization": "Sanitized",
        "Content-Length": "0",
        "Date": "Wed, 19 Jul 2023 17:09:26 GMT",
        "User-Agent": "azsdk-java-azure-compute-batch/1.0.0-beta.1 (11.0.19; Windows 11; 10.0)",
        "x-ms-client-request-id": "c3c3fa86-4b1e-4178-b706-ed08655d4e80"
      },
      "RequestBody": null,
      "StatusCode": 200,
      "ResponseHeaders": {
        "DataServiceVersion": "3.0",
        "Date": "Wed, 19 Jul 2023 17:09:26 GMT",
        "ETag": "0x8DB8818F745B375",
        "Last-Modified": "Wed, 19 Jul 2023 05:28:21 GMT",
        "request-id": "d4dc18f6-0907-422e-a32c-fc991e119f20",
        "Server": "Microsoft-HTTPAPI/2.0",
        "Strict-Transport-Security": "max-age=31536000; includeSubDomains",
        "Transfer-Encoding": "chunked",
        "X-Content-Type-Options": "nosniff"
      },
      "ResponseBody": null
    },
    {
      "RequestUri": "https://REDACTED/pools/BatchUser-testpool?api-version=2022-10-01.16.0",
      "RequestMethod": "GET",
      "RequestHeaders": {
        "Accept": "application/json",
        "Authorization": "Sanitized",
        "Content-Length": "0",
        "Date": "Wed, 19 Jul 2023 17:09:27 GMT",
        "User-Agent": "azsdk-java-azure-compute-batch/1.0.0-beta.1 (11.0.19; Windows 11; 10.0)",
        "x-ms-client-request-id": "4b9cf38d-2a40-4e2a-9da8-333909767ab0"
      },
      "RequestBody": null,
      "StatusCode": 200,
      "ResponseHeaders": {
        "Content-Type": "application/json; odata=minimalmetadata",
        "DataServiceVersion": "3.0",
        "Date": "Wed, 19 Jul 2023 17:09:26 GMT",
        "ETag": "0x8DB8818F745B375",
        "Last-Modified": "Wed, 19 Jul 2023 05:28:21 GMT",
        "request-id": "bc23e049-67a7-42b0-bfab-e6a0bbc33f37",
        "Server": "Microsoft-HTTPAPI/2.0",
        "Strict-Transport-Security": "max-age=31536000; includeSubDomains",
        "Transfer-Encoding": "chunked",
        "X-Content-Type-Options": "nosniff"
      },
      "ResponseBody": {
        "odata.metadata": "https://sdktest.westus.batch.azure.com/$metadata#pools/@Element",
        "id": "BatchUser-testpool",
        "url": "REDACTED",
        "eTag": "0x8DB8818F745B375",
        "lastModified": "2023-07-19T05:28:21.2190069Z",
        "creationTime": "2023-07-19T05:28:21.2190069Z",
        "state": "active",
        "stateTransitionTime": "2023-07-19T05:28:21.2190069Z",
        "allocationState": "steady",
        "allocationStateTransitionTime": "2023-07-19T05:29:18.6896944Z",
        "vmSize": "standard_d1_v2",
        "resizeTimeout": "PT15M",
        "currentDedicatedNodes": 1,
        "targetDedicatedNodes": 1,
        "currentLowPriorityNodes": 0,
        "targetLowPriorityNodes": 0,
        "enableAutoScale": false,
        "enableInterNodeCommunication": false,
        "userAccounts": [
          {
            "name": "test-user",
            "elevationLevel": "admin",
            "linuxUserConfiguration": {
              "uid": 5,
              "gid": 5
            }
          }
        ],
        "taskSlotsPerNode": 1,
        "taskSchedulingPolicy": {
          "nodeFillType": "Spread"
        },
        "virtualMachineConfiguration": {
          "imageReference": {
            "publisher": "Canonical",
            "offer": "UbuntuServer",
            "sku": "18.04-LTS",
            "version": "latest"
          },
          "nodeAgentSKUId": "batch.node.ubuntu 18.04"
        },
        "networkConfiguration": {
          "subnetId": "/subscriptions/65634139-3762-476b-946d-e221f4cdc2bf/resourceGroups/nikoudsiSDKTest/providers/Microsoft.Network/virtualNetworks/myVnet/subnets/MySubnet",
          "dynamicVNetAssignmentScope": "none"
        },
        "currentNodeCommunicationMode": "classic"
      }
    },
    {
      "RequestUri": "https://REDACTED/pools/BatchUser-testIaaSpool?api-version=2022-10-01.16.0",
      "RequestMethod": "HEAD",
      "RequestHeaders": {
        "Accept": "application/json",
        "Authorization": "Sanitized",
        "Content-Length": "0",
        "Date": "Wed, 19 Jul 2023 17:09:28 GMT",
        "User-Agent": "azsdk-java-azure-compute-batch/1.0.0-beta.1 (11.0.19; Windows 11; 10.0)",
        "x-ms-client-request-id": "35a07328-a60b-449f-8070-6827a100d5a9"
      },
      "RequestBody": null,
      "StatusCode": 404,
      "ResponseHeaders": {
        "DataServiceVersion": "3.0",
        "Date": "Wed, 19 Jul 2023 17:09:27 GMT",
        "request-id": "f56b71cd-8a93-48de-82f9-a05951cf3316",
        "Server": "Microsoft-HTTPAPI/2.0",
        "Strict-Transport-Security": "max-age=31536000; includeSubDomains",
        "Transfer-Encoding": "chunked",
        "X-Content-Type-Options": "nosniff"
      },
      "ResponseBody": null
    },
    {
      "RequestUri": "https://REDACTED/pools?api-version=2022-10-01.16.0",
      "RequestMethod": "POST",
      "RequestHeaders": {
        "Accept": "application/json",
        "Authorization": "Sanitized",
        "Content-Length": "577",
        "Content-Type": "application/json; odata=minimalmetadata",
        "Date": "Wed, 19 Jul 2023 17:09:29 GMT",
        "User-Agent": "azsdk-java-azure-compute-batch/1.0.0-beta.1 (11.0.19; Windows 11; 10.0)",
        "x-ms-client-request-id": "ce3dc0ab-daf6-497e-90d3-0980ff4f8c9f"
      },
      "RequestBody": {
        "id": "BatchUser-testIaaSpool",
        "vmSize": "STANDARD_D1_V2",
        "virtualMachineConfiguration": {
          "imageReference": {
            "publisher": "Canonical",
            "offer": "UbuntuServer",
            "sku": "18.04-LTS",
            "version": "latest"
          },
          "nodeAgentSKUId": "batch.node.ubuntu 18.04"
        },
        "targetDedicatedNodes": 1,
        "networkConfiguration": {
          "subnetId": "/subscriptions/65634139-3762-476b-946d-e221f4cdc2bf/resourceGroups/nikoudsiSDKTest/providers/Microsoft.Network/virtualNetworks/myVnet/subnets/MySubnet"
        },
        "userAccounts": [
          {
            "name": "test-user",
            "password": "REDACTED",
            "elevationLevel": "admin",
            "linuxUserConfiguration": {
              "uid": 5,
              "gid": 5
            }
          }
        ]
      },
      "StatusCode": 409,
      "ResponseHeaders": {
        "Content-Length": "326",
        "Content-Type": "application/json; odata=minimalmetadata",
        "DataServiceVersion": "3.0",
        "Date": "Wed, 19 Jul 2023 17:09:29 GMT",
        "request-id": "446b3969-5132-4f10-9d93-c037ad1ebad5",
        "Server": "Microsoft-HTTPAPI/2.0",
        "Strict-Transport-Security": "max-age=31536000; includeSubDomains",
        "X-Content-Type-Options": "nosniff"
      },
      "ResponseBody": {
        "odata.metadata": "https://sdktest.westus.batch.azure.com/$metadata#Microsoft.Azure.Batch.Protocol.Entities.Container.errors/@Element",
        "code": "PoolExists",
        "message": {
          "lang": "en-US",
          "value": "The specified pool already exists.\nRequestId:446b3969-5132-4f10-9d93-c037ad1ebad5\nTime:2023-07-19T17:09:30.2188133Z"
        }
      }
    },
    {
      "RequestUri": "https://REDACTED/jobs?api-version=2022-10-01.16.0",
      "RequestMethod": "POST",
      "RequestHeaders": {
        "Accept": "application/json",
        "Authorization": "Sanitized",
        "Content-Length": "73",
        "Content-Type": "application/json; odata=minimalmetadata",
        "Date": "Wed, 19 Jul 2023 17:09:30 GMT",
        "User-Agent": "azsdk-java-azure-compute-batch/1.0.0-beta.1 (11.0.19; Windows 11; 10.0)",
        "x-ms-client-request-id": "99d22b38-6bf7-4a0c-bfac-705120720f6a"
      },
      "RequestBody": {
        "id": "BatchUser-testJobUser",
        "poolInfo": {
          "poolId": "BatchUser-testpool"
        }
      },
      "StatusCode": 201,
      "ResponseHeaders": {
        "DataServiceId": "https://sdktest.westus.batch.azure.com/jobs/job-1",
        "DataServiceVersion": "3.0",
        "Date": "Wed, 19 Jul 2023 17:09:29 GMT",
        "ETag": "0x8DB887AEA7087C6",
        "Last-Modified": "Wed, 19 Jul 2023 17:09:30 GMT",
        "Location": "https://sdktest.westus.batch.azure.com/jobs/job-1",
        "request-id": "c732d040-339c-43de-8baa-f82563d32131",
        "Server": "Microsoft-HTTPAPI/2.0",
        "Strict-Transport-Security": "max-age=31536000; includeSubDomains",
        "Transfer-Encoding": "chunked",
        "X-Content-Type-Options": "nosniff"
      },
      "ResponseBody": null
    },
    {
      "RequestUri": "https://REDACTED/jobs/BatchUser-testJobUser/tasks?api-version=2022-10-01.16.0",
      "RequestMethod": "POST",
      "RequestHeaders": {
        "Accept": "application/json",
        "Authorization": "Sanitized",
        "Content-Length": "153",
        "Content-Type": "application/json; odata=minimalmetadata",
        "Date": "Wed, 19 Jul 2023 17:09:30 GMT",
        "User-Agent": "azsdk-java-azure-compute-batch/1.0.0-beta.1 (11.0.19; Windows 11; 10.0)",
        "x-ms-client-request-id": "3d712e19-dc8f-4b57-a140-5fbc12b09081"
      },
      "RequestBody": {
        "id": "mytask",
        "commandLine": "cmd /c echo hello\u0022",
        "userIdentity": {
          "username": "test-user"
        },
        "applicationPackageReferences": [
          {
            "applicationId": "REDACTED"
          }
        ]
      },
      "StatusCode": 201,
      "ResponseHeaders": {
        "DataServiceId": "https://sdktest.westus.batch.azure.com/jobs/BatchUser-testJobUser/tasks/mytask",
        "DataServiceVersion": "3.0",
        "Date": "Wed, 19 Jul 2023 17:09:29 GMT",
        "ETag": "0x8DB887AEA7EEC91",
        "Last-Modified": "Wed, 19 Jul 2023 17:09:30 GMT",
        "Location": "https://sdktest.westus.batch.azure.com/jobs/BatchUser-testJobUser/tasks/mytask",
        "request-id": "b0bb2723-08f3-457c-9300-52fc13a1fd33",
        "Server": "Microsoft-HTTPAPI/2.0",
        "Strict-Transport-Security": "max-age=31536000; includeSubDomains",
        "Transfer-Encoding": "chunked",
        "X-Content-Type-Options": "nosniff"
      },
      "ResponseBody": null
    },
    {
      "RequestUri": "https://REDACTED/jobs/BatchUser-testJobUser/tasks/mytask?api-version=2022-10-01.16.0",
      "RequestMethod": "GET",
      "RequestHeaders": {
        "Accept": "application/json",
        "Authorization": "Sanitized",
        "Content-Length": "0",
        "Date": "Wed, 19 Jul 2023 17:09:30 GMT",
        "User-Agent": "azsdk-java-azure-compute-batch/1.0.0-beta.1 (11.0.19; Windows 11; 10.0)",
        "x-ms-client-request-id": "d3fe761f-33dd-4a88-8713-9c2d173d8ed3"
      },
      "RequestBody": null,
      "StatusCode": 200,
      "ResponseHeaders": {
        "Content-Type": "application/json; odata=minimalmetadata",
        "DataServiceVersion": "3.0",
        "Date": "Wed, 19 Jul 2023 17:09:29 GMT",
        "ETag": "0x8DB887AEA7EEC91",
        "Last-Modified": "Wed, 19 Jul 2023 17:09:30 GMT",
        "request-id": "02bb18d5-1538-4efd-99ff-4ec513ad2c8b",
        "Server": "Microsoft-HTTPAPI/2.0",
        "Strict-Transport-Security": "max-age=31536000; includeSubDomains",
        "Transfer-Encoding": "chunked",
        "X-Content-Type-Options": "nosniff"
      },
      "ResponseBody": {
        "odata.metadata": "https://sdktest.westus.batch.azure.com/$metadata#tasks/@Element",
        "id": "mytask",
        "url": "REDACTED",
        "eTag": "0x8DB887AEA7EEC91",
        "creationTime": "2023-07-19T17:09:30.4631441Z",
        "lastModified": "2023-07-19T17:09:30.4631441Z",
        "state": "active",
        "stateTransitionTime": "2023-07-19T17:09:30.4631441Z",
        "commandLine": "cmd /c echo hello\u0022",
        "applicationPackageReferences": [
          {
            "applicationId": "REDACTED"
          }
        ],
        "userIdentity": {
          "username": "test-user"
        },
        "constraints": {
          "maxWallClockTime": "P10675199DT2H48M5.4775807S",
          "retentionTime": "P7D",
          "maxTaskRetryCount": 0
        },
        "requiredSlots": 1,
        "executionInfo": {
          "retryCount": 0,
          "requeueCount": 0
        }
      }
    },
    {
      "RequestUri": "https://REDACTED/jobs/BatchUser-testJobUser?api-version=2022-10-01.16.0",
      "RequestMethod": "DELETE",
      "RequestHeaders": {
        "Accept": "application/json",
        "Authorization": "Sanitized",
        "Content-Length": "0",
        "Date": "Wed, 19 Jul 2023 17:09:30 GMT",
        "User-Agent": "azsdk-java-azure-compute-batch/1.0.0-beta.1 (11.0.19; Windows 11; 10.0)",
        "x-ms-client-request-id": "20706009-3b31-42e1-afe3-31103a674b11"
      },
      "RequestBody": null,
      "StatusCode": 202,
      "ResponseHeaders": {
        "DataServiceVersion": "3.0",
        "Date": "Wed, 19 Jul 2023 17:09:29 GMT",
        "request-id": "62f909f2-fe9b-4847-9f33-4125b4b4c6a8",
        "Server": "Microsoft-HTTPAPI/2.0",
        "Strict-Transport-Security": "max-age=31536000; includeSubDomains",
        "Transfer-Encoding": "chunked",
        "X-Content-Type-Options": "nosniff"
      },
      "ResponseBody": null
    }
  ],
  "Variables": {}
}
