{
  "Entries": [
    {
      "RequestUri": "https://REDACTED/pools/BatchUser-testpool?api-version=2024-02-01.19.0",
      "RequestMethod": "HEAD",
      "RequestHeaders": {
        "Accept": "application/json",
        "Authorization": "Sanitized",
        "client-request-id": "a0a92732-16fd-4fb2-9906-568fe87bf4a9",
        "Content-Length": "0",
        "Date": "Wed, 27 Mar 2024 00:46:37 GMT",
        "User-Agent": "azsdk-java-azure-compute-batch/1.0.0-beta.1 (17.0.9; Windows 11; 10.0)"
      },
      "RequestBody": null,
      "StatusCode": 200,
      "ResponseHeaders": {
        "DataServiceVersion": "3.0",
        "Date": "Wed, 27 Mar 2024 00:46:38 GMT",
        "ETag": "0x8DBC52C54B88553",
        "Last-Modified": "Wed, 04 Oct 2023 22:50:39 GMT",
        "request-id": "b5b9974c-b523-4d86-9ee0-1cc3e9728b25",
        "Server": "Microsoft-HTTPAPI/2.0",
        "Strict-Transport-Security": "max-age=31536000; includeSubDomains",
        "Transfer-Encoding": "chunked",
        "X-Content-Type-Options": "nosniff"
      },
      "ResponseBody": null
    },
    {
      "RequestUri": "https://REDACTED/pools/BatchUser-testpool?api-version=2024-02-01.19.0",
      "RequestMethod": "GET",
      "RequestHeaders": {
        "Accept": "application/json",
        "Authorization": "Sanitized",
        "client-request-id": "777470c0-f7a2-4e52-898b-3674898d2e7e",
        "Content-Length": "0",
        "Date": "Wed, 27 Mar 2024 00:46:38 GMT",
        "User-Agent": "azsdk-java-azure-compute-batch/1.0.0-beta.1 (17.0.9; Windows 11; 10.0)"
      },
      "RequestBody": null,
      "StatusCode": 200,
      "ResponseHeaders": {
        "Content-Type": "application/json; odata=minimalmetadata",
        "DataServiceVersion": "3.0",
        "Date": "Wed, 27 Mar 2024 00:46:38 GMT",
        "ETag": "0x8DBC52C54B88553",
        "Last-Modified": "Wed, 04 Oct 2023 22:50:39 GMT",
        "request-id": "3c0dd05f-390e-45fb-9d09-b3c305b5f2f5",
        "Server": "Microsoft-HTTPAPI/2.0",
        "Strict-Transport-Security": "max-age=31536000; includeSubDomains",
        "Transfer-Encoding": "chunked",
        "X-Content-Type-Options": "nosniff"
      },
      "ResponseBody": {
        "odata.metadata": "https://sanjbatch.eastus.batch.azure.com/$metadata#pools/@Element",
        "id": "BatchUser-testpool",
        "url": "REDACTED",
        "eTag": "0x8DBC52C54B88553",
        "lastModified": "2023-10-04T22:50:39.3668947Z",
        "creationTime": "2023-10-04T22:50:39.3668947Z",
        "state": "active",
        "stateTransitionTime": "2023-10-04T22:50:39.3668947Z",
        "allocationState": "steady",
        "allocationStateTransitionTime": "2023-10-04T22:53:03.9460184Z",
        "vmSize": "standard_d1_v2",
        "resizeTimeout": "PT15M",
        "currentDedicatedNodes": 1,
        "targetDedicatedNodes": 1,
        "currentLowPriorityNodes": 0,
        "targetLowPriorityNodes": 0,
        "enableAutoScale": false,
        "enableInterNodeCommunication": false,
        "userAccounts": [
          {
            "name": "test-user",
            "elevationLevel": "admin",
            "linuxUserConfiguration": {
              "uid": 5,
              "gid": 5
            }
          }
        ],
        "taskSlotsPerNode": 1,
        "taskSchedulingPolicy": {
          "nodeFillType": "Spread"
        },
        "virtualMachineConfiguration": {
          "imageReference": {
            "publisher": "Canonical",
            "offer": "UbuntuServer",
            "sku": "18.04-LTS",
            "version": "latest"
          },
          "nodeAgentSKUId": "batch.node.ubuntu 18.04"
        },
        "networkConfiguration": {
          "subnetId": "/subscriptions/42d72928-df33-4f31-9f04-581177fca7d6/resourceGroups/sanjrg/providers/Microsoft.Network/virtualNetworks/sanjvnet/subnets/default",
          "dynamicVNetAssignmentScope": "none",
          "enableAcceleratedNetworking": false
        },
        "currentNodeCommunicationMode": "classic"
      }
    },
    {
      "RequestUri": "https://REDACTED/pools/BatchUser-testIaaSpool?api-version=2024-02-01.19.0",
      "RequestMethod": "HEAD",
      "RequestHeaders": {
        "Accept": "application/json",
        "Authorization": "Sanitized",
        "client-request-id": "787db557-2fc4-41a7-9f69-b3413f2b35cf",
        "Content-Length": "0",
        "Date": "Wed, 27 Mar 2024 00:46:39 GMT",
        "User-Agent": "azsdk-java-azure-compute-batch/1.0.0-beta.1 (17.0.9; Windows 11; 10.0)"
      },
      "RequestBody": null,
      "StatusCode": 404,
      "ResponseHeaders": {
        "DataServiceVersion": "3.0",
        "Date": "Wed, 27 Mar 2024 00:46:39 GMT",
        "request-id": "d26b234e-6e85-443b-bfc0-cfe954d9976a",
        "Server": "Microsoft-HTTPAPI/2.0",
        "Strict-Transport-Security": "max-age=31536000; includeSubDomains",
        "Transfer-Encoding": "chunked",
        "X-Content-Type-Options": "nosniff"
      },
      "ResponseBody": null
    },
    {
      "RequestUri": "https://REDACTED/pools?api-version=2024-02-01.19.0",
      "RequestMethod": "POST",
      "RequestHeaders": {
        "Accept": "application/json",
        "Authorization": "Sanitized",
        "client-request-id": "0159f8b3-ec53-4bdd-8947-1895cdb2f76d",
        "Content-Length": "569",
        "Content-Type": "application/json; odata=minimalmetadata",
        "Date": "Wed, 27 Mar 2024 00:46:41 GMT",
        "User-Agent": "azsdk-java-azure-compute-batch/1.0.0-beta.1 (17.0.9; Windows 11; 10.0)"
      },
      "RequestBody": {
        "id": "BatchUser-testIaaSpool",
        "vmSize": "STANDARD_D1_V2",
        "virtualMachineConfiguration": {
          "imageReference": {
            "publisher": "Canonical",
            "offer": "UbuntuServer",
            "sku": "18.04-LTS",
            "version": "latest"
          },
          "nodeAgentSKUId": "batch.node.ubuntu 18.04"
        },
        "targetDedicatedNodes": 1,
        "networkConfiguration": {
          "subnetId": "/subscriptions/42d72928-df33-4f31-9f04-581177fca7d6/resourceGroups/sanjrg/providers/Microsoft.Network/virtualNetworks/sanjvnet/subnets/default"
        },
        "userAccounts": [
          {
            "name": "test-user",
            "password": "REDACTED",
            "elevationLevel": "admin",
            "linuxUserConfiguration": {
              "uid": 5,
              "gid": 5
            }
          }
        ]
      },
      "StatusCode": 409,
      "ResponseHeaders": {
        "Content-Length": "328",
        "Content-Type": "application/json; odata=minimalmetadata",
        "DataServiceVersion": "3.0",
        "Date": "Wed, 27 Mar 2024 00:46:41 GMT",
        "request-id": "cb3bc501-9350-4358-9cba-3a3a076fc1f9",
        "Server": "Microsoft-HTTPAPI/2.0",
        "Strict-Transport-Security": "max-age=31536000; includeSubDomains",
        "X-Content-Type-Options": "nosniff"
      },
      "ResponseBody": {
        "odata.metadata": "https://sanjbatch.eastus.batch.azure.com/$metadata#Microsoft.Azure.Batch.Protocol.Entities.Container.errors/@Element",
        "code": "PoolExists",
        "message": {
          "lang": "en-US",
          "value": "The specified pool already exists.\nRequestId:cb3bc501-9350-4358-9cba-3a3a076fc1f9\nTime:2024-03-27T00:46:42.5415036Z"
        }
      }
    },
    {
      "RequestUri": "https://REDACTED/jobs?api-version=2024-02-01.19.0",
      "RequestMethod": "POST",
      "RequestHeaders": {
        "Accept": "application/json",
        "Authorization": "Sanitized",
        "client-request-id": "94ee52b6-a2d9-44e8-9879-38e7a5ea1bdf",
        "Content-Length": "71",
        "Content-Type": "application/json; odata=minimalmetadata",
        "Date": "Wed, 27 Mar 2024 00:46:41 GMT",
        "User-Agent": "azsdk-java-azure-compute-batch/1.0.0-beta.1 (17.0.9; Windows 11; 10.0)"
      },
      "RequestBody": {
        "id": "BatchUser-SampleJob",
        "poolInfo": {
          "poolId": "BatchUser-testpool"
        }
      },
      "StatusCode": 429,
      "ResponseHeaders": {
        "Content-Length": "372",
        "Content-Type": "application/json; odata=minimalmetadata",
        "DataServiceVersion": "3.0",
        "Date": "Wed, 27 Mar 2024 00:46:42 GMT",
        "request-id": "22a1617f-0fb9-412b-9034-7e3b862f4692",
        "Retry-After": "30",
        "Server": "Microsoft-HTTPAPI/2.0",
        "Strict-Transport-Security": "max-age=31536000; includeSubDomains",
        "X-Content-Type-Options": "nosniff"
      },
      "ResponseBody": {
        "odata.metadata": "https://sanjbatch.eastus.batch.azure.com/$metadata#Microsoft.Azure.Batch.Protocol.Entities.Container.errors/@Element",
        "code": "TooManyRequests",
        "message": {
          "lang": "en-US",
          "value": "Request failed as server encountered too many requests. Please try again.\nRequestId:22a1617f-0fb9-412b-9034-7e3b862f4692\nTime:2024-03-27T00:46:42.6569481Z"
        }
      }
    },
    {
      "RequestUri": "https://REDACTED/jobs?api-version=2024-02-01.19.0",
      "RequestMethod": "POST",
      "RequestHeaders": {
        "Accept": "application/json",
        "Authorization": "Sanitized",
        "client-request-id": "94ee52b6-a2d9-44e8-9879-38e7a5ea1bdf",
        "Content-Length": "71",
        "Content-Type": "application/json; odata=minimalmetadata",
        "Date": "Wed, 27 Mar 2024 00:46:42 GMT",
        "User-Agent": "azsdk-java-azure-compute-batch/1.0.0-beta.1 (17.0.9; Windows 11; 10.0)"
      },
      "RequestBody": {
        "id": "BatchUser-SampleJob",
        "poolInfo": {
          "poolId": "BatchUser-testpool"
        }
      },
      "StatusCode": 429,
      "ResponseHeaders": {
        "Content-Length": "372",
        "Content-Type": "application/json; odata=minimalmetadata",
        "DataServiceVersion": "3.0",
        "Date": "Wed, 27 Mar 2024 00:46:42 GMT",
        "request-id": "8085199a-585c-4a65-8afd-37ba06fd5088",
        "Retry-After": "30",
        "Server": "Microsoft-HTTPAPI/2.0",
        "Strict-Transport-Security": "max-age=31536000; includeSubDomains",
        "X-Content-Type-Options": "nosniff"
      },
      "ResponseBody": {
        "odata.metadata": "https://sanjbatch.eastus.batch.azure.com/$metadata#Microsoft.Azure.Batch.Protocol.Entities.Container.errors/@Element",
        "code": "TooManyRequests",
        "message": {
          "lang": "en-US",
          "value": "Request failed as server encountered too many requests. Please try again.\nRequestId:8085199a-585c-4a65-8afd-37ba06fd5088\nTime:2024-03-27T00:46:43.5960557Z"
        }
      }
    },
    {
      "RequestUri": "https://REDACTED/jobs?api-version=2024-02-01.19.0",
      "RequestMethod": "POST",
      "RequestHeaders": {
        "Accept": "application/json",
        "Authorization": "Sanitized",
        "client-request-id": "94ee52b6-a2d9-44e8-9879-38e7a5ea1bdf",
        "Content-Length": "71",
        "Content-Type": "application/json; odata=minimalmetadata",
        "Date": "Wed, 27 Mar 2024 00:46:44 GMT",
        "User-Agent": "azsdk-java-azure-compute-batch/1.0.0-beta.1 (17.0.9; Windows 11; 10.0)"
      },
      "RequestBody": {
        "id": "BatchUser-SampleJob",
        "poolInfo": {
          "poolId": "BatchUser-testpool"
        }
      },
      "StatusCode": 201,
      "ResponseHeaders": {
        "DataServiceId": "https://sanjbatch.eastus.batch.azure.com/jobs/job-1",
        "DataServiceVersion": "3.0",
        "Date": "Wed, 27 Mar 2024 00:46:45 GMT",
        "ETag": "0x8DC4DF7609ADC6D",
        "Last-Modified": "Wed, 27 Mar 2024 00:46:45 GMT",
        "Location": "https://sanjbatch.eastus.batch.azure.com/jobs/job-1",
        "request-id": "17839fcd-d5fa-4517-8085-7c10439e4320",
        "Server": "Microsoft-HTTPAPI/2.0",
        "Strict-Transport-Security": "max-age=31536000; includeSubDomains",
        "Transfer-Encoding": "chunked",
        "X-Content-Type-Options": "nosniff"
      },
      "ResponseBody": null
    },
    {
      "RequestUri": "https://REDACTED/jobs/BatchUser-SampleJob/tasks?api-version=2024-02-01.19.0",
      "RequestMethod": "POST",
      "RequestHeaders": {
        "Accept": "application/json",
        "Authorization": "Sanitized",
        "client-request-id": "f9283e3c-79a3-4884-bc28-686e5ea52d8e",
        "Content-Length": "53",
        "Content-Type": "application/json; odata=minimalmetadata",
        "Date": "Wed, 27 Mar 2024 00:46:44 GMT",
        "User-Agent": "azsdk-java-azure-compute-batch/1.0.0-beta.1 (17.0.9; Windows 11; 10.0)"
      },
      "RequestBody": {
        "id": "task-canPut",
        "commandLine": "echo hello world"
      },
      "StatusCode": 201,
      "ResponseHeaders": {
        "DataServiceId": "https://sanjbatch.eastus.batch.azure.com/jobs/BatchUser-SampleJob/tasks/task-canPut",
        "DataServiceVersion": "3.0",
        "Date": "Wed, 27 Mar 2024 00:46:45 GMT",
        "ETag": "0x8DC4DF760AA5310",
        "Last-Modified": "Wed, 27 Mar 2024 00:46:45 GMT",
        "Location": "https://sanjbatch.eastus.batch.azure.com/jobs/BatchUser-SampleJob/tasks/task-canPut",
        "request-id": "30d7d594-6133-4cf9-b46d-ba761939eaf5",
        "Server": "Microsoft-HTTPAPI/2.0",
        "Strict-Transport-Security": "max-age=31536000; includeSubDomains",
        "Transfer-Encoding": "chunked",
        "X-Content-Type-Options": "nosniff"
      },
      "ResponseBody": null
    },
    {
      "RequestUri": "https://REDACTED/jobs/BatchUser-SampleJob/tasks/task-canPut?api-version=2024-02-01.19.0",
      "RequestMethod": "GET",
      "RequestHeaders": {
        "Accept": "application/json",
        "Authorization": "Sanitized",
        "client-request-id": "75bb9b29-cda0-4f85-bc05-51ee05a0c216",
        "Content-Length": "0",
        "Date": "Wed, 27 Mar 2024 00:46:44 GMT",
        "User-Agent": "azsdk-java-azure-compute-batch/1.0.0-beta.1 (17.0.9; Windows 11; 10.0)"
      },
      "RequestBody": null,
      "StatusCode": 200,
      "ResponseHeaders": {
        "Content-Type": "application/json; odata=minimalmetadata",
        "DataServiceVersion": "3.0",
        "Date": "Wed, 27 Mar 2024 00:46:45 GMT",
        "ETag": "0x8DC4DF760AA5310",
        "Last-Modified": "Wed, 27 Mar 2024 00:46:45 GMT",
        "request-id": "1e29e60d-d8b7-419d-8fdb-4a607929b9f5",
        "Server": "Microsoft-HTTPAPI/2.0",
        "Strict-Transport-Security": "max-age=31536000; includeSubDomains",
        "Transfer-Encoding": "chunked",
        "X-Content-Type-Options": "nosniff"
      },
      "ResponseBody": {
        "odata.metadata": "https://sanjbatch.eastus.batch.azure.com/$metadata#tasks/@Element",
        "id": "task-canPut",
        "url": "REDACTED",
        "eTag": "0x8DC4DF760AA5310",
        "creationTime": "2024-03-27T00:46:45.3803792Z",
        "lastModified": "2024-03-27T00:46:45.3803792Z",
        "state": "active",
        "stateTransitionTime": "2024-03-27T00:46:45.3803792Z",
        "commandLine": "echo hello world",
        "userIdentity": {
          "autoUser": {
            "scope": "pool",
            "elevationLevel": "nonadmin"
          }
        },
        "constraints": {
          "maxWallClockTime": "P10675199DT2H48M5.4775807S",
          "retentionTime": "P7D",
          "maxTaskRetryCount": 0
        },
        "requiredSlots": 1,
        "executionInfo": {
          "retryCount": 0,
          "requeueCount": 0
        }
      }
    },
    {
      "RequestUri": "https://REDACTED/jobs/BatchUser-SampleJob/tasks/task-canPut?api-version=2024-02-01.19.0",
      "RequestMethod": "PUT",
      "RequestHeaders": {
        "Accept": "application/json",
        "Authorization": "Sanitized",
        "client-request-id": "d57ff85d-43e5-4012-9826-0cc063f66359",
        "Content-Length": "61",
        "Content-Type": "application/json; odata=minimalmetadata",
        "Date": "Wed, 27 Mar 2024 00:46:44 GMT",
        "User-Agent": "azsdk-java-azure-compute-batch/1.0.0-beta.1 (17.0.9; Windows 11; 10.0)"
      },
      "RequestBody": {
        "constraints": {
          "retentionTime": "P5D",
          "maxTaskRetryCount": 5
        }
      },
      "StatusCode": 200,
      "ResponseHeaders": {
        "DataServiceId": "https://sanjbatch.eastus.batch.azure.com/jobs/BatchUser-SampleJob/tasks/task-canPut",
        "DataServiceVersion": "3.0",
        "Date": "Wed, 27 Mar 2024 00:46:45 GMT",
        "ETag": "0x8DC4DF760D50C85",
        "Last-Modified": "Wed, 27 Mar 2024 00:46:45 GMT",
        "request-id": "fa636991-75d3-4040-b3d3-02cb08fad1a1",
        "Server": "Microsoft-HTTPAPI/2.0",
        "Strict-Transport-Security": "max-age=31536000; includeSubDomains",
        "Transfer-Encoding": "chunked",
        "X-Content-Type-Options": "nosniff"
      },
      "ResponseBody": null
    },
    {
      "RequestUri": "https://REDACTED/jobs/BatchUser-SampleJob/tasks/task-canPut?api-version=2024-02-01.19.0",
      "RequestMethod": "GET",
      "RequestHeaders": {
        "Accept": "application/json",
        "Authorization": "Sanitized",
        "client-request-id": "fbbe21bc-6574-4be7-b65f-44901502c442",
        "Content-Length": "0",
        "Date": "Wed, 27 Mar 2024 00:46:44 GMT",
        "User-Agent": "azsdk-java-azure-compute-batch/1.0.0-beta.1 (17.0.9; Windows 11; 10.0)"
      },
      "RequestBody": null,
      "StatusCode": 200,
      "ResponseHeaders": {
        "Content-Type": "application/json; odata=minimalmetadata",
        "DataServiceVersion": "3.0",
        "Date": "Wed, 27 Mar 2024 00:46:45 GMT",
        "ETag": "0x8DC4DF760D50C85",
        "Last-Modified": "Wed, 27 Mar 2024 00:46:45 GMT",
        "request-id": "d58ccec2-a08d-4d08-9eda-2748e464c0ca",
        "Server": "Microsoft-HTTPAPI/2.0",
        "Strict-Transport-Security": "max-age=31536000; includeSubDomains",
        "Transfer-Encoding": "chunked",
        "X-Content-Type-Options": "nosniff"
      },
      "ResponseBody": {
        "odata.metadata": "https://sanjbatch.eastus.batch.azure.com/$metadata#tasks/@Element",
        "id": "task-canPut",
        "url": "REDACTED",
        "eTag": "0x8DC4DF760D50C85",
        "creationTime": "2024-03-27T00:46:45.3803792Z",
        "lastModified": "2024-03-27T00:46:45.6603781Z",
        "state": "active",
        "stateTransitionTime": "2024-03-27T00:46:45.3803792Z",
        "commandLine": "echo hello world",
        "userIdentity": {
          "autoUser": {
            "scope": "pool",
            "elevationLevel": "nonadmin"
          }
        },
        "constraints": {
          "maxWallClockTime": "P10675199DT2H48M5.4775807S",
          "retentionTime": "P5D",
          "maxTaskRetryCount": 5
        },
        "requiredSlots": 1,
        "executionInfo": {
          "retryCount": 0,
          "requeueCount": 0
        }
      }
    },
    {
      "RequestUri": "https://REDACTED/jobs/BatchUser-SampleJob/tasks/task-canPut?api-version=2024-02-01.19.0",
      "RequestMethod": "DELETE",
      "RequestHeaders": {
        "Accept": "application/json",
        "Authorization": "Sanitized",
        "client-request-id": "cbd95cea-29a4-458d-b44b-42040e898e83",
        "Content-Length": "0",
        "Date": "Wed, 27 Mar 2024 00:46:45 GMT",
        "User-Agent": "azsdk-java-azure-compute-batch/1.0.0-beta.1 (17.0.9; Windows 11; 10.0)"
      },
      "RequestBody": null,
      "StatusCode": 200,
      "ResponseHeaders": {
        "DataServiceVersion": "3.0",
        "Date": "Wed, 27 Mar 2024 00:46:45 GMT",
        "request-id": "a9c90620-4856-4a91-ac18-5603e27c73a8",
        "Server": "Microsoft-HTTPAPI/2.0",
        "Strict-Transport-Security": "max-age=31536000; includeSubDomains",
        "Transfer-Encoding": "chunked",
        "X-Content-Type-Options": "nosniff"
      },
      "ResponseBody": null
    },
    {
      "RequestUri": "https://REDACTED/jobs/BatchUser-SampleJob?api-version=2024-02-01.19.0",
      "RequestMethod": "DELETE",
      "RequestHeaders": {
        "Accept": "application/json",
        "Authorization": "Sanitized",
        "client-request-id": "996d51cc-e001-4a0e-97fa-ec839917e9b7",
        "Content-Length": "0",
        "Date": "Wed, 27 Mar 2024 00:46:45 GMT",
        "User-Agent": "azsdk-java-azure-compute-batch/1.0.0-beta.1 (17.0.9; Windows 11; 10.0)"
      },
      "RequestBody": null,
      "StatusCode": 429,
      "ResponseHeaders": {
        "Content-Length": "372",
        "Content-Type": "application/json; odata=minimalmetadata",
        "DataServiceVersion": "3.0",
        "Date": "Wed, 27 Mar 2024 00:46:45 GMT",
        "request-id": "1085eced-ee42-4b30-bedb-3e4c262e3722",
        "Retry-After": "30",
        "Server": "Microsoft-HTTPAPI/2.0",
        "Strict-Transport-Security": "max-age=31536000; includeSubDomains",
        "X-Content-Type-Options": "nosniff"
      },
      "ResponseBody": {
        "odata.metadata": "https://sanjbatch.eastus.batch.azure.com/$metadata#Microsoft.Azure.Batch.Protocol.Entities.Container.errors/@Element",
        "code": "TooManyRequests",
        "message": {
          "lang": "en-US",
          "value": "Request failed as server encountered too many requests. Please try again.\nRequestId:1085eced-ee42-4b30-bedb-3e4c262e3722\nTime:2024-03-27T00:46:45.9603836Z"
        }
      }
    },
    {
      "RequestUri": "https://REDACTED/jobs/BatchUser-SampleJob?api-version=2024-02-01.19.0",
      "RequestMethod": "DELETE",
      "RequestHeaders": {
        "Accept": "application/json",
        "Authorization": "Sanitized",
        "client-request-id": "996d51cc-e001-4a0e-97fa-ec839917e9b7",
        "Content-Length": "0",
        "Date": "Wed, 27 Mar 2024 00:46:46 GMT",
        "User-Agent": "azsdk-java-azure-compute-batch/1.0.0-beta.1 (17.0.9; Windows 11; 10.0)"
      },
      "RequestBody": null,
      "StatusCode": 202,
      "ResponseHeaders": {
        "DataServiceVersion": "3.0",
        "Date": "Wed, 27 Mar 2024 00:46:46 GMT",
        "request-id": "213da205-ff13-468a-8417-fd211f1bd6a7",
        "Server": "Microsoft-HTTPAPI/2.0",
        "Strict-Transport-Security": "max-age=31536000; includeSubDomains",
        "Transfer-Encoding": "chunked",
        "X-Content-Type-Options": "nosniff"
      },
      "ResponseBody": null
    }
  ],
  "Variables": {}
}
