{
  "Entries": [
    {
      "RequestUri": "https://REDACTED/digitaltwins/roomTwin152538?api-version=2023-10-31",
      "RequestMethod": "GET",
      "RequestHeaders": {
        "Accept": "application/json",
        "Authorization": "Sanitized",
        "Content-Length": "0",
        "Date": "Fri, 09 May 2025 01:27:58 GMT",
        "User-Agent": "azsdk-java-azure-digitaltwins-core/1.6.0 (11.0.22; Windows 11; 10.0)",
        "x-ms-client-request-id": "Sanitized"
      },
      "RequestBody": null,
      "StatusCode": 404,
      "ResponseHeaders": {
        "Content-Length": "268",
        "Content-Type": "application/json; charset=utf-8",
        "Date": "Fri, 09 May 2025 01:27:59 GMT",
        "mise-correlation-id": "bf88029c-f90f-45b0-b576-72f13c2953ca",
        "Strict-Transport-Security": "max-age=2592000",
        "traceresponse": "00-89e44850d11ed71f4a1847ee3befa80c-c3f5e4a16a04c92d-01",
        "x-ms-error-code": "DigitalTwinNotFound"
      },
      "ResponseBody": {
        "error": {
          "code": "DigitalTwinNotFound",
          "message": "There is no digital twin instance that exists with the ID roomTwin152538. Please verify that the twin id is valid and ensure that the twin is not deleted. See section on querying the twins https://aka.ms/adtv2query."
        }
      }
    },
    {
      "RequestUri": "https://REDACTED/models/dtmi:example:Floor;1480894?includeModelDefinition=true&api-version=2023-10-31",
      "RequestMethod": "GET",
      "RequestHeaders": {
        "Accept": "application/json",
        "Authorization": "Sanitized",
        "Content-Length": "0",
        "Date": "Fri, 09 May 2025 01:27:59 GMT",
        "User-Agent": "azsdk-java-azure-digitaltwins-core/1.6.0 (11.0.22; Windows 11; 10.0)",
        "x-ms-client-request-id": "Sanitized"
      },
      "RequestBody": null,
      "StatusCode": 404,
      "ResponseHeaders": {
        "Content-Length": "211",
        "Content-Type": "application/json; charset=utf-8",
        "Date": "Fri, 09 May 2025 01:27:59 GMT",
        "mise-correlation-id": "62648d80-25a4-4ad1-aac7-ee8f70ba3e1d",
        "Strict-Transport-Security": "max-age=2592000",
        "traceresponse": "00-3c4c87a574d5f6479925265c5b7b4a87-85858629c9384e93-01",
        "x-ms-error-code": "ModelNotFound"
      },
      "ResponseBody": {
        "error": {
          "code": "ModelNotFound",
          "message": "There is no Model(s) available that matches the provided id(s) dtmi:example:Floor;1480894. Check that the Model ID provided is valid by doing a Model_List API call."
        }
      }
    },
    {
      "RequestUri": "https://REDACTED/models/dtmi:example:Room;1721340?includeModelDefinition=true&api-version=2023-10-31",
      "RequestMethod": "GET",
      "RequestHeaders": {
        "Accept": "application/json",
        "Authorization": "Sanitized",
        "Content-Length": "0",
        "Date": "Fri, 09 May 2025 01:27:59 GMT",
        "User-Agent": "azsdk-java-azure-digitaltwins-core/1.6.0 (11.0.22; Windows 11; 10.0)",
        "x-ms-client-request-id": "Sanitized"
      },
      "RequestBody": null,
      "StatusCode": 404,
      "ResponseHeaders": {
        "Content-Length": "210",
        "Content-Type": "application/json; charset=utf-8",
        "Date": "Fri, 09 May 2025 01:27:59 GMT",
        "mise-correlation-id": "91c3d480-9bae-4ed1-989b-2a7d0f0a0676",
        "Strict-Transport-Security": "max-age=2592000",
        "traceresponse": "00-e0ae6040e02a8ee7e1dbef0b49b17707-5e097b30274e1b34-01",
        "x-ms-error-code": "ModelNotFound"
      },
      "ResponseBody": {
        "error": {
          "code": "ModelNotFound",
          "message": "There is no Model(s) available that matches the provided id(s) dtmi:example:Room;1721340. Check that the Model ID provided is valid by doing a Model_List API call."
        }
      }
    },
    {
      "RequestUri": "https://REDACTED/models?api-version=2023-10-31",
      "RequestMethod": "POST",
      "RequestHeaders": {
        "Accept": "application/json",
        "Authorization": "Sanitized",
        "Content-Length": "494",
        "Content-Type": "application/json",
        "Date": "Fri, 09 May 2025 01:27:59 GMT",
        "User-Agent": "azsdk-java-azure-digitaltwins-core/1.6.0 (11.0.22; Windows 11; 10.0)",
        "x-ms-client-request-id": "Sanitized"
      },
      "RequestBody": "[{\"@id\":\"dtmi:example:Room;1721340\",\"@type\":\"Interface\",\"displayName\":\"Room\",\"description\":\"An enclosure inside a building.\",\"contents\":[{\"@type\":\"Relationship\",\"name\":\"containedIn\",\"target\":\"dtmi:example:Floor;1480894\"},{\"@type\":\"Property\",\"name\":\"Temperature\",\"schema\":\"double\"},{\"@type\":\"Property\",\"name\":\"Humidity\",\"schema\":\"double\"},{\"@type\":\"Property\",\"name\":\"IsOccupied\",\"schema\":\"boolean\"},{\"@type\":\"Property\",\"name\":\"EmployeeId\",\"schema\":\"string\"}],\"@context\":[\"dtmi:dtdl:context;2\"]}]",
      "StatusCode": 201,
      "ResponseHeaders": {
        "Content-Length": "191",
        "Content-Type": "application/json; charset=utf-8",
        "Date": "Fri, 09 May 2025 01:27:59 GMT",
        "mise-correlation-id": "9d0fbed9-b7e9-4c6b-be1f-a84be46fa8b0",
        "Strict-Transport-Security": "max-age=2592000",
        "traceresponse": "00-5468cc96942497db1c44585f71d2ca13-efe7f853ca5bd6d7-01"
      },
      "ResponseBody": "[{\"id\":\"dtmi:example:Room;1721340\",\"description\":{\"en\":\"An enclosure inside a building.\"},\"displayName\":{\"en\":\"Room\"},\"decommissioned\":false,\"uploadTime\":\"2025-05-09T01:27:59.9351517+00:00\"}]"
    },
    {
      "RequestUri": "https://REDACTED/digitaltwins/roomTwin152538?api-version=2023-10-31",
      "RequestMethod": "PUT",
      "RequestHeaders": {
        "Accept": "application/json",
        "Authorization": "Sanitized",
        "Content-Length": "126",
        "Content-Type": "application/json",
        "Date": "Fri, 09 May 2025 01:27:59 GMT",
        "User-Agent": "azsdk-java-azure-digitaltwins-core/1.6.0 (11.0.22; Windows 11; 10.0)",
        "x-ms-client-request-id": "Sanitized"
      },
      "RequestBody": {
        "$metadata": {
          "$model": "dtmi:example:Room;1721340"
        },
        "IsOccupied": true,
        "Temperature": 80,
        "Humidity": 25,
        "EmployeeId": "Employee1"
      },
      "StatusCode": 200,
      "ResponseHeaders": {
        "Content-Length": "504",
        "Content-Type": "application/json; charset=utf-8",
        "Date": "Fri, 09 May 2025 01:27:59 GMT",
        "ETag": "W/\"13e81adc-5354-42a9-9ab4-923be7f9443f\"",
        "mise-correlation-id": "ad414bb9-a875-4e17-a21b-cbec06bfdda8",
        "Strict-Transport-Security": "max-age=2592000",
        "traceresponse": "00-f33d61508a8f3678f4a4410a7c4f9e28-ab545e0c6cc060ef-01"
      },
      "ResponseBody": {
        "$dtId": "roomTwin152538",
        "$etag": "W/\"13e81adc-5354-42a9-9ab4-923be7f9443f\"",
        "IsOccupied": true,
        "Temperature": 80,
        "Humidity": 25,
        "EmployeeId": "Employee1",
        "$metadata": {
          "$model": "dtmi:example:Room;1721340",
          "$lastUpdateTime": "2025-05-09T01:28:00.0423210Z",
          "IsOccupied": {
            "lastUpdateTime": "2025-05-09T01:28:00.0423210Z"
          },
          "Temperature": {
            "lastUpdateTime": "2025-05-09T01:28:00.0423210Z"
          },
          "Humidity": {
            "lastUpdateTime": "2025-05-09T01:28:00.0423210Z"
          },
          "EmployeeId": {
            "lastUpdateTime": "2025-05-09T01:28:00.0423210Z"
          }
        }
      }
    },
    {
      "RequestUri": "https://REDACTED/digitaltwins/roomTwin152538?api-version=2023-10-31",
      "RequestMethod": "PUT",
      "RequestHeaders": {
        "Accept": "application/json",
        "Authorization": "Sanitized",
        "Content-Length": "126",
        "Content-Type": "application/json",
        "Date": "Fri, 09 May 2025 01:27:59 GMT",
        "If-None-Match": "*",
        "User-Agent": "azsdk-java-azure-digitaltwins-core/1.6.0 (11.0.22; Windows 11; 10.0)",
        "x-ms-client-request-id": "Sanitized"
      },
      "RequestBody": {
        "$metadata": {
          "$model": "dtmi:example:Room;1721340"
        },
        "IsOccupied": true,
        "Temperature": 80,
        "Humidity": 25,
        "EmployeeId": "Employee1"
      },
      "StatusCode": 412,
      "ResponseHeaders": {
        "Content-Length": "174",
        "Content-Type": "application/json; charset=utf-8",
        "Date": "Fri, 09 May 2025 01:27:59 GMT",
        "mise-correlation-id": "722cbf0d-59bb-4468-aa5b-1c05f77b6feb",
        "Strict-Transport-Security": "max-age=2592000",
        "traceresponse": "00-335ea681115d8bc1c69f6b43dc2bf0a2-b5cc5af2a219979f-01",
        "x-ms-error-code": "PreconditionFailed"
      },
      "ResponseBody": {
        "error": {
          "code": "PreconditionFailed",
          "message": "If-None-Match: * header was specified but a twin with the id roomTwin152538 was found. Please specify a different twin id."
        }
      }
    },
    {
      "RequestUri": "https://REDACTED/digitaltwins/roomTwin152538?api-version=2023-10-31",
      "RequestMethod": "DELETE",
      "RequestHeaders": {
        "Accept": "application/json",
        "Authorization": "Sanitized",
        "Content-Length": "0",
        "Date": "Fri, 09 May 2025 01:28:00 GMT",
        "User-Agent": "azsdk-java-azure-digitaltwins-core/1.6.0 (11.0.22; Windows 11; 10.0)",
        "x-ms-client-request-id": "Sanitized"
      },
      "RequestBody": null,
      "StatusCode": 204,
      "ResponseHeaders": {
        "Content-Length": "0",
        "Date": "Fri, 09 May 2025 01:27:59 GMT",
        "mise-correlation-id": "91060bde-f1f3-44b0-a12d-86a5f5fd3f39",
        "Strict-Transport-Security": "max-age=2592000",
        "traceresponse": "00-184fb9c6d2d414eb73a70386db732314-d61ba18a6bf26bdc-01"
      },
      "ResponseBody": null
    },
    {
      "RequestUri": "https://REDACTED/models/dtmi:example:Room;1721340?api-version=2023-10-31",
      "RequestMethod": "DELETE",
      "RequestHeaders": {
        "Accept": "application/json",
        "Authorization": "Sanitized",
        "Content-Length": "0",
        "Date": "Fri, 09 May 2025 01:28:00 GMT",
        "User-Agent": "azsdk-java-azure-digitaltwins-core/1.6.0 (11.0.22; Windows 11; 10.0)",
        "x-ms-client-request-id": "Sanitized"
      },
      "RequestBody": null,
      "StatusCode": 204,
      "ResponseHeaders": {
        "Content-Length": "0",
        "Date": "Fri, 09 May 2025 01:27:59 GMT",
        "mise-correlation-id": "33696e0d-fe80-4d00-90ac-f245b0ce60c8",
        "Strict-Transport-Security": "max-age=2592000",
        "traceresponse": "00-e69c06b718eebae7219b7ca5b7a356c6-fa797951d8f6a4ee-01"
      },
      "ResponseBody": null
    }
  ],
  "Variables": {
    "0": "374750",
    "1": "602016",
    "2": "943562"
  }
}
