{
  "Entries": [
    {
      "RequestUri": "https://REDACTED/45925ca30createacfailc8589257c7c42e66d8124ee79?restype=container",
      "RequestMethod": "PUT",
      "RequestHeaders": {
        "Accept": "application/xml",
        "Authorization": "Sanitized",
        "Content-Length": "0",
        "Date": "Wed, 26 Jul 2023 14:06:55 GMT",
        "User-Agent": "azsdk-java-azure-storage-blob/12.24.0-beta.1 azsdk-java-azure-storage-file-datalake/12.17.0-beta.1 (17.0.7; Windows 11; 10.0)",
        "x-ms-client-request-id": "5a05a3fa-7b4e-458b-8e10-633ee56f17b2",
        "x-ms-version": "2023-01-03"
      },
      "RequestBody": null,
      "StatusCode": 201,
      "ResponseHeaders": {
        "Content-Length": "0",
        "Date": "Wed, 26 Jul 2023 14:06:54 GMT",
        "ETag": "\u00220x8DB8DE1918F5AC5\u0022",
        "Last-Modified": "Wed, 26 Jul 2023 14:06:55 GMT",
        "Server": [
          "Windows-Azure-Blob/1.0",
          "Microsoft-HTTPAPI/2.0"
        ],
        "x-ms-client-request-id": "5a05a3fa-7b4e-458b-8e10-633ee56f17b2",
        "x-ms-request-id": "c651d120-701e-000b-77ca-bf6ae9000000",
        "x-ms-version": "2023-01-03"
      },
      "ResponseBody": null
    },
    {
      "RequestUri": "https://REDACTED/45925ca30createacfailc8589257c7c42e66d8124ee79/45925ca31createacfailc85780663d2d4e36aa13466d9?resource=directory",
      "RequestMethod": "PUT",
      "RequestHeaders": {
        "Accept": "application/json",
        "Authorization": "Sanitized",
        "Content-Length": "0",
        "Date": "Wed, 26 Jul 2023 14:06:55 GMT",
        "If-None-Match": "*",
        "User-Agent": "azsdk-java-azure-storage-file-datalake/12.17.0-beta.1 (17.0.7; Windows 11; 10.0)",
        "x-ms-client-request-id": "627e2ea1-7276-40a2-b58f-e2818edee4ca",
        "x-ms-version": "2023-01-03"
      },
      "RequestBody": null,
      "StatusCode": 201,
      "ResponseHeaders": {
        "Content-Length": "0",
        "Date": "Wed, 26 Jul 2023 14:06:54 GMT",
        "ETag": "\u00220x8DB8DE19196B5F5\u0022",
        "Last-Modified": "Wed, 26 Jul 2023 14:06:55 GMT",
        "Server": [
          "Windows-Azure-HDFS/1.0",
          "Microsoft-HTTPAPI/2.0"
        ],
        "x-ms-client-request-id": "627e2ea1-7276-40a2-b58f-e2818edee4ca",
        "x-ms-request-id": "61cac592-901f-005e-2bca-bf7a62000000",
        "x-ms-request-server-encrypted": "true",
        "x-ms-version": "2023-01-03"
      },
      "ResponseBody": null
    },
    {
      "RequestUri": "https://REDACTED/45925ca30createacfailc8589257c7c42e66d8124ee79/45925ca31createacfailc85780663d2d4e36aa13466d9?comp=lease",
      "RequestMethod": "PUT",
      "RequestHeaders": {
        "Accept": "application/xml",
        "Authorization": "Sanitized",
        "Content-Length": "0",
        "Date": "Wed, 26 Jul 2023 14:06:55 GMT",
        "User-Agent": "azsdk-java-azure-storage-file-datalake/12.17.0-beta.1 (17.0.7; Windows 11; 10.0)",
        "x-ms-client-request-id": "e9262859-23b4-4d00-9085-587dec08a9a0",
        "x-ms-lease-action": "acquire",
        "x-ms-lease-duration": "-1",
        "x-ms-proposed-lease-id": "ccda4c86-47ad-448c-936b-c7e6d44c3f19",
        "x-ms-version": "2023-01-03"
      },
      "RequestBody": null,
      "StatusCode": 201,
      "ResponseHeaders": {
        "Content-Length": "0",
        "Date": "Wed, 26 Jul 2023 14:06:54 GMT",
        "ETag": "\u00220x8DB8DE19196B5F5\u0022",
        "Last-Modified": "Wed, 26 Jul 2023 14:06:55 GMT",
        "Server": [
          "Windows-Azure-Blob/1.0",
          "Microsoft-HTTPAPI/2.0"
        ],
        "x-ms-client-request-id": "e9262859-23b4-4d00-9085-587dec08a9a0",
        "x-ms-lease-id": "ccda4c86-47ad-448c-936b-c7e6d44c3f19",
        "x-ms-request-id": "eaf4681c-201e-005b-45ca-bfa8b9000000",
        "x-ms-version": "2023-01-03"
      },
      "ResponseBody": null
    },
    {
      "RequestUri": "https://REDACTED/45925ca30createacfailc8589257c7c42e66d8124ee79/45925ca31createacfailc85780663d2d4e36aa13466d9?resource=directory",
      "RequestMethod": "PUT",
      "RequestHeaders": {
        "Accept": "application/json",
        "Authorization": "Sanitized",
        "Content-Length": "0",
        "Date": "Wed, 26 Jul 2023 14:06:55 GMT",
        "User-Agent": "azsdk-java-azure-storage-file-datalake/12.17.0-beta.1 (17.0.7; Windows 11; 10.0)",
        "x-ms-client-request-id": "9de32d19-123b-4145-9bd9-07b00f18c051",
        "x-ms-lease-id": "6c4974cc-217e-4912-a788-3d4ade8f9aa0",
        "x-ms-version": "2023-01-03"
      },
      "RequestBody": null,
      "StatusCode": 412,
      "ResponseHeaders": {
        "Content-Length": "199",
        "Content-Type": "application/json; charset=utf-8",
        "Date": "Wed, 26 Jul 2023 14:06:55 GMT",
        "Server": [
          "Windows-Azure-HDFS/1.0",
          "Microsoft-HTTPAPI/2.0"
        ],
        "x-ms-client-request-id": "9de32d19-123b-4145-9bd9-07b00f18c051",
        "x-ms-error-code": "LeaseIdMismatch",
        "x-ms-request-id": "8e0dfdd1-d01f-0002-42ca-bf2f3a000000",
        "x-ms-version": "2023-01-03"
      },
      "ResponseBody": {
        "error": {
          "code": "LeaseIdMismatch",
          "message": "The lease ID specified did not match the lease ID for the resource.\nRequestId:8e0dfdd1-d01f-0002-42ca-bf2f3a000000\nTime:2023-07-26T14:06:55.3617754Z"
        }
      }
    }
  ],
  "Variables": {
    "0": "45925ca30createacfailc8589257c7c42e66d8124ee79",
    "1": "45925ca31createacfailc85780663d2d4e36aa13466d9"
  }
}
