{
  "Entries": [
    {
      "RequestUri": "https://REDACTED/5d8a5b510setpermissionsac4cb90665dd7d1f7ca500450?restype=container",
      "RequestMethod": "PUT",
      "RequestHeaders": {
        "Accept": "application/xml",
        "Authorization": "Sanitized",
        "Content-Length": "0",
        "Date": "Wed, 26 Jul 2023 14:06:52 GMT",
        "User-Agent": "azsdk-java-azure-storage-blob/12.24.0-beta.1 azsdk-java-azure-storage-file-datalake/12.17.0-beta.1 (17.0.7; Windows 11; 10.0)",
        "x-ms-client-request-id": "6ea57643-f051-4ebb-aceb-1baa06670a91",
        "x-ms-version": "2023-01-03"
      },
      "RequestBody": null,
      "StatusCode": 201,
      "ResponseHeaders": {
        "Content-Length": "0",
        "Date": "Wed, 26 Jul 2023 14:06:52 GMT",
        "ETag": "\u00220x8DB8DE1900EC402\u0022",
        "Last-Modified": "Wed, 26 Jul 2023 14:06:52 GMT",
        "Server": [
          "Windows-Azure-Blob/1.0",
          "Microsoft-HTTPAPI/2.0"
        ],
        "x-ms-client-request-id": "6ea57643-f051-4ebb-aceb-1baa06670a91",
        "x-ms-request-id": "eaf457a3-201e-005b-3dca-bfa8b9000000",
        "x-ms-version": "2023-01-03"
      },
      "ResponseBody": null
    },
    {
      "RequestUri": "https://REDACTED/5d8a5b510setpermissionsac4cb90665dd7d1f7ca500450/5d8a5b511setpermissionsac4cb76573d98cc0fab5a044f?resource=directory",
      "RequestMethod": "PUT",
      "RequestHeaders": {
        "Accept": "application/json",
        "Authorization": "Sanitized",
        "Content-Length": "0",
        "Date": "Wed, 26 Jul 2023 14:06:52 GMT",
        "If-None-Match": "*",
        "User-Agent": "azsdk-java-azure-storage-file-datalake/12.17.0-beta.1 (17.0.7; Windows 11; 10.0)",
        "x-ms-client-request-id": "1e33072b-80a7-47dc-b1a2-3a62a023a611",
        "x-ms-version": "2023-01-03"
      },
      "RequestBody": null,
      "StatusCode": 201,
      "ResponseHeaders": {
        "Content-Length": "0",
        "Date": "Wed, 26 Jul 2023 14:06:52 GMT",
        "ETag": "\u00220x8DB8DE1901B1AB8\u0022",
        "Last-Modified": "Wed, 26 Jul 2023 14:06:52 GMT",
        "Server": [
          "Windows-Azure-HDFS/1.0",
          "Microsoft-HTTPAPI/2.0"
        ],
        "x-ms-client-request-id": "1e33072b-80a7-47dc-b1a2-3a62a023a611",
        "x-ms-request-id": "f3292b6e-101f-0022-32ca-bf549d000000",
        "x-ms-request-server-encrypted": "true",
        "x-ms-version": "2023-01-03"
      },
      "ResponseBody": null
    },
    {
      "RequestUri": "https://REDACTED/5d8a5b510setpermissionsac4cb90665dd7d1f7ca500450/5d8a5b511setpermissionsac4cb76573d98cc0fab5a044f",
      "RequestMethod": "HEAD",
      "RequestHeaders": {
        "Accept": "application/xml",
        "Authorization": "Sanitized",
        "Content-Length": "0",
        "Date": "Wed, 26 Jul 2023 14:06:52 GMT",
        "User-Agent": "azsdk-java-azure-storage-blob/12.24.0-beta.1 azsdk-java-azure-storage-file-datalake/12.17.0-beta.1 (17.0.7; Windows 11; 10.0)",
        "x-ms-client-request-id": "faa8632d-3d3b-4361-a0f8-81943b4ae444",
        "x-ms-version": "2023-01-03"
      },
      "RequestBody": null,
      "StatusCode": 200,
      "ResponseHeaders": {
        "Accept-Ranges": "bytes",
        "Content-Length": "0",
        "Content-Type": "application/octet-stream",
        "Date": "Wed, 26 Jul 2023 14:06:51 GMT",
        "ETag": "\u00220x8DB8DE1901B1AB8\u0022",
        "Last-Modified": "Wed, 26 Jul 2023 14:06:52 GMT",
        "Server": [
          "Windows-Azure-Blob/1.0",
          "Microsoft-HTTPAPI/2.0"
        ],
        "Vary": "Origin",
        "x-ms-access-tier": "Hot",
        "x-ms-access-tier-inferred": "true",
        "x-ms-blob-type": "BlockBlob",
        "x-ms-client-request-id": "faa8632d-3d3b-4361-a0f8-81943b4ae444",
        "x-ms-creation-time": "Wed, 26 Jul 2023 14:06:52 GMT",
        "x-ms-group": "$superuser",
        "x-ms-lease-state": "available",
        "x-ms-lease-status": "unlocked",
        "x-ms-meta-hdi_isfolder": "true",
        "x-ms-owner": "$superuser",
        "x-ms-permissions": "rwxr-x---",
        "x-ms-request-id": "2324bf3c-c01e-006c-54ca-bf7a15000000",
        "x-ms-resource-type": "directory",
        "x-ms-server-encrypted": "true",
        "x-ms-version": "2023-01-03"
      },
      "ResponseBody": null
    },
    {
      "RequestUri": "https://REDACTED/5d8a5b510setpermissionsac4cb90665dd7d1f7ca500450/5d8a5b511setpermissionsac4cb76573d98cc0fab5a044f?action=setAccessControl",
      "RequestMethod": "PATCH",
      "RequestHeaders": {
        "Accept": "application/json",
        "Authorization": "Sanitized",
        "Content-Length": "0",
        "Date": "Wed, 26 Jul 2023 14:06:52 GMT",
        "If-Match": "0x8DB8DE1901B1AB8",
        "User-Agent": "azsdk-java-azure-storage-file-datalake/12.17.0-beta.1 (17.0.7; Windows 11; 10.0)",
        "x-ms-client-request-id": "dac6d43f-50bb-4a85-915d-1943d10e7537",
        "x-ms-permissions": "0754",
        "x-ms-version": "2023-01-03"
      },
      "RequestBody": null,
      "StatusCode": 200,
      "ResponseHeaders": {
        "Content-Length": "0",
        "Date": "Wed, 26 Jul 2023 14:06:51 GMT",
        "ETag": "\u00220x8DB8DE1901B1AB8\u0022",
        "Last-Modified": "Wed, 26 Jul 2023 14:06:52 GMT",
        "Server": [
          "Windows-Azure-HDFS/1.0",
          "Microsoft-HTTPAPI/2.0"
        ],
        "x-ms-client-request-id": "dac6d43f-50bb-4a85-915d-1943d10e7537",
        "x-ms-namespace-enabled": "true",
        "x-ms-request-id": "daaf2006-401f-0010-77ca-bf54ea000000",
        "x-ms-version": "2023-01-03"
      },
      "ResponseBody": null
    }
  ],
  "Variables": {
    "0": "5d8a5b510setpermissionsac4cb90665dd7d1f7ca500450",
    "1": "5d8a5b511setpermissionsac4cb76573d98cc0fab5a044f"
  }
}
