{
  "Entries": [
    {
      "RequestUri": "https://REDACTED/3eb3f7ed0createfilewithpathstructure7b0343269442396f1?restype=container",
      "RequestMethod": "PUT",
      "RequestHeaders": {
        "Accept": "application/xml",
        "Authorization": "Sanitized",
        "Content-Length": "0",
        "Date": "Wed, 26 Jul 2023 14:06:54 GMT",
        "User-Agent": "azsdk-java-azure-storage-blob/12.24.0-beta.1 azsdk-java-azure-storage-file-datalake/12.17.0-beta.1 (17.0.7; Windows 11; 10.0)",
        "x-ms-client-request-id": "f22ff9b9-d156-4b7f-bfd8-16797a66a32f",
        "x-ms-version": "2023-01-03"
      },
      "RequestBody": null,
      "StatusCode": 201,
      "ResponseHeaders": {
        "Content-Length": "0",
        "Date": "Wed, 26 Jul 2023 14:06:53 GMT",
        "ETag": "\u00220x8DB8DE190F3A041\u0022",
        "Last-Modified": "Wed, 26 Jul 2023 14:06:54 GMT",
        "Server": [
          "Windows-Azure-Blob/1.0",
          "Microsoft-HTTPAPI/2.0"
        ],
        "x-ms-client-request-id": "f22ff9b9-d156-4b7f-bfd8-16797a66a32f",
        "x-ms-request-id": "1c5b4584-101e-0032-68ca-bf91f5000000",
        "x-ms-version": "2023-01-03"
      },
      "ResponseBody": null
    },
    {
      "RequestUri": "https://REDACTED/3eb3f7ed0createfilewithpathstructure7b0343269442396f1/3eb3f7ed1createfilewithpathstructure7b04255715693e4b1?resource=directory",
      "RequestMethod": "PUT",
      "RequestHeaders": {
        "Accept": "application/json",
        "Authorization": "Sanitized",
        "Content-Length": "0",
        "Date": "Wed, 26 Jul 2023 14:06:54 GMT",
        "If-None-Match": "*",
        "User-Agent": "azsdk-java-azure-storage-file-datalake/12.17.0-beta.1 (17.0.7; Windows 11; 10.0)",
        "x-ms-client-request-id": "33dc2857-1269-4f6f-b054-8de5d242bdb3",
        "x-ms-version": "2023-01-03"
      },
      "RequestBody": null,
      "StatusCode": 201,
      "ResponseHeaders": {
        "Content-Length": "0",
        "Date": "Wed, 26 Jul 2023 14:06:53 GMT",
        "ETag": "\u00220x8DB8DE190FD9FDF\u0022",
        "Last-Modified": "Wed, 26 Jul 2023 14:06:54 GMT",
        "Server": [
          "Windows-Azure-HDFS/1.0",
          "Microsoft-HTTPAPI/2.0"
        ],
        "x-ms-client-request-id": "33dc2857-1269-4f6f-b054-8de5d242bdb3",
        "x-ms-request-id": "b9153259-801f-0052-5fca-bfed6a000000",
        "x-ms-request-server-encrypted": "true",
        "x-ms-version": "2023-01-03"
      },
      "ResponseBody": null
    },
    {
      "RequestUri": "https://REDACTED/3eb3f7ed0createfilewithpathstructure7b0343269442396f1/dir%2Ffile?resource=file",
      "RequestMethod": "PUT",
      "RequestHeaders": {
        "Accept": "application/json",
        "Authorization": "Sanitized",
        "Content-Length": "0",
        "Date": "Wed, 26 Jul 2023 14:06:54 GMT",
        "If-None-Match": "*",
        "User-Agent": "azsdk-java-azure-storage-file-datalake/12.17.0-beta.1 (17.0.7; Windows 11; 10.0)",
        "x-ms-client-request-id": "13600296-7d79-4251-9022-c532c3c0c5fd",
        "x-ms-version": "2023-01-03"
      },
      "RequestBody": null,
      "StatusCode": 201,
      "ResponseHeaders": {
        "Content-Length": "0",
        "Date": "Wed, 26 Jul 2023 14:06:54 GMT",
        "ETag": "\u00220x8DB8DE191054072\u0022",
        "Last-Modified": "Wed, 26 Jul 2023 14:06:54 GMT",
        "Server": [
          "Windows-Azure-HDFS/1.0",
          "Microsoft-HTTPAPI/2.0"
        ],
        "x-ms-client-request-id": "13600296-7d79-4251-9022-c532c3c0c5fd",
        "x-ms-request-id": "504250d4-101f-009b-5fca-bf5087000000",
        "x-ms-request-server-encrypted": "true",
        "x-ms-version": "2023-01-03"
      },
      "ResponseBody": null
    },
    {
      "RequestUri": "https://REDACTED/3eb3f7ed0createfilewithpathstructure7b0343269442396f1/dir",
      "RequestMethod": "HEAD",
      "RequestHeaders": {
        "Accept": "application/xml",
        "Authorization": "Sanitized",
        "Content-Length": "0",
        "Date": "Wed, 26 Jul 2023 14:06:54 GMT",
        "User-Agent": "azsdk-java-azure-storage-blob/12.24.0-beta.1 azsdk-java-azure-storage-file-datalake/12.17.0-beta.1 (17.0.7; Windows 11; 10.0)",
        "x-ms-client-request-id": "7942e4e3-25e2-46d3-9841-39f4d7434b0f",
        "x-ms-version": "2023-01-03"
      },
      "RequestBody": null,
      "StatusCode": 200,
      "ResponseHeaders": {
        "Accept-Ranges": "bytes",
        "Content-Length": "0",
        "Date": "Wed, 26 Jul 2023 14:06:53 GMT",
        "ETag": "\u00220x8DB8DE191039CEB\u0022",
        "Last-Modified": "Wed, 26 Jul 2023 14:06:54 GMT",
        "Server": [
          "Windows-Azure-Blob/1.0",
          "Microsoft-HTTPAPI/2.0"
        ],
        "Vary": "Origin",
        "x-ms-access-tier": "Hot",
        "x-ms-access-tier-inferred": "true",
        "x-ms-blob-type": "BlockBlob",
        "x-ms-client-request-id": "7942e4e3-25e2-46d3-9841-39f4d7434b0f",
        "x-ms-creation-time": "Wed, 26 Jul 2023 14:06:54 GMT",
        "x-ms-group": "$superuser",
        "x-ms-lease-state": "available",
        "x-ms-lease-status": "unlocked",
        "x-ms-meta-hdi_isfolder": "true",
        "x-ms-owner": "$superuser",
        "x-ms-permissions": "rwxr-x---",
        "x-ms-request-id": "eaf4616b-201e-005b-31ca-bfa8b9000000",
        "x-ms-resource-type": "directory",
        "x-ms-server-encrypted": "true",
        "x-ms-version": "2023-01-03"
      },
      "ResponseBody": null
    },
    {
      "RequestUri": "https://REDACTED/3eb3f7ed0createfilewithpathstructure7b0343269442396f1/dir%2Ffile",
      "RequestMethod": "DELETE",
      "RequestHeaders": {
        "Accept": "application/json",
        "Authorization": "Sanitized",
        "Content-Length": "0",
        "Date": "Wed, 26 Jul 2023 14:06:54 GMT",
        "User-Agent": "azsdk-java-azure-storage-file-datalake/12.17.0-beta.1 (17.0.7; Windows 11; 10.0)",
        "x-ms-client-request-id": "ac12a0f4-24bd-433f-8e52-0b7dba42ba93",
        "x-ms-version": "2023-01-03"
      },
      "RequestBody": null,
      "StatusCode": 200,
      "ResponseHeaders": {
        "Content-Length": "0",
        "Date": "Wed, 26 Jul 2023 14:06:54 GMT",
        "Server": [
          "Windows-Azure-HDFS/1.0",
          "Microsoft-HTTPAPI/2.0"
        ],
        "x-ms-client-request-id": "ac12a0f4-24bd-433f-8e52-0b7dba42ba93",
        "x-ms-delete-type-permanent": "false",
        "x-ms-deletion-id": "133348540144106936",
        "x-ms-request-id": "1dc1b226-601f-005a-72ca-bff765000000",
        "x-ms-version": "2023-01-03"
      },
      "ResponseBody": null
    },
    {
      "RequestUri": "https://REDACTED/3eb3f7ed0createfilewithpathstructure7b0343269442396f1/dir",
      "RequestMethod": "HEAD",
      "RequestHeaders": {
        "Accept": "application/xml",
        "Authorization": "Sanitized",
        "Content-Length": "0",
        "Date": "Wed, 26 Jul 2023 14:06:54 GMT",
        "User-Agent": "azsdk-java-azure-storage-blob/12.24.0-beta.1 azsdk-java-azure-storage-file-datalake/12.17.0-beta.1 (17.0.7; Windows 11; 10.0)",
        "x-ms-client-request-id": "51085ef8-8b24-4c05-906e-11afb9a97df0",
        "x-ms-version": "2023-01-03"
      },
      "RequestBody": null,
      "StatusCode": 200,
      "ResponseHeaders": {
        "Accept-Ranges": "bytes",
        "Content-Length": "0",
        "Date": "Wed, 26 Jul 2023 14:06:53 GMT",
        "ETag": "\u00220x8DB8DE191039CEB\u0022",
        "Last-Modified": "Wed, 26 Jul 2023 14:06:54 GMT",
        "Server": [
          "Windows-Azure-Blob/1.0",
          "Microsoft-HTTPAPI/2.0"
        ],
        "Vary": "Origin",
        "x-ms-access-tier": "Hot",
        "x-ms-access-tier-inferred": "true",
        "x-ms-blob-type": "BlockBlob",
        "x-ms-client-request-id": "51085ef8-8b24-4c05-906e-11afb9a97df0",
        "x-ms-creation-time": "Wed, 26 Jul 2023 14:06:54 GMT",
        "x-ms-group": "$superuser",
        "x-ms-lease-state": "available",
        "x-ms-lease-status": "unlocked",
        "x-ms-meta-hdi_isfolder": "true",
        "x-ms-owner": "$superuser",
        "x-ms-permissions": "rwxr-x---",
        "x-ms-request-id": "1c5b466b-101e-0032-2dca-bf91f5000000",
        "x-ms-resource-type": "directory",
        "x-ms-server-encrypted": "true",
        "x-ms-version": "2023-01-03"
      },
      "ResponseBody": null
    }
  ],
  "Variables": {
    "0": "3eb3f7ed0createfilewithpathstructure7b0343269442396f1",
    "1": "3eb3f7ed1createfilewithpathstructure7b04255715693e4b1"
  }
}
