{
  "Entries": [
    {
      "RequestUri": "https://REDACTED/3e7ccd390updateaclrecursiveerrormiddleofbatches03b9697702e2?restype=container",
      "RequestMethod": "PUT",
      "RequestHeaders": {
        "Accept": "application/xml",
        "Authorization": "Sanitized",
        "Content-Length": "0",
        "Date": "Wed, 26 Jul 2023 14:06:55 GMT",
        "User-Agent": "azsdk-java-azure-storage-blob/12.24.0-beta.1 azsdk-java-azure-storage-file-datalake/12.17.0-beta.1 (17.0.7; Windows 11; 10.0)",
        "x-ms-client-request-id": "e4900558-dffb-42af-ac96-d07dfe252b02",
        "x-ms-version": "2023-01-03"
      },
      "RequestBody": null,
      "StatusCode": 201,
      "ResponseHeaders": {
        "Content-Length": "0",
        "Date": "Wed, 26 Jul 2023 14:06:54 GMT",
        "ETag": "\u00220x8DB8DE1918E42E4\u0022",
        "Last-Modified": "Wed, 26 Jul 2023 14:06:55 GMT",
        "Server": [
          "Windows-Azure-Blob/1.0",
          "Microsoft-HTTPAPI/2.0"
        ],
        "x-ms-client-request-id": "e4900558-dffb-42af-ac96-d07dfe252b02",
        "x-ms-request-id": "1c5b4940-101e-0032-43ca-bf91f5000000",
        "x-ms-version": "2023-01-03"
      },
      "ResponseBody": null
    },
    {
      "RequestUri": "https://REDACTED/3e7ccd390updateaclrecursiveerrormiddleofbatches03b9697702e2/3e7ccd391updateaclrecursiveerrormiddleofbatches03b4229785ce?resource=directory",
      "RequestMethod": "PUT",
      "RequestHeaders": {
        "Accept": "application/json",
        "Authorization": "Sanitized",
        "Content-Length": "0",
        "Date": "Wed, 26 Jul 2023 14:06:55 GMT",
        "If-None-Match": "*",
        "User-Agent": "azsdk-java-azure-storage-file-datalake/12.17.0-beta.1 (17.0.7; Windows 11; 10.0)",
        "x-ms-client-request-id": "5838b47a-ddb5-4433-9a1d-216af40abeb7",
        "x-ms-version": "2023-01-03"
      },
      "RequestBody": null,
      "StatusCode": 201,
      "ResponseHeaders": {
        "Content-Length": "0",
        "Date": "Wed, 26 Jul 2023 14:06:54 GMT",
        "ETag": "\u00220x8DB8DE19196BB03\u0022",
        "Last-Modified": "Wed, 26 Jul 2023 14:06:55 GMT",
        "Server": [
          "Windows-Azure-HDFS/1.0",
          "Microsoft-HTTPAPI/2.0"
        ],
        "x-ms-client-request-id": "5838b47a-ddb5-4433-9a1d-216af40abeb7",
        "x-ms-request-id": "f3292cbb-101f-0022-7bca-bf549d000000",
        "x-ms-request-server-encrypted": "true",
        "x-ms-version": "2023-01-03"
      },
      "ResponseBody": null
    },
    {
      "RequestUri": "https://REDACTED/3e7ccd390updateaclrecursiveerrormiddleofbatches03b9697702e2/3e7ccd391updateaclrecursiveerrormiddleofbatches03b4229785ce%2F3e7ccd392updateaclrecursiveerrormiddleofbatches03b43045a480?resource=directory",
      "RequestMethod": "PUT",
      "RequestHeaders": {
        "Accept": "application/json",
        "Authorization": "Sanitized",
        "Content-Length": "0",
        "Date": "Wed, 26 Jul 2023 14:06:55 GMT",
        "If-None-Match": "*",
        "User-Agent": "azsdk-java-azure-storage-file-datalake/12.17.0-beta.1 (17.0.7; Windows 11; 10.0)",
        "x-ms-client-request-id": "0b6489e7-9d6c-4bba-9637-745ccee45757",
        "x-ms-version": "2023-01-03"
      },
      "RequestBody": null,
      "StatusCode": 201,
      "ResponseHeaders": {
        "Content-Length": "0",
        "Date": "Wed, 26 Jul 2023 14:06:54 GMT",
        "ETag": "\u00220x8DB8DE1919D9EA4\u0022",
        "Last-Modified": "Wed, 26 Jul 2023 14:06:55 GMT",
        "Server": [
          "Windows-Azure-HDFS/1.0",
          "Microsoft-HTTPAPI/2.0"
        ],
        "x-ms-client-request-id": "0b6489e7-9d6c-4bba-9637-745ccee45757",
        "x-ms-request-id": "daaf2161-401f-0010-4eca-bf54ea000000",
        "x-ms-request-server-encrypted": "true",
        "x-ms-version": "2023-01-03"
      },
      "ResponseBody": null
    },
    {
      "RequestUri": "https://REDACTED/3e7ccd390updateaclrecursiveerrormiddleofbatches03b9697702e2/3e7ccd391updateaclrecursiveerrormiddleofbatches03b4229785ce%2F3e7ccd392updateaclrecursiveerrormiddleofbatches03b43045a480%2F3e7ccd393updateaclrecursiveerrormiddleofbatches03b84525a382?resource=file",
      "RequestMethod": "PUT",
      "RequestHeaders": {
        "Accept": "application/json",
        "Authorization": "Sanitized",
        "Content-Length": "0",
        "Date": "Wed, 26 Jul 2023 14:06:55 GMT",
        "If-None-Match": "*",
        "User-Agent": "azsdk-java-azure-storage-file-datalake/12.17.0-beta.1 (17.0.7; Windows 11; 10.0)",
        "x-ms-client-request-id": "3b23dbb0-94f0-4d78-9b70-77cb59560011",
        "x-ms-version": "2023-01-03"
      },
      "RequestBody": null,
      "StatusCode": 201,
      "ResponseHeaders": {
        "Content-Length": "0",
        "Date": "Wed, 26 Jul 2023 14:06:54 GMT",
        "ETag": "\u00220x8DB8DE191A426DD\u0022",
        "Last-Modified": "Wed, 26 Jul 2023 14:06:55 GMT",
        "Server": [
          "Windows-Azure-HDFS/1.0",
          "Microsoft-HTTPAPI/2.0"
        ],
        "x-ms-client-request-id": "3b23dbb0-94f0-4d78-9b70-77cb59560011",
        "x-ms-request-id": "daaf2166-401f-0010-53ca-bf54ea000000",
        "x-ms-request-server-encrypted": "true",
        "x-ms-version": "2023-01-03"
      },
      "ResponseBody": null
    },
    {
      "RequestUri": "https://REDACTED/3e7ccd390updateaclrecursiveerrormiddleofbatches03b9697702e2/3e7ccd391updateaclrecursiveerrormiddleofbatches03b4229785ce%2F3e7ccd392updateaclrecursiveerrormiddleofbatches03b43045a480%2F3e7ccd394updateaclrecursiveerrormiddleofbatches03b12429cfe6?resource=file",
      "RequestMethod": "PUT",
      "RequestHeaders": {
        "Accept": "application/json",
        "Authorization": "Sanitized",
        "Content-Length": "0",
        "Date": "Wed, 26 Jul 2023 14:06:55 GMT",
        "If-None-Match": "*",
        "User-Agent": "azsdk-java-azure-storage-file-datalake/12.17.0-beta.1 (17.0.7; Windows 11; 10.0)",
        "x-ms-client-request-id": "dbddbede-f4b4-42e6-9872-668c39eb706a",
        "x-ms-version": "2023-01-03"
      },
      "RequestBody": null,
      "StatusCode": 201,
      "ResponseHeaders": {
        "Content-Length": "0",
        "Date": "Wed, 26 Jul 2023 14:06:54 GMT",
        "ETag": "\u00220x8DB8DE191A91BA5\u0022",
        "Last-Modified": "Wed, 26 Jul 2023 14:06:55 GMT",
        "Server": [
          "Windows-Azure-HDFS/1.0",
          "Microsoft-HTTPAPI/2.0"
        ],
        "x-ms-client-request-id": "dbddbede-f4b4-42e6-9872-668c39eb706a",
        "x-ms-request-id": "daaf216c-401f-0010-59ca-bf54ea000000",
        "x-ms-request-server-encrypted": "true",
        "x-ms-version": "2023-01-03"
      },
      "ResponseBody": null
    },
    {
      "RequestUri": "https://REDACTED/3e7ccd390updateaclrecursiveerrormiddleofbatches03b9697702e2/3e7ccd391updateaclrecursiveerrormiddleofbatches03b4229785ce%2F3e7ccd395updateaclrecursiveerrormiddleofbatches03b28264d018?resource=directory",
      "RequestMethod": "PUT",
      "RequestHeaders": {
        "Accept": "application/json",
        "Authorization": "Sanitized",
        "Content-Length": "0",
        "Date": "Wed, 26 Jul 2023 14:06:55 GMT",
        "If-None-Match": "*",
        "User-Agent": "azsdk-java-azure-storage-file-datalake/12.17.0-beta.1 (17.0.7; Windows 11; 10.0)",
        "x-ms-client-request-id": "1cc317e3-238a-40a4-9702-acf76f7bbbc4",
        "x-ms-version": "2023-01-03"
      },
      "RequestBody": null,
      "StatusCode": 201,
      "ResponseHeaders": {
        "Content-Length": "0",
        "Date": "Wed, 26 Jul 2023 14:06:54 GMT",
        "ETag": "\u00220x8DB8DE191ADB1EF\u0022",
        "Last-Modified": "Wed, 26 Jul 2023 14:06:55 GMT",
        "Server": [
          "Windows-Azure-HDFS/1.0",
          "Microsoft-HTTPAPI/2.0"
        ],
        "x-ms-client-request-id": "1cc317e3-238a-40a4-9702-acf76f7bbbc4",
        "x-ms-request-id": "daaf216f-401f-0010-5cca-bf54ea000000",
        "x-ms-request-server-encrypted": "true",
        "x-ms-version": "2023-01-03"
      },
      "ResponseBody": null
    },
    {
      "RequestUri": "https://REDACTED/3e7ccd390updateaclrecursiveerrormiddleofbatches03b9697702e2/3e7ccd391updateaclrecursiveerrormiddleofbatches03b4229785ce%2F3e7ccd395updateaclrecursiveerrormiddleofbatches03b28264d018%2F3e7ccd396updateaclrecursiveerrormiddleofbatches03b1086443c4?resource=file",
      "RequestMethod": "PUT",
      "RequestHeaders": {
        "Accept": "application/json",
        "Authorization": "Sanitized",
        "Content-Length": "0",
        "Date": "Wed, 26 Jul 2023 14:06:55 GMT",
        "If-None-Match": "*",
        "User-Agent": "azsdk-java-azure-storage-file-datalake/12.17.0-beta.1 (17.0.7; Windows 11; 10.0)",
        "x-ms-client-request-id": "ca923812-4322-4eab-b801-5de6e04c739d",
        "x-ms-version": "2023-01-03"
      },
      "RequestBody": null,
      "StatusCode": 201,
      "ResponseHeaders": {
        "Content-Length": "0",
        "Date": "Wed, 26 Jul 2023 14:06:54 GMT",
        "ETag": "\u00220x8DB8DE191B34011\u0022",
        "Last-Modified": "Wed, 26 Jul 2023 14:06:55 GMT",
        "Server": [
          "Windows-Azure-HDFS/1.0",
          "Microsoft-HTTPAPI/2.0"
        ],
        "x-ms-client-request-id": "ca923812-4322-4eab-b801-5de6e04c739d",
        "x-ms-request-id": "daaf2171-401f-0010-5eca-bf54ea000000",
        "x-ms-request-server-encrypted": "true",
        "x-ms-version": "2023-01-03"
      },
      "ResponseBody": null
    },
    {
      "RequestUri": "https://REDACTED/3e7ccd390updateaclrecursiveerrormiddleofbatches03b9697702e2/3e7ccd391updateaclrecursiveerrormiddleofbatches03b4229785ce%2F3e7ccd397updateaclrecursiveerrormiddleofbatches03b86124d88a?resource=file",
      "RequestMethod": "PUT",
      "RequestHeaders": {
        "Accept": "application/json",
        "Authorization": "Sanitized",
        "Content-Length": "0",
        "Date": "Wed, 26 Jul 2023 14:06:55 GMT",
        "If-None-Match": "*",
        "User-Agent": "azsdk-java-azure-storage-file-datalake/12.17.0-beta.1 (17.0.7; Windows 11; 10.0)",
        "x-ms-client-request-id": "5d6d874b-6443-41bf-84b9-fef5b2a6b7d7",
        "x-ms-version": "2023-01-03"
      },
      "RequestBody": null,
      "StatusCode": 201,
      "ResponseHeaders": {
        "Content-Length": "0",
        "Date": "Wed, 26 Jul 2023 14:06:54 GMT",
        "ETag": "\u00220x8DB8DE191B87CA2\u0022",
        "Last-Modified": "Wed, 26 Jul 2023 14:06:55 GMT",
        "Server": [
          "Windows-Azure-HDFS/1.0",
          "Microsoft-HTTPAPI/2.0"
        ],
        "x-ms-client-request-id": "5d6d874b-6443-41bf-84b9-fef5b2a6b7d7",
        "x-ms-request-id": "daaf2178-401f-0010-65ca-bf54ea000000",
        "x-ms-request-server-encrypted": "true",
        "x-ms-version": "2023-01-03"
      },
      "ResponseBody": null
    },
    {
      "RequestUri": "https://REDACTED/3e7ccd390updateaclrecursiveerrormiddleofbatches03b9697702e2/3e7ccd391updateaclrecursiveerrormiddleofbatches03b4229785ce?action=setAccessControlRecursive\u0026mode=modify\u0026forceFlag=false\u0026maxRecords=2",
      "RequestMethod": "PATCH",
      "RequestHeaders": {
        "Accept": "application/json",
        "Authorization": "Sanitized",
        "Content-Length": "0",
        "Date": "Wed, 26 Jul 2023 14:06:55 GMT",
        "User-Agent": "azsdk-java-azure-storage-file-datalake/12.17.0-beta.1 (17.0.7; Windows 11; 10.0)",
        "x-ms-acl": "user::rwx,group::r--,other::---,mask::rwx",
        "x-ms-client-request-id": "174fab0c-ae07-4691-bce9-3f8bd334c201",
        "x-ms-version": "2023-01-03"
      },
      "RequestBody": null,
      "StatusCode": 200,
      "ResponseHeaders": {
        "Date": "Wed, 26 Jul 2023 14:06:54 GMT",
        "Server": [
          "Windows-Azure-HDFS/1.0",
          "Microsoft-HTTPAPI/2.0"
        ],
        "Transfer-Encoding": "chunked",
        "x-ms-client-request-id": "174fab0c-ae07-4691-bce9-3f8bd334c201",
        "x-ms-continuation": "VBa73tW\u002B4czL2VQYqQIYowIvZHRsa3N0b3JhZ2VqdW5pdAEwMUQ5QkYxNzBCOUMxRjdGLzNlN2NjZDM5MHVwZGF0ZWFjbHJlY3Vyc2l2ZWVycm9ybWlkZGxlb2ZiYXRjaGVzMDNiOTY5NzcwMmUyATAxRDlCRkNBNkYxNzgwQUQvM2U3Y2NkMzkxdXBkYXRlYWNscmVjdXJzaXZlZXJyb3JtaWRkbGVvZmJhdGNoZXMwM2I0MjI5Nzg1Y2UvM2U3Y2NkMzkydXBkYXRlYWNscmVjdXJzaXZlZXJyb3JtaWRkbGVvZmJhdGNoZXMwM2I0MzA0NWE0ODAvM2U3Y2NkMzkzdXBkYXRlYWNscmVjdXJzaXZlZXJyb3JtaWRkbGVvZmJhdGNoZXMwM2I4NDUyNWEzODIWAAAA",
        "x-ms-namespace-enabled": "true",
        "x-ms-request-id": "daaf217c-401f-0010-69ca-bf54ea000000",
        "x-ms-version": "2023-01-03"
      },
      "ResponseBody": "eyJkaXJlY3Rvcmllc1N1Y2Nlc3NmdWwiOjIsImZhaWxlZEVudHJpZXMiOltdLCJmYWlsdXJlQ291bnQiOjAsImZpbGVzU3VjY2Vzc2Z1bCI6MH0K"
    }
  ],
  "Variables": {
    "0": "3e7ccd390updateaclrecursiveerrormiddleofbatches03b9697702e2",
    "1": "3e7ccd391updateaclrecursiveerrormiddleofbatches03b4229785ce",
    "2": "3e7ccd392updateaclrecursiveerrormiddleofbatches03b43045a480",
    "3": "3e7ccd393updateaclrecursiveerrormiddleofbatches03b84525a382",
    "4": "3e7ccd394updateaclrecursiveerrormiddleofbatches03b12429cfe6",
    "5": "3e7ccd395updateaclrecursiveerrormiddleofbatches03b28264d018",
    "6": "3e7ccd396updateaclrecursiveerrormiddleofbatches03b1086443c4",
    "7": "3e7ccd397updateaclrecursiveerrormiddleofbatches03b86124d88a"
  }
}
