{
  "Entries": [
    {
      "RequestUri": "https://REDACTED/0da86fdb0deleteifexistsdirthatwasalreadydeleteddfd869503cdc?restype=container",
      "RequestMethod": "PUT",
      "RequestHeaders": {
        "Accept": "application/xml",
        "Authorization": "Sanitized",
        "Content-Length": "0",
        "Date": "Wed, 26 Jul 2023 14:06:43 GMT",
        "User-Agent": "azsdk-java-azure-storage-blob/12.24.0-beta.1 azsdk-java-azure-storage-file-datalake/12.17.0-beta.1 (17.0.7; Windows 11; 10.0)",
        "x-ms-client-request-id": "c10ca5b3-8f70-4198-996c-400b881ee5e6",
        "x-ms-version": "2023-01-03"
      },
      "RequestBody": null,
      "StatusCode": 201,
      "ResponseHeaders": {
        "Content-Length": "0",
        "Date": "Wed, 26 Jul 2023 14:06:42 GMT",
        "ETag": "\u00220x8DB8DE18A93C673\u0022",
        "Last-Modified": "Wed, 26 Jul 2023 14:06:43 GMT",
        "Server": [
          "Windows-Azure-Blob/1.0",
          "Microsoft-HTTPAPI/2.0"
        ],
        "x-ms-client-request-id": "c10ca5b3-8f70-4198-996c-400b881ee5e6",
        "x-ms-request-id": "23248a39-c01e-006c-68ca-bf7a15000000",
        "x-ms-version": "2023-01-03"
      },
      "ResponseBody": null
    },
    {
      "RequestUri": "https://REDACTED/0da86fdb0deleteifexistsdirthatwasalreadydeleteddfd869503cdc/0da86fdb1deleteifexistsdirthatwasalreadydeleteddfd873832477?resource=directory",
      "RequestMethod": "PUT",
      "RequestHeaders": {
        "Accept": "application/json",
        "Authorization": "Sanitized",
        "Content-Length": "0",
        "Date": "Wed, 26 Jul 2023 14:06:43 GMT",
        "If-None-Match": "*",
        "User-Agent": "azsdk-java-azure-storage-file-datalake/12.17.0-beta.1 (17.0.7; Windows 11; 10.0)",
        "x-ms-client-request-id": "4676439f-e945-433b-bcbb-4966cd332867",
        "x-ms-version": "2023-01-03"
      },
      "RequestBody": null,
      "StatusCode": 201,
      "ResponseHeaders": {
        "Content-Length": "0",
        "Date": "Wed, 26 Jul 2023 14:06:42 GMT",
        "ETag": "\u00220x8DB8DE18A9CEE01\u0022",
        "Last-Modified": "Wed, 26 Jul 2023 14:06:43 GMT",
        "Server": [
          "Windows-Azure-HDFS/1.0",
          "Microsoft-HTTPAPI/2.0"
        ],
        "x-ms-client-request-id": "4676439f-e945-433b-bcbb-4966cd332867",
        "x-ms-request-id": "61cab768-901f-005e-12ca-bf7a62000000",
        "x-ms-request-server-encrypted": "true",
        "x-ms-version": "2023-01-03"
      },
      "ResponseBody": null
    },
    {
      "RequestUri": "https://REDACTED/0da86fdb0deleteifexistsdirthatwasalreadydeleteddfd869503cdc/0da86fdb1deleteifexistsdirthatwasalreadydeleteddfd873832477?recursive=false",
      "RequestMethod": "DELETE",
      "RequestHeaders": {
        "Accept": "application/json",
        "Authorization": "Sanitized",
        "Content-Length": "0",
        "Date": "Wed, 26 Jul 2023 14:06:43 GMT",
        "User-Agent": "azsdk-java-azure-storage-file-datalake/12.17.0-beta.1 (17.0.7; Windows 11; 10.0)",
        "x-ms-client-request-id": "0ae22303-224b-44d1-8407-e46ef601688f",
        "x-ms-version": "2023-01-03"
      },
      "RequestBody": null,
      "StatusCode": 200,
      "ResponseHeaders": {
        "Content-Length": "0",
        "Date": "Wed, 26 Jul 2023 14:06:43 GMT",
        "Server": [
          "Windows-Azure-HDFS/1.0",
          "Microsoft-HTTPAPI/2.0"
        ],
        "x-ms-client-request-id": "0ae22303-224b-44d1-8407-e46ef601688f",
        "x-ms-delete-type-permanent": "false",
        "x-ms-deletion-id": "133348540036140734",
        "x-ms-request-id": "61cab76f-901f-005e-19ca-bf7a62000000",
        "x-ms-version": "2023-01-03"
      },
      "ResponseBody": null
    },
    {
      "RequestUri": "https://REDACTED/0da86fdb0deleteifexistsdirthatwasalreadydeleteddfd869503cdc/0da86fdb1deleteifexistsdirthatwasalreadydeleteddfd873832477?recursive=false",
      "RequestMethod": "DELETE",
      "RequestHeaders": {
        "Accept": "application/json",
        "Authorization": "Sanitized",
        "Content-Length": "0",
        "Date": "Wed, 26 Jul 2023 14:06:43 GMT",
        "User-Agent": "azsdk-java-azure-storage-file-datalake/12.17.0-beta.1 (17.0.7; Windows 11; 10.0)",
        "x-ms-client-request-id": "6717d7b7-91de-4153-b984-e04e3cd842ad",
        "x-ms-version": "2023-01-03"
      },
      "RequestBody": null,
      "StatusCode": 404,
      "ResponseHeaders": {
        "Content-Length": "163",
        "Content-Type": "application/json; charset=utf-8",
        "Date": "Wed, 26 Jul 2023 14:06:43 GMT",
        "Server": [
          "Windows-Azure-HDFS/1.0",
          "Microsoft-HTTPAPI/2.0"
        ],
        "x-ms-client-request-id": "6717d7b7-91de-4153-b984-e04e3cd842ad",
        "x-ms-error-code": "PathNotFound",
        "x-ms-request-id": "b9152524-801f-0052-3aca-bfed6a000000",
        "x-ms-version": "2023-01-03"
      },
      "ResponseBody": {
        "error": {
          "code": "PathNotFound",
          "message": "The specified path does not exist.\nRequestId:b9152524-801f-0052-3aca-bfed6a000000\nTime:2023-07-26T14:06:43.7566054Z"
        }
      }
    }
  ],
  "Variables": {
    "0": "0da86fdb0deleteifexistsdirthatwasalreadydeleteddfd869503cdc",
    "1": "0da86fdb1deleteifexistsdirthatwasalreadydeleteddfd873832477"
  }
}
