{
  "Entries": [
    {
      "RequestUri": "https://REDACTED/c66a3eb10createfileacfailbfb1454226879f532de8440?restype=container",
      "RequestMethod": "PUT",
      "RequestHeaders": {
        "Accept": "application/xml",
        "Authorization": "Sanitized",
        "Content-Length": "0",
        "Date": "Wed, 26 Jul 2023 14:06:43 GMT",
        "User-Agent": "azsdk-java-azure-storage-blob/12.24.0-beta.1 azsdk-java-azure-storage-file-datalake/12.17.0-beta.1 (17.0.7; Windows 11; 10.0)",
        "x-ms-client-request-id": "e704a7a2-cbd0-438f-af27-2e88035366ae",
        "x-ms-version": "2023-01-03"
      },
      "RequestBody": null,
      "StatusCode": 201,
      "ResponseHeaders": {
        "Content-Length": "0",
        "Date": "Wed, 26 Jul 2023 14:06:42 GMT",
        "ETag": "\u00220x8DB8DE18A8BA88B\u0022",
        "Last-Modified": "Wed, 26 Jul 2023 14:06:43 GMT",
        "Server": [
          "Windows-Azure-Blob/1.0",
          "Microsoft-HTTPAPI/2.0"
        ],
        "x-ms-client-request-id": "e704a7a2-cbd0-438f-af27-2e88035366ae",
        "x-ms-request-id": "4688be63-101e-0050-4aca-bf53d2000000",
        "x-ms-version": "2023-01-03"
      },
      "ResponseBody": null
    },
    {
      "RequestUri": "https://REDACTED/c66a3eb10createfileacfailbfb1454226879f532de8440/c66a3eb11createfileacfailbfb500959c9a1aa3a030445?resource=directory",
      "RequestMethod": "PUT",
      "RequestHeaders": {
        "Accept": "application/json",
        "Authorization": "Sanitized",
        "Content-Length": "0",
        "Date": "Wed, 26 Jul 2023 14:06:43 GMT",
        "If-None-Match": "*",
        "User-Agent": "azsdk-java-azure-storage-file-datalake/12.17.0-beta.1 (17.0.7; Windows 11; 10.0)",
        "x-ms-client-request-id": "36fcffe3-499d-4615-a711-09c941f71160",
        "x-ms-version": "2023-01-03"
      },
      "RequestBody": null,
      "StatusCode": 201,
      "ResponseHeaders": {
        "Content-Length": "0",
        "Date": "Wed, 26 Jul 2023 14:06:42 GMT",
        "ETag": "\u00220x8DB8DE18A9C9AB3\u0022",
        "Last-Modified": "Wed, 26 Jul 2023 14:06:43 GMT",
        "Server": [
          "Windows-Azure-HDFS/1.0",
          "Microsoft-HTTPAPI/2.0"
        ],
        "x-ms-client-request-id": "36fcffe3-499d-4615-a711-09c941f71160",
        "x-ms-request-id": "daaf175d-401f-0010-5bca-bf54ea000000",
        "x-ms-request-server-encrypted": "true",
        "x-ms-version": "2023-01-03"
      },
      "ResponseBody": null
    },
    {
      "RequestUri": "https://REDACTED/c66a3eb10createfileacfailbfb1454226879f532de8440/c66a3eb11createfileacfailbfb500959c9a1aa3a030445%2Fc66a3eb12createfileacfailbfb06796731c4f3582ae449?resource=file",
      "RequestMethod": "PUT",
      "RequestHeaders": {
        "Accept": "application/json",
        "Authorization": "Sanitized",
        "Content-Length": "0",
        "Date": "Wed, 26 Jul 2023 14:06:43 GMT",
        "If-None-Match": "*",
        "User-Agent": "azsdk-java-azure-storage-file-datalake/12.17.0-beta.1 (17.0.7; Windows 11; 10.0)",
        "x-ms-client-request-id": "6a54163f-4aef-40c5-a70f-69d0721cbe49",
        "x-ms-version": "2023-01-03"
      },
      "RequestBody": null,
      "StatusCode": 201,
      "ResponseHeaders": {
        "Content-Length": "0",
        "Date": "Wed, 26 Jul 2023 14:06:42 GMT",
        "ETag": "\u00220x8DB8DE18AA666E1\u0022",
        "Last-Modified": "Wed, 26 Jul 2023 14:06:43 GMT",
        "Server": [
          "Windows-Azure-HDFS/1.0",
          "Microsoft-HTTPAPI/2.0"
        ],
        "x-ms-client-request-id": "6a54163f-4aef-40c5-a70f-69d0721cbe49",
        "x-ms-request-id": "775fcdfa-801f-0030-1aca-bf2f4d000000",
        "x-ms-request-server-encrypted": "true",
        "x-ms-version": "2023-01-03"
      },
      "ResponseBody": null
    },
    {
      "RequestUri": "https://REDACTED/c66a3eb10createfileacfailbfb1454226879f532de8440/c66a3eb11createfileacfailbfb500959c9a1aa3a030445%2Fc66a3eb12createfileacfailbfb06796731c4f3582ae449?comp=lease",
      "RequestMethod": "PUT",
      "RequestHeaders": {
        "Accept": "application/xml",
        "Authorization": "Sanitized",
        "Content-Length": "0",
        "Date": "Wed, 26 Jul 2023 14:06:43 GMT",
        "User-Agent": "azsdk-java-azure-storage-file-datalake/12.17.0-beta.1 (17.0.7; Windows 11; 10.0)",
        "x-ms-client-request-id": "41c80631-045e-4078-84a5-2f02b93780b7",
        "x-ms-lease-action": "acquire",
        "x-ms-lease-duration": "-1",
        "x-ms-proposed-lease-id": "723ddb63-21d7-40ba-b954-ba1666769dad",
        "x-ms-version": "2023-01-03"
      },
      "RequestBody": null,
      "StatusCode": 201,
      "ResponseHeaders": {
        "Content-Length": "0",
        "Date": "Wed, 26 Jul 2023 14:06:42 GMT",
        "ETag": "\u00220x8DB8DE18AA666E1\u0022",
        "Last-Modified": "Wed, 26 Jul 2023 14:06:43 GMT",
        "Server": [
          "Windows-Azure-Blob/1.0",
          "Microsoft-HTTPAPI/2.0"
        ],
        "x-ms-client-request-id": "41c80631-045e-4078-84a5-2f02b93780b7",
        "x-ms-lease-id": "723ddb63-21d7-40ba-b954-ba1666769dad",
        "x-ms-request-id": "23248b17-c01e-006c-32ca-bf7a15000000",
        "x-ms-version": "2023-01-03"
      },
      "ResponseBody": null
    },
    {
      "RequestUri": "https://REDACTED/c66a3eb10createfileacfailbfb1454226879f532de8440/c66a3eb11createfileacfailbfb500959c9a1aa3a030445%2Fc66a3eb12createfileacfailbfb06796731c4f3582ae449?resource=file",
      "RequestMethod": "PUT",
      "RequestHeaders": {
        "Accept": "application/json",
        "Authorization": "Sanitized",
        "Content-Length": "0",
        "Date": "Wed, 26 Jul 2023 14:06:43 GMT",
        "User-Agent": "azsdk-java-azure-storage-file-datalake/12.17.0-beta.1 (17.0.7; Windows 11; 10.0)",
        "x-ms-client-request-id": "930ddfa0-73ef-483f-a669-fe1e884d331f",
        "x-ms-lease-id": "6c4974cc-217e-4912-a788-3d4ade8f9aa0",
        "x-ms-version": "2023-01-03"
      },
      "RequestBody": null,
      "StatusCode": 412,
      "ResponseHeaders": {
        "Content-Length": "199",
        "Content-Type": "application/json; charset=utf-8",
        "Date": "Wed, 26 Jul 2023 14:06:42 GMT",
        "Server": [
          "Windows-Azure-HDFS/1.0",
          "Microsoft-HTTPAPI/2.0"
        ],
        "x-ms-client-request-id": "930ddfa0-73ef-483f-a669-fe1e884d331f",
        "x-ms-error-code": "LeaseIdMismatch",
        "x-ms-request-id": "b9152519-801f-0052-2fca-bfed6a000000",
        "x-ms-version": "2023-01-03"
      },
      "ResponseBody": {
        "error": {
          "code": "LeaseIdMismatch",
          "message": "The lease ID specified did not match the lease ID for the resource.\nRequestId:b9152519-801f-0052-2fca-bfed6a000000\nTime:2023-07-26T14:06:43.7066340Z"
        }
      }
    }
  ],
  "Variables": {
    "0": "c66a3eb10createfileacfailbfb1454226879f532de8440",
    "1": "c66a3eb11createfileacfailbfb500959c9a1aa3a030445",
    "2": "c66a3eb12createfileacfailbfb06796731c4f3582ae449"
  }
}
