{
  "Entries": [
    {
      "RequestUri": "https://REDACTED/5cb68c540deletedirdoesnotexistanymorec8b0156430760a7b2?restype=container",
      "RequestMethod": "PUT",
      "RequestHeaders": {
        "Accept": "application/xml",
        "Authorization": "Sanitized",
        "Content-Length": "0",
        "Date": "Wed, 26 Jul 2023 14:06:31 GMT",
        "User-Agent": "azsdk-java-azure-storage-blob/12.24.0-beta.1 azsdk-java-azure-storage-file-datalake/12.17.0-beta.1 (17.0.7; Windows 11; 10.0)",
        "x-ms-client-request-id": "e8dc0ef5-f238-4a5e-bb78-d3df8a4e0662",
        "x-ms-version": "2023-01-03"
      },
      "RequestBody": null,
      "StatusCode": 201,
      "ResponseHeaders": {
        "Content-Length": "0",
        "Date": "Wed, 26 Jul 2023 14:06:31 GMT",
        "ETag": "\u00220x8DB8DE183856186\u0022",
        "Last-Modified": "Wed, 26 Jul 2023 14:06:31 GMT",
        "Server": [
          "Windows-Azure-Blob/1.0",
          "Microsoft-HTTPAPI/2.0"
        ],
        "x-ms-client-request-id": "e8dc0ef5-f238-4a5e-bb78-d3df8a4e0662",
        "x-ms-request-id": "9d3fd957-601e-0007-13ca-bffde1000000",
        "x-ms-version": "2023-01-03"
      },
      "ResponseBody": null
    },
    {
      "RequestUri": "https://REDACTED/5cb68c540deletedirdoesnotexistanymorec8b0156430760a7b2/5cb68c541deletedirdoesnotexistanymorec8b280688d7f29d6a?resource=directory",
      "RequestMethod": "PUT",
      "RequestHeaders": {
        "Accept": "application/json",
        "Authorization": "Sanitized",
        "Content-Length": "0",
        "Date": "Wed, 26 Jul 2023 14:06:31 GMT",
        "If-None-Match": "*",
        "User-Agent": "azsdk-java-azure-storage-file-datalake/12.17.0-beta.1 (17.0.7; Windows 11; 10.0)",
        "x-ms-client-request-id": "8ed2590e-4e0e-41c3-a86d-d13393755594",
        "x-ms-version": "2023-01-03"
      },
      "RequestBody": null,
      "StatusCode": 201,
      "ResponseHeaders": {
        "Content-Length": "0",
        "Date": "Wed, 26 Jul 2023 14:06:31 GMT",
        "ETag": "\u00220x8DB8DE1838DEFAA\u0022",
        "Last-Modified": "Wed, 26 Jul 2023 14:06:31 GMT",
        "Server": [
          "Windows-Azure-HDFS/1.0",
          "Microsoft-HTTPAPI/2.0"
        ],
        "x-ms-client-request-id": "8ed2590e-4e0e-41c3-a86d-d13393755594",
        "x-ms-request-id": "051d502a-e01f-0044-7cca-bf1bbd000000",
        "x-ms-request-server-encrypted": "true",
        "x-ms-version": "2023-01-03"
      },
      "ResponseBody": null
    },
    {
      "RequestUri": "https://REDACTED/5cb68c540deletedirdoesnotexistanymorec8b0156430760a7b2/5cb68c541deletedirdoesnotexistanymorec8b280688d7f29d6a?recursive=false",
      "RequestMethod": "DELETE",
      "RequestHeaders": {
        "Accept": "application/json",
        "Authorization": "Sanitized",
        "Content-Length": "0",
        "Date": "Wed, 26 Jul 2023 14:06:31 GMT",
        "User-Agent": "azsdk-java-azure-storage-file-datalake/12.17.0-beta.1 (17.0.7; Windows 11; 10.0)",
        "x-ms-client-request-id": "cefd4737-763d-4047-a409-fd45cbb0a2cf",
        "x-ms-version": "2023-01-03"
      },
      "RequestBody": null,
      "StatusCode": 200,
      "ResponseHeaders": {
        "Content-Length": "0",
        "Date": "Wed, 26 Jul 2023 14:06:30 GMT",
        "Server": [
          "Windows-Azure-HDFS/1.0",
          "Microsoft-HTTPAPI/2.0"
        ],
        "x-ms-client-request-id": "cefd4737-763d-4047-a409-fd45cbb0a2cf",
        "x-ms-delete-type-permanent": "false",
        "x-ms-deletion-id": "133348539917790977",
        "x-ms-request-id": "8e0dd7f5-d01f-0002-7cca-bf2f3a000000",
        "x-ms-version": "2023-01-03"
      },
      "ResponseBody": null
    },
    {
      "RequestUri": "https://REDACTED/5cb68c540deletedirdoesnotexistanymorec8b0156430760a7b2/5cb68c541deletedirdoesnotexistanymorec8b280688d7f29d6a",
      "RequestMethod": "HEAD",
      "RequestHeaders": {
        "Accept": "application/xml",
        "Authorization": "Sanitized",
        "Content-Length": "0",
        "Date": "Wed, 26 Jul 2023 14:06:31 GMT",
        "User-Agent": "azsdk-java-azure-storage-blob/12.24.0-beta.1 azsdk-java-azure-storage-file-datalake/12.17.0-beta.1 (17.0.7; Windows 11; 10.0)",
        "x-ms-client-request-id": "5bc7d110-7053-425a-8bbe-5d499091e8f6",
        "x-ms-version": "2023-01-03"
      },
      "RequestBody": null,
      "StatusCode": 404,
      "ResponseHeaders": {
        "Date": "Wed, 26 Jul 2023 14:06:30 GMT",
        "Server": [
          "Windows-Azure-Blob/1.0",
          "Microsoft-HTTPAPI/2.0"
        ],
        "Transfer-Encoding": "chunked",
        "Vary": "Origin",
        "x-ms-client-request-id": "5bc7d110-7053-425a-8bbe-5d499091e8f6",
        "x-ms-error-code": "BlobNotFound",
        "x-ms-request-id": "2324485b-c01e-006c-25ca-bf7a15000000",
        "x-ms-version": "2023-01-03"
      },
      "ResponseBody": null
    }
  ],
  "Variables": {
    "0": "5cb68c540deletedirdoesnotexistanymorec8b0156430760a7b2",
    "1": "5cb68c541deletedirdoesnotexistanymorec8b280688d7f29d6a"
  }
}
