{
  "Entries": [
    {
      "RequestUri": "https://REDACTED/312403d80createdeletefileurlencoding77240784bb8e91bf4?restype=container",
      "RequestMethod": "PUT",
      "RequestHeaders": {
        "Accept": "application/xml",
        "Authorization": "Sanitized",
        "Content-Length": "0",
        "Date": "Wed, 26 Jul 2023 14:06:52 GMT",
        "User-Agent": "azsdk-java-azure-storage-blob/12.24.0-beta.1 azsdk-java-azure-storage-file-datalake/12.17.0-beta.1 (17.0.7; Windows 11; 10.0)",
        "x-ms-client-request-id": "8d09bdb6-0ab8-4eb8-95fd-33508294df8c",
        "x-ms-version": "2023-01-03"
      },
      "RequestBody": null,
      "StatusCode": 201,
      "ResponseHeaders": {
        "Content-Length": "0",
        "Date": "Wed, 26 Jul 2023 14:06:51 GMT",
        "ETag": "\u00220x8DB8DE18FE0B47B\u0022",
        "Last-Modified": "Wed, 26 Jul 2023 14:06:52 GMT",
        "Server": [
          "Windows-Azure-Blob/1.0",
          "Microsoft-HTTPAPI/2.0"
        ],
        "x-ms-client-request-id": "8d09bdb6-0ab8-4eb8-95fd-33508294df8c",
        "x-ms-request-id": "2324bd0e-c01e-006c-4fca-bf7a15000000",
        "x-ms-version": "2023-01-03"
      },
      "ResponseBody": null
    },
    {
      "RequestUri": "https://REDACTED/312403d80createdeletefileurlencoding77240784bb8e91bf4/312403d81createdeletefileurlencoding77272975a2c6ecd3c?resource=directory",
      "RequestMethod": "PUT",
      "RequestHeaders": {
        "Accept": "application/json",
        "Authorization": "Sanitized",
        "Content-Length": "0",
        "Date": "Wed, 26 Jul 2023 14:06:52 GMT",
        "If-None-Match": "*",
        "User-Agent": "azsdk-java-azure-storage-file-datalake/12.17.0-beta.1 (17.0.7; Windows 11; 10.0)",
        "x-ms-client-request-id": "d4a464cd-2c15-44a9-b144-b550351a8ecc",
        "x-ms-version": "2023-01-03"
      },
      "RequestBody": null,
      "StatusCode": 201,
      "ResponseHeaders": {
        "Content-Length": "0",
        "Date": "Wed, 26 Jul 2023 14:06:52 GMT",
        "ETag": "\u00220x8DB8DE18FE845B9\u0022",
        "Last-Modified": "Wed, 26 Jul 2023 14:06:52 GMT",
        "Server": [
          "Windows-Azure-HDFS/1.0",
          "Microsoft-HTTPAPI/2.0"
        ],
        "x-ms-client-request-id": "d4a464cd-2c15-44a9-b144-b550351a8ecc",
        "x-ms-request-id": "051d66d0-e01f-0044-0dca-bf1bbd000000",
        "x-ms-request-server-encrypted": "true",
        "x-ms-version": "2023-01-03"
      },
      "ResponseBody": null
    },
    {
      "RequestUri": "https://REDACTED/312403d80createdeletefileurlencoding77240784bb8e91bf4/312403d82createdeletefileurlencoding77293366e185273c3%2F%E6%96%91%E9%BB%9E?resource=file",
      "RequestMethod": "PUT",
      "RequestHeaders": {
        "Accept": "application/json",
        "Authorization": "Sanitized",
        "Content-Length": "0",
        "Date": "Wed, 26 Jul 2023 14:06:52 GMT",
        "User-Agent": "azsdk-java-azure-storage-file-datalake/12.17.0-beta.1 (17.0.7; Windows 11; 10.0)",
        "x-ms-client-request-id": "c6eee102-2dc0-41fd-932b-d8c6af830c7c",
        "x-ms-version": "2023-01-03"
      },
      "RequestBody": null,
      "StatusCode": 201,
      "ResponseHeaders": {
        "Content-Length": "0",
        "Date": "Wed, 26 Jul 2023 14:06:52 GMT",
        "ETag": "\u00220x8DB8DE18FFB903C\u0022",
        "Last-Modified": "Wed, 26 Jul 2023 14:06:52 GMT",
        "Server": [
          "Windows-Azure-HDFS/1.0",
          "Microsoft-HTTPAPI/2.0"
        ],
        "x-ms-client-request-id": "c6eee102-2dc0-41fd-932b-d8c6af830c7c",
        "x-ms-request-id": "051d66e5-e01f-0044-18ca-bf1bbd000000",
        "x-ms-request-server-encrypted": "true",
        "x-ms-version": "2023-01-03"
      },
      "ResponseBody": null
    },
    {
      "RequestUri": "https://REDACTED/312403d80createdeletefileurlencoding77240784bb8e91bf4/312403d82createdeletefileurlencoding77293366e185273c3%2F%E6%96%91%E9%BB%9E",
      "RequestMethod": "DELETE",
      "RequestHeaders": {
        "Accept": "application/json",
        "Authorization": "Sanitized",
        "Content-Length": "0",
        "Date": "Wed, 26 Jul 2023 14:06:52 GMT",
        "User-Agent": "azsdk-java-azure-storage-file-datalake/12.17.0-beta.1 (17.0.7; Windows 11; 10.0)",
        "x-ms-client-request-id": "7a12c855-b202-42cc-b238-efbb69105207",
        "x-ms-version": "2023-01-03"
      },
      "RequestBody": null,
      "StatusCode": 200,
      "ResponseHeaders": {
        "Content-Length": "0",
        "Date": "Wed, 26 Jul 2023 14:06:52 GMT",
        "Server": [
          "Windows-Azure-HDFS/1.0",
          "Microsoft-HTTPAPI/2.0"
        ],
        "x-ms-client-request-id": "7a12c855-b202-42cc-b238-efbb69105207",
        "x-ms-delete-type-permanent": "false",
        "x-ms-deletion-id": "133348540126382044",
        "x-ms-request-id": "051d6710-e01f-0044-33ca-bf1bbd000000",
        "x-ms-version": "2023-01-03"
      },
      "ResponseBody": null
    }
  ],
  "Variables": {
    "0": "312403d80createdeletefileurlencoding77240784bb8e91bf4",
    "1": "312403d81createdeletefileurlencoding77272975a2c6ecd3c",
    "2": "312403d82createdeletefileurlencoding77293366e185273c3"
  }
}
