{
  "Entries": [
    {
      "RequestUri": "https://REDACTED/655d69240deleteifexistsacfad02008d41a336e02e748d?restype=container",
      "RequestMethod": "PUT",
      "RequestHeaders": {
        "Accept": "application/xml",
        "Authorization": "Sanitized",
        "Content-Length": "0",
        "Date": "Wed, 26 Jul 2023 14:06:30 GMT",
        "User-Agent": "azsdk-java-azure-storage-blob/12.24.0-beta.1 azsdk-java-azure-storage-file-datalake/12.17.0-beta.1 (17.0.7; Windows 11; 10.0)",
        "x-ms-client-request-id": "767ad548-2895-4316-9937-47da329f68f1",
        "x-ms-version": "2023-01-03"
      },
      "RequestBody": null,
      "StatusCode": 201,
      "ResponseHeaders": {
        "Content-Length": "0",
        "Date": "Wed, 26 Jul 2023 14:06:29 GMT",
        "ETag": "\u00220x8DB8DE182C83B9F\u0022",
        "Last-Modified": "Wed, 26 Jul 2023 14:06:30 GMT",
        "Server": [
          "Windows-Azure-Blob/1.0",
          "Microsoft-HTTPAPI/2.0"
        ],
        "x-ms-client-request-id": "767ad548-2895-4316-9937-47da329f68f1",
        "x-ms-request-id": "b92bd0f8-701e-0056-46ca-bf606d000000",
        "x-ms-version": "2023-01-03"
      },
      "ResponseBody": null
    },
    {
      "RequestUri": "https://REDACTED/655d69240deleteifexistsacfad02008d41a336e02e748d/655d69241deleteifexistsacfad05112b098e777cb724b8?resource=file",
      "RequestMethod": "PUT",
      "RequestHeaders": {
        "Accept": "application/json",
        "Authorization": "Sanitized",
        "Content-Length": "0",
        "Date": "Wed, 26 Jul 2023 14:06:30 GMT",
        "If-None-Match": "*",
        "User-Agent": "azsdk-java-azure-storage-file-datalake/12.17.0-beta.1 (17.0.7; Windows 11; 10.0)",
        "x-ms-client-request-id": "7a15232a-7aad-4cc1-85ff-922129d83ab2",
        "x-ms-version": "2023-01-03"
      },
      "RequestBody": null,
      "StatusCode": 201,
      "ResponseHeaders": {
        "Content-Length": "0",
        "Date": "Wed, 26 Jul 2023 14:06:29 GMT",
        "ETag": "\u00220x8DB8DE182D75E1B\u0022",
        "Last-Modified": "Wed, 26 Jul 2023 14:06:30 GMT",
        "Server": [
          "Windows-Azure-HDFS/1.0",
          "Microsoft-HTTPAPI/2.0"
        ],
        "x-ms-client-request-id": "7a15232a-7aad-4cc1-85ff-922129d83ab2",
        "x-ms-request-id": "daaf0a8b-401f-0010-13ca-bf54ea000000",
        "x-ms-request-server-encrypted": "true",
        "x-ms-version": "2023-01-03"
      },
      "ResponseBody": null
    },
    {
      "RequestUri": "https://REDACTED/655d69240deleteifexistsacfad02008d41a336e02e748d/655d69241deleteifexistsacfad05112b098e777cb724b8?recursive=false",
      "RequestMethod": "DELETE",
      "RequestHeaders": {
        "Accept": "application/json",
        "Authorization": "Sanitized",
        "Content-Length": "0",
        "Date": "Wed, 26 Jul 2023 14:06:30 GMT",
        "If-Unmodified-Since": "Thu, 27 Jul 2023 14:06:08 GMT",
        "User-Agent": "azsdk-java-azure-storage-file-datalake/12.17.0-beta.1 (17.0.7; Windows 11; 10.0)",
        "x-ms-client-request-id": "9f8cb43d-85f2-4407-a4b0-37d7c6df03b8",
        "x-ms-version": "2023-01-03"
      },
      "RequestBody": null,
      "StatusCode": 200,
      "ResponseHeaders": {
        "Content-Length": "0",
        "Date": "Wed, 26 Jul 2023 14:06:30 GMT",
        "Server": [
          "Windows-Azure-HDFS/1.0",
          "Microsoft-HTTPAPI/2.0"
        ],
        "x-ms-client-request-id": "9f8cb43d-85f2-4407-a4b0-37d7c6df03b8",
        "x-ms-delete-type-permanent": "false",
        "x-ms-deletion-id": "133348539909179574",
        "x-ms-request-id": "daaf0b25-401f-0010-2cca-bf54ea000000",
        "x-ms-version": "2023-01-03"
      },
      "ResponseBody": null
    }
  ],
  "Variables": {
    "0": "655d69240deleteifexistsacfad02008d41a336e02e748d",
    "1": "655d69241deleteifexistsacfad05112b098e777cb724b8"
  }
}
