{
  "Entries": [
    {
      "RequestUri": "https://REDACTED/bd9452540renameurlencoded36027269e4e50b4dac8944c?restype=container",
      "RequestMethod": "PUT",
      "RequestHeaders": {
        "Accept": "application/xml",
        "Authorization": "Sanitized",
        "Content-Length": "0",
        "Date": "Wed, 26 Jul 2023 14:06:49 GMT",
        "User-Agent": "azsdk-java-azure-storage-blob/12.24.0-beta.1 azsdk-java-azure-storage-file-datalake/12.17.0-beta.1 (17.0.7; Windows 11; 10.0)",
        "x-ms-client-request-id": "6abc1ba4-61e6-4cc5-80a9-ab58431ff4b5",
        "x-ms-version": "2023-01-03"
      },
      "RequestBody": null,
      "StatusCode": 201,
      "ResponseHeaders": {
        "Content-Length": "0",
        "Date": "Wed, 26 Jul 2023 14:06:49 GMT",
        "ETag": "\u00220x8DB8DE18E6AD22A\u0022",
        "Last-Modified": "Wed, 26 Jul 2023 14:06:49 GMT",
        "Server": [
          "Windows-Azure-Blob/1.0",
          "Microsoft-HTTPAPI/2.0"
        ],
        "x-ms-client-request-id": "6abc1ba4-61e6-4cc5-80a9-ab58431ff4b5",
        "x-ms-request-id": "711c6bef-901e-0003-04ca-bf70e6000000",
        "x-ms-version": "2023-01-03"
      },
      "ResponseBody": null
    },
    {
      "RequestUri": "https://REDACTED/bd9452540renameurlencoded36027269e4e50b4dac8944c/bd9452541renameurlencoded3601847339d01da897484af?resource=file",
      "RequestMethod": "PUT",
      "RequestHeaders": {
        "Accept": "application/json",
        "Authorization": "Sanitized",
        "Content-Length": "0",
        "Date": "Wed, 26 Jul 2023 14:06:49 GMT",
        "If-None-Match": "*",
        "User-Agent": "azsdk-java-azure-storage-file-datalake/12.17.0-beta.1 (17.0.7; Windows 11; 10.0)",
        "x-ms-client-request-id": "44301f36-a79a-4384-a01e-2ceeef6491c2",
        "x-ms-version": "2023-01-03"
      },
      "RequestBody": null,
      "StatusCode": 201,
      "ResponseHeaders": {
        "Content-Length": "0",
        "Date": "Wed, 26 Jul 2023 14:06:49 GMT",
        "ETag": "\u00220x8DB8DE18E73B3FC\u0022",
        "Last-Modified": "Wed, 26 Jul 2023 14:06:50 GMT",
        "Server": [
          "Windows-Azure-HDFS/1.0",
          "Microsoft-HTTPAPI/2.0"
        ],
        "x-ms-client-request-id": "44301f36-a79a-4384-a01e-2ceeef6491c2",
        "x-ms-request-id": "b9152dd8-801f-0052-64ca-bfed6a000000",
        "x-ms-request-server-encrypted": "true",
        "x-ms-version": "2023-01-03"
      },
      "ResponseBody": null
    },
    {
      "RequestUri": "https://REDACTED/bd9452540renameurlencoded36027269e4e50b4dac8944c/bd9452542renameurlencoded36075085ed65b6af74394benull?resource=file",
      "RequestMethod": "PUT",
      "RequestHeaders": {
        "Accept": "application/json",
        "Authorization": "Sanitized",
        "Content-Length": "0",
        "Date": "Wed, 26 Jul 2023 14:06:50 GMT",
        "If-None-Match": "*",
        "User-Agent": "azsdk-java-azure-storage-file-datalake/12.17.0-beta.1 (17.0.7; Windows 11; 10.0)",
        "x-ms-client-request-id": "4ec55e40-3d21-4a3c-87d4-d6becc02bbce",
        "x-ms-version": "2023-01-03"
      },
      "RequestBody": null,
      "StatusCode": 201,
      "ResponseHeaders": {
        "Content-Length": "0",
        "Date": "Wed, 26 Jul 2023 14:06:49 GMT",
        "ETag": "\u00220x8DB8DE18E7B7ADC\u0022",
        "Last-Modified": "Wed, 26 Jul 2023 14:06:50 GMT",
        "Server": [
          "Windows-Azure-HDFS/1.0",
          "Microsoft-HTTPAPI/2.0"
        ],
        "x-ms-client-request-id": "4ec55e40-3d21-4a3c-87d4-d6becc02bbce",
        "x-ms-request-id": "b9152df2-801f-0052-7eca-bfed6a000000",
        "x-ms-request-server-encrypted": "true",
        "x-ms-version": "2023-01-03"
      },
      "ResponseBody": null
    },
    {
      "RequestUri": "https://REDACTED/bd9452540renameurlencoded36027269e4e50b4dac8944c/bd9452543renameurlencoded360773357ad6299b83ca4dc%20%25?mode=legacy",
      "RequestMethod": "PUT",
      "RequestHeaders": {
        "Accept": "application/json",
        "Authorization": "Sanitized",
        "Content-Length": "0",
        "Date": "Wed, 26 Jul 2023 14:06:50 GMT",
        "User-Agent": "azsdk-java-azure-storage-file-datalake/12.17.0-beta.1 (17.0.7; Windows 11; 10.0)",
        "x-ms-client-request-id": "2efc4a04-8579-402b-9ef5-6f9a44340038",
        "x-ms-rename-source": "/bd9452540renameurlencoded36027269e4e50b4dac8944c/bd9452542renameurlencoded36075085ed65b6af74394benull",
        "x-ms-version": "2023-01-03"
      },
      "RequestBody": null,
      "StatusCode": 201,
      "ResponseHeaders": {
        "Content-Length": "0",
        "Date": "Wed, 26 Jul 2023 14:06:49 GMT",
        "ETag": "\u00220x8DB8DE18E7B7ADC\u0022",
        "Last-Modified": "Wed, 26 Jul 2023 14:06:50 GMT",
        "Server": [
          "Windows-Azure-HDFS/1.0",
          "Microsoft-HTTPAPI/2.0"
        ],
        "x-ms-client-request-id": "2efc4a04-8579-402b-9ef5-6f9a44340038",
        "x-ms-request-id": "b9152e06-801f-0052-12ca-bfed6a000000",
        "x-ms-version": "2023-01-03"
      },
      "ResponseBody": null
    },
    {
      "RequestUri": "https://REDACTED/bd9452540renameurlencoded36027269e4e50b4dac8944c/bd9452543renameurlencoded360773357ad6299b83ca4dc%20%25",
      "RequestMethod": "HEAD",
      "RequestHeaders": {
        "Accept": "application/xml",
        "Authorization": "Sanitized",
        "Content-Length": "0",
        "Date": "Wed, 26 Jul 2023 14:06:50 GMT",
        "User-Agent": "azsdk-java-azure-storage-file-datalake/12.17.0-beta.1 (17.0.7; Windows 11; 10.0)",
        "x-ms-client-request-id": "d8571d5c-9eae-4956-97e5-7bdaec44b345",
        "x-ms-version": "2023-01-03"
      },
      "RequestBody": null,
      "StatusCode": 200,
      "ResponseHeaders": {
        "Accept-Ranges": "bytes",
        "Content-Length": "0",
        "Content-Type": "application/octet-stream",
        "Date": "Wed, 26 Jul 2023 14:06:49 GMT",
        "ETag": "\u00220x8DB8DE18E7B7ADC\u0022",
        "Last-Modified": "Wed, 26 Jul 2023 14:06:50 GMT",
        "Server": [
          "Windows-Azure-Blob/1.0",
          "Microsoft-HTTPAPI/2.0"
        ],
        "Vary": "Origin",
        "x-ms-access-tier": "Hot",
        "x-ms-access-tier-inferred": "true",
        "x-ms-blob-type": "BlockBlob",
        "x-ms-client-request-id": "d8571d5c-9eae-4956-97e5-7bdaec44b345",
        "x-ms-creation-time": "Wed, 26 Jul 2023 14:06:50 GMT",
        "x-ms-group": "$superuser",
        "x-ms-lease-state": "available",
        "x-ms-lease-status": "unlocked",
        "x-ms-owner": "$superuser",
        "x-ms-permissions": "rw-r-----",
        "x-ms-request-id": "5f519f06-b01e-0049-2cca-bfd369000000",
        "x-ms-resource-type": "file",
        "x-ms-server-encrypted": "true",
        "x-ms-version": "2023-01-03"
      },
      "ResponseBody": null
    }
  ],
  "Variables": {
    "0": "bd9452540renameurlencoded36027269e4e50b4dac8944c",
    "1": "bd9452541renameurlencoded3601847339d01da897484af",
    "2": "bd9452542renameurlencoded36075085ed65b6af74394be",
    "3": "bd9452543renameurlencoded360773357ad6299b83ca4dc"
  }
}
