{
  "Entries": [
    {
      "RequestUri": "https://REDACTED/527fdcd90deletefileacf9a21526623fee8816bf455eb?restype=container",
      "RequestMethod": "PUT",
      "RequestHeaders": {
        "Accept": "application/xml",
        "Authorization": "Sanitized",
        "Content-Length": "0",
        "Date": "Wed, 26 Jul 2023 14:06:32 GMT",
        "User-Agent": "azsdk-java-azure-storage-blob/12.24.0-beta.1 azsdk-java-azure-storage-file-datalake/12.17.0-beta.1 (17.0.7; Windows 11; 10.0)",
        "x-ms-client-request-id": "748270e9-54de-4538-be50-80635d357980",
        "x-ms-version": "2023-01-03"
      },
      "RequestBody": null,
      "StatusCode": 201,
      "ResponseHeaders": {
        "Content-Length": "0",
        "Date": "Wed, 26 Jul 2023 14:06:32 GMT",
        "ETag": "\u00220x8DB8DE183F88F19\u0022",
        "Last-Modified": "Wed, 26 Jul 2023 14:06:32 GMT",
        "Server": [
          "Windows-Azure-Blob/1.0",
          "Microsoft-HTTPAPI/2.0"
        ],
        "x-ms-client-request-id": "748270e9-54de-4538-be50-80635d357980",
        "x-ms-request-id": "f36397fa-801e-0020-69ca-bfea25000000",
        "x-ms-version": "2023-01-03"
      },
      "ResponseBody": null
    },
    {
      "RequestUri": "https://REDACTED/527fdcd90deletefileacf9a21526623fee8816bf455eb/527fdcd91deletefileacf9a1300684a79675017b4e83a?resource=file",
      "RequestMethod": "PUT",
      "RequestHeaders": {
        "Accept": "application/json",
        "Authorization": "Sanitized",
        "Content-Length": "0",
        "Date": "Wed, 26 Jul 2023 14:06:32 GMT",
        "If-None-Match": "*",
        "User-Agent": "azsdk-java-azure-storage-file-datalake/12.17.0-beta.1 (17.0.7; Windows 11; 10.0)",
        "x-ms-client-request-id": "3ab8eee7-40e7-45da-a26e-664451522162",
        "x-ms-version": "2023-01-03"
      },
      "RequestBody": null,
      "StatusCode": 201,
      "ResponseHeaders": {
        "Content-Length": "0",
        "Date": "Wed, 26 Jul 2023 14:06:31 GMT",
        "ETag": "\u00220x8DB8DE184001E7F\u0022",
        "Last-Modified": "Wed, 26 Jul 2023 14:06:32 GMT",
        "Server": [
          "Windows-Azure-HDFS/1.0",
          "Microsoft-HTTPAPI/2.0"
        ],
        "x-ms-client-request-id": "3ab8eee7-40e7-45da-a26e-664451522162",
        "x-ms-request-id": "61caaf8e-901f-005e-3eca-bf7a62000000",
        "x-ms-request-server-encrypted": "true",
        "x-ms-version": "2023-01-03"
      },
      "ResponseBody": null
    },
    {
      "RequestUri": "https://REDACTED/527fdcd90deletefileacf9a21526623fee8816bf455eb/527fdcd91deletefileacf9a1300684a79675017b4e83a?comp=lease",
      "RequestMethod": "PUT",
      "RequestHeaders": {
        "Accept": "application/xml",
        "Authorization": "Sanitized",
        "Content-Length": "0",
        "Date": "Wed, 26 Jul 2023 14:06:32 GMT",
        "User-Agent": "azsdk-java-azure-storage-file-datalake/12.17.0-beta.1 (17.0.7; Windows 11; 10.0)",
        "x-ms-client-request-id": "59738606-23c8-4249-a5f2-bb6a249405c1",
        "x-ms-lease-action": "acquire",
        "x-ms-lease-duration": "-1",
        "x-ms-proposed-lease-id": "a3c44544-9495-449b-b1e1-36bfb44de70e",
        "x-ms-version": "2023-01-03"
      },
      "RequestBody": null,
      "StatusCode": 201,
      "ResponseHeaders": {
        "Content-Length": "0",
        "Date": "Wed, 26 Jul 2023 14:06:31 GMT",
        "ETag": "\u00220x8DB8DE184001E7F\u0022",
        "Last-Modified": "Wed, 26 Jul 2023 14:06:32 GMT",
        "Server": [
          "Windows-Azure-Blob/1.0",
          "Microsoft-HTTPAPI/2.0"
        ],
        "x-ms-client-request-id": "59738606-23c8-4249-a5f2-bb6a249405c1",
        "x-ms-lease-id": "a3c44544-9495-449b-b1e1-36bfb44de70e",
        "x-ms-request-id": "23244c2f-c01e-006c-39ca-bf7a15000000",
        "x-ms-version": "2023-01-03"
      },
      "ResponseBody": null
    },
    {
      "RequestUri": "https://REDACTED/527fdcd90deletefileacf9a21526623fee8816bf455eb/527fdcd91deletefileacf9a1300684a79675017b4e83a",
      "RequestMethod": "DELETE",
      "RequestHeaders": {
        "Accept": "application/json",
        "Authorization": "Sanitized",
        "Content-Length": "0",
        "Date": "Wed, 26 Jul 2023 14:06:32 GMT",
        "User-Agent": "azsdk-java-azure-storage-file-datalake/12.17.0-beta.1 (17.0.7; Windows 11; 10.0)",
        "x-ms-client-request-id": "cd53ea53-bc6f-4b6f-85fa-7b1fa7ad5005",
        "x-ms-lease-id": "a3c44544-9495-449b-b1e1-36bfb44de70e",
        "x-ms-version": "2023-01-03"
      },
      "RequestBody": null,
      "StatusCode": 200,
      "ResponseHeaders": {
        "Content-Length": "0",
        "Date": "Wed, 26 Jul 2023 14:06:32 GMT",
        "Server": [
          "Windows-Azure-HDFS/1.0",
          "Microsoft-HTTPAPI/2.0"
        ],
        "x-ms-client-request-id": "cd53ea53-bc6f-4b6f-85fa-7b1fa7ad5005",
        "x-ms-delete-type-permanent": "false",
        "x-ms-deletion-id": "133348539925568891",
        "x-ms-request-id": "1dc19637-601f-005a-1bca-bff765000000",
        "x-ms-version": "2023-01-03"
      },
      "ResponseBody": null
    }
  ],
  "Variables": {
    "0": "527fdcd90deletefileacf9a21526623fee8816bf455eb",
    "1": "527fdcd91deletefileacf9a1300684a79675017b4e83a"
  }
}
