{
  "Entries": [
    {
      "RequestUri": "https://REDACTED/af0cd6ad0appenddataerror1cd17952ab78e743407c4e9?restype=container",
      "RequestMethod": "PUT",
      "RequestHeaders": {
        "Accept": "application/xml",
        "Authorization": "Sanitized",
        "Content-Length": "0",
        "Date": "Wed, 26 Jul 2023 14:06:45 GMT",
        "User-Agent": "azsdk-java-azure-storage-blob/12.24.0-beta.1 azsdk-java-azure-storage-file-datalake/12.17.0-beta.1 (17.0.7; Windows 11; 10.0)",
        "x-ms-client-request-id": "ef2c4667-f8d3-4a4d-b51e-4f2ddbd4128a",
        "x-ms-version": "2023-01-03"
      },
      "RequestBody": null,
      "StatusCode": 201,
      "ResponseHeaders": {
        "Content-Length": "0",
        "Date": "Wed, 26 Jul 2023 14:06:45 GMT",
        "ETag": "\u00220x8DB8DE18B9E26EC\u0022",
        "Last-Modified": "Wed, 26 Jul 2023 14:06:45 GMT",
        "Server": [
          "Windows-Azure-Blob/1.0",
          "Microsoft-HTTPAPI/2.0"
        ],
        "x-ms-client-request-id": "ef2c4667-f8d3-4a4d-b51e-4f2ddbd4128a",
        "x-ms-request-id": "3e7b943a-b01e-0076-62ca-bf1bca000000",
        "x-ms-version": "2023-01-03"
      },
      "ResponseBody": null
    },
    {
      "RequestUri": "https://REDACTED/af0cd6ad0appenddataerror1cd17952ab78e743407c4e9/af0cd6ad1appenddataerror1cd41477f1dd725596ff48b?resource=file",
      "RequestMethod": "PUT",
      "RequestHeaders": {
        "Accept": "application/json",
        "Authorization": "Sanitized",
        "Content-Length": "0",
        "Date": "Wed, 26 Jul 2023 14:06:45 GMT",
        "If-None-Match": "*",
        "User-Agent": "azsdk-java-azure-storage-file-datalake/12.17.0-beta.1 (17.0.7; Windows 11; 10.0)",
        "x-ms-client-request-id": "1c98dc9f-5edc-4cdd-ae74-f44ae1c47149",
        "x-ms-version": "2023-01-03"
      },
      "RequestBody": null,
      "StatusCode": 201,
      "ResponseHeaders": {
        "Content-Length": "0",
        "Date": "Wed, 26 Jul 2023 14:06:44 GMT",
        "ETag": "\u00220x8DB8DE18BADEDA6\u0022",
        "Last-Modified": "Wed, 26 Jul 2023 14:06:45 GMT",
        "Server": [
          "Windows-Azure-HDFS/1.0",
          "Microsoft-HTTPAPI/2.0"
        ],
        "x-ms-client-request-id": "1c98dc9f-5edc-4cdd-ae74-f44ae1c47149",
        "x-ms-request-id": "daaf1834-401f-0010-2eca-bf54ea000000",
        "x-ms-request-server-encrypted": "true",
        "x-ms-version": "2023-01-03"
      },
      "ResponseBody": null
    },
    {
      "RequestUri": "https://REDACTED/af0cd6ad0appenddataerror1cd17952ab78e743407c4e9/af0cd6ad2appenddataerror1cd6255199466c5e3f83403?action=append\u0026position=0",
      "RequestMethod": "PATCH",
      "RequestHeaders": {
        "Accept": "application/json",
        "Authorization": "Sanitized",
        "Content-Length": "7",
        "Content-Type": "application/octet-stream",
        "Date": "Wed, 26 Jul 2023 14:06:45 GMT",
        "User-Agent": "azsdk-java-azure-storage-file-datalake/12.17.0-beta.1 (17.0.7; Windows 11; 10.0)",
        "x-ms-client-request-id": "5a152a22-ca4c-4f46-9386-03e5c68b3097",
        "x-ms-version": "2023-01-03"
      },
      "RequestBody": "ZGVmYXVsdA==",
      "StatusCode": 404,
      "ResponseHeaders": {
        "Content-Length": "163",
        "Content-Type": "application/json; charset=utf-8",
        "Date": "Wed, 26 Jul 2023 14:06:44 GMT",
        "Server": [
          "Windows-Azure-HDFS/1.0",
          "Microsoft-HTTPAPI/2.0"
        ],
        "x-ms-client-request-id": "5a152a22-ca4c-4f46-9386-03e5c68b3097",
        "x-ms-error-code": "PathNotFound",
        "x-ms-request-id": "b91527e0-801f-0052-73ca-bfed6a000000",
        "x-ms-version": "2023-01-03"
      },
      "ResponseBody": {
        "error": {
          "code": "PathNotFound",
          "message": "The specified path does not exist.\nRequestId:b91527e0-801f-0052-73ca-bfed6a000000\nTime:2023-07-26T14:06:45.3956705Z"
        }
      }
    }
  ],
  "Variables": {
    "0": "af0cd6ad0appenddataerror1cd17952ab78e743407c4e9",
    "1": "af0cd6ad1appenddataerror1cd41477f1dd725596ff48b",
    "2": "af0cd6ad2appenddataerror1cd6255199466c5e3f83403"
  }
}
