{
  "Entries": [
    {
      "RequestUri": "https://REDACTED/f9362d380sethttpheadersmin99d476105ff6d38ddb6d44?restype=container",
      "RequestMethod": "PUT",
      "RequestHeaders": {
        "Accept": "application/xml",
        "Authorization": "Sanitized",
        "Content-Length": "0",
        "Date": "Wed, 26 Jul 2023 14:06:33 GMT",
        "User-Agent": "azsdk-java-azure-storage-blob/12.24.0-beta.1 azsdk-java-azure-storage-file-datalake/12.17.0-beta.1 (17.0.7; Windows 11; 10.0)",
        "x-ms-client-request-id": "1d530c9c-0a7d-47c2-9f90-9240643bf794",
        "x-ms-version": "2023-01-03"
      },
      "RequestBody": null,
      "StatusCode": 201,
      "ResponseHeaders": {
        "Content-Length": "0",
        "Date": "Wed, 26 Jul 2023 14:06:32 GMT",
        "ETag": "\u00220x8DB8DE184975D4A\u0022",
        "Last-Modified": "Wed, 26 Jul 2023 14:06:33 GMT",
        "Server": [
          "Windows-Azure-Blob/1.0",
          "Microsoft-HTTPAPI/2.0"
        ],
        "x-ms-client-request-id": "1d530c9c-0a7d-47c2-9f90-9240643bf794",
        "x-ms-request-id": "9036111d-c01e-0053-5fca-bfb2b6000000",
        "x-ms-version": "2023-01-03"
      },
      "ResponseBody": null
    },
    {
      "RequestUri": "https://REDACTED/f9362d380sethttpheadersmin99d476105ff6d38ddb6d44/f9362d381sethttpheadersmin99d57425893dc830e82741?resource=file",
      "RequestMethod": "PUT",
      "RequestHeaders": {
        "Accept": "application/json",
        "Authorization": "Sanitized",
        "Content-Length": "0",
        "Date": "Wed, 26 Jul 2023 14:06:33 GMT",
        "If-None-Match": "*",
        "User-Agent": "azsdk-java-azure-storage-file-datalake/12.17.0-beta.1 (17.0.7; Windows 11; 10.0)",
        "x-ms-client-request-id": "17723695-50fb-4f1c-888d-2c95d2db0f41",
        "x-ms-version": "2023-01-03"
      },
      "RequestBody": null,
      "StatusCode": 201,
      "ResponseHeaders": {
        "Content-Length": "0",
        "Date": "Wed, 26 Jul 2023 14:06:32 GMT",
        "ETag": "\u00220x8DB8DE184A120EF\u0022",
        "Last-Modified": "Wed, 26 Jul 2023 14:06:33 GMT",
        "Server": [
          "Windows-Azure-HDFS/1.0",
          "Microsoft-HTTPAPI/2.0"
        ],
        "x-ms-client-request-id": "17723695-50fb-4f1c-888d-2c95d2db0f41",
        "x-ms-request-id": "61cab088-901f-005e-38ca-bf7a62000000",
        "x-ms-request-server-encrypted": "true",
        "x-ms-version": "2023-01-03"
      },
      "ResponseBody": null
    },
    {
      "RequestUri": "https://REDACTED/f9362d380sethttpheadersmin99d476105ff6d38ddb6d44/f9362d381sethttpheadersmin99d57425893dc830e82741",
      "RequestMethod": "HEAD",
      "RequestHeaders": {
        "Accept": "application/xml",
        "Authorization": "Sanitized",
        "Content-Length": "0",
        "Date": "Wed, 26 Jul 2023 14:06:33 GMT",
        "User-Agent": "azsdk-java-azure-storage-blob/12.24.0-beta.1 azsdk-java-azure-storage-file-datalake/12.17.0-beta.1 (17.0.7; Windows 11; 10.0)",
        "x-ms-client-request-id": "98ca63a3-e08a-408c-85c3-b5c76b2ee14a",
        "x-ms-version": "2023-01-03"
      },
      "RequestBody": null,
      "StatusCode": 200,
      "ResponseHeaders": {
        "Accept-Ranges": "bytes",
        "Content-Length": "0",
        "Content-Type": "application/octet-stream",
        "Date": "Wed, 26 Jul 2023 14:06:32 GMT",
        "ETag": "\u00220x8DB8DE184A120EF\u0022",
        "Last-Modified": "Wed, 26 Jul 2023 14:06:33 GMT",
        "Server": [
          "Windows-Azure-Blob/1.0",
          "Microsoft-HTTPAPI/2.0"
        ],
        "Vary": "Origin",
        "x-ms-access-tier": "Hot",
        "x-ms-access-tier-inferred": "true",
        "x-ms-blob-type": "BlockBlob",
        "x-ms-client-request-id": "98ca63a3-e08a-408c-85c3-b5c76b2ee14a",
        "x-ms-creation-time": "Wed, 26 Jul 2023 14:06:33 GMT",
        "x-ms-group": "$superuser",
        "x-ms-lease-state": "available",
        "x-ms-lease-status": "unlocked",
        "x-ms-owner": "$superuser",
        "x-ms-permissions": "rw-r-----",
        "x-ms-request-id": "eaf3ea20-201e-005b-74ca-bfa8b9000000",
        "x-ms-resource-type": "file",
        "x-ms-server-encrypted": "true",
        "x-ms-version": "2023-01-03"
      },
      "ResponseBody": null
    },
    {
      "RequestUri": "https://REDACTED/f9362d380sethttpheadersmin99d476105ff6d38ddb6d44/f9362d381sethttpheadersmin99d57425893dc830e82741?comp=properties",
      "RequestMethod": "PUT",
      "RequestHeaders": {
        "Accept": "application/xml",
        "Authorization": "Sanitized",
        "Content-Length": "0",
        "Date": "Wed, 26 Jul 2023 14:06:33 GMT",
        "User-Agent": "azsdk-java-azure-storage-blob/12.24.0-beta.1 azsdk-java-azure-storage-file-datalake/12.17.0-beta.1 (17.0.7; Windows 11; 10.0)",
        "x-ms-blob-content-md5": "d2grV20xOEQwejFENEUrUEUyNTJnZz09",
        "x-ms-blob-content-type": "type",
        "x-ms-client-request-id": "c9ca7fd5-9b25-4b06-b2a7-af5c04c9cb05",
        "x-ms-version": "2023-01-03"
      },
      "RequestBody": null,
      "StatusCode": 200,
      "ResponseHeaders": {
        "Content-Length": "0",
        "Date": "Wed, 26 Jul 2023 14:06:32 GMT",
        "ETag": "\u00220x8DB8DE184AA8081\u0022",
        "Last-Modified": "Wed, 26 Jul 2023 14:06:33 GMT",
        "Server": [
          "Windows-Azure-Blob/1.0",
          "Microsoft-HTTPAPI/2.0"
        ],
        "x-ms-client-request-id": "c9ca7fd5-9b25-4b06-b2a7-af5c04c9cb05",
        "x-ms-request-id": "eaf3ea41-201e-005b-12ca-bfa8b9000000",
        "x-ms-version": "2023-01-03"
      },
      "ResponseBody": null
    },
    {
      "RequestUri": "https://REDACTED/f9362d380sethttpheadersmin99d476105ff6d38ddb6d44/f9362d381sethttpheadersmin99d57425893dc830e82741",
      "RequestMethod": "HEAD",
      "RequestHeaders": {
        "Accept": "application/xml",
        "Authorization": "Sanitized",
        "Content-Length": "0",
        "Date": "Wed, 26 Jul 2023 14:06:33 GMT",
        "User-Agent": "azsdk-java-azure-storage-blob/12.24.0-beta.1 azsdk-java-azure-storage-file-datalake/12.17.0-beta.1 (17.0.7; Windows 11; 10.0)",
        "x-ms-client-request-id": "c94344a9-c3de-4b4b-ad3b-34b3a2949cb7",
        "x-ms-version": "2023-01-03"
      },
      "RequestBody": null,
      "StatusCode": 200,
      "ResponseHeaders": {
        "Accept-Ranges": "bytes",
        "Content-Length": "0",
        "Content-MD5": "d2grV20xOEQwejFENEUrUEUyNTJnZz09",
        "Content-Type": "type",
        "Date": "Wed, 26 Jul 2023 14:06:32 GMT",
        "ETag": "\u00220x8DB8DE184AA8081\u0022",
        "Last-Modified": "Wed, 26 Jul 2023 14:06:33 GMT",
        "Server": [
          "Windows-Azure-Blob/1.0",
          "Microsoft-HTTPAPI/2.0"
        ],
        "Vary": "Origin",
        "x-ms-access-tier": "Hot",
        "x-ms-access-tier-inferred": "true",
        "x-ms-blob-type": "BlockBlob",
        "x-ms-client-request-id": "c94344a9-c3de-4b4b-ad3b-34b3a2949cb7",
        "x-ms-creation-time": "Wed, 26 Jul 2023 14:06:33 GMT",
        "x-ms-group": "$superuser",
        "x-ms-lease-state": "available",
        "x-ms-lease-status": "unlocked",
        "x-ms-owner": "$superuser",
        "x-ms-permissions": "rw-r-----",
        "x-ms-request-id": "eaf3ea64-201e-005b-33ca-bfa8b9000000",
        "x-ms-resource-type": "file",
        "x-ms-server-encrypted": "true",
        "x-ms-version": "2023-01-03"
      },
      "ResponseBody": null
    }
  ],
  "Variables": {
    "0": "f9362d380sethttpheadersmin99d476105ff6d38ddb6d44",
    "1": "f9362d381sethttpheadersmin99d57425893dc830e82741"
  }
}
