{
  "Entries": [
    {
      "RequestUri": "https://REDACTED/182a9d610deleteifexistsac0ee60142030f54c0e16e4cb?restype=container",
      "RequestMethod": "PUT",
      "RequestHeaders": {
        "Accept": "application/xml",
        "Authorization": "Sanitized",
        "Content-Length": "0",
        "Date": "Wed, 26 Jul 2023 14:06:31 GMT",
        "User-Agent": "azsdk-java-azure-storage-blob/12.24.0-beta.1 azsdk-java-azure-storage-file-datalake/12.17.0-beta.1 (17.0.7; Windows 11; 10.0)",
        "x-ms-client-request-id": "f7b05993-de7d-4281-a322-47aad09be555",
        "x-ms-version": "2023-01-03"
      },
      "RequestBody": null,
      "StatusCode": 201,
      "ResponseHeaders": {
        "Content-Length": "0",
        "Date": "Wed, 26 Jul 2023 14:06:31 GMT",
        "ETag": "\u00220x8DB8DE183B40A77\u0022",
        "Last-Modified": "Wed, 26 Jul 2023 14:06:31 GMT",
        "Server": [
          "Windows-Azure-Blob/1.0",
          "Microsoft-HTTPAPI/2.0"
        ],
        "x-ms-client-request-id": "f7b05993-de7d-4281-a322-47aad09be555",
        "x-ms-request-id": "4688832f-101e-0050-2fca-bf53d2000000",
        "x-ms-version": "2023-01-03"
      },
      "ResponseBody": null
    },
    {
      "RequestUri": "https://REDACTED/182a9d610deleteifexistsac0ee60142030f54c0e16e4cb/182a9d611deleteifexistsac0ee90478f9ae008701874ab?resource=file",
      "RequestMethod": "PUT",
      "RequestHeaders": {
        "Accept": "application/json",
        "Authorization": "Sanitized",
        "Content-Length": "0",
        "Date": "Wed, 26 Jul 2023 14:06:32 GMT",
        "If-None-Match": "*",
        "User-Agent": "azsdk-java-azure-storage-file-datalake/12.17.0-beta.1 (17.0.7; Windows 11; 10.0)",
        "x-ms-client-request-id": "8bb28baa-62ff-45d6-bc89-46ab15b08819",
        "x-ms-version": "2023-01-03"
      },
      "RequestBody": null,
      "StatusCode": 201,
      "ResponseHeaders": {
        "Content-Length": "0",
        "Date": "Wed, 26 Jul 2023 14:06:31 GMT",
        "ETag": "\u00220x8DB8DE183BFF961\u0022",
        "Last-Modified": "Wed, 26 Jul 2023 14:06:32 GMT",
        "Server": [
          "Windows-Azure-HDFS/1.0",
          "Microsoft-HTTPAPI/2.0"
        ],
        "x-ms-client-request-id": "8bb28baa-62ff-45d6-bc89-46ab15b08819",
        "x-ms-request-id": "051d5083-e01f-0044-55ca-bf1bbd000000",
        "x-ms-request-server-encrypted": "true",
        "x-ms-version": "2023-01-03"
      },
      "ResponseBody": null
    },
    {
      "RequestUri": "https://REDACTED/182a9d610deleteifexistsac0ee60142030f54c0e16e4cb/182a9d611deleteifexistsac0ee90478f9ae008701874ab?comp=lease",
      "RequestMethod": "PUT",
      "RequestHeaders": {
        "Accept": "application/xml",
        "Authorization": "Sanitized",
        "Content-Length": "0",
        "Date": "Wed, 26 Jul 2023 14:06:32 GMT",
        "User-Agent": "azsdk-java-azure-storage-file-datalake/12.17.0-beta.1 (17.0.7; Windows 11; 10.0)",
        "x-ms-client-request-id": "b455c043-63d6-4b2e-967e-1cbfa4aadea4",
        "x-ms-lease-action": "acquire",
        "x-ms-lease-duration": "-1",
        "x-ms-proposed-lease-id": "616d960e-825b-4dde-9f60-e2646ff444d1",
        "x-ms-version": "2023-01-03"
      },
      "RequestBody": null,
      "StatusCode": 201,
      "ResponseHeaders": {
        "Content-Length": "0",
        "Date": "Wed, 26 Jul 2023 14:06:31 GMT",
        "ETag": "\u00220x8DB8DE183BFF961\u0022",
        "Last-Modified": "Wed, 26 Jul 2023 14:06:32 GMT",
        "Server": [
          "Windows-Azure-Blob/1.0",
          "Microsoft-HTTPAPI/2.0"
        ],
        "x-ms-client-request-id": "b455c043-63d6-4b2e-967e-1cbfa4aadea4",
        "x-ms-lease-id": "616d960e-825b-4dde-9f60-e2646ff444d1",
        "x-ms-request-id": "468883bc-101e-0050-32ca-bf53d2000000",
        "x-ms-version": "2023-01-03"
      },
      "ResponseBody": null
    },
    {
      "RequestUri": "https://REDACTED/182a9d610deleteifexistsac0ee60142030f54c0e16e4cb/182a9d611deleteifexistsac0ee90478f9ae008701874ab?recursive=false",
      "RequestMethod": "DELETE",
      "RequestHeaders": {
        "Accept": "application/json",
        "Authorization": "Sanitized",
        "Content-Length": "0",
        "Date": "Wed, 26 Jul 2023 14:06:32 GMT",
        "User-Agent": "azsdk-java-azure-storage-file-datalake/12.17.0-beta.1 (17.0.7; Windows 11; 10.0)",
        "x-ms-client-request-id": "9d0d55b0-03e1-40cd-b3a3-3246f2bd3400",
        "x-ms-lease-id": "616d960e-825b-4dde-9f60-e2646ff444d1",
        "x-ms-version": "2023-01-03"
      },
      "RequestBody": null,
      "StatusCode": 200,
      "ResponseHeaders": {
        "Content-Length": "0",
        "Date": "Wed, 26 Jul 2023 14:06:31 GMT",
        "Server": [
          "Windows-Azure-HDFS/1.0",
          "Microsoft-HTTPAPI/2.0"
        ],
        "x-ms-client-request-id": "9d0d55b0-03e1-40cd-b3a3-3246f2bd3400",
        "x-ms-delete-type-permanent": "false",
        "x-ms-deletion-id": "133348539921480486",
        "x-ms-request-id": "61caaf65-901f-005e-15ca-bf7a62000000",
        "x-ms-version": "2023-01-03"
      },
      "ResponseBody": null
    }
  ],
  "Variables": {
    "0": "182a9d610deleteifexistsac0ee60142030f54c0e16e4cb",
    "1": "182a9d611deleteifexistsac0ee90478f9ae008701874ab"
  }
}
