{
  "Entries": [
    {
      "RequestUri": "https://REDACTED/9094b2610createurlspecialcharsencodeda5705234d5ddd8cc8?restype=container",
      "RequestMethod": "PUT",
      "RequestHeaders": {
        "Accept": "application/xml",
        "Authorization": "Sanitized",
        "Content-Length": "0",
        "Date": "Wed, 26 Jul 2023 14:06:23 GMT",
        "User-Agent": "azsdk-java-azure-storage-blob/12.24.0-beta.1 azsdk-java-azure-storage-file-datalake/12.17.0-beta.1 (17.0.7; Windows 11; 10.0)",
        "x-ms-client-request-id": "e8243694-1318-42e6-9576-0e3b140c9e21",
        "x-ms-version": "2023-01-03"
      },
      "RequestBody": null,
      "StatusCode": 201,
      "ResponseHeaders": {
        "Content-Length": "0",
        "Date": "Wed, 26 Jul 2023 14:06:22 GMT",
        "ETag": "\u00220x8DB8DE17E656AB3\u0022",
        "Last-Modified": "Wed, 26 Jul 2023 14:06:23 GMT",
        "Server": [
          "Windows-Azure-Blob/1.0",
          "Microsoft-HTTPAPI/2.0"
        ],
        "x-ms-client-request-id": "e8243694-1318-42e6-9576-0e3b140c9e21",
        "x-ms-request-id": "eaf3aab7-201e-005b-13ca-bfa8b9000000",
        "x-ms-version": "2023-01-03"
      },
      "ResponseBody": null
    },
    {
      "RequestUri": "https://REDACTED/9094b2610createurlspecialcharsencodeda5705234d5ddd8cc8/az%5B%5Dfile1?resource=file",
      "RequestMethod": "PUT",
      "RequestHeaders": {
        "Accept": "application/json",
        "Authorization": "Sanitized",
        "Content-Length": "0",
        "Date": "Wed, 26 Jul 2023 14:06:23 GMT",
        "User-Agent": "azsdk-java-azure-storage-file-datalake/12.17.0-beta.1 (17.0.7; Windows 11; 10.0)",
        "x-ms-client-request-id": "d4624671-5432-4939-a494-2c6ec7551962",
        "x-ms-version": "2023-01-03"
      },
      "RequestBody": null,
      "StatusCode": 201,
      "ResponseHeaders": {
        "Content-Length": "0",
        "Date": "Wed, 26 Jul 2023 14:06:22 GMT",
        "ETag": "\u00220x8DB8DE17E795C26\u0022",
        "Last-Modified": "Wed, 26 Jul 2023 14:06:23 GMT",
        "Server": [
          "Windows-Azure-HDFS/1.0",
          "Microsoft-HTTPAPI/2.0"
        ],
        "x-ms-client-request-id": "d4624671-5432-4939-a494-2c6ec7551962",
        "x-ms-request-id": "b9150661-801f-0052-0aca-bfed6a000000",
        "x-ms-request-server-encrypted": "true",
        "x-ms-version": "2023-01-03"
      },
      "ResponseBody": null
    },
    {
      "RequestUri": "https://REDACTED/9094b2610createurlspecialcharsencodeda5705234d5ddd8cc8/az%5B%5Dfile2?resource=file",
      "RequestMethod": "PUT",
      "RequestHeaders": {
        "Accept": "application/json",
        "Authorization": "Sanitized",
        "Content-Length": "0",
        "Date": "Wed, 26 Jul 2023 14:06:23 GMT",
        "If-None-Match": "*",
        "User-Agent": "azsdk-java-azure-storage-file-datalake/12.17.0-beta.1 (17.0.7; Windows 11; 10.0)",
        "x-ms-client-request-id": "15902332-23c7-4860-90ba-25993217e812",
        "x-ms-version": "2023-01-03"
      },
      "RequestBody": null,
      "StatusCode": 201,
      "ResponseHeaders": {
        "Content-Length": "0",
        "Date": "Wed, 26 Jul 2023 14:06:22 GMT",
        "ETag": "\u00220x8DB8DE17E7F3ABF\u0022",
        "Last-Modified": "Wed, 26 Jul 2023 14:06:23 GMT",
        "Server": [
          "Windows-Azure-HDFS/1.0",
          "Microsoft-HTTPAPI/2.0"
        ],
        "x-ms-client-request-id": "15902332-23c7-4860-90ba-25993217e812",
        "x-ms-request-id": "b9150692-801f-0052-3bca-bfed6a000000",
        "x-ms-request-server-encrypted": "true",
        "x-ms-version": "2023-01-03"
      },
      "ResponseBody": null
    },
    {
      "RequestUri": "https://REDACTED/9094b2610createurlspecialcharsencodeda5705234d5ddd8cc8/az%5B%5Dfile2",
      "RequestMethod": "HEAD",
      "RequestHeaders": {
        "Accept": "application/xml",
        "Authorization": "Sanitized",
        "Content-Length": "0",
        "Date": "Wed, 26 Jul 2023 14:06:23 GMT",
        "User-Agent": "azsdk-java-azure-storage-blob/12.24.0-beta.1 azsdk-java-azure-storage-file-datalake/12.17.0-beta.1 (17.0.7; Windows 11; 10.0)",
        "x-ms-client-request-id": "4d91e9bb-137f-4a1f-8770-fca63194aa1b",
        "x-ms-version": "2023-01-03"
      },
      "RequestBody": null,
      "StatusCode": 200,
      "ResponseHeaders": {
        "Accept-Ranges": "bytes",
        "Content-Length": "0",
        "Content-Type": "application/octet-stream",
        "Date": "Wed, 26 Jul 2023 14:06:23 GMT",
        "ETag": "\u00220x8DB8DE17E7F3ABF\u0022",
        "Last-Modified": "Wed, 26 Jul 2023 14:06:23 GMT",
        "Server": [
          "Windows-Azure-Blob/1.0",
          "Microsoft-HTTPAPI/2.0"
        ],
        "Vary": "Origin",
        "x-ms-access-tier": "Hot",
        "x-ms-access-tier-inferred": "true",
        "x-ms-blob-type": "BlockBlob",
        "x-ms-client-request-id": "4d91e9bb-137f-4a1f-8770-fca63194aa1b",
        "x-ms-creation-time": "Wed, 26 Jul 2023 14:06:23 GMT",
        "x-ms-group": "$superuser",
        "x-ms-lease-state": "available",
        "x-ms-lease-status": "unlocked",
        "x-ms-owner": "$superuser",
        "x-ms-permissions": "rw-r-----",
        "x-ms-request-id": "3e7b2fb6-b01e-0076-1fca-bf1bca000000",
        "x-ms-resource-type": "file",
        "x-ms-server-encrypted": "true",
        "x-ms-version": "2023-01-03"
      },
      "ResponseBody": null
    },
    {
      "RequestUri": "https://REDACTED/9094b2610createurlspecialcharsencodeda5705234d5ddd8cc8/az%5B%5Dfile2?action=append\u0026position=0",
      "RequestMethod": "PATCH",
      "RequestHeaders": {
        "Accept": "application/json",
        "Authorization": "Sanitized",
        "Content-Length": "7",
        "Content-Type": "application/octet-stream",
        "Date": "Wed, 26 Jul 2023 14:06:23 GMT",
        "User-Agent": "azsdk-java-azure-storage-file-datalake/12.17.0-beta.1 (17.0.7; Windows 11; 10.0)",
        "x-ms-client-request-id": "749da1c0-4c8d-4af8-955f-19a56727b462",
        "x-ms-version": "2023-01-03"
      },
      "RequestBody": "ZGVmYXVsdA==",
      "StatusCode": 202,
      "ResponseHeaders": {
        "Content-Length": "0",
        "Date": "Wed, 26 Jul 2023 14:06:23 GMT",
        "Server": [
          "Windows-Azure-HDFS/1.0",
          "Microsoft-HTTPAPI/2.0"
        ],
        "x-ms-client-request-id": "749da1c0-4c8d-4af8-955f-19a56727b462",
        "x-ms-request-id": "e507ea89-c01f-0031-75ca-bf7091000000",
        "x-ms-request-server-encrypted": "true",
        "x-ms-version": "2023-01-03"
      },
      "ResponseBody": null
    },
    {
      "RequestUri": "https://REDACTED/9094b2610createurlspecialcharsencodeda5705234d5ddd8cc8/az%5B%5Ddir1?resource=directory",
      "RequestMethod": "PUT",
      "RequestHeaders": {
        "Accept": "application/json",
        "Authorization": "Sanitized",
        "Content-Length": "0",
        "Date": "Wed, 26 Jul 2023 14:06:23 GMT",
        "User-Agent": "azsdk-java-azure-storage-file-datalake/12.17.0-beta.1 (17.0.7; Windows 11; 10.0)",
        "x-ms-client-request-id": "487665ae-1c62-4213-9e53-6b6ac15493ed",
        "x-ms-version": "2023-01-03"
      },
      "RequestBody": null,
      "StatusCode": 201,
      "ResponseHeaders": {
        "Content-Length": "0",
        "Date": "Wed, 26 Jul 2023 14:06:23 GMT",
        "ETag": "\u00220x8DB8DE17E8C36C4\u0022",
        "Last-Modified": "Wed, 26 Jul 2023 14:06:23 GMT",
        "Server": [
          "Windows-Azure-HDFS/1.0",
          "Microsoft-HTTPAPI/2.0"
        ],
        "x-ms-client-request-id": "487665ae-1c62-4213-9e53-6b6ac15493ed",
        "x-ms-request-id": "e507ea8f-c01f-0031-7bca-bf7091000000",
        "x-ms-request-server-encrypted": "true",
        "x-ms-version": "2023-01-03"
      },
      "ResponseBody": null
    },
    {
      "RequestUri": "https://REDACTED/9094b2610createurlspecialcharsencodeda5705234d5ddd8cc8/az%5B%5Ddir2?resource=directory",
      "RequestMethod": "PUT",
      "RequestHeaders": {
        "Accept": "application/json",
        "Authorization": "Sanitized",
        "Content-Length": "0",
        "Date": "Wed, 26 Jul 2023 14:06:23 GMT",
        "If-None-Match": "*",
        "User-Agent": "azsdk-java-azure-storage-file-datalake/12.17.0-beta.1 (17.0.7; Windows 11; 10.0)",
        "x-ms-client-request-id": "e14d0f14-e749-4e9d-8b5f-c8e0356ce0f3",
        "x-ms-version": "2023-01-03"
      },
      "RequestBody": null,
      "StatusCode": 201,
      "ResponseHeaders": {
        "Content-Length": "0",
        "Date": "Wed, 26 Jul 2023 14:06:23 GMT",
        "ETag": "\u00220x8DB8DE17E9191A2\u0022",
        "Last-Modified": "Wed, 26 Jul 2023 14:06:23 GMT",
        "Server": [
          "Windows-Azure-HDFS/1.0",
          "Microsoft-HTTPAPI/2.0"
        ],
        "x-ms-client-request-id": "e14d0f14-e749-4e9d-8b5f-c8e0356ce0f3",
        "x-ms-request-id": "e507ea98-c01f-0031-04ca-bf7091000000",
        "x-ms-request-server-encrypted": "true",
        "x-ms-version": "2023-01-03"
      },
      "ResponseBody": null
    },
    {
      "RequestUri": "https://REDACTED/9094b2610createurlspecialcharsencodeda5705234d5ddd8cc8/az%5B%5Ddir2",
      "RequestMethod": "HEAD",
      "RequestHeaders": {
        "Accept": "application/xml",
        "Authorization": "Sanitized",
        "Content-Length": "0",
        "Date": "Wed, 26 Jul 2023 14:06:23 GMT",
        "User-Agent": "azsdk-java-azure-storage-blob/12.24.0-beta.1 azsdk-java-azure-storage-file-datalake/12.17.0-beta.1 (17.0.7; Windows 11; 10.0)",
        "x-ms-client-request-id": "c4d25893-12d1-47d5-8dd6-d617ddf02dab",
        "x-ms-version": "2023-01-03"
      },
      "RequestBody": null,
      "StatusCode": 200,
      "ResponseHeaders": {
        "Accept-Ranges": "bytes",
        "Content-Length": "0",
        "Content-Type": "application/octet-stream",
        "Date": "Wed, 26 Jul 2023 14:06:22 GMT",
        "ETag": "\u00220x8DB8DE17E9191A2\u0022",
        "Last-Modified": "Wed, 26 Jul 2023 14:06:23 GMT",
        "Server": [
          "Windows-Azure-Blob/1.0",
          "Microsoft-HTTPAPI/2.0"
        ],
        "Vary": "Origin",
        "x-ms-access-tier": "Hot",
        "x-ms-access-tier-inferred": "true",
        "x-ms-blob-type": "BlockBlob",
        "x-ms-client-request-id": "c4d25893-12d1-47d5-8dd6-d617ddf02dab",
        "x-ms-creation-time": "Wed, 26 Jul 2023 14:06:23 GMT",
        "x-ms-group": "$superuser",
        "x-ms-lease-state": "available",
        "x-ms-lease-status": "unlocked",
        "x-ms-meta-hdi_isfolder": "true",
        "x-ms-owner": "$superuser",
        "x-ms-permissions": "rwxr-x---",
        "x-ms-request-id": "eaf3ace7-201e-005b-11ca-bfa8b9000000",
        "x-ms-resource-type": "directory",
        "x-ms-server-encrypted": "true",
        "x-ms-version": "2023-01-03"
      },
      "ResponseBody": null
    },
    {
      "RequestUri": "https://REDACTED/9094b2610createurlspecialcharsencodeda5705234d5ddd8cc8?resource=filesystem\u0026recursive=false\u0026upn=false",
      "RequestMethod": "GET",
      "RequestHeaders": {
        "Accept": "application/json",
        "Authorization": "Sanitized",
        "Content-Length": "0",
        "Date": "Wed, 26 Jul 2023 14:06:23 GMT",
        "User-Agent": "azsdk-java-azure-storage-file-datalake/12.17.0-beta.1 (17.0.7; Windows 11; 10.0)",
        "x-ms-client-request-id": "a22d86d1-5778-4944-a781-d4b176cceeb3",
        "x-ms-version": "2023-01-03"
      },
      "RequestBody": null,
      "StatusCode": 200,
      "ResponseHeaders": {
        "Content-Type": "application/json; charset=utf-8",
        "Date": "Wed, 26 Jul 2023 14:06:22 GMT",
        "Server": [
          "Windows-Azure-HDFS/1.0",
          "Microsoft-HTTPAPI/2.0"
        ],
        "Transfer-Encoding": "chunked",
        "Vary": "Origin",
        "x-ms-client-request-id": "a22d86d1-5778-4944-a781-d4b176cceeb3",
        "x-ms-request-id": "5e6928fb-801f-000f-31ca-bfe7ee000000",
        "x-ms-version": "2023-01-03"
      },
      "ResponseBody": {
        "paths": [
          {
            "contentLength": "0",
            "creationTime": "133348539833333444",
            "etag": "0x8DB8DE17E8C36C4",
            "expiryTime": "0",
            "group": "$superuser",
            "isDirectory": "true",
            "lastModified": "Wed, 26 Jul 2023 14:06:23 GMT",
            "name": "az[]dir1",
            "owner": "$superuser",
            "permissions": "rwxr-x---"
          },
          {
            "contentLength": "0",
            "creationTime": "133348539833684386",
            "etag": "0x8DB8DE17E9191A2",
            "expiryTime": "0",
            "group": "$superuser",
            "isDirectory": "true",
            "lastModified": "Wed, 26 Jul 2023 14:06:23 GMT",
            "name": "az[]dir2",
            "owner": "$superuser",
            "permissions": "rwxr-x---"
          },
          {
            "contentLength": "0",
            "creationTime": "133348539832097830",
            "etag": "0x8DB8DE17E795C26",
            "expiryTime": "0",
            "group": "$superuser",
            "lastModified": "Wed, 26 Jul 2023 14:06:23 GMT",
            "name": "az[]file1",
            "owner": "$superuser",
            "permissions": "rw-r-----"
          },
          {
            "contentLength": "0",
            "creationTime": "133348539832482495",
            "etag": "0x8DB8DE17E7F3ABF",
            "expiryTime": "0",
            "group": "$superuser",
            "lastModified": "Wed, 26 Jul 2023 14:06:23 GMT",
            "name": "az[]file2",
            "owner": "$superuser",
            "permissions": "rw-r-----"
          }
        ]
      }
    }
  ],
  "Variables": {
    "0": "9094b2610createurlspecialcharsencodeda5705234d5ddd8cc8"
  }
}
