{
  "Entries": [
    {
      "RequestUri": "https://REDACTED/066725860renamedestac3fc8900686bba4ddf19445bb9?restype=container",
      "RequestMethod": "PUT",
      "RequestHeaders": {
        "Accept": "application/xml",
        "Authorization": "Sanitized",
        "Content-Length": "0",
        "Date": "Wed, 26 Jul 2023 14:06:44 GMT",
        "User-Agent": "azsdk-java-azure-storage-blob/12.24.0-beta.1 azsdk-java-azure-storage-file-datalake/12.17.0-beta.1 (17.0.7; Windows 11; 10.0)",
        "x-ms-client-request-id": "2ded3f0b-ec81-439f-a4ae-971d3cc4deb9",
        "x-ms-version": "2023-01-03"
      },
      "RequestBody": null,
      "StatusCode": 201,
      "ResponseHeaders": {
        "Content-Length": "0",
        "Date": "Wed, 26 Jul 2023 14:06:43 GMT",
        "ETag": "\u00220x8DB8DE18B1A1287\u0022",
        "Last-Modified": "Wed, 26 Jul 2023 14:06:44 GMT",
        "Server": [
          "Windows-Azure-Blob/1.0",
          "Microsoft-HTTPAPI/2.0"
        ],
        "x-ms-client-request-id": "2ded3f0b-ec81-439f-a4ae-971d3cc4deb9",
        "x-ms-request-id": "1c5b25b5-101e-0032-1aca-bf91f5000000",
        "x-ms-version": "2023-01-03"
      },
      "ResponseBody": null
    },
    {
      "RequestUri": "https://REDACTED/066725860renamedestac3fc8900686bba4ddf19445bb9/066725861renamedestac3fc31544b5783db06c044d86b?resource=file",
      "RequestMethod": "PUT",
      "RequestHeaders": {
        "Accept": "application/json",
        "Authorization": "Sanitized",
        "Content-Length": "0",
        "Date": "Wed, 26 Jul 2023 14:06:44 GMT",
        "If-None-Match": "*",
        "User-Agent": "azsdk-java-azure-storage-file-datalake/12.17.0-beta.1 (17.0.7; Windows 11; 10.0)",
        "x-ms-client-request-id": "93c0f6bc-22c9-41bc-b1ce-ff1cafa9615f",
        "x-ms-version": "2023-01-03"
      },
      "RequestBody": null,
      "StatusCode": 201,
      "ResponseHeaders": {
        "Content-Length": "0",
        "Date": "Wed, 26 Jul 2023 14:06:43 GMT",
        "ETag": "\u00220x8DB8DE18B22C103\u0022",
        "Last-Modified": "Wed, 26 Jul 2023 14:06:44 GMT",
        "Server": [
          "Windows-Azure-HDFS/1.0",
          "Microsoft-HTTPAPI/2.0"
        ],
        "x-ms-client-request-id": "93c0f6bc-22c9-41bc-b1ce-ff1cafa9615f",
        "x-ms-request-id": "b915264a-801f-0052-5dca-bfed6a000000",
        "x-ms-request-server-encrypted": "true",
        "x-ms-version": "2023-01-03"
      },
      "ResponseBody": null
    },
    {
      "RequestUri": "https://REDACTED/066725860renamedestac3fc8900686bba4ddf19445bb9/066725862renamedestac3fc50272635974e34768489da?resource=file",
      "RequestMethod": "PUT",
      "RequestHeaders": {
        "Accept": "application/json",
        "Authorization": "Sanitized",
        "Content-Length": "0",
        "Date": "Wed, 26 Jul 2023 14:06:44 GMT",
        "If-None-Match": "*",
        "User-Agent": "azsdk-java-azure-storage-file-datalake/12.17.0-beta.1 (17.0.7; Windows 11; 10.0)",
        "x-ms-client-request-id": "6b65b582-da37-4c65-aaae-96610d45a524",
        "x-ms-version": "2023-01-03"
      },
      "RequestBody": null,
      "StatusCode": 201,
      "ResponseHeaders": {
        "Content-Length": "0",
        "Date": "Wed, 26 Jul 2023 14:06:43 GMT",
        "ETag": "\u00220x8DB8DE18B289F7A\u0022",
        "Last-Modified": "Wed, 26 Jul 2023 14:06:44 GMT",
        "Server": [
          "Windows-Azure-HDFS/1.0",
          "Microsoft-HTTPAPI/2.0"
        ],
        "x-ms-client-request-id": "6b65b582-da37-4c65-aaae-96610d45a524",
        "x-ms-request-id": "b9152656-801f-0052-69ca-bfed6a000000",
        "x-ms-request-server-encrypted": "true",
        "x-ms-version": "2023-01-03"
      },
      "ResponseBody": null
    },
    {
      "RequestUri": "https://REDACTED/066725860renamedestac3fc8900686bba4ddf19445bb9/066725862renamedestac3fc50272635974e34768489da?mode=legacy",
      "RequestMethod": "PUT",
      "RequestHeaders": {
        "Accept": "application/json",
        "Authorization": "Sanitized",
        "Content-Length": "0",
        "Date": "Wed, 26 Jul 2023 14:06:44 GMT",
        "If-Unmodified-Since": "Thu, 27 Jul 2023 14:06:08 GMT",
        "User-Agent": "azsdk-java-azure-storage-file-datalake/12.17.0-beta.1 (17.0.7; Windows 11; 10.0)",
        "x-ms-client-request-id": "7a7e6d05-7e9f-4520-aaf0-828431bbf4bc",
        "x-ms-rename-source": "/066725860renamedestac3fc8900686bba4ddf19445bb9/066725861renamedestac3fc31544b5783db06c044d86b",
        "x-ms-version": "2023-01-03"
      },
      "RequestBody": null,
      "StatusCode": 201,
      "ResponseHeaders": {
        "Content-Length": "0",
        "Date": "Wed, 26 Jul 2023 14:06:43 GMT",
        "ETag": "\u00220x8DB8DE18B22C103\u0022",
        "Last-Modified": "Wed, 26 Jul 2023 14:06:44 GMT",
        "Server": [
          "Windows-Azure-HDFS/1.0",
          "Microsoft-HTTPAPI/2.0"
        ],
        "x-ms-client-request-id": "7a7e6d05-7e9f-4520-aaf0-828431bbf4bc",
        "x-ms-request-id": "b9152661-801f-0052-74ca-bfed6a000000",
        "x-ms-version": "2023-01-03"
      },
      "ResponseBody": null
    }
  ],
  "Variables": {
    "0": "066725860renamedestac3fc8900686bba4ddf19445bb9",
    "1": "066725861renamedestac3fc31544b5783db06c044d86b",
    "2": "066725862renamedestac3fc50272635974e34768489da"
  }
}
