{
  "Entries": [
    {
      "RequestUri": "https://REDACTED/7b470c5a0uploadfromfilewithresponse5f837340423f31255e?restype=container",
      "RequestMethod": "PUT",
      "RequestHeaders": {
        "Accept": "application/xml",
        "Authorization": "Sanitized",
        "Content-Length": "0",
        "Date": "Wed, 26 Jul 2023 14:06:44 GMT",
        "User-Agent": "azsdk-java-azure-storage-blob/12.24.0-beta.1 azsdk-java-azure-storage-file-datalake/12.17.0-beta.1 (17.0.7; Windows 11; 10.0)",
        "x-ms-client-request-id": "440f5fcd-8285-44c1-92e5-a40a0238bb99",
        "x-ms-version": "2023-01-03"
      },
      "RequestBody": null,
      "StatusCode": 201,
      "ResponseHeaders": {
        "Content-Length": "0",
        "Date": "Wed, 26 Jul 2023 14:06:44 GMT",
        "ETag": "\u00220x8DB8DE18B6C40FD\u0022",
        "Last-Modified": "Wed, 26 Jul 2023 14:06:44 GMT",
        "Server": [
          "Windows-Azure-Blob/1.0",
          "Microsoft-HTTPAPI/2.0"
        ],
        "x-ms-client-request-id": "440f5fcd-8285-44c1-92e5-a40a0238bb99",
        "x-ms-request-id": "b92c29fd-701e-0056-7eca-bf606d000000",
        "x-ms-version": "2023-01-03"
      },
      "ResponseBody": null
    },
    {
      "RequestUri": "https://REDACTED/7b470c5a0uploadfromfilewithresponse5f837340423f31255e/7b470c5a1uploadfromfilewithresponse5f8898741b66c0c993?resource=file",
      "RequestMethod": "PUT",
      "RequestHeaders": {
        "Accept": "application/json",
        "Authorization": "Sanitized",
        "Content-Length": "0",
        "Date": "Wed, 26 Jul 2023 14:06:44 GMT",
        "If-None-Match": "*",
        "User-Agent": "azsdk-java-azure-storage-file-datalake/12.17.0-beta.1 (17.0.7; Windows 11; 10.0)",
        "x-ms-client-request-id": "16b58f8b-dacf-4e28-8ba3-6bcaed476b57",
        "x-ms-version": "2023-01-03"
      },
      "RequestBody": null,
      "StatusCode": 201,
      "ResponseHeaders": {
        "Content-Length": "0",
        "Date": "Wed, 26 Jul 2023 14:06:44 GMT",
        "ETag": "\u00220x8DB8DE18B77689A\u0022",
        "Last-Modified": "Wed, 26 Jul 2023 14:06:45 GMT",
        "Server": [
          "Windows-Azure-HDFS/1.0",
          "Microsoft-HTTPAPI/2.0"
        ],
        "x-ms-client-request-id": "16b58f8b-dacf-4e28-8ba3-6bcaed476b57",
        "x-ms-request-id": "5e693994-801f-000f-1aca-bfe7ee000000",
        "x-ms-request-server-encrypted": "true",
        "x-ms-version": "2023-01-03"
      },
      "ResponseBody": null
    },
    {
      "RequestUri": "https://REDACTED/7b470c5a0uploadfromfilewithresponse5f837340423f31255e/7b470c5a1uploadfromfilewithresponse5f8898741b66c0c993?resource=file",
      "RequestMethod": "PUT",
      "RequestHeaders": {
        "Accept": "application/json",
        "Authorization": "Sanitized",
        "Content-Length": "0",
        "Date": "Wed, 26 Jul 2023 14:06:45 GMT",
        "User-Agent": "azsdk-java-azure-storage-file-datalake/12.17.0-beta.1 (17.0.7; Windows 11; 10.0)",
        "x-ms-client-request-id": "e48cfe8c-a537-4c3d-a461-6c2c61aca54f",
        "x-ms-version": "2023-01-03"
      },
      "RequestBody": null,
      "StatusCode": 201,
      "ResponseHeaders": {
        "Content-Length": "0",
        "Date": "Wed, 26 Jul 2023 14:06:44 GMT",
        "ETag": "\u00220x8DB8DE18B7FD0CB\u0022",
        "Last-Modified": "Wed, 26 Jul 2023 14:06:45 GMT",
        "Server": [
          "Windows-Azure-HDFS/1.0",
          "Microsoft-HTTPAPI/2.0"
        ],
        "x-ms-client-request-id": "e48cfe8c-a537-4c3d-a461-6c2c61aca54f",
        "x-ms-request-id": "775fcf10-801f-0030-2dca-bf2f4d000000",
        "x-ms-request-server-encrypted": "true",
        "x-ms-version": "2023-01-03"
      },
      "ResponseBody": null
    },
    {
      "RequestUri": "https://REDACTED/7b470c5a0uploadfromfilewithresponse5f837340423f31255e/7b470c5a1uploadfromfilewithresponse5f8898741b66c0c993?action=append\u0026position=40",
      "RequestMethod": "PATCH",
      "RequestHeaders": {
        "Accept": "application/json",
        "Authorization": "Sanitized",
        "Content-Length": "20",
        "Content-Type": "application/octet-stream",
        "Date": "Wed, 26 Jul 2023 14:06:45 GMT",
        "User-Agent": "azsdk-java-azure-storage-file-datalake/12.17.0-beta.1 (17.0.7; Windows 11; 10.0)",
        "x-ms-client-request-id": "25c969ea-b870-40a4-a2da-457955b71be1",
        "x-ms-version": "2023-01-03"
      },
      "RequestBody": "z6SiIJ9zvTSefCtWf6F5UluXcuA=",
      "StatusCode": 202,
      "ResponseHeaders": {
        "Content-Length": "0",
        "Date": "Wed, 26 Jul 2023 14:06:44 GMT",
        "Server": [
          "Windows-Azure-HDFS/1.0",
          "Microsoft-HTTPAPI/2.0"
        ],
        "x-ms-client-request-id": "25c969ea-b870-40a4-a2da-457955b71be1",
        "x-ms-request-id": "775fcf17-801f-0030-34ca-bf2f4d000000",
        "x-ms-request-server-encrypted": "true",
        "x-ms-version": "2023-01-03"
      },
      "ResponseBody": null
    },
    {
      "RequestUri": "https://REDACTED/7b470c5a0uploadfromfilewithresponse5f837340423f31255e/7b470c5a1uploadfromfilewithresponse5f8898741b66c0c993?action=append\u0026position=80",
      "RequestMethod": "PATCH",
      "RequestHeaders": {
        "Accept": "application/json",
        "Authorization": "Sanitized",
        "Content-Length": "20",
        "Content-Type": "application/octet-stream",
        "Date": "Wed, 26 Jul 2023 14:06:45 GMT",
        "User-Agent": "azsdk-java-azure-storage-file-datalake/12.17.0-beta.1 (17.0.7; Windows 11; 10.0)",
        "x-ms-client-request-id": "09f81ec9-72cd-4a8b-89eb-0461551ed0bf",
        "x-ms-version": "2023-01-03"
      },
      "RequestBody": "Gz/Wbx2Q6l1p1\u002BT5VLksnrTU2NA=",
      "StatusCode": 202,
      "ResponseHeaders": {
        "Content-Length": "0",
        "Date": "Wed, 26 Jul 2023 14:06:44 GMT",
        "Server": [
          "Windows-Azure-HDFS/1.0",
          "Microsoft-HTTPAPI/2.0"
        ],
        "x-ms-client-request-id": "09f81ec9-72cd-4a8b-89eb-0461551ed0bf",
        "x-ms-request-id": "5e6939bc-801f-000f-42ca-bfe7ee000000",
        "x-ms-request-server-encrypted": "true",
        "x-ms-version": "2023-01-03"
      },
      "ResponseBody": null
    },
    {
      "RequestUri": "https://REDACTED/7b470c5a0uploadfromfilewithresponse5f837340423f31255e/7b470c5a1uploadfromfilewithresponse5f8898741b66c0c993?action=append\u0026position=20",
      "RequestMethod": "PATCH",
      "RequestHeaders": {
        "Accept": "application/json",
        "Authorization": "Sanitized",
        "Content-Length": "20",
        "Content-Type": "application/octet-stream",
        "Date": "Wed, 26 Jul 2023 14:06:45 GMT",
        "User-Agent": "azsdk-java-azure-storage-file-datalake/12.17.0-beta.1 (17.0.7; Windows 11; 10.0)",
        "x-ms-client-request-id": "6e082e0c-2ecc-4405-8f5a-62261d3c2477",
        "x-ms-version": "2023-01-03"
      },
      "RequestBody": "b4zVIqyBH/eBNaFeYUPMHZ4/tqY=",
      "StatusCode": 202,
      "ResponseHeaders": {
        "Content-Length": "0",
        "Date": "Wed, 26 Jul 2023 14:06:44 GMT",
        "Server": [
          "Windows-Azure-HDFS/1.0",
          "Microsoft-HTTPAPI/2.0"
        ],
        "x-ms-client-request-id": "6e082e0c-2ecc-4405-8f5a-62261d3c2477",
        "x-ms-request-id": "8e0decb7-d01f-0002-31ca-bf2f3a000000",
        "x-ms-request-server-encrypted": "true",
        "x-ms-version": "2023-01-03"
      },
      "ResponseBody": null
    },
    {
      "RequestUri": "https://REDACTED/7b470c5a0uploadfromfilewithresponse5f837340423f31255e/7b470c5a1uploadfromfilewithresponse5f8898741b66c0c993?action=append\u0026position=60",
      "RequestMethod": "PATCH",
      "RequestHeaders": {
        "Accept": "application/json",
        "Authorization": "Sanitized",
        "Content-Length": "20",
        "Content-Type": "application/octet-stream",
        "Date": "Wed, 26 Jul 2023 14:06:45 GMT",
        "User-Agent": "azsdk-java-azure-storage-file-datalake/12.17.0-beta.1 (17.0.7; Windows 11; 10.0)",
        "x-ms-client-request-id": "5b393d56-3b04-4fbb-ab37-3e3ff169e85d",
        "x-ms-version": "2023-01-03"
      },
      "RequestBody": "JmJ7hzkTcYOFXslksnhuiDvCaDw=",
      "StatusCode": 202,
      "ResponseHeaders": {
        "Content-Length": "0",
        "Date": "Wed, 26 Jul 2023 14:06:45 GMT",
        "Server": [
          "Windows-Azure-HDFS/1.0",
          "Microsoft-HTTPAPI/2.0"
        ],
        "x-ms-client-request-id": "5b393d56-3b04-4fbb-ab37-3e3ff169e85d",
        "x-ms-request-id": "051d5e34-e01f-0044-79ca-bf1bbd000000",
        "x-ms-request-server-encrypted": "true",
        "x-ms-version": "2023-01-03"
      },
      "ResponseBody": null
    },
    {
      "RequestUri": "https://REDACTED/7b470c5a0uploadfromfilewithresponse5f837340423f31255e/7b470c5a1uploadfromfilewithresponse5f8898741b66c0c993?action=append\u0026position=0",
      "RequestMethod": "PATCH",
      "RequestHeaders": {
        "Accept": "application/json",
        "Authorization": "Sanitized",
        "Content-Length": "20",
        "Content-Type": "application/octet-stream",
        "Date": "Wed, 26 Jul 2023 14:06:45 GMT",
        "User-Agent": "azsdk-java-azure-storage-file-datalake/12.17.0-beta.1 (17.0.7; Windows 11; 10.0)",
        "x-ms-client-request-id": "b97422fc-ad1b-4003-bd50-f4e82bb739ea",
        "x-ms-version": "2023-01-03"
      },
      "RequestBody": "PSLBPXIFuu0NXRT5WqZRuEpaHSM=",
      "StatusCode": 202,
      "ResponseHeaders": {
        "Content-Length": "0",
        "Date": "Wed, 26 Jul 2023 14:06:44 GMT",
        "Server": [
          "Windows-Azure-HDFS/1.0",
          "Microsoft-HTTPAPI/2.0"
        ],
        "x-ms-client-request-id": "b97422fc-ad1b-4003-bd50-f4e82bb739ea",
        "x-ms-request-id": "b915277f-801f-0052-12ca-bfed6a000000",
        "x-ms-request-server-encrypted": "true",
        "x-ms-version": "2023-01-03"
      },
      "ResponseBody": null
    },
    {
      "RequestUri": "https://REDACTED/7b470c5a0uploadfromfilewithresponse5f837340423f31255e/7b470c5a1uploadfromfilewithresponse5f8898741b66c0c993?action=flush\u0026position=100\u0026retainUncommittedData=false\u0026close=false",
      "RequestMethod": "PATCH",
      "RequestHeaders": {
        "Accept": "application/json",
        "Authorization": "Sanitized",
        "Content-Length": "0",
        "Date": "Wed, 26 Jul 2023 14:06:45 GMT",
        "User-Agent": "azsdk-java-azure-storage-file-datalake/12.17.0-beta.1 (17.0.7; Windows 11; 10.0)",
        "x-ms-client-request-id": "97277d20-1661-467b-98df-aac619ed9007",
        "x-ms-version": "2023-01-03"
      },
      "RequestBody": null,
      "StatusCode": 200,
      "ResponseHeaders": {
        "Content-Length": "0",
        "Date": "Wed, 26 Jul 2023 14:06:44 GMT",
        "ETag": "\u00220x8DB8DE18B9CEF93\u0022",
        "Last-Modified": "Wed, 26 Jul 2023 14:06:45 GMT",
        "Server": [
          "Windows-Azure-HDFS/1.0",
          "Microsoft-HTTPAPI/2.0"
        ],
        "x-ms-client-request-id": "97277d20-1661-467b-98df-aac619ed9007",
        "x-ms-request-id": "b91527a1-801f-0052-34ca-bfed6a000000",
        "x-ms-request-server-encrypted": "false",
        "x-ms-version": "2023-01-03"
      },
      "ResponseBody": null
    },
    {
      "RequestUri": "https://REDACTED/7b470c5a0uploadfromfilewithresponse5f837340423f31255e/7b470c5a1uploadfromfilewithresponse5f8898741b66c0c993",
      "RequestMethod": "HEAD",
      "RequestHeaders": {
        "Accept": "application/xml",
        "Authorization": "Sanitized",
        "Content-Length": "0",
        "Date": "Wed, 26 Jul 2023 14:06:45 GMT",
        "User-Agent": "azsdk-java-azure-storage-blob/12.24.0-beta.1 azsdk-java-azure-storage-file-datalake/12.17.0-beta.1 (17.0.7; Windows 11; 10.0)",
        "x-ms-client-request-id": "acf34d51-2ed2-497a-9fb6-d77d04025a23",
        "x-ms-version": "2023-01-03"
      },
      "RequestBody": null,
      "StatusCode": 200,
      "ResponseHeaders": {
        "Accept-Ranges": "bytes",
        "Content-Length": "100",
        "Content-Type": "application/octet-stream",
        "Date": "Wed, 26 Jul 2023 14:06:44 GMT",
        "ETag": "\u00220x8DB8DE18B9CEF93\u0022",
        "Last-Modified": "Wed, 26 Jul 2023 14:06:45 GMT",
        "Server": [
          "Windows-Azure-Blob/1.0",
          "Microsoft-HTTPAPI/2.0"
        ],
        "Vary": "Origin",
        "x-ms-access-tier": "Hot",
        "x-ms-access-tier-inferred": "true",
        "x-ms-blob-type": "BlockBlob",
        "x-ms-client-request-id": "acf34d51-2ed2-497a-9fb6-d77d04025a23",
        "x-ms-creation-time": "Wed, 26 Jul 2023 14:06:45 GMT",
        "x-ms-group": "$superuser",
        "x-ms-lease-state": "available",
        "x-ms-lease-status": "unlocked",
        "x-ms-owner": "$superuser",
        "x-ms-permissions": "rw-r-----",
        "x-ms-request-id": "c651b37e-701e-000b-1fca-bf6ae9000000",
        "x-ms-resource-type": "file",
        "x-ms-server-encrypted": "true",
        "x-ms-version": "2023-01-03"
      },
      "ResponseBody": null
    }
  ],
  "Variables": {
    "0": "7b470c5a0uploadfromfilewithresponse5f837340423f31255e",
    "1": "7b470c5a1uploadfromfilewithresponse5f8898741b66c0c993",
    "2": "1206177e-ff10-45ab-b060-7faa7583fe6d"
  }
}
