{
  "Entries": [
    {
      "RequestUri": "https://REDACTED/3c240e6604176135d3c8b5b78a4125a2f4cb57?restype=container",
      "RequestMethod": "PUT",
      "RequestHeaders": {
        "Accept": "application/xml",
        "Authorization": "Sanitized",
        "Content-Length": "0",
        "Date": "Wed, 26 Jul 2023 14:06:48 GMT",
        "User-Agent": "azsdk-java-azure-storage-blob/12.24.0-beta.1 azsdk-java-azure-storage-file-datalake/12.17.0-beta.1 (17.0.7; Windows 11; 10.0)",
        "x-ms-client-request-id": "90323d19-8208-4c2b-aba1-1a71e715b7fc",
        "x-ms-version": "2023-01-03"
      },
      "RequestBody": null,
      "StatusCode": 201,
      "ResponseHeaders": {
        "Content-Length": "0",
        "Date": "Wed, 26 Jul 2023 14:06:48 GMT",
        "ETag": "\u00220x8DB8DE18DD68948\u0022",
        "Last-Modified": "Wed, 26 Jul 2023 14:06:48 GMT",
        "Server": [
          "Windows-Azure-Blob/1.0",
          "Microsoft-HTTPAPI/2.0"
        ],
        "x-ms-client-request-id": "90323d19-8208-4c2b-aba1-1a71e715b7fc",
        "x-ms-request-id": "9d4026c4-601e-0007-54ca-bffde1000000",
        "x-ms-version": "2023-01-03"
      },
      "ResponseBody": null
    },
    {
      "RequestUri": "https://REDACTED/3c240e6604176135d3c8b5b78a4125a2f4cb57/3c240e661943447faac9f365964363b21d27fe?resource=file",
      "RequestMethod": "PUT",
      "RequestHeaders": {
        "Accept": "application/json",
        "Authorization": "Sanitized",
        "Content-Length": "0",
        "Date": "Wed, 26 Jul 2023 14:06:49 GMT",
        "If-None-Match": "*",
        "User-Agent": "azsdk-java-azure-storage-file-datalake/12.17.0-beta.1 (17.0.7; Windows 11; 10.0)",
        "x-ms-client-request-id": "38732787-34b6-4230-a34a-6c378fc02520",
        "x-ms-version": "2023-01-03"
      },
      "RequestBody": null,
      "StatusCode": 201,
      "ResponseHeaders": {
        "Content-Length": "0",
        "Date": "Wed, 26 Jul 2023 14:06:48 GMT",
        "ETag": "\u00220x8DB8DE18E047F9C\u0022",
        "Last-Modified": "Wed, 26 Jul 2023 14:06:49 GMT",
        "Server": [
          "Windows-Azure-HDFS/1.0",
          "Microsoft-HTTPAPI/2.0"
        ],
        "x-ms-client-request-id": "38732787-34b6-4230-a34a-6c378fc02520",
        "x-ms-request-id": "f32928f9-101f-0022-44ca-bf549d000000",
        "x-ms-request-server-encrypted": "true",
        "x-ms-version": "2023-01-03"
      },
      "ResponseBody": null
    },
    {
      "RequestUri": "https://REDACTED/3c240e6604176135d3c8b5b78a4125a2f4cb57/3c240e66268008d9ea9dea7986426ca63ab6a0?resource=file",
      "RequestMethod": "PUT",
      "RequestHeaders": {
        "Accept": "application/json",
        "Authorization": "Sanitized",
        "Content-Length": "0",
        "Date": "Wed, 26 Jul 2023 14:06:49 GMT",
        "If-None-Match": "*",
        "User-Agent": "azsdk-java-azure-storage-file-datalake/12.17.0-beta.1 (17.0.7; Windows 11; 10.0)",
        "x-ms-client-request-id": "591db2e3-f893-4b38-a68e-2b97ed79b6e2",
        "x-ms-permissions": "0777",
        "x-ms-umask": "0057",
        "x-ms-version": "2023-01-03"
      },
      "RequestBody": null,
      "StatusCode": 201,
      "ResponseHeaders": {
        "Content-Length": "0",
        "Date": "Wed, 26 Jul 2023 14:06:48 GMT",
        "ETag": "\u00220x8DB8DE18E0BD665\u0022",
        "Last-Modified": "Wed, 26 Jul 2023 14:06:49 GMT",
        "Server": [
          "Windows-Azure-HDFS/1.0",
          "Microsoft-HTTPAPI/2.0"
        ],
        "x-ms-client-request-id": "591db2e3-f893-4b38-a68e-2b97ed79b6e2",
        "x-ms-request-id": "8e0df241-d01f-0002-36ca-bf2f3a000000",
        "x-ms-request-server-encrypted": "true",
        "x-ms-version": "2023-01-03"
      },
      "ResponseBody": null
    },
    {
      "RequestUri": "https://REDACTED/3c240e6604176135d3c8b5b78a4125a2f4cb57/3c240e66268008d9ea9dea7986426ca63ab6a0?action=getAccessControl\u0026upn=true",
      "RequestMethod": "HEAD",
      "RequestHeaders": {
        "Accept": "application/json",
        "Authorization": "Sanitized",
        "Content-Length": "0",
        "Date": "Wed, 26 Jul 2023 14:06:49 GMT",
        "User-Agent": "azsdk-java-azure-storage-file-datalake/12.17.0-beta.1 (17.0.7; Windows 11; 10.0)",
        "x-ms-client-request-id": "0ddae9e2-f3a4-4178-89a8-bca02ae98abd",
        "x-ms-version": "2023-01-03"
      },
      "RequestBody": null,
      "StatusCode": 200,
      "ResponseHeaders": {
        "Date": "Wed, 26 Jul 2023 14:06:48 GMT",
        "ETag": "\u00220x8DB8DE18E0BD665\u0022",
        "Last-Modified": "Wed, 26 Jul 2023 14:06:49 GMT",
        "Server": [
          "Windows-Azure-HDFS/1.0",
          "Microsoft-HTTPAPI/2.0"
        ],
        "Vary": "Origin",
        "x-ms-acl": "user::rwx,group::-w-,other::---",
        "x-ms-client-request-id": "0ddae9e2-f3a4-4178-89a8-bca02ae98abd",
        "x-ms-group": "$superuser",
        "x-ms-owner": "$superuser",
        "x-ms-permissions": "rwx-w----",
        "x-ms-request-id": "daaf1d5d-401f-0010-53ca-bf54ea000000",
        "x-ms-version": "2023-01-03"
      },
      "ResponseBody": null
    }
  ],
  "Variables": {
    "0": "3c240e6604176135d3c8b5b78a4125a2f4cb57",
    "1": "3c240e661943447faac9f365964363b21d27fe",
    "2": "3c240e66268008d9ea9dea7986426ca63ab6a0"
  }
}
