{
  "Entries": [
    {
      "RequestUri": "https://REDACTED/b973afe70createifnotexistsencryptioncontextf94747082171a7?restype=container",
      "RequestMethod": "PUT",
      "RequestHeaders": {
        "Accept": "application/xml",
        "Authorization": "Sanitized",
        "Content-Length": "0",
        "Date": "Wed, 26 Jul 2023 14:06:25 GMT",
        "User-Agent": "azsdk-java-azure-storage-blob/12.24.0-beta.1 azsdk-java-azure-storage-file-datalake/12.17.0-beta.1 (17.0.7; Windows 11; 10.0)",
        "x-ms-client-request-id": "21d41802-b5ec-4314-90ce-986e90365849",
        "x-ms-version": "2023-01-03"
      },
      "RequestBody": null,
      "StatusCode": 201,
      "ResponseHeaders": {
        "Content-Length": "0",
        "Date": "Wed, 26 Jul 2023 14:06:25 GMT",
        "ETag": "\u00220x8DB8DE180060CAA\u0022",
        "Last-Modified": "Wed, 26 Jul 2023 14:06:25 GMT",
        "Server": [
          "Windows-Azure-Blob/1.0",
          "Microsoft-HTTPAPI/2.0"
        ],
        "x-ms-client-request-id": "21d41802-b5ec-4314-90ce-986e90365849",
        "x-ms-request-id": "eaf3bc10-201e-005b-0bca-bfa8b9000000",
        "x-ms-version": "2023-01-03"
      },
      "ResponseBody": null
    },
    {
      "RequestUri": "https://REDACTED/b973afe70createifnotexistsencryptioncontextf94747082171a7/b973afe71createifnotexistsencryptioncontextf9493260fa06b7?resource=file",
      "RequestMethod": "PUT",
      "RequestHeaders": {
        "Accept": "application/json",
        "Authorization": "Sanitized",
        "Content-Length": "0",
        "Date": "Wed, 26 Jul 2023 14:06:25 GMT",
        "If-None-Match": "*",
        "User-Agent": "azsdk-java-azure-storage-file-datalake/12.17.0-beta.1 (17.0.7; Windows 11; 10.0)",
        "x-ms-client-request-id": "36ea4b97-c1be-49e2-b8ca-feeb3f552bc8",
        "x-ms-version": "2023-01-03"
      },
      "RequestBody": null,
      "StatusCode": 201,
      "ResponseHeaders": {
        "Content-Length": "0",
        "Date": "Wed, 26 Jul 2023 14:06:24 GMT",
        "ETag": "\u00220x8DB8DE1800FEA66\u0022",
        "Last-Modified": "Wed, 26 Jul 2023 14:06:25 GMT",
        "Server": [
          "Windows-Azure-HDFS/1.0",
          "Microsoft-HTTPAPI/2.0"
        ],
        "x-ms-client-request-id": "36ea4b97-c1be-49e2-b8ca-feeb3f552bc8",
        "x-ms-request-id": "daaf0579-401f-0010-19ca-bf54ea000000",
        "x-ms-request-server-encrypted": "true",
        "x-ms-version": "2023-01-03"
      },
      "ResponseBody": null
    },
    {
      "RequestUri": "https://REDACTED/b973afe72createifnotexistsencryptioncontextf9433692918c13?restype=container",
      "RequestMethod": "PUT",
      "RequestHeaders": {
        "Accept": "application/xml",
        "Authorization": "Sanitized",
        "Content-Length": "0",
        "Date": "Wed, 26 Jul 2023 14:06:25 GMT",
        "User-Agent": "azsdk-java-azure-storage-blob/12.24.0-beta.1 azsdk-java-azure-storage-file-datalake/12.17.0-beta.1 (17.0.7; Windows 11; 10.0)",
        "x-ms-client-request-id": "dead65e5-b1ad-42ec-a13b-a8c8c5fa02eb",
        "x-ms-version": "2023-01-03"
      },
      "RequestBody": null,
      "StatusCode": 201,
      "ResponseHeaders": {
        "Content-Length": "0",
        "Date": "Wed, 26 Jul 2023 14:06:24 GMT",
        "ETag": "\u00220x8DB8DE180151A40\u0022",
        "Last-Modified": "Wed, 26 Jul 2023 14:06:25 GMT",
        "Server": [
          "Windows-Azure-Blob/1.0",
          "Microsoft-HTTPAPI/2.0"
        ],
        "x-ms-client-request-id": "dead65e5-b1ad-42ec-a13b-a8c8c5fa02eb",
        "x-ms-request-id": "c6517200-701e-000b-21ca-bf6ae9000000",
        "x-ms-version": "2023-01-03"
      },
      "ResponseBody": null
    },
    {
      "RequestUri": "https://REDACTED/b973afe72createifnotexistsencryptioncontextf9433692918c13/b973afe73createifnotexistsencryptioncontextf94223838e2e28?resource=directory",
      "RequestMethod": "PUT",
      "RequestHeaders": {
        "Accept": "application/json",
        "Authorization": "Sanitized",
        "Content-Length": "0",
        "Date": "Wed, 26 Jul 2023 14:06:25 GMT",
        "If-None-Match": "*",
        "User-Agent": "azsdk-java-azure-storage-file-datalake/12.17.0-beta.1 (17.0.7; Windows 11; 10.0)",
        "x-ms-client-request-id": "ccf24b7e-d520-455b-941c-6d7676171e12",
        "x-ms-version": "2023-01-03"
      },
      "RequestBody": null,
      "StatusCode": 201,
      "ResponseHeaders": {
        "Content-Length": "0",
        "Date": "Wed, 26 Jul 2023 14:06:25 GMT",
        "ETag": "\u00220x8DB8DE1801D984B\u0022",
        "Last-Modified": "Wed, 26 Jul 2023 14:06:25 GMT",
        "Server": [
          "Windows-Azure-HDFS/1.0",
          "Microsoft-HTTPAPI/2.0"
        ],
        "x-ms-client-request-id": "ccf24b7e-d520-455b-941c-6d7676171e12",
        "x-ms-request-id": "b9150aec-801f-0052-15ca-bfed6a000000",
        "x-ms-request-server-encrypted": "true",
        "x-ms-version": "2023-01-03"
      },
      "ResponseBody": null
    },
    {
      "RequestUri": "https://REDACTED/b973afe72createifnotexistsencryptioncontextf9433692918c13/b973afe73createifnotexistsencryptioncontextf94223838e2e28%2Fb973afe74createifnotexistsencryptioncontextf948024211f049?resource=file",
      "RequestMethod": "PUT",
      "RequestHeaders": {
        "Accept": "application/json",
        "Authorization": "Sanitized",
        "Content-Length": "0",
        "Date": "Wed, 26 Jul 2023 14:06:25 GMT",
        "If-None-Match": "*",
        "User-Agent": "azsdk-java-azure-storage-file-datalake/12.17.0-beta.1 (17.0.7; Windows 11; 10.0)",
        "x-ms-client-request-id": "67770e5a-64b4-49da-ba37-af6fd7c1ad9b",
        "x-ms-encryption-context": "encryptionContext",
        "x-ms-version": "2023-01-03"
      },
      "RequestBody": null,
      "StatusCode": 201,
      "ResponseHeaders": {
        "Content-Length": "0",
        "Date": "Wed, 26 Jul 2023 14:06:25 GMT",
        "ETag": "\u00220x8DB8DE1805CDC45\u0022",
        "Last-Modified": "Wed, 26 Jul 2023 14:06:26 GMT",
        "Server": [
          "Windows-Azure-HDFS/1.0",
          "Microsoft-HTTPAPI/2.0"
        ],
        "x-ms-client-request-id": "67770e5a-64b4-49da-ba37-af6fd7c1ad9b",
        "x-ms-request-id": "b9150b03-801f-0052-2cca-bfed6a000000",
        "x-ms-request-server-encrypted": "true",
        "x-ms-version": "2023-01-03"
      },
      "ResponseBody": null
    },
    {
      "RequestUri": "https://REDACTED/b973afe72createifnotexistsencryptioncontextf9433692918c13/b973afe73createifnotexistsencryptioncontextf94223838e2e28%2Fb973afe74createifnotexistsencryptioncontextf948024211f049",
      "RequestMethod": "HEAD",
      "RequestHeaders": {
        "Accept": "application/xml",
        "Authorization": "Sanitized",
        "Content-Length": "0",
        "Date": "Wed, 26 Jul 2023 14:06:26 GMT",
        "User-Agent": "azsdk-java-azure-storage-file-datalake/12.17.0-beta.1 (17.0.7; Windows 11; 10.0)",
        "x-ms-client-request-id": "354f9132-b251-4b73-8797-e8f9a9be2827",
        "x-ms-version": "2023-01-03"
      },
      "RequestBody": null,
      "StatusCode": 200,
      "ResponseHeaders": {
        "Accept-Ranges": "bytes",
        "Content-Length": "0",
        "Content-Type": "application/octet-stream",
        "Date": "Wed, 26 Jul 2023 14:06:25 GMT",
        "ETag": "\u00220x8DB8DE1805CDC45\u0022",
        "Last-Modified": "Wed, 26 Jul 2023 14:06:26 GMT",
        "Server": [
          "Windows-Azure-Blob/1.0",
          "Microsoft-HTTPAPI/2.0"
        ],
        "Vary": "Origin",
        "x-ms-access-tier": "Hot",
        "x-ms-access-tier-inferred": "true",
        "x-ms-blob-type": "BlockBlob",
        "x-ms-client-request-id": "354f9132-b251-4b73-8797-e8f9a9be2827",
        "x-ms-creation-time": "Wed, 26 Jul 2023 14:06:26 GMT",
        "x-ms-encryption-context": "encryptionContext",
        "x-ms-group": "$superuser",
        "x-ms-lease-state": "available",
        "x-ms-lease-status": "unlocked",
        "x-ms-owner": "$superuser",
        "x-ms-permissions": "rw-r-----",
        "x-ms-request-id": "23242e4b-c01e-006c-25ca-bf7a15000000",
        "x-ms-resource-type": "file",
        "x-ms-server-encrypted": "true",
        "x-ms-version": "2023-01-03"
      },
      "ResponseBody": null
    }
  ],
  "Variables": {
    "0": "b973afe70createifnotexistsencryptioncontextf94747082171a7",
    "1": "b973afe71createifnotexistsencryptioncontextf9493260fa06b7",
    "2": "b973afe72createifnotexistsencryptioncontextf9433692918c13",
    "3": "b973afe73createifnotexistsencryptioncontextf94223838e2e28",
    "4": "b973afe74createifnotexistsencryptioncontextf948024211f049"
  }
}
