{
  "Entries": [
    {
      "RequestUri": "https://REDACTED/cb90b21d0releasefilelease1c87264296c03cde78294c4?restype=container",
      "RequestMethod": "PUT",
      "RequestHeaders": {
        "Accept": "application/xml",
        "Authorization": "Sanitized",
        "Content-Length": "0",
        "Date": "Wed, 26 Jul 2023 14:06:26 GMT",
        "User-Agent": "azsdk-java-azure-storage-blob/12.24.0-beta.1 azsdk-java-azure-storage-file-datalake/12.17.0-beta.1 (17.0.7; Windows 11; 10.0)",
        "x-ms-client-request-id": "b7f1e9cd-c38d-442d-888c-a9ec97904764",
        "x-ms-version": "2023-01-03"
      },
      "RequestBody": null,
      "StatusCode": 201,
      "ResponseHeaders": {
        "Content-Length": "0",
        "Date": "Wed, 26 Jul 2023 14:06:26 GMT",
        "ETag": "\u00220x8DB8DE180851530\u0022",
        "Last-Modified": "Wed, 26 Jul 2023 14:06:26 GMT",
        "Server": [
          "Windows-Azure-Blob/1.0",
          "Microsoft-HTTPAPI/2.0"
        ],
        "x-ms-client-request-id": "b7f1e9cd-c38d-442d-888c-a9ec97904764",
        "x-ms-request-id": "eaf3c119-201e-005b-25ca-bfa8b9000000",
        "x-ms-version": "2023-01-03"
      },
      "ResponseBody": null
    },
    {
      "RequestUri": "https://REDACTED/cb90b21d0releasefilelease1c87264296c03cde78294c4/cb90b21d1releasefilelease1c8685206132c8b588bd4fe?resource=file",
      "RequestMethod": "PUT",
      "RequestHeaders": {
        "Accept": "application/json",
        "Authorization": "Sanitized",
        "Content-Length": "0",
        "Date": "Wed, 26 Jul 2023 14:06:26 GMT",
        "If-None-Match": "*",
        "User-Agent": "azsdk-java-azure-storage-file-datalake/12.17.0-beta.1 (17.0.7; Windows 11; 10.0)",
        "x-ms-client-request-id": "a1f4dfed-9b2b-4516-b483-ca62ba8583c3",
        "x-ms-version": "2023-01-03"
      },
      "RequestBody": null,
      "StatusCode": 201,
      "ResponseHeaders": {
        "Content-Length": "0",
        "Date": "Wed, 26 Jul 2023 14:06:26 GMT",
        "ETag": "\u00220x8DB8DE18092B990\u0022",
        "Last-Modified": "Wed, 26 Jul 2023 14:06:26 GMT",
        "Server": [
          "Windows-Azure-HDFS/1.0",
          "Microsoft-HTTPAPI/2.0"
        ],
        "x-ms-client-request-id": "a1f4dfed-9b2b-4516-b483-ca62ba8583c3",
        "x-ms-request-id": "f32913e8-101f-0022-4cca-bf549d000000",
        "x-ms-request-server-encrypted": "true",
        "x-ms-version": "2023-01-03"
      },
      "ResponseBody": null
    },
    {
      "RequestUri": "https://REDACTED/cb90b21d0releasefilelease1c87264296c03cde78294c4/cb90b21d1releasefilelease1c8685206132c8b588bd4fe?comp=lease",
      "RequestMethod": "PUT",
      "RequestHeaders": {
        "Accept": "application/xml",
        "Authorization": "Sanitized",
        "Content-Length": "0",
        "Date": "Wed, 26 Jul 2023 14:06:26 GMT",
        "User-Agent": "azsdk-java-azure-storage-file-datalake/12.17.0-beta.1 (17.0.7; Windows 11; 10.0)",
        "x-ms-client-request-id": "86588639-69d6-4f73-9c72-1cf0b1851393",
        "x-ms-lease-action": "acquire",
        "x-ms-lease-duration": "-1",
        "x-ms-proposed-lease-id": "bd271bf9-efc0-4029-85cc-57b023e3dbcc",
        "x-ms-version": "2023-01-03"
      },
      "RequestBody": null,
      "StatusCode": 201,
      "ResponseHeaders": {
        "Content-Length": "0",
        "Date": "Wed, 26 Jul 2023 14:06:26 GMT",
        "ETag": "\u00220x8DB8DE18092B990\u0022",
        "Last-Modified": "Wed, 26 Jul 2023 14:06:26 GMT",
        "Server": [
          "Windows-Azure-Blob/1.0",
          "Microsoft-HTTPAPI/2.0"
        ],
        "x-ms-client-request-id": "86588639-69d6-4f73-9c72-1cf0b1851393",
        "x-ms-lease-id": "bd271bf9-efc0-4029-85cc-57b023e3dbcc",
        "x-ms-request-id": "eaf3c1c1-201e-005b-41ca-bfa8b9000000",
        "x-ms-version": "2023-01-03"
      },
      "ResponseBody": null
    },
    {
      "RequestUri": "https://REDACTED/cb90b21d0releasefilelease1c87264296c03cde78294c4/cb90b21d1releasefilelease1c8685206132c8b588bd4fe?comp=lease",
      "RequestMethod": "PUT",
      "RequestHeaders": {
        "Accept": "application/xml",
        "Authorization": "Sanitized",
        "Content-Length": "0",
        "Date": "Wed, 26 Jul 2023 14:06:26 GMT",
        "User-Agent": "azsdk-java-azure-storage-file-datalake/12.17.0-beta.1 (17.0.7; Windows 11; 10.0)",
        "x-ms-client-request-id": "e7855627-842a-4755-89ca-1e6d83c531fb",
        "x-ms-lease-action": "release",
        "x-ms-lease-id": "bd271bf9-efc0-4029-85cc-57b023e3dbcc",
        "x-ms-version": "2023-01-03"
      },
      "RequestBody": null,
      "StatusCode": 200,
      "ResponseHeaders": {
        "Content-Length": "0",
        "Date": "Wed, 26 Jul 2023 14:06:26 GMT",
        "ETag": "\u00220x8DB8DE18092B990\u0022",
        "Last-Modified": "Wed, 26 Jul 2023 14:06:26 GMT",
        "Server": [
          "Windows-Azure-Blob/1.0",
          "Microsoft-HTTPAPI/2.0"
        ],
        "x-ms-client-request-id": "e7855627-842a-4755-89ca-1e6d83c531fb",
        "x-ms-request-id": "eaf3c1f4-201e-005b-71ca-bfa8b9000000",
        "x-ms-version": "2023-01-03"
      },
      "ResponseBody": null
    },
    {
      "RequestUri": "https://REDACTED/cb90b21d0releasefilelease1c87264296c03cde78294c4/cb90b21d1releasefilelease1c8685206132c8b588bd4fe",
      "RequestMethod": "HEAD",
      "RequestHeaders": {
        "Accept": "application/xml",
        "Authorization": "Sanitized",
        "Content-Length": "0",
        "Date": "Wed, 26 Jul 2023 14:06:26 GMT",
        "User-Agent": "azsdk-java-azure-storage-blob/12.24.0-beta.1 azsdk-java-azure-storage-file-datalake/12.17.0-beta.1 (17.0.7; Windows 11; 10.0)",
        "x-ms-client-request-id": "59288b07-c264-4ab8-9814-e2d624eb45df",
        "x-ms-version": "2023-01-03"
      },
      "RequestBody": null,
      "StatusCode": 200,
      "ResponseHeaders": {
        "Accept-Ranges": "bytes",
        "Content-Length": "0",
        "Content-Type": "application/octet-stream",
        "Date": "Wed, 26 Jul 2023 14:06:26 GMT",
        "ETag": "\u00220x8DB8DE18092B990\u0022",
        "Last-Modified": "Wed, 26 Jul 2023 14:06:26 GMT",
        "Server": [
          "Windows-Azure-Blob/1.0",
          "Microsoft-HTTPAPI/2.0"
        ],
        "Vary": "Origin",
        "x-ms-access-tier": "Hot",
        "x-ms-access-tier-inferred": "true",
        "x-ms-blob-type": "BlockBlob",
        "x-ms-client-request-id": "59288b07-c264-4ab8-9814-e2d624eb45df",
        "x-ms-creation-time": "Wed, 26 Jul 2023 14:06:26 GMT",
        "x-ms-group": "$superuser",
        "x-ms-lease-state": "available",
        "x-ms-lease-status": "unlocked",
        "x-ms-owner": "$superuser",
        "x-ms-permissions": "rw-r-----",
        "x-ms-request-id": "eaf3c222-201e-005b-1aca-bfa8b9000000",
        "x-ms-resource-type": "file",
        "x-ms-server-encrypted": "true",
        "x-ms-version": "2023-01-03"
      },
      "ResponseBody": null
    }
  ],
  "Variables": {
    "0": "cb90b21d0releasefilelease1c87264296c03cde78294c4",
    "1": "cb90b21d1releasefilelease1c8685206132c8b588bd4fe"
  }
}
