{
  "Entries": [
    {
      "RequestUri": "https://REDACTED/da0cc92e0renewleaseed8677383146d62b4b724d0d8b?restype=container",
      "RequestMethod": "PUT",
      "RequestHeaders": {
        "Accept": "application/xml",
        "Authorization": "Sanitized",
        "Content-Length": "0",
        "Date": "Wed, 26 Jul 2023 14:06:18 GMT",
        "User-Agent": "azsdk-java-azure-storage-blob/12.24.0-beta.1 azsdk-java-azure-storage-file-datalake/12.17.0-beta.1 (17.0.7; Windows 11; 10.0)",
        "x-ms-client-request-id": "6eea605b-2d46-453b-aab5-9e73dd51ba1f",
        "x-ms-version": "2023-01-03"
      },
      "RequestBody": null,
      "StatusCode": 201,
      "ResponseHeaders": {
        "Content-Length": "0",
        "Date": "Wed, 26 Jul 2023 14:06:19 GMT",
        "ETag": "\u00220x8DB8DE17C0E840F\u0022",
        "Last-Modified": "Wed, 26 Jul 2023 14:06:19 GMT",
        "Server": [
          "Windows-Azure-Blob/1.0",
          "Microsoft-HTTPAPI/2.0"
        ],
        "x-ms-client-request-id": "6eea605b-2d46-453b-aab5-9e73dd51ba1f",
        "x-ms-request-id": "3e7b1e87-b01e-0076-46ca-bf1bca000000",
        "x-ms-version": "2023-01-03"
      },
      "ResponseBody": null
    },
    {
      "RequestUri": "https://REDACTED/da0cc92e1renewleaseed873674c740430097d94bab99?restype=container",
      "RequestMethod": "PUT",
      "RequestHeaders": {
        "Accept": "application/xml",
        "Authorization": "Sanitized",
        "Content-Length": "0",
        "Date": "Wed, 26 Jul 2023 14:06:19 GMT",
        "User-Agent": "azsdk-java-azure-storage-blob/12.24.0-beta.1 azsdk-java-azure-storage-file-datalake/12.17.0-beta.1 (17.0.7; Windows 11; 10.0)",
        "x-ms-client-request-id": "b6ed9b23-9997-4c5a-a5bd-5c5cae73094e",
        "x-ms-version": "2023-01-03"
      },
      "RequestBody": null,
      "StatusCode": 201,
      "ResponseHeaders": {
        "Content-Length": "0",
        "Date": "Wed, 26 Jul 2023 14:06:19 GMT",
        "ETag": "\u00220x8DB8DE17C3C0A2A\u0022",
        "Last-Modified": "Wed, 26 Jul 2023 14:06:19 GMT",
        "Server": [
          "Windows-Azure-Blob/1.0",
          "Microsoft-HTTPAPI/2.0"
        ],
        "x-ms-client-request-id": "b6ed9b23-9997-4c5a-a5bd-5c5cae73094e",
        "x-ms-request-id": "0240d310-301e-000a-23ca-bf3535000000",
        "x-ms-version": "2023-01-03"
      },
      "ResponseBody": null
    },
    {
      "RequestUri": "https://REDACTED/da0cc92e1renewleaseed873674c740430097d94bab99/da0cc92e2renewleaseed800458344f7d842ad7485c97?comp=lease",
      "RequestMethod": "PUT",
      "RequestHeaders": {
        "Accept": "application/xml",
        "Authorization": "Sanitized",
        "Content-Length": "0",
        "Date": "Wed, 26 Jul 2023 14:06:20 GMT",
        "User-Agent": "azsdk-java-azure-storage-file-datalake/12.17.0-beta.1 (17.0.7; Windows 11; 10.0)",
        "x-ms-client-request-id": "55a8becf-a186-49b1-a04b-43152c54e3d3",
        "x-ms-lease-action": "renew",
        "x-ms-lease-id": "8ceb0e59-cf46-4544-b7c2-121685d469de",
        "x-ms-version": "2023-01-03"
      },
      "RequestBody": null,
      "StatusCode": 404,
      "ResponseHeaders": {
        "Content-Length": "215",
        "Content-Type": "application/xml",
        "Date": "Wed, 26 Jul 2023 14:06:19 GMT",
        "Server": [
          "Windows-Azure-Blob/1.0",
          "Microsoft-HTTPAPI/2.0"
        ],
        "x-ms-client-request-id": "55a8becf-a186-49b1-a04b-43152c54e3d3",
        "x-ms-error-code": "BlobNotFound",
        "x-ms-request-id": "b92b942b-701e-0056-06ca-bf606d000000",
        "x-ms-version": "2023-01-03"
      },
      "ResponseBody": [
        "\uFEFF\u003C?xml version=\u00221.0\u0022 encoding=\u0022utf-8\u0022?\u003E\u003CError\u003E\u003CCode\u003EBlobNotFound\u003C/Code\u003E\u003CMessage\u003EThe specified blob does not exist.\n",
        "RequestId:b92b942b-701e-0056-06ca-bf606d000000\n",
        "Time:2023-07-26T14:06:20.0665094Z\u003C/Message\u003E\u003C/Error\u003E"
      ]
    }
  ],
  "Variables": {
    "0": "da0cc92e0renewleaseed8677383146d62b4b724d0d8b",
    "1": "da0cc92e1renewleaseed873674c740430097d94bab99",
    "2": "da0cc92e2renewleaseed800458344f7d842ad7485c97"
  }
}
