{
  "Entries": [
    {
      "RequestUri": "https://REDACTED/acc7c79c0breakfileleaseac1f868942a8665af1e17c4b6?restype=container",
      "RequestMethod": "PUT",
      "RequestHeaders": {
        "Accept": "application/xml",
        "Authorization": "Sanitized",
        "Content-Length": "0",
        "Date": "Wed, 26 Jul 2023 14:06:32 GMT",
        "User-Agent": "azsdk-java-azure-storage-blob/12.24.0-beta.1 azsdk-java-azure-storage-file-datalake/12.17.0-beta.1 (17.0.7; Windows 11; 10.0)",
        "x-ms-client-request-id": "63290274-c289-4163-8a3b-15dfb677df06",
        "x-ms-version": "2023-01-03"
      },
      "RequestBody": null,
      "StatusCode": 201,
      "ResponseHeaders": {
        "Content-Length": "0",
        "Date": "Wed, 26 Jul 2023 14:06:31 GMT",
        "ETag": "\u00220x8DB8DE183D1EE56\u0022",
        "Last-Modified": "Wed, 26 Jul 2023 14:06:32 GMT",
        "Server": [
          "Windows-Azure-Blob/1.0",
          "Microsoft-HTTPAPI/2.0"
        ],
        "x-ms-client-request-id": "63290274-c289-4163-8a3b-15dfb677df06",
        "x-ms-request-id": "4688842b-101e-0050-19ca-bf53d2000000",
        "x-ms-version": "2023-01-03"
      },
      "ResponseBody": null
    },
    {
      "RequestUri": "https://REDACTED/acc7c79c0breakfileleaseac1f868942a8665af1e17c4b6/acc7c79c1breakfileleaseac1f89119624814123c21541d?resource=file",
      "RequestMethod": "PUT",
      "RequestHeaders": {
        "Accept": "application/json",
        "Authorization": "Sanitized",
        "Content-Length": "0",
        "Date": "Wed, 26 Jul 2023 14:06:32 GMT",
        "If-None-Match": "*",
        "User-Agent": "azsdk-java-azure-storage-file-datalake/12.17.0-beta.1 (17.0.7; Windows 11; 10.0)",
        "x-ms-client-request-id": "82e74a8c-c086-4226-928c-e5b4d037d047",
        "x-ms-version": "2023-01-03"
      },
      "RequestBody": null,
      "StatusCode": 201,
      "ResponseHeaders": {
        "Content-Length": "0",
        "Date": "Wed, 26 Jul 2023 14:06:31 GMT",
        "ETag": "\u00220x8DB8DE183E205BF\u0022",
        "Last-Modified": "Wed, 26 Jul 2023 14:06:32 GMT",
        "Server": [
          "Windows-Azure-HDFS/1.0",
          "Microsoft-HTTPAPI/2.0"
        ],
        "x-ms-client-request-id": "82e74a8c-c086-4226-928c-e5b4d037d047",
        "x-ms-request-id": "61caaf6e-901f-005e-1eca-bf7a62000000",
        "x-ms-request-server-encrypted": "true",
        "x-ms-version": "2023-01-03"
      },
      "ResponseBody": null
    },
    {
      "RequestUri": "https://REDACTED/acc7c79c0breakfileleaseac1f868942a8665af1e17c4b6/acc7c79c1breakfileleaseac1f89119624814123c21541d",
      "RequestMethod": "HEAD",
      "RequestHeaders": {
        "Accept": "application/xml",
        "Authorization": "Sanitized",
        "Content-Length": "0",
        "Date": "Wed, 26 Jul 2023 14:06:32 GMT",
        "User-Agent": "azsdk-java-azure-storage-blob/12.24.0-beta.1 azsdk-java-azure-storage-file-datalake/12.17.0-beta.1 (17.0.7; Windows 11; 10.0)",
        "x-ms-client-request-id": "2b63f550-1ee9-4ef9-9f19-efa1b1a73e12",
        "x-ms-version": "2023-01-03"
      },
      "RequestBody": null,
      "StatusCode": 200,
      "ResponseHeaders": {
        "Accept-Ranges": "bytes",
        "Content-Length": "0",
        "Content-Type": "application/octet-stream",
        "Date": "Wed, 26 Jul 2023 14:06:31 GMT",
        "ETag": "\u00220x8DB8DE183E205BF\u0022",
        "Last-Modified": "Wed, 26 Jul 2023 14:06:32 GMT",
        "Server": [
          "Windows-Azure-Blob/1.0",
          "Microsoft-HTTPAPI/2.0"
        ],
        "Vary": "Origin",
        "x-ms-access-tier": "Hot",
        "x-ms-access-tier-inferred": "true",
        "x-ms-blob-type": "BlockBlob",
        "x-ms-client-request-id": "2b63f550-1ee9-4ef9-9f19-efa1b1a73e12",
        "x-ms-creation-time": "Wed, 26 Jul 2023 14:06:32 GMT",
        "x-ms-group": "$superuser",
        "x-ms-lease-state": "available",
        "x-ms-lease-status": "unlocked",
        "x-ms-owner": "$superuser",
        "x-ms-permissions": "rw-r-----",
        "x-ms-request-id": "f0f2c931-501e-009a-64ca-bf0f5b000000",
        "x-ms-resource-type": "file",
        "x-ms-server-encrypted": "true",
        "x-ms-version": "2023-01-03"
      },
      "ResponseBody": null
    },
    {
      "RequestUri": "https://REDACTED/acc7c79c0breakfileleaseac1f868942a8665af1e17c4b6/acc7c79c1breakfileleaseac1f89119624814123c21541d?comp=lease",
      "RequestMethod": "PUT",
      "RequestHeaders": {
        "Accept": "application/xml",
        "Authorization": "Sanitized",
        "Content-Length": "0",
        "Date": "Wed, 26 Jul 2023 14:06:32 GMT",
        "User-Agent": "azsdk-java-azure-storage-file-datalake/12.17.0-beta.1 (17.0.7; Windows 11; 10.0)",
        "x-ms-client-request-id": "16155c4a-200d-4360-9764-b0e0224680dd",
        "x-ms-lease-action": "acquire",
        "x-ms-lease-duration": "-1",
        "x-ms-proposed-lease-id": "2a6c16c1-8666-49a2-b999-b14f3b87b6f1",
        "x-ms-version": "2023-01-03"
      },
      "RequestBody": null,
      "StatusCode": 201,
      "ResponseHeaders": {
        "Content-Length": "0",
        "Date": "Wed, 26 Jul 2023 14:06:31 GMT",
        "ETag": "\u00220x8DB8DE183E205BF\u0022",
        "Last-Modified": "Wed, 26 Jul 2023 14:06:32 GMT",
        "Server": [
          "Windows-Azure-Blob/1.0",
          "Microsoft-HTTPAPI/2.0"
        ],
        "x-ms-client-request-id": "16155c4a-200d-4360-9764-b0e0224680dd",
        "x-ms-lease-id": "2a6c16c1-8666-49a2-b999-b14f3b87b6f1",
        "x-ms-request-id": "468884d8-101e-0050-34ca-bf53d2000000",
        "x-ms-version": "2023-01-03"
      },
      "ResponseBody": null
    },
    {
      "RequestUri": "https://REDACTED/acc7c79c0breakfileleaseac1f868942a8665af1e17c4b6/acc7c79c1breakfileleaseac1f89119624814123c21541d?comp=lease",
      "RequestMethod": "PUT",
      "RequestHeaders": {
        "Accept": "application/xml",
        "Authorization": "Sanitized",
        "Content-Length": "0",
        "Date": "Wed, 26 Jul 2023 14:06:32 GMT",
        "If-Match": "0x8DB8DE183E205BF",
        "User-Agent": "azsdk-java-azure-storage-file-datalake/12.17.0-beta.1 (17.0.7; Windows 11; 10.0)",
        "x-ms-client-request-id": "690a1d32-3655-48d7-9ba2-222835a0d395",
        "x-ms-lease-action": "break",
        "x-ms-version": "2023-01-03"
      },
      "RequestBody": null,
      "StatusCode": 202,
      "ResponseHeaders": {
        "Content-Length": "0",
        "Date": "Wed, 26 Jul 2023 14:06:31 GMT",
        "ETag": "\u00220x8DB8DE183E205BF\u0022",
        "Last-Modified": "Wed, 26 Jul 2023 14:06:32 GMT",
        "Server": [
          "Windows-Azure-Blob/1.0",
          "Microsoft-HTTPAPI/2.0"
        ],
        "x-ms-client-request-id": "690a1d32-3655-48d7-9ba2-222835a0d395",
        "x-ms-lease-time": "0",
        "x-ms-request-id": "468884f4-101e-0050-4dca-bf53d2000000",
        "x-ms-version": "2023-01-03"
      },
      "ResponseBody": null
    }
  ],
  "Variables": {
    "0": "acc7c79c0breakfileleaseac1f868942a8665af1e17c4b6",
    "1": "acc7c79c1breakfileleaseac1f89119624814123c21541d"
  }
}
