{
  "Entries": [
    {
      "RequestUri": "https://REDACTED/1d2a9f2a0filesystemsasidentifier7b6047981e6f1f01f89?restype=container",
      "RequestMethod": "PUT",
      "RequestHeaders": {
        "Accept": "application/xml",
        "Authorization": "Sanitized",
        "Content-Length": "0",
        "Date": "Wed, 26 Jul 2023 14:06:22 GMT",
        "User-Agent": "azsdk-java-azure-storage-blob/12.24.0-beta.1 azsdk-java-azure-storage-file-datalake/12.17.0-beta.1 (17.0.7; Windows 11; 10.0)",
        "x-ms-client-request-id": "947ffaef-9bfa-47b3-bd3a-d243bf5ac235",
        "x-ms-version": "2023-01-03"
      },
      "RequestBody": null,
      "StatusCode": 201,
      "ResponseHeaders": {
        "Content-Length": "0",
        "Date": "Wed, 26 Jul 2023 14:06:22 GMT",
        "ETag": "\u00220x8DB8DE17E5412FF\u0022",
        "Last-Modified": "Wed, 26 Jul 2023 14:06:22 GMT",
        "Server": [
          "Windows-Azure-Blob/1.0",
          "Microsoft-HTTPAPI/2.0"
        ],
        "x-ms-client-request-id": "947ffaef-9bfa-47b3-bd3a-d243bf5ac235",
        "x-ms-request-id": "f363736d-801e-0020-78ca-bfea25000000",
        "x-ms-version": "2023-01-03"
      },
      "ResponseBody": null
    },
    {
      "RequestUri": "https://REDACTED/1d2a9f2a0filesystemsasidentifier7b6047981e6f1f01f89/1d2a9f2a1filesystemsasidentifier7b651763391d9258ad4?resource=file",
      "RequestMethod": "PUT",
      "RequestHeaders": {
        "Accept": "application/json",
        "Authorization": "Sanitized",
        "Content-Length": "0",
        "Date": "Wed, 26 Jul 2023 14:06:22 GMT",
        "If-None-Match": "*",
        "User-Agent": "azsdk-java-azure-storage-file-datalake/12.17.0-beta.1 (17.0.7; Windows 11; 10.0)",
        "x-ms-client-request-id": "f860d028-0ff8-4ae7-82bd-416373d8b150",
        "x-ms-version": "2023-01-03"
      },
      "RequestBody": null,
      "StatusCode": 201,
      "ResponseHeaders": {
        "Content-Length": "0",
        "Date": "Wed, 26 Jul 2023 14:06:22 GMT",
        "ETag": "\u00220x8DB8DE17E5D7543\u0022",
        "Last-Modified": "Wed, 26 Jul 2023 14:06:23 GMT",
        "Server": [
          "Windows-Azure-HDFS/1.0",
          "Microsoft-HTTPAPI/2.0"
        ],
        "x-ms-client-request-id": "f860d028-0ff8-4ae7-82bd-416373d8b150",
        "x-ms-request-id": "e507ea3c-c01f-0031-28ca-bf7091000000",
        "x-ms-request-server-encrypted": "true",
        "x-ms-version": "2023-01-03"
      },
      "ResponseBody": null
    },
    {
      "RequestUri": "https://REDACTED/1d2a9f2a0filesystemsasidentifier7b6047981e6f1f01f89/1d2a9f2a1filesystemsasidentifier7b651763391d9258ad4?action=append\u0026position=0",
      "RequestMethod": "PATCH",
      "RequestHeaders": {
        "Accept": "application/json",
        "Authorization": "Sanitized",
        "Content-Length": "7",
        "Content-Type": "application/octet-stream",
        "Date": "Wed, 26 Jul 2023 14:06:23 GMT",
        "User-Agent": "azsdk-java-azure-storage-file-datalake/12.17.0-beta.1 (17.0.7; Windows 11; 10.0)",
        "x-ms-client-request-id": "398fdeef-184a-44bb-9a56-f5a1b806af09",
        "x-ms-version": "2023-01-03"
      },
      "RequestBody": "ZGVmYXVsdA==",
      "StatusCode": 202,
      "ResponseHeaders": {
        "Content-Length": "0",
        "Date": "Wed, 26 Jul 2023 14:06:23 GMT",
        "Server": [
          "Windows-Azure-HDFS/1.0",
          "Microsoft-HTTPAPI/2.0"
        ],
        "x-ms-client-request-id": "398fdeef-184a-44bb-9a56-f5a1b806af09",
        "x-ms-request-id": "e507ea4e-c01f-0031-3aca-bf7091000000",
        "x-ms-request-server-encrypted": "true",
        "x-ms-version": "2023-01-03"
      },
      "ResponseBody": null
    },
    {
      "RequestUri": "https://REDACTED/1d2a9f2a0filesystemsasidentifier7b6047981e6f1f01f89/1d2a9f2a1filesystemsasidentifier7b651763391d9258ad4?action=flush\u0026position=7\u0026retainUncommittedData=false\u0026close=false",
      "RequestMethod": "PATCH",
      "RequestHeaders": {
        "Accept": "application/json",
        "Authorization": "Sanitized",
        "Content-Length": "0",
        "Date": "Wed, 26 Jul 2023 14:06:23 GMT",
        "User-Agent": "azsdk-java-azure-storage-file-datalake/12.17.0-beta.1 (17.0.7; Windows 11; 10.0)",
        "x-ms-client-request-id": "757fb5fc-8262-46a6-9f03-91e104750556",
        "x-ms-version": "2023-01-03"
      },
      "RequestBody": null,
      "StatusCode": 200,
      "ResponseHeaders": {
        "Content-Length": "0",
        "Date": "Wed, 26 Jul 2023 14:06:23 GMT",
        "ETag": "\u00220x8DB8DE17E791BE6\u0022",
        "Last-Modified": "Wed, 26 Jul 2023 14:06:23 GMT",
        "Server": [
          "Windows-Azure-HDFS/1.0",
          "Microsoft-HTTPAPI/2.0"
        ],
        "x-ms-client-request-id": "757fb5fc-8262-46a6-9f03-91e104750556",
        "x-ms-request-id": "e507ea60-c01f-0031-4cca-bf7091000000",
        "x-ms-request-server-encrypted": "false",
        "x-ms-version": "2023-01-03"
      },
      "ResponseBody": null
    },
    {
      "RequestUri": "https://REDACTED/1d2a9f2a0filesystemsasidentifier7b6047981e6f1f01f89?restype=container\u0026comp=acl",
      "RequestMethod": "PUT",
      "RequestHeaders": {
        "Accept": "application/xml",
        "Authorization": "Sanitized",
        "Content-Length": "224",
        "Content-Type": "application/xml",
        "Date": "Wed, 26 Jul 2023 14:06:23 GMT",
        "User-Agent": "azsdk-java-azure-storage-blob/12.24.0-beta.1 azsdk-java-azure-storage-file-datalake/12.17.0-beta.1 (17.0.7; Windows 11; 10.0)",
        "x-ms-client-request-id": "6b29c4c9-4b5d-4e0d-ae7e-eb1690573ae7",
        "x-ms-version": "2023-01-03"
      },
      "RequestBody": "\u003C?xml version=\u00271.0\u0027 encoding=\u0027UTF-8\u0027?\u003E\u003CSignedIdentifiers\u003E\u003CSignedIdentifier\u003E\u003CId\u003E0000\u003C/Id\u003E\u003CAccessPolicy\u003E\u003CExpiry\u003E2023-07-27T14:06:23Z\u003C/Expiry\u003E\u003CPermission\u003Eracwdl\u003C/Permission\u003E\u003C/AccessPolicy\u003E\u003C/SignedIdentifier\u003E\u003C/SignedIdentifiers\u003E",
      "StatusCode": 200,
      "ResponseHeaders": {
        "Content-Length": "0",
        "Date": "Wed, 26 Jul 2023 14:06:22 GMT",
        "ETag": "\u00220x8DB8DE17E8298B2\u0022",
        "Last-Modified": "Wed, 26 Jul 2023 14:06:23 GMT",
        "Server": [
          "Windows-Azure-Blob/1.0",
          "Microsoft-HTTPAPI/2.0"
        ],
        "x-ms-client-request-id": "6b29c4c9-4b5d-4e0d-ae7e-eb1690573ae7",
        "x-ms-request-id": "38afb555-301e-001a-4cca-bff05d000000",
        "x-ms-version": "2023-01-03"
      },
      "ResponseBody": null
    },
    {
      "RequestUri": "https://REDACTED/1d2a9f2a0filesystemsasidentifier7b6047981e6f1f01f89?restype=container\u0026comp=acl",
      "RequestMethod": "GET",
      "RequestHeaders": {
        "Accept": "application/xml",
        "Authorization": "Sanitized",
        "Content-Length": "0",
        "Date": "Wed, 26 Jul 2023 14:06:23 GMT",
        "User-Agent": "azsdk-java-azure-storage-blob/12.24.0-beta.1 azsdk-java-azure-storage-file-datalake/12.17.0-beta.1 (17.0.7; Windows 11; 10.0)",
        "x-ms-client-request-id": "4deab016-32be-4fd4-9842-a0b44f153a9d",
        "x-ms-version": "2023-01-03"
      },
      "RequestBody": null,
      "StatusCode": 200,
      "ResponseHeaders": {
        "Content-Type": "application/xml",
        "Date": "Wed, 26 Jul 2023 14:06:23 GMT",
        "ETag": "\u00220x8DB8DE17E8298B2\u0022",
        "Last-Modified": "Wed, 26 Jul 2023 14:06:23 GMT",
        "Server": [
          "Windows-Azure-Blob/1.0",
          "Microsoft-HTTPAPI/2.0"
        ],
        "Transfer-Encoding": "chunked",
        "Vary": "Origin",
        "x-ms-client-request-id": "4deab016-32be-4fd4-9842-a0b44f153a9d",
        "x-ms-request-id": "3e7b2fd7-b01e-0076-3dca-bf1bca000000",
        "x-ms-version": "2023-01-03"
      },
      "ResponseBody": "\uFEFF\u003C?xml version=\u00221.0\u0022 encoding=\u0022utf-8\u0022?\u003E\u003CSignedIdentifiers\u003E\u003CSignedIdentifier\u003E\u003CId\u003E0000\u003C/Id\u003E\u003CAccessPolicy\u003E\u003CExpiry\u003E2023-07-27T14:06:23.0000000Z\u003C/Expiry\u003E\u003CPermission\u003Eracwdl\u003C/Permission\u003E\u003C/AccessPolicy\u003E\u003C/SignedIdentifier\u003E\u003C/SignedIdentifiers\u003E"
    },
    {
      "RequestUri": "https://REDACTED/1d2a9f2a0filesystemsasidentifier7b6047981e6f1f01f89?restype=container\u0026comp=acl",
      "RequestMethod": "GET",
      "RequestHeaders": {
        "Accept": "application/xml",
        "Authorization": "Sanitized",
        "Content-Length": "0",
        "Date": "Wed, 26 Jul 2023 14:06:24 GMT",
        "User-Agent": "azsdk-java-azure-storage-blob/12.24.0-beta.1 azsdk-java-azure-storage-file-datalake/12.17.0-beta.1 (17.0.7; Windows 11; 10.0)",
        "x-ms-client-request-id": "2603c3b3-4f39-4644-92a8-a6546468da17",
        "x-ms-version": "2023-01-03"
      },
      "RequestBody": null,
      "StatusCode": 200,
      "ResponseHeaders": {
        "Content-Type": "application/xml",
        "Date": "Wed, 26 Jul 2023 14:06:24 GMT",
        "ETag": "\u00220x8DB8DE17E8298B2\u0022",
        "Last-Modified": "Wed, 26 Jul 2023 14:06:23 GMT",
        "Server": [
          "Windows-Azure-Blob/1.0",
          "Microsoft-HTTPAPI/2.0"
        ],
        "Transfer-Encoding": "chunked",
        "Vary": "Origin",
        "x-ms-client-request-id": "2603c3b3-4f39-4644-92a8-a6546468da17",
        "x-ms-request-id": "3e7b33fc-b01e-0076-10ca-bf1bca000000",
        "x-ms-version": "2023-01-03"
      },
      "ResponseBody": "\uFEFF\u003C?xml version=\u00221.0\u0022 encoding=\u0022utf-8\u0022?\u003E\u003CSignedIdentifiers\u003E\u003CSignedIdentifier\u003E\u003CId\u003E0000\u003C/Id\u003E\u003CAccessPolicy\u003E\u003CExpiry\u003E2023-07-27T14:06:23.0000000Z\u003C/Expiry\u003E\u003CPermission\u003Eracwdl\u003C/Permission\u003E\u003C/AccessPolicy\u003E\u003C/SignedIdentifier\u003E\u003C/SignedIdentifiers\u003E"
    },
    {
      "RequestUri": "https://REDACTED/1d2a9f2a0filesystemsasidentifier7b6047981e6f1f01f89?restype=container\u0026comp=acl",
      "RequestMethod": "GET",
      "RequestHeaders": {
        "Accept": "application/xml",
        "Authorization": "Sanitized",
        "Content-Length": "0",
        "Date": "Wed, 26 Jul 2023 14:06:25 GMT",
        "User-Agent": "azsdk-java-azure-storage-blob/12.24.0-beta.1 azsdk-java-azure-storage-file-datalake/12.17.0-beta.1 (17.0.7; Windows 11; 10.0)",
        "x-ms-client-request-id": "49a98396-8402-4f0b-99e8-bf489bf97117",
        "x-ms-version": "2023-01-03"
      },
      "RequestBody": null,
      "StatusCode": 200,
      "ResponseHeaders": {
        "Content-Type": "application/xml",
        "Date": "Wed, 26 Jul 2023 14:06:24 GMT",
        "ETag": "\u00220x8DB8DE17E8298B2\u0022",
        "Last-Modified": "Wed, 26 Jul 2023 14:06:23 GMT",
        "Server": [
          "Windows-Azure-Blob/1.0",
          "Microsoft-HTTPAPI/2.0"
        ],
        "Transfer-Encoding": "chunked",
        "Vary": "Origin",
        "x-ms-client-request-id": "49a98396-8402-4f0b-99e8-bf489bf97117",
        "x-ms-request-id": "23242928-c01e-006c-5bca-bf7a15000000",
        "x-ms-version": "2023-01-03"
      },
      "ResponseBody": "\uFEFF\u003C?xml version=\u00221.0\u0022 encoding=\u0022utf-8\u0022?\u003E\u003CSignedIdentifiers\u003E\u003CSignedIdentifier\u003E\u003CId\u003E0000\u003C/Id\u003E\u003CAccessPolicy\u003E\u003CExpiry\u003E2023-07-27T14:06:23.0000000Z\u003C/Expiry\u003E\u003CPermission\u003Eracwdl\u003C/Permission\u003E\u003C/AccessPolicy\u003E\u003C/SignedIdentifier\u003E\u003C/SignedIdentifiers\u003E"
    },
    {
      "RequestUri": "https://REDACTED/1d2a9f2a0filesystemsasidentifier7b6047981e6f1f01f89?restype=container\u0026comp=acl",
      "RequestMethod": "GET",
      "RequestHeaders": {
        "Accept": "application/xml",
        "Authorization": "Sanitized",
        "Content-Length": "0",
        "Date": "Wed, 26 Jul 2023 14:06:26 GMT",
        "User-Agent": "azsdk-java-azure-storage-blob/12.24.0-beta.1 azsdk-java-azure-storage-file-datalake/12.17.0-beta.1 (17.0.7; Windows 11; 10.0)",
        "x-ms-client-request-id": "f9caa38a-aec5-43ad-a470-be2620d3edf3",
        "x-ms-version": "2023-01-03"
      },
      "RequestBody": null,
      "StatusCode": 200,
      "ResponseHeaders": {
        "Content-Type": "application/xml",
        "Date": "Wed, 26 Jul 2023 14:06:26 GMT",
        "ETag": "\u00220x8DB8DE17E8298B2\u0022",
        "Last-Modified": "Wed, 26 Jul 2023 14:06:23 GMT",
        "Server": [
          "Windows-Azure-Blob/1.0",
          "Microsoft-HTTPAPI/2.0"
        ],
        "Transfer-Encoding": "chunked",
        "Vary": "Origin",
        "x-ms-client-request-id": "f9caa38a-aec5-43ad-a470-be2620d3edf3",
        "x-ms-request-id": "38afc06a-301e-001a-36ca-bff05d000000",
        "x-ms-version": "2023-01-03"
      },
      "ResponseBody": "\uFEFF\u003C?xml version=\u00221.0\u0022 encoding=\u0022utf-8\u0022?\u003E\u003CSignedIdentifiers\u003E\u003CSignedIdentifier\u003E\u003CId\u003E0000\u003C/Id\u003E\u003CAccessPolicy\u003E\u003CExpiry\u003E2023-07-27T14:06:23.0000000Z\u003C/Expiry\u003E\u003CPermission\u003Eracwdl\u003C/Permission\u003E\u003C/AccessPolicy\u003E\u003C/SignedIdentifier\u003E\u003C/SignedIdentifiers\u003E"
    },
    {
      "RequestUri": "https://REDACTED/1d2a9f2a0filesystemsasidentifier7b6047981e6f1f01f89?restype=container\u0026comp=acl",
      "RequestMethod": "GET",
      "RequestHeaders": {
        "Accept": "application/xml",
        "Authorization": "Sanitized",
        "Content-Length": "0",
        "Date": "Wed, 26 Jul 2023 14:06:27 GMT",
        "User-Agent": "azsdk-java-azure-storage-blob/12.24.0-beta.1 azsdk-java-azure-storage-file-datalake/12.17.0-beta.1 (17.0.7; Windows 11; 10.0)",
        "x-ms-client-request-id": "a65dbf32-dfea-4e4d-a46c-41a18dca8ae0",
        "x-ms-version": "2023-01-03"
      },
      "RequestBody": null,
      "StatusCode": 200,
      "ResponseHeaders": {
        "Content-Type": "application/xml",
        "Date": "Wed, 26 Jul 2023 14:06:26 GMT",
        "ETag": "\u00220x8DB8DE17E8298B2\u0022",
        "Last-Modified": "Wed, 26 Jul 2023 14:06:23 GMT",
        "Server": [
          "Windows-Azure-Blob/1.0",
          "Microsoft-HTTPAPI/2.0"
        ],
        "Transfer-Encoding": "chunked",
        "Vary": "Origin",
        "x-ms-client-request-id": "a65dbf32-dfea-4e4d-a46c-41a18dca8ae0",
        "x-ms-request-id": "1c5ae75a-101e-0032-4bca-bf91f5000000",
        "x-ms-version": "2023-01-03"
      },
      "ResponseBody": "\uFEFF\u003C?xml version=\u00221.0\u0022 encoding=\u0022utf-8\u0022?\u003E\u003CSignedIdentifiers\u003E\u003CSignedIdentifier\u003E\u003CId\u003E0000\u003C/Id\u003E\u003CAccessPolicy\u003E\u003CExpiry\u003E2023-07-27T14:06:23.0000000Z\u003C/Expiry\u003E\u003CPermission\u003Eracwdl\u003C/Permission\u003E\u003C/AccessPolicy\u003E\u003C/SignedIdentifier\u003E\u003C/SignedIdentifiers\u003E"
    },
    {
      "RequestUri": "https://REDACTED/1d2a9f2a0filesystemsasidentifier7b6047981e6f1f01f89?restype=container\u0026comp=acl",
      "RequestMethod": "GET",
      "RequestHeaders": {
        "Accept": "application/xml",
        "Authorization": "Sanitized",
        "Content-Length": "0",
        "Date": "Wed, 26 Jul 2023 14:06:28 GMT",
        "User-Agent": "azsdk-java-azure-storage-blob/12.24.0-beta.1 azsdk-java-azure-storage-file-datalake/12.17.0-beta.1 (17.0.7; Windows 11; 10.0)",
        "x-ms-client-request-id": "e21ff917-8bf8-4893-962c-c377f4c25f1b",
        "x-ms-version": "2023-01-03"
      },
      "RequestBody": null,
      "StatusCode": 200,
      "ResponseHeaders": {
        "Content-Type": "application/xml",
        "Date": "Wed, 26 Jul 2023 14:06:28 GMT",
        "ETag": "\u00220x8DB8DE17E8298B2\u0022",
        "Last-Modified": "Wed, 26 Jul 2023 14:06:23 GMT",
        "Server": [
          "Windows-Azure-Blob/1.0",
          "Microsoft-HTTPAPI/2.0"
        ],
        "Transfer-Encoding": "chunked",
        "Vary": "Origin",
        "x-ms-client-request-id": "e21ff917-8bf8-4893-962c-c377f4c25f1b",
        "x-ms-request-id": "f36387f5-801e-0020-64ca-bfea25000000",
        "x-ms-version": "2023-01-03"
      },
      "ResponseBody": "\uFEFF\u003C?xml version=\u00221.0\u0022 encoding=\u0022utf-8\u0022?\u003E\u003CSignedIdentifiers\u003E\u003CSignedIdentifier\u003E\u003CId\u003E0000\u003C/Id\u003E\u003CAccessPolicy\u003E\u003CExpiry\u003E2023-07-27T14:06:23.0000000Z\u003C/Expiry\u003E\u003CPermission\u003Eracwdl\u003C/Permission\u003E\u003C/AccessPolicy\u003E\u003C/SignedIdentifier\u003E\u003C/SignedIdentifiers\u003E"
    },
    {
      "RequestUri": "https://REDACTED/1d2a9f2a0filesystemsasidentifier7b6047981e6f1f01f89?restype=container\u0026comp=acl",
      "RequestMethod": "GET",
      "RequestHeaders": {
        "Accept": "application/xml",
        "Authorization": "Sanitized",
        "Content-Length": "0",
        "Date": "Wed, 26 Jul 2023 14:06:29 GMT",
        "User-Agent": "azsdk-java-azure-storage-blob/12.24.0-beta.1 azsdk-java-azure-storage-file-datalake/12.17.0-beta.1 (17.0.7; Windows 11; 10.0)",
        "x-ms-client-request-id": "760da60f-3aa7-4325-be55-dc4b9d9a67f4",
        "x-ms-version": "2023-01-03"
      },
      "RequestBody": null,
      "StatusCode": 200,
      "ResponseHeaders": {
        "Content-Type": "application/xml",
        "Date": "Wed, 26 Jul 2023 14:06:28 GMT",
        "ETag": "\u00220x8DB8DE17E8298B2\u0022",
        "Last-Modified": "Wed, 26 Jul 2023 14:06:23 GMT",
        "Server": [
          "Windows-Azure-Blob/1.0",
          "Microsoft-HTTPAPI/2.0"
        ],
        "Transfer-Encoding": "chunked",
        "Vary": "Origin",
        "x-ms-client-request-id": "760da60f-3aa7-4325-be55-dc4b9d9a67f4",
        "x-ms-request-id": "f0f2bbb6-501e-009a-4cca-bf0f5b000000",
        "x-ms-version": "2023-01-03"
      },
      "ResponseBody": "\uFEFF\u003C?xml version=\u00221.0\u0022 encoding=\u0022utf-8\u0022?\u003E\u003CSignedIdentifiers\u003E\u003CSignedIdentifier\u003E\u003CId\u003E0000\u003C/Id\u003E\u003CAccessPolicy\u003E\u003CExpiry\u003E2023-07-27T14:06:23.0000000Z\u003C/Expiry\u003E\u003CPermission\u003Eracwdl\u003C/Permission\u003E\u003C/AccessPolicy\u003E\u003C/SignedIdentifier\u003E\u003C/SignedIdentifiers\u003E"
    },
    {
      "RequestUri": "https://REDACTED/1d2a9f2a0filesystemsasidentifier7b6047981e6f1f01f89?restype=container\u0026comp=acl",
      "RequestMethod": "GET",
      "RequestHeaders": {
        "Accept": "application/xml",
        "Authorization": "Sanitized",
        "Content-Length": "0",
        "Date": "Wed, 26 Jul 2023 14:06:31 GMT",
        "User-Agent": "azsdk-java-azure-storage-blob/12.24.0-beta.1 azsdk-java-azure-storage-file-datalake/12.17.0-beta.1 (17.0.7; Windows 11; 10.0)",
        "x-ms-client-request-id": "edf03c67-1477-4dca-be60-684082ac495b",
        "x-ms-version": "2023-01-03"
      },
      "RequestBody": null,
      "StatusCode": 200,
      "ResponseHeaders": {
        "Content-Type": "application/xml",
        "Date": "Wed, 26 Jul 2023 14:06:30 GMT",
        "ETag": "\u00220x8DB8DE17E8298B2\u0022",
        "Last-Modified": "Wed, 26 Jul 2023 14:06:23 GMT",
        "Server": [
          "Windows-Azure-Blob/1.0",
          "Microsoft-HTTPAPI/2.0"
        ],
        "Transfer-Encoding": "chunked",
        "Vary": "Origin",
        "x-ms-client-request-id": "edf03c67-1477-4dca-be60-684082ac495b",
        "x-ms-request-id": "f0f2c3a1-501e-009a-34ca-bf0f5b000000",
        "x-ms-version": "2023-01-03"
      },
      "ResponseBody": "\uFEFF\u003C?xml version=\u00221.0\u0022 encoding=\u0022utf-8\u0022?\u003E\u003CSignedIdentifiers\u003E\u003CSignedIdentifier\u003E\u003CId\u003E0000\u003C/Id\u003E\u003CAccessPolicy\u003E\u003CExpiry\u003E2023-07-27T14:06:23.0000000Z\u003C/Expiry\u003E\u003CPermission\u003Eracwdl\u003C/Permission\u003E\u003C/AccessPolicy\u003E\u003C/SignedIdentifier\u003E\u003C/SignedIdentifiers\u003E"
    },
    {
      "RequestUri": "https://REDACTED/1d2a9f2a0filesystemsasidentifier7b6047981e6f1f01f89?restype=container\u0026comp=acl",
      "RequestMethod": "GET",
      "RequestHeaders": {
        "Accept": "application/xml",
        "Authorization": "Sanitized",
        "Content-Length": "0",
        "Date": "Wed, 26 Jul 2023 14:06:32 GMT",
        "User-Agent": "azsdk-java-azure-storage-blob/12.24.0-beta.1 azsdk-java-azure-storage-file-datalake/12.17.0-beta.1 (17.0.7; Windows 11; 10.0)",
        "x-ms-client-request-id": "7f032c0e-1422-46a8-9e24-d9216b591981",
        "x-ms-version": "2023-01-03"
      },
      "RequestBody": null,
      "StatusCode": 200,
      "ResponseHeaders": {
        "Content-Type": "application/xml",
        "Date": "Wed, 26 Jul 2023 14:06:31 GMT",
        "ETag": "\u00220x8DB8DE17E8298B2\u0022",
        "Last-Modified": "Wed, 26 Jul 2023 14:06:23 GMT",
        "Server": [
          "Windows-Azure-Blob/1.0",
          "Microsoft-HTTPAPI/2.0"
        ],
        "Transfer-Encoding": "chunked",
        "Vary": "Origin",
        "x-ms-client-request-id": "7f032c0e-1422-46a8-9e24-d9216b591981",
        "x-ms-request-id": "4688840d-101e-0050-7eca-bf53d2000000",
        "x-ms-version": "2023-01-03"
      },
      "ResponseBody": "\uFEFF\u003C?xml version=\u00221.0\u0022 encoding=\u0022utf-8\u0022?\u003E\u003CSignedIdentifiers\u003E\u003CSignedIdentifier\u003E\u003CId\u003E0000\u003C/Id\u003E\u003CAccessPolicy\u003E\u003CExpiry\u003E2023-07-27T14:06:23.0000000Z\u003C/Expiry\u003E\u003CPermission\u003Eracwdl\u003C/Permission\u003E\u003C/AccessPolicy\u003E\u003C/SignedIdentifier\u003E\u003C/SignedIdentifiers\u003E"
    },
    {
      "RequestUri": "https://REDACTED/1d2a9f2a0filesystemsasidentifier7b6047981e6f1f01f89?restype=container\u0026comp=acl",
      "RequestMethod": "GET",
      "RequestHeaders": {
        "Accept": "application/xml",
        "Authorization": "Sanitized",
        "Content-Length": "0",
        "Date": "Wed, 26 Jul 2023 14:06:33 GMT",
        "User-Agent": "azsdk-java-azure-storage-blob/12.24.0-beta.1 azsdk-java-azure-storage-file-datalake/12.17.0-beta.1 (17.0.7; Windows 11; 10.0)",
        "x-ms-client-request-id": "2e620d62-e71d-4ab9-8d60-8bbb6a97d42b",
        "x-ms-version": "2023-01-03"
      },
      "RequestBody": null,
      "StatusCode": 200,
      "ResponseHeaders": {
        "Content-Type": "application/xml",
        "Date": "Wed, 26 Jul 2023 14:06:32 GMT",
        "ETag": "\u00220x8DB8DE17E8298B2\u0022",
        "Last-Modified": "Wed, 26 Jul 2023 14:06:23 GMT",
        "Server": [
          "Windows-Azure-Blob/1.0",
          "Microsoft-HTTPAPI/2.0"
        ],
        "Transfer-Encoding": "chunked",
        "Vary": "Origin",
        "x-ms-client-request-id": "2e620d62-e71d-4ab9-8d60-8bbb6a97d42b",
        "x-ms-request-id": "38afd8ef-301e-001a-3cca-bff05d000000",
        "x-ms-version": "2023-01-03"
      },
      "ResponseBody": "\uFEFF\u003C?xml version=\u00221.0\u0022 encoding=\u0022utf-8\u0022?\u003E\u003CSignedIdentifiers\u003E\u003CSignedIdentifier\u003E\u003CId\u003E0000\u003C/Id\u003E\u003CAccessPolicy\u003E\u003CExpiry\u003E2023-07-27T14:06:23.0000000Z\u003C/Expiry\u003E\u003CPermission\u003Eracwdl\u003C/Permission\u003E\u003C/AccessPolicy\u003E\u003C/SignedIdentifier\u003E\u003C/SignedIdentifiers\u003E"
    },
    {
      "RequestUri": "https://REDACTED/1d2a9f2a0filesystemsasidentifier7b6047981e6f1f01f89?restype=container\u0026comp=acl",
      "RequestMethod": "GET",
      "RequestHeaders": {
        "Accept": "application/xml",
        "Authorization": "Sanitized",
        "Content-Length": "0",
        "Date": "Wed, 26 Jul 2023 14:06:34 GMT",
        "User-Agent": "azsdk-java-azure-storage-blob/12.24.0-beta.1 azsdk-java-azure-storage-file-datalake/12.17.0-beta.1 (17.0.7; Windows 11; 10.0)",
        "x-ms-client-request-id": "ad046f2b-0db6-45b8-a0bd-79b98572e5f1",
        "x-ms-version": "2023-01-03"
      },
      "RequestBody": null,
      "StatusCode": 200,
      "ResponseHeaders": {
        "Content-Type": "application/xml",
        "Date": "Wed, 26 Jul 2023 14:06:33 GMT",
        "ETag": "\u00220x8DB8DE17E8298B2\u0022",
        "Last-Modified": "Wed, 26 Jul 2023 14:06:23 GMT",
        "Server": [
          "Windows-Azure-Blob/1.0",
          "Microsoft-HTTPAPI/2.0"
        ],
        "Transfer-Encoding": "chunked",
        "Vary": "Origin",
        "x-ms-client-request-id": "ad046f2b-0db6-45b8-a0bd-79b98572e5f1",
        "x-ms-request-id": "b92be6b9-701e-0056-24ca-bf606d000000",
        "x-ms-version": "2023-01-03"
      },
      "ResponseBody": "\uFEFF\u003C?xml version=\u00221.0\u0022 encoding=\u0022utf-8\u0022?\u003E\u003CSignedIdentifiers\u003E\u003CSignedIdentifier\u003E\u003CId\u003E0000\u003C/Id\u003E\u003CAccessPolicy\u003E\u003CExpiry\u003E2023-07-27T14:06:23.0000000Z\u003C/Expiry\u003E\u003CPermission\u003Eracwdl\u003C/Permission\u003E\u003C/AccessPolicy\u003E\u003C/SignedIdentifier\u003E\u003C/SignedIdentifiers\u003E"
    },
    {
      "RequestUri": "https://REDACTED/1d2a9f2a0filesystemsasidentifier7b6047981e6f1f01f89?restype=container\u0026comp=acl",
      "RequestMethod": "GET",
      "RequestHeaders": {
        "Accept": "application/xml",
        "Authorization": "Sanitized",
        "Content-Length": "0",
        "Date": "Wed, 26 Jul 2023 14:06:35 GMT",
        "User-Agent": "azsdk-java-azure-storage-blob/12.24.0-beta.1 azsdk-java-azure-storage-file-datalake/12.17.0-beta.1 (17.0.7; Windows 11; 10.0)",
        "x-ms-client-request-id": "41db5a34-8937-474b-84e1-0e0a767b49cf",
        "x-ms-version": "2023-01-03"
      },
      "RequestBody": null,
      "StatusCode": 200,
      "ResponseHeaders": {
        "Content-Type": "application/xml",
        "Date": "Wed, 26 Jul 2023 14:06:35 GMT",
        "ETag": "\u00220x8DB8DE17E8298B2\u0022",
        "Last-Modified": "Wed, 26 Jul 2023 14:06:23 GMT",
        "Server": [
          "Windows-Azure-Blob/1.0",
          "Microsoft-HTTPAPI/2.0"
        ],
        "Transfer-Encoding": "chunked",
        "Vary": "Origin",
        "x-ms-client-request-id": "41db5a34-8937-474b-84e1-0e0a767b49cf",
        "x-ms-request-id": "711c2b30-901e-0003-56ca-bf70e6000000",
        "x-ms-version": "2023-01-03"
      },
      "ResponseBody": "\uFEFF\u003C?xml version=\u00221.0\u0022 encoding=\u0022utf-8\u0022?\u003E\u003CSignedIdentifiers\u003E\u003CSignedIdentifier\u003E\u003CId\u003E0000\u003C/Id\u003E\u003CAccessPolicy\u003E\u003CExpiry\u003E2023-07-27T14:06:23.0000000Z\u003C/Expiry\u003E\u003CPermission\u003Eracwdl\u003C/Permission\u003E\u003C/AccessPolicy\u003E\u003C/SignedIdentifier\u003E\u003C/SignedIdentifiers\u003E"
    },
    {
      "RequestUri": "https://REDACTED/1d2a9f2a0filesystemsasidentifier7b6047981e6f1f01f89?restype=container\u0026comp=acl",
      "RequestMethod": "GET",
      "RequestHeaders": {
        "Accept": "application/xml",
        "Authorization": "Sanitized",
        "Content-Length": "0",
        "Date": "Wed, 26 Jul 2023 14:06:36 GMT",
        "User-Agent": "azsdk-java-azure-storage-blob/12.24.0-beta.1 azsdk-java-azure-storage-file-datalake/12.17.0-beta.1 (17.0.7; Windows 11; 10.0)",
        "x-ms-client-request-id": "1c6e0dd8-0d7b-4c08-af66-20437c80aea7",
        "x-ms-version": "2023-01-03"
      },
      "RequestBody": null,
      "StatusCode": 200,
      "ResponseHeaders": {
        "Content-Type": "application/xml",
        "Date": "Wed, 26 Jul 2023 14:06:35 GMT",
        "ETag": "\u00220x8DB8DE17E8298B2\u0022",
        "Last-Modified": "Wed, 26 Jul 2023 14:06:23 GMT",
        "Server": [
          "Windows-Azure-Blob/1.0",
          "Microsoft-HTTPAPI/2.0"
        ],
        "Transfer-Encoding": "chunked",
        "Vary": "Origin",
        "x-ms-client-request-id": "1c6e0dd8-0d7b-4c08-af66-20437c80aea7",
        "x-ms-request-id": "4688978b-101e-0050-3eca-bf53d2000000",
        "x-ms-version": "2023-01-03"
      },
      "ResponseBody": "\uFEFF\u003C?xml version=\u00221.0\u0022 encoding=\u0022utf-8\u0022?\u003E\u003CSignedIdentifiers\u003E\u003CSignedIdentifier\u003E\u003CId\u003E0000\u003C/Id\u003E\u003CAccessPolicy\u003E\u003CExpiry\u003E2023-07-27T14:06:23.0000000Z\u003C/Expiry\u003E\u003CPermission\u003Eracwdl\u003C/Permission\u003E\u003C/AccessPolicy\u003E\u003C/SignedIdentifier\u003E\u003C/SignedIdentifiers\u003E"
    },
    {
      "RequestUri": "https://REDACTED/1d2a9f2a0filesystemsasidentifier7b6047981e6f1f01f89?restype=container\u0026comp=acl",
      "RequestMethod": "GET",
      "RequestHeaders": {
        "Accept": "application/xml",
        "Authorization": "Sanitized",
        "Content-Length": "0",
        "Date": "Wed, 26 Jul 2023 14:06:37 GMT",
        "User-Agent": "azsdk-java-azure-storage-blob/12.24.0-beta.1 azsdk-java-azure-storage-file-datalake/12.17.0-beta.1 (17.0.7; Windows 11; 10.0)",
        "x-ms-client-request-id": "ccd444cf-40e4-456f-a9a7-4ec6f8ad56a8",
        "x-ms-version": "2023-01-03"
      },
      "RequestBody": null,
      "StatusCode": 200,
      "ResponseHeaders": {
        "Content-Type": "application/xml",
        "Date": "Wed, 26 Jul 2023 14:06:37 GMT",
        "ETag": "\u00220x8DB8DE17E8298B2\u0022",
        "Last-Modified": "Wed, 26 Jul 2023 14:06:23 GMT",
        "Server": [
          "Windows-Azure-Blob/1.0",
          "Microsoft-HTTPAPI/2.0"
        ],
        "Transfer-Encoding": "chunked",
        "Vary": "Origin",
        "x-ms-client-request-id": "ccd444cf-40e4-456f-a9a7-4ec6f8ad56a8",
        "x-ms-request-id": "f363a917-801e-0020-4eca-bfea25000000",
        "x-ms-version": "2023-01-03"
      },
      "ResponseBody": "\uFEFF\u003C?xml version=\u00221.0\u0022 encoding=\u0022utf-8\u0022?\u003E\u003CSignedIdentifiers\u003E\u003CSignedIdentifier\u003E\u003CId\u003E0000\u003C/Id\u003E\u003CAccessPolicy\u003E\u003CExpiry\u003E2023-07-27T14:06:23.0000000Z\u003C/Expiry\u003E\u003CPermission\u003Eracwdl\u003C/Permission\u003E\u003C/AccessPolicy\u003E\u003C/SignedIdentifier\u003E\u003C/SignedIdentifiers\u003E"
    },
    {
      "RequestUri": "https://REDACTED/1d2a9f2a0filesystemsasidentifier7b6047981e6f1f01f89?restype=container\u0026comp=acl",
      "RequestMethod": "GET",
      "RequestHeaders": {
        "Accept": "application/xml",
        "Authorization": "Sanitized",
        "Content-Length": "0",
        "Date": "Wed, 26 Jul 2023 14:06:38 GMT",
        "User-Agent": "azsdk-java-azure-storage-blob/12.24.0-beta.1 azsdk-java-azure-storage-file-datalake/12.17.0-beta.1 (17.0.7; Windows 11; 10.0)",
        "x-ms-client-request-id": "8ac17e87-fae5-458e-ac06-b16f85c80cf0",
        "x-ms-version": "2023-01-03"
      },
      "RequestBody": null,
      "StatusCode": 200,
      "ResponseHeaders": {
        "Content-Type": "application/xml",
        "Date": "Wed, 26 Jul 2023 14:06:38 GMT",
        "ETag": "\u00220x8DB8DE17E8298B2\u0022",
        "Last-Modified": "Wed, 26 Jul 2023 14:06:23 GMT",
        "Server": [
          "Windows-Azure-Blob/1.0",
          "Microsoft-HTTPAPI/2.0"
        ],
        "Transfer-Encoding": "chunked",
        "Vary": "Origin",
        "x-ms-client-request-id": "8ac17e87-fae5-458e-ac06-b16f85c80cf0",
        "x-ms-request-id": "711c37dc-901e-0003-65ca-bf70e6000000",
        "x-ms-version": "2023-01-03"
      },
      "ResponseBody": "\uFEFF\u003C?xml version=\u00221.0\u0022 encoding=\u0022utf-8\u0022?\u003E\u003CSignedIdentifiers\u003E\u003CSignedIdentifier\u003E\u003CId\u003E0000\u003C/Id\u003E\u003CAccessPolicy\u003E\u003CExpiry\u003E2023-07-27T14:06:23.0000000Z\u003C/Expiry\u003E\u003CPermission\u003Eracwdl\u003C/Permission\u003E\u003C/AccessPolicy\u003E\u003C/SignedIdentifier\u003E\u003C/SignedIdentifiers\u003E"
    },
    {
      "RequestUri": "https://REDACTED/1d2a9f2a0filesystemsasidentifier7b6047981e6f1f01f89?restype=container\u0026comp=acl",
      "RequestMethod": "GET",
      "RequestHeaders": {
        "Accept": "application/xml",
        "Authorization": "Sanitized",
        "Content-Length": "0",
        "Date": "Wed, 26 Jul 2023 14:06:39 GMT",
        "User-Agent": "azsdk-java-azure-storage-blob/12.24.0-beta.1 azsdk-java-azure-storage-file-datalake/12.17.0-beta.1 (17.0.7; Windows 11; 10.0)",
        "x-ms-client-request-id": "8504c98c-8cf2-41f4-81f7-823a96c78bb3",
        "x-ms-version": "2023-01-03"
      },
      "RequestBody": null,
      "StatusCode": 200,
      "ResponseHeaders": {
        "Content-Type": "application/xml",
        "Date": "Wed, 26 Jul 2023 14:06:38 GMT",
        "ETag": "\u00220x8DB8DE17E8298B2\u0022",
        "Last-Modified": "Wed, 26 Jul 2023 14:06:23 GMT",
        "Server": [
          "Windows-Azure-Blob/1.0",
          "Microsoft-HTTPAPI/2.0"
        ],
        "Transfer-Encoding": "chunked",
        "Vary": "Origin",
        "x-ms-client-request-id": "8504c98c-8cf2-41f4-81f7-823a96c78bb3",
        "x-ms-request-id": "5f5159dd-b01e-0049-61ca-bfd369000000",
        "x-ms-version": "2023-01-03"
      },
      "ResponseBody": "\uFEFF\u003C?xml version=\u00221.0\u0022 encoding=\u0022utf-8\u0022?\u003E\u003CSignedIdentifiers\u003E\u003CSignedIdentifier\u003E\u003CId\u003E0000\u003C/Id\u003E\u003CAccessPolicy\u003E\u003CExpiry\u003E2023-07-27T14:06:23.0000000Z\u003C/Expiry\u003E\u003CPermission\u003Eracwdl\u003C/Permission\u003E\u003C/AccessPolicy\u003E\u003C/SignedIdentifier\u003E\u003C/SignedIdentifiers\u003E"
    },
    {
      "RequestUri": "https://REDACTED/1d2a9f2a0filesystemsasidentifier7b6047981e6f1f01f89?restype=container\u0026comp=acl",
      "RequestMethod": "GET",
      "RequestHeaders": {
        "Accept": "application/xml",
        "Authorization": "Sanitized",
        "Content-Length": "0",
        "Date": "Wed, 26 Jul 2023 14:06:40 GMT",
        "User-Agent": "azsdk-java-azure-storage-blob/12.24.0-beta.1 azsdk-java-azure-storage-file-datalake/12.17.0-beta.1 (17.0.7; Windows 11; 10.0)",
        "x-ms-client-request-id": "96e17343-0e03-4e10-9f53-ee3ea8c749b6",
        "x-ms-version": "2023-01-03"
      },
      "RequestBody": null,
      "StatusCode": 200,
      "ResponseHeaders": {
        "Content-Type": "application/xml",
        "Date": "Wed, 26 Jul 2023 14:06:40 GMT",
        "ETag": "\u00220x8DB8DE17E8298B2\u0022",
        "Last-Modified": "Wed, 26 Jul 2023 14:06:23 GMT",
        "Server": [
          "Windows-Azure-Blob/1.0",
          "Microsoft-HTTPAPI/2.0"
        ],
        "Transfer-Encoding": "chunked",
        "Vary": "Origin",
        "x-ms-client-request-id": "96e17343-0e03-4e10-9f53-ee3ea8c749b6",
        "x-ms-request-id": "3e7b7f05-b01e-0076-7fca-bf1bca000000",
        "x-ms-version": "2023-01-03"
      },
      "ResponseBody": "\uFEFF\u003C?xml version=\u00221.0\u0022 encoding=\u0022utf-8\u0022?\u003E\u003CSignedIdentifiers\u003E\u003CSignedIdentifier\u003E\u003CId\u003E0000\u003C/Id\u003E\u003CAccessPolicy\u003E\u003CExpiry\u003E2023-07-27T14:06:23.0000000Z\u003C/Expiry\u003E\u003CPermission\u003Eracwdl\u003C/Permission\u003E\u003C/AccessPolicy\u003E\u003C/SignedIdentifier\u003E\u003C/SignedIdentifiers\u003E"
    },
    {
      "RequestUri": "https://REDACTED/1d2a9f2a0filesystemsasidentifier7b6047981e6f1f01f89?restype=container\u0026comp=acl",
      "RequestMethod": "GET",
      "RequestHeaders": {
        "Accept": "application/xml",
        "Authorization": "Sanitized",
        "Content-Length": "0",
        "Date": "Wed, 26 Jul 2023 14:06:41 GMT",
        "User-Agent": "azsdk-java-azure-storage-blob/12.24.0-beta.1 azsdk-java-azure-storage-file-datalake/12.17.0-beta.1 (17.0.7; Windows 11; 10.0)",
        "x-ms-client-request-id": "5d4eda27-8576-43b5-8e9e-b85a08cf0538",
        "x-ms-version": "2023-01-03"
      },
      "RequestBody": null,
      "StatusCode": 200,
      "ResponseHeaders": {
        "Content-Type": "application/xml",
        "Date": "Wed, 26 Jul 2023 14:06:41 GMT",
        "ETag": "\u00220x8DB8DE17E8298B2\u0022",
        "Last-Modified": "Wed, 26 Jul 2023 14:06:23 GMT",
        "Server": [
          "Windows-Azure-Blob/1.0",
          "Microsoft-HTTPAPI/2.0"
        ],
        "Transfer-Encoding": "chunked",
        "Vary": "Origin",
        "x-ms-client-request-id": "5d4eda27-8576-43b5-8e9e-b85a08cf0538",
        "x-ms-request-id": "3e7b83c4-b01e-0076-5cca-bf1bca000000",
        "x-ms-version": "2023-01-03"
      },
      "ResponseBody": "\uFEFF\u003C?xml version=\u00221.0\u0022 encoding=\u0022utf-8\u0022?\u003E\u003CSignedIdentifiers\u003E\u003CSignedIdentifier\u003E\u003CId\u003E0000\u003C/Id\u003E\u003CAccessPolicy\u003E\u003CExpiry\u003E2023-07-27T14:06:23.0000000Z\u003C/Expiry\u003E\u003CPermission\u003Eracwdl\u003C/Permission\u003E\u003C/AccessPolicy\u003E\u003C/SignedIdentifier\u003E\u003C/SignedIdentifiers\u003E"
    },
    {
      "RequestUri": "https://REDACTED/1d2a9f2a0filesystemsasidentifier7b6047981e6f1f01f89?restype=container\u0026comp=acl",
      "RequestMethod": "GET",
      "RequestHeaders": {
        "Accept": "application/xml",
        "Authorization": "Sanitized",
        "Content-Length": "0",
        "Date": "Wed, 26 Jul 2023 14:06:42 GMT",
        "User-Agent": "azsdk-java-azure-storage-blob/12.24.0-beta.1 azsdk-java-azure-storage-file-datalake/12.17.0-beta.1 (17.0.7; Windows 11; 10.0)",
        "x-ms-client-request-id": "69ccbfb0-661d-4c05-bb83-493b596b727c",
        "x-ms-version": "2023-01-03"
      },
      "RequestBody": null,
      "StatusCode": 200,
      "ResponseHeaders": {
        "Content-Type": "application/xml",
        "Date": "Wed, 26 Jul 2023 14:06:42 GMT",
        "ETag": "\u00220x8DB8DE17E8298B2\u0022",
        "Last-Modified": "Wed, 26 Jul 2023 14:06:23 GMT",
        "Server": [
          "Windows-Azure-Blob/1.0",
          "Microsoft-HTTPAPI/2.0"
        ],
        "Transfer-Encoding": "chunked",
        "Vary": "Origin",
        "x-ms-client-request-id": "69ccbfb0-661d-4c05-bb83-493b596b727c",
        "x-ms-request-id": "9d400b9a-601e-0007-39ca-bffde1000000",
        "x-ms-version": "2023-01-03"
      },
      "ResponseBody": "\uFEFF\u003C?xml version=\u00221.0\u0022 encoding=\u0022utf-8\u0022?\u003E\u003CSignedIdentifiers\u003E\u003CSignedIdentifier\u003E\u003CId\u003E0000\u003C/Id\u003E\u003CAccessPolicy\u003E\u003CExpiry\u003E2023-07-27T14:06:23.0000000Z\u003C/Expiry\u003E\u003CPermission\u003Eracwdl\u003C/Permission\u003E\u003C/AccessPolicy\u003E\u003C/SignedIdentifier\u003E\u003C/SignedIdentifiers\u003E"
    },
    {
      "RequestUri": "https://REDACTED/1d2a9f2a0filesystemsasidentifier7b6047981e6f1f01f89?restype=container\u0026comp=acl",
      "RequestMethod": "GET",
      "RequestHeaders": {
        "Accept": "application/xml",
        "Authorization": "Sanitized",
        "Content-Length": "0",
        "Date": "Wed, 26 Jul 2023 14:06:43 GMT",
        "User-Agent": "azsdk-java-azure-storage-blob/12.24.0-beta.1 azsdk-java-azure-storage-file-datalake/12.17.0-beta.1 (17.0.7; Windows 11; 10.0)",
        "x-ms-client-request-id": "6d89ccd8-92c1-4104-9114-da5a867dc20c",
        "x-ms-version": "2023-01-03"
      },
      "RequestBody": null,
      "StatusCode": 200,
      "ResponseHeaders": {
        "Content-Type": "application/xml",
        "Date": "Wed, 26 Jul 2023 14:06:42 GMT",
        "ETag": "\u00220x8DB8DE17E8298B2\u0022",
        "Last-Modified": "Wed, 26 Jul 2023 14:06:23 GMT",
        "Server": [
          "Windows-Azure-Blob/1.0",
          "Microsoft-HTTPAPI/2.0"
        ],
        "Transfer-Encoding": "chunked",
        "Vary": "Origin",
        "x-ms-client-request-id": "6d89ccd8-92c1-4104-9114-da5a867dc20c",
        "x-ms-request-id": "23248a13-c01e-006c-45ca-bf7a15000000",
        "x-ms-version": "2023-01-03"
      },
      "ResponseBody": "\uFEFF\u003C?xml version=\u00221.0\u0022 encoding=\u0022utf-8\u0022?\u003E\u003CSignedIdentifiers\u003E\u003CSignedIdentifier\u003E\u003CId\u003E0000\u003C/Id\u003E\u003CAccessPolicy\u003E\u003CExpiry\u003E2023-07-27T14:06:23.0000000Z\u003C/Expiry\u003E\u003CPermission\u003Eracwdl\u003C/Permission\u003E\u003C/AccessPolicy\u003E\u003C/SignedIdentifier\u003E\u003C/SignedIdentifiers\u003E"
    },
    {
      "RequestUri": "https://REDACTED/1d2a9f2a0filesystemsasidentifier7b6047981e6f1f01f89?restype=container\u0026comp=acl",
      "RequestMethod": "GET",
      "RequestHeaders": {
        "Accept": "application/xml",
        "Authorization": "Sanitized",
        "Content-Length": "0",
        "Date": "Wed, 26 Jul 2023 14:06:44 GMT",
        "User-Agent": "azsdk-java-azure-storage-blob/12.24.0-beta.1 azsdk-java-azure-storage-file-datalake/12.17.0-beta.1 (17.0.7; Windows 11; 10.0)",
        "x-ms-client-request-id": "b383640a-c69d-4fb9-a036-3db9e02b8b65",
        "x-ms-version": "2023-01-03"
      },
      "RequestBody": null,
      "StatusCode": 200,
      "ResponseHeaders": {
        "Content-Type": "application/xml",
        "Date": "Wed, 26 Jul 2023 14:06:43 GMT",
        "ETag": "\u00220x8DB8DE17E8298B2\u0022",
        "Last-Modified": "Wed, 26 Jul 2023 14:06:23 GMT",
        "Server": [
          "Windows-Azure-Blob/1.0",
          "Microsoft-HTTPAPI/2.0"
        ],
        "Transfer-Encoding": "chunked",
        "Vary": "Origin",
        "x-ms-client-request-id": "b383640a-c69d-4fb9-a036-3db9e02b8b65",
        "x-ms-request-id": "1c5b2602-101e-0032-5fca-bf91f5000000",
        "x-ms-version": "2023-01-03"
      },
      "ResponseBody": "\uFEFF\u003C?xml version=\u00221.0\u0022 encoding=\u0022utf-8\u0022?\u003E\u003CSignedIdentifiers\u003E\u003CSignedIdentifier\u003E\u003CId\u003E0000\u003C/Id\u003E\u003CAccessPolicy\u003E\u003CExpiry\u003E2023-07-27T14:06:23.0000000Z\u003C/Expiry\u003E\u003CPermission\u003Eracwdl\u003C/Permission\u003E\u003C/AccessPolicy\u003E\u003C/SignedIdentifier\u003E\u003C/SignedIdentifiers\u003E"
    },
    {
      "RequestUri": "https://REDACTED/1d2a9f2a0filesystemsasidentifier7b6047981e6f1f01f89?restype=container\u0026comp=acl",
      "RequestMethod": "GET",
      "RequestHeaders": {
        "Accept": "application/xml",
        "Authorization": "Sanitized",
        "Content-Length": "0",
        "Date": "Wed, 26 Jul 2023 14:06:45 GMT",
        "User-Agent": "azsdk-java-azure-storage-blob/12.24.0-beta.1 azsdk-java-azure-storage-file-datalake/12.17.0-beta.1 (17.0.7; Windows 11; 10.0)",
        "x-ms-client-request-id": "2b7e47bc-26ed-4aba-8cf4-6df4f68d122f",
        "x-ms-version": "2023-01-03"
      },
      "RequestBody": null,
      "StatusCode": 200,
      "ResponseHeaders": {
        "Access-Control-Allow-Origin": "*",
        "Access-Control-Expose-Headers": "x-ms-client-request-id",
        "Content-Type": "application/xml",
        "Date": "Wed, 26 Jul 2023 14:06:44 GMT",
        "ETag": "\u00220x8DB8DE17E8298B2\u0022",
        "Last-Modified": "Wed, 26 Jul 2023 14:06:23 GMT",
        "Server": [
          "Windows-Azure-Blob/1.0",
          "Microsoft-HTTPAPI/2.0"
        ],
        "Transfer-Encoding": "chunked",
        "x-ms-client-request-id": "2b7e47bc-26ed-4aba-8cf4-6df4f68d122f",
        "x-ms-request-id": "4688c9c5-101e-0050-6aca-bf53d2000000",
        "x-ms-version": "2023-01-03"
      },
      "ResponseBody": "\uFEFF\u003C?xml version=\u00221.0\u0022 encoding=\u0022utf-8\u0022?\u003E\u003CSignedIdentifiers\u003E\u003CSignedIdentifier\u003E\u003CId\u003E0000\u003C/Id\u003E\u003CAccessPolicy\u003E\u003CExpiry\u003E2023-07-27T14:06:23.0000000Z\u003C/Expiry\u003E\u003CPermission\u003Eracwdl\u003C/Permission\u003E\u003C/AccessPolicy\u003E\u003C/SignedIdentifier\u003E\u003C/SignedIdentifiers\u003E"
    },
    {
      "RequestUri": "https://REDACTED/1d2a9f2a0filesystemsasidentifier7b6047981e6f1f01f89?restype=container\u0026comp=acl",
      "RequestMethod": "GET",
      "RequestHeaders": {
        "Accept": "application/xml",
        "Authorization": "Sanitized",
        "Content-Length": "0",
        "Date": "Wed, 26 Jul 2023 14:06:46 GMT",
        "User-Agent": "azsdk-java-azure-storage-blob/12.24.0-beta.1 azsdk-java-azure-storage-file-datalake/12.17.0-beta.1 (17.0.7; Windows 11; 10.0)",
        "x-ms-client-request-id": "7e065030-5bbc-4169-9153-9138d2de0dc4",
        "x-ms-version": "2023-01-03"
      },
      "RequestBody": null,
      "StatusCode": 200,
      "ResponseHeaders": {
        "Content-Type": "application/xml",
        "Date": "Wed, 26 Jul 2023 14:06:46 GMT",
        "ETag": "\u00220x8DB8DE17E8298B2\u0022",
        "Last-Modified": "Wed, 26 Jul 2023 14:06:23 GMT",
        "Server": [
          "Windows-Azure-Blob/1.0",
          "Microsoft-HTTPAPI/2.0"
        ],
        "Transfer-Encoding": "chunked",
        "Vary": "Origin",
        "x-ms-client-request-id": "7e065030-5bbc-4169-9153-9138d2de0dc4",
        "x-ms-request-id": "1c5b2c63-101e-0032-18ca-bf91f5000000",
        "x-ms-version": "2023-01-03"
      },
      "ResponseBody": "\uFEFF\u003C?xml version=\u00221.0\u0022 encoding=\u0022utf-8\u0022?\u003E\u003CSignedIdentifiers\u003E\u003CSignedIdentifier\u003E\u003CId\u003E0000\u003C/Id\u003E\u003CAccessPolicy\u003E\u003CExpiry\u003E2023-07-27T14:06:23.0000000Z\u003C/Expiry\u003E\u003CPermission\u003Eracwdl\u003C/Permission\u003E\u003C/AccessPolicy\u003E\u003C/SignedIdentifier\u003E\u003C/SignedIdentifiers\u003E"
    },
    {
      "RequestUri": "https://REDACTED/1d2a9f2a0filesystemsasidentifier7b6047981e6f1f01f89?restype=container\u0026comp=acl",
      "RequestMethod": "GET",
      "RequestHeaders": {
        "Accept": "application/xml",
        "Authorization": "Sanitized",
        "Content-Length": "0",
        "Date": "Wed, 26 Jul 2023 14:06:47 GMT",
        "User-Agent": "azsdk-java-azure-storage-blob/12.24.0-beta.1 azsdk-java-azure-storage-file-datalake/12.17.0-beta.1 (17.0.7; Windows 11; 10.0)",
        "x-ms-client-request-id": "ada68f99-31e2-4313-8239-9f586c1fcfb6",
        "x-ms-version": "2023-01-03"
      },
      "RequestBody": null,
      "StatusCode": 200,
      "ResponseHeaders": {
        "Content-Type": "application/xml",
        "Date": "Wed, 26 Jul 2023 14:06:47 GMT",
        "ETag": "\u00220x8DB8DE17E8298B2\u0022",
        "Last-Modified": "Wed, 26 Jul 2023 14:06:23 GMT",
        "Server": [
          "Windows-Azure-Blob/1.0",
          "Microsoft-HTTPAPI/2.0"
        ],
        "Transfer-Encoding": "chunked",
        "Vary": "Origin",
        "x-ms-client-request-id": "ada68f99-31e2-4313-8239-9f586c1fcfb6",
        "x-ms-request-id": "f363d0a2-801e-0020-7dca-bfea25000000",
        "x-ms-version": "2023-01-03"
      },
      "ResponseBody": "\uFEFF\u003C?xml version=\u00221.0\u0022 encoding=\u0022utf-8\u0022?\u003E\u003CSignedIdentifiers\u003E\u003CSignedIdentifier\u003E\u003CId\u003E0000\u003C/Id\u003E\u003CAccessPolicy\u003E\u003CExpiry\u003E2023-07-27T14:06:23.0000000Z\u003C/Expiry\u003E\u003CPermission\u003Eracwdl\u003C/Permission\u003E\u003C/AccessPolicy\u003E\u003C/SignedIdentifier\u003E\u003C/SignedIdentifiers\u003E"
    },
    {
      "RequestUri": "https://REDACTED/1d2a9f2a0filesystemsasidentifier7b6047981e6f1f01f89?restype=container\u0026comp=acl",
      "RequestMethod": "GET",
      "RequestHeaders": {
        "Accept": "application/xml",
        "Authorization": "Sanitized",
        "Content-Length": "0",
        "Date": "Wed, 26 Jul 2023 14:06:48 GMT",
        "User-Agent": "azsdk-java-azure-storage-blob/12.24.0-beta.1 azsdk-java-azure-storage-file-datalake/12.17.0-beta.1 (17.0.7; Windows 11; 10.0)",
        "x-ms-client-request-id": "f32c8b20-f7a7-42f9-9fe6-9f10bee0fe83",
        "x-ms-version": "2023-01-03"
      },
      "RequestBody": null,
      "StatusCode": 200,
      "ResponseHeaders": {
        "Content-Type": "application/xml",
        "Date": "Wed, 26 Jul 2023 14:06:47 GMT",
        "ETag": "\u00220x8DB8DE17E8298B2\u0022",
        "Last-Modified": "Wed, 26 Jul 2023 14:06:23 GMT",
        "Server": [
          "Windows-Azure-Blob/1.0",
          "Microsoft-HTTPAPI/2.0"
        ],
        "Transfer-Encoding": "chunked",
        "Vary": "Origin",
        "x-ms-client-request-id": "f32c8b20-f7a7-42f9-9fe6-9f10bee0fe83",
        "x-ms-request-id": "2324a719-c01e-006c-1aca-bf7a15000000",
        "x-ms-version": "2023-01-03"
      },
      "ResponseBody": "\uFEFF\u003C?xml version=\u00221.0\u0022 encoding=\u0022utf-8\u0022?\u003E\u003CSignedIdentifiers\u003E\u003CSignedIdentifier\u003E\u003CId\u003E0000\u003C/Id\u003E\u003CAccessPolicy\u003E\u003CExpiry\u003E2023-07-27T14:06:23.0000000Z\u003C/Expiry\u003E\u003CPermission\u003Eracwdl\u003C/Permission\u003E\u003C/AccessPolicy\u003E\u003C/SignedIdentifier\u003E\u003C/SignedIdentifiers\u003E"
    },
    {
      "RequestUri": "https://REDACTED/1d2a9f2a0filesystemsasidentifier7b6047981e6f1f01f89?restype=container\u0026comp=acl",
      "RequestMethod": "GET",
      "RequestHeaders": {
        "Accept": "application/xml",
        "Authorization": "Sanitized",
        "Content-Length": "0",
        "Date": "Wed, 26 Jul 2023 14:06:49 GMT",
        "User-Agent": "azsdk-java-azure-storage-blob/12.24.0-beta.1 azsdk-java-azure-storage-file-datalake/12.17.0-beta.1 (17.0.7; Windows 11; 10.0)",
        "x-ms-client-request-id": "5cadbda5-1557-4bc9-a78d-21814795e74c",
        "x-ms-version": "2023-01-03"
      },
      "RequestBody": null,
      "StatusCode": 200,
      "ResponseHeaders": {
        "Content-Type": "application/xml",
        "Date": "Wed, 26 Jul 2023 14:06:49 GMT",
        "ETag": "\u00220x8DB8DE17E8298B2\u0022",
        "Last-Modified": "Wed, 26 Jul 2023 14:06:23 GMT",
        "Server": [
          "Windows-Azure-Blob/1.0",
          "Microsoft-HTTPAPI/2.0"
        ],
        "Transfer-Encoding": "chunked",
        "Vary": "Origin",
        "x-ms-client-request-id": "5cadbda5-1557-4bc9-a78d-21814795e74c",
        "x-ms-request-id": "eaf445a7-201e-005b-1dca-bfa8b9000000",
        "x-ms-version": "2023-01-03"
      },
      "ResponseBody": "\uFEFF\u003C?xml version=\u00221.0\u0022 encoding=\u0022utf-8\u0022?\u003E\u003CSignedIdentifiers\u003E\u003CSignedIdentifier\u003E\u003CId\u003E0000\u003C/Id\u003E\u003CAccessPolicy\u003E\u003CExpiry\u003E2023-07-27T14:06:23.0000000Z\u003C/Expiry\u003E\u003CPermission\u003Eracwdl\u003C/Permission\u003E\u003C/AccessPolicy\u003E\u003C/SignedIdentifier\u003E\u003C/SignedIdentifiers\u003E"
    },
    {
      "RequestUri": "https://REDACTED/1d2a9f2a0filesystemsasidentifier7b6047981e6f1f01f89?restype=container\u0026comp=acl",
      "RequestMethod": "GET",
      "RequestHeaders": {
        "Accept": "application/xml",
        "Authorization": "Sanitized",
        "Content-Length": "0",
        "Date": "Wed, 26 Jul 2023 14:06:50 GMT",
        "User-Agent": "azsdk-java-azure-storage-blob/12.24.0-beta.1 azsdk-java-azure-storage-file-datalake/12.17.0-beta.1 (17.0.7; Windows 11; 10.0)",
        "x-ms-client-request-id": "c9c30278-506b-4f79-b353-a87061f786e6",
        "x-ms-version": "2023-01-03"
      },
      "RequestBody": null,
      "StatusCode": 200,
      "ResponseHeaders": {
        "Content-Type": "application/xml",
        "Date": "Wed, 26 Jul 2023 14:06:49 GMT",
        "ETag": "\u00220x8DB8DE17E8298B2\u0022",
        "Last-Modified": "Wed, 26 Jul 2023 14:06:23 GMT",
        "Server": [
          "Windows-Azure-Blob/1.0",
          "Microsoft-HTTPAPI/2.0"
        ],
        "Transfer-Encoding": "chunked",
        "Vary": "Origin",
        "x-ms-client-request-id": "c9c30278-506b-4f79-b353-a87061f786e6",
        "x-ms-request-id": "2324b334-c01e-006c-2eca-bf7a15000000",
        "x-ms-version": "2023-01-03"
      },
      "ResponseBody": "\uFEFF\u003C?xml version=\u00221.0\u0022 encoding=\u0022utf-8\u0022?\u003E\u003CSignedIdentifiers\u003E\u003CSignedIdentifier\u003E\u003CId\u003E0000\u003C/Id\u003E\u003CAccessPolicy\u003E\u003CExpiry\u003E2023-07-27T14:06:23.0000000Z\u003C/Expiry\u003E\u003CPermission\u003Eracwdl\u003C/Permission\u003E\u003C/AccessPolicy\u003E\u003C/SignedIdentifier\u003E\u003C/SignedIdentifiers\u003E"
    },
    {
      "RequestUri": "https://REDACTED/1d2a9f2a0filesystemsasidentifier7b6047981e6f1f01f89?restype=container\u0026comp=acl",
      "RequestMethod": "GET",
      "RequestHeaders": {
        "Accept": "application/xml",
        "Authorization": "Sanitized",
        "Content-Length": "0",
        "Date": "Wed, 26 Jul 2023 14:06:51 GMT",
        "User-Agent": "azsdk-java-azure-storage-blob/12.24.0-beta.1 azsdk-java-azure-storage-file-datalake/12.17.0-beta.1 (17.0.7; Windows 11; 10.0)",
        "x-ms-client-request-id": "5dd130e0-18a2-4366-84e7-0799d452545c",
        "x-ms-version": "2023-01-03"
      },
      "RequestBody": null,
      "StatusCode": 200,
      "ResponseHeaders": {
        "Content-Type": "application/xml",
        "Date": "Wed, 26 Jul 2023 14:06:51 GMT",
        "ETag": "\u00220x8DB8DE17E8298B2\u0022",
        "Last-Modified": "Wed, 26 Jul 2023 14:06:23 GMT",
        "Server": [
          "Windows-Azure-Blob/1.0",
          "Microsoft-HTTPAPI/2.0"
        ],
        "Transfer-Encoding": "chunked",
        "Vary": "Origin",
        "x-ms-client-request-id": "5dd130e0-18a2-4366-84e7-0799d452545c",
        "x-ms-request-id": "3e7bacdf-b01e-0076-38ca-bf1bca000000",
        "x-ms-version": "2023-01-03"
      },
      "ResponseBody": "\uFEFF\u003C?xml version=\u00221.0\u0022 encoding=\u0022utf-8\u0022?\u003E\u003CSignedIdentifiers\u003E\u003CSignedIdentifier\u003E\u003CId\u003E0000\u003C/Id\u003E\u003CAccessPolicy\u003E\u003CExpiry\u003E2023-07-27T14:06:23.0000000Z\u003C/Expiry\u003E\u003CPermission\u003Eracwdl\u003C/Permission\u003E\u003C/AccessPolicy\u003E\u003C/SignedIdentifier\u003E\u003C/SignedIdentifiers\u003E"
    },
    {
      "RequestUri": "https://REDACTED/1d2a9f2a0filesystemsasidentifier7b6047981e6f1f01f89?restype=container\u0026comp=acl",
      "RequestMethod": "GET",
      "RequestHeaders": {
        "Accept": "application/xml",
        "Authorization": "Sanitized",
        "Content-Length": "0",
        "Date": "Wed, 26 Jul 2023 14:06:52 GMT",
        "User-Agent": "azsdk-java-azure-storage-blob/12.24.0-beta.1 azsdk-java-azure-storage-file-datalake/12.17.0-beta.1 (17.0.7; Windows 11; 10.0)",
        "x-ms-client-request-id": "61a9a9ba-4e62-43df-8220-f7d354460753",
        "x-ms-version": "2023-01-03"
      },
      "RequestBody": null,
      "StatusCode": 200,
      "ResponseHeaders": {
        "Content-Type": "application/xml",
        "Date": "Wed, 26 Jul 2023 14:06:51 GMT",
        "ETag": "\u00220x8DB8DE17E8298B2\u0022",
        "Last-Modified": "Wed, 26 Jul 2023 14:06:23 GMT",
        "Server": [
          "Windows-Azure-Blob/1.0",
          "Microsoft-HTTPAPI/2.0"
        ],
        "Transfer-Encoding": "chunked",
        "Vary": "Origin",
        "x-ms-client-request-id": "61a9a9ba-4e62-43df-8220-f7d354460753",
        "x-ms-request-id": "2324bee3-c01e-006c-05ca-bf7a15000000",
        "x-ms-version": "2023-01-03"
      },
      "ResponseBody": "\uFEFF\u003C?xml version=\u00221.0\u0022 encoding=\u0022utf-8\u0022?\u003E\u003CSignedIdentifiers\u003E\u003CSignedIdentifier\u003E\u003CId\u003E0000\u003C/Id\u003E\u003CAccessPolicy\u003E\u003CExpiry\u003E2023-07-27T14:06:23.0000000Z\u003C/Expiry\u003E\u003CPermission\u003Eracwdl\u003C/Permission\u003E\u003C/AccessPolicy\u003E\u003C/SignedIdentifier\u003E\u003C/SignedIdentifiers\u003E"
    },
    {
      "RequestUri": "https://REDACTED/1d2a9f2a0filesystemsasidentifier7b6047981e6f1f01f89?restype=container\u0026comp=acl",
      "RequestMethod": "GET",
      "RequestHeaders": {
        "Accept": "application/xml",
        "Authorization": "Sanitized",
        "Content-Length": "0",
        "Date": "Wed, 26 Jul 2023 14:06:53 GMT",
        "User-Agent": "azsdk-java-azure-storage-blob/12.24.0-beta.1 azsdk-java-azure-storage-file-datalake/12.17.0-beta.1 (17.0.7; Windows 11; 10.0)",
        "x-ms-client-request-id": "b833d96e-8305-4635-8d03-2cd7ce11cb5e",
        "x-ms-version": "2023-01-03"
      },
      "RequestBody": null,
      "StatusCode": 200,
      "ResponseHeaders": {
        "Content-Type": "application/xml",
        "Date": "Wed, 26 Jul 2023 14:06:53 GMT",
        "ETag": "\u00220x8DB8DE17E8298B2\u0022",
        "Last-Modified": "Wed, 26 Jul 2023 14:06:23 GMT",
        "Server": [
          "Windows-Azure-Blob/1.0",
          "Microsoft-HTTPAPI/2.0"
        ],
        "Transfer-Encoding": "chunked",
        "Vary": "Origin",
        "x-ms-client-request-id": "b833d96e-8305-4635-8d03-2cd7ce11cb5e",
        "x-ms-request-id": "3e7bb458-b01e-0076-7bca-bf1bca000000",
        "x-ms-version": "2023-01-03"
      },
      "ResponseBody": "\uFEFF\u003C?xml version=\u00221.0\u0022 encoding=\u0022utf-8\u0022?\u003E\u003CSignedIdentifiers\u003E\u003CSignedIdentifier\u003E\u003CId\u003E0000\u003C/Id\u003E\u003CAccessPolicy\u003E\u003CExpiry\u003E2023-07-27T14:06:23.0000000Z\u003C/Expiry\u003E\u003CPermission\u003Eracwdl\u003C/Permission\u003E\u003C/AccessPolicy\u003E\u003C/SignedIdentifier\u003E\u003C/SignedIdentifiers\u003E"
    },
    {
      "RequestUri": "https://REDACTED/1d2a9f2a0filesystemsasidentifier7b6047981e6f1f01f89?resource=filesystem\u0026recursive=false\u0026upn=false\u0026sv=2023-01-03\u0026si=0000\u0026sr=c\u0026REDACTED",
      "RequestMethod": "GET",
      "RequestHeaders": {
        "Accept": "application/json",
        "Content-Length": "0",
        "Date": "Wed, 26 Jul 2023 14:06:54 GMT",
        "User-Agent": "azsdk-java-azure-storage-file-datalake/12.17.0-beta.1 (17.0.7; Windows 11; 10.0)",
        "x-ms-client-request-id": "c9a650f4-bced-4d88-924e-373d5a0d0ab6",
        "x-ms-version": "2023-01-03"
      },
      "RequestBody": null,
      "StatusCode": 200,
      "ResponseHeaders": {
        "Content-Type": "application/json; charset=utf-8",
        "Date": "Wed, 26 Jul 2023 14:06:54 GMT",
        "Server": [
          "Windows-Azure-HDFS/1.0",
          "Microsoft-HTTPAPI/2.0"
        ],
        "Transfer-Encoding": "chunked",
        "Vary": "Origin",
        "x-ms-client-request-id": "c9a650f4-bced-4d88-924e-373d5a0d0ab6",
        "x-ms-request-id": "504251bf-101f-009b-4aca-bf5087000000",
        "x-ms-version": "2023-01-03"
      },
      "ResponseBody": {
        "paths": [
          {
            "contentLength": "7",
            "creationTime": "133348539830269251",
            "etag": "0x8DB8DE17E791BE6",
            "expiryTime": "0",
            "group": "$superuser",
            "lastModified": "Wed, 26 Jul 2023 14:06:23 GMT",
            "name": "1d2a9f2a1filesystemsasidentifier7b651763391d9258ad4",
            "owner": "$superuser",
            "permissions": "rw-r-----"
          }
        ]
      }
    },
    {
      "RequestUri": "https://REDACTED/1d2a9f2a0filesystemsasidentifier7b6047981e6f1f01f89?resource=filesystem\u0026recursive=false\u0026upn=false\u0026sv=2023-01-03\u0026se=2023-07-27T14%3A06%3A54Z\u0026sr=c\u0026sp=racwdlmeop\u0026REDACTED",
      "RequestMethod": "GET",
      "RequestHeaders": {
        "Accept": "application/json",
        "Content-Length": "0",
        "Date": "Wed, 26 Jul 2023 14:06:54 GMT",
        "User-Agent": "azsdk-java-azure-storage-file-datalake/12.17.0-beta.1 (17.0.7; Windows 11; 10.0)",
        "x-ms-client-request-id": "e5b09e4f-296c-49fb-a175-891d3717cd9c",
        "x-ms-version": "2023-01-03"
      },
      "RequestBody": null,
      "StatusCode": 200,
      "ResponseHeaders": {
        "Content-Type": "application/json; charset=utf-8",
        "Date": "Wed, 26 Jul 2023 14:06:54 GMT",
        "Server": [
          "Windows-Azure-HDFS/1.0",
          "Microsoft-HTTPAPI/2.0"
        ],
        "Transfer-Encoding": "chunked",
        "Vary": "Origin",
        "x-ms-client-request-id": "e5b09e4f-296c-49fb-a175-891d3717cd9c",
        "x-ms-request-id": "504251cd-101f-009b-58ca-bf5087000000",
        "x-ms-version": "2023-01-03"
      },
      "ResponseBody": {
        "paths": [
          {
            "contentLength": "7",
            "creationTime": "133348539830269251",
            "etag": "0x8DB8DE17E791BE6",
            "expiryTime": "0",
            "group": "$superuser",
            "lastModified": "Wed, 26 Jul 2023 14:06:23 GMT",
            "name": "1d2a9f2a1filesystemsasidentifier7b651763391d9258ad4",
            "owner": "$superuser",
            "permissions": "rw-r-----"
          }
        ]
      }
    }
  ],
  "Variables": {
    "0": "1d2a9f2a0filesystemsasidentifier7b6047981e6f1f01f89",
    "1": "1d2a9f2a1filesystemsasidentifier7b651763391d9258ad4",
    "2": "2023-07-26T14:06:23.237733900Z",
    "3": "2023-07-26T14:06:54.842475400Z"
  }
}
