{
  "Entries": [
    {
      "RequestUri": "https://REDACTED/ebec7ff60listdeletedpathserror6cd31956036ac2dd4f79?restype=container",
      "RequestMethod": "PUT",
      "RequestHeaders": {
        "Accept": "application/xml",
        "Authorization": "Sanitized",
        "Content-Length": "0",
        "Date": "Wed, 26 Jul 2023 14:06:29 GMT",
        "User-Agent": "azsdk-java-azure-storage-blob/12.24.0-beta.1 azsdk-java-azure-storage-file-datalake/12.17.0-beta.1 (17.0.7; Windows 11; 10.0)",
        "x-ms-client-request-id": "f6f358d3-aee3-42a5-811a-76569699a89e",
        "x-ms-version": "2023-01-03"
      },
      "RequestBody": null,
      "StatusCode": 201,
      "ResponseHeaders": {
        "Content-Length": "0",
        "Date": "Wed, 26 Jul 2023 14:06:29 GMT",
        "ETag": "\u00220x8DB8DE18244D330\u0022",
        "Last-Modified": "Wed, 26 Jul 2023 14:06:29 GMT",
        "Server": [
          "Windows-Azure-Blob/1.0",
          "Microsoft-HTTPAPI/2.0"
        ],
        "x-ms-client-request-id": "f6f358d3-aee3-42a5-811a-76569699a89e",
        "x-ms-request-id": "9d3fcdff-601e-0007-72ca-bffde1000000",
        "x-ms-version": "2023-01-03"
      },
      "ResponseBody": null
    },
    {
      "RequestUri": "https://REDACTED/ebec7ff61listdeletedpathserror6cd23812ae444b2c30ff?restype=container",
      "RequestMethod": "PUT",
      "RequestHeaders": {
        "Accept": "application/xml",
        "Authorization": "Sanitized",
        "Content-Length": "0",
        "Date": "Wed, 26 Jul 2023 14:06:29 GMT",
        "User-Agent": "azsdk-java-azure-storage-blob/12.24.0-beta.1 azsdk-java-azure-storage-file-datalake/12.17.0-beta.1 (17.0.7; Windows 11; 10.0)",
        "x-ms-client-request-id": "c20a676d-7149-4751-8453-e21b85c57431",
        "x-ms-version": "2023-01-03"
      },
      "RequestBody": null,
      "StatusCode": 201,
      "ResponseHeaders": {
        "Content-Length": "0",
        "Date": "Wed, 26 Jul 2023 14:06:28 GMT",
        "ETag": "\u00220x8DB8DE1825164CA\u0022",
        "Last-Modified": "Wed, 26 Jul 2023 14:06:29 GMT",
        "Server": [
          "Windows-Azure-Blob/1.0",
          "Microsoft-HTTPAPI/2.0"
        ],
        "x-ms-client-request-id": "c20a676d-7149-4751-8453-e21b85c57431",
        "x-ms-request-id": "534b25ca-701e-006c-26ca-bf2126000000",
        "x-ms-version": "2023-01-03"
      },
      "ResponseBody": null
    },
    {
      "RequestUri": "https://REDACTED/ebec7ff62listdeletedpathserror6cd84759df8d1f33939f?restype=container\u0026comp=list\u0026showonly=deleted",
      "RequestMethod": "GET",
      "RequestHeaders": {
        "Accept": "application/xml",
        "Authorization": "Sanitized",
        "Content-Length": "0",
        "Date": "Wed, 26 Jul 2023 14:06:29 GMT",
        "User-Agent": "azsdk-java-azure-storage-file-datalake/12.17.0-beta.1 (17.0.7; Windows 11; 10.0)",
        "x-ms-client-request-id": "f90a86f5-84dc-43e8-98e3-ba2741aa76fe",
        "x-ms-version": "2023-01-03"
      },
      "RequestBody": null,
      "StatusCode": 404,
      "ResponseHeaders": {
        "Content-Length": "225",
        "Content-Type": "application/xml",
        "Date": "Wed, 26 Jul 2023 14:06:28 GMT",
        "Server": [
          "Windows-Azure-Blob/1.0",
          "Microsoft-HTTPAPI/2.0"
        ],
        "x-ms-client-request-id": "f90a86f5-84dc-43e8-98e3-ba2741aa76fe",
        "x-ms-error-code": "ContainerNotFound",
        "x-ms-request-id": "534b261d-701e-006c-6fca-bf2126000000",
        "x-ms-version": "2023-01-03"
      },
      "ResponseBody": [
        "\uFEFF\u003C?xml version=\u00221.0\u0022 encoding=\u0022utf-8\u0022?\u003E\u003CError\u003E\u003CCode\u003EContainerNotFound\u003C/Code\u003E\u003CMessage\u003EThe specified container does not exist.\n",
        "RequestId:534b261d-701e-006c-6fca-bf2126000000\n",
        "Time:2023-07-26T14:06:29.7047207Z\u003C/Message\u003E\u003C/Error\u003E"
      ]
    },
    {
      "RequestUri": "https://REDACTED/ebec7ff61listdeletedpathserror6cd23812ae444b2c30ff?restype=container",
      "RequestMethod": "DELETE",
      "RequestHeaders": {
        "Accept": "application/xml",
        "Authorization": "Sanitized",
        "Content-Length": "0",
        "Date": "Wed, 26 Jul 2023 14:06:29 GMT",
        "User-Agent": "azsdk-java-azure-storage-blob/12.24.0-beta.1 azsdk-java-azure-storage-file-datalake/12.17.0-beta.1 (17.0.7; Windows 11; 10.0)",
        "x-ms-client-request-id": "ecde9a5e-36aa-42ef-8364-a2aeee18fffb",
        "x-ms-version": "2023-01-03"
      },
      "RequestBody": null,
      "StatusCode": 202,
      "ResponseHeaders": {
        "Content-Length": "0",
        "Date": "Wed, 26 Jul 2023 14:06:28 GMT",
        "Server": [
          "Windows-Azure-Blob/1.0",
          "Microsoft-HTTPAPI/2.0"
        ],
        "x-ms-client-request-id": "ecde9a5e-36aa-42ef-8364-a2aeee18fffb",
        "x-ms-request-id": "534b2649-701e-006c-17ca-bf2126000000",
        "x-ms-version": "2023-01-03"
      },
      "ResponseBody": null
    }
  ],
  "Variables": {
    "0": "ebec7ff60listdeletedpathserror6cd31956036ac2dd4f79",
    "1": "ebec7ff61listdeletedpathserror6cd23812ae444b2c30ff",
    "2": "ebec7ff62listdeletedpathserror6cd84759df8d1f33939f"
  }
}
