{
  "Entries": [
    {
      "RequestUri": "https://REDACTED/6fc1191f1azureblobfileattributeviewsetmetadatafsclosed62a60312?restype=container",
      "RequestMethod": "GET",
      "RequestHeaders": {
        "Accept": "application/xml",
        "Authorization": "Sanitized",
        "Content-Length": "0",
        "Date": "Mon, 24 Apr 2023 18:50:19 GMT",
        "User-Agent": "azsdk-java-azure-storage-blob/12.23.0-beta.1 azsdk-java-azure-storage-blob-nio/12.0.0-beta.20 (17.0.5; Windows 11; 10.0)",
        "x-ms-client-request-id": "a2db2b18-ab18-4481-8695-142592e9a2f2",
        "x-ms-version": "2022-11-02"
      },
      "RequestBody": null,
      "StatusCode": 404,
      "ResponseHeaders": {
        "Content-Length": "225",
        "Content-Type": "application/xml",
        "Date": "Mon, 24 Apr 2023 18:50:17 GMT",
        "Server": [
          "Windows-Azure-Blob/1.0",
          "Microsoft-HTTPAPI/2.0"
        ],
        "x-ms-client-request-id": "a2db2b18-ab18-4481-8695-142592e9a2f2",
        "x-ms-error-code": "ContainerNotFound",
        "x-ms-request-id": "961a3f94-e01e-005c-01dd-76fb6b000000",
        "x-ms-version": "2022-11-02"
      },
      "ResponseBody": [
        "\uFEFF\u003C?xml version=\u00221.0\u0022 encoding=\u0022utf-8\u0022?\u003E\u003CError\u003E\u003CCode\u003EContainerNotFound\u003C/Code\u003E\u003CMessage\u003EThe specified container does not exist.\n",
        "RequestId:961a3f94-e01e-005c-01dd-76fb6b000000\n",
        "Time:2023-04-24T18:50:17.6066959Z\u003C/Message\u003E\u003C/Error\u003E"
      ]
    },
    {
      "RequestUri": "https://REDACTED/6fc1191f1azureblobfileattributeviewsetmetadatafsclosed62a60312?restype=container",
      "RequestMethod": "PUT",
      "RequestHeaders": {
        "Accept": "application/xml",
        "Authorization": "Sanitized",
        "Content-Length": "0",
        "Date": "Mon, 24 Apr 2023 18:50:19 GMT",
        "User-Agent": "azsdk-java-azure-storage-blob/12.23.0-beta.1 azsdk-java-azure-storage-blob-nio/12.0.0-beta.20 (17.0.5; Windows 11; 10.0)",
        "x-ms-client-request-id": "db07defd-8795-4ff5-bbe1-a9f2c249d1b5",
        "x-ms-version": "2022-11-02"
      },
      "RequestBody": null,
      "StatusCode": 201,
      "ResponseHeaders": {
        "Content-Length": "0",
        "Date": "Mon, 24 Apr 2023 18:50:16 GMT",
        "ETag": "\u00220x8DB44F4BF5EAA00\u0022",
        "Last-Modified": "Mon, 24 Apr 2023 18:50:17 GMT",
        "Server": [
          "Windows-Azure-Blob/1.0",
          "Microsoft-HTTPAPI/2.0"
        ],
        "x-ms-client-request-id": "db07defd-8795-4ff5-bbe1-a9f2c249d1b5",
        "x-ms-request-id": "c02e9fa8-001e-0036-56dd-762343000000",
        "x-ms-version": "2022-11-02"
      },
      "ResponseBody": null
    },
    {
      "RequestUri": "https://REDACTED/6fc1191f2azureblobfileattributeviewsetmetadatafsclosed62a72025?restype=container",
      "RequestMethod": "GET",
      "RequestHeaders": {
        "Accept": "application/xml",
        "Authorization": "Sanitized",
        "Content-Length": "0",
        "Date": "Mon, 24 Apr 2023 18:50:19 GMT",
        "User-Agent": "azsdk-java-azure-storage-blob/12.23.0-beta.1 azsdk-java-azure-storage-blob-nio/12.0.0-beta.20 (17.0.5; Windows 11; 10.0)",
        "x-ms-client-request-id": "933cd485-7478-4cdc-bd13-432c904d4442",
        "x-ms-version": "2022-11-02"
      },
      "RequestBody": null,
      "StatusCode": 404,
      "ResponseHeaders": {
        "Content-Length": "225",
        "Content-Type": "application/xml",
        "Date": "Mon, 24 Apr 2023 18:50:17 GMT",
        "Server": [
          "Windows-Azure-Blob/1.0",
          "Microsoft-HTTPAPI/2.0"
        ],
        "x-ms-client-request-id": "933cd485-7478-4cdc-bd13-432c904d4442",
        "x-ms-error-code": "ContainerNotFound",
        "x-ms-request-id": "c02e9fb8-001e-0036-64dd-762343000000",
        "x-ms-version": "2022-11-02"
      },
      "ResponseBody": [
        "\uFEFF\u003C?xml version=\u00221.0\u0022 encoding=\u0022utf-8\u0022?\u003E\u003CError\u003E\u003CCode\u003EContainerNotFound\u003C/Code\u003E\u003CMessage\u003EThe specified container does not exist.\n",
        "RequestId:c02e9fb8-001e-0036-64dd-762343000000\n",
        "Time:2023-04-24T18:50:17.6768105Z\u003C/Message\u003E\u003C/Error\u003E"
      ]
    },
    {
      "RequestUri": "https://REDACTED/6fc1191f2azureblobfileattributeviewsetmetadatafsclosed62a72025?restype=container",
      "RequestMethod": "PUT",
      "RequestHeaders": {
        "Accept": "application/xml",
        "Authorization": "Sanitized",
        "Content-Length": "0",
        "Date": "Mon, 24 Apr 2023 18:50:19 GMT",
        "User-Agent": "azsdk-java-azure-storage-blob/12.23.0-beta.1 azsdk-java-azure-storage-blob-nio/12.0.0-beta.20 (17.0.5; Windows 11; 10.0)",
        "x-ms-client-request-id": "1defbb3f-61b8-485e-ac2d-091566e79d22",
        "x-ms-version": "2022-11-02"
      },
      "RequestBody": null,
      "StatusCode": 201,
      "ResponseHeaders": {
        "Content-Length": "0",
        "Date": "Mon, 24 Apr 2023 18:50:17 GMT",
        "ETag": "\u00220x8DB44F4BF66FF84\u0022",
        "Last-Modified": "Mon, 24 Apr 2023 18:50:17 GMT",
        "Server": [
          "Windows-Azure-Blob/1.0",
          "Microsoft-HTTPAPI/2.0"
        ],
        "x-ms-client-request-id": "1defbb3f-61b8-485e-ac2d-091566e79d22",
        "x-ms-request-id": "187bcdb3-d01e-0057-78dd-760000000000",
        "x-ms-version": "2022-11-02"
      },
      "ResponseBody": null
    },
    {
      "RequestUri": "https://REDACTED/6fc1191f1azureblobfileattributeviewsetmetadatafsclosed62a60312/6fc1191f3azureblobfileattributeviewsetmetadatafsclosed62a71998",
      "RequestMethod": "PUT",
      "RequestHeaders": {
        "Accept": "application/xml",
        "Authorization": "Sanitized",
        "Content-Length": "7",
        "Content-Type": "application/octet-stream",
        "Date": "Mon, 24 Apr 2023 18:50:19 GMT",
        "If-None-Match": "*",
        "User-Agent": "azsdk-java-azure-storage-blob/12.23.0-beta.1 (17.0.5; Windows 11; 10.0)",
        "x-ms-blob-type": "BlockBlob",
        "x-ms-client-request-id": "4f7e7a34-df65-487b-adc0-2d5b9b37ad54",
        "x-ms-version": "2022-11-02"
      },
      "RequestBody": "ZGVmYXVsdA==",
      "StatusCode": 201,
      "ResponseHeaders": {
        "Content-Length": "0",
        "Content-MD5": "wh\u002BWm18D0z1D4E\u002BPE252gg==",
        "Date": "Mon, 24 Apr 2023 18:50:17 GMT",
        "ETag": "\u00220x8DB44F4BF6AF506\u0022",
        "Last-Modified": "Mon, 24 Apr 2023 18:50:17 GMT",
        "Server": [
          "Windows-Azure-Blob/1.0",
          "Microsoft-HTTPAPI/2.0"
        ],
        "x-ms-client-request-id": "4f7e7a34-df65-487b-adc0-2d5b9b37ad54",
        "x-ms-content-crc64": "6RYQPwaVsyQ=",
        "x-ms-request-id": "71b6085b-b01e-0041-26dd-76f6d7000000",
        "x-ms-request-server-encrypted": "true",
        "x-ms-version": "2022-11-02"
      },
      "ResponseBody": null
    }
  ],
  "Variables": {
    "0": "6fc1191f0azureblobfileattributeviewsetmetadatafsclosed62a40596",
    "1": "6fc1191f1azureblobfileattributeviewsetmetadatafsclosed62a60312",
    "2": "6fc1191f2azureblobfileattributeviewsetmetadatafsclosed62a72025",
    "3": "6fc1191f3azureblobfileattributeviewsetmetadatafsclosed62a71998",
    "4": "6fc1191f4azureblobfileattributeviewsetmetadatafsclosed62a09572"
  }
}
