{
  "Entries": [
    {
      "RequestUri": "https://REDACTED/c44d6e090sizeread05e95933d1480a43844d42ebb4c?restype=container",
      "RequestMethod": "PUT",
      "RequestHeaders": {
        "Accept": "application/xml",
        "Authorization": "Sanitized",
        "Content-Length": "0",
        "Date": "Mon, 24 Apr 2023 18:50:24 GMT",
        "User-Agent": "azsdk-java-azure-storage-blob/12.23.0-beta.1 (17.0.5; Windows 11; 10.0)",
        "x-ms-client-request-id": "5bb89624-9da2-4712-94ea-c0fbf5ea4fa7",
        "x-ms-version": "2022-11-02"
      },
      "RequestBody": null,
      "StatusCode": 201,
      "ResponseHeaders": {
        "Content-Length": "0",
        "Date": "Mon, 24 Apr 2023 18:50:22 GMT",
        "ETag": "\u00220x8DB44F4C262B863\u0022",
        "Last-Modified": "Mon, 24 Apr 2023 18:50:22 GMT",
        "Server": [
          "Windows-Azure-Blob/1.0",
          "Microsoft-HTTPAPI/2.0"
        ],
        "x-ms-client-request-id": "5bb89624-9da2-4712-94ea-c0fbf5ea4fa7",
        "x-ms-request-id": "492f6e22-f01e-006f-22dd-76a4c0000000",
        "x-ms-version": "2022-11-02"
      },
      "ResponseBody": null
    },
    {
      "RequestUri": "https://REDACTED/c44d6e090sizeread05e95933d1480a43844d42ebb4c/c44d6e091sizeread05e02884ad83c3ce3e2b4b9b8c2",
      "RequestMethod": "PUT",
      "RequestHeaders": {
        "Accept": "application/xml",
        "Authorization": "Sanitized",
        "Content-Length": "7",
        "Content-Type": "application/octet-stream",
        "Date": "Mon, 24 Apr 2023 18:50:24 GMT",
        "If-None-Match": "*",
        "User-Agent": "azsdk-java-azure-storage-blob/12.23.0-beta.1 (17.0.5; Windows 11; 10.0)",
        "x-ms-blob-type": "BlockBlob",
        "x-ms-client-request-id": "5e33db7f-8fd8-4d71-9506-21a8ae6e2f51",
        "x-ms-version": "2022-11-02"
      },
      "RequestBody": "ZGVmYXVsdA==",
      "StatusCode": 201,
      "ResponseHeaders": {
        "Content-Length": "0",
        "Content-MD5": "wh\u002BWm18D0z1D4E\u002BPE252gg==",
        "Date": "Mon, 24 Apr 2023 18:50:22 GMT",
        "ETag": "\u00220x8DB44F4C268F90E\u0022",
        "Last-Modified": "Mon, 24 Apr 2023 18:50:22 GMT",
        "Server": [
          "Windows-Azure-Blob/1.0",
          "Microsoft-HTTPAPI/2.0"
        ],
        "x-ms-client-request-id": "5e33db7f-8fd8-4d71-9506-21a8ae6e2f51",
        "x-ms-content-crc64": "6RYQPwaVsyQ=",
        "x-ms-request-id": "492f6e34-f01e-006f-2add-76a4c0000000",
        "x-ms-request-server-encrypted": "true",
        "x-ms-version": "2022-11-02"
      },
      "ResponseBody": null
    },
    {
      "RequestUri": "https://REDACTED/c44d6e093sizeread05e01022a4cc2d05ded5499bb01?restype=container",
      "RequestMethod": "GET",
      "RequestHeaders": {
        "Accept": "application/xml",
        "Authorization": "Sanitized",
        "Content-Length": "0",
        "Date": "Mon, 24 Apr 2023 18:50:24 GMT",
        "User-Agent": "azsdk-java-azure-storage-blob/12.23.0-beta.1 azsdk-java-azure-storage-blob-nio/12.0.0-beta.20 (17.0.5; Windows 11; 10.0)",
        "x-ms-client-request-id": "0dbc269d-c8bd-42a5-a6ea-5620036e8f33",
        "x-ms-version": "2022-11-02"
      },
      "RequestBody": null,
      "StatusCode": 404,
      "ResponseHeaders": {
        "Content-Length": "225",
        "Content-Type": "application/xml",
        "Date": "Mon, 24 Apr 2023 18:50:22 GMT",
        "Server": [
          "Windows-Azure-Blob/1.0",
          "Microsoft-HTTPAPI/2.0"
        ],
        "x-ms-client-request-id": "0dbc269d-c8bd-42a5-a6ea-5620036e8f33",
        "x-ms-error-code": "ContainerNotFound",
        "x-ms-request-id": "492f6ed1-f01e-006f-3fdd-76a4c0000000",
        "x-ms-version": "2022-11-02"
      },
      "ResponseBody": [
        "\uFEFF\u003C?xml version=\u00221.0\u0022 encoding=\u0022utf-8\u0022?\u003E\u003CError\u003E\u003CCode\u003EContainerNotFound\u003C/Code\u003E\u003CMessage\u003EThe specified container does not exist.\n",
        "RequestId:492f6ed1-f01e-006f-3fdd-76a4c0000000\n",
        "Time:2023-04-24T18:50:23.0573763Z\u003C/Message\u003E\u003C/Error\u003E"
      ]
    },
    {
      "RequestUri": "https://REDACTED/c44d6e093sizeread05e01022a4cc2d05ded5499bb01?restype=container",
      "RequestMethod": "PUT",
      "RequestHeaders": {
        "Accept": "application/xml",
        "Authorization": "Sanitized",
        "Content-Length": "0",
        "Date": "Mon, 24 Apr 2023 18:50:24 GMT",
        "User-Agent": "azsdk-java-azure-storage-blob/12.23.0-beta.1 azsdk-java-azure-storage-blob-nio/12.0.0-beta.20 (17.0.5; Windows 11; 10.0)",
        "x-ms-client-request-id": "0f7da8f7-8ecf-473d-8a4c-53b2b85a0455",
        "x-ms-version": "2022-11-02"
      },
      "RequestBody": null,
      "StatusCode": 201,
      "ResponseHeaders": {
        "Content-Length": "0",
        "Date": "Mon, 24 Apr 2023 18:50:22 GMT",
        "ETag": "\u00220x8DB44F4C29D6EFB\u0022",
        "Last-Modified": "Mon, 24 Apr 2023 18:50:23 GMT",
        "Server": [
          "Windows-Azure-Blob/1.0",
          "Microsoft-HTTPAPI/2.0"
        ],
        "x-ms-client-request-id": "0f7da8f7-8ecf-473d-8a4c-53b2b85a0455",
        "x-ms-request-id": "492f6ee5-f01e-006f-50dd-76a4c0000000",
        "x-ms-version": "2022-11-02"
      },
      "ResponseBody": null
    },
    {
      "RequestUri": "https://REDACTED/c44d6e094sizeread05e8896829cb86d9541243b489b?restype=container",
      "RequestMethod": "GET",
      "RequestHeaders": {
        "Accept": "application/xml",
        "Authorization": "Sanitized",
        "Content-Length": "0",
        "Date": "Mon, 24 Apr 2023 18:50:24 GMT",
        "User-Agent": "azsdk-java-azure-storage-blob/12.23.0-beta.1 azsdk-java-azure-storage-blob-nio/12.0.0-beta.20 (17.0.5; Windows 11; 10.0)",
        "x-ms-client-request-id": "6183ba87-2c26-46b1-88e4-12c274a9faa4",
        "x-ms-version": "2022-11-02"
      },
      "RequestBody": null,
      "StatusCode": 404,
      "ResponseHeaders": {
        "Content-Length": "225",
        "Content-Type": "application/xml",
        "Date": "Mon, 24 Apr 2023 18:50:22 GMT",
        "Server": [
          "Windows-Azure-Blob/1.0",
          "Microsoft-HTTPAPI/2.0"
        ],
        "x-ms-client-request-id": "6183ba87-2c26-46b1-88e4-12c274a9faa4",
        "x-ms-error-code": "ContainerNotFound",
        "x-ms-request-id": "492f6efc-f01e-006f-65dd-76a4c0000000",
        "x-ms-version": "2022-11-02"
      },
      "ResponseBody": [
        "\uFEFF\u003C?xml version=\u00221.0\u0022 encoding=\u0022utf-8\u0022?\u003E\u003CError\u003E\u003CCode\u003EContainerNotFound\u003C/Code\u003E\u003CMessage\u003EThe specified container does not exist.\n",
        "RequestId:492f6efc-f01e-006f-65dd-76a4c0000000\n",
        "Time:2023-04-24T18:50:23.1183417Z\u003C/Message\u003E\u003C/Error\u003E"
      ]
    },
    {
      "RequestUri": "https://REDACTED/c44d6e094sizeread05e8896829cb86d9541243b489b?restype=container",
      "RequestMethod": "PUT",
      "RequestHeaders": {
        "Accept": "application/xml",
        "Authorization": "Sanitized",
        "Content-Length": "0",
        "Date": "Mon, 24 Apr 2023 18:50:24 GMT",
        "User-Agent": "azsdk-java-azure-storage-blob/12.23.0-beta.1 azsdk-java-azure-storage-blob-nio/12.0.0-beta.20 (17.0.5; Windows 11; 10.0)",
        "x-ms-client-request-id": "0ed79307-62e5-41aa-9a88-af6e897bc764",
        "x-ms-version": "2022-11-02"
      },
      "RequestBody": null,
      "StatusCode": 201,
      "ResponseHeaders": {
        "Content-Length": "0",
        "Date": "Mon, 24 Apr 2023 18:50:22 GMT",
        "ETag": "\u00220x8DB44F4C2A69558\u0022",
        "Last-Modified": "Mon, 24 Apr 2023 18:50:23 GMT",
        "Server": [
          "Windows-Azure-Blob/1.0",
          "Microsoft-HTTPAPI/2.0"
        ],
        "x-ms-client-request-id": "0ed79307-62e5-41aa-9a88-af6e897bc764",
        "x-ms-request-id": "492f6f11-f01e-006f-79dd-76a4c0000000",
        "x-ms-version": "2022-11-02"
      },
      "ResponseBody": null
    },
    {
      "RequestUri": "https://REDACTED/c44d6e090sizeread05e95933d1480a43844d42ebb4c/c44d6e091sizeread05e02884ad83c3ce3e2b4b9b8c2",
      "RequestMethod": "GET",
      "RequestHeaders": {
        "Accept": "application/xml",
        "Authorization": "Sanitized",
        "Content-Length": "0",
        "Date": "Mon, 24 Apr 2023 18:50:24 GMT",
        "User-Agent": "azsdk-java-azure-storage-blob/12.23.0-beta.1 (17.0.5; Windows 11; 10.0)",
        "x-ms-client-request-id": "a5e7178b-3047-46eb-adac-b8831bcdd226",
        "x-ms-range": "bytes=0-4194303",
        "x-ms-version": "2022-11-02"
      },
      "RequestBody": null,
      "StatusCode": 206,
      "ResponseHeaders": {
        "Accept-Ranges": "bytes",
        "Content-Length": "7",
        "Content-Range": "bytes 0-6/7",
        "Content-Type": "application/octet-stream",
        "Date": "Mon, 24 Apr 2023 18:50:22 GMT",
        "ETag": "\u00220x8DB44F4C268F90E\u0022",
        "Last-Modified": "Mon, 24 Apr 2023 18:50:22 GMT",
        "Server": [
          "Windows-Azure-Blob/1.0",
          "Microsoft-HTTPAPI/2.0"
        ],
        "x-ms-blob-content-md5": "wh\u002BWm18D0z1D4E\u002BPE252gg==",
        "x-ms-blob-type": "BlockBlob",
        "x-ms-client-request-id": "a5e7178b-3047-46eb-adac-b8831bcdd226",
        "x-ms-creation-time": "Mon, 24 Apr 2023 18:50:22 GMT",
        "x-ms-lease-state": "available",
        "x-ms-lease-status": "unlocked",
        "x-ms-request-id": "492f6f20-f01e-006f-06dd-76a4c0000000",
        "x-ms-server-encrypted": "true",
        "x-ms-version": "2022-11-02"
      },
      "ResponseBody": "ZGVmYXVsdA=="
    },
    {
      "RequestUri": "https://REDACTED/c44d6e090sizeread05e95933d1480a43844d42ebb4c/c44d6e091sizeread05e02884ad83c3ce3e2b4b9b8c2",
      "RequestMethod": "PUT",
      "RequestHeaders": {
        "Accept": "application/xml",
        "Authorization": "Sanitized",
        "Content-Length": "7",
        "Content-Type": "application/octet-stream",
        "Date": "Mon, 24 Apr 2023 18:50:24 GMT",
        "User-Agent": "azsdk-java-azure-storage-blob/12.23.0-beta.1 (17.0.5; Windows 11; 10.0)",
        "x-ms-blob-type": "BlockBlob",
        "x-ms-client-request-id": "dc21a4f8-a39f-47c3-87cf-a252a029e8fa",
        "x-ms-version": "2022-11-02"
      },
      "RequestBody": "ZGVmYXVsdA==",
      "StatusCode": 201,
      "ResponseHeaders": {
        "Content-Length": "0",
        "Content-MD5": "wh\u002BWm18D0z1D4E\u002BPE252gg==",
        "Date": "Mon, 24 Apr 2023 18:50:22 GMT",
        "ETag": "\u00220x8DB44F4C2B27A83\u0022",
        "Last-Modified": "Mon, 24 Apr 2023 18:50:23 GMT",
        "Server": [
          "Windows-Azure-Blob/1.0",
          "Microsoft-HTTPAPI/2.0"
        ],
        "x-ms-client-request-id": "dc21a4f8-a39f-47c3-87cf-a252a029e8fa",
        "x-ms-content-crc64": "6RYQPwaVsyQ=",
        "x-ms-request-id": "492f6f29-f01e-006f-0fdd-76a4c0000000",
        "x-ms-request-server-encrypted": "true",
        "x-ms-version": "2022-11-02"
      },
      "ResponseBody": null
    },
    {
      "RequestUri": "https://REDACTED/c44d6e090sizeread05e95933d1480a43844d42ebb4c/c44d6e091sizeread05e02884ad83c3ce3e2b4b9b8c2",
      "RequestMethod": "GET",
      "RequestHeaders": {
        "Accept": "application/xml",
        "Authorization": "Sanitized",
        "Content-Length": "0",
        "Date": "Mon, 24 Apr 2023 18:50:24 GMT",
        "User-Agent": "azsdk-java-azure-storage-blob/12.23.0-beta.1 (17.0.5; Windows 11; 10.0)",
        "x-ms-client-request-id": "d9e5d0df-637d-4bf3-8a36-a79b29417284",
        "x-ms-range": "bytes=0-4194303",
        "x-ms-version": "2022-11-02"
      },
      "RequestBody": null,
      "StatusCode": 206,
      "ResponseHeaders": {
        "Accept-Ranges": "bytes",
        "Content-Length": "7",
        "Content-Range": "bytes 0-6/7",
        "Content-Type": "application/octet-stream",
        "Date": "Mon, 24 Apr 2023 18:50:22 GMT",
        "ETag": "\u00220x8DB44F4C2B27A83\u0022",
        "Last-Modified": "Mon, 24 Apr 2023 18:50:23 GMT",
        "Server": [
          "Windows-Azure-Blob/1.0",
          "Microsoft-HTTPAPI/2.0"
        ],
        "x-ms-blob-content-md5": "wh\u002BWm18D0z1D4E\u002BPE252gg==",
        "x-ms-blob-type": "BlockBlob",
        "x-ms-client-request-id": "d9e5d0df-637d-4bf3-8a36-a79b29417284",
        "x-ms-creation-time": "Mon, 24 Apr 2023 18:50:22 GMT",
        "x-ms-lease-state": "available",
        "x-ms-lease-status": "unlocked",
        "x-ms-request-id": "492f6f49-f01e-006f-2cdd-76a4c0000000",
        "x-ms-server-encrypted": "true",
        "x-ms-version": "2022-11-02"
      },
      "ResponseBody": "ZGVmYXVsdA=="
    }
  ],
  "Variables": {
    "0": "c44d6e090sizeread05e95933d1480a43844d42ebb4c",
    "1": "34b44a92-6090-4fd9-89fd-07c887b7ef71",
    "2": "c44d6e091sizeread05e02884ad83c3ce3e2b4b9b8c2",
    "3": "c44d6e092sizeread05e66881c4ce94e7c1c44414abd",
    "4": "c44d6e093sizeread05e01022a4cc2d05ded5499bb01",
    "5": "c44d6e094sizeread05e8896829cb86d9541243b489b"
  }
}
