{
  "Entries": [
    {
      "RequestUri": "https://REDACTED/6b8a4cc31putdirectoryblobac068850170262d48ec9174e?restype=container",
      "RequestMethod": "GET",
      "RequestHeaders": {
        "Accept": "application/xml",
        "Authorization": "Sanitized",
        "Content-Length": "0",
        "Date": "Mon, 24 Apr 2023 18:50:21 GMT",
        "User-Agent": "azsdk-java-azure-storage-blob/12.23.0-beta.1 azsdk-java-azure-storage-blob-nio/12.0.0-beta.20 (17.0.5; Windows 11; 10.0)",
        "x-ms-client-request-id": "d6f6d59f-d861-40a4-b755-3a2d9f1db633",
        "x-ms-version": "2022-11-02"
      },
      "RequestBody": null,
      "StatusCode": 404,
      "ResponseHeaders": {
        "Content-Length": "225",
        "Content-Type": "application/xml",
        "Date": "Mon, 24 Apr 2023 18:50:19 GMT",
        "Server": [
          "Windows-Azure-Blob/1.0",
          "Microsoft-HTTPAPI/2.0"
        ],
        "x-ms-client-request-id": "d6f6d59f-d861-40a4-b755-3a2d9f1db633",
        "x-ms-error-code": "ContainerNotFound",
        "x-ms-request-id": "9af658e7-d01e-0078-45dd-760dcb000000",
        "x-ms-version": "2022-11-02"
      },
      "ResponseBody": [
        "\uFEFF\u003C?xml version=\u00221.0\u0022 encoding=\u0022utf-8\u0022?\u003E\u003CError\u003E\u003CCode\u003EContainerNotFound\u003C/Code\u003E\u003CMessage\u003EThe specified container does not exist.\n",
        "RequestId:9af658e7-d01e-0078-45dd-760dcb000000\n",
        "Time:2023-04-24T18:50:19.8168499Z\u003C/Message\u003E\u003C/Error\u003E"
      ]
    },
    {
      "RequestUri": "https://REDACTED/6b8a4cc31putdirectoryblobac068850170262d48ec9174e?restype=container",
      "RequestMethod": "PUT",
      "RequestHeaders": {
        "Accept": "application/xml",
        "Authorization": "Sanitized",
        "Content-Length": "0",
        "Date": "Mon, 24 Apr 2023 18:50:21 GMT",
        "User-Agent": "azsdk-java-azure-storage-blob/12.23.0-beta.1 azsdk-java-azure-storage-blob-nio/12.0.0-beta.20 (17.0.5; Windows 11; 10.0)",
        "x-ms-client-request-id": "4decad23-1163-4606-bf67-f6f3abd0fa1a",
        "x-ms-version": "2022-11-02"
      },
      "RequestBody": null,
      "StatusCode": 201,
      "ResponseHeaders": {
        "Content-Length": "0",
        "Date": "Mon, 24 Apr 2023 18:50:19 GMT",
        "ETag": "\u00220x8DB44F4C0B18864\u0022",
        "Last-Modified": "Mon, 24 Apr 2023 18:50:19 GMT",
        "Server": [
          "Windows-Azure-Blob/1.0",
          "Microsoft-HTTPAPI/2.0"
        ],
        "x-ms-client-request-id": "4decad23-1163-4606-bf67-f6f3abd0fa1a",
        "x-ms-request-id": "a186babd-e01e-0001-4edd-76f1ef000000",
        "x-ms-version": "2022-11-02"
      },
      "ResponseBody": null
    },
    {
      "RequestUri": "https://REDACTED/6b8a4cc32putdirectoryblobac0689775216e26157ee7b4a?restype=container",
      "RequestMethod": "GET",
      "RequestHeaders": {
        "Accept": "application/xml",
        "Authorization": "Sanitized",
        "Content-Length": "0",
        "Date": "Mon, 24 Apr 2023 18:50:21 GMT",
        "User-Agent": "azsdk-java-azure-storage-blob/12.23.0-beta.1 azsdk-java-azure-storage-blob-nio/12.0.0-beta.20 (17.0.5; Windows 11; 10.0)",
        "x-ms-client-request-id": "701dc1ae-cba7-4ab6-a0f4-ad3b1f520358",
        "x-ms-version": "2022-11-02"
      },
      "RequestBody": null,
      "StatusCode": 404,
      "ResponseHeaders": {
        "Content-Length": "225",
        "Content-Type": "application/xml",
        "Date": "Mon, 24 Apr 2023 18:50:19 GMT",
        "Server": [
          "Windows-Azure-Blob/1.0",
          "Microsoft-HTTPAPI/2.0"
        ],
        "x-ms-client-request-id": "701dc1ae-cba7-4ab6-a0f4-ad3b1f520358",
        "x-ms-error-code": "ContainerNotFound",
        "x-ms-request-id": "e68814a5-f01e-001d-25dd-76a38f000000",
        "x-ms-version": "2022-11-02"
      },
      "ResponseBody": [
        "\uFEFF\u003C?xml version=\u00221.0\u0022 encoding=\u0022utf-8\u0022?\u003E\u003CError\u003E\u003CCode\u003EContainerNotFound\u003C/Code\u003E\u003CMessage\u003EThe specified container does not exist.\n",
        "RequestId:e68814a5-f01e-001d-25dd-76a38f000000\n",
        "Time:2023-04-24T18:50:19.9178995Z\u003C/Message\u003E\u003C/Error\u003E"
      ]
    },
    {
      "RequestUri": "https://REDACTED/6b8a4cc32putdirectoryblobac0689775216e26157ee7b4a?restype=container",
      "RequestMethod": "PUT",
      "RequestHeaders": {
        "Accept": "application/xml",
        "Authorization": "Sanitized",
        "Content-Length": "0",
        "Date": "Mon, 24 Apr 2023 18:50:21 GMT",
        "User-Agent": "azsdk-java-azure-storage-blob/12.23.0-beta.1 azsdk-java-azure-storage-blob-nio/12.0.0-beta.20 (17.0.5; Windows 11; 10.0)",
        "x-ms-client-request-id": "e50c1ed9-7b8e-47f3-99fe-1949d3102e25",
        "x-ms-version": "2022-11-02"
      },
      "RequestBody": null,
      "StatusCode": 201,
      "ResponseHeaders": {
        "Content-Length": "0",
        "Date": "Mon, 24 Apr 2023 18:50:19 GMT",
        "ETag": "\u00220x8DB44F4C0C41181\u0022",
        "Last-Modified": "Mon, 24 Apr 2023 18:50:19 GMT",
        "Server": [
          "Windows-Azure-Blob/1.0",
          "Microsoft-HTTPAPI/2.0"
        ],
        "x-ms-client-request-id": "e50c1ed9-7b8e-47f3-99fe-1949d3102e25",
        "x-ms-request-id": "492f69ee-f01e-006f-4cdd-76a4c0000000",
        "x-ms-version": "2022-11-02"
      },
      "ResponseBody": null
    },
    {
      "RequestUri": "https://REDACTED/6b8a4cc31putdirectoryblobac068850170262d48ec9174e/6b8a4cc33putdirectoryblobac068097783614a514038746",
      "RequestMethod": "PUT",
      "RequestHeaders": {
        "Accept": "application/xml",
        "Authorization": "Sanitized",
        "Content-Length": "7",
        "Content-Type": "application/octet-stream",
        "Date": "Mon, 24 Apr 2023 18:50:21 GMT",
        "If-None-Match": "*",
        "User-Agent": "azsdk-java-azure-storage-blob/12.23.0-beta.1 azsdk-java-azure-storage-blob-nio/12.0.0-beta.20 (17.0.5; Windows 11; 10.0)",
        "x-ms-blob-type": "BlockBlob",
        "x-ms-client-request-id": "8d199619-b4cb-4b36-abd1-33abd0d29e28",
        "x-ms-version": "2022-11-02"
      },
      "RequestBody": "ZGVmYXVsdA==",
      "StatusCode": 201,
      "ResponseHeaders": {
        "Content-Length": "0",
        "Content-MD5": "wh\u002BWm18D0z1D4E\u002BPE252gg==",
        "Date": "Mon, 24 Apr 2023 18:50:19 GMT",
        "ETag": "\u00220x8DB44F4C0CE222C\u0022",
        "Last-Modified": "Mon, 24 Apr 2023 18:50:20 GMT",
        "Server": [
          "Windows-Azure-Blob/1.0",
          "Microsoft-HTTPAPI/2.0"
        ],
        "x-ms-client-request-id": "8d199619-b4cb-4b36-abd1-33abd0d29e28",
        "x-ms-content-crc64": "6RYQPwaVsyQ=",
        "x-ms-request-id": "e68814e5-f01e-001d-5ddd-76a38f000000",
        "x-ms-request-server-encrypted": "true",
        "x-ms-version": "2022-11-02"
      },
      "ResponseBody": null
    },
    {
      "RequestUri": "https://REDACTED/6b8a4cc31putdirectoryblobac068850170262d48ec9174e/6b8a4cc33putdirectoryblobac068097783614a514038746",
      "RequestMethod": "HEAD",
      "RequestHeaders": {
        "Accept": "application/xml",
        "Authorization": "Sanitized",
        "Content-Length": "0",
        "Date": "Mon, 24 Apr 2023 18:50:21 GMT",
        "User-Agent": "azsdk-java-azure-storage-blob/12.23.0-beta.1 azsdk-java-azure-storage-blob-nio/12.0.0-beta.20 (17.0.5; Windows 11; 10.0)",
        "x-ms-client-request-id": "209b6ae1-64e7-4a3d-a34d-0a6194c3f8dd",
        "x-ms-version": "2022-11-02"
      },
      "RequestBody": null,
      "StatusCode": 200,
      "ResponseHeaders": {
        "Accept-Ranges": "bytes",
        "Content-Length": "7",
        "Content-MD5": "wh\u002BWm18D0z1D4E\u002BPE252gg==",
        "Content-Type": "application/octet-stream",
        "Date": "Mon, 24 Apr 2023 18:50:19 GMT",
        "ETag": "\u00220x8DB44F4C0CE222C\u0022",
        "Last-Modified": "Mon, 24 Apr 2023 18:50:20 GMT",
        "Server": [
          "Windows-Azure-Blob/1.0",
          "Microsoft-HTTPAPI/2.0"
        ],
        "x-ms-access-tier": "Hot",
        "x-ms-access-tier-inferred": "true",
        "x-ms-blob-type": "BlockBlob",
        "x-ms-client-request-id": "209b6ae1-64e7-4a3d-a34d-0a6194c3f8dd",
        "x-ms-creation-time": "Mon, 24 Apr 2023 18:50:20 GMT",
        "x-ms-lease-state": "available",
        "x-ms-lease-status": "unlocked",
        "x-ms-request-id": "e6881512-f01e-001d-80dd-76a38f000000",
        "x-ms-server-encrypted": "true",
        "x-ms-version": "2022-11-02"
      },
      "ResponseBody": null
    },
    {
      "RequestUri": "https://REDACTED/6b8a4cc31putdirectoryblobac068850170262d48ec9174e/6b8a4cc33putdirectoryblobac068097783614a514038746?comp=blocklist",
      "RequestMethod": "PUT",
      "RequestHeaders": {
        "Accept": "application/xml",
        "Authorization": "Sanitized",
        "Content-Length": "50",
        "Content-Type": "application/xml",
        "Date": "Mon, 24 Apr 2023 18:50:21 GMT",
        "If-Match": "0x8DB44F4C0CE222C",
        "User-Agent": "azsdk-java-azure-storage-blob/12.23.0-beta.1 azsdk-java-azure-storage-blob-nio/12.0.0-beta.20 (17.0.5; Windows 11; 10.0)",
        "x-ms-client-request-id": "f73d8b79-59a6-405a-9298-0f0dea93a60e",
        "x-ms-meta-hdi_isfolder": "true",
        "x-ms-version": "2022-11-02"
      },
      "RequestBody": "\u003C?xml version=\u00271.0\u0027 encoding=\u0027UTF-8\u0027?\u003E\u003CBlockList/\u003E",
      "StatusCode": 201,
      "ResponseHeaders": {
        "Content-Length": "0",
        "Date": "Mon, 24 Apr 2023 18:50:19 GMT",
        "ETag": "\u00220x8DB44F4C0ED175F\u0022",
        "Last-Modified": "Mon, 24 Apr 2023 18:50:20 GMT",
        "Server": [
          "Windows-Azure-Blob/1.0",
          "Microsoft-HTTPAPI/2.0"
        ],
        "x-ms-client-request-id": "f73d8b79-59a6-405a-9298-0f0dea93a60e",
        "x-ms-content-crc64": "p1vsGtjjPsk=",
        "x-ms-request-id": "b4e5784d-e01e-0011-28dd-763487000000",
        "x-ms-request-server-encrypted": "true",
        "x-ms-version": "2022-11-02"
      },
      "ResponseBody": null
    },
    {
      "RequestUri": "https://REDACTED/6b8a4cc31putdirectoryblobac068850170262d48ec9174e/6b8a4cc33putdirectoryblobac068097783614a514038746",
      "RequestMethod": "HEAD",
      "RequestHeaders": {
        "Accept": "application/xml",
        "Authorization": "Sanitized",
        "Content-Length": "0",
        "Date": "Mon, 24 Apr 2023 18:50:21 GMT",
        "User-Agent": "azsdk-java-azure-storage-blob/12.23.0-beta.1 azsdk-java-azure-storage-blob-nio/12.0.0-beta.20 (17.0.5; Windows 11; 10.0)",
        "x-ms-client-request-id": "cefd4bda-6646-435b-868e-72de608e227e",
        "x-ms-version": "2022-11-02"
      },
      "RequestBody": null,
      "StatusCode": 200,
      "ResponseHeaders": {
        "Accept-Ranges": "bytes",
        "Content-Length": "0",
        "Content-Type": "application/octet-stream",
        "Date": "Mon, 24 Apr 2023 18:50:19 GMT",
        "ETag": "\u00220x8DB44F4C0ED175F\u0022",
        "Last-Modified": "Mon, 24 Apr 2023 18:50:20 GMT",
        "Server": [
          "Windows-Azure-Blob/1.0",
          "Microsoft-HTTPAPI/2.0"
        ],
        "x-ms-access-tier": "Hot",
        "x-ms-access-tier-inferred": "true",
        "x-ms-blob-type": "BlockBlob",
        "x-ms-client-request-id": "cefd4bda-6646-435b-868e-72de608e227e",
        "x-ms-creation-time": "Mon, 24 Apr 2023 18:50:20 GMT",
        "x-ms-lease-state": "available",
        "x-ms-lease-status": "unlocked",
        "x-ms-meta-hdi_isfolder": "true",
        "x-ms-request-id": "b4e57873-e01e-0011-4add-763487000000",
        "x-ms-server-encrypted": "true",
        "x-ms-version": "2022-11-02"
      },
      "ResponseBody": null
    }
  ],
  "Variables": {
    "0": "6b8a4cc30putdirectoryblobac068041285e040cc73bfe4f",
    "1": "6b8a4cc31putdirectoryblobac068850170262d48ec9174e",
    "2": "6b8a4cc32putdirectoryblobac0689775216e26157ee7b4a",
    "3": "6b8a4cc33putdirectoryblobac068097783614a514038746"
  }
}
