{
  "Entries": [
    {
      "RequestUri": "https://REDACTED/50d064991setattributesioexception4b6442859b31b87f8b3?restype=container",
      "RequestMethod": "GET",
      "RequestHeaders": {
        "Accept": "application/xml",
        "Authorization": "Sanitized",
        "Content-Length": "0",
        "Date": "Mon, 24 Apr 2023 18:50:25 GMT",
        "User-Agent": "azsdk-java-azure-storage-blob/12.23.0-beta.1 azsdk-java-azure-storage-blob-nio/12.0.0-beta.20 (17.0.5; Windows 11; 10.0)",
        "x-ms-client-request-id": "d1f9b1d8-15d1-4707-a16d-c1f287b3df07",
        "x-ms-version": "2022-11-02"
      },
      "RequestBody": null,
      "StatusCode": 404,
      "ResponseHeaders": {
        "Content-Length": "225",
        "Content-Type": "application/xml",
        "Date": "Mon, 24 Apr 2023 18:50:23 GMT",
        "Server": [
          "Windows-Azure-Blob/1.0",
          "Microsoft-HTTPAPI/2.0"
        ],
        "x-ms-client-request-id": "d1f9b1d8-15d1-4707-a16d-c1f287b3df07",
        "x-ms-error-code": "ContainerNotFound",
        "x-ms-request-id": "4e180187-501e-0082-10dd-76ef8d000000",
        "x-ms-version": "2022-11-02"
      },
      "ResponseBody": [
        "\uFEFF\u003C?xml version=\u00221.0\u0022 encoding=\u0022utf-8\u0022?\u003E\u003CError\u003E\u003CCode\u003EContainerNotFound\u003C/Code\u003E\u003CMessage\u003EThe specified container does not exist.\n",
        "RequestId:4e180187-501e-0082-10dd-76ef8d000000\n",
        "Time:2023-04-24T18:50:23.9465306Z\u003C/Message\u003E\u003C/Error\u003E"
      ]
    },
    {
      "RequestUri": "https://REDACTED/50d064991setattributesioexception4b6442859b31b87f8b3?restype=container",
      "RequestMethod": "PUT",
      "RequestHeaders": {
        "Accept": "application/xml",
        "Authorization": "Sanitized",
        "Content-Length": "0",
        "Date": "Mon, 24 Apr 2023 18:50:25 GMT",
        "User-Agent": "azsdk-java-azure-storage-blob/12.23.0-beta.1 azsdk-java-azure-storage-blob-nio/12.0.0-beta.20 (17.0.5; Windows 11; 10.0)",
        "x-ms-client-request-id": "8b0c0e86-e4a1-4bce-bf5a-9b1a5265cc4a",
        "x-ms-version": "2022-11-02"
      },
      "RequestBody": null,
      "StatusCode": 201,
      "ResponseHeaders": {
        "Content-Length": "0",
        "Date": "Mon, 24 Apr 2023 18:50:23 GMT",
        "ETag": "\u00220x8DB44F4C332D4F9\u0022",
        "Last-Modified": "Mon, 24 Apr 2023 18:50:24 GMT",
        "Server": [
          "Windows-Azure-Blob/1.0",
          "Microsoft-HTTPAPI/2.0"
        ],
        "x-ms-client-request-id": "8b0c0e86-e4a1-4bce-bf5a-9b1a5265cc4a",
        "x-ms-request-id": "4e1801f0-501e-0082-62dd-76ef8d000000",
        "x-ms-version": "2022-11-02"
      },
      "ResponseBody": null
    },
    {
      "RequestUri": "https://REDACTED/50d064992setattributesioexception4b6422486118b3ff981?restype=container",
      "RequestMethod": "GET",
      "RequestHeaders": {
        "Accept": "application/xml",
        "Authorization": "Sanitized",
        "Content-Length": "0",
        "Date": "Mon, 24 Apr 2023 18:50:25 GMT",
        "User-Agent": "azsdk-java-azure-storage-blob/12.23.0-beta.1 azsdk-java-azure-storage-blob-nio/12.0.0-beta.20 (17.0.5; Windows 11; 10.0)",
        "x-ms-client-request-id": "e0b70b5d-4eb2-44c0-8308-b729202eb81f",
        "x-ms-version": "2022-11-02"
      },
      "RequestBody": null,
      "StatusCode": 404,
      "ResponseHeaders": {
        "Content-Length": "225",
        "Content-Type": "application/xml",
        "Date": "Mon, 24 Apr 2023 18:50:23 GMT",
        "Server": [
          "Windows-Azure-Blob/1.0",
          "Microsoft-HTTPAPI/2.0"
        ],
        "x-ms-client-request-id": "e0b70b5d-4eb2-44c0-8308-b729202eb81f",
        "x-ms-error-code": "ContainerNotFound",
        "x-ms-request-id": "a186c395-e01e-0001-7cdd-76f1ef000000",
        "x-ms-version": "2022-11-02"
      },
      "ResponseBody": [
        "\uFEFF\u003C?xml version=\u00221.0\u0022 encoding=\u0022utf-8\u0022?\u003E\u003CError\u003E\u003CCode\u003EContainerNotFound\u003C/Code\u003E\u003CMessage\u003EThe specified container does not exist.\n",
        "RequestId:a186c395-e01e-0001-7cdd-76f1ef000000\n",
        "Time:2023-04-24T18:50:24.0832506Z\u003C/Message\u003E\u003C/Error\u003E"
      ]
    },
    {
      "RequestUri": "https://REDACTED/50d064992setattributesioexception4b6422486118b3ff981?restype=container",
      "RequestMethod": "PUT",
      "RequestHeaders": {
        "Accept": "application/xml",
        "Authorization": "Sanitized",
        "Content-Length": "0",
        "Date": "Mon, 24 Apr 2023 18:50:25 GMT",
        "User-Agent": "azsdk-java-azure-storage-blob/12.23.0-beta.1 azsdk-java-azure-storage-blob-nio/12.0.0-beta.20 (17.0.5; Windows 11; 10.0)",
        "x-ms-client-request-id": "9e5a1db4-f636-465b-9cd0-989e303004af",
        "x-ms-version": "2022-11-02"
      },
      "RequestBody": null,
      "StatusCode": 201,
      "ResponseHeaders": {
        "Content-Length": "0",
        "Date": "Mon, 24 Apr 2023 18:50:23 GMT",
        "ETag": "\u00220x8DB44F4C33946E5\u0022",
        "Last-Modified": "Mon, 24 Apr 2023 18:50:24 GMT",
        "Server": [
          "Windows-Azure-Blob/1.0",
          "Microsoft-HTTPAPI/2.0"
        ],
        "x-ms-client-request-id": "9e5a1db4-f636-465b-9cd0-989e303004af",
        "x-ms-request-id": "503102a7-801e-0028-12dd-76cf9b000000",
        "x-ms-version": "2022-11-02"
      },
      "ResponseBody": null
    },
    {
      "RequestUri": "https://REDACTED/50d064991setattributesioexception4b6442859b31b87f8b3/path?comp=metadata",
      "RequestMethod": "PUT",
      "RequestHeaders": {
        "Accept": "application/xml",
        "Authorization": "Sanitized",
        "Content-Length": "0",
        "Date": "Mon, 24 Apr 2023 18:50:25 GMT",
        "User-Agent": "azsdk-java-azure-storage-blob/12.23.0-beta.1 azsdk-java-azure-storage-blob-nio/12.0.0-beta.20 (17.0.5; Windows 11; 10.0)",
        "x-ms-client-request-id": "29d9bfe2-2d76-40de-bed3-2b2a707a8459",
        "x-ms-version": "2022-11-02"
      },
      "RequestBody": null,
      "StatusCode": 404,
      "ResponseHeaders": {
        "Content-Length": "215",
        "Content-Type": "application/xml",
        "Date": "Mon, 24 Apr 2023 18:50:23 GMT",
        "Server": [
          "Windows-Azure-Blob/1.0",
          "Microsoft-HTTPAPI/2.0"
        ],
        "x-ms-client-request-id": "29d9bfe2-2d76-40de-bed3-2b2a707a8459",
        "x-ms-error-code": "BlobNotFound",
        "x-ms-request-id": "a186c3c3-e01e-0001-22dd-76f1ef000000",
        "x-ms-version": "2022-11-02"
      },
      "ResponseBody": [
        "\uFEFF\u003C?xml version=\u00221.0\u0022 encoding=\u0022utf-8\u0022?\u003E\u003CError\u003E\u003CCode\u003EBlobNotFound\u003C/Code\u003E\u003CMessage\u003EThe specified blob does not exist.\n",
        "RequestId:a186c3c3-e01e-0001-22dd-76f1ef000000\n",
        "Time:2023-04-24T18:50:24.1342218Z\u003C/Message\u003E\u003C/Error\u003E"
      ]
    }
  ],
  "Variables": {
    "0": "50d064990setattributesioexception4b616320a9811ee3ead",
    "1": "50d064991setattributesioexception4b6442859b31b87f8b3",
    "2": "50d064992setattributesioexception4b6422486118b3ff981"
  }
}
