{
  "Entries": [
    {
      "RequestUri": "https://REDACTED/b99374971setattributesmetadata5e38140096405e856d5c?restype=container",
      "RequestMethod": "GET",
      "RequestHeaders": {
        "Accept": "application/xml",
        "Authorization": "Sanitized",
        "Content-Length": "0",
        "Date": "Mon, 24 Apr 2023 18:50:24 GMT",
        "User-Agent": "azsdk-java-azure-storage-blob/12.23.0-beta.1 azsdk-java-azure-storage-blob-nio/12.0.0-beta.20 (17.0.5; Windows 11; 10.0)",
        "x-ms-client-request-id": "b49fc22a-b2a4-4dc8-b8d0-6f87a097f63d",
        "x-ms-version": "2022-11-02"
      },
      "RequestBody": null,
      "StatusCode": 404,
      "ResponseHeaders": {
        "Content-Length": "225",
        "Content-Type": "application/xml",
        "Date": "Mon, 24 Apr 2023 18:50:22 GMT",
        "Server": [
          "Windows-Azure-Blob/1.0",
          "Microsoft-HTTPAPI/2.0"
        ],
        "x-ms-client-request-id": "b49fc22a-b2a4-4dc8-b8d0-6f87a097f63d",
        "x-ms-error-code": "ContainerNotFound",
        "x-ms-request-id": "a186c19f-e01e-0001-22dd-76f1ef000000",
        "x-ms-version": "2022-11-02"
      },
      "ResponseBody": [
        "\uFEFF\u003C?xml version=\u00221.0\u0022 encoding=\u0022utf-8\u0022?\u003E\u003CError\u003E\u003CCode\u003EContainerNotFound\u003C/Code\u003E\u003CMessage\u003EThe specified container does not exist.\n",
        "RequestId:a186c19f-e01e-0001-22dd-76f1ef000000\n",
        "Time:2023-04-24T18:50:23.2607163Z\u003C/Message\u003E\u003C/Error\u003E"
      ]
    },
    {
      "RequestUri": "https://REDACTED/b99374971setattributesmetadata5e38140096405e856d5c?restype=container",
      "RequestMethod": "PUT",
      "RequestHeaders": {
        "Accept": "application/xml",
        "Authorization": "Sanitized",
        "Content-Length": "0",
        "Date": "Mon, 24 Apr 2023 18:50:24 GMT",
        "User-Agent": "azsdk-java-azure-storage-blob/12.23.0-beta.1 azsdk-java-azure-storage-blob-nio/12.0.0-beta.20 (17.0.5; Windows 11; 10.0)",
        "x-ms-client-request-id": "af104809-2c7c-426f-a324-7024ab4a6761",
        "x-ms-version": "2022-11-02"
      },
      "RequestBody": null,
      "StatusCode": 201,
      "ResponseHeaders": {
        "Content-Length": "0",
        "Date": "Mon, 24 Apr 2023 18:50:22 GMT",
        "ETag": "\u00220x8DB44F4C2BD9974\u0022",
        "Last-Modified": "Mon, 24 Apr 2023 18:50:23 GMT",
        "Server": [
          "Windows-Azure-Blob/1.0",
          "Microsoft-HTTPAPI/2.0"
        ],
        "x-ms-client-request-id": "af104809-2c7c-426f-a324-7024ab4a6761",
        "x-ms-request-id": "5031011d-801e-0028-2bdd-76cf9b000000",
        "x-ms-version": "2022-11-02"
      },
      "ResponseBody": null
    },
    {
      "RequestUri": "https://REDACTED/b99374972setattributesmetadata5e3932393e7690a8b93c?restype=container",
      "RequestMethod": "GET",
      "RequestHeaders": {
        "Accept": "application/xml",
        "Authorization": "Sanitized",
        "Content-Length": "0",
        "Date": "Mon, 24 Apr 2023 18:50:24 GMT",
        "User-Agent": "azsdk-java-azure-storage-blob/12.23.0-beta.1 azsdk-java-azure-storage-blob-nio/12.0.0-beta.20 (17.0.5; Windows 11; 10.0)",
        "x-ms-client-request-id": "cc82fdd4-59dd-4f97-a598-9c4a179515e0",
        "x-ms-version": "2022-11-02"
      },
      "RequestBody": null,
      "StatusCode": 404,
      "ResponseHeaders": {
        "Content-Length": "225",
        "Content-Type": "application/xml",
        "Date": "Mon, 24 Apr 2023 18:50:22 GMT",
        "Server": [
          "Windows-Azure-Blob/1.0",
          "Microsoft-HTTPAPI/2.0"
        ],
        "x-ms-client-request-id": "cc82fdd4-59dd-4f97-a598-9c4a179515e0",
        "x-ms-error-code": "ContainerNotFound",
        "x-ms-request-id": "50310134-801e-0028-40dd-76cf9b000000",
        "x-ms-version": "2022-11-02"
      },
      "ResponseBody": [
        "\uFEFF\u003C?xml version=\u00221.0\u0022 encoding=\u0022utf-8\u0022?\u003E\u003CError\u003E\u003CCode\u003EContainerNotFound\u003C/Code\u003E\u003CMessage\u003EThe specified container does not exist.\n",
        "RequestId:50310134-801e-0028-40dd-76cf9b000000\n",
        "Time:2023-04-24T18:50:23.3451356Z\u003C/Message\u003E\u003C/Error\u003E"
      ]
    },
    {
      "RequestUri": "https://REDACTED/b99374972setattributesmetadata5e3932393e7690a8b93c?restype=container",
      "RequestMethod": "PUT",
      "RequestHeaders": {
        "Accept": "application/xml",
        "Authorization": "Sanitized",
        "Content-Length": "0",
        "Date": "Mon, 24 Apr 2023 18:50:24 GMT",
        "User-Agent": "azsdk-java-azure-storage-blob/12.23.0-beta.1 azsdk-java-azure-storage-blob-nio/12.0.0-beta.20 (17.0.5; Windows 11; 10.0)",
        "x-ms-client-request-id": "67434d06-5a5b-419c-a996-2c998f18c287",
        "x-ms-version": "2022-11-02"
      },
      "RequestBody": null,
      "StatusCode": 201,
      "ResponseHeaders": {
        "Content-Length": "0",
        "Date": "Mon, 24 Apr 2023 18:50:22 GMT",
        "ETag": "\u00220x8DB44F4C2CD2780\u0022",
        "Last-Modified": "Mon, 24 Apr 2023 18:50:23 GMT",
        "Server": [
          "Windows-Azure-Blob/1.0",
          "Microsoft-HTTPAPI/2.0"
        ],
        "x-ms-client-request-id": "67434d06-5a5b-419c-a996-2c998f18c287",
        "x-ms-request-id": "5031014f-801e-0028-58dd-76cf9b000000",
        "x-ms-version": "2022-11-02"
      },
      "ResponseBody": null
    },
    {
      "RequestUri": "https://REDACTED/b99374971setattributesmetadata5e38140096405e856d5c/b99374973setattributesmetadata5e355696c9ef8f47177d",
      "RequestMethod": "HEAD",
      "RequestHeaders": {
        "Accept": "application/xml",
        "Authorization": "Sanitized",
        "Content-Length": "0",
        "Date": "Mon, 24 Apr 2023 18:50:25 GMT",
        "User-Agent": "azsdk-java-azure-storage-blob/12.23.0-beta.1 azsdk-java-azure-storage-blob-nio/12.0.0-beta.20 (17.0.5; Windows 11; 10.0)",
        "x-ms-client-request-id": "e180bfab-5c04-471b-b119-3abfa5f17159",
        "x-ms-version": "2022-11-02"
      },
      "RequestBody": null,
      "StatusCode": 404,
      "ResponseHeaders": {
        "Date": "Mon, 24 Apr 2023 18:50:22 GMT",
        "Server": [
          "Windows-Azure-Blob/1.0",
          "Microsoft-HTTPAPI/2.0"
        ],
        "Transfer-Encoding": "chunked",
        "x-ms-client-request-id": "e180bfab-5c04-471b-b119-3abfa5f17159",
        "x-ms-error-code": "BlobNotFound",
        "x-ms-request-id": "50310172-801e-0028-78dd-76cf9b000000",
        "x-ms-version": "2022-11-02"
      },
      "ResponseBody": null
    },
    {
      "RequestUri": "https://REDACTED/b99374971setattributesmetadata5e38140096405e856d5c?restype=container\u0026comp=list\u0026prefix=b99374973setattributesmetadata5e355696c9ef8f47177d/\u0026delimiter=/\u0026maxresults=2\u0026include=metadata",
      "RequestMethod": "GET",
      "RequestHeaders": {
        "Accept": "application/xml",
        "Authorization": "Sanitized",
        "Content-Length": "0",
        "Date": "Mon, 24 Apr 2023 18:50:25 GMT",
        "User-Agent": "azsdk-java-azure-storage-blob/12.23.0-beta.1 azsdk-java-azure-storage-blob-nio/12.0.0-beta.20 (17.0.5; Windows 11; 10.0)",
        "x-ms-client-request-id": "0f17f293-92e4-4369-9386-38d5856bdd26",
        "x-ms-version": "2022-11-02"
      },
      "RequestBody": null,
      "StatusCode": 200,
      "ResponseHeaders": {
        "Content-Type": "application/xml",
        "Date": "Mon, 24 Apr 2023 18:50:22 GMT",
        "Server": [
          "Windows-Azure-Blob/1.0",
          "Microsoft-HTTPAPI/2.0"
        ],
        "Transfer-Encoding": "chunked",
        "x-ms-client-request-id": "0f17f293-92e4-4369-9386-38d5856bdd26",
        "x-ms-request-id": "50310181-801e-0028-07dd-76cf9b000000",
        "x-ms-version": "2022-11-02"
      },
      "ResponseBody": "\uFEFF\u003C?xml version=\u00221.0\u0022 encoding=\u0022utf-8\u0022?\u003E\u003CEnumerationResults ServiceEndpoint=\u0022https://primtestproxy.blob.core.windows.net/\u0022 ContainerName=\u0022b99374971setattributesmetadata5e38140096405e856d5c\u0022\u003E\u003CPrefix\u003Eb99374973setattributesmetadata5e355696c9ef8f47177d/\u003C/Prefix\u003E\u003CMaxResults\u003E2\u003C/MaxResults\u003E\u003CDelimiter\u003E/\u003C/Delimiter\u003E\u003CBlobs /\u003E\u003CNextMarker /\u003E\u003C/EnumerationResults\u003E"
    },
    {
      "RequestUri": "https://REDACTED/b99374971setattributesmetadata5e38140096405e856d5c/b99374973setattributesmetadata5e355696c9ef8f47177d",
      "RequestMethod": "PUT",
      "RequestHeaders": {
        "Accept": "application/xml",
        "Authorization": "Sanitized",
        "Content-Length": "0",
        "Content-Type": "application/octet-stream",
        "Date": "Mon, 24 Apr 2023 18:50:25 GMT",
        "User-Agent": "azsdk-java-azure-storage-blob/12.23.0-beta.1 azsdk-java-azure-storage-blob-nio/12.0.0-beta.20 (17.0.5; Windows 11; 10.0)",
        "x-ms-blob-type": "BlockBlob",
        "x-ms-client-request-id": "bbf5ec14-45c3-4dd8-9dea-836aecf26d41",
        "x-ms-version": "2022-11-02"
      },
      "RequestBody": null,
      "StatusCode": 201,
      "ResponseHeaders": {
        "Content-Length": "0",
        "Content-MD5": "1B2M2Y8AsgTpgAmY7PhCfg==",
        "Date": "Mon, 24 Apr 2023 18:50:22 GMT",
        "ETag": "\u00220x8DB44F4C2E7DAB4\u0022",
        "Last-Modified": "Mon, 24 Apr 2023 18:50:23 GMT",
        "Server": [
          "Windows-Azure-Blob/1.0",
          "Microsoft-HTTPAPI/2.0"
        ],
        "x-ms-client-request-id": "bbf5ec14-45c3-4dd8-9dea-836aecf26d41",
        "x-ms-content-crc64": "AAAAAAAAAAA=",
        "x-ms-request-id": "50310193-801e-0028-19dd-76cf9b000000",
        "x-ms-request-server-encrypted": "true",
        "x-ms-version": "2022-11-02"
      },
      "ResponseBody": null
    },
    {
      "RequestUri": "https://REDACTED/b99374971setattributesmetadata5e38140096405e856d5c/b99374973setattributesmetadata5e355696c9ef8f47177d?comp=metadata",
      "RequestMethod": "PUT",
      "RequestHeaders": {
        "Accept": "application/xml",
        "Authorization": "Sanitized",
        "Content-Length": "0",
        "Date": "Mon, 24 Apr 2023 18:50:25 GMT",
        "User-Agent": "azsdk-java-azure-storage-blob/12.23.0-beta.1 azsdk-java-azure-storage-blob-nio/12.0.0-beta.20 (17.0.5; Windows 11; 10.0)",
        "x-ms-client-request-id": "d098a305-a1e7-4210-b965-70ea43c10ebf",
        "x-ms-meta-fizz": "buzz",
        "x-ms-meta-foo": "bar",
        "x-ms-version": "2022-11-02"
      },
      "RequestBody": null,
      "StatusCode": 200,
      "ResponseHeaders": {
        "Content-Length": "0",
        "Date": "Mon, 24 Apr 2023 18:50:23 GMT",
        "ETag": "\u00220x8DB44F4C31F5D5C\u0022",
        "Last-Modified": "Mon, 24 Apr 2023 18:50:23 GMT",
        "Server": [
          "Windows-Azure-Blob/1.0",
          "Microsoft-HTTPAPI/2.0"
        ],
        "x-ms-client-request-id": "d098a305-a1e7-4210-b965-70ea43c10ebf",
        "x-ms-request-id": "a186c333-e01e-0001-1edd-76f1ef000000",
        "x-ms-request-server-encrypted": "true",
        "x-ms-version": "2022-11-02"
      },
      "ResponseBody": null
    },
    {
      "RequestUri": "https://REDACTED/b99374971setattributesmetadata5e38140096405e856d5c/b99374973setattributesmetadata5e355696c9ef8f47177d",
      "RequestMethod": "HEAD",
      "RequestHeaders": {
        "Accept": "application/xml",
        "Authorization": "Sanitized",
        "Content-Length": "0",
        "Date": "Mon, 24 Apr 2023 18:50:25 GMT",
        "User-Agent": "azsdk-java-azure-storage-blob/12.23.0-beta.1 azsdk-java-azure-storage-blob-nio/12.0.0-beta.20 (17.0.5; Windows 11; 10.0)",
        "x-ms-client-request-id": "17665b7e-8b07-42f6-9671-d594f407df37",
        "x-ms-version": "2022-11-02"
      },
      "RequestBody": null,
      "StatusCode": 200,
      "ResponseHeaders": {
        "Accept-Ranges": "bytes",
        "Content-Length": "0",
        "Content-MD5": "1B2M2Y8AsgTpgAmY7PhCfg==",
        "Content-Type": "application/octet-stream",
        "Date": "Mon, 24 Apr 2023 18:50:23 GMT",
        "ETag": "\u00220x8DB44F4C31F5D5C\u0022",
        "Last-Modified": "Mon, 24 Apr 2023 18:50:23 GMT",
        "Server": [
          "Windows-Azure-Blob/1.0",
          "Microsoft-HTTPAPI/2.0"
        ],
        "x-ms-access-tier": "Hot",
        "x-ms-access-tier-inferred": "true",
        "x-ms-blob-type": "BlockBlob",
        "x-ms-client-request-id": "17665b7e-8b07-42f6-9671-d594f407df37",
        "x-ms-creation-time": "Mon, 24 Apr 2023 18:50:23 GMT",
        "x-ms-lease-state": "available",
        "x-ms-lease-status": "unlocked",
        "x-ms-meta-fizz": "buzz",
        "x-ms-meta-foo": "bar",
        "x-ms-request-id": "a186c37c-e01e-0001-66dd-76f1ef000000",
        "x-ms-server-encrypted": "true",
        "x-ms-version": "2022-11-02"
      },
      "ResponseBody": null
    }
  ],
  "Variables": {
    "0": "b99374970setattributesmetadata5e315835f9aba98772a5",
    "1": "b99374971setattributesmetadata5e38140096405e856d5c",
    "2": "b99374972setattributesmetadata5e3932393e7690a8b93c",
    "3": "b99374973setattributesmetadata5e355696c9ef8f47177d"
  }
}
