{
  "Entries": [
    {
      "RequestUri": "https://REDACTED/76613ece1bytechanneloptionscreate83887541cb7d542afc6?restype=container",
      "RequestMethod": "GET",
      "RequestHeaders": {
        "Accept": "application/xml",
        "Authorization": "Sanitized",
        "Content-Length": "0",
        "Date": "Mon, 24 Apr 2023 18:50:28 GMT",
        "User-Agent": "azsdk-java-azure-storage-blob/12.23.0-beta.1 azsdk-java-azure-storage-blob-nio/12.0.0-beta.20 (17.0.5; Windows 11; 10.0)",
        "x-ms-client-request-id": "05a821d0-ed86-433f-a9a3-6dcb783f94f5",
        "x-ms-version": "2022-11-02"
      },
      "RequestBody": null,
      "StatusCode": 404,
      "ResponseHeaders": {
        "Content-Length": "225",
        "Content-Type": "application/xml",
        "Date": "Mon, 24 Apr 2023 18:50:26 GMT",
        "Server": [
          "Windows-Azure-Blob/1.0",
          "Microsoft-HTTPAPI/2.0"
        ],
        "x-ms-client-request-id": "05a821d0-ed86-433f-a9a3-6dcb783f94f5",
        "x-ms-error-code": "ContainerNotFound",
        "x-ms-request-id": "36f96eb5-001e-0054-5add-76e164000000",
        "x-ms-version": "2022-11-02"
      },
      "ResponseBody": [
        "\uFEFF\u003C?xml version=\u00221.0\u0022 encoding=\u0022utf-8\u0022?\u003E\u003CError\u003E\u003CCode\u003EContainerNotFound\u003C/Code\u003E\u003CMessage\u003EThe specified container does not exist.\n",
        "RequestId:36f96eb5-001e-0054-5add-76e164000000\n",
        "Time:2023-04-24T18:50:26.7506600Z\u003C/Message\u003E\u003C/Error\u003E"
      ]
    },
    {
      "RequestUri": "https://REDACTED/76613ece1bytechanneloptionscreate83887541cb7d542afc6?restype=container",
      "RequestMethod": "PUT",
      "RequestHeaders": {
        "Accept": "application/xml",
        "Authorization": "Sanitized",
        "Content-Length": "0",
        "Date": "Mon, 24 Apr 2023 18:50:28 GMT",
        "User-Agent": "azsdk-java-azure-storage-blob/12.23.0-beta.1 azsdk-java-azure-storage-blob-nio/12.0.0-beta.20 (17.0.5; Windows 11; 10.0)",
        "x-ms-client-request-id": "77b3fb86-3fd8-42cf-b4c1-d8b1eb684b89",
        "x-ms-version": "2022-11-02"
      },
      "RequestBody": null,
      "StatusCode": 201,
      "ResponseHeaders": {
        "Content-Length": "0",
        "Date": "Mon, 24 Apr 2023 18:50:26 GMT",
        "ETag": "\u00220x8DB44F4C4D10F78\u0022",
        "Last-Modified": "Mon, 24 Apr 2023 18:50:26 GMT",
        "Server": [
          "Windows-Azure-Blob/1.0",
          "Microsoft-HTTPAPI/2.0"
        ],
        "x-ms-client-request-id": "77b3fb86-3fd8-42cf-b4c1-d8b1eb684b89",
        "x-ms-request-id": "46ca3eee-c01e-0016-24dd-7658e4000000",
        "x-ms-version": "2022-11-02"
      },
      "ResponseBody": null
    },
    {
      "RequestUri": "https://REDACTED/76613ece2bytechanneloptionscreate83857756c3696ad35ef?restype=container",
      "RequestMethod": "GET",
      "RequestHeaders": {
        "Accept": "application/xml",
        "Authorization": "Sanitized",
        "Content-Length": "0",
        "Date": "Mon, 24 Apr 2023 18:50:28 GMT",
        "User-Agent": "azsdk-java-azure-storage-blob/12.23.0-beta.1 azsdk-java-azure-storage-blob-nio/12.0.0-beta.20 (17.0.5; Windows 11; 10.0)",
        "x-ms-client-request-id": "631ffe29-0454-477b-b087-09f4fb978767",
        "x-ms-version": "2022-11-02"
      },
      "RequestBody": null,
      "StatusCode": 404,
      "ResponseHeaders": {
        "Content-Length": "225",
        "Content-Type": "application/xml",
        "Date": "Mon, 24 Apr 2023 18:50:26 GMT",
        "Server": [
          "Windows-Azure-Blob/1.0",
          "Microsoft-HTTPAPI/2.0"
        ],
        "x-ms-client-request-id": "631ffe29-0454-477b-b087-09f4fb978767",
        "x-ms-error-code": "ContainerNotFound",
        "x-ms-request-id": "187bdbda-d01e-0057-41dd-760000000000",
        "x-ms-version": "2022-11-02"
      },
      "ResponseBody": [
        "\uFEFF\u003C?xml version=\u00221.0\u0022 encoding=\u0022utf-8\u0022?\u003E\u003CError\u003E\u003CCode\u003EContainerNotFound\u003C/Code\u003E\u003CMessage\u003EThe specified container does not exist.\n",
        "RequestId:187bdbda-d01e-0057-41dd-760000000000\n",
        "Time:2023-04-24T18:50:26.8052393Z\u003C/Message\u003E\u003C/Error\u003E"
      ]
    },
    {
      "RequestUri": "https://REDACTED/76613ece2bytechanneloptionscreate83857756c3696ad35ef?restype=container",
      "RequestMethod": "PUT",
      "RequestHeaders": {
        "Accept": "application/xml",
        "Authorization": "Sanitized",
        "Content-Length": "0",
        "Date": "Mon, 24 Apr 2023 18:50:28 GMT",
        "User-Agent": "azsdk-java-azure-storage-blob/12.23.0-beta.1 azsdk-java-azure-storage-blob-nio/12.0.0-beta.20 (17.0.5; Windows 11; 10.0)",
        "x-ms-client-request-id": "ccb2901e-5648-4565-a6f4-4271d13f9ebc",
        "x-ms-version": "2022-11-02"
      },
      "RequestBody": null,
      "StatusCode": 201,
      "ResponseHeaders": {
        "Content-Length": "0",
        "Date": "Mon, 24 Apr 2023 18:50:26 GMT",
        "ETag": "\u00220x8DB44F4C4DA12FC\u0022",
        "Last-Modified": "Mon, 24 Apr 2023 18:50:26 GMT",
        "Server": [
          "Windows-Azure-Blob/1.0",
          "Microsoft-HTTPAPI/2.0"
        ],
        "x-ms-client-request-id": "ccb2901e-5648-4565-a6f4-4271d13f9ebc",
        "x-ms-request-id": "187bdbee-d01e-0057-53dd-760000000000",
        "x-ms-version": "2022-11-02"
      },
      "ResponseBody": null
    },
    {
      "RequestUri": "https://REDACTED/76613ece1bytechanneloptionscreate83887541cb7d542afc6/76613ece3bytechanneloptionscreate838242080e8c6d4f952",
      "RequestMethod": "HEAD",
      "RequestHeaders": {
        "Accept": "application/xml",
        "Authorization": "Sanitized",
        "Content-Length": "0",
        "Date": "Mon, 24 Apr 2023 18:50:28 GMT",
        "User-Agent": "azsdk-java-azure-storage-blob/12.23.0-beta.1 azsdk-java-azure-storage-blob-nio/12.0.0-beta.20 (17.0.5; Windows 11; 10.0)",
        "x-ms-client-request-id": "e737fd7f-c75b-433e-a0d3-78f3e824b94b",
        "x-ms-version": "2022-11-02"
      },
      "RequestBody": null,
      "StatusCode": 404,
      "ResponseHeaders": {
        "Date": "Mon, 24 Apr 2023 18:50:25 GMT",
        "Server": [
          "Windows-Azure-Blob/1.0",
          "Microsoft-HTTPAPI/2.0"
        ],
        "Transfer-Encoding": "chunked",
        "x-ms-client-request-id": "e737fd7f-c75b-433e-a0d3-78f3e824b94b",
        "x-ms-error-code": "BlobNotFound",
        "x-ms-request-id": "b8584038-401e-0008-0add-76b43c000000",
        "x-ms-version": "2022-11-02"
      },
      "ResponseBody": null
    },
    {
      "RequestUri": "https://REDACTED/76613ece1bytechanneloptionscreate83887541cb7d542afc6?restype=container\u0026comp=list\u0026prefix=76613ece3bytechanneloptionscreate838242080e8c6d4f952/\u0026delimiter=/\u0026maxresults=2\u0026include=metadata",
      "RequestMethod": "GET",
      "RequestHeaders": {
        "Accept": "application/xml",
        "Authorization": "Sanitized",
        "Content-Length": "0",
        "Date": "Mon, 24 Apr 2023 18:50:28 GMT",
        "User-Agent": "azsdk-java-azure-storage-blob/12.23.0-beta.1 azsdk-java-azure-storage-blob-nio/12.0.0-beta.20 (17.0.5; Windows 11; 10.0)",
        "x-ms-client-request-id": "8e56c44d-59bf-4d2e-8a06-7fe46f40830c",
        "x-ms-version": "2022-11-02"
      },
      "RequestBody": null,
      "StatusCode": 200,
      "ResponseHeaders": {
        "Content-Type": "application/xml",
        "Date": "Mon, 24 Apr 2023 18:50:25 GMT",
        "Server": [
          "Windows-Azure-Blob/1.0",
          "Microsoft-HTTPAPI/2.0"
        ],
        "Transfer-Encoding": "chunked",
        "x-ms-client-request-id": "8e56c44d-59bf-4d2e-8a06-7fe46f40830c",
        "x-ms-request-id": "b8584044-401e-0008-15dd-76b43c000000",
        "x-ms-version": "2022-11-02"
      },
      "ResponseBody": "\uFEFF\u003C?xml version=\u00221.0\u0022 encoding=\u0022utf-8\u0022?\u003E\u003CEnumerationResults ServiceEndpoint=\u0022https://primtestproxy.blob.core.windows.net/\u0022 ContainerName=\u002276613ece1bytechanneloptionscreate83887541cb7d542afc6\u0022\u003E\u003CPrefix\u003E76613ece3bytechanneloptionscreate838242080e8c6d4f952/\u003C/Prefix\u003E\u003CMaxResults\u003E2\u003C/MaxResults\u003E\u003CDelimiter\u003E/\u003C/Delimiter\u003E\u003CBlobs /\u003E\u003CNextMarker /\u003E\u003C/EnumerationResults\u003E"
    },
    {
      "RequestUri": "https://REDACTED/76613ece1bytechanneloptionscreate83887541cb7d542afc6/76613ece3bytechanneloptionscreate838242080e8c6d4f952",
      "RequestMethod": "PUT",
      "RequestHeaders": {
        "Accept": "application/xml",
        "Authorization": "Sanitized",
        "Content-Length": "7",
        "Content-Type": "application/octet-stream",
        "Date": "Mon, 24 Apr 2023 18:50:28 GMT",
        "User-Agent": "azsdk-java-azure-storage-blob/12.23.0-beta.1 azsdk-java-azure-storage-blob-nio/12.0.0-beta.20 (17.0.5; Windows 11; 10.0)",
        "x-ms-blob-type": "BlockBlob",
        "x-ms-client-request-id": "e85a4c23-3598-4ee5-bf0d-e8cd52143b77",
        "x-ms-version": "2022-11-02"
      },
      "RequestBody": "ZGVmYXVsdA==",
      "StatusCode": 201,
      "ResponseHeaders": {
        "Content-Length": "0",
        "Content-MD5": "wh\u002BWm18D0z1D4E\u002BPE252gg==",
        "Date": "Mon, 24 Apr 2023 18:50:26 GMT",
        "ETag": "\u00220x8DB44F4C4EB9D64\u0022",
        "Last-Modified": "Mon, 24 Apr 2023 18:50:26 GMT",
        "Server": [
          "Windows-Azure-Blob/1.0",
          "Microsoft-HTTPAPI/2.0"
        ],
        "x-ms-client-request-id": "e85a4c23-3598-4ee5-bf0d-e8cd52143b77",
        "x-ms-content-crc64": "6RYQPwaVsyQ=",
        "x-ms-request-id": "50310b9d-801e-0028-29dd-76cf9b000000",
        "x-ms-request-server-encrypted": "true",
        "x-ms-version": "2022-11-02"
      },
      "ResponseBody": null
    },
    {
      "RequestUri": "https://REDACTED/76613ece1bytechanneloptionscreate83887541cb7d542afc6/76613ece3bytechanneloptionscreate838242080e8c6d4f952",
      "RequestMethod": "GET",
      "RequestHeaders": {
        "Accept": "application/xml",
        "Authorization": "Sanitized",
        "Content-Length": "0",
        "Date": "Mon, 24 Apr 2023 18:50:28 GMT",
        "User-Agent": "azsdk-java-azure-storage-blob/12.23.0-beta.1 (17.0.5; Windows 11; 10.0)",
        "x-ms-client-request-id": "ca21d735-a8a2-4aa6-932e-518713024928",
        "x-ms-range": "bytes=0-4194303",
        "x-ms-version": "2022-11-02"
      },
      "RequestBody": null,
      "StatusCode": 206,
      "ResponseHeaders": {
        "Accept-Ranges": "bytes",
        "Content-Length": "7",
        "Content-Range": "bytes 0-6/7",
        "Content-Type": "application/octet-stream",
        "Date": "Mon, 24 Apr 2023 18:50:26 GMT",
        "ETag": "\u00220x8DB44F4C4EB9D64\u0022",
        "Last-Modified": "Mon, 24 Apr 2023 18:50:26 GMT",
        "Server": [
          "Windows-Azure-Blob/1.0",
          "Microsoft-HTTPAPI/2.0"
        ],
        "x-ms-blob-content-md5": "wh\u002BWm18D0z1D4E\u002BPE252gg==",
        "x-ms-blob-type": "BlockBlob",
        "x-ms-client-request-id": "ca21d735-a8a2-4aa6-932e-518713024928",
        "x-ms-creation-time": "Mon, 24 Apr 2023 18:50:26 GMT",
        "x-ms-lease-state": "available",
        "x-ms-lease-status": "unlocked",
        "x-ms-request-id": "50310bc0-801e-0028-4cdd-76cf9b000000",
        "x-ms-server-encrypted": "true",
        "x-ms-version": "2022-11-02"
      },
      "ResponseBody": "ZGVmYXVsdA=="
    },
    {
      "RequestUri": "https://REDACTED/76613ece1bytechanneloptionscreate83887541cb7d542afc6/76613ece4bytechanneloptionscreate83851295e898789adc4",
      "RequestMethod": "HEAD",
      "RequestHeaders": {
        "Accept": "application/xml",
        "Authorization": "Sanitized",
        "Content-Length": "0",
        "Date": "Mon, 24 Apr 2023 18:50:28 GMT",
        "User-Agent": "azsdk-java-azure-storage-blob/12.23.0-beta.1 azsdk-java-azure-storage-blob-nio/12.0.0-beta.20 (17.0.5; Windows 11; 10.0)",
        "x-ms-client-request-id": "a68896af-e0ee-4286-934d-50469a59de45",
        "x-ms-version": "2022-11-02"
      },
      "RequestBody": null,
      "StatusCode": 404,
      "ResponseHeaders": {
        "Date": "Mon, 24 Apr 2023 18:50:26 GMT",
        "Server": [
          "Windows-Azure-Blob/1.0",
          "Microsoft-HTTPAPI/2.0"
        ],
        "Transfer-Encoding": "chunked",
        "x-ms-client-request-id": "a68896af-e0ee-4286-934d-50469a59de45",
        "x-ms-error-code": "BlobNotFound",
        "x-ms-request-id": "187bdc46-d01e-0057-1edd-760000000000",
        "x-ms-version": "2022-11-02"
      },
      "ResponseBody": null
    },
    {
      "RequestUri": "https://REDACTED/76613ece1bytechanneloptionscreate83887541cb7d542afc6?restype=container\u0026comp=list\u0026prefix=76613ece4bytechanneloptionscreate83851295e898789adc4/\u0026delimiter=/\u0026maxresults=2\u0026include=metadata",
      "RequestMethod": "GET",
      "RequestHeaders": {
        "Accept": "application/xml",
        "Authorization": "Sanitized",
        "Content-Length": "0",
        "Date": "Mon, 24 Apr 2023 18:50:28 GMT",
        "User-Agent": "azsdk-java-azure-storage-blob/12.23.0-beta.1 azsdk-java-azure-storage-blob-nio/12.0.0-beta.20 (17.0.5; Windows 11; 10.0)",
        "x-ms-client-request-id": "02fc747c-2944-44ab-8469-95d84af965bc",
        "x-ms-version": "2022-11-02"
      },
      "RequestBody": null,
      "StatusCode": 200,
      "ResponseHeaders": {
        "Content-Type": "application/xml",
        "Date": "Mon, 24 Apr 2023 18:50:26 GMT",
        "Server": [
          "Windows-Azure-Blob/1.0",
          "Microsoft-HTTPAPI/2.0"
        ],
        "Transfer-Encoding": "chunked",
        "x-ms-client-request-id": "02fc747c-2944-44ab-8469-95d84af965bc",
        "x-ms-request-id": "187bdc54-d01e-0057-2bdd-760000000000",
        "x-ms-version": "2022-11-02"
      },
      "ResponseBody": "\uFEFF\u003C?xml version=\u00221.0\u0022 encoding=\u0022utf-8\u0022?\u003E\u003CEnumerationResults ServiceEndpoint=\u0022https://primtestproxy.blob.core.windows.net/\u0022 ContainerName=\u002276613ece1bytechanneloptionscreate83887541cb7d542afc6\u0022\u003E\u003CPrefix\u003E76613ece4bytechanneloptionscreate83851295e898789adc4/\u003C/Prefix\u003E\u003CMaxResults\u003E2\u003C/MaxResults\u003E\u003CDelimiter\u003E/\u003C/Delimiter\u003E\u003CBlobs /\u003E\u003CNextMarker /\u003E\u003C/EnumerationResults\u003E"
    }
  ],
  "Variables": {
    "0": "76613ece0bytechanneloptionscreate838128538620726798f",
    "1": "76613ece1bytechanneloptionscreate83887541cb7d542afc6",
    "2": "76613ece2bytechanneloptionscreate83857756c3696ad35ef",
    "3": "76613ece3bytechanneloptionscreate838242080e8c6d4f952",
    "4": "76613ece4bytechanneloptionscreate83851295e898789adc4"
  }
}
