{
  "Entries": [
    {
      "RequestUri": "https://REDACTED/121b1ab31copynonemptydest18143089aa2d082703ae405?restype=container",
      "RequestMethod": "GET",
      "RequestHeaders": {
        "Accept": "application/xml",
        "Authorization": "Sanitized",
        "Content-Length": "0",
        "Date": "Mon, 24 Apr 2023 18:50:24 GMT",
        "User-Agent": "azsdk-java-azure-storage-blob/12.23.0-beta.1 azsdk-java-azure-storage-blob-nio/12.0.0-beta.20 (17.0.5; Windows 11; 10.0)",
        "x-ms-client-request-id": "1f370d02-6889-4db4-847a-a37e194cdf4d",
        "x-ms-version": "2022-11-02"
      },
      "RequestBody": null,
      "StatusCode": 404,
      "ResponseHeaders": {
        "Content-Length": "225",
        "Content-Type": "application/xml",
        "Date": "Mon, 24 Apr 2023 18:50:21 GMT",
        "Server": [
          "Windows-Azure-Blob/1.0",
          "Microsoft-HTTPAPI/2.0"
        ],
        "x-ms-client-request-id": "1f370d02-6889-4db4-847a-a37e194cdf4d",
        "x-ms-error-code": "ContainerNotFound",
        "x-ms-request-id": "9af65ece-d01e-0078-7bdd-760dcb000000",
        "x-ms-version": "2022-11-02"
      },
      "ResponseBody": [
        "\uFEFF\u003C?xml version=\u00221.0\u0022 encoding=\u0022utf-8\u0022?\u003E\u003CError\u003E\u003CCode\u003EContainerNotFound\u003C/Code\u003E\u003CMessage\u003EThe specified container does not exist.\n",
        "RequestId:9af65ece-d01e-0078-7bdd-760dcb000000\n",
        "Time:2023-04-24T18:50:22.5281980Z\u003C/Message\u003E\u003C/Error\u003E"
      ]
    },
    {
      "RequestUri": "https://REDACTED/121b1ab31copynonemptydest18143089aa2d082703ae405?restype=container",
      "RequestMethod": "PUT",
      "RequestHeaders": {
        "Accept": "application/xml",
        "Authorization": "Sanitized",
        "Content-Length": "0",
        "Date": "Mon, 24 Apr 2023 18:50:24 GMT",
        "User-Agent": "azsdk-java-azure-storage-blob/12.23.0-beta.1 azsdk-java-azure-storage-blob-nio/12.0.0-beta.20 (17.0.5; Windows 11; 10.0)",
        "x-ms-client-request-id": "b1892cf5-ed95-4d70-8563-8f7bd11237a7",
        "x-ms-version": "2022-11-02"
      },
      "RequestBody": null,
      "StatusCode": 201,
      "ResponseHeaders": {
        "Content-Length": "0",
        "Date": "Mon, 24 Apr 2023 18:50:21 GMT",
        "ETag": "\u00220x8DB44F4C24B9631\u0022",
        "Last-Modified": "Mon, 24 Apr 2023 18:50:22 GMT",
        "Server": [
          "Windows-Azure-Blob/1.0",
          "Microsoft-HTTPAPI/2.0"
        ],
        "x-ms-client-request-id": "b1892cf5-ed95-4d70-8563-8f7bd11237a7",
        "x-ms-request-id": "c6c1b85a-701e-005e-46dd-7645d3000000",
        "x-ms-version": "2022-11-02"
      },
      "ResponseBody": null
    },
    {
      "RequestUri": "https://REDACTED/121b1ab32copynonemptydest18109650ad058a30f84f40e?restype=container",
      "RequestMethod": "GET",
      "RequestHeaders": {
        "Accept": "application/xml",
        "Authorization": "Sanitized",
        "Content-Length": "0",
        "Date": "Mon, 24 Apr 2023 18:50:24 GMT",
        "User-Agent": "azsdk-java-azure-storage-blob/12.23.0-beta.1 azsdk-java-azure-storage-blob-nio/12.0.0-beta.20 (17.0.5; Windows 11; 10.0)",
        "x-ms-client-request-id": "62b51935-ba40-414c-a463-8bc8d82072f0",
        "x-ms-version": "2022-11-02"
      },
      "RequestBody": null,
      "StatusCode": 404,
      "ResponseHeaders": {
        "Content-Length": "225",
        "Content-Type": "application/xml",
        "Date": "Mon, 24 Apr 2023 18:50:21 GMT",
        "Server": [
          "Windows-Azure-Blob/1.0",
          "Microsoft-HTTPAPI/2.0"
        ],
        "x-ms-client-request-id": "62b51935-ba40-414c-a463-8bc8d82072f0",
        "x-ms-error-code": "ContainerNotFound",
        "x-ms-request-id": "c6c1b867-701e-005e-52dd-7645d3000000",
        "x-ms-version": "2022-11-02"
      },
      "ResponseBody": [
        "\uFEFF\u003C?xml version=\u00221.0\u0022 encoding=\u0022utf-8\u0022?\u003E\u003CError\u003E\u003CCode\u003EContainerNotFound\u003C/Code\u003E\u003CMessage\u003EThe specified container does not exist.\n",
        "RequestId:c6c1b867-701e-005e-52dd-7645d3000000\n",
        "Time:2023-04-24T18:50:22.5929452Z\u003C/Message\u003E\u003C/Error\u003E"
      ]
    },
    {
      "RequestUri": "https://REDACTED/121b1ab32copynonemptydest18109650ad058a30f84f40e?restype=container",
      "RequestMethod": "PUT",
      "RequestHeaders": {
        "Accept": "application/xml",
        "Authorization": "Sanitized",
        "Content-Length": "0",
        "Date": "Mon, 24 Apr 2023 18:50:24 GMT",
        "User-Agent": "azsdk-java-azure-storage-blob/12.23.0-beta.1 azsdk-java-azure-storage-blob-nio/12.0.0-beta.20 (17.0.5; Windows 11; 10.0)",
        "x-ms-client-request-id": "80e090c0-6617-4ecb-99fc-be7483928d94",
        "x-ms-version": "2022-11-02"
      },
      "RequestBody": null,
      "StatusCode": 201,
      "ResponseHeaders": {
        "Content-Length": "0",
        "Date": "Mon, 24 Apr 2023 18:50:21 GMT",
        "ETag": "\u00220x8DB44F4C256923B\u0022",
        "Last-Modified": "Mon, 24 Apr 2023 18:50:22 GMT",
        "Server": [
          "Windows-Azure-Blob/1.0",
          "Microsoft-HTTPAPI/2.0"
        ],
        "x-ms-client-request-id": "80e090c0-6617-4ecb-99fc-be7483928d94",
        "x-ms-request-id": "b4e57cec-e01e-0011-7cdd-763487000000",
        "x-ms-version": "2022-11-02"
      },
      "ResponseBody": null
    },
    {
      "RequestUri": "https://REDACTED/121b1ab32copynonemptydest18109650ad058a30f84f40e/121b1ab33copynonemptydest181119565bedf2ba19b34ba",
      "RequestMethod": "PUT",
      "RequestHeaders": {
        "Accept": "application/xml",
        "Authorization": "Sanitized",
        "Content-Length": "20",
        "Content-Type": "application/octet-stream",
        "Date": "Mon, 24 Apr 2023 18:50:24 GMT",
        "If-None-Match": "*",
        "User-Agent": "azsdk-java-azure-storage-blob/12.23.0-beta.1 azsdk-java-azure-storage-blob-nio/12.0.0-beta.20 (17.0.5; Windows 11; 10.0)",
        "x-ms-blob-type": "BlockBlob",
        "x-ms-client-request-id": "fd732513-8423-4a72-a82c-959020c7bb77",
        "x-ms-version": "2022-11-02"
      },
      "RequestBody": "jMbutBnuUI/c/bv0sEPs7LDkAMw=",
      "StatusCode": 201,
      "ResponseHeaders": {
        "Content-Length": "0",
        "Content-MD5": "IvMa1WBIPHBSnN\u002BO4SAq/w==",
        "Date": "Mon, 24 Apr 2023 18:50:21 GMT",
        "ETag": "\u00220x8DB44F4C25C029A\u0022",
        "Last-Modified": "Mon, 24 Apr 2023 18:50:22 GMT",
        "Server": [
          "Windows-Azure-Blob/1.0",
          "Microsoft-HTTPAPI/2.0"
        ],
        "x-ms-client-request-id": "fd732513-8423-4a72-a82c-959020c7bb77",
        "x-ms-content-crc64": "sTRx5AhR5QY=",
        "x-ms-request-id": "b4e57cf6-e01e-0011-05dd-763487000000",
        "x-ms-request-server-encrypted": "true",
        "x-ms-version": "2022-11-02"
      },
      "ResponseBody": null
    },
    {
      "RequestUri": "https://REDACTED/121b1ab32copynonemptydest18109650ad058a30f84f40e/121b1ab34copynonemptydest18108033fdf4b295a30f4d8?comp=blocklist",
      "RequestMethod": "PUT",
      "RequestHeaders": {
        "Accept": "application/xml",
        "Authorization": "Sanitized",
        "Content-Length": "50",
        "Content-Type": "application/xml",
        "Date": "Mon, 24 Apr 2023 18:50:24 GMT",
        "If-None-Match": "*",
        "User-Agent": "azsdk-java-azure-storage-blob/12.23.0-beta.1 azsdk-java-azure-storage-blob-nio/12.0.0-beta.20 (17.0.5; Windows 11; 10.0)",
        "x-ms-client-request-id": "e1a8a118-9f16-4fc9-a7ef-acb85a986ab1",
        "x-ms-meta-hdi_isfolder": "true",
        "x-ms-version": "2022-11-02"
      },
      "RequestBody": "\u003C?xml version=\u00271.0\u0027 encoding=\u0027UTF-8\u0027?\u003E\u003CBlockList/\u003E",
      "StatusCode": 201,
      "ResponseHeaders": {
        "Content-Length": "0",
        "Date": "Mon, 24 Apr 2023 18:50:22 GMT",
        "ETag": "\u00220x8DB44F4C262915F\u0022",
        "Last-Modified": "Mon, 24 Apr 2023 18:50:22 GMT",
        "Server": [
          "Windows-Azure-Blob/1.0",
          "Microsoft-HTTPAPI/2.0"
        ],
        "x-ms-client-request-id": "e1a8a118-9f16-4fc9-a7ef-acb85a986ab1",
        "x-ms-content-crc64": "p1vsGtjjPsk=",
        "x-ms-request-id": "187bd576-d01e-0057-75dd-760000000000",
        "x-ms-request-server-encrypted": "true",
        "x-ms-version": "2022-11-02"
      },
      "ResponseBody": null
    },
    {
      "RequestUri": "https://REDACTED/121b1ab32copynonemptydest18109650ad058a30f84f40e/121b1ab34copynonemptydest18108033fdf4b295a30f4d8%2F121b1ab35copynonemptydest18188170238b4bf3e63945e",
      "RequestMethod": "PUT",
      "RequestHeaders": {
        "Accept": "application/xml",
        "Authorization": "Sanitized",
        "Content-Length": "7",
        "Content-Type": "application/octet-stream",
        "Date": "Mon, 24 Apr 2023 18:50:24 GMT",
        "If-None-Match": "*",
        "User-Agent": "azsdk-java-azure-storage-blob/12.23.0-beta.1 azsdk-java-azure-storage-blob-nio/12.0.0-beta.20 (17.0.5; Windows 11; 10.0)",
        "x-ms-blob-type": "BlockBlob",
        "x-ms-client-request-id": "d8a4f13c-bdbc-4529-bd5a-491c0ba7cd5b",
        "x-ms-version": "2022-11-02"
      },
      "RequestBody": "ZGVmYXVsdA==",
      "StatusCode": 201,
      "ResponseHeaders": {
        "Content-Length": "0",
        "Content-MD5": "wh\u002BWm18D0z1D4E\u002BPE252gg==",
        "Date": "Mon, 24 Apr 2023 18:50:22 GMT",
        "ETag": "\u00220x8DB44F4C2692017\u0022",
        "Last-Modified": "Mon, 24 Apr 2023 18:50:22 GMT",
        "Server": [
          "Windows-Azure-Blob/1.0",
          "Microsoft-HTTPAPI/2.0"
        ],
        "x-ms-client-request-id": "d8a4f13c-bdbc-4529-bd5a-491c0ba7cd5b",
        "x-ms-content-crc64": "6RYQPwaVsyQ=",
        "x-ms-request-id": "187bd58b-d01e-0057-06dd-760000000000",
        "x-ms-request-server-encrypted": "true",
        "x-ms-version": "2022-11-02"
      },
      "ResponseBody": null
    },
    {
      "RequestUri": "https://REDACTED/121b1ab32copynonemptydest18109650ad058a30f84f40e/121b1ab34copynonemptydest18108033fdf4b295a30f4d8",
      "RequestMethod": "HEAD",
      "RequestHeaders": {
        "Accept": "application/xml",
        "Authorization": "Sanitized",
        "Content-Length": "0",
        "Date": "Mon, 24 Apr 2023 18:50:24 GMT",
        "User-Agent": "azsdk-java-azure-storage-blob/12.23.0-beta.1 azsdk-java-azure-storage-blob-nio/12.0.0-beta.20 (17.0.5; Windows 11; 10.0)",
        "x-ms-client-request-id": "fa5b3698-4eea-459d-a1fa-889a14c3a69e",
        "x-ms-version": "2022-11-02"
      },
      "RequestBody": null,
      "StatusCode": 200,
      "ResponseHeaders": {
        "Accept-Ranges": "bytes",
        "Content-Length": "0",
        "Content-Type": "application/octet-stream",
        "Date": "Mon, 24 Apr 2023 18:50:22 GMT",
        "ETag": "\u00220x8DB44F4C262915F\u0022",
        "Last-Modified": "Mon, 24 Apr 2023 18:50:22 GMT",
        "Server": [
          "Windows-Azure-Blob/1.0",
          "Microsoft-HTTPAPI/2.0"
        ],
        "x-ms-access-tier": "Hot",
        "x-ms-access-tier-inferred": "true",
        "x-ms-blob-type": "BlockBlob",
        "x-ms-client-request-id": "fa5b3698-4eea-459d-a1fa-889a14c3a69e",
        "x-ms-creation-time": "Mon, 24 Apr 2023 18:50:22 GMT",
        "x-ms-lease-state": "available",
        "x-ms-lease-status": "unlocked",
        "x-ms-meta-hdi_isfolder": "true",
        "x-ms-request-id": "187bd60c-d01e-0057-7fdd-760000000000",
        "x-ms-server-encrypted": "true",
        "x-ms-version": "2022-11-02"
      },
      "ResponseBody": null
    },
    {
      "RequestUri": "https://REDACTED/121b1ab32copynonemptydest18109650ad058a30f84f40e?restype=container\u0026comp=list\u0026prefix=121b1ab34copynonemptydest18108033fdf4b295a30f4d8/\u0026delimiter=/\u0026maxresults=2\u0026include=metadata",
      "RequestMethod": "GET",
      "RequestHeaders": {
        "Accept": "application/xml",
        "Authorization": "Sanitized",
        "Content-Length": "0",
        "Date": "Mon, 24 Apr 2023 18:50:24 GMT",
        "User-Agent": "azsdk-java-azure-storage-blob/12.23.0-beta.1 azsdk-java-azure-storage-blob-nio/12.0.0-beta.20 (17.0.5; Windows 11; 10.0)",
        "x-ms-client-request-id": "5f1a15a7-ed5b-4a46-a572-5a3f2baab45e",
        "x-ms-version": "2022-11-02"
      },
      "RequestBody": null,
      "StatusCode": 200,
      "ResponseHeaders": {
        "Content-Type": "application/xml",
        "Date": "Mon, 24 Apr 2023 18:50:22 GMT",
        "Server": [
          "Windows-Azure-Blob/1.0",
          "Microsoft-HTTPAPI/2.0"
        ],
        "Transfer-Encoding": "chunked",
        "x-ms-client-request-id": "5f1a15a7-ed5b-4a46-a572-5a3f2baab45e",
        "x-ms-request-id": "b4e57db4-e01e-0011-3add-763487000000",
        "x-ms-version": "2022-11-02"
      },
      "ResponseBody": "\uFEFF\u003C?xml version=\u00221.0\u0022 encoding=\u0022utf-8\u0022?\u003E\u003CEnumerationResults ServiceEndpoint=\u0022https://primtestproxy.blob.core.windows.net/\u0022 ContainerName=\u0022121b1ab32copynonemptydest18109650ad058a30f84f40e\u0022\u003E\u003CPrefix\u003E121b1ab34copynonemptydest18108033fdf4b295a30f4d8/\u003C/Prefix\u003E\u003CMaxResults\u003E2\u003C/MaxResults\u003E\u003CDelimiter\u003E/\u003C/Delimiter\u003E\u003CBlobs\u003E\u003CBlob\u003E\u003CName\u003E121b1ab34copynonemptydest18108033fdf4b295a30f4d8/121b1ab35copynonemptydest18188170238b4bf3e63945e\u003C/Name\u003E\u003CProperties\u003E\u003CCreation-Time\u003EMon, 24 Apr 2023 18:50:22 GMT\u003C/Creation-Time\u003E\u003CLast-Modified\u003EMon, 24 Apr 2023 18:50:22 GMT\u003C/Last-Modified\u003E\u003CEtag\u003E0x8DB44F4C2692017\u003C/Etag\u003E\u003CContent-Length\u003E7\u003C/Content-Length\u003E\u003CContent-Type\u003Eapplication/octet-stream\u003C/Content-Type\u003E\u003CContent-Encoding /\u003E\u003CContent-Language /\u003E\u003CContent-CRC64 /\u003E\u003CContent-MD5\u003Ewh\u002BWm18D0z1D4E\u002BPE252gg==\u003C/Content-MD5\u003E\u003CCache-Control /\u003E\u003CContent-Disposition /\u003E\u003CBlobType\u003EBlockBlob\u003C/BlobType\u003E\u003CAccessTier\u003EHot\u003C/AccessTier\u003E\u003CAccessTierInferred\u003Etrue\u003C/AccessTierInferred\u003E\u003CLeaseStatus\u003Eunlocked\u003C/LeaseStatus\u003E\u003CLeaseState\u003Eavailable\u003C/LeaseState\u003E\u003CServerEncrypted\u003Etrue\u003C/ServerEncrypted\u003E\u003C/Properties\u003E\u003CMetadata /\u003E\u003COrMetadata /\u003E\u003C/Blob\u003E\u003C/Blobs\u003E\u003CNextMarker /\u003E\u003C/EnumerationResults\u003E"
    },
    {
      "RequestUri": "https://REDACTED/121b1ab32copynonemptydest18109650ad058a30f84f40e/121b1ab34copynonemptydest18108033fdf4b295a30f4d8",
      "RequestMethod": "HEAD",
      "RequestHeaders": {
        "Accept": "application/xml",
        "Authorization": "Sanitized",
        "Content-Length": "0",
        "Date": "Mon, 24 Apr 2023 18:50:24 GMT",
        "User-Agent": "azsdk-java-azure-storage-blob/12.23.0-beta.1 azsdk-java-azure-storage-blob-nio/12.0.0-beta.20 (17.0.5; Windows 11; 10.0)",
        "x-ms-client-request-id": "7f5fc707-8c03-42a2-a5e0-444bcabd437b",
        "x-ms-version": "2022-11-02"
      },
      "RequestBody": null,
      "StatusCode": 200,
      "ResponseHeaders": {
        "Accept-Ranges": "bytes",
        "Content-Length": "0",
        "Content-Type": "application/octet-stream",
        "Date": "Mon, 24 Apr 2023 18:50:22 GMT",
        "ETag": "\u00220x8DB44F4C262915F\u0022",
        "Last-Modified": "Mon, 24 Apr 2023 18:50:22 GMT",
        "Server": [
          "Windows-Azure-Blob/1.0",
          "Microsoft-HTTPAPI/2.0"
        ],
        "x-ms-access-tier": "Hot",
        "x-ms-access-tier-inferred": "true",
        "x-ms-blob-type": "BlockBlob",
        "x-ms-client-request-id": "7f5fc707-8c03-42a2-a5e0-444bcabd437b",
        "x-ms-creation-time": "Mon, 24 Apr 2023 18:50:22 GMT",
        "x-ms-lease-state": "available",
        "x-ms-lease-status": "unlocked",
        "x-ms-meta-hdi_isfolder": "true",
        "x-ms-request-id": "e6881b82-f01e-001d-76dd-76a38f000000",
        "x-ms-server-encrypted": "true",
        "x-ms-version": "2022-11-02"
      },
      "ResponseBody": null
    },
    {
      "RequestUri": "https://REDACTED/121b1ab32copynonemptydest18109650ad058a30f84f40e?restype=container\u0026comp=list\u0026prefix=121b1ab34copynonemptydest18108033fdf4b295a30f4d8/\u0026delimiter=/\u0026maxresults=2\u0026include=metadata",
      "RequestMethod": "GET",
      "RequestHeaders": {
        "Accept": "application/xml",
        "Authorization": "Sanitized",
        "Content-Length": "0",
        "Date": "Mon, 24 Apr 2023 18:50:24 GMT",
        "User-Agent": "azsdk-java-azure-storage-blob/12.23.0-beta.1 azsdk-java-azure-storage-blob-nio/12.0.0-beta.20 (17.0.5; Windows 11; 10.0)",
        "x-ms-client-request-id": "28280dff-78c2-4735-ba74-b0f6b11d92ec",
        "x-ms-version": "2022-11-02"
      },
      "RequestBody": null,
      "StatusCode": 200,
      "ResponseHeaders": {
        "Content-Type": "application/xml",
        "Date": "Mon, 24 Apr 2023 18:50:22 GMT",
        "Server": [
          "Windows-Azure-Blob/1.0",
          "Microsoft-HTTPAPI/2.0"
        ],
        "Transfer-Encoding": "chunked",
        "x-ms-client-request-id": "28280dff-78c2-4735-ba74-b0f6b11d92ec",
        "x-ms-request-id": "e6881b95-f01e-001d-08dd-76a38f000000",
        "x-ms-version": "2022-11-02"
      },
      "ResponseBody": "\uFEFF\u003C?xml version=\u00221.0\u0022 encoding=\u0022utf-8\u0022?\u003E\u003CEnumerationResults ServiceEndpoint=\u0022https://primtestproxy.blob.core.windows.net/\u0022 ContainerName=\u0022121b1ab32copynonemptydest18109650ad058a30f84f40e\u0022\u003E\u003CPrefix\u003E121b1ab34copynonemptydest18108033fdf4b295a30f4d8/\u003C/Prefix\u003E\u003CMaxResults\u003E2\u003C/MaxResults\u003E\u003CDelimiter\u003E/\u003C/Delimiter\u003E\u003CBlobs\u003E\u003CBlob\u003E\u003CName\u003E121b1ab34copynonemptydest18108033fdf4b295a30f4d8/121b1ab35copynonemptydest18188170238b4bf3e63945e\u003C/Name\u003E\u003CProperties\u003E\u003CCreation-Time\u003EMon, 24 Apr 2023 18:50:22 GMT\u003C/Creation-Time\u003E\u003CLast-Modified\u003EMon, 24 Apr 2023 18:50:22 GMT\u003C/Last-Modified\u003E\u003CEtag\u003E0x8DB44F4C2692017\u003C/Etag\u003E\u003CContent-Length\u003E7\u003C/Content-Length\u003E\u003CContent-Type\u003Eapplication/octet-stream\u003C/Content-Type\u003E\u003CContent-Encoding /\u003E\u003CContent-Language /\u003E\u003CContent-CRC64 /\u003E\u003CContent-MD5\u003Ewh\u002BWm18D0z1D4E\u002BPE252gg==\u003C/Content-MD5\u003E\u003CCache-Control /\u003E\u003CContent-Disposition /\u003E\u003CBlobType\u003EBlockBlob\u003C/BlobType\u003E\u003CAccessTier\u003EHot\u003C/AccessTier\u003E\u003CAccessTierInferred\u003Etrue\u003C/AccessTierInferred\u003E\u003CLeaseStatus\u003Eunlocked\u003C/LeaseStatus\u003E\u003CLeaseState\u003Eavailable\u003C/LeaseState\u003E\u003CServerEncrypted\u003Etrue\u003C/ServerEncrypted\u003E\u003C/Properties\u003E\u003CMetadata /\u003E\u003COrMetadata /\u003E\u003C/Blob\u003E\u003C/Blobs\u003E\u003CNextMarker /\u003E\u003C/EnumerationResults\u003E"
    }
  ],
  "Variables": {
    "0": "121b1ab30copynonemptydest18192403f6e22ee5981842d",
    "1": "121b1ab31copynonemptydest18143089aa2d082703ae405",
    "2": "121b1ab32copynonemptydest18109650ad058a30f84f40e",
    "3": "121b1ab33copynonemptydest181119565bedf2ba19b34ba",
    "4": "121b1ab34copynonemptydest18108033fdf4b295a30f4d8",
    "5": "b91ecf27-2f2d-4f20-8283-2185b086fd5e",
    "6": "121b1ab35copynonemptydest18188170238b4bf3e63945e"
  }
}
