{
  "Entries": [
    {
      "RequestUri": "https://REDACTED/0b9008dd1bytechannelfileattrnullempty983711914367e187d?restype=container",
      "RequestMethod": "GET",
      "RequestHeaders": {
        "Accept": "application/xml",
        "Authorization": "Sanitized",
        "Content-Length": "0",
        "Date": "Mon, 24 Apr 2023 18:50:25 GMT",
        "User-Agent": "azsdk-java-azure-storage-blob/12.23.0-beta.1 azsdk-java-azure-storage-blob-nio/12.0.0-beta.20 (17.0.5; Windows 11; 10.0)",
        "x-ms-client-request-id": "ca43dd10-eab5-4de3-ad62-5f3c3405439e",
        "x-ms-version": "2022-11-02"
      },
      "RequestBody": null,
      "StatusCode": 404,
      "ResponseHeaders": {
        "Content-Length": "225",
        "Content-Type": "application/xml",
        "Date": "Mon, 24 Apr 2023 18:50:24 GMT",
        "Server": [
          "Windows-Azure-Blob/1.0",
          "Microsoft-HTTPAPI/2.0"
        ],
        "x-ms-client-request-id": "ca43dd10-eab5-4de3-ad62-5f3c3405439e",
        "x-ms-error-code": "ContainerNotFound",
        "x-ms-request-id": "961a490f-e01e-005c-78dd-76fb6b000000",
        "x-ms-version": "2022-11-02"
      },
      "ResponseBody": [
        "\uFEFF\u003C?xml version=\u00221.0\u0022 encoding=\u0022utf-8\u0022?\u003E\u003CError\u003E\u003CCode\u003EContainerNotFound\u003C/Code\u003E\u003CMessage\u003EThe specified container does not exist.\n",
        "RequestId:961a490f-e01e-005c-78dd-76fb6b000000\n",
        "Time:2023-04-24T18:50:24.3189258Z\u003C/Message\u003E\u003C/Error\u003E"
      ]
    },
    {
      "RequestUri": "https://REDACTED/0b9008dd1bytechannelfileattrnullempty983711914367e187d?restype=container",
      "RequestMethod": "PUT",
      "RequestHeaders": {
        "Accept": "application/xml",
        "Authorization": "Sanitized",
        "Content-Length": "0",
        "Date": "Mon, 24 Apr 2023 18:50:25 GMT",
        "User-Agent": "azsdk-java-azure-storage-blob/12.23.0-beta.1 azsdk-java-azure-storage-blob-nio/12.0.0-beta.20 (17.0.5; Windows 11; 10.0)",
        "x-ms-client-request-id": "6cc5be52-7aa3-4c94-b90e-f8799abb623d",
        "x-ms-version": "2022-11-02"
      },
      "RequestBody": null,
      "StatusCode": 201,
      "ResponseHeaders": {
        "Content-Length": "0",
        "Date": "Mon, 24 Apr 2023 18:50:23 GMT",
        "ETag": "\u00220x8DB44F4C360BB99\u0022",
        "Last-Modified": "Mon, 24 Apr 2023 18:50:24 GMT",
        "Server": [
          "Windows-Azure-Blob/1.0",
          "Microsoft-HTTPAPI/2.0"
        ],
        "x-ms-client-request-id": "6cc5be52-7aa3-4c94-b90e-f8799abb623d",
        "x-ms-request-id": "4e1802dc-501e-0082-28dd-76ef8d000000",
        "x-ms-version": "2022-11-02"
      },
      "ResponseBody": null
    },
    {
      "RequestUri": "https://REDACTED/0b9008dd2bytechannelfileattrnullempty98344581e3748ff7a?restype=container",
      "RequestMethod": "GET",
      "RequestHeaders": {
        "Accept": "application/xml",
        "Authorization": "Sanitized",
        "Content-Length": "0",
        "Date": "Mon, 24 Apr 2023 18:50:26 GMT",
        "User-Agent": "azsdk-java-azure-storage-blob/12.23.0-beta.1 azsdk-java-azure-storage-blob-nio/12.0.0-beta.20 (17.0.5; Windows 11; 10.0)",
        "x-ms-client-request-id": "83e60d2f-2161-4668-8fde-f564d1a91182",
        "x-ms-version": "2022-11-02"
      },
      "RequestBody": null,
      "StatusCode": 404,
      "ResponseHeaders": {
        "Content-Length": "225",
        "Content-Type": "application/xml",
        "Date": "Mon, 24 Apr 2023 18:50:24 GMT",
        "Server": [
          "Windows-Azure-Blob/1.0",
          "Microsoft-HTTPAPI/2.0"
        ],
        "x-ms-client-request-id": "83e60d2f-2161-4668-8fde-f564d1a91182",
        "x-ms-error-code": "ContainerNotFound",
        "x-ms-request-id": "492f71b5-f01e-006f-69dd-76a4c0000000",
        "x-ms-version": "2022-11-02"
      },
      "ResponseBody": [
        "\uFEFF\u003C?xml version=\u00221.0\u0022 encoding=\u0022utf-8\u0022?\u003E\u003CError\u003E\u003CCode\u003EContainerNotFound\u003C/Code\u003E\u003CMessage\u003EThe specified container does not exist.\n",
        "RequestId:492f71b5-f01e-006f-69dd-76a4c0000000\n",
        "Time:2023-04-24T18:50:24.6964492Z\u003C/Message\u003E\u003C/Error\u003E"
      ]
    },
    {
      "RequestUri": "https://REDACTED/0b9008dd2bytechannelfileattrnullempty98344581e3748ff7a?restype=container",
      "RequestMethod": "PUT",
      "RequestHeaders": {
        "Accept": "application/xml",
        "Authorization": "Sanitized",
        "Content-Length": "0",
        "Date": "Mon, 24 Apr 2023 18:50:26 GMT",
        "User-Agent": "azsdk-java-azure-storage-blob/12.23.0-beta.1 azsdk-java-azure-storage-blob-nio/12.0.0-beta.20 (17.0.5; Windows 11; 10.0)",
        "x-ms-client-request-id": "acde391e-b83f-4826-a3ad-1469cac112ad",
        "x-ms-version": "2022-11-02"
      },
      "RequestBody": null,
      "StatusCode": 201,
      "ResponseHeaders": {
        "Content-Length": "0",
        "Date": "Mon, 24 Apr 2023 18:50:24 GMT",
        "ETag": "\u00220x8DB44F4C3A004A0\u0022",
        "Last-Modified": "Mon, 24 Apr 2023 18:50:24 GMT",
        "Server": [
          "Windows-Azure-Blob/1.0",
          "Microsoft-HTTPAPI/2.0"
        ],
        "x-ms-client-request-id": "acde391e-b83f-4826-a3ad-1469cac112ad",
        "x-ms-request-id": "4e1803d1-501e-0082-77dd-76ef8d000000",
        "x-ms-version": "2022-11-02"
      },
      "ResponseBody": null
    },
    {
      "RequestUri": "https://REDACTED/0b9008dd1bytechannelfileattrnullempty983711914367e187d/0b9008dd3bytechannelfileattrnullempty98344672863a4cae7",
      "RequestMethod": "HEAD",
      "RequestHeaders": {
        "Accept": "application/xml",
        "Authorization": "Sanitized",
        "Content-Length": "0",
        "Date": "Mon, 24 Apr 2023 18:50:26 GMT",
        "User-Agent": "azsdk-java-azure-storage-blob/12.23.0-beta.1 azsdk-java-azure-storage-blob-nio/12.0.0-beta.20 (17.0.5; Windows 11; 10.0)",
        "x-ms-client-request-id": "db88c19a-b4a8-4c48-8121-3212fa7c2294",
        "x-ms-version": "2022-11-02"
      },
      "RequestBody": null,
      "StatusCode": 404,
      "ResponseHeaders": {
        "Date": "Mon, 24 Apr 2023 18:50:24 GMT",
        "Server": [
          "Windows-Azure-Blob/1.0",
          "Microsoft-HTTPAPI/2.0"
        ],
        "Transfer-Encoding": "chunked",
        "x-ms-client-request-id": "db88c19a-b4a8-4c48-8121-3212fa7c2294",
        "x-ms-error-code": "BlobNotFound",
        "x-ms-request-id": "c02eb616-001e-0036-1cdd-762343000000",
        "x-ms-version": "2022-11-02"
      },
      "ResponseBody": null
    },
    {
      "RequestUri": "https://REDACTED/0b9008dd1bytechannelfileattrnullempty983711914367e187d?restype=container\u0026comp=list\u0026prefix=0b9008dd3bytechannelfileattrnullempty98344672863a4cae7/\u0026delimiter=/\u0026maxresults=2\u0026include=metadata",
      "RequestMethod": "GET",
      "RequestHeaders": {
        "Accept": "application/xml",
        "Authorization": "Sanitized",
        "Content-Length": "0",
        "Date": "Mon, 24 Apr 2023 18:50:26 GMT",
        "User-Agent": "azsdk-java-azure-storage-blob/12.23.0-beta.1 azsdk-java-azure-storage-blob-nio/12.0.0-beta.20 (17.0.5; Windows 11; 10.0)",
        "x-ms-client-request-id": "9639bf34-0387-4f58-9617-e81ed817aaa5",
        "x-ms-version": "2022-11-02"
      },
      "RequestBody": null,
      "StatusCode": 200,
      "ResponseHeaders": {
        "Content-Type": "application/xml",
        "Date": "Mon, 24 Apr 2023 18:50:24 GMT",
        "Server": [
          "Windows-Azure-Blob/1.0",
          "Microsoft-HTTPAPI/2.0"
        ],
        "Transfer-Encoding": "chunked",
        "x-ms-client-request-id": "9639bf34-0387-4f58-9617-e81ed817aaa5",
        "x-ms-request-id": "9af664ba-d01e-0078-49dd-760dcb000000",
        "x-ms-version": "2022-11-02"
      },
      "ResponseBody": "\uFEFF\u003C?xml version=\u00221.0\u0022 encoding=\u0022utf-8\u0022?\u003E\u003CEnumerationResults ServiceEndpoint=\u0022https://primtestproxy.blob.core.windows.net/\u0022 ContainerName=\u00220b9008dd1bytechannelfileattrnullempty983711914367e187d\u0022\u003E\u003CPrefix\u003E0b9008dd3bytechannelfileattrnullempty98344672863a4cae7/\u003C/Prefix\u003E\u003CMaxResults\u003E2\u003C/MaxResults\u003E\u003CDelimiter\u003E/\u003C/Delimiter\u003E\u003CBlobs /\u003E\u003CNextMarker /\u003E\u003C/EnumerationResults\u003E"
    },
    {
      "RequestUri": "https://REDACTED/0b9008dd1bytechannelfileattrnullempty983711914367e187d/0b9008dd3bytechannelfileattrnullempty98344672863a4cae7",
      "RequestMethod": "PUT",
      "RequestHeaders": {
        "Accept": "application/xml",
        "Authorization": "Sanitized",
        "Content-Length": "7",
        "Content-Type": "application/octet-stream",
        "Date": "Mon, 24 Apr 2023 18:50:26 GMT",
        "If-None-Match": "*",
        "User-Agent": "azsdk-java-azure-storage-blob/12.23.0-beta.1 azsdk-java-azure-storage-blob-nio/12.0.0-beta.20 (17.0.5; Windows 11; 10.0)",
        "x-ms-blob-type": "BlockBlob",
        "x-ms-client-request-id": "738a1f50-8ca1-486d-8d1f-c9cfa9c897a3",
        "x-ms-version": "2022-11-02"
      },
      "RequestBody": "ZGVmYXVsdA==",
      "StatusCode": 201,
      "ResponseHeaders": {
        "Content-Length": "0",
        "Content-MD5": "wh\u002BWm18D0z1D4E\u002BPE252gg==",
        "Date": "Mon, 24 Apr 2023 18:50:24 GMT",
        "ETag": "\u00220x8DB44F4C3B21244\u0022",
        "Last-Modified": "Mon, 24 Apr 2023 18:50:24 GMT",
        "Server": [
          "Windows-Azure-Blob/1.0",
          "Microsoft-HTTPAPI/2.0"
        ],
        "x-ms-client-request-id": "738a1f50-8ca1-486d-8d1f-c9cfa9c897a3",
        "x-ms-content-crc64": "6RYQPwaVsyQ=",
        "x-ms-request-id": "e6881f2c-f01e-001d-6cdd-76a38f000000",
        "x-ms-request-server-encrypted": "true",
        "x-ms-version": "2022-11-02"
      },
      "ResponseBody": null
    }
  ],
  "Variables": {
    "0": "0b9008dd0bytechannelfileattrnullempty983249592a4f167a2",
    "1": "0b9008dd1bytechannelfileattrnullempty983711914367e187d",
    "2": "0b9008dd2bytechannelfileattrnullempty98344581e3748ff7a",
    "3": "0b9008dd3bytechannelfileattrnullempty98344672863a4cae7"
  }
}
