{
  "Entries": [
    {
      "RequestUri": "https://REDACTED/84f62f360markreadlimit36e9061545bd35f71b7448fd?restype=container",
      "RequestMethod": "PUT",
      "RequestHeaders": {
        "Accept": "application/xml",
        "Authorization": "Sanitized",
        "Content-Length": "0",
        "Date": "Mon, 24 Apr 2023 18:50:25 GMT",
        "User-Agent": "azsdk-java-azure-storage-blob/12.23.0-beta.1 (17.0.5; Windows 11; 10.0)",
        "x-ms-client-request-id": "451d64b1-c294-4a62-b8bf-41a23949b6c1",
        "x-ms-version": "2022-11-02"
      },
      "RequestBody": null,
      "StatusCode": 201,
      "ResponseHeaders": {
        "Content-Length": "0",
        "Date": "Mon, 24 Apr 2023 18:50:23 GMT",
        "ETag": "\u00220x8DB44F4C34453A8\u0022",
        "Last-Modified": "Mon, 24 Apr 2023 18:50:24 GMT",
        "Server": [
          "Windows-Azure-Blob/1.0",
          "Microsoft-HTTPAPI/2.0"
        ],
        "x-ms-client-request-id": "451d64b1-c294-4a62-b8bf-41a23949b6c1",
        "x-ms-request-id": "36f9699c-001e-0054-15dd-76e164000000",
        "x-ms-version": "2022-11-02"
      },
      "ResponseBody": null
    },
    {
      "RequestUri": "https://REDACTED/84f62f360markreadlimit36e9061545bd35f71b7448fd/84f62f361markreadlimit36e73356f4a04c2697674ab5",
      "RequestMethod": "PUT",
      "RequestHeaders": {
        "Accept": "application/xml",
        "Authorization": "Sanitized",
        "Content-Length": "7",
        "Content-Type": "application/octet-stream",
        "Date": "Mon, 24 Apr 2023 18:50:25 GMT",
        "If-None-Match": "*",
        "User-Agent": "azsdk-java-azure-storage-blob/12.23.0-beta.1 (17.0.5; Windows 11; 10.0)",
        "x-ms-blob-type": "BlockBlob",
        "x-ms-client-request-id": "9b05f49a-7639-4b8e-aa74-5e34605571e9",
        "x-ms-version": "2022-11-02"
      },
      "RequestBody": "ZGVmYXVsdA==",
      "StatusCode": 201,
      "ResponseHeaders": {
        "Content-Length": "0",
        "Content-MD5": "wh\u002BWm18D0z1D4E\u002BPE252gg==",
        "Date": "Mon, 24 Apr 2023 18:50:23 GMT",
        "ETag": "\u00220x8DB44F4C34AFAEF\u0022",
        "Last-Modified": "Mon, 24 Apr 2023 18:50:24 GMT",
        "Server": [
          "Windows-Azure-Blob/1.0",
          "Microsoft-HTTPAPI/2.0"
        ],
        "x-ms-client-request-id": "9b05f49a-7639-4b8e-aa74-5e34605571e9",
        "x-ms-content-crc64": "6RYQPwaVsyQ=",
        "x-ms-request-id": "36f969b0-001e-0054-27dd-76e164000000",
        "x-ms-request-server-encrypted": "true",
        "x-ms-version": "2022-11-02"
      },
      "ResponseBody": null
    },
    {
      "RequestUri": "https://REDACTED/84f62f362markreadlimit36e21051dc84cee80fb045e8?restype=container",
      "RequestMethod": "GET",
      "RequestHeaders": {
        "Accept": "application/xml",
        "Authorization": "Sanitized",
        "Content-Length": "0",
        "Date": "Mon, 24 Apr 2023 18:50:25 GMT",
        "User-Agent": "azsdk-java-azure-storage-blob/12.23.0-beta.1 azsdk-java-azure-storage-blob-nio/12.0.0-beta.20 (17.0.5; Windows 11; 10.0)",
        "x-ms-client-request-id": "73b9c543-a31d-4934-a743-6db02a1416e3",
        "x-ms-version": "2022-11-02"
      },
      "RequestBody": null,
      "StatusCode": 404,
      "ResponseHeaders": {
        "Content-Length": "225",
        "Content-Type": "application/xml",
        "Date": "Mon, 24 Apr 2023 18:50:23 GMT",
        "Server": [
          "Windows-Azure-Blob/1.0",
          "Microsoft-HTTPAPI/2.0"
        ],
        "x-ms-client-request-id": "73b9c543-a31d-4934-a743-6db02a1416e3",
        "x-ms-error-code": "ContainerNotFound",
        "x-ms-request-id": "36f969d7-001e-0054-4bdd-76e164000000",
        "x-ms-version": "2022-11-02"
      },
      "ResponseBody": [
        "\uFEFF\u003C?xml version=\u00221.0\u0022 encoding=\u0022utf-8\u0022?\u003E\u003CError\u003E\u003CCode\u003EContainerNotFound\u003C/Code\u003E\u003CMessage\u003EThe specified container does not exist.\n",
        "RequestId:36f969d7-001e-0054-4bdd-76e164000000\n",
        "Time:2023-04-24T18:50:24.2960477Z\u003C/Message\u003E\u003C/Error\u003E"
      ]
    },
    {
      "RequestUri": "https://REDACTED/84f62f362markreadlimit36e21051dc84cee80fb045e8?restype=container",
      "RequestMethod": "PUT",
      "RequestHeaders": {
        "Accept": "application/xml",
        "Authorization": "Sanitized",
        "Content-Length": "0",
        "Date": "Mon, 24 Apr 2023 18:50:25 GMT",
        "User-Agent": "azsdk-java-azure-storage-blob/12.23.0-beta.1 azsdk-java-azure-storage-blob-nio/12.0.0-beta.20 (17.0.5; Windows 11; 10.0)",
        "x-ms-client-request-id": "9f7a659c-837f-404c-8f3c-595135d0bab8",
        "x-ms-version": "2022-11-02"
      },
      "RequestBody": null,
      "StatusCode": 201,
      "ResponseHeaders": {
        "Content-Length": "0",
        "Date": "Mon, 24 Apr 2023 18:50:23 GMT",
        "ETag": "\u00220x8DB44F4C35B0E7B\u0022",
        "Last-Modified": "Mon, 24 Apr 2023 18:50:24 GMT",
        "Server": [
          "Windows-Azure-Blob/1.0",
          "Microsoft-HTTPAPI/2.0"
        ],
        "x-ms-client-request-id": "9f7a659c-837f-404c-8f3c-595135d0bab8",
        "x-ms-request-id": "c02eb45c-001e-0036-7bdd-762343000000",
        "x-ms-version": "2022-11-02"
      },
      "ResponseBody": null
    },
    {
      "RequestUri": "https://REDACTED/84f62f363markreadlimit36e3232238c23e89ea7f4b6e?restype=container",
      "RequestMethod": "GET",
      "RequestHeaders": {
        "Accept": "application/xml",
        "Authorization": "Sanitized",
        "Content-Length": "0",
        "Date": "Mon, 24 Apr 2023 18:50:25 GMT",
        "User-Agent": "azsdk-java-azure-storage-blob/12.23.0-beta.1 azsdk-java-azure-storage-blob-nio/12.0.0-beta.20 (17.0.5; Windows 11; 10.0)",
        "x-ms-client-request-id": "289bae38-b1fa-46ee-adde-fb7be963dc13",
        "x-ms-version": "2022-11-02"
      },
      "RequestBody": null,
      "StatusCode": 404,
      "ResponseHeaders": {
        "Content-Length": "225",
        "Content-Type": "application/xml",
        "Date": "Mon, 24 Apr 2023 18:50:23 GMT",
        "Server": [
          "Windows-Azure-Blob/1.0",
          "Microsoft-HTTPAPI/2.0"
        ],
        "x-ms-client-request-id": "289bae38-b1fa-46ee-adde-fb7be963dc13",
        "x-ms-error-code": "ContainerNotFound",
        "x-ms-request-id": "492f7131-f01e-006f-69dd-76a4c0000000",
        "x-ms-version": "2022-11-02"
      },
      "ResponseBody": [
        "\uFEFF\u003C?xml version=\u00221.0\u0022 encoding=\u0022utf-8\u0022?\u003E\u003CError\u003E\u003CCode\u003EContainerNotFound\u003C/Code\u003E\u003CMessage\u003EThe specified container does not exist.\n",
        "RequestId:492f7131-f01e-006f-69dd-76a4c0000000\n",
        "Time:2023-04-24T18:50:24.3706337Z\u003C/Message\u003E\u003C/Error\u003E"
      ]
    },
    {
      "RequestUri": "https://REDACTED/84f62f363markreadlimit36e3232238c23e89ea7f4b6e?restype=container",
      "RequestMethod": "PUT",
      "RequestHeaders": {
        "Accept": "application/xml",
        "Authorization": "Sanitized",
        "Content-Length": "0",
        "Date": "Mon, 24 Apr 2023 18:50:26 GMT",
        "User-Agent": "azsdk-java-azure-storage-blob/12.23.0-beta.1 azsdk-java-azure-storage-blob-nio/12.0.0-beta.20 (17.0.5; Windows 11; 10.0)",
        "x-ms-client-request-id": "7c9d5e99-71b3-4ea8-a3aa-4d784b5d824f",
        "x-ms-version": "2022-11-02"
      },
      "RequestBody": null,
      "StatusCode": 201,
      "ResponseHeaders": {
        "Content-Length": "0",
        "Date": "Mon, 24 Apr 2023 18:50:24 GMT",
        "ETag": "\u00220x8DB44F4C39494BE\u0022",
        "Last-Modified": "Mon, 24 Apr 2023 18:50:24 GMT",
        "Server": [
          "Windows-Azure-Blob/1.0",
          "Microsoft-HTTPAPI/2.0"
        ],
        "x-ms-client-request-id": "7c9d5e99-71b3-4ea8-a3aa-4d784b5d824f",
        "x-ms-request-id": "4e1803a5-501e-0082-51dd-76ef8d000000",
        "x-ms-version": "2022-11-02"
      },
      "ResponseBody": null
    },
    {
      "RequestUri": "https://REDACTED/84f62f360markreadlimit36e9061545bd35f71b7448fd/84f62f361markreadlimit36e73356f4a04c2697674ab5",
      "RequestMethod": "GET",
      "RequestHeaders": {
        "Accept": "application/xml",
        "Authorization": "Sanitized",
        "Content-Length": "0",
        "Date": "Mon, 24 Apr 2023 18:50:26 GMT",
        "User-Agent": "azsdk-java-azure-storage-blob/12.23.0-beta.1 (17.0.5; Windows 11; 10.0)",
        "x-ms-client-request-id": "ad15d8c3-7b18-43c7-a8f7-b98cb5f79985",
        "x-ms-range": "bytes=0-4194303",
        "x-ms-version": "2022-11-02"
      },
      "RequestBody": null,
      "StatusCode": 206,
      "ResponseHeaders": {
        "Accept-Ranges": "bytes",
        "Content-Length": "7",
        "Content-Range": "bytes 0-6/7",
        "Content-Type": "application/octet-stream",
        "Date": "Mon, 24 Apr 2023 18:50:24 GMT",
        "ETag": "\u00220x8DB44F4C34AFAEF\u0022",
        "Last-Modified": "Mon, 24 Apr 2023 18:50:24 GMT",
        "Server": [
          "Windows-Azure-Blob/1.0",
          "Microsoft-HTTPAPI/2.0"
        ],
        "x-ms-blob-content-md5": "wh\u002BWm18D0z1D4E\u002BPE252gg==",
        "x-ms-blob-type": "BlockBlob",
        "x-ms-client-request-id": "ad15d8c3-7b18-43c7-a8f7-b98cb5f79985",
        "x-ms-creation-time": "Mon, 24 Apr 2023 18:50:24 GMT",
        "x-ms-lease-state": "available",
        "x-ms-lease-status": "unlocked",
        "x-ms-request-id": "492f71ca-f01e-006f-7cdd-76a4c0000000",
        "x-ms-server-encrypted": "true",
        "x-ms-version": "2022-11-02"
      },
      "ResponseBody": "ZGVmYXVsdA=="
    }
  ],
  "Variables": {
    "0": "84f62f360markreadlimit36e9061545bd35f71b7448fd",
    "1": "07ba8d61-5c9e-4d44-a82d-4276125a9cc7",
    "2": "84f62f361markreadlimit36e73356f4a04c2697674ab5",
    "3": "84f62f362markreadlimit36e21051dc84cee80fb045e8",
    "4": "84f62f363markreadlimit36e3232238c23e89ea7f4b6e"
  }
}
