{
  "Entries": [
    {
      "RequestUri": "https://REDACTED/metricsadvisor/v1.0/dataFeeds",
      "RequestMethod": "POST",
      "RequestHeaders": {
        "Accept": "application/json",
        "Content-Length": "566",
        "Content-Type": "application/json",
        "Date": "Wed, 12 Apr 2023 22:01:50 GMT",
        "Ocp-Apim-Subscription-Key": "REDACTED",
        "User-Agent": "azsdk-java-azure-ai-metricsadvisor/1.2.0-beta.1 (11.0.9; Windows 10; 10.0)",
        "x-api-key": "5c9110a5-f5f6-4b78-ab6f-c30291c4c623",
        "x-ms-client-request-id": "50ff0089-d70c-4687-8bc0-d6eb57ec799a",
        "x-ms-return-client-request-id": "true"
      },
      "RequestBody": {
        "dataSourceType": "MySql",
        "dataFeedName": "java_create_data_feed_test_sampleb42f7bcf-7868-4a9a-81c8-ce43b9ef554d",
        "granularityName": "Daily",
        "metrics": [
          {
            "metricName": "cost",
            "metricDisplayName": "cost"
          },
          {
            "metricName": "revenue",
            "metricDisplayName": "revenue"
          }
        ],
        "dimension": [
          {
            "dimensionName": "region",
            "dimensionDisplayName": "region"
          },
          {
            "dimensionName": "category",
            "dimensionDisplayName": "category"
          }
        ],
        "dataStartFrom": "2019-10-01T00:00:00Z",
        "maxConcurrency": 0,
        "dataSourceParameter": {
          "connectionString": "REDACTED",
          "query": "select * from adsample2 where Timestamp = @StartTime"
        }
      },
      "StatusCode": 201,
      "ResponseHeaders": {
        "apim-request-id": "6e1eeb6c-da52-404b-8135-77178e907188",
        "Content-Length": "0",
        "Date": "Wed, 12 Apr 2023 22:01:51 GMT",
        "Location": "https://ga-metrics-advisor.cognitiveservices.azure.com/metricsadvisor/v1.0/dataFeeds/de96f3d5-c917-4da0-a217-3843231b6f59",
        "Strict-Transport-Security": "max-age=31536000; includeSubDomains; preload",
        "X-Content-Type-Options": "nosniff",
        "x-envoy-upstream-service-time": "1200",
        "x-ms-region": "West US 2",
        "X-Request-ID": "6e1eeb6c-da52-404b-8135-77178e907188"
      },
      "ResponseBody": null
    },
    {
      "RequestUri": "https://REDACTED/metricsadvisor/v1.0/dataFeeds/de96f3d5-c917-4da0-a217-3843231b6f59",
      "RequestMethod": "GET",
      "RequestHeaders": {
        "Accept": "application/json",
        "Content-Length": "0",
        "Date": "Wed, 12 Apr 2023 22:01:51 GMT",
        "Ocp-Apim-Subscription-Key": "REDACTED",
        "User-Agent": "azsdk-java-azure-ai-metricsadvisor/1.2.0-beta.1 (11.0.9; Windows 10; 10.0)",
        "x-api-key": "5c9110a5-f5f6-4b78-ab6f-c30291c4c623",
        "x-ms-client-request-id": "36d68d3e-99d3-4103-b9bd-ddd694aeb220",
        "x-ms-return-client-request-id": "true"
      },
      "RequestBody": null,
      "StatusCode": 200,
      "ResponseHeaders": {
        "apim-request-id": "5730b38c-9f07-4a35-a719-61c493791748",
        "Content-Length": "1231",
        "Content-Type": "application/json; charset=utf-8",
        "Date": "Wed, 12 Apr 2023 22:01:51 GMT",
        "Strict-Transport-Security": "max-age=31536000; includeSubDomains; preload",
        "X-Content-Type-Options": "nosniff",
        "x-envoy-upstream-service-time": "159",
        "x-ms-region": "West US 2",
        "X-Request-ID": "5730b38c-9f07-4a35-a719-61c493791748"
      },
      "ResponseBody": {
        "dataFeedId": "de96f3d5-c917-4da0-a217-3843231b6f59",
        "dataFeedName": "java_create_data_feed_test_sampleb42f7bcf-7868-4a9a-81c8-ce43b9ef554d",
        "metrics": [
          {
            "metricId": "c7985c7f-f384-454c-a228-4ce4388f167d",
            "metricName": "cost",
            "metricDisplayName": "cost",
            "metricDescription": ""
          },
          {
            "metricId": "887aa05a-bea4-4072-9017-eb722b29ae6e",
            "metricName": "revenue",
            "metricDisplayName": "revenue",
            "metricDescription": ""
          }
        ],
        "dimension": [
          {
            "dimensionName": "category",
            "dimensionDisplayName": "category"
          },
          {
            "dimensionName": "region",
            "dimensionDisplayName": "region"
          }
        ],
        "dataStartFrom": "2019-10-01T00:00:00Z",
        "dataSourceType": "MySql",
        "timestampColumn": "",
        "startOffsetInSeconds": 0,
        "maxQueryPerMinute": 30.0,
        "granularityName": "Daily",
        "needRollup": "NoRollup",
        "fillMissingPointType": "PreviousValue",
        "fillMissingPointValue": 0.0,
        "rollUpMethod": "None",
        "dataFeedDescription": "",
        "stopRetryAfterInSeconds": -1,
        "minRetryIntervalInSeconds": -1,
        "maxConcurrency": 0,
        "viewMode": "Private",
        "admins": [
          "xiangyan@microsoft.com"
        ],
        "viewers": [],
        "creator": "xiangyan@microsoft.com",
        "status": "Active",
        "createdTime": "2023-04-12T22:01:51Z",
        "isAdmin": true,
        "actionLinkTemplate": "",
        "dataSourceParameter": {
          "query": "select * from adsample2 where Timestamp = @StartTime"
        },
        "authenticationType": "Basic"
      }
    },
    {
      "RequestUri": "https://REDACTED/metricsadvisor/v1.0/dataFeeds/de96f3d5-c917-4da0-a217-3843231b6f59",
      "RequestMethod": "DELETE",
      "RequestHeaders": {
        "Accept": "application/json",
        "Content-Length": "0",
        "Date": "Wed, 12 Apr 2023 22:01:51 GMT",
        "Ocp-Apim-Subscription-Key": "REDACTED",
        "User-Agent": "azsdk-java-azure-ai-metricsadvisor/1.2.0-beta.1 (11.0.9; Windows 10; 10.0)",
        "x-api-key": "5c9110a5-f5f6-4b78-ab6f-c30291c4c623",
        "x-ms-client-request-id": "bba3d6f2-6dd1-4ea1-a411-511c00f3bdb9",
        "x-ms-return-client-request-id": "true"
      },
      "RequestBody": null,
      "StatusCode": 204,
      "ResponseHeaders": {
        "apim-request-id": "06d11fb0-d1d3-442f-bcda-ecef8a2016eb",
        "Content-Length": "0",
        "Date": "Wed, 12 Apr 2023 22:01:51 GMT",
        "Strict-Transport-Security": "max-age=31536000; includeSubDomains; preload",
        "X-Content-Type-Options": "nosniff",
        "x-envoy-upstream-service-time": "254",
        "x-ms-region": "West US 2",
        "X-Request-ID": "06d11fb0-d1d3-442f-bcda-ecef8a2016eb"
      },
      "ResponseBody": null
    }
  ],
  "Variables": {}
}
