{
  "Entries": [
    {
      "RequestUri": "https://REDACTED/metricsadvisor/v1.0/credentials",
      "RequestMethod": "POST",
      "RequestHeaders": {
        "Accept": "application/json",
        "Content-Length": "202",
        "Content-Type": "application/json",
        "Date": "Wed, 12 Apr 2023 22:01:19 GMT",
        "Ocp-Apim-Subscription-Key": "REDACTED",
        "User-Agent": "azsdk-java-azure-ai-metricsadvisor/1.2.0-beta.1 (11.0.9; Windows 10; 10.0)",
        "x-api-key": "5c9110a5-f5f6-4b78-ab6f-c30291c4c623",
        "x-ms-client-request-id": "8bc5494d-8e2c-43db-9ab8-09a8361f1cb1",
        "x-ms-return-client-request-id": "true"
      },
      "RequestBody": {
        "dataSourceCredentialType": "AzureSQLConnectionString",
        "dataSourceCredentialName": "java_create_data_source_cred_sql_con6fd426cb-a467-4cf5-a638-9e72fe0c9f23",
        "parameters": {
          "connectionString": "REDACTED"
        }
      },
      "StatusCode": 201,
      "ResponseHeaders": {
        "apim-request-id": "3e190406-faaa-45c5-9452-cbe8d448fab3",
        "Content-Length": "0",
        "Date": "Wed, 12 Apr 2023 22:01:19 GMT",
        "Location": "https://ga-metrics-advisor.cognitiveservices.azure.com/metricsadvisor/v1.0/credentials/704e7b07-a09f-4bfe-b610-b89885586ccb",
        "Strict-Transport-Security": "max-age=31536000; includeSubDomains; preload",
        "X-Content-Type-Options": "nosniff",
        "x-envoy-upstream-service-time": "532",
        "x-ms-region": "West US 2",
        "X-Request-ID": "3e190406-faaa-45c5-9452-cbe8d448fab3"
      },
      "ResponseBody": null
    },
    {
      "RequestUri": "https://REDACTED/metricsadvisor/v1.0/credentials/704e7b07-a09f-4bfe-b610-b89885586ccb",
      "RequestMethod": "GET",
      "RequestHeaders": {
        "Accept": "application/json",
        "Content-Length": "0",
        "Date": "Wed, 12 Apr 2023 22:01:20 GMT",
        "Ocp-Apim-Subscription-Key": "REDACTED",
        "User-Agent": "azsdk-java-azure-ai-metricsadvisor/1.2.0-beta.1 (11.0.9; Windows 10; 10.0)",
        "x-api-key": "5c9110a5-f5f6-4b78-ab6f-c30291c4c623",
        "x-ms-client-request-id": "c0163b02-36b4-409a-a0df-8ba888817af6",
        "x-ms-return-client-request-id": "true"
      },
      "RequestBody": null,
      "StatusCode": 200,
      "ResponseHeaders": {
        "apim-request-id": "4a23a4ae-d214-4c07-9302-0210272d27b5",
        "Content-Length": "274",
        "Content-Type": "application/json; charset=utf-8",
        "Date": "Wed, 12 Apr 2023 22:01:20 GMT",
        "Strict-Transport-Security": "max-age=31536000; includeSubDomains; preload",
        "X-Content-Type-Options": "nosniff",
        "x-envoy-upstream-service-time": "161",
        "x-ms-region": "West US 2",
        "X-Request-ID": "4a23a4ae-d214-4c07-9302-0210272d27b5"
      },
      "ResponseBody": {
        "dataSourceCredentialId": "704e7b07-a09f-4bfe-b610-b89885586ccb",
        "dataSourceCredentialName": "java_create_data_source_cred_sql_con6fd426cb-a467-4cf5-a638-9e72fe0c9f23",
        "dataSourceCredentialDescription": "",
        "dataSourceCredentialType": "AzureSQLConnectionString",
        "parameters": {}
      }
    },
    {
      "RequestUri": "https://REDACTED/metricsadvisor/v1.0/credentials",
      "RequestMethod": "POST",
      "RequestHeaders": {
        "Accept": "application/json",
        "Content-Length": "195",
        "Content-Type": "application/json",
        "Date": "Wed, 12 Apr 2023 22:01:20 GMT",
        "Ocp-Apim-Subscription-Key": "REDACTED",
        "User-Agent": "azsdk-java-azure-ai-metricsadvisor/1.2.0-beta.1 (11.0.9; Windows 10; 10.0)",
        "x-api-key": "5c9110a5-f5f6-4b78-ab6f-c30291c4c623",
        "x-ms-client-request-id": "f47984b2-abaf-4d21-8423-6d1dbef60af5",
        "x-ms-return-client-request-id": "true"
      },
      "RequestBody": {
        "dataSourceCredentialType": "DataLakeGen2SharedKey",
        "dataSourceCredentialName": "java_create_data_source_cred_dlake_gen4cfa70f1-9b6a-4b31-9e1d-45ac8761acbc",
        "parameters": {
          "accountKey": "REDACTED"
        }
      },
      "StatusCode": 201,
      "ResponseHeaders": {
        "apim-request-id": "513e1963-8a8a-4604-982b-01fdabb67a40",
        "Content-Length": "0",
        "Date": "Wed, 12 Apr 2023 22:01:20 GMT",
        "Location": "https://ga-metrics-advisor.cognitiveservices.azure.com/metricsadvisor/v1.0/credentials/718c6e22-ad2a-47de-be4e-b8f5716a0aee",
        "Strict-Transport-Security": "max-age=31536000; includeSubDomains; preload",
        "X-Content-Type-Options": "nosniff",
        "x-envoy-upstream-service-time": "337",
        "x-ms-region": "West US 2",
        "X-Request-ID": "513e1963-8a8a-4604-982b-01fdabb67a40"
      },
      "ResponseBody": null
    },
    {
      "RequestUri": "https://REDACTED/metricsadvisor/v1.0/credentials/718c6e22-ad2a-47de-be4e-b8f5716a0aee",
      "RequestMethod": "GET",
      "RequestHeaders": {
        "Accept": "application/json",
        "Content-Length": "0",
        "Date": "Wed, 12 Apr 2023 22:01:21 GMT",
        "Ocp-Apim-Subscription-Key": "REDACTED",
        "User-Agent": "azsdk-java-azure-ai-metricsadvisor/1.2.0-beta.1 (11.0.9; Windows 10; 10.0)",
        "x-api-key": "5c9110a5-f5f6-4b78-ab6f-c30291c4c623",
        "x-ms-client-request-id": "92d71688-bbbc-4896-98dc-8fc32681d4e1",
        "x-ms-return-client-request-id": "true"
      },
      "RequestBody": null,
      "StatusCode": 200,
      "ResponseHeaders": {
        "apim-request-id": "5f55af48-9f43-4fce-9c10-921272ee2872",
        "Content-Length": "273",
        "Content-Type": "application/json; charset=utf-8",
        "Date": "Wed, 12 Apr 2023 22:01:20 GMT",
        "Strict-Transport-Security": "max-age=31536000; includeSubDomains; preload",
        "X-Content-Type-Options": "nosniff",
        "x-envoy-upstream-service-time": "143",
        "x-ms-region": "West US 2",
        "X-Request-ID": "5f55af48-9f43-4fce-9c10-921272ee2872"
      },
      "ResponseBody": {
        "dataSourceCredentialId": "718c6e22-ad2a-47de-be4e-b8f5716a0aee",
        "dataSourceCredentialName": "java_create_data_source_cred_dlake_gen4cfa70f1-9b6a-4b31-9e1d-45ac8761acbc",
        "dataSourceCredentialDescription": "",
        "dataSourceCredentialType": "DataLakeGen2SharedKey",
        "parameters": {}
      }
    },
    {
      "RequestUri": "https://REDACTED/metricsadvisor/v1.0/credentials",
      "RequestMethod": "GET",
      "RequestHeaders": {
        "Accept": "application/json",
        "Content-Length": "0",
        "Date": "Wed, 12 Apr 2023 22:01:21 GMT",
        "Ocp-Apim-Subscription-Key": "REDACTED",
        "User-Agent": "azsdk-java-azure-ai-metricsadvisor/1.2.0-beta.1 (11.0.9; Windows 10; 10.0)",
        "x-api-key": "5c9110a5-f5f6-4b78-ab6f-c30291c4c623",
        "x-ms-client-request-id": "7bb8287d-9695-4f92-bd9a-29153c7468d1",
        "x-ms-return-client-request-id": "true"
      },
      "RequestBody": null,
      "StatusCode": 200,
      "ResponseHeaders": {
        "apim-request-id": "0287268d-04a9-41af-80cc-90f3f7b5fb8c",
        "Content-Length": "1379",
        "Content-Type": "application/json; charset=utf-8",
        "Date": "Wed, 12 Apr 2023 22:01:21 GMT",
        "Strict-Transport-Security": "max-age=31536000; includeSubDomains; preload",
        "X-Content-Type-Options": "nosniff",
        "x-envoy-upstream-service-time": "473",
        "x-ms-region": "West US 2",
        "X-Request-ID": "0287268d-04a9-41af-80cc-90f3f7b5fb8c"
      },
      "ResponseBody": {
        "value": [
          {
            "dataSourceCredentialId": "718c6e22-ad2a-47de-be4e-b8f5716a0aee",
            "dataSourceCredentialName": "java_create_data_source_cred_dlake_gen4cfa70f1-9b6a-4b31-9e1d-45ac8761acbc",
            "dataSourceCredentialDescription": "",
            "dataSourceCredentialType": "DataLakeGen2SharedKey",
            "parameters": {}
          },
          {
            "dataSourceCredentialId": "159c944e-5618-4287-82e7-6b1f43fac586",
            "dataSourceCredentialName": "java_create_data_source_cred_dlake_gen713406ef-347b-439d-8deb-536187167852",
            "dataSourceCredentialDescription": "",
            "dataSourceCredentialType": "DataLakeGen2SharedKey",
            "parameters": {}
          },
          {
            "dataSourceCredentialId": "704e7b07-a09f-4bfe-b610-b89885586ccb",
            "dataSourceCredentialName": "java_create_data_source_cred_sql_con6fd426cb-a467-4cf5-a638-9e72fe0c9f23",
            "dataSourceCredentialDescription": "",
            "dataSourceCredentialType": "AzureSQLConnectionString",
            "parameters": {}
          },
          {
            "dataSourceCredentialId": "0cd3140d-c0cb-4c9e-a12b-590a3b1e0580",
            "dataSourceCredentialName": "java_create_data_source_cred_sql_con52c9fb98-dc28-441a-9ff4-ed02b634718e",
            "dataSourceCredentialDescription": "",
            "dataSourceCredentialType": "AzureSQLConnectionString",
            "parameters": {}
          },
          {
            "dataSourceCredentialId": "9388a986-5430-4666-a758-7461c2a48774",
            "dataSourceCredentialName": "sample_credential",
            "dataSourceCredentialDescription": "my credential",
            "dataSourceCredentialType": "ServicePrincipal",
            "parameters": {
              "clientId": "client_id",
              "tenantId": "tenant_id"
            }
          }
        ]
      }
    },
    {
      "RequestUri": "https://REDACTED/metricsadvisor/v1.0/credentials/704e7b07-a09f-4bfe-b610-b89885586ccb",
      "RequestMethod": "DELETE",
      "RequestHeaders": {
        "Accept": "application/json",
        "Content-Length": "0",
        "Date": "Wed, 12 Apr 2023 22:01:22 GMT",
        "Ocp-Apim-Subscription-Key": "REDACTED",
        "User-Agent": "azsdk-java-azure-ai-metricsadvisor/1.2.0-beta.1 (11.0.9; Windows 10; 10.0)",
        "x-api-key": "5c9110a5-f5f6-4b78-ab6f-c30291c4c623",
        "x-ms-client-request-id": "67381c52-b908-4a01-9829-60c0ba120bf5",
        "x-ms-return-client-request-id": "true"
      },
      "RequestBody": null,
      "StatusCode": 204,
      "ResponseHeaders": {
        "apim-request-id": "4e530685-f9a1-47f3-b3dc-a2dfdfc113cb",
        "Content-Length": "0",
        "Date": "Wed, 12 Apr 2023 22:01:21 GMT",
        "Strict-Transport-Security": "max-age=31536000; includeSubDomains; preload",
        "X-Content-Type-Options": "nosniff",
        "x-envoy-upstream-service-time": "191",
        "x-ms-region": "West US 2",
        "X-Request-ID": "4e530685-f9a1-47f3-b3dc-a2dfdfc113cb"
      },
      "ResponseBody": null
    },
    {
      "RequestUri": "https://REDACTED/metricsadvisor/v1.0/credentials/718c6e22-ad2a-47de-be4e-b8f5716a0aee",
      "RequestMethod": "DELETE",
      "RequestHeaders": {
        "Accept": "application/json",
        "Content-Length": "0",
        "Date": "Wed, 12 Apr 2023 22:01:22 GMT",
        "Ocp-Apim-Subscription-Key": "REDACTED",
        "User-Agent": "azsdk-java-azure-ai-metricsadvisor/1.2.0-beta.1 (11.0.9; Windows 10; 10.0)",
        "x-api-key": "5c9110a5-f5f6-4b78-ab6f-c30291c4c623",
        "x-ms-client-request-id": "100d4184-0501-47d4-a426-7e6ecca510ee",
        "x-ms-return-client-request-id": "true"
      },
      "RequestBody": null,
      "StatusCode": 204,
      "ResponseHeaders": {
        "apim-request-id": "15b59ceb-eb21-496f-a086-95bd9247eea6",
        "Content-Length": "0",
        "Date": "Wed, 12 Apr 2023 22:01:21 GMT",
        "Strict-Transport-Security": "max-age=31536000; includeSubDomains; preload",
        "X-Content-Type-Options": "nosniff",
        "x-envoy-upstream-service-time": "202",
        "x-ms-region": "West US 2",
        "X-Request-ID": "15b59ceb-eb21-496f-a086-95bd9247eea6"
      },
      "ResponseBody": null
    }
  ],
  "Variables": {}
}
