{
  "Entries": [
    {
      "RequestUri": "https://REDACTED/metricsadvisor/v1.0/dataFeeds",
      "RequestMethod": "POST",
      "RequestHeaders": {
        "Accept": "application/json",
        "Content-Length": "571",
        "Content-Type": "application/json",
        "Date": "Wed, 12 Apr 2023 22:01:35 GMT",
        "Ocp-Apim-Subscription-Key": "REDACTED",
        "User-Agent": "azsdk-java-azure-ai-metricsadvisor/1.2.0-beta.1 (11.0.9; Windows 10; 10.0)",
        "x-api-key": "5c9110a5-f5f6-4b78-ab6f-c30291c4c623",
        "x-ms-client-request-id": "f0c5e1e5-6667-4d1e-a026-85f60c76721c",
        "x-ms-return-client-request-id": "true"
      },
      "RequestBody": {
        "dataSourceType": "PostgreSql",
        "dataFeedName": "java_create_data_feed_test_sample2100724e-0dc0-4bf8-af5a-00c255d0ea04",
        "granularityName": "Daily",
        "metrics": [
          {
            "metricName": "cost",
            "metricDisplayName": "cost"
          },
          {
            "metricName": "revenue",
            "metricDisplayName": "revenue"
          }
        ],
        "dimension": [
          {
            "dimensionName": "region",
            "dimensionDisplayName": "region"
          },
          {
            "dimensionName": "category",
            "dimensionDisplayName": "category"
          }
        ],
        "dataStartFrom": "2019-10-01T00:00:00Z",
        "maxConcurrency": 0,
        "dataSourceParameter": {
          "connectionString": "REDACTED",
          "query": "select * from adsample2 where Timestamp = @StartTime"
        }
      },
      "StatusCode": 201,
      "ResponseHeaders": {
        "apim-request-id": "c9ba0018-a418-4183-bde4-45c0afdbcf82",
        "Content-Length": "0",
        "Date": "Wed, 12 Apr 2023 22:01:35 GMT",
        "Location": "https://ga-metrics-advisor.cognitiveservices.azure.com/metricsadvisor/v1.0/dataFeeds/8d5ac7ff-f701-4617-87ce-9d19ac5f7a50",
        "Strict-Transport-Security": "max-age=31536000; includeSubDomains; preload",
        "X-Content-Type-Options": "nosniff",
        "x-envoy-upstream-service-time": "739",
        "x-ms-region": "West US 2",
        "X-Request-ID": "c9ba0018-a418-4183-bde4-45c0afdbcf82"
      },
      "ResponseBody": null
    },
    {
      "RequestUri": "https://REDACTED/metricsadvisor/v1.0/dataFeeds/8d5ac7ff-f701-4617-87ce-9d19ac5f7a50",
      "RequestMethod": "GET",
      "RequestHeaders": {
        "Accept": "application/json",
        "Content-Length": "0",
        "Date": "Wed, 12 Apr 2023 22:01:36 GMT",
        "Ocp-Apim-Subscription-Key": "REDACTED",
        "User-Agent": "azsdk-java-azure-ai-metricsadvisor/1.2.0-beta.1 (11.0.9; Windows 10; 10.0)",
        "x-api-key": "5c9110a5-f5f6-4b78-ab6f-c30291c4c623",
        "x-ms-client-request-id": "89668e34-c2f1-43c5-aafc-02fb141048a4",
        "x-ms-return-client-request-id": "true"
      },
      "RequestBody": null,
      "StatusCode": 200,
      "ResponseHeaders": {
        "apim-request-id": "e5e17958-3538-4230-9fc8-6cb8995ecd87",
        "Content-Length": "1236",
        "Content-Type": "application/json; charset=utf-8",
        "Date": "Wed, 12 Apr 2023 22:01:35 GMT",
        "Strict-Transport-Security": "max-age=31536000; includeSubDomains; preload",
        "X-Content-Type-Options": "nosniff",
        "x-envoy-upstream-service-time": "164",
        "x-ms-region": "West US 2",
        "X-Request-ID": "e5e17958-3538-4230-9fc8-6cb8995ecd87"
      },
      "ResponseBody": {
        "dataFeedId": "8d5ac7ff-f701-4617-87ce-9d19ac5f7a50",
        "dataFeedName": "java_create_data_feed_test_sample2100724e-0dc0-4bf8-af5a-00c255d0ea04",
        "metrics": [
          {
            "metricId": "4abd5f19-0488-4e4e-bdc4-89f84f68c5c0",
            "metricName": "cost",
            "metricDisplayName": "cost",
            "metricDescription": ""
          },
          {
            "metricId": "1000fad7-8b3f-4e19-a3dd-b7016cbdbf57",
            "metricName": "revenue",
            "metricDisplayName": "revenue",
            "metricDescription": ""
          }
        ],
        "dimension": [
          {
            "dimensionName": "category",
            "dimensionDisplayName": "category"
          },
          {
            "dimensionName": "region",
            "dimensionDisplayName": "region"
          }
        ],
        "dataStartFrom": "2019-10-01T00:00:00Z",
        "dataSourceType": "PostgreSql",
        "timestampColumn": "",
        "startOffsetInSeconds": 0,
        "maxQueryPerMinute": 30.0,
        "granularityName": "Daily",
        "needRollup": "NoRollup",
        "fillMissingPointType": "PreviousValue",
        "fillMissingPointValue": 0.0,
        "rollUpMethod": "None",
        "dataFeedDescription": "",
        "stopRetryAfterInSeconds": -1,
        "minRetryIntervalInSeconds": -1,
        "maxConcurrency": 0,
        "viewMode": "Private",
        "admins": [
          "xiangyan@microsoft.com"
        ],
        "viewers": [],
        "creator": "xiangyan@microsoft.com",
        "status": "Active",
        "createdTime": "2023-04-12T22:01:36Z",
        "isAdmin": true,
        "actionLinkTemplate": "",
        "dataSourceParameter": {
          "query": "select * from adsample2 where Timestamp = @StartTime"
        },
        "authenticationType": "Basic"
      }
    },
    {
      "RequestUri": "https://REDACTED/metricsadvisor/v1.0/dataFeeds?creator=xiangyan%40microsoft.com",
      "RequestMethod": "GET",
      "RequestHeaders": {
        "Accept": "application/json",
        "Content-Length": "0",
        "Date": "Wed, 12 Apr 2023 22:01:36 GMT",
        "Ocp-Apim-Subscription-Key": "REDACTED",
        "User-Agent": "azsdk-java-azure-ai-metricsadvisor/1.2.0-beta.1 (11.0.9; Windows 10; 10.0)",
        "x-api-key": "5c9110a5-f5f6-4b78-ab6f-c30291c4c623",
        "x-ms-client-request-id": "8c130d1a-2281-4049-be00-4d2ae45d67ca",
        "x-ms-return-client-request-id": "true"
      },
      "RequestBody": null,
      "StatusCode": 200,
      "ResponseHeaders": {
        "apim-request-id": "5415a637-48e3-48d6-9495-12fd271fe603",
        "Content-Length": "3909",
        "Content-Type": "application/json; charset=utf-8",
        "Date": "Wed, 12 Apr 2023 22:01:36 GMT",
        "Strict-Transport-Security": "max-age=31536000; includeSubDomains; preload",
        "X-Content-Type-Options": "nosniff",
        "x-envoy-upstream-service-time": "215",
        "x-ms-region": "West US 2",
        "X-Request-ID": "5415a637-48e3-48d6-9495-12fd271fe603"
      },
      "ResponseBody": {
        "value": [
          {
            "dataFeedId": "8d5ac7ff-f701-4617-87ce-9d19ac5f7a50",
            "dataFeedName": "java_create_data_feed_test_sample2100724e-0dc0-4bf8-af5a-00c255d0ea04",
            "metrics": [
              {
                "metricId": "4abd5f19-0488-4e4e-bdc4-89f84f68c5c0",
                "metricName": "cost",
                "metricDisplayName": "cost",
                "metricDescription": ""
              },
              {
                "metricId": "1000fad7-8b3f-4e19-a3dd-b7016cbdbf57",
                "metricName": "revenue",
                "metricDisplayName": "revenue",
                "metricDescription": ""
              }
            ],
            "dimension": [
              {
                "dimensionName": "category",
                "dimensionDisplayName": "category"
              },
              {
                "dimensionName": "region",
                "dimensionDisplayName": "region"
              }
            ],
            "dataStartFrom": "2019-10-01T00:00:00Z",
            "dataSourceType": "PostgreSql",
            "timestampColumn": "",
            "startOffsetInSeconds": 0,
            "maxQueryPerMinute": 30.0,
            "granularityName": "Daily",
            "needRollup": "NoRollup",
            "fillMissingPointType": "PreviousValue",
            "fillMissingPointValue": 0.0,
            "rollUpMethod": "None",
            "dataFeedDescription": "",
            "stopRetryAfterInSeconds": -1,
            "minRetryIntervalInSeconds": -1,
            "maxConcurrency": 0,
            "viewMode": "Private",
            "admins": [
              "xiangyan@microsoft.com"
            ],
            "viewers": [],
            "creator": "xiangyan@microsoft.com",
            "status": "Active",
            "createdTime": "2023-04-12T22:01:36Z",
            "isAdmin": true,
            "actionLinkTemplate": "",
            "dataSourceParameter": {
              "query": "select * from adsample2 where Timestamp = @StartTime"
            },
            "authenticationType": "Basic"
          },
          {
            "dataFeedId": "580d2651-4c62-4263-9377-68c6c6d6e91f",
            "dataFeedName": "java_create_data_feed_test_sample04dec666-a4bc-40c2-8c1f-a5c882d991cd",
            "metrics": [
              {
                "metricId": "663934b1-ddef-4dc1-9166-2f5cabb7e4f6",
                "metricName": "cost",
                "metricDisplayName": "cost",
                "metricDescription": ""
              },
              {
                "metricId": "dddd9bfd-00ef-46e0-a62f-0a40022f7f76",
                "metricName": "revenue",
                "metricDisplayName": "revenue",
                "metricDescription": ""
              }
            ],
            "dimension": [
              {
                "dimensionName": "category",
                "dimensionDisplayName": "category"
              },
              {
                "dimensionName": "region",
                "dimensionDisplayName": "region"
              }
            ],
            "dataStartFrom": "2019-10-01T00:00:00Z",
            "dataSourceType": "AzureDataExplorer",
            "timestampColumn": "",
            "startOffsetInSeconds": 0,
            "maxQueryPerMinute": 30.0,
            "granularityName": "Daily",
            "needRollup": "NoRollup",
            "fillMissingPointType": "PreviousValue",
            "fillMissingPointValue": 0.0,
            "rollUpMethod": "None",
            "dataFeedDescription": "",
            "stopRetryAfterInSeconds": -1,
            "minRetryIntervalInSeconds": -1,
            "maxConcurrency": 0,
            "viewMode": "Private",
            "admins": [
              "xiangyan@microsoft.com"
            ],
            "viewers": [],
            "creator": "xiangyan@microsoft.com",
            "status": "Active",
            "createdTime": "2023-04-12T22:01:34Z",
            "isAdmin": true,
            "actionLinkTemplate": "",
            "dataSourceParameter": {
              "query": "let StartDateTime = datetime(@StartTime);let EndDateTime = StartDateTime \u002B 1d;adsample| where Timestamp \u003E= StartDateTime and Timestamp \u003C EndDateTime"
            },
            "authenticationType": "ManagedIdentity"
          },
          {
            "dataFeedId": "5599bb15-cf0d-47dc-bca4-ef1a532689ed",
            "dataFeedName": "sample_datafeed",
            "metrics": [
              {
                "metricId": "00989743-bffa-4e6b-b90b-b41c13e27636",
                "metricName": "cost",
                "metricDisplayName": "Cost",
                "metricDescription": ""
              },
              {
                "metricId": "54535a9d-2790-44a6-93f7-4171b72276d7",
                "metricName": "revenue",
                "metricDisplayName": "Revenue",
                "metricDescription": ""
              }
            ],
            "dimension": [
              {
                "dimensionName": "category",
                "dimensionDisplayName": "Category"
              },
              {
                "dimensionName": "city",
                "dimensionDisplayName": "city"
              }
            ],
            "dataStartFrom": "2019-01-01T00:00:00Z",
            "dataSourceType": "AzureDataLakeStorageGen2",
            "timestampColumn": "",
            "startOffsetInSeconds": 0,
            "maxQueryPerMinute": 30.0,
            "granularityName": "Daily",
            "needRollup": "NoRollup",
            "fillMissingPointType": "PreviousValue",
            "fillMissingPointValue": 0.0,
            "rollUpMethod": "None",
            "dataFeedDescription": "",
            "stopRetryAfterInSeconds": -1,
            "minRetryIntervalInSeconds": -1,
            "maxConcurrency": -1,
            "viewMode": "Private",
            "admins": [
              "xiangyan@microsoft.com"
            ],
            "viewers": [],
            "creator": "xiangyan@microsoft.com",
            "status": "Paused",
            "createdTime": "2021-11-15T22:00:37Z",
            "isAdmin": true,
            "actionLinkTemplate": "",
            "dataSourceParameter": {
              "fileTemplate": "adsample.json",
              "accountName": "REDACTED",
              "directoryTemplate": "%Y/%m/%d",
              "fileSystemName": "adsample"
            },
            "authenticationType": "ServicePrincipal",
            "credentialId": "9388a986-5430-4666-a758-7461c2a48774"
          }
        ]
      }
    },
    {
      "RequestUri": "https://REDACTED/metricsadvisor/v1.0/dataFeeds/8d5ac7ff-f701-4617-87ce-9d19ac5f7a50",
      "RequestMethod": "DELETE",
      "RequestHeaders": {
        "Accept": "application/json",
        "Content-Length": "0",
        "Date": "Wed, 12 Apr 2023 22:01:37 GMT",
        "Ocp-Apim-Subscription-Key": "REDACTED",
        "User-Agent": "azsdk-java-azure-ai-metricsadvisor/1.2.0-beta.1 (11.0.9; Windows 10; 10.0)",
        "x-api-key": "5c9110a5-f5f6-4b78-ab6f-c30291c4c623",
        "x-ms-client-request-id": "9679a8aa-d36f-4e6e-b625-f771dce23714",
        "x-ms-return-client-request-id": "true"
      },
      "RequestBody": null,
      "StatusCode": 204,
      "ResponseHeaders": {
        "apim-request-id": "0545a228-22ad-4c8a-af2c-1e6349830068",
        "Content-Length": "0",
        "Date": "Wed, 12 Apr 2023 22:01:36 GMT",
        "Strict-Transport-Security": "max-age=31536000; includeSubDomains; preload",
        "X-Content-Type-Options": "nosniff",
        "x-envoy-upstream-service-time": "290",
        "x-ms-region": "West US 2",
        "X-Request-ID": "0545a228-22ad-4c8a-af2c-1e6349830068"
      },
      "ResponseBody": null
    }
  ],
  "Variables": {}
}
