{
  "Entries": [
    {
      "RequestUri": "https://REDACTED/metricsadvisor/v1.0/dataFeeds",
      "RequestMethod": "POST",
      "RequestHeaders": {
        "Accept": "application/json",
        "Content-Length": "594",
        "Content-Type": "application/json",
        "Date": "Wed, 12 Apr 2023 22:01:39 GMT",
        "Ocp-Apim-Subscription-Key": "REDACTED",
        "User-Agent": "azsdk-java-azure-ai-metricsadvisor/1.2.0-beta.1 (11.0.9; Windows 10; 10.0)",
        "x-api-key": "5c9110a5-f5f6-4b78-ab6f-c30291c4c623",
        "x-ms-client-request-id": "633c12d9-c46f-4475-be76-dcfb8ea9470f",
        "x-ms-return-client-request-id": "true"
      },
      "RequestBody": {
        "dataSourceType": "SqlServer",
        "dataFeedName": "java_data_feed_for_detection614b0208-2aff-466a-afc6-007adb00797a",
        "granularityName": "Daily",
        "metrics": [
          {
            "metricName": "cost",
            "metricDisplayName": "cost"
          },
          {
            "metricName": "revenue",
            "metricDisplayName": "revenue"
          }
        ],
        "dimension": [
          {
            "dimensionName": "region",
            "dimensionDisplayName": "region"
          },
          {
            "dimensionName": "category",
            "dimensionDisplayName": "category"
          }
        ],
        "dataStartFrom": "2019-10-01T00:00:00Z",
        "maxConcurrency": 0,
        "authenticationType": "Basic",
        "dataSourceParameter": {
          "connectionString": "REDACTED",
          "query": "select * from adsample2 where Timestamp = @StartTime"
        }
      },
      "StatusCode": 201,
      "ResponseHeaders": {
        "apim-request-id": "2bf9519b-566f-499c-8b0c-99dccd7c24cd",
        "Content-Length": "0",
        "Date": "Wed, 12 Apr 2023 22:01:39 GMT",
        "Location": "https://ga-metrics-advisor.cognitiveservices.azure.com/metricsadvisor/v1.0/dataFeeds/111b0b19-6552-4a41-b4d1-81930fd12af2",
        "Strict-Transport-Security": "max-age=31536000; includeSubDomains; preload",
        "X-Content-Type-Options": "nosniff",
        "x-envoy-upstream-service-time": "590",
        "x-ms-region": "West US 2",
        "X-Request-ID": "2bf9519b-566f-499c-8b0c-99dccd7c24cd"
      },
      "ResponseBody": null
    },
    {
      "RequestUri": "https://REDACTED/metricsadvisor/v1.0/dataFeeds/111b0b19-6552-4a41-b4d1-81930fd12af2",
      "RequestMethod": "GET",
      "RequestHeaders": {
        "Accept": "application/json",
        "Content-Length": "0",
        "Date": "Wed, 12 Apr 2023 22:01:40 GMT",
        "Ocp-Apim-Subscription-Key": "REDACTED",
        "User-Agent": "azsdk-java-azure-ai-metricsadvisor/1.2.0-beta.1 (11.0.9; Windows 10; 10.0)",
        "x-api-key": "5c9110a5-f5f6-4b78-ab6f-c30291c4c623",
        "x-ms-client-request-id": "a5b3851b-9eb4-402a-8c3f-39f9fc245f98",
        "x-ms-return-client-request-id": "true"
      },
      "RequestBody": null,
      "StatusCode": 200,
      "ResponseHeaders": {
        "apim-request-id": "ae4a05c6-ff40-4e73-8a1e-e2761ecbea52",
        "Content-Length": "1230",
        "Content-Type": "application/json; charset=utf-8",
        "Date": "Wed, 12 Apr 2023 22:01:39 GMT",
        "Strict-Transport-Security": "max-age=31536000; includeSubDomains; preload",
        "X-Content-Type-Options": "nosniff",
        "x-envoy-upstream-service-time": "198",
        "x-ms-region": "West US 2",
        "X-Request-ID": "ae4a05c6-ff40-4e73-8a1e-e2761ecbea52"
      },
      "ResponseBody": {
        "dataFeedId": "111b0b19-6552-4a41-b4d1-81930fd12af2",
        "dataFeedName": "java_data_feed_for_detection614b0208-2aff-466a-afc6-007adb00797a",
        "metrics": [
          {
            "metricId": "3b09b50e-10ac-40b8-9c04-fec77a996120",
            "metricName": "cost",
            "metricDisplayName": "cost",
            "metricDescription": ""
          },
          {
            "metricId": "f37530c4-5835-4df6-8f01-e6c64e64e6c0",
            "metricName": "revenue",
            "metricDisplayName": "revenue",
            "metricDescription": ""
          }
        ],
        "dimension": [
          {
            "dimensionName": "category",
            "dimensionDisplayName": "category"
          },
          {
            "dimensionName": "region",
            "dimensionDisplayName": "region"
          }
        ],
        "dataStartFrom": "2019-10-01T00:00:00Z",
        "dataSourceType": "SqlServer",
        "timestampColumn": "",
        "startOffsetInSeconds": 0,
        "maxQueryPerMinute": 30.0,
        "granularityName": "Daily",
        "needRollup": "NoRollup",
        "fillMissingPointType": "PreviousValue",
        "fillMissingPointValue": 0.0,
        "rollUpMethod": "None",
        "dataFeedDescription": "",
        "stopRetryAfterInSeconds": -1,
        "minRetryIntervalInSeconds": -1,
        "maxConcurrency": 0,
        "viewMode": "Private",
        "admins": [
          "xiangyan@microsoft.com"
        ],
        "viewers": [],
        "creator": "xiangyan@microsoft.com",
        "status": "Active",
        "createdTime": "2023-04-12T22:01:39Z",
        "isAdmin": true,
        "actionLinkTemplate": "",
        "dataSourceParameter": {
          "query": "select * from adsample2 where Timestamp = @StartTime"
        },
        "authenticationType": "Basic"
      }
    },
    {
      "RequestUri": "https://REDACTED/metricsadvisor/v1.0/enrichment/anomalyDetection/configurations",
      "RequestMethod": "POST",
      "RequestHeaders": {
        "Accept": "application/json",
        "Content-Length": "2038",
        "Content-Type": "application/json",
        "Date": "Wed, 12 Apr 2023 22:01:40 GMT",
        "Ocp-Apim-Subscription-Key": "REDACTED",
        "User-Agent": "azsdk-java-azure-ai-metricsadvisor/1.2.0-beta.1 (11.0.9; Windows 10; 10.0)",
        "x-api-key": "5c9110a5-f5f6-4b78-ab6f-c30291c4c623",
        "x-ms-client-request-id": "801f4b3c-4387-4a9a-bae3-8bb3179447b1",
        "x-ms-return-client-request-id": "true"
      },
      "RequestBody": {
        "name": "testdetectionconfig5b26f70d-6e89-46ee-81d9-4639f3426947",
        "description": "test metric anomaly detection configuration",
        "metricId": "3b09b50e-10ac-40b8-9c04-fec77a996120",
        "wholeMetricConfiguration": {
          "conditionOperator": "AND",
          "smartDetectionCondition": {
            "sensitivity": 50.0,
            "anomalyDetectorDirection": "Both",
            "suppressCondition": {
              "minNumber": 13,
              "minRatio": 50.0
            }
          },
          "hardThresholdCondition": {
            "lowerBound": 0.0,
            "upperBound": 100.0,
            "anomalyDetectorDirection": "Both",
            "suppressCondition": {
              "minNumber": 5,
              "minRatio": 5.0
            }
          },
          "changeThresholdCondition": {
            "changePercentage": 50.0,
            "shiftPoint": 30,
            "withinRange": true,
            "anomalyDetectorDirection": "Both",
            "suppressCondition": {
              "minNumber": 2,
              "minRatio": 2.0
            }
          }
        },
        "dimensionGroupOverrideConfigurations": [
          {
            "group": {
              "dimension": {
                "region": "Sao Paulo"
              }
            },
            "conditionOperator": "OR",
            "smartDetectionCondition": {
              "sensitivity": 63.0,
              "anomalyDetectorDirection": "Both",
              "suppressCondition": {
                "minNumber": 1,
                "minRatio": 100.0
              }
            },
            "hardThresholdCondition": {
              "lowerBound": 0.0,
              "upperBound": 100.0,
              "anomalyDetectorDirection": "Both",
              "suppressCondition": {
                "minNumber": 5,
                "minRatio": 5.0
              }
            },
            "changeThresholdCondition": {
              "changePercentage": 50.0,
              "shiftPoint": 30,
              "withinRange": true,
              "anomalyDetectorDirection": "Both",
              "suppressCondition": {
                "minNumber": 2,
                "minRatio": 2.0
              }
            }
          }
        ],
        "seriesOverrideConfigurations": [
          {
            "series": {
              "dimension": {
                "region": "Shenzhen",
                "category": "Jewelry"
              }
            },
            "conditionOperator": "OR",
            "smartDetectionCondition": {
              "sensitivity": 63.0,
              "anomalyDetectorDirection": "Both",
              "suppressCondition": {
                "minNumber": 1,
                "minRatio": 100.0
              }
            },
            "hardThresholdCondition": {
              "lowerBound": 0.0,
              "upperBound": 100.0,
              "anomalyDetectorDirection": "Both",
              "suppressCondition": {
                "minNumber": 5,
                "minRatio": 5.0
              }
            },
            "changeThresholdCondition": {
              "changePercentage": 50.0,
              "shiftPoint": 30,
              "withinRange": true,
              "anomalyDetectorDirection": "Both",
              "suppressCondition": {
                "minNumber": 2,
                "minRatio": 2.0
              }
            }
          },
          {
            "series": {
              "dimension": {
                "region": "Osaka",
                "category": "Cell Phones"
              }
            },
            "smartDetectionCondition": {
              "sensitivity": 63.0,
              "anomalyDetectorDirection": "Both",
              "suppressCondition": {
                "minNumber": 1,
                "minRatio": 100.0
              }
            }
          }
        ]
      },
      "StatusCode": 201,
      "ResponseHeaders": {
        "apim-request-id": "8dec8504-c022-433c-a0f5-c99767ee55d3",
        "Content-Length": "0",
        "Date": "Wed, 12 Apr 2023 22:01:39 GMT",
        "Location": "https://ga-metrics-advisor.cognitiveservices.azure.com/metricsadvisor/v1.0/enrichment/anomalyDetection/configurations/afa099ed-0e29-430d-ab88-0f35da2983ee",
        "Strict-Transport-Security": "max-age=31536000; includeSubDomains; preload",
        "X-Content-Type-Options": "nosniff",
        "x-envoy-upstream-service-time": "265",
        "x-ms-region": "West US 2",
        "X-Request-ID": "8dec8504-c022-433c-a0f5-c99767ee55d3"
      },
      "ResponseBody": null
    },
    {
      "RequestUri": "https://REDACTED/metricsadvisor/v1.0/enrichment/anomalyDetection/configurations/afa099ed-0e29-430d-ab88-0f35da2983ee",
      "RequestMethod": "GET",
      "RequestHeaders": {
        "Accept": "application/json",
        "Content-Length": "0",
        "Date": "Wed, 12 Apr 2023 22:01:40 GMT",
        "Ocp-Apim-Subscription-Key": "REDACTED",
        "User-Agent": "azsdk-java-azure-ai-metricsadvisor/1.2.0-beta.1 (11.0.9; Windows 10; 10.0)",
        "x-api-key": "5c9110a5-f5f6-4b78-ab6f-c30291c4c623",
        "x-ms-client-request-id": "e00fe4b5-d00d-4888-8ce3-20a0be99be4c",
        "x-ms-return-client-request-id": "true"
      },
      "RequestBody": null,
      "StatusCode": 200,
      "ResponseHeaders": {
        "apim-request-id": "ec51be30-2b6f-4596-b1da-8e63358ab54e",
        "Content-Length": "2111",
        "Content-Type": "application/json; charset=utf-8",
        "Date": "Wed, 12 Apr 2023 22:01:39 GMT",
        "Strict-Transport-Security": "max-age=31536000; includeSubDomains; preload",
        "X-Content-Type-Options": "nosniff",
        "x-envoy-upstream-service-time": "90",
        "x-ms-region": "West US 2",
        "X-Request-ID": "ec51be30-2b6f-4596-b1da-8e63358ab54e"
      },
      "ResponseBody": {
        "anomalyDetectionConfigurationId": "afa099ed-0e29-430d-ab88-0f35da2983ee",
        "name": "testdetectionconfig5b26f70d-6e89-46ee-81d9-4639f3426947",
        "description": "test metric anomaly detection configuration",
        "metricId": "3b09b50e-10ac-40b8-9c04-fec77a996120",
        "wholeMetricConfiguration": {
          "conditionOperator": "AND",
          "smartDetectionCondition": {
            "sensitivity": 50.0,
            "anomalyDetectorDirection": "Both",
            "suppressCondition": {
              "minNumber": 13,
              "minRatio": 50.0
            }
          },
          "hardThresholdCondition": {
            "lowerBound": 0.0,
            "upperBound": 100.0,
            "anomalyDetectorDirection": "Both",
            "suppressCondition": {
              "minNumber": 5,
              "minRatio": 5.0
            }
          },
          "changeThresholdCondition": {
            "changePercentage": 50.0,
            "shiftPoint": 30,
            "anomalyDetectorDirection": "Both",
            "withinRange": true,
            "suppressCondition": {
              "minNumber": 2,
              "minRatio": 2.0
            }
          }
        },
        "dimensionGroupOverrideConfigurations": [
          {
            "group": {
              "dimension": {
                "region": "Sao Paulo"
              }
            },
            "conditionOperator": "OR",
            "smartDetectionCondition": {
              "sensitivity": 63.0,
              "anomalyDetectorDirection": "Both",
              "suppressCondition": {
                "minNumber": 1,
                "minRatio": 100.0
              }
            },
            "hardThresholdCondition": {
              "lowerBound": 0.0,
              "upperBound": 100.0,
              "anomalyDetectorDirection": "Both",
              "suppressCondition": {
                "minNumber": 5,
                "minRatio": 5.0
              }
            },
            "changeThresholdCondition": {
              "changePercentage": 50.0,
              "shiftPoint": 30,
              "anomalyDetectorDirection": "Both",
              "withinRange": true,
              "suppressCondition": {
                "minNumber": 2,
                "minRatio": 2.0
              }
            }
          }
        ],
        "seriesOverrideConfigurations": [
          {
            "series": {
              "dimension": {
                "region": "Shenzhen",
                "category": "Jewelry"
              }
            },
            "conditionOperator": "OR",
            "smartDetectionCondition": {
              "sensitivity": 63.0,
              "anomalyDetectorDirection": "Both",
              "suppressCondition": {
                "minNumber": 1,
                "minRatio": 100.0
              }
            },
            "hardThresholdCondition": {
              "lowerBound": 0.0,
              "upperBound": 100.0,
              "anomalyDetectorDirection": "Both",
              "suppressCondition": {
                "minNumber": 5,
                "minRatio": 5.0
              }
            },
            "changeThresholdCondition": {
              "changePercentage": 50.0,
              "shiftPoint": 30,
              "anomalyDetectorDirection": "Both",
              "withinRange": true,
              "suppressCondition": {
                "minNumber": 2,
                "minRatio": 2.0
              }
            }
          },
          {
            "series": {
              "dimension": {
                "region": "Osaka",
                "category": "Cell Phones"
              }
            },
            "smartDetectionCondition": {
              "sensitivity": 63.0,
              "anomalyDetectorDirection": "Both",
              "suppressCondition": {
                "minNumber": 1,
                "minRatio": 100.0
              }
            }
          }
        ]
      }
    },
    {
      "RequestUri": "https://REDACTED/metricsadvisor/v1.0/enrichment/anomalyDetection/configurations/afa099ed-0e29-430d-ab88-0f35da2983ee",
      "RequestMethod": "PATCH",
      "RequestHeaders": {
        "Accept": "application/json",
        "Content-Length": "1962",
        "Content-Type": "application/merge-patch\u002Bjson",
        "Date": "Wed, 12 Apr 2023 22:01:40 GMT",
        "Ocp-Apim-Subscription-Key": "REDACTED",
        "User-Agent": "azsdk-java-azure-ai-metricsadvisor/1.2.0-beta.1 (11.0.9; Windows 10; 10.0)",
        "x-api-key": "5c9110a5-f5f6-4b78-ab6f-c30291c4c623",
        "x-ms-client-request-id": "2cc76253-507e-4afc-8e44-69396e77ae3a",
        "x-ms-return-client-request-id": "true"
      },
      "RequestBody": {
        "name": "testdetectionconfig5b26f70d-6e89-46ee-81d9-4639f3426947",
        "description": "test metric anomaly detection configuration",
        "wholeMetricConfiguration": {
          "conditionOperator": "AND",
          "smartDetectionCondition": {
            "sensitivity": 50.0,
            "anomalyDetectorDirection": "Both",
            "suppressCondition": {
              "minNumber": 13,
              "minRatio": 50.0
            }
          },
          "hardThresholdCondition": {
            "lowerBound": 0.0,
            "upperBound": 100.0,
            "anomalyDetectorDirection": "Both",
            "suppressCondition": {
              "minNumber": 5,
              "minRatio": 5.0
            }
          },
          "changeThresholdCondition": {
            "changePercentage": 50.0,
            "shiftPoint": 30,
            "withinRange": true,
            "anomalyDetectorDirection": "Both",
            "suppressCondition": {
              "minNumber": 2,
              "minRatio": 2.0
            }
          }
        },
        "dimensionGroupOverrideConfigurations": [
          {
            "group": {
              "dimension": {
                "region": "Sao Paulo"
              }
            },
            "conditionOperator": "OR",
            "smartDetectionCondition": {
              "sensitivity": 63.0,
              "anomalyDetectorDirection": "Both",
              "suppressCondition": {
                "minNumber": 1,
                "minRatio": 100.0
              }
            },
            "hardThresholdCondition": {
              "lowerBound": 0.0,
              "upperBound": 100.0,
              "anomalyDetectorDirection": "Both",
              "suppressCondition": {
                "minNumber": 5,
                "minRatio": 5.0
              }
            },
            "changeThresholdCondition": {
              "changePercentage": 50.0,
              "shiftPoint": 30,
              "withinRange": true,
              "anomalyDetectorDirection": "Both",
              "suppressCondition": {
                "minNumber": 2,
                "minRatio": 2.0
              }
            }
          },
          {
            "group": {
              "dimension": {
                "region": "Seoul"
              }
            },
            "smartDetectionCondition": {
              "sensitivity": 63.0,
              "anomalyDetectorDirection": "Both",
              "suppressCondition": {
                "minNumber": 1,
                "minRatio": 100.0
              }
            }
          }
        ],
        "seriesOverrideConfigurations": [
          {
            "series": {
              "dimension": {
                "region": "Shenzhen",
                "category": "Jewelry"
              }
            },
            "conditionOperator": "OR",
            "smartDetectionCondition": {
              "sensitivity": 63.0,
              "anomalyDetectorDirection": "Both",
              "suppressCondition": {
                "minNumber": 1,
                "minRatio": 100.0
              }
            },
            "hardThresholdCondition": {
              "lowerBound": 0.0,
              "upperBound": 100.0,
              "anomalyDetectorDirection": "Both",
              "suppressCondition": {
                "minNumber": 5,
                "minRatio": 5.0
              }
            },
            "changeThresholdCondition": {
              "changePercentage": 50.0,
              "shiftPoint": 30,
              "withinRange": true,
              "anomalyDetectorDirection": "Both",
              "suppressCondition": {
                "minNumber": 2,
                "minRatio": 2.0
              }
            }
          }
        ]
      },
      "StatusCode": 200,
      "ResponseHeaders": {
        "apim-request-id": "b35c4e12-d83b-413d-be07-eb4f4db7dbb9",
        "Content-Length": "2085",
        "Content-Type": "application/json; charset=utf-8",
        "Date": "Wed, 12 Apr 2023 22:01:40 GMT",
        "Strict-Transport-Security": "max-age=31536000; includeSubDomains; preload",
        "X-Content-Type-Options": "nosniff",
        "x-envoy-upstream-service-time": "286",
        "x-ms-region": "West US 2",
        "X-Request-ID": "b35c4e12-d83b-413d-be07-eb4f4db7dbb9"
      },
      "ResponseBody": {
        "anomalyDetectionConfigurationId": "afa099ed-0e29-430d-ab88-0f35da2983ee",
        "name": "testdetectionconfig5b26f70d-6e89-46ee-81d9-4639f3426947",
        "description": "test metric anomaly detection configuration",
        "metricId": "3b09b50e-10ac-40b8-9c04-fec77a996120",
        "wholeMetricConfiguration": {
          "conditionOperator": "AND",
          "smartDetectionCondition": {
            "sensitivity": 50.0,
            "anomalyDetectorDirection": "Both",
            "suppressCondition": {
              "minNumber": 13,
              "minRatio": 50.0
            }
          },
          "hardThresholdCondition": {
            "lowerBound": 0.0,
            "upperBound": 100.0,
            "anomalyDetectorDirection": "Both",
            "suppressCondition": {
              "minNumber": 5,
              "minRatio": 5.0
            }
          },
          "changeThresholdCondition": {
            "changePercentage": 50.0,
            "shiftPoint": 30,
            "anomalyDetectorDirection": "Both",
            "withinRange": true,
            "suppressCondition": {
              "minNumber": 2,
              "minRatio": 2.0
            }
          }
        },
        "dimensionGroupOverrideConfigurations": [
          {
            "group": {
              "dimension": {
                "region": "Sao Paulo"
              }
            },
            "conditionOperator": "OR",
            "smartDetectionCondition": {
              "sensitivity": 63.0,
              "anomalyDetectorDirection": "Both",
              "suppressCondition": {
                "minNumber": 1,
                "minRatio": 100.0
              }
            },
            "hardThresholdCondition": {
              "lowerBound": 0.0,
              "upperBound": 100.0,
              "anomalyDetectorDirection": "Both",
              "suppressCondition": {
                "minNumber": 5,
                "minRatio": 5.0
              }
            },
            "changeThresholdCondition": {
              "changePercentage": 50.0,
              "shiftPoint": 30,
              "anomalyDetectorDirection": "Both",
              "withinRange": true,
              "suppressCondition": {
                "minNumber": 2,
                "minRatio": 2.0
              }
            }
          },
          {
            "group": {
              "dimension": {
                "region": "Seoul"
              }
            },
            "smartDetectionCondition": {
              "sensitivity": 63.0,
              "anomalyDetectorDirection": "Both",
              "suppressCondition": {
                "minNumber": 1,
                "minRatio": 100.0
              }
            }
          }
        ],
        "seriesOverrideConfigurations": [
          {
            "series": {
              "dimension": {
                "region": "Shenzhen",
                "category": "Jewelry"
              }
            },
            "conditionOperator": "OR",
            "smartDetectionCondition": {
              "sensitivity": 63.0,
              "anomalyDetectorDirection": "Both",
              "suppressCondition": {
                "minNumber": 1,
                "minRatio": 100.0
              }
            },
            "hardThresholdCondition": {
              "lowerBound": 0.0,
              "upperBound": 100.0,
              "anomalyDetectorDirection": "Both",
              "suppressCondition": {
                "minNumber": 5,
                "minRatio": 5.0
              }
            },
            "changeThresholdCondition": {
              "changePercentage": 50.0,
              "shiftPoint": 30,
              "anomalyDetectorDirection": "Both",
              "withinRange": true,
              "suppressCondition": {
                "minNumber": 2,
                "minRatio": 2.0
              }
            }
          }
        ]
      }
    },
    {
      "RequestUri": "https://REDACTED/metricsadvisor/v1.0/enrichment/anomalyDetection/configurations/afa099ed-0e29-430d-ab88-0f35da2983ee",
      "RequestMethod": "GET",
      "RequestHeaders": {
        "Accept": "application/json",
        "Content-Length": "0",
        "Date": "Wed, 12 Apr 2023 22:01:41 GMT",
        "Ocp-Apim-Subscription-Key": "REDACTED",
        "User-Agent": "azsdk-java-azure-ai-metricsadvisor/1.2.0-beta.1 (11.0.9; Windows 10; 10.0)",
        "x-api-key": "5c9110a5-f5f6-4b78-ab6f-c30291c4c623",
        "x-ms-client-request-id": "800a62c3-4e50-48ed-8ba3-f60170adf8ab",
        "x-ms-return-client-request-id": "true"
      },
      "RequestBody": null,
      "StatusCode": 200,
      "ResponseHeaders": {
        "apim-request-id": "5a5fdca4-2ecc-464f-bd8e-bda5dbc1f87a",
        "Content-Length": "2085",
        "Content-Type": "application/json; charset=utf-8",
        "Date": "Wed, 12 Apr 2023 22:01:40 GMT",
        "Strict-Transport-Security": "max-age=31536000; includeSubDomains; preload",
        "X-Content-Type-Options": "nosniff",
        "x-envoy-upstream-service-time": "111",
        "x-ms-region": "West US 2",
        "X-Request-ID": "5a5fdca4-2ecc-464f-bd8e-bda5dbc1f87a"
      },
      "ResponseBody": {
        "anomalyDetectionConfigurationId": "afa099ed-0e29-430d-ab88-0f35da2983ee",
        "name": "testdetectionconfig5b26f70d-6e89-46ee-81d9-4639f3426947",
        "description": "test metric anomaly detection configuration",
        "metricId": "3b09b50e-10ac-40b8-9c04-fec77a996120",
        "wholeMetricConfiguration": {
          "conditionOperator": "AND",
          "smartDetectionCondition": {
            "sensitivity": 50.0,
            "anomalyDetectorDirection": "Both",
            "suppressCondition": {
              "minNumber": 13,
              "minRatio": 50.0
            }
          },
          "hardThresholdCondition": {
            "lowerBound": 0.0,
            "upperBound": 100.0,
            "anomalyDetectorDirection": "Both",
            "suppressCondition": {
              "minNumber": 5,
              "minRatio": 5.0
            }
          },
          "changeThresholdCondition": {
            "changePercentage": 50.0,
            "shiftPoint": 30,
            "anomalyDetectorDirection": "Both",
            "withinRange": true,
            "suppressCondition": {
              "minNumber": 2,
              "minRatio": 2.0
            }
          }
        },
        "dimensionGroupOverrideConfigurations": [
          {
            "group": {
              "dimension": {
                "region": "Sao Paulo"
              }
            },
            "conditionOperator": "OR",
            "smartDetectionCondition": {
              "sensitivity": 63.0,
              "anomalyDetectorDirection": "Both",
              "suppressCondition": {
                "minNumber": 1,
                "minRatio": 100.0
              }
            },
            "hardThresholdCondition": {
              "lowerBound": 0.0,
              "upperBound": 100.0,
              "anomalyDetectorDirection": "Both",
              "suppressCondition": {
                "minNumber": 5,
                "minRatio": 5.0
              }
            },
            "changeThresholdCondition": {
              "changePercentage": 50.0,
              "shiftPoint": 30,
              "anomalyDetectorDirection": "Both",
              "withinRange": true,
              "suppressCondition": {
                "minNumber": 2,
                "minRatio": 2.0
              }
            }
          },
          {
            "group": {
              "dimension": {
                "region": "Seoul"
              }
            },
            "smartDetectionCondition": {
              "sensitivity": 63.0,
              "anomalyDetectorDirection": "Both",
              "suppressCondition": {
                "minNumber": 1,
                "minRatio": 100.0
              }
            }
          }
        ],
        "seriesOverrideConfigurations": [
          {
            "series": {
              "dimension": {
                "region": "Shenzhen",
                "category": "Jewelry"
              }
            },
            "conditionOperator": "OR",
            "smartDetectionCondition": {
              "sensitivity": 63.0,
              "anomalyDetectorDirection": "Both",
              "suppressCondition": {
                "minNumber": 1,
                "minRatio": 100.0
              }
            },
            "hardThresholdCondition": {
              "lowerBound": 0.0,
              "upperBound": 100.0,
              "anomalyDetectorDirection": "Both",
              "suppressCondition": {
                "minNumber": 5,
                "minRatio": 5.0
              }
            },
            "changeThresholdCondition": {
              "changePercentage": 50.0,
              "shiftPoint": 30,
              "anomalyDetectorDirection": "Both",
              "withinRange": true,
              "suppressCondition": {
                "minNumber": 2,
                "minRatio": 2.0
              }
            }
          }
        ]
      }
    },
    {
      "RequestUri": "https://REDACTED/metricsadvisor/v1.0/hooks/afa099ed-0e29-430d-ab88-0f35da2983ee",
      "RequestMethod": "DELETE",
      "RequestHeaders": {
        "Accept": "application/json",
        "Content-Length": "0",
        "Date": "Wed, 12 Apr 2023 22:01:41 GMT",
        "Ocp-Apim-Subscription-Key": "REDACTED",
        "User-Agent": "azsdk-java-azure-ai-metricsadvisor/1.2.0-beta.1 (11.0.9; Windows 10; 10.0)",
        "x-api-key": "5c9110a5-f5f6-4b78-ab6f-c30291c4c623",
        "x-ms-client-request-id": "2094b593-057d-4d20-9050-06d6118819f9",
        "x-ms-return-client-request-id": "true"
      },
      "RequestBody": null,
      "StatusCode": 204,
      "ResponseHeaders": {
        "apim-request-id": "746cf6b7-32f7-41e7-bcbb-c09d5070f832",
        "Content-Length": "0",
        "Date": "Wed, 12 Apr 2023 22:01:40 GMT",
        "Strict-Transport-Security": "max-age=31536000; includeSubDomains; preload",
        "X-Content-Type-Options": "nosniff",
        "x-envoy-upstream-service-time": "66",
        "x-ms-region": "West US 2",
        "X-Request-ID": "746cf6b7-32f7-41e7-bcbb-c09d5070f832"
      },
      "ResponseBody": null
    },
    {
      "RequestUri": "https://REDACTED/metricsadvisor/v1.0/dataFeeds/111b0b19-6552-4a41-b4d1-81930fd12af2",
      "RequestMethod": "DELETE",
      "RequestHeaders": {
        "Accept": "application/json",
        "Content-Length": "0",
        "Date": "Wed, 12 Apr 2023 22:01:41 GMT",
        "Ocp-Apim-Subscription-Key": "REDACTED",
        "User-Agent": "azsdk-java-azure-ai-metricsadvisor/1.2.0-beta.1 (11.0.9; Windows 10; 10.0)",
        "x-api-key": "5c9110a5-f5f6-4b78-ab6f-c30291c4c623",
        "x-ms-client-request-id": "4b6b6d2d-1bf2-4ca9-a4b9-7ca2c712e154",
        "x-ms-return-client-request-id": "true"
      },
      "RequestBody": null,
      "StatusCode": 204,
      "ResponseHeaders": {
        "apim-request-id": "68274a7e-8dee-400c-aeb3-f58a2443736a",
        "Content-Length": "0",
        "Date": "Wed, 12 Apr 2023 22:01:40 GMT",
        "Strict-Transport-Security": "max-age=31536000; includeSubDomains; preload",
        "X-Content-Type-Options": "nosniff",
        "x-envoy-upstream-service-time": "301",
        "x-ms-region": "West US 2",
        "X-Request-ID": "68274a7e-8dee-400c-aeb3-f58a2443736a"
      },
      "ResponseBody": null
    }
  ],
  "Variables": {}
}
