{
  "Entries": [
    {
      "RequestUri": "https://REDACTED/9af8c8c5dequeuefailswithouthandler760957208e4ef2834",
      "RequestMethod": "PUT",
      "RequestHeaders": {
        "Accept": "application/xml",
        "Authorization": "Sanitized",
        "Content-Length": "0",
        "Date": "Mon, 17 Apr 2023 15:28:23 GMT",
        "User-Agent": "azsdk-java-azure-storage-queue/12.18.0-beta.1 (17.0.5; Windows 11; 10.0)",
        "x-ms-client-request-id": "b77afe27-4b53-4013-a8f6-8acfd8ba9c8a",
        "x-ms-version": "2022-11-02"
      },
      "RequestBody": null,
      "StatusCode": 201,
      "ResponseHeaders": {
        "Content-Length": "0",
        "Date": "Mon, 17 Apr 2023 15:28:22 GMT",
        "Server": [
          "Windows-Azure-Queue/1.0",
          "Microsoft-HTTPAPI/2.0"
        ],
        "x-ms-client-request-id": "b77afe27-4b53-4013-a8f6-8acfd8ba9c8a",
        "x-ms-request-id": "3f787a78-6003-001f-5141-711d37000000",
        "x-ms-version": "2022-11-02"
      },
      "ResponseBody": null
    },
    {
      "RequestUri": "https://REDACTED/9af8c8c5dequeuefailswithouthandler760957208e4ef2834/messages",
      "RequestMethod": "POST",
      "RequestHeaders": {
        "Accept": "application/xml",
        "Authorization": "Sanitized",
        "Content-Length": "106",
        "Content-Type": "application/xml",
        "Date": "Mon, 17 Apr 2023 15:28:23 GMT",
        "User-Agent": "azsdk-java-azure-storage-queue/12.18.0-beta.1 (17.0.5; Windows 11; 10.0)",
        "x-ms-client-request-id": "c70355cd-5757-499d-b725-7d6ac11cce22",
        "x-ms-version": "2022-11-02"
      },
      "RequestBody": "\u003C?xml version=\u00271.0\u0027 encoding=\u0027UTF-8\u0027?\u003E\u003CQueueMessage\u003E\u003CMessageText\u003Etest message\u003C/MessageText\u003E\u003C/QueueMessage\u003E",
      "StatusCode": 201,
      "ResponseHeaders": {
        "Content-Type": "application/xml",
        "Date": "Mon, 17 Apr 2023 15:28:22 GMT",
        "Server": [
          "Windows-Azure-Queue/1.0",
          "Microsoft-HTTPAPI/2.0"
        ],
        "Transfer-Encoding": "chunked",
        "x-ms-client-request-id": "c70355cd-5757-499d-b725-7d6ac11cce22",
        "x-ms-request-id": "3f787a80-6003-001f-5741-711d37000000",
        "x-ms-version": "2022-11-02"
      },
      "ResponseBody": "\uFEFF\u003C?xml version=\u00221.0\u0022 encoding=\u0022utf-8\u0022?\u003E\u003CQueueMessagesList\u003E\u003CQueueMessage\u003E\u003CMessageId\u003Eeea8d1fc-415c-478f-9c85-3f36f13f28ae\u003C/MessageId\u003E\u003CInsertionTime\u003EMon, 17 Apr 2023 15:28:22 GMT\u003C/InsertionTime\u003E\u003CExpirationTime\u003EMon, 24 Apr 2023 15:28:22 GMT\u003C/ExpirationTime\u003E\u003CPopReceipt\u003EAgAAAAMAAAAAAAAA\u002Bcr8PkFx2QE=\u003C/PopReceipt\u003E\u003CTimeNextVisible\u003EMon, 17 Apr 2023 15:28:22 GMT\u003C/TimeNextVisible\u003E\u003C/QueueMessage\u003E\u003C/QueueMessagesList\u003E"
    },
    {
      "RequestUri": "https://REDACTED/9af8c8c5dequeuefailswithouthandler760957208e4ef2834/messages?numofmessages=1",
      "RequestMethod": "GET",
      "RequestHeaders": {
        "Accept": "application/xml",
        "Authorization": "Sanitized",
        "Content-Length": "0",
        "Date": "Mon, 17 Apr 2023 15:28:23 GMT",
        "User-Agent": "azsdk-java-azure-storage-queue/12.18.0-beta.1 (17.0.5; Windows 11; 10.0)",
        "x-ms-client-request-id": "900ffa19-ef3f-4b48-89d2-32608f701037",
        "x-ms-version": "2022-11-02"
      },
      "RequestBody": null,
      "StatusCode": 200,
      "ResponseHeaders": {
        "Cache-Control": "no-cache",
        "Content-Type": "application/xml",
        "Date": "Mon, 17 Apr 2023 15:28:22 GMT",
        "Server": [
          "Windows-Azure-Queue/1.0",
          "Microsoft-HTTPAPI/2.0"
        ],
        "Transfer-Encoding": "chunked",
        "x-ms-client-request-id": "900ffa19-ef3f-4b48-89d2-32608f701037",
        "x-ms-request-id": "3f787a83-6003-001f-5a41-711d37000000",
        "x-ms-version": "2022-11-02"
      },
      "ResponseBody": "\uFEFF\u003C?xml version=\u00221.0\u0022 encoding=\u0022utf-8\u0022?\u003E\u003CQueueMessagesList\u003E\u003CQueueMessage\u003E\u003CMessageId\u003Eeea8d1fc-415c-478f-9c85-3f36f13f28ae\u003C/MessageId\u003E\u003CInsertionTime\u003EMon, 17 Apr 2023 15:28:22 GMT\u003C/InsertionTime\u003E\u003CExpirationTime\u003EMon, 24 Apr 2023 15:28:22 GMT\u003C/ExpirationTime\u003E\u003CPopReceipt\u003EAgAAAAMAAAAAAAAAyHrhUEFx2QE=\u003C/PopReceipt\u003E\u003CTimeNextVisible\u003EMon, 17 Apr 2023 15:28:52 GMT\u003C/TimeNextVisible\u003E\u003CDequeueCount\u003E1\u003C/DequeueCount\u003E\u003CMessageText\u003Etest message\u003C/MessageText\u003E\u003C/QueueMessage\u003E\u003C/QueueMessagesList\u003E"
    }
  ],
  "Variables": {
    "0": "9af8c8c5dequeuefailswithouthandler760957208e4ef2834"
  }
}
