{
  "Entries": [
    {
      "RequestUri": "https://REDACTED/5f18c4d7queuesasenqueuewithpermada391619d58f",
      "RequestMethod": "PUT",
      "RequestHeaders": {
        "Accept": "application/xml",
        "Authorization": "Sanitized",
        "Content-Length": "0",
        "Date": "Mon, 17 Apr 2023 15:28:23 GMT",
        "User-Agent": "azsdk-java-azure-storage-queue/12.18.0-beta.1 (17.0.5; Windows 11; 10.0)",
        "x-ms-client-request-id": "cb3c03a8-7204-42ca-ae84-8d1fb7a82bb2",
        "x-ms-version": "2022-11-02"
      },
      "RequestBody": null,
      "StatusCode": 201,
      "ResponseHeaders": {
        "Content-Length": "0",
        "Date": "Mon, 17 Apr 2023 15:28:21 GMT",
        "Server": [
          "Windows-Azure-Queue/1.0",
          "Microsoft-HTTPAPI/2.0"
        ],
        "x-ms-client-request-id": "cb3c03a8-7204-42ca-ae84-8d1fb7a82bb2",
        "x-ms-request-id": "4cde6ef3-e003-004c-6541-713e03000000",
        "x-ms-version": "2022-11-02"
      },
      "ResponseBody": null
    },
    {
      "RequestUri": "https://REDACTED/5f18c4d7queuesasenqueuewithpermada391619d58f/messages",
      "RequestMethod": "POST",
      "RequestHeaders": {
        "Accept": "application/xml",
        "Authorization": "Sanitized",
        "Content-Length": "98",
        "Content-Type": "application/xml",
        "Date": "Mon, 17 Apr 2023 15:28:23 GMT",
        "User-Agent": "azsdk-java-azure-storage-queue/12.18.0-beta.1 (17.0.5; Windows 11; 10.0)",
        "x-ms-client-request-id": "7563b732-c13b-46b9-afc1-4f1e4b192f9b",
        "x-ms-version": "2022-11-02"
      },
      "RequestBody": "\u003C?xml version=\u00271.0\u0027 encoding=\u0027UTF-8\u0027?\u003E\u003CQueueMessage\u003E\u003CMessageText\u003Etest\u003C/MessageText\u003E\u003C/QueueMessage\u003E",
      "StatusCode": 201,
      "ResponseHeaders": {
        "Content-Type": "application/xml",
        "Date": "Mon, 17 Apr 2023 15:28:21 GMT",
        "Server": [
          "Windows-Azure-Queue/1.0",
          "Microsoft-HTTPAPI/2.0"
        ],
        "Transfer-Encoding": "chunked",
        "x-ms-client-request-id": "7563b732-c13b-46b9-afc1-4f1e4b192f9b",
        "x-ms-request-id": "4cde6f0b-e003-004c-7641-713e03000000",
        "x-ms-version": "2022-11-02"
      },
      "ResponseBody": "\uFEFF\u003C?xml version=\u00221.0\u0022 encoding=\u0022utf-8\u0022?\u003E\u003CQueueMessagesList\u003E\u003CQueueMessage\u003E\u003CMessageId\u003Ed0914462-9c8f-4b20-8196-70de0867438a\u003C/MessageId\u003E\u003CInsertionTime\u003EMon, 17 Apr 2023 15:28:22 GMT\u003C/InsertionTime\u003E\u003CExpirationTime\u003EMon, 24 Apr 2023 15:28:22 GMT\u003C/ExpirationTime\u003E\u003CPopReceipt\u003EAgAAAAMAAAAAAAAAU5GTPkFx2QE=\u003C/PopReceipt\u003E\u003CTimeNextVisible\u003EMon, 17 Apr 2023 15:28:22 GMT\u003C/TimeNextVisible\u003E\u003C/QueueMessage\u003E\u003C/QueueMessagesList\u003E"
    },
    {
      "RequestUri": "https://REDACTED/5f18c4d7queuesasenqueuewithpermada391619d58f/messages?sv=2022-11-02\u0026spr=https%2Chttp\u0026st=2023-04-16T15%3A28%3A23Z\u0026se=2023-04-18T15%3A28%3A23Z\u0026sp=rap\u0026REDACTED",
      "RequestMethod": "POST",
      "RequestHeaders": {
        "Accept": "application/xml",
        "Content-Length": "101",
        "Content-Type": "application/xml",
        "Date": "Mon, 17 Apr 2023 15:28:23 GMT",
        "User-Agent": "azsdk-java-azure-storage-queue/12.18.0-beta.1 (17.0.5; Windows 11; 10.0)",
        "x-ms-client-request-id": "499ee747-0056-4a18-87ad-844e313dd6c9",
        "x-ms-version": "2022-11-02"
      },
      "RequestBody": "\u003C?xml version=\u00271.0\u0027 encoding=\u0027UTF-8\u0027?\u003E\u003CQueueMessage\u003E\u003CMessageText\u003Esastest\u003C/MessageText\u003E\u003C/QueueMessage\u003E",
      "StatusCode": 201,
      "ResponseHeaders": {
        "Content-Type": "application/xml",
        "Date": "Mon, 17 Apr 2023 15:28:21 GMT",
        "Server": [
          "Windows-Azure-Queue/1.0",
          "Microsoft-HTTPAPI/2.0"
        ],
        "Transfer-Encoding": "chunked",
        "x-ms-client-request-id": "499ee747-0056-4a18-87ad-844e313dd6c9",
        "x-ms-request-id": "4cde6f1f-e003-004c-0641-713e03000000",
        "x-ms-version": "2022-11-02"
      },
      "ResponseBody": "\uFEFF\u003C?xml version=\u00221.0\u0022 encoding=\u0022utf-8\u0022?\u003E\u003CQueueMessagesList\u003E\u003CQueueMessage\u003E\u003CMessageId\u003E0460e432-545c-4a48-af95-f97446b9c11c\u003C/MessageId\u003E\u003CInsertionTime\u003EMon, 17 Apr 2023 15:28:22 GMT\u003C/InsertionTime\u003E\u003CExpirationTime\u003EMon, 24 Apr 2023 15:28:22 GMT\u003C/ExpirationTime\u003E\u003CPopReceipt\u003EAgAAAAMAAAAAAAAAbdaXPkFx2QE=\u003C/PopReceipt\u003E\u003CTimeNextVisible\u003EMon, 17 Apr 2023 15:28:22 GMT\u003C/TimeNextVisible\u003E\u003C/QueueMessage\u003E\u003C/QueueMessagesList\u003E"
    },
    {
      "RequestUri": "https://REDACTED/5f18c4d7queuesasenqueuewithpermada391619d58f/messages?numofmessages=2\u0026visibilitytimeout=30\u0026sv=2022-11-02\u0026spr=https%2Chttp\u0026st=2023-04-16T15%3A28%3A23Z\u0026se=2023-04-18T15%3A28%3A23Z\u0026sp=rap\u0026REDACTED",
      "RequestMethod": "GET",
      "RequestHeaders": {
        "Accept": "application/xml",
        "Content-Length": "0",
        "Date": "Mon, 17 Apr 2023 15:28:23 GMT",
        "User-Agent": "azsdk-java-azure-storage-queue/12.18.0-beta.1 (17.0.5; Windows 11; 10.0)",
        "x-ms-client-request-id": "fb60de8c-479e-4c7e-b0b2-6d6b50f77fce",
        "x-ms-version": "2022-11-02"
      },
      "RequestBody": null,
      "StatusCode": 200,
      "ResponseHeaders": {
        "Cache-Control": "no-cache",
        "Content-Type": "application/xml",
        "Date": "Mon, 17 Apr 2023 15:28:21 GMT",
        "Server": [
          "Windows-Azure-Queue/1.0",
          "Microsoft-HTTPAPI/2.0"
        ],
        "Transfer-Encoding": "chunked",
        "x-ms-client-request-id": "fb60de8c-479e-4c7e-b0b2-6d6b50f77fce",
        "x-ms-request-id": "4cde6f30-e003-004c-1041-713e03000000",
        "x-ms-version": "2022-11-02"
      },
      "ResponseBody": "\uFEFF\u003C?xml version=\u00221.0\u0022 encoding=\u0022utf-8\u0022?\u003E\u003CQueueMessagesList\u003E\u003CQueueMessage\u003E\u003CMessageId\u003Ed0914462-9c8f-4b20-8196-70de0867438a\u003C/MessageId\u003E\u003CInsertionTime\u003EMon, 17 Apr 2023 15:28:22 GMT\u003C/InsertionTime\u003E\u003CExpirationTime\u003EMon, 24 Apr 2023 15:28:22 GMT\u003C/ExpirationTime\u003E\u003CPopReceipt\u003EAgAAAAMAAAAAAAAAYyJ9UEFx2QE=\u003C/PopReceipt\u003E\u003CTimeNextVisible\u003EMon, 17 Apr 2023 15:28:52 GMT\u003C/TimeNextVisible\u003E\u003CDequeueCount\u003E1\u003C/DequeueCount\u003E\u003CMessageText\u003Etest\u003C/MessageText\u003E\u003C/QueueMessage\u003E\u003CQueueMessage\u003E\u003CMessageId\u003E0460e432-545c-4a48-af95-f97446b9c11c\u003C/MessageId\u003E\u003CInsertionTime\u003EMon, 17 Apr 2023 15:28:22 GMT\u003C/InsertionTime\u003E\u003CExpirationTime\u003EMon, 24 Apr 2023 15:28:22 GMT\u003C/ExpirationTime\u003E\u003CPopReceipt\u003EAgAAAAMAAAAAAAAAYyJ9UEFx2QE=\u003C/PopReceipt\u003E\u003CTimeNextVisible\u003EMon, 17 Apr 2023 15:28:52 GMT\u003C/TimeNextVisible\u003E\u003CDequeueCount\u003E1\u003C/DequeueCount\u003E\u003CMessageText\u003Esastest\u003C/MessageText\u003E\u003C/QueueMessage\u003E\u003C/QueueMessagesList\u003E"
    },
    {
      "RequestUri": "https://REDACTED/5f18c4d7queuesasenqueuewithpermada391619d58f/messages/d0914462-9c8f-4b20-8196-70de0867438a?popreceipt=AgAAAAMAAAAAAAAAU5GTPkFx2QE%3D\u0026visibilitytimeout=3600\u0026sv=2022-11-02\u0026spr=https%2Chttp\u0026st=2023-04-16T15%3A28%3A23Z\u0026se=2023-04-18T15%3A28%3A23Z\u0026sp=rap\u0026REDACTED",
      "RequestMethod": "PUT",
      "RequestHeaders": {
        "Accept": "application/xml",
        "Content-Length": "101",
        "Content-Type": "application/xml",
        "Date": "Mon, 17 Apr 2023 15:28:23 GMT",
        "User-Agent": "azsdk-java-azure-storage-queue/12.18.0-beta.1 (17.0.5; Windows 11; 10.0)",
        "x-ms-client-request-id": "e3fdb033-00a9-417d-be2e-5f65ad44cf7d",
        "x-ms-version": "2022-11-02"
      },
      "RequestBody": "\u003C?xml version=\u00271.0\u0027 encoding=\u0027UTF-8\u0027?\u003E\u003CQueueMessage\u003E\u003CMessageText\u003Etesting\u003C/MessageText\u003E\u003C/QueueMessage\u003E",
      "StatusCode": 403,
      "ResponseHeaders": {
        "Content-Length": "279",
        "Content-Type": "application/xml",
        "Date": "Mon, 17 Apr 2023 15:28:21 GMT",
        "Server": [
          "Windows-Azure-Queue/1.0",
          "Microsoft-HTTPAPI/2.0"
        ],
        "x-ms-client-request-id": "e3fdb033-00a9-417d-be2e-5f65ad44cf7d",
        "x-ms-error-code": "AuthorizationPermissionMismatch",
        "x-ms-request-id": "4cde6f3b-e003-004c-1a41-713e03000000",
        "x-ms-version": "2022-11-02"
      },
      "ResponseBody": [
        "\uFEFF\u003C?xml version=\u00221.0\u0022 encoding=\u0022utf-8\u0022?\u003E\u003CError\u003E\u003CCode\u003EAuthorizationPermissionMismatch\u003C/Code\u003E\u003CMessage\u003EThis request is not authorized to perform this operation using this permission.\n",
        "RequestId:4cde6f3b-e003-004c-1a41-713e03000000\n",
        "Time:2023-04-17T15:28:22.1610429Z\u003C/Message\u003E\u003C/Error\u003E"
      ]
    }
  ],
  "Variables": {
    "0": "5f18c4d7queuesasenqueuewithpermada391619d58f",
    "1": "2023-04-17T15:28:23.289537Z",
    "2": "2023-04-17T15:28:23.289537Z",
    "3": "5f18c4d7queuesasenqueuewithpermada903747bb0547f5b"
  }
}
