{
  "Entries": [
    {
      "RequestUri": "https://REDACTED/33b764a8dequeuewithhandler3696344319415707fb9e4",
      "RequestMethod": "PUT",
      "RequestHeaders": {
        "Accept": "application/xml",
        "Authorization": "Sanitized",
        "Content-Length": "0",
        "Date": "Mon, 17 Apr 2023 15:28:24 GMT",
        "User-Agent": "azsdk-java-azure-storage-queue/12.18.0-beta.1 (17.0.5; Windows 11; 10.0)",
        "x-ms-client-request-id": "24d07dcf-3291-4179-ad2b-cb42594ad3d6",
        "x-ms-version": "2022-11-02"
      },
      "RequestBody": null,
      "StatusCode": 201,
      "ResponseHeaders": {
        "Content-Length": "0",
        "Date": "Mon, 17 Apr 2023 15:28:22 GMT",
        "Server": [
          "Windows-Azure-Queue/1.0",
          "Microsoft-HTTPAPI/2.0"
        ],
        "x-ms-client-request-id": "24d07dcf-3291-4179-ad2b-cb42594ad3d6",
        "x-ms-request-id": "cf232dac-2003-000e-4641-718783000000",
        "x-ms-version": "2022-11-02"
      },
      "ResponseBody": null
    },
    {
      "RequestUri": "https://REDACTED/33b764a8dequeuewithhandler3696344319415707fb9e4/messages",
      "RequestMethod": "POST",
      "RequestHeaders": {
        "Accept": "application/xml",
        "Authorization": "Sanitized",
        "Content-Length": "110",
        "Content-Type": "application/xml",
        "Date": "Mon, 17 Apr 2023 15:28:24 GMT",
        "User-Agent": "azsdk-java-azure-storage-queue/12.18.0-beta.1 (17.0.5; Windows 11; 10.0)",
        "x-ms-client-request-id": "158b1fdd-60f4-4ec6-a046-0aa2745f308a",
        "x-ms-version": "2022-11-02"
      },
      "RequestBody": "\u003C?xml version=\u00271.0\u0027 encoding=\u0027UTF-8\u0027?\u003E\u003CQueueMessage\u003E\u003CMessageText\u003EdGVzdCBtZXNzYWdl\u003C/MessageText\u003E\u003C/QueueMessage\u003E",
      "StatusCode": 201,
      "ResponseHeaders": {
        "Content-Type": "application/xml",
        "Date": "Mon, 17 Apr 2023 15:28:22 GMT",
        "Server": [
          "Windows-Azure-Queue/1.0",
          "Microsoft-HTTPAPI/2.0"
        ],
        "Transfer-Encoding": "chunked",
        "x-ms-client-request-id": "158b1fdd-60f4-4ec6-a046-0aa2745f308a",
        "x-ms-request-id": "3f787b04-6003-001f-3a41-711d37000000",
        "x-ms-version": "2022-11-02"
      },
      "ResponseBody": "\uFEFF\u003C?xml version=\u00221.0\u0022 encoding=\u0022utf-8\u0022?\u003E\u003CQueueMessagesList\u003E\u003CQueueMessage\u003E\u003CMessageId\u003E4f9a7320-c48e-4e28-9946-65e27f73a14c\u003C/MessageId\u003E\u003CInsertionTime\u003EMon, 17 Apr 2023 15:28:23 GMT\u003C/InsertionTime\u003E\u003CExpirationTime\u003EMon, 24 Apr 2023 15:28:23 GMT\u003C/ExpirationTime\u003E\u003CPopReceipt\u003EAgAAAAMAAAAAAAAADfI5P0Fx2QE=\u003C/PopReceipt\u003E\u003CTimeNextVisible\u003EMon, 17 Apr 2023 15:28:23 GMT\u003C/TimeNextVisible\u003E\u003C/QueueMessage\u003E\u003C/QueueMessagesList\u003E"
    },
    {
      "RequestUri": "https://REDACTED/33b764a8dequeuewithhandler3696344319415707fb9e4/messages",
      "RequestMethod": "POST",
      "RequestHeaders": {
        "Accept": "application/xml",
        "Authorization": "Sanitized",
        "Content-Length": "106",
        "Content-Type": "application/xml",
        "Date": "Mon, 17 Apr 2023 15:28:24 GMT",
        "User-Agent": "azsdk-java-azure-storage-queue/12.18.0-beta.1 (17.0.5; Windows 11; 10.0)",
        "x-ms-client-request-id": "a544f588-7a36-4eb9-9fa5-d730279b7094",
        "x-ms-version": "2022-11-02"
      },
      "RequestBody": "\u003C?xml version=\u00271.0\u0027 encoding=\u0027UTF-8\u0027?\u003E\u003CQueueMessage\u003E\u003CMessageText\u003Etest message\u003C/MessageText\u003E\u003C/QueueMessage\u003E",
      "StatusCode": 201,
      "ResponseHeaders": {
        "Content-Type": "application/xml",
        "Date": "Mon, 17 Apr 2023 15:28:23 GMT",
        "Server": [
          "Windows-Azure-Queue/1.0",
          "Microsoft-HTTPAPI/2.0"
        ],
        "Transfer-Encoding": "chunked",
        "x-ms-client-request-id": "a544f588-7a36-4eb9-9fa5-d730279b7094",
        "x-ms-request-id": "bc6f2a3e-b003-006e-5e41-71fb1c000000",
        "x-ms-version": "2022-11-02"
      },
      "ResponseBody": "\uFEFF\u003C?xml version=\u00221.0\u0022 encoding=\u0022utf-8\u0022?\u003E\u003CQueueMessagesList\u003E\u003CQueueMessage\u003E\u003CMessageId\u003Eb68544d8-f0d2-47e9-a58c-aece1db7d496\u003C/MessageId\u003E\u003CInsertionTime\u003EMon, 17 Apr 2023 15:28:23 GMT\u003C/InsertionTime\u003E\u003CExpirationTime\u003EMon, 24 Apr 2023 15:28:23 GMT\u003C/ExpirationTime\u003E\u003CPopReceipt\u003EAgAAAAMAAAAAAAAAYfo\u002BP0Fx2QE=\u003C/PopReceipt\u003E\u003CTimeNextVisible\u003EMon, 17 Apr 2023 15:28:23 GMT\u003C/TimeNextVisible\u003E\u003C/QueueMessage\u003E\u003C/QueueMessagesList\u003E"
    },
    {
      "RequestUri": "https://REDACTED/33b764a8dequeuewithhandler3696344319415707fb9e4/messages?numofmessages=10\u0026visibilitytimeout=30",
      "RequestMethod": "GET",
      "RequestHeaders": {
        "Accept": "application/xml",
        "Authorization": "Sanitized",
        "Content-Length": "0",
        "Date": "Mon, 17 Apr 2023 15:28:24 GMT",
        "User-Agent": "azsdk-java-azure-storage-queue/12.18.0-beta.1 (17.0.5; Windows 11; 10.0)",
        "x-ms-client-request-id": "17081910-7085-4da4-a230-d112ca0979da",
        "x-ms-version": "2022-11-02"
      },
      "RequestBody": null,
      "StatusCode": 200,
      "ResponseHeaders": {
        "Cache-Control": "no-cache",
        "Content-Type": "application/xml",
        "Date": "Mon, 17 Apr 2023 15:28:22 GMT",
        "Server": [
          "Windows-Azure-Queue/1.0",
          "Microsoft-HTTPAPI/2.0"
        ],
        "Transfer-Encoding": "chunked",
        "x-ms-client-request-id": "17081910-7085-4da4-a230-d112ca0979da",
        "x-ms-request-id": "9b614e46-1003-003a-3e41-71b44b000000",
        "x-ms-version": "2022-11-02"
      },
      "ResponseBody": "\uFEFF\u003C?xml version=\u00221.0\u0022 encoding=\u0022utf-8\u0022?\u003E\u003CQueueMessagesList\u003E\u003CQueueMessage\u003E\u003CMessageId\u003E4f9a7320-c48e-4e28-9946-65e27f73a14c\u003C/MessageId\u003E\u003CInsertionTime\u003EMon, 17 Apr 2023 15:28:23 GMT\u003C/InsertionTime\u003E\u003CExpirationTime\u003EMon, 24 Apr 2023 15:28:23 GMT\u003C/ExpirationTime\u003E\u003CPopReceipt\u003EAgAAAAMAAAAAAAAAV0YkUUFx2QE=\u003C/PopReceipt\u003E\u003CTimeNextVisible\u003EMon, 17 Apr 2023 15:28:53 GMT\u003C/TimeNextVisible\u003E\u003CDequeueCount\u003E1\u003C/DequeueCount\u003E\u003CMessageText\u003EdGVzdCBtZXNzYWdl\u003C/MessageText\u003E\u003C/QueueMessage\u003E\u003CQueueMessage\u003E\u003CMessageId\u003Eb68544d8-f0d2-47e9-a58c-aece1db7d496\u003C/MessageId\u003E\u003CInsertionTime\u003EMon, 17 Apr 2023 15:28:23 GMT\u003C/InsertionTime\u003E\u003CExpirationTime\u003EMon, 24 Apr 2023 15:28:23 GMT\u003C/ExpirationTime\u003E\u003CPopReceipt\u003EAgAAAAMAAAAAAAAAV0YkUUFx2QE=\u003C/PopReceipt\u003E\u003CTimeNextVisible\u003EMon, 17 Apr 2023 15:28:53 GMT\u003C/TimeNextVisible\u003E\u003CDequeueCount\u003E1\u003C/DequeueCount\u003E\u003CMessageText\u003Etest message\u003C/MessageText\u003E\u003C/QueueMessage\u003E\u003C/QueueMessagesList\u003E"
    }
  ],
  "Variables": {
    "0": "33b764a8dequeuewithhandler3696344319415707fb9e4"
  }
}
