{
  "Entries": [
    {
      "RequestUri": "https://REDACTED/e261d369setandclearmetadata3370789045e30fa35af7",
      "RequestMethod": "PUT",
      "RequestHeaders": {
        "Accept": "application/xml",
        "Authorization": "Sanitized",
        "Content-Length": "0",
        "Date": "Mon, 17 Apr 2023 15:28:23 GMT",
        "User-Agent": "azsdk-java-azure-storage-queue/12.18.0-beta.1 (17.0.5; Windows 11; 10.0)",
        "x-ms-client-request-id": "5c4e75b3-5b52-48d2-9290-be0cfe9d17f5",
        "x-ms-version": "2022-11-02"
      },
      "RequestBody": null,
      "StatusCode": 201,
      "ResponseHeaders": {
        "Content-Length": "0",
        "Date": "Mon, 17 Apr 2023 15:28:21 GMT",
        "Server": [
          "Windows-Azure-Queue/1.0",
          "Microsoft-HTTPAPI/2.0"
        ],
        "x-ms-client-request-id": "5c4e75b3-5b52-48d2-9290-be0cfe9d17f5",
        "x-ms-request-id": "68572e8d-e003-0073-2741-71f6a0000000",
        "x-ms-version": "2022-11-02"
      },
      "ResponseBody": null
    },
    {
      "RequestUri": "https://REDACTED/e261d369setandclearmetadata3370789045e30fa35af7?comp=metadata",
      "RequestMethod": "GET",
      "RequestHeaders": {
        "Accept": "application/xml",
        "Authorization": "Sanitized",
        "Content-Length": "0",
        "Date": "Mon, 17 Apr 2023 15:28:23 GMT",
        "User-Agent": "azsdk-java-azure-storage-queue/12.18.0-beta.1 (17.0.5; Windows 11; 10.0)",
        "x-ms-client-request-id": "457f675c-9e56-4917-8497-3c07108da437",
        "x-ms-version": "2022-11-02"
      },
      "RequestBody": null,
      "StatusCode": 200,
      "ResponseHeaders": {
        "Cache-Control": "no-cache",
        "Content-Length": "0",
        "Date": "Mon, 17 Apr 2023 15:28:21 GMT",
        "Server": [
          "Windows-Azure-Queue/1.0",
          "Microsoft-HTTPAPI/2.0"
        ],
        "x-ms-approximate-messages-count": "0",
        "x-ms-client-request-id": "457f675c-9e56-4917-8497-3c07108da437",
        "x-ms-request-id": "68572ea2-e003-0073-3841-71f6a0000000",
        "x-ms-version": "2022-11-02"
      },
      "ResponseBody": null
    },
    {
      "RequestUri": "https://REDACTED/e261d369setandclearmetadata3370789045e30fa35af7?comp=metadata",
      "RequestMethod": "PUT",
      "RequestHeaders": {
        "Accept": "application/xml",
        "Authorization": "Sanitized",
        "Content-Length": "0",
        "Date": "Mon, 17 Apr 2023 15:28:23 GMT",
        "User-Agent": "azsdk-java-azure-storage-queue/12.18.0-beta.1 (17.0.5; Windows 11; 10.0)",
        "x-ms-client-request-id": "41c886b8-ff29-4bca-bf6d-d8737f4f12a2",
        "x-ms-version": "2022-11-02"
      },
      "RequestBody": null,
      "StatusCode": 204,
      "ResponseHeaders": {
        "Content-Length": "0",
        "Date": "Mon, 17 Apr 2023 15:28:21 GMT",
        "Server": [
          "Windows-Azure-Queue/1.0",
          "Microsoft-HTTPAPI/2.0"
        ],
        "x-ms-client-request-id": "41c886b8-ff29-4bca-bf6d-d8737f4f12a2",
        "x-ms-request-id": "68572eb3-e003-0073-4341-71f6a0000000",
        "x-ms-version": "2022-11-02"
      },
      "ResponseBody": null
    },
    {
      "RequestUri": "https://REDACTED/e261d369setandclearmetadata3370789045e30fa35af7?comp=metadata",
      "RequestMethod": "GET",
      "RequestHeaders": {
        "Accept": "application/xml",
        "Authorization": "Sanitized",
        "Content-Length": "0",
        "Date": "Mon, 17 Apr 2023 15:28:23 GMT",
        "User-Agent": "azsdk-java-azure-storage-queue/12.18.0-beta.1 (17.0.5; Windows 11; 10.0)",
        "x-ms-client-request-id": "bfa6ba4f-3c9e-48d9-afea-258ce5b0deec",
        "x-ms-version": "2022-11-02"
      },
      "RequestBody": null,
      "StatusCode": 200,
      "ResponseHeaders": {
        "Cache-Control": "no-cache",
        "Content-Length": "0",
        "Date": "Mon, 17 Apr 2023 15:28:21 GMT",
        "Server": [
          "Windows-Azure-Queue/1.0",
          "Microsoft-HTTPAPI/2.0"
        ],
        "x-ms-approximate-messages-count": "0",
        "x-ms-client-request-id": "bfa6ba4f-3c9e-48d9-afea-258ce5b0deec",
        "x-ms-request-id": "8a86910d-1003-0015-7741-71b980000000",
        "x-ms-version": "2022-11-02"
      },
      "ResponseBody": null
    }
  ],
  "Variables": {
    "0": "e261d369setandclearmetadata3370789045e30fa35af7"
  }
}
