{
  "Entries": [
    {
      "RequestUri": "https://REDACTED/9dbf7e9aupdatemessageinvalidargs8c484014f88c49090b",
      "RequestMethod": "PUT",
      "RequestHeaders": {
        "Accept": "application/xml",
        "Authorization": "Sanitized",
        "Content-Length": "0",
        "Date": "Mon, 17 Apr 2023 15:28:23 GMT",
        "User-Agent": "azsdk-java-azure-storage-queue/12.18.0-beta.1 (17.0.5; Windows 11; 10.0)",
        "x-ms-client-request-id": "f9d60975-f6f0-4d95-938e-174d499ebbb6",
        "x-ms-version": "2022-11-02"
      },
      "RequestBody": null,
      "StatusCode": 201,
      "ResponseHeaders": {
        "Content-Length": "0",
        "Date": "Mon, 17 Apr 2023 15:28:21 GMT",
        "Server": [
          "Windows-Azure-Queue/1.0",
          "Microsoft-HTTPAPI/2.0"
        ],
        "x-ms-client-request-id": "f9d60975-f6f0-4d95-938e-174d499ebbb6",
        "x-ms-request-id": "45ae3afd-6003-0020-4041-71d594000000",
        "x-ms-version": "2022-11-02"
      },
      "ResponseBody": null
    },
    {
      "RequestUri": "https://REDACTED/9dbf7e9aupdatemessageinvalidargs8c484014f88c49090b/messages",
      "RequestMethod": "POST",
      "RequestHeaders": {
        "Accept": "application/xml",
        "Authorization": "Sanitized",
        "Content-Length": "120",
        "Content-Type": "application/xml",
        "Date": "Mon, 17 Apr 2023 15:28:23 GMT",
        "User-Agent": "azsdk-java-azure-storage-queue/12.18.0-beta.1 (17.0.5; Windows 11; 10.0)",
        "x-ms-client-request-id": "4640bc92-859c-420a-ba4e-3d1a986055d0",
        "x-ms-version": "2022-11-02"
      },
      "RequestBody": "\u003C?xml version=\u00271.0\u0027 encoding=\u0027UTF-8\u0027?\u003E\u003CQueueMessage\u003E\u003CMessageText\u003Etest message before update\u003C/MessageText\u003E\u003C/QueueMessage\u003E",
      "StatusCode": 201,
      "ResponseHeaders": {
        "Content-Type": "application/xml",
        "Date": "Mon, 17 Apr 2023 15:28:21 GMT",
        "Server": [
          "Windows-Azure-Queue/1.0",
          "Microsoft-HTTPAPI/2.0"
        ],
        "Transfer-Encoding": "chunked",
        "x-ms-client-request-id": "4640bc92-859c-420a-ba4e-3d1a986055d0",
        "x-ms-request-id": "45ae3b19-6003-0020-5941-71d594000000",
        "x-ms-version": "2022-11-02"
      },
      "ResponseBody": "\uFEFF\u003C?xml version=\u00221.0\u0022 encoding=\u0022utf-8\u0022?\u003E\u003CQueueMessagesList\u003E\u003CQueueMessage\u003E\u003CMessageId\u003Ee8286483-8b84-43c4-b2b3-5b99cb3c82bb\u003C/MessageId\u003E\u003CInsertionTime\u003EMon, 17 Apr 2023 15:28:22 GMT\u003C/InsertionTime\u003E\u003CExpirationTime\u003EMon, 24 Apr 2023 15:28:22 GMT\u003C/ExpirationTime\u003E\u003CPopReceipt\u003EAgAAAAMAAAAAAAAA/2ilPkFx2QE=\u003C/PopReceipt\u003E\u003CTimeNextVisible\u003EMon, 17 Apr 2023 15:28:22 GMT\u003C/TimeNextVisible\u003E\u003C/QueueMessage\u003E\u003C/QueueMessagesList\u003E"
    },
    {
      "RequestUri": "https://REDACTED/9dbf7e9aupdatemessageinvalidargs8c484014f88c49090b/messages?numofmessages=1",
      "RequestMethod": "GET",
      "RequestHeaders": {
        "Accept": "application/xml",
        "Authorization": "Sanitized",
        "Content-Length": "0",
        "Date": "Mon, 17 Apr 2023 15:28:23 GMT",
        "User-Agent": "azsdk-java-azure-storage-queue/12.18.0-beta.1 (17.0.5; Windows 11; 10.0)",
        "x-ms-client-request-id": "fea749e6-2e05-476e-9e32-ece093acacb4",
        "x-ms-version": "2022-11-02"
      },
      "RequestBody": null,
      "StatusCode": 200,
      "ResponseHeaders": {
        "Cache-Control": "no-cache",
        "Content-Type": "application/xml",
        "Date": "Mon, 17 Apr 2023 15:28:21 GMT",
        "Server": [
          "Windows-Azure-Queue/1.0",
          "Microsoft-HTTPAPI/2.0"
        ],
        "Transfer-Encoding": "chunked",
        "x-ms-client-request-id": "fea749e6-2e05-476e-9e32-ece093acacb4",
        "x-ms-request-id": "45ae3b2c-6003-0020-6841-71d594000000",
        "x-ms-version": "2022-11-02"
      },
      "ResponseBody": "\uFEFF\u003C?xml version=\u00221.0\u0022 encoding=\u0022utf-8\u0022?\u003E\u003CQueueMessagesList\u003E\u003CQueueMessage\u003E\u003CMessageId\u003Ee8286483-8b84-43c4-b2b3-5b99cb3c82bb\u003C/MessageId\u003E\u003CInsertionTime\u003EMon, 17 Apr 2023 15:28:22 GMT\u003C/InsertionTime\u003E\u003CExpirationTime\u003EMon, 24 Apr 2023 15:28:22 GMT\u003C/ExpirationTime\u003E\u003CPopReceipt\u003EAgAAAAMAAAAAAAAAxxiKUEFx2QE=\u003C/PopReceipt\u003E\u003CTimeNextVisible\u003EMon, 17 Apr 2023 15:28:52 GMT\u003C/TimeNextVisible\u003E\u003CDequeueCount\u003E1\u003C/DequeueCount\u003E\u003CMessageText\u003Etest message before update\u003C/MessageText\u003E\u003C/QueueMessage\u003E\u003C/QueueMessagesList\u003E"
    },
    {
      "RequestUri": "https://REDACTED/9dbf7e9aupdatemessageinvalidargs8c484014f88c49090b/messages/e8286483-8b84-43c4-b2b3-5b99cb3c82bb?popreceipt=AgAAAAMAAAAAAAAAxxiKUEFx2QE%3DRandom\u0026visibilitytimeout=1",
      "RequestMethod": "PUT",
      "RequestHeaders": {
        "Accept": "application/xml",
        "Authorization": "Sanitized",
        "Content-Length": "114",
        "Content-Type": "application/xml",
        "Date": "Mon, 17 Apr 2023 15:28:23 GMT",
        "User-Agent": "azsdk-java-azure-storage-queue/12.18.0-beta.1 (17.0.5; Windows 11; 10.0)",
        "x-ms-client-request-id": "411af7cf-065b-4b54-8be6-10671bcb0805",
        "x-ms-version": "2022-11-02"
      },
      "RequestBody": "\u003C?xml version=\u00271.0\u0027 encoding=\u0027UTF-8\u0027?\u003E\u003CQueueMessage\u003E\u003CMessageText\u003EUpdated test message\u003C/MessageText\u003E\u003C/QueueMessage\u003E",
      "StatusCode": 400,
      "ResponseHeaders": {
        "Content-Length": "444",
        "Content-Type": "application/xml",
        "Date": "Mon, 17 Apr 2023 15:28:21 GMT",
        "Server": [
          "Windows-Azure-Queue/1.0",
          "Microsoft-HTTPAPI/2.0"
        ],
        "x-ms-client-request-id": "411af7cf-065b-4b54-8be6-10671bcb0805",
        "x-ms-error-code": "InvalidQueryParameterValue",
        "x-ms-request-id": "45ae3b4c-6003-0020-0141-71d594000000",
        "x-ms-version": "2022-11-02"
      },
      "ResponseBody": [
        "\uFEFF\u003C?xml version=\u00221.0\u0022 encoding=\u0022utf-8\u0022?\u003E\u003CError\u003E\u003CCode\u003EInvalidQueryParameterValue\u003C/Code\u003E\u003CMessage\u003EValue for one of the query parameters specified in the request URI is invalid.\n",
        "RequestId:45ae3b4c-6003-0020-0141-71d594000000\n",
        "Time:2023-04-17T15:28:22.2428164Z\u003C/Message\u003E\u003CQueryParameterName\u003Epopreceipt\u003C/QueryParameterName\u003E\u003CQueryParameterValue\u003EAgAAAAMAAAAAAAAAxxiKUEFx2QE=Random\u003C/QueryParameterValue\u003E\u003CReason\u003EInvalid pop receipt format\u003C/Reason\u003E\u003C/Error\u003E"
      ]
    }
  ],
  "Variables": {
    "0": "9dbf7e9aupdatemessageinvalidargs8c484014f88c49090b"
  }
}
