{
  "Entries": [
    {
      "RequestUri": "https://REDACTED/v2/oci-artifact/blobs/uploads/",
      "RequestMethod": "POST",
      "RequestHeaders": {
        "Accept": "application/json",
        "Content-Length": "0",
        "Date": "Fri, 02 Jun 2023 19:36:45 GMT",
        "User-Agent": "azsdk-java-azure-containers-containerregistry/1.2.0-beta.1 (17.0.4; Windows 11; 10.0)",
        "x-ms-client-request-id": "5db9f5e3-d39d-4414-8b6a-dbff43040c4b"
      },
      "RequestBody": null,
      "StatusCode": 401,
      "ResponseHeaders": {
        "Access-Control-Expose-Headers": [
          "Docker-Content-Digest",
          "WWW-Authenticate",
          "Link",
          "X-Ms-Correlation-Request-Id"
        ],
        "Connection": "keep-alive",
        "Content-Length": "266",
        "Content-Type": "application/json; charset=utf-8",
        "Date": "Fri, 02 Jun 2023 19:36:45 GMT",
        "Docker-Distribution-Api-Version": "registry/2.0",
        "Server": "openresty",
        "Strict-Transport-Security": [
          "max-age=31536000; includeSubDomains",
          "max-age=31536000; includeSubDomains"
        ],
        "WWW-Authenticate": "Bearer realm=\u0022https://REDACTED\u0022,service=\u0022REDACTED\u0022,scope=\u0022repository:oci-artifact:pull,push\u0022",
        "X-Content-Type-Options": "nosniff",
        "X-Ms-Correlation-Request-Id": "ce5d5785-d1d9-4484-9774-c84a291e96e6"
      },
      "ResponseBody": {
        "errors": [
          {
            "code": "UNAUTHORIZED",
            "message": "authentication required, visit https://aka.ms/acr/authorization for more information.",
            "detail": [
              {
                "Type": "repository",
                "Name": "oci-artifact",
                "Action": "pull"
              },
              {
                "Type": "repository",
                "Name": "oci-artifact",
                "Action": "push"
              }
            ]
          }
        ]
      }
    },
    {
      "RequestUri": "https://REDACTED/oauth2/exchange?api-version=2021-07-01",
      "RequestMethod": "POST",
      "RequestHeaders": {
        "Accept": "application/json",
        "Content-Length": "62",
        "Content-Type": "application/x-www-form-urlencoded",
        "Date": "Fri, 02 Jun 2023 19:36:45 GMT",
        "User-Agent": "azsdk-java-azure-containers-containerregistry/1.2.0-beta.1 (17.0.4; Windows 11; 10.0)",
        "x-ms-client-request-id": "7203d0e7-a5c8-4c25-8f87-0bf65a7d8af8"
      },
      "RequestBody": "grant_type=access_token\u0026service=REDACTED\u0026access_token=REDACTED",
      "StatusCode": 200,
      "ResponseHeaders": {
        "Connection": "keep-alive",
        "Content-Type": "application/json; charset=utf-8",
        "Date": "Fri, 02 Jun 2023 19:36:45 GMT",
        "Server": "openresty",
        "Strict-Transport-Security": "max-age=31536000; includeSubDomains",
        "Transfer-Encoding": "chunked",
        "X-Ms-Correlation-Request-Id": "eeec68b2-a8f9-4314-9c9c-59a52cd31c91",
        "x-ms-ratelimit-remaining-calls-per-second": "333.016667"
      },
      "ResponseBody": {
        "refresh_token": "Sanitized"
      }
    },
    {
      "RequestUri": "https://REDACTED/oauth2/token?api-version=2021-07-01",
      "RequestMethod": "POST",
      "RequestHeaders": {
        "Accept": "application/json",
        "Content-Length": "110",
        "Content-Type": "application/x-www-form-urlencoded",
        "Date": "Fri, 02 Jun 2023 19:36:45 GMT",
        "User-Agent": "azsdk-java-azure-containers-containerregistry/1.2.0-beta.1 (17.0.4; Windows 11; 10.0)",
        "x-ms-client-request-id": "a58efdab-4517-42ba-a597-8d8b4a50fb1f"
      },
      "RequestBody": "service=REDACTED\u0026scope=repository%3Aoci-artifact%3Apull%2Cpush\u0026refresh_token=REDACTED\u0026grant_type=refresh_token",
      "StatusCode": 200,
      "ResponseHeaders": {
        "Connection": "keep-alive",
        "Content-Type": "application/json; charset=utf-8",
        "Date": "Fri, 02 Jun 2023 19:36:45 GMT",
        "Server": "openresty",
        "Strict-Transport-Security": "max-age=31536000; includeSubDomains",
        "Transfer-Encoding": "chunked",
        "X-Ms-Correlation-Request-Id": "868bfb2b-711b-4228-b810-518263788bf8",
        "x-ms-ratelimit-remaining-calls-per-second": "333"
      },
      "ResponseBody": {
        "access_token": "Sanitized"
      }
    },
    {
      "RequestUri": "https://REDACTED/v2/oci-artifact/blobs/uploads/",
      "RequestMethod": "POST",
      "RequestHeaders": {
        "Accept": "application/json",
        "Authorization": "Sanitized",
        "Content-Length": "0",
        "Date": "Fri, 02 Jun 2023 19:36:45 GMT",
        "User-Agent": "azsdk-java-azure-containers-containerregistry/1.2.0-beta.1 (17.0.4; Windows 11; 10.0)",
        "x-ms-client-request-id": "5db9f5e3-d39d-4414-8b6a-dbff43040c4b"
      },
      "RequestBody": null,
      "StatusCode": 202,
      "ResponseHeaders": {
        "Access-Control-Expose-Headers": [
          "Docker-Content-Digest",
          "WWW-Authenticate",
          "Link",
          "X-Ms-Correlation-Request-Id"
        ],
        "Connection": "keep-alive",
        "Content-Length": "0",
        "Date": "Fri, 02 Jun 2023 19:36:46 GMT",
        "Docker-Distribution-Api-Version": "registry/2.0",
        "Docker-Upload-Uuid": "3b10688e-32fc-4a58-939d-1f4244719c0a",
        "Location": "/v2/oci-artifact/blobs/uploads/3b10688e-32fc-4a58-939d-1f4244719c0a?_nouploadcache=false\u0026_state=lqKOWUMYXqxjfTiaZoylMhYv1k1jRv0JYKrKZLAoFvJ7Ik5hbWUiOiJvY2ktYXJ0aWZhY3QiLCJVVUlEIjoiM2IxMDY4OGUtMzJmYy00YTU4LTkzOWQtMWY0MjQ0NzE5YzBhIiwiT2Zmc2V0IjowLCJTdGFydGVkQXQiOiIyMDIzLTA2LTAyVDE5OjM2OjQ1Ljk4NjIxMjYyN1oifQ%3D%3D",
        "Range": "0-0",
        "Server": "openresty",
        "Strict-Transport-Security": [
          "max-age=31536000; includeSubDomains",
          "max-age=31536000; includeSubDomains"
        ],
        "X-Content-Type-Options": "nosniff",
        "X-Ms-Client-Request-Id": "5db9f5e3-d39d-4414-8b6a-dbff43040c4b",
        "X-Ms-Correlation-Request-Id": "d3bdb972-39ca-465a-a303-065d8cf4213b",
        "X-Ms-Request-Id": "b67244f9-f414-4041-9799-7d9a26e5c26d"
      },
      "ResponseBody": null
    },
    {
      "RequestUri": "https://REDACTED/v2/oci-artifact/blobs/uploads/3b10688e-32fc-4a58-939d-1f4244719c0a?_nouploadcache=false\u0026_state=lqKOWUMYXqxjfTiaZoylMhYv1k1jRv0JYKrKZLAoFvJ7Ik5hbWUiOiJvY2ktYXJ0aWZhY3QiLCJVVUlEIjoiM2IxMDY4OGUtMzJmYy00YTU4LTkzOWQtMWY0MjQ0NzE5YzBhIiwiT2Zmc2V0IjowLCJTdGFydGVkQXQiOiIyMDIzLTA2LTAyVDE5OjM2OjQ1Ljk4NjIxMjYyN1oifQ%3D%3D\u0026digest=sha256%3A44136fa355b3678a1146ad16f7e8649e94fb4fc21fe77e8310c060f61caaff8a",
      "RequestMethod": "PUT",
      "RequestHeaders": {
        "Accept": "application/json",
        "Authorization": "Sanitized",
        "Content-Length": "2",
        "Content-Type": "application/octet-stream",
        "Date": "Fri, 02 Jun 2023 19:36:46 GMT",
        "User-Agent": "azsdk-java-azure-containers-containerregistry/1.2.0-beta.1 (17.0.4; Windows 11; 10.0)",
        "x-ms-client-request-id": "4df89d9a-7b7b-4e80-8b2b-05f3f8a5bd27"
      },
      "RequestBody": "e30=",
      "StatusCode": 201,
      "ResponseHeaders": {
        "Access-Control-Expose-Headers": [
          "Docker-Content-Digest",
          "WWW-Authenticate",
          "Link",
          "X-Ms-Correlation-Request-Id"
        ],
        "Connection": "keep-alive",
        "Content-Length": "0",
        "Date": "Fri, 02 Jun 2023 19:36:46 GMT",
        "Docker-Content-Digest": "sha256:44136fa355b3678a1146ad16f7e8649e94fb4fc21fe77e8310c060f61caaff8a",
        "Docker-Distribution-Api-Version": "registry/2.0",
        "Location": "/v2/oci-artifact/blobs/sha256:44136fa355b3678a1146ad16f7e8649e94fb4fc21fe77e8310c060f61caaff8a",
        "Server": "openresty",
        "Strict-Transport-Security": [
          "max-age=31536000; includeSubDomains",
          "max-age=31536000; includeSubDomains"
        ],
        "X-Content-Type-Options": "nosniff",
        "X-Ms-Client-Request-Id": "4df89d9a-7b7b-4e80-8b2b-05f3f8a5bd27",
        "X-Ms-Correlation-Request-Id": "978befdd-693c-4507-9766-9358960c2d58",
        "X-Ms-Request-Id": "40bcbab1-b91e-41ee-b5be-eb7cbb0998a3"
      },
      "ResponseBody": null
    },
    {
      "RequestUri": "https://REDACTED/v2/oci-artifact/blobs/uploads/",
      "RequestMethod": "POST",
      "RequestHeaders": {
        "Accept": "application/json",
        "Authorization": "Sanitized",
        "Content-Length": "0",
        "Date": "Fri, 02 Jun 2023 19:36:46 GMT",
        "User-Agent": "azsdk-java-azure-containers-containerregistry/1.2.0-beta.1 (17.0.4; Windows 11; 10.0)",
        "x-ms-client-request-id": "8b410d0f-0016-4e3b-a238-1c3397ca68a1"
      },
      "RequestBody": null,
      "StatusCode": 202,
      "ResponseHeaders": {
        "Access-Control-Expose-Headers": [
          "Docker-Content-Digest",
          "WWW-Authenticate",
          "Link",
          "X-Ms-Correlation-Request-Id"
        ],
        "Connection": "keep-alive",
        "Content-Length": "0",
        "Date": "Fri, 02 Jun 2023 19:36:46 GMT",
        "Docker-Distribution-Api-Version": "registry/2.0",
        "Docker-Upload-Uuid": "a637ef52-4891-45e2-a0f4-6d2d7279ea03",
        "Location": "/v2/oci-artifact/blobs/uploads/a637ef52-4891-45e2-a0f4-6d2d7279ea03?_nouploadcache=false\u0026_state=XOBzQENiisbQkmF9flge4OGBPqX2RVNnBn7so11vwAd7Ik5hbWUiOiJvY2ktYXJ0aWZhY3QiLCJVVUlEIjoiYTYzN2VmNTItNDg5MS00NWUyLWEwZjQtNmQyZDcyNzllYTAzIiwiT2Zmc2V0IjowLCJTdGFydGVkQXQiOiIyMDIzLTA2LTAyVDE5OjM2OjQ2LjE2NDQwNzQ1OFoifQ%3D%3D",
        "Range": "0-0",
        "Server": "openresty",
        "Strict-Transport-Security": [
          "max-age=31536000; includeSubDomains",
          "max-age=31536000; includeSubDomains"
        ],
        "X-Content-Type-Options": "nosniff",
        "X-Ms-Client-Request-Id": "8b410d0f-0016-4e3b-a238-1c3397ca68a1",
        "X-Ms-Correlation-Request-Id": "c0a91e0a-a237-40bc-bb27-5c234213e2bc",
        "X-Ms-Request-Id": "dd0998f3-62b9-405e-a32a-5a91b0a216a3"
      },
      "ResponseBody": null
    },
    {
      "RequestUri": "https://REDACTED/v2/oci-artifact/blobs/uploads/a637ef52-4891-45e2-a0f4-6d2d7279ea03?_nouploadcache=false\u0026_state=XOBzQENiisbQkmF9flge4OGBPqX2RVNnBn7so11vwAd7Ik5hbWUiOiJvY2ktYXJ0aWZhY3QiLCJVVUlEIjoiYTYzN2VmNTItNDg5MS00NWUyLWEwZjQtNmQyZDcyNzllYTAzIiwiT2Zmc2V0IjowLCJTdGFydGVkQXQiOiIyMDIzLTA2LTAyVDE5OjM2OjQ2LjE2NDQwNzQ1OFoifQ%3D%3D\u0026digest=sha256%3Ab94d27b9934d3e08a52e52d7da7dabfac484efe37a5380ee9088f7ace2efcde9",
      "RequestMethod": "PUT",
      "RequestHeaders": {
        "Accept": "application/json",
        "Authorization": "Sanitized",
        "Content-Length": "11",
        "Content-Type": "application/octet-stream",
        "Date": "Fri, 02 Jun 2023 19:36:46 GMT",
        "User-Agent": "azsdk-java-azure-containers-containerregistry/1.2.0-beta.1 (17.0.4; Windows 11; 10.0)",
        "x-ms-client-request-id": "18b80c5b-5ce8-4b67-afb6-7a1a4d29257a"
      },
      "RequestBody": "aGVsbG8gd29ybGQ=",
      "StatusCode": 201,
      "ResponseHeaders": {
        "Access-Control-Expose-Headers": [
          "Docker-Content-Digest",
          "WWW-Authenticate",
          "Link",
          "X-Ms-Correlation-Request-Id"
        ],
        "Connection": "keep-alive",
        "Content-Length": "0",
        "Date": "Fri, 02 Jun 2023 19:36:46 GMT",
        "Docker-Content-Digest": "sha256:b94d27b9934d3e08a52e52d7da7dabfac484efe37a5380ee9088f7ace2efcde9",
        "Docker-Distribution-Api-Version": "registry/2.0",
        "Location": "/v2/oci-artifact/blobs/sha256:b94d27b9934d3e08a52e52d7da7dabfac484efe37a5380ee9088f7ace2efcde9",
        "Server": "openresty",
        "Strict-Transport-Security": [
          "max-age=31536000; includeSubDomains",
          "max-age=31536000; includeSubDomains"
        ],
        "X-Content-Type-Options": "nosniff",
        "X-Ms-Client-Request-Id": "18b80c5b-5ce8-4b67-afb6-7a1a4d29257a",
        "X-Ms-Correlation-Request-Id": "0b3eaeed-2fb8-4a7e-9c48-09b139a6e46f",
        "X-Ms-Request-Id": "14915eaf-d368-4627-b2b5-ea3fe04d71e1"
      },
      "ResponseBody": null
    },
    {
      "RequestUri": "https://REDACTED/v2/oci-artifact/manifests/v2",
      "RequestMethod": "PUT",
      "RequestHeaders": {
        "Accept": "application/json",
        "Content-Length": "422",
        "Content-Type": "application/vnd.docker.distribution.manifest.v2\u002Bjson",
        "Date": "Fri, 02 Jun 2023 19:36:46 GMT",
        "User-Agent": "azsdk-java-azure-containers-containerregistry/1.2.0-beta.1 (17.0.4; Windows 11; 10.0)",
        "x-ms-client-request-id": "23973e9b-975c-4c5a-9043-bdb8e26b831c"
      },
      "RequestBody": {
        "schemaVersion": 2,
        "mediaType": "application/vnd.docker.distribution.manifest.v2\u002Bjson",
        "config": {
          "mediaType": "application/vnd.docker.container.image.v1\u002Bjson",
          "size": 171,
          "digest": "sha256:44136fa355b3678a1146ad16f7e8649e94fb4fc21fe77e8310c060f61caaff8a"
        },
        "layers": [
          {
            "mediaType": "application/vnd.docker.image.rootfs.diff.tar.gzip",
            "size": 28,
            "digest": "sha256:b94d27b9934d3e08a52e52d7da7dabfac484efe37a5380ee9088f7ace2efcde9"
          }
        ]
      },
      "StatusCode": 401,
      "ResponseHeaders": {
        "Access-Control-Expose-Headers": [
          "Docker-Content-Digest",
          "WWW-Authenticate",
          "Link",
          "X-Ms-Correlation-Request-Id"
        ],
        "Connection": "keep-alive",
        "Content-Length": "266",
        "Content-Type": "application/json; charset=utf-8",
        "Date": "Fri, 02 Jun 2023 19:36:46 GMT",
        "Docker-Distribution-Api-Version": "registry/2.0",
        "Server": "openresty",
        "Strict-Transport-Security": [
          "max-age=31536000; includeSubDomains",
          "max-age=31536000; includeSubDomains"
        ],
        "WWW-Authenticate": "Bearer realm=\u0022https://REDACTED\u0022,service=\u0022REDACTED\u0022,scope=\u0022repository:oci-artifact:pull,push\u0022",
        "X-Content-Type-Options": "nosniff",
        "X-Ms-Correlation-Request-Id": "61eaae0d-18ab-46c4-8b34-8c27c1ed43ca"
      },
      "ResponseBody": {
        "errors": [
          {
            "code": "UNAUTHORIZED",
            "message": "authentication required, visit https://aka.ms/acr/authorization for more information.",
            "detail": [
              {
                "Type": "repository",
                "Name": "oci-artifact",
                "Action": "pull"
              },
              {
                "Type": "repository",
                "Name": "oci-artifact",
                "Action": "push"
              }
            ]
          }
        ]
      }
    },
    {
      "RequestUri": "https://REDACTED/oauth2/exchange?api-version=2021-07-01",
      "RequestMethod": "POST",
      "RequestHeaders": {
        "Accept": "application/json",
        "Content-Length": "62",
        "Content-Type": "application/x-www-form-urlencoded",
        "Date": "Fri, 02 Jun 2023 19:36:46 GMT",
        "User-Agent": "azsdk-java-azure-containers-containerregistry/1.2.0-beta.1 (17.0.4; Windows 11; 10.0)",
        "x-ms-client-request-id": "6186889c-4871-40b5-8a0d-792c8a4726bd"
      },
      "RequestBody": "grant_type=access_token\u0026service=REDACTED\u0026access_token=REDACTED",
      "StatusCode": 200,
      "ResponseHeaders": {
        "Connection": "keep-alive",
        "Content-Type": "application/json; charset=utf-8",
        "Date": "Fri, 02 Jun 2023 19:36:46 GMT",
        "Server": "openresty",
        "Strict-Transport-Security": "max-age=31536000; includeSubDomains",
        "Transfer-Encoding": "chunked",
        "X-Ms-Correlation-Request-Id": "7baa6917-16af-4e28-ab5e-36658469a9ec",
        "x-ms-ratelimit-remaining-calls-per-second": "332.983333"
      },
      "ResponseBody": {
        "refresh_token": "Sanitized"
      }
    },
    {
      "RequestUri": "https://REDACTED/oauth2/token?api-version=2021-07-01",
      "RequestMethod": "POST",
      "RequestHeaders": {
        "Accept": "application/json",
        "Content-Length": "110",
        "Content-Type": "application/x-www-form-urlencoded",
        "Date": "Fri, 02 Jun 2023 19:36:46 GMT",
        "User-Agent": "azsdk-java-azure-containers-containerregistry/1.2.0-beta.1 (17.0.4; Windows 11; 10.0)",
        "x-ms-client-request-id": "ec239ef9-7bbf-4992-971a-c1d650664fcd"
      },
      "RequestBody": "service=REDACTED\u0026scope=repository%3Aoci-artifact%3Apull%2Cpush\u0026refresh_token=REDACTED\u0026grant_type=refresh_token",
      "StatusCode": 200,
      "ResponseHeaders": {
        "Connection": "keep-alive",
        "Content-Type": "application/json; charset=utf-8",
        "Date": "Fri, 02 Jun 2023 19:36:46 GMT",
        "Server": "openresty",
        "Strict-Transport-Security": "max-age=31536000; includeSubDomains",
        "Transfer-Encoding": "chunked",
        "X-Ms-Correlation-Request-Id": "4cc8a32f-e601-4dc9-b7ba-2417338af0a7",
        "x-ms-ratelimit-remaining-calls-per-second": "332.966667"
      },
      "ResponseBody": {
        "access_token": "Sanitized"
      }
    },
    {
      "RequestUri": "https://REDACTED/v2/oci-artifact/manifests/v2",
      "RequestMethod": "PUT",
      "RequestHeaders": {
        "Accept": "application/json",
        "Authorization": "Sanitized",
        "Content-Length": "422",
        "Content-Type": "application/vnd.docker.distribution.manifest.v2\u002Bjson",
        "Date": "Fri, 02 Jun 2023 19:36:46 GMT",
        "User-Agent": "azsdk-java-azure-containers-containerregistry/1.2.0-beta.1 (17.0.4; Windows 11; 10.0)",
        "x-ms-client-request-id": "23973e9b-975c-4c5a-9043-bdb8e26b831c"
      },
      "RequestBody": {
        "schemaVersion": 2,
        "mediaType": "application/vnd.docker.distribution.manifest.v2\u002Bjson",
        "config": {
          "mediaType": "application/vnd.docker.container.image.v1\u002Bjson",
          "size": 171,
          "digest": "sha256:44136fa355b3678a1146ad16f7e8649e94fb4fc21fe77e8310c060f61caaff8a"
        },
        "layers": [
          {
            "mediaType": "application/vnd.docker.image.rootfs.diff.tar.gzip",
            "size": 28,
            "digest": "sha256:b94d27b9934d3e08a52e52d7da7dabfac484efe37a5380ee9088f7ace2efcde9"
          }
        ]
      },
      "StatusCode": 201,
      "ResponseHeaders": {
        "Access-Control-Expose-Headers": [
          "Docker-Content-Digest",
          "WWW-Authenticate",
          "Link",
          "X-Ms-Correlation-Request-Id"
        ],
        "Connection": "keep-alive",
        "Content-Length": "0",
        "Date": "Fri, 02 Jun 2023 19:36:46 GMT",
        "Docker-Content-Digest": "sha256:6581596932dc735fd0df8cc240e6c28845a66829126da5ce25b983cf244e2311",
        "Docker-Distribution-Api-Version": "registry/2.0",
        "Location": "/v2/oci-artifact/manifests/sha256:6581596932dc735fd0df8cc240e6c28845a66829126da5ce25b983cf244e2311",
        "Server": "openresty",
        "Strict-Transport-Security": [
          "max-age=31536000; includeSubDomains",
          "max-age=31536000; includeSubDomains"
        ],
        "X-Content-Type-Options": "nosniff",
        "X-Ms-Client-Request-Id": "23973e9b-975c-4c5a-9043-bdb8e26b831c",
        "X-Ms-Correlation-Request-Id": "7667fbb5-ce1b-460c-bf30-a0fef4539ead",
        "X-Ms-Request-Id": "caeb6bae-05c4-4b6d-b2de-887e91507ee8"
      },
      "ResponseBody": null
    },
    {
      "RequestUri": "https://REDACTED/v2/oci-artifact/manifests/v2",
      "RequestMethod": "GET",
      "RequestHeaders": {
        "Accept": "*/*,application/vnd.oci.image.manifest.v1\u002Bjson,application/vnd.docker.distribution.manifest.v2\u002Bjson,application/vnd.oci.image.index.v1\u002Bjson,application/vnd.docker.distribution.manifest.list.v2\u002Bjson,application/vnd.cncf.oras.artifact.manifest.v1\u002Bjson",
        "Authorization": "Sanitized",
        "Content-Length": "0",
        "Date": "Fri, 02 Jun 2023 19:36:46 GMT",
        "User-Agent": "azsdk-java-azure-containers-containerregistry/1.2.0-beta.1 (17.0.4; Windows 11; 10.0)",
        "x-ms-client-request-id": "eedb9df4-ba34-4c35-b25e-1aa250d95ffe"
      },
      "RequestBody": null,
      "StatusCode": 200,
      "ResponseHeaders": {
        "Access-Control-Expose-Headers": [
          "Docker-Content-Digest",
          "WWW-Authenticate",
          "Link",
          "X-Ms-Correlation-Request-Id"
        ],
        "Connection": "keep-alive",
        "Content-Length": "422",
        "Content-Type": "application/vnd.docker.distribution.manifest.v2\u002Bjson",
        "Date": "Fri, 02 Jun 2023 19:36:46 GMT",
        "Docker-Content-Digest": "sha256:6581596932dc735fd0df8cc240e6c28845a66829126da5ce25b983cf244e2311",
        "Docker-Distribution-Api-Version": "registry/2.0",
        "ETag": "\u0022sha256:6581596932dc735fd0df8cc240e6c28845a66829126da5ce25b983cf244e2311\u0022",
        "Server": "openresty",
        "Strict-Transport-Security": [
          "max-age=31536000; includeSubDomains",
          "max-age=31536000; includeSubDomains"
        ],
        "X-Content-Type-Options": "nosniff",
        "X-Ms-Client-Request-Id": "eedb9df4-ba34-4c35-b25e-1aa250d95ffe",
        "X-Ms-Correlation-Request-Id": "f05ff6b7-e396-4bc1-8c3c-6fec2d0ecefd",
        "X-Ms-Request-Id": "b297e9f5-c75d-41e0-a6d2-0a2d7e530fe7"
      },
      "ResponseBody": {
        "schemaVersion": 2,
        "mediaType": "application/vnd.docker.distribution.manifest.v2\u002Bjson",
        "config": {
          "mediaType": "application/vnd.docker.container.image.v1\u002Bjson",
          "size": 171,
          "digest": "sha256:44136fa355b3678a1146ad16f7e8649e94fb4fc21fe77e8310c060f61caaff8a"
        },
        "layers": [
          {
            "mediaType": "application/vnd.docker.image.rootfs.diff.tar.gzip",
            "size": 28,
            "digest": "sha256:b94d27b9934d3e08a52e52d7da7dabfac484efe37a5380ee9088f7ace2efcde9"
          }
        ]
      }
    },
    {
      "RequestUri": "https://REDACTED/acr/v1/oci-artifact/_tags?digest=sha256%3A6581596932dc735fd0df8cc240e6c28845a66829126da5ce25b983cf244e2311\u0026api-version=2021-07-01",
      "RequestMethod": "GET",
      "RequestHeaders": {
        "Accept": "application/json",
        "Content-Length": "0",
        "Date": "Fri, 02 Jun 2023 19:36:46 GMT",
        "User-Agent": "azsdk-java-azure-containers-containerregistry/1.2.0-beta.1 (17.0.4; Windows 11; 10.0)",
        "x-ms-client-request-id": "19dab4ff-ede8-4b94-b093-35b4034ef614"
      },
      "RequestBody": null,
      "StatusCode": 401,
      "ResponseHeaders": {
        "Access-Control-Expose-Headers": [
          "Docker-Content-Digest",
          "WWW-Authenticate",
          "Link",
          "X-Ms-Correlation-Request-Id"
        ],
        "Connection": "keep-alive",
        "Content-Length": "215",
        "Content-Type": "application/json; charset=utf-8",
        "Date": "Fri, 02 Jun 2023 19:36:46 GMT",
        "Docker-Distribution-Api-Version": "registry/2.0",
        "Server": "openresty",
        "Strict-Transport-Security": [
          "max-age=31536000; includeSubDomains",
          "max-age=31536000; includeSubDomains"
        ],
        "WWW-Authenticate": "Bearer realm=\u0022https://REDACTED\u0022,service=\u0022REDACTED\u0022,scope=\u0022repository:oci-artifact:metadata_read\u0022",
        "X-Content-Type-Options": "nosniff",
        "X-Ms-Correlation-Request-Id": "063800b1-e66a-433a-aa84-d3adcc6a7d0f"
      },
      "ResponseBody": {
        "errors": [
          {
            "code": "UNAUTHORIZED",
            "message": "authentication required, visit https://aka.ms/acr/authorization for more information.",
            "detail": [
              {
                "Type": "repository",
                "Name": "oci-artifact",
                "Action": "metadata_read"
              }
            ]
          }
        ]
      }
    },
    {
      "RequestUri": "https://REDACTED/oauth2/exchange?api-version=2021-07-01",
      "RequestMethod": "POST",
      "RequestHeaders": {
        "Accept": "application/json",
        "Content-Length": "62",
        "Content-Type": "application/x-www-form-urlencoded",
        "Date": "Fri, 02 Jun 2023 19:36:46 GMT",
        "User-Agent": "azsdk-java-azure-containers-containerregistry/1.2.0-beta.1 (17.0.4; Windows 11; 10.0)",
        "x-ms-client-request-id": "ef1f3795-44da-4556-83eb-299dba8cef2c"
      },
      "RequestBody": "grant_type=access_token\u0026service=REDACTED\u0026access_token=REDACTED",
      "StatusCode": 200,
      "ResponseHeaders": {
        "Connection": "keep-alive",
        "Content-Type": "application/json; charset=utf-8",
        "Date": "Fri, 02 Jun 2023 19:36:47 GMT",
        "Server": "openresty",
        "Strict-Transport-Security": "max-age=31536000; includeSubDomains",
        "Transfer-Encoding": "chunked",
        "X-Ms-Correlation-Request-Id": "275fd9cb-03c7-44f3-bd12-0ef836d7a80a",
        "x-ms-ratelimit-remaining-calls-per-second": "332.95"
      },
      "ResponseBody": {
        "refresh_token": "Sanitized"
      }
    },
    {
      "RequestUri": "https://REDACTED/oauth2/token?api-version=2021-07-01",
      "RequestMethod": "POST",
      "RequestHeaders": {
        "Accept": "application/json",
        "Content-Length": "112",
        "Content-Type": "application/x-www-form-urlencoded",
        "Date": "Fri, 02 Jun 2023 19:36:47 GMT",
        "User-Agent": "azsdk-java-azure-containers-containerregistry/1.2.0-beta.1 (17.0.4; Windows 11; 10.0)",
        "x-ms-client-request-id": "f03713aa-d791-4400-a4d5-a6c17b00dfbe"
      },
      "RequestBody": "service=REDACTED\u0026scope=repository%3Aoci-artifact%3Ametadata_read\u0026refresh_token=REDACTED\u0026grant_type=refresh_token",
      "StatusCode": 200,
      "ResponseHeaders": {
        "Connection": "keep-alive",
        "Content-Type": "application/json; charset=utf-8",
        "Date": "Fri, 02 Jun 2023 19:36:47 GMT",
        "Server": "openresty",
        "Strict-Transport-Security": "max-age=31536000; includeSubDomains",
        "Transfer-Encoding": "chunked",
        "X-Ms-Correlation-Request-Id": "a8d7b1d7-a5f1-4cb2-8660-60608d12925c",
        "x-ms-ratelimit-remaining-calls-per-second": "332.933333"
      },
      "ResponseBody": {
        "access_token": "Sanitized"
      }
    },
    {
      "RequestUri": "https://REDACTED/acr/v1/oci-artifact/_tags?digest=sha256%3A6581596932dc735fd0df8cc240e6c28845a66829126da5ce25b983cf244e2311\u0026api-version=2021-07-01",
      "RequestMethod": "GET",
      "RequestHeaders": {
        "Accept": "application/json",
        "Authorization": "Sanitized",
        "Content-Length": "0",
        "Date": "Fri, 02 Jun 2023 19:36:46 GMT",
        "User-Agent": "azsdk-java-azure-containers-containerregistry/1.2.0-beta.1 (17.0.4; Windows 11; 10.0)",
        "x-ms-client-request-id": "19dab4ff-ede8-4b94-b093-35b4034ef614"
      },
      "RequestBody": null,
      "StatusCode": 200,
      "ResponseHeaders": {
        "Access-Control-Expose-Headers": [
          "Docker-Content-Digest",
          "WWW-Authenticate",
          "Link",
          "X-Ms-Correlation-Request-Id"
        ],
        "Connection": "keep-alive",
        "Content-Length": "384",
        "Content-Type": "application/json; charset=utf-8",
        "Date": "Fri, 02 Jun 2023 19:36:47 GMT",
        "Docker-Distribution-Api-Version": "registry/2.0",
        "Server": "openresty",
        "Strict-Transport-Security": [
          "max-age=31536000; includeSubDomains",
          "max-age=31536000; includeSubDomains"
        ],
        "X-Content-Type-Options": "nosniff",
        "X-Ms-Correlation-Request-Id": "16d9e5cc-93b1-4a3b-8be8-e1453bc8ce52"
      },
      "ResponseBody": {
        "registry": "limolkovaacr.azurecr.io",
        "imageName": "oci-artifact",
        "tags": [
          {
            "name": "v2",
            "digest": "sha256:6581596932dc735fd0df8cc240e6c28845a66829126da5ce25b983cf244e2311",
            "createdTime": "2023-03-22T01:29:20.8981002Z",
            "lastUpdateTime": "2023-03-22T01:29:20.8981002Z",
            "signed": false,
            "changeableAttributes": {
              "deleteEnabled": true,
              "writeEnabled": true,
              "readEnabled": true,
              "listEnabled": true
            }
          }
        ]
      }
    },
    {
      "RequestUri": "https://REDACTED/acr/v1/oci-artifact/_tags?digest=sha256%3A6581596932dc735fd0df8cc240e6c28845a66829126da5ce25b983cf244e2311\u0026api-version=2021-07-01",
      "RequestMethod": "GET",
      "RequestHeaders": {
        "Accept": "application/json",
        "Authorization": "Sanitized",
        "Content-Length": "0",
        "Date": "Fri, 02 Jun 2023 19:36:47 GMT",
        "User-Agent": "azsdk-java-azure-containers-containerregistry/1.2.0-beta.1 (17.0.4; Windows 11; 10.0)",
        "x-ms-client-request-id": "956922f5-63a3-4510-8de8-d1e18e5723c1"
      },
      "RequestBody": null,
      "StatusCode": 200,
      "ResponseHeaders": {
        "Access-Control-Expose-Headers": [
          "Docker-Content-Digest",
          "WWW-Authenticate",
          "Link",
          "X-Ms-Correlation-Request-Id"
        ],
        "Connection": "keep-alive",
        "Content-Length": "384",
        "Content-Type": "application/json; charset=utf-8",
        "Date": "Fri, 02 Jun 2023 19:36:47 GMT",
        "Docker-Distribution-Api-Version": "registry/2.0",
        "Server": "openresty",
        "Strict-Transport-Security": [
          "max-age=31536000; includeSubDomains",
          "max-age=31536000; includeSubDomains"
        ],
        "X-Content-Type-Options": "nosniff",
        "X-Ms-Correlation-Request-Id": "9ba0e1f2-e2c1-4e5d-a92c-4799cbe671d6"
      },
      "ResponseBody": {
        "registry": "limolkovaacr.azurecr.io",
        "imageName": "oci-artifact",
        "tags": [
          {
            "name": "v2",
            "digest": "sha256:6581596932dc735fd0df8cc240e6c28845a66829126da5ce25b983cf244e2311",
            "createdTime": "2023-03-22T01:29:20.8981002Z",
            "lastUpdateTime": "2023-03-22T01:29:20.8981002Z",
            "signed": false,
            "changeableAttributes": {
              "deleteEnabled": true,
              "writeEnabled": true,
              "readEnabled": true,
              "listEnabled": true
            }
          }
        ]
      }
    },
    {
      "RequestUri": "https://REDACTED/v2/oci-artifact/blobs/sha256:44136fa355b3678a1146ad16f7e8649e94fb4fc21fe77e8310c060f61caaff8a",
      "RequestMethod": "DELETE",
      "RequestHeaders": {
        "Accept": "*/*",
        "Authorization": "Sanitized",
        "Content-Length": "0",
        "Date": "Fri, 02 Jun 2023 19:36:47 GMT",
        "User-Agent": "azsdk-java-azure-containers-containerregistry/1.2.0-beta.1 (17.0.4; Windows 11; 10.0)",
        "x-ms-client-request-id": "4826c560-758c-427e-b2ab-81aec8428ac1"
      },
      "RequestBody": null,
      "StatusCode": 401,
      "ResponseHeaders": {
        "Access-Control-Expose-Headers": [
          "Docker-Content-Digest",
          "WWW-Authenticate",
          "Link",
          "X-Ms-Correlation-Request-Id"
        ],
        "Connection": "keep-alive",
        "Content-Length": "208",
        "Content-Type": "application/json; charset=utf-8",
        "Date": "Fri, 02 Jun 2023 19:36:47 GMT",
        "Docker-Distribution-Api-Version": "registry/2.0",
        "Server": "openresty",
        "Strict-Transport-Security": [
          "max-age=31536000; includeSubDomains",
          "max-age=31536000; includeSubDomains"
        ],
        "WWW-Authenticate": "Bearer realm=\u0022https://REDACTED\u0022,service=\u0022REDACTED\u0022,scope=\u0022repository:oci-artifact:delete\u0022,error=\u0022insufficient_scope\u0022",
        "X-Content-Type-Options": "nosniff",
        "X-Ms-Correlation-Request-Id": "980d47d8-c2e6-406f-bd7c-e259ca34fc4b"
      },
      "ResponseBody": {
        "errors": [
          {
            "code": "UNAUTHORIZED",
            "message": "authentication required, visit https://aka.ms/acr/authorization for more information.",
            "detail": [
              {
                "Type": "repository",
                "Name": "oci-artifact",
                "Action": "delete"
              }
            ]
          }
        ]
      }
    },
    {
      "RequestUri": "https://REDACTED/oauth2/exchange?api-version=2021-07-01",
      "RequestMethod": "POST",
      "RequestHeaders": {
        "Accept": "application/json",
        "Content-Length": "62",
        "Content-Type": "application/x-www-form-urlencoded",
        "Date": "Fri, 02 Jun 2023 19:36:47 GMT",
        "User-Agent": "azsdk-java-azure-containers-containerregistry/1.2.0-beta.1 (17.0.4; Windows 11; 10.0)",
        "x-ms-client-request-id": "7705237e-81bd-4b16-8a09-59063d269e1e"
      },
      "RequestBody": "grant_type=access_token\u0026service=REDACTED\u0026access_token=REDACTED",
      "StatusCode": 200,
      "ResponseHeaders": {
        "Connection": "keep-alive",
        "Content-Type": "application/json; charset=utf-8",
        "Date": "Fri, 02 Jun 2023 19:36:47 GMT",
        "Server": "openresty",
        "Strict-Transport-Security": "max-age=31536000; includeSubDomains",
        "Transfer-Encoding": "chunked",
        "X-Ms-Correlation-Request-Id": "8bb90f15-8f21-4c87-b15b-2736ee10dedf",
        "x-ms-ratelimit-remaining-calls-per-second": "332.916667"
      },
      "ResponseBody": {
        "refresh_token": "Sanitized"
      }
    },
    {
      "RequestUri": "https://REDACTED/oauth2/token?api-version=2021-07-01",
      "RequestMethod": "POST",
      "RequestHeaders": {
        "Accept": "application/json",
        "Content-Length": "105",
        "Content-Type": "application/x-www-form-urlencoded",
        "Date": "Fri, 02 Jun 2023 19:36:47 GMT",
        "User-Agent": "azsdk-java-azure-containers-containerregistry/1.2.0-beta.1 (17.0.4; Windows 11; 10.0)",
        "x-ms-client-request-id": "e0211013-1461-4992-b0fd-2d2e280fc85b"
      },
      "RequestBody": "service=REDACTED\u0026scope=repository%3Aoci-artifact%3Adelete\u0026refresh_token=REDACTED\u0026grant_type=refresh_token",
      "StatusCode": 200,
      "ResponseHeaders": {
        "Connection": "keep-alive",
        "Content-Type": "application/json; charset=utf-8",
        "Date": "Fri, 02 Jun 2023 19:36:47 GMT",
        "Server": "openresty",
        "Strict-Transport-Security": "max-age=31536000; includeSubDomains",
        "Transfer-Encoding": "chunked",
        "X-Ms-Correlation-Request-Id": "e56e5247-c805-4ed3-962e-b11d5cc8da67",
        "x-ms-ratelimit-remaining-calls-per-second": "332.9"
      },
      "ResponseBody": {
        "access_token": "Sanitized"
      }
    },
    {
      "RequestUri": "https://REDACTED/v2/oci-artifact/blobs/sha256:44136fa355b3678a1146ad16f7e8649e94fb4fc21fe77e8310c060f61caaff8a",
      "RequestMethod": "DELETE",
      "RequestHeaders": {
        "Accept": "*/*",
        "Authorization": "Sanitized",
        "Content-Length": "0",
        "Date": "Fri, 02 Jun 2023 19:36:47 GMT",
        "User-Agent": "azsdk-java-azure-containers-containerregistry/1.2.0-beta.1 (17.0.4; Windows 11; 10.0)",
        "x-ms-client-request-id": "4826c560-758c-427e-b2ab-81aec8428ac1"
      },
      "RequestBody": null,
      "StatusCode": 202,
      "ResponseHeaders": {
        "Access-Control-Expose-Headers": [
          "Docker-Content-Digest",
          "WWW-Authenticate",
          "Link",
          "X-Ms-Correlation-Request-Id"
        ],
        "Connection": "keep-alive",
        "Content-Length": "0",
        "Date": "Fri, 02 Jun 2023 19:36:47 GMT",
        "Docker-Distribution-Api-Version": "registry/2.0",
        "Server": "openresty",
        "Strict-Transport-Security": [
          "max-age=31536000; includeSubDomains",
          "max-age=31536000; includeSubDomains"
        ],
        "X-Content-Type-Options": "nosniff",
        "X-Ms-Client-Request-Id": "4826c560-758c-427e-b2ab-81aec8428ac1",
        "X-Ms-Correlation-Request-Id": "fe70569f-ab7d-47d7-9164-ec34c6d1474c",
        "X-Ms-Ratelimit-Remaining-Calls-Per-Second": "32.000000",
        "X-Ms-Request-Id": "3ed320ab-7254-4286-b9a4-03fbfa587b27"
      },
      "ResponseBody": null
    },
    {
      "RequestUri": "https://REDACTED/v2/oci-artifact/blobs/sha256:b94d27b9934d3e08a52e52d7da7dabfac484efe37a5380ee9088f7ace2efcde9",
      "RequestMethod": "DELETE",
      "RequestHeaders": {
        "Accept": "*/*",
        "Authorization": "Sanitized",
        "Content-Length": "0",
        "Date": "Fri, 02 Jun 2023 19:36:47 GMT",
        "User-Agent": "azsdk-java-azure-containers-containerregistry/1.2.0-beta.1 (17.0.4; Windows 11; 10.0)",
        "x-ms-client-request-id": "add76d64-ba47-444b-91b1-0a492870951a"
      },
      "RequestBody": null,
      "StatusCode": 202,
      "ResponseHeaders": {
        "Access-Control-Expose-Headers": [
          "Docker-Content-Digest",
          "WWW-Authenticate",
          "Link",
          "X-Ms-Correlation-Request-Id"
        ],
        "Connection": "keep-alive",
        "Content-Length": "0",
        "Date": "Fri, 02 Jun 2023 19:36:47 GMT",
        "Docker-Distribution-Api-Version": "registry/2.0",
        "Server": "openresty",
        "Strict-Transport-Security": [
          "max-age=31536000; includeSubDomains",
          "max-age=31536000; includeSubDomains"
        ],
        "X-Content-Type-Options": "nosniff",
        "X-Ms-Client-Request-Id": "add76d64-ba47-444b-91b1-0a492870951a",
        "X-Ms-Correlation-Request-Id": "c22f813a-26a4-483e-869b-7680bf00b13e",
        "X-Ms-Ratelimit-Remaining-Calls-Per-Second": "31.000000",
        "X-Ms-Request-Id": "91379e52-53d9-4333-8bbd-2633c1bb6ef0"
      },
      "ResponseBody": null
    },
    {
      "RequestUri": "https://REDACTED/v2/oci-artifact/manifests/sha256:492bc88863bdf51159c4efe84e851c48d7034881159b56c4338003e50e801598",
      "RequestMethod": "DELETE",
      "RequestHeaders": {
        "Accept": "application/json",
        "Authorization": "Sanitized",
        "Content-Length": "0",
        "Date": "Fri, 02 Jun 2023 19:36:47 GMT",
        "User-Agent": "azsdk-java-azure-containers-containerregistry/1.2.0-beta.1 (17.0.4; Windows 11; 10.0)",
        "x-ms-client-request-id": "ab014c77-6486-44d4-8bd1-cb7f7bce4459"
      },
      "RequestBody": null,
      "StatusCode": 404,
      "ResponseHeaders": {
        "Access-Control-Expose-Headers": [
          "Docker-Content-Digest",
          "WWW-Authenticate",
          "Link",
          "X-Ms-Correlation-Request-Id"
        ],
        "Connection": "keep-alive",
        "Content-Length": "147",
        "Content-Type": "application/json; charset=utf-8",
        "Date": "Fri, 02 Jun 2023 19:36:47 GMT",
        "Docker-Distribution-Api-Version": "registry/2.0",
        "Server": "openresty",
        "Strict-Transport-Security": [
          "max-age=31536000; includeSubDomains",
          "max-age=31536000; includeSubDomains"
        ],
        "X-Content-Type-Options": "nosniff",
        "X-Ms-Client-Request-Id": "ab014c77-6486-44d4-8bd1-cb7f7bce4459",
        "X-Ms-Correlation-Request-Id": "ef4545cc-ee21-4b79-8609-6f978061e4bb",
        "X-Ms-Ratelimit-Remaining-Calls-Per-Second": "30.000000",
        "X-Ms-Request-Id": "f20edabb-25ba-43c2-b392-876328d30cab"
      },
      "ResponseBody": {
        "errors": [
          {
            "code": "MANIFEST_UNKNOWN",
            "message": "manifest sha256:492bc88863bdf51159c4efe84e851c48d7034881159b56c4338003e50e801598 is not found"
          }
        ]
      }
    }
  ],
  "Variables": {}
}
