{
  "Entries": [
    {
      "RequestUri": "https://REDACTED/v2/oci-artifact/blobs/uploads/",
      "RequestMethod": "POST",
      "RequestHeaders": {
        "Accept": "application/json",
        "Content-Length": "0",
        "Date": "Fri, 02 Jun 2023 19:36:55 GMT",
        "User-Agent": "azsdk-java-azure-containers-containerregistry/1.2.0-beta.1 (17.0.4; Windows 11; 10.0)",
        "x-ms-client-request-id": "2b94f134-abd9-409f-aeff-622de2e26d7e"
      },
      "RequestBody": null,
      "StatusCode": 401,
      "ResponseHeaders": {
        "Access-Control-Expose-Headers": [
          "Docker-Content-Digest",
          "WWW-Authenticate",
          "Link",
          "X-Ms-Correlation-Request-Id"
        ],
        "Connection": "keep-alive",
        "Content-Length": "266",
        "Content-Type": "application/json; charset=utf-8",
        "Date": "Fri, 02 Jun 2023 19:36:55 GMT",
        "Docker-Distribution-Api-Version": "registry/2.0",
        "Server": "openresty",
        "Strict-Transport-Security": [
          "max-age=31536000; includeSubDomains",
          "max-age=31536000; includeSubDomains"
        ],
        "WWW-Authenticate": "Bearer realm=\u0022https://REDACTED\u0022,service=\u0022REDACTED\u0022,scope=\u0022repository:oci-artifact:pull,push\u0022",
        "X-Content-Type-Options": "nosniff",
        "X-Ms-Correlation-Request-Id": "3c73d0f2-9806-42fe-b531-152e30240009"
      },
      "ResponseBody": {
        "errors": [
          {
            "code": "UNAUTHORIZED",
            "message": "authentication required, visit https://aka.ms/acr/authorization for more information.",
            "detail": [
              {
                "Type": "repository",
                "Name": "oci-artifact",
                "Action": "pull"
              },
              {
                "Type": "repository",
                "Name": "oci-artifact",
                "Action": "push"
              }
            ]
          }
        ]
      }
    },
    {
      "RequestUri": "https://REDACTED/oauth2/exchange?api-version=2021-07-01",
      "RequestMethod": "POST",
      "RequestHeaders": {
        "Accept": "application/json",
        "Content-Length": "62",
        "Content-Type": "application/x-www-form-urlencoded",
        "Date": "Fri, 02 Jun 2023 19:36:55 GMT",
        "User-Agent": "azsdk-java-azure-containers-containerregistry/1.2.0-beta.1 (17.0.4; Windows 11; 10.0)",
        "x-ms-client-request-id": "7370cd66-27b1-4904-ac02-2441f28e270c"
      },
      "RequestBody": "grant_type=access_token\u0026service=REDACTED\u0026access_token=REDACTED",
      "StatusCode": 200,
      "ResponseHeaders": {
        "Connection": "keep-alive",
        "Content-Type": "application/json; charset=utf-8",
        "Date": "Fri, 02 Jun 2023 19:36:55 GMT",
        "Server": "openresty",
        "Strict-Transport-Security": "max-age=31536000; includeSubDomains",
        "Transfer-Encoding": "chunked",
        "X-Ms-Correlation-Request-Id": "f36fb2ec-0d10-4971-804b-4e38656298fc",
        "x-ms-ratelimit-remaining-calls-per-second": "333.016667"
      },
      "ResponseBody": {
        "refresh_token": "Sanitized"
      }
    },
    {
      "RequestUri": "https://REDACTED/oauth2/token?api-version=2021-07-01",
      "RequestMethod": "POST",
      "RequestHeaders": {
        "Accept": "application/json",
        "Content-Length": "110",
        "Content-Type": "application/x-www-form-urlencoded",
        "Date": "Fri, 02 Jun 2023 19:36:55 GMT",
        "User-Agent": "azsdk-java-azure-containers-containerregistry/1.2.0-beta.1 (17.0.4; Windows 11; 10.0)",
        "x-ms-client-request-id": "5e21831b-a4e9-4ec8-9bc6-99c4cbd00f48"
      },
      "RequestBody": "service=REDACTED\u0026scope=repository%3Aoci-artifact%3Apull%2Cpush\u0026refresh_token=REDACTED\u0026grant_type=refresh_token",
      "StatusCode": 200,
      "ResponseHeaders": {
        "Connection": "keep-alive",
        "Content-Type": "application/json; charset=utf-8",
        "Date": "Fri, 02 Jun 2023 19:36:55 GMT",
        "Server": "openresty",
        "Strict-Transport-Security": "max-age=31536000; includeSubDomains",
        "Transfer-Encoding": "chunked",
        "X-Ms-Correlation-Request-Id": "3225374a-ef5a-4215-9607-5729235240f6",
        "x-ms-ratelimit-remaining-calls-per-second": "333"
      },
      "ResponseBody": {
        "access_token": "Sanitized"
      }
    },
    {
      "RequestUri": "https://REDACTED/v2/oci-artifact/blobs/uploads/",
      "RequestMethod": "POST",
      "RequestHeaders": {
        "Accept": "application/json",
        "Authorization": "Sanitized",
        "Content-Length": "0",
        "Date": "Fri, 02 Jun 2023 19:36:55 GMT",
        "User-Agent": "azsdk-java-azure-containers-containerregistry/1.2.0-beta.1 (17.0.4; Windows 11; 10.0)",
        "x-ms-client-request-id": "2b94f134-abd9-409f-aeff-622de2e26d7e"
      },
      "RequestBody": null,
      "StatusCode": 202,
      "ResponseHeaders": {
        "Access-Control-Expose-Headers": [
          "Docker-Content-Digest",
          "WWW-Authenticate",
          "Link",
          "X-Ms-Correlation-Request-Id"
        ],
        "Connection": "keep-alive",
        "Content-Length": "0",
        "Date": "Fri, 02 Jun 2023 19:36:55 GMT",
        "Docker-Distribution-Api-Version": "registry/2.0",
        "Docker-Upload-Uuid": "3cb3abcf-c67c-46df-aab4-726e25df4dc5",
        "Location": "/v2/oci-artifact/blobs/uploads/3cb3abcf-c67c-46df-aab4-726e25df4dc5?_nouploadcache=false\u0026_state=cKzX5S1HUaTtxCEpcXrxBg5DYlOjnRrXsDgQpRZZv3h7Ik5hbWUiOiJvY2ktYXJ0aWZhY3QiLCJVVUlEIjoiM2NiM2FiY2YtYzY3Yy00NmRmLWFhYjQtNzI2ZTI1ZGY0ZGM1IiwiT2Zmc2V0IjowLCJTdGFydGVkQXQiOiIyMDIzLTA2LTAyVDE5OjM2OjU1LjkyNTQ4OTkyOVoifQ%3D%3D",
        "Range": "0-0",
        "Server": "openresty",
        "Strict-Transport-Security": [
          "max-age=31536000; includeSubDomains",
          "max-age=31536000; includeSubDomains"
        ],
        "X-Content-Type-Options": "nosniff",
        "X-Ms-Client-Request-Id": "2b94f134-abd9-409f-aeff-622de2e26d7e",
        "X-Ms-Correlation-Request-Id": "330d02bb-b0c1-47f5-9727-182c3c46c8ba",
        "X-Ms-Request-Id": "2be9765d-e993-48b0-b5fe-ff80e28d47f9"
      },
      "ResponseBody": null
    },
    {
      "RequestUri": "https://REDACTED/v2/oci-artifact/blobs/uploads/3cb3abcf-c67c-46df-aab4-726e25df4dc5?_nouploadcache=false\u0026_state=cKzX5S1HUaTtxCEpcXrxBg5DYlOjnRrXsDgQpRZZv3h7Ik5hbWUiOiJvY2ktYXJ0aWZhY3QiLCJVVUlEIjoiM2NiM2FiY2YtYzY3Yy00NmRmLWFhYjQtNzI2ZTI1ZGY0ZGM1IiwiT2Zmc2V0IjowLCJTdGFydGVkQXQiOiIyMDIzLTA2LTAyVDE5OjM2OjU1LjkyNTQ4OTkyOVoifQ%3D%3D\u0026digest=sha256%3A44136fa355b3678a1146ad16f7e8649e94fb4fc21fe77e8310c060f61caaff8a",
      "RequestMethod": "PUT",
      "RequestHeaders": {
        "Accept": "application/json",
        "Authorization": "Sanitized",
        "Content-Length": "2",
        "Content-Type": "application/octet-stream",
        "Date": "Fri, 02 Jun 2023 19:36:55 GMT",
        "User-Agent": "azsdk-java-azure-containers-containerregistry/1.2.0-beta.1 (17.0.4; Windows 11; 10.0)",
        "x-ms-client-request-id": "e442b3f1-0524-4b43-bd30-af673ea8fa09"
      },
      "RequestBody": "e30=",
      "StatusCode": 201,
      "ResponseHeaders": {
        "Access-Control-Expose-Headers": [
          "Docker-Content-Digest",
          "WWW-Authenticate",
          "Link",
          "X-Ms-Correlation-Request-Id"
        ],
        "Connection": "keep-alive",
        "Content-Length": "0",
        "Date": "Fri, 02 Jun 2023 19:36:56 GMT",
        "Docker-Content-Digest": "sha256:44136fa355b3678a1146ad16f7e8649e94fb4fc21fe77e8310c060f61caaff8a",
        "Docker-Distribution-Api-Version": "registry/2.0",
        "Location": "/v2/oci-artifact/blobs/sha256:44136fa355b3678a1146ad16f7e8649e94fb4fc21fe77e8310c060f61caaff8a",
        "Server": "openresty",
        "Strict-Transport-Security": [
          "max-age=31536000; includeSubDomains",
          "max-age=31536000; includeSubDomains"
        ],
        "X-Content-Type-Options": "nosniff",
        "X-Ms-Client-Request-Id": "e442b3f1-0524-4b43-bd30-af673ea8fa09",
        "X-Ms-Correlation-Request-Id": "59482a94-88a4-4a89-800f-366e6ba13e88",
        "X-Ms-Request-Id": "5a8b97f8-c32f-43fc-87ce-3c298f3dbe3a"
      },
      "ResponseBody": null
    },
    {
      "RequestUri": "https://REDACTED/v2/oci-artifact/blobs/uploads/",
      "RequestMethod": "POST",
      "RequestHeaders": {
        "Accept": "application/json",
        "Authorization": "Sanitized",
        "Content-Length": "0",
        "Date": "Fri, 02 Jun 2023 19:36:56 GMT",
        "User-Agent": "azsdk-java-azure-containers-containerregistry/1.2.0-beta.1 (17.0.4; Windows 11; 10.0)",
        "x-ms-client-request-id": "1231a07e-fadd-4444-aeb0-21cc478906d2"
      },
      "RequestBody": null,
      "StatusCode": 202,
      "ResponseHeaders": {
        "Access-Control-Expose-Headers": [
          "Docker-Content-Digest",
          "WWW-Authenticate",
          "Link",
          "X-Ms-Correlation-Request-Id"
        ],
        "Connection": "keep-alive",
        "Content-Length": "0",
        "Date": "Fri, 02 Jun 2023 19:36:56 GMT",
        "Docker-Distribution-Api-Version": "registry/2.0",
        "Docker-Upload-Uuid": "8bfcbd54-b76a-4187-9c6e-3dba1b2ac63a",
        "Location": "/v2/oci-artifact/blobs/uploads/8bfcbd54-b76a-4187-9c6e-3dba1b2ac63a?_nouploadcache=false\u0026_state=CXK1pqXBNa650cPFEhZsc5TjUUqdHUUXijQGIRZYLMp7Ik5hbWUiOiJvY2ktYXJ0aWZhY3QiLCJVVUlEIjoiOGJmY2JkNTQtYjc2YS00MTg3LTljNmUtM2RiYTFiMmFjNjNhIiwiT2Zmc2V0IjowLCJTdGFydGVkQXQiOiIyMDIzLTA2LTAyVDE5OjM2OjU2LjEwNzkwMjc2M1oifQ%3D%3D",
        "Range": "0-0",
        "Server": "openresty",
        "Strict-Transport-Security": [
          "max-age=31536000; includeSubDomains",
          "max-age=31536000; includeSubDomains"
        ],
        "X-Content-Type-Options": "nosniff",
        "X-Ms-Client-Request-Id": "1231a07e-fadd-4444-aeb0-21cc478906d2",
        "X-Ms-Correlation-Request-Id": "29115d43-56ec-4f7a-bbdc-c736347ead62",
        "X-Ms-Request-Id": "82708557-72f2-46aa-a0fb-2cffd5248138"
      },
      "ResponseBody": null
    },
    {
      "RequestUri": "https://REDACTED/v2/oci-artifact/blobs/uploads/8bfcbd54-b76a-4187-9c6e-3dba1b2ac63a?_nouploadcache=false\u0026_state=CXK1pqXBNa650cPFEhZsc5TjUUqdHUUXijQGIRZYLMp7Ik5hbWUiOiJvY2ktYXJ0aWZhY3QiLCJVVUlEIjoiOGJmY2JkNTQtYjc2YS00MTg3LTljNmUtM2RiYTFiMmFjNjNhIiwiT2Zmc2V0IjowLCJTdGFydGVkQXQiOiIyMDIzLTA2LTAyVDE5OjM2OjU2LjEwNzkwMjc2M1oifQ%3D%3D\u0026digest=sha256%3Ab94d27b9934d3e08a52e52d7da7dabfac484efe37a5380ee9088f7ace2efcde9",
      "RequestMethod": "PUT",
      "RequestHeaders": {
        "Accept": "application/json",
        "Authorization": "Sanitized",
        "Content-Length": "11",
        "Content-Type": "application/octet-stream",
        "Date": "Fri, 02 Jun 2023 19:36:56 GMT",
        "User-Agent": "azsdk-java-azure-containers-containerregistry/1.2.0-beta.1 (17.0.4; Windows 11; 10.0)",
        "x-ms-client-request-id": "b994f600-f8a1-41ec-bb27-224fb7f7c826"
      },
      "RequestBody": "aGVsbG8gd29ybGQ=",
      "StatusCode": 201,
      "ResponseHeaders": {
        "Access-Control-Expose-Headers": [
          "Docker-Content-Digest",
          "WWW-Authenticate",
          "Link",
          "X-Ms-Correlation-Request-Id"
        ],
        "Connection": "keep-alive",
        "Content-Length": "0",
        "Date": "Fri, 02 Jun 2023 19:36:56 GMT",
        "Docker-Content-Digest": "sha256:b94d27b9934d3e08a52e52d7da7dabfac484efe37a5380ee9088f7ace2efcde9",
        "Docker-Distribution-Api-Version": "registry/2.0",
        "Location": "/v2/oci-artifact/blobs/sha256:b94d27b9934d3e08a52e52d7da7dabfac484efe37a5380ee9088f7ace2efcde9",
        "Server": "openresty",
        "Strict-Transport-Security": [
          "max-age=31536000; includeSubDomains",
          "max-age=31536000; includeSubDomains"
        ],
        "X-Content-Type-Options": "nosniff",
        "X-Ms-Client-Request-Id": "b994f600-f8a1-41ec-bb27-224fb7f7c826",
        "X-Ms-Correlation-Request-Id": "2aede76c-49df-491e-abd5-1f7b0179a013",
        "X-Ms-Request-Id": "31f31337-81c6-43c4-a206-c34262f04a71"
      },
      "ResponseBody": null
    },
    {
      "RequestUri": "https://REDACTED/v2/oci-artifact/manifests/v2",
      "RequestMethod": "PUT",
      "RequestHeaders": {
        "Accept": "application/json",
        "Authorization": "Sanitized",
        "Content-Length": "422",
        "Content-Type": "application/vnd.docker.distribution.manifest.v2\u002Bjson",
        "Date": "Fri, 02 Jun 2023 19:36:56 GMT",
        "User-Agent": "azsdk-java-azure-containers-containerregistry/1.2.0-beta.1 (17.0.4; Windows 11; 10.0)",
        "x-ms-client-request-id": "c70a536f-5c88-4d53-b9d3-f63f78fa832c"
      },
      "RequestBody": {
        "schemaVersion": 2,
        "mediaType": "application/vnd.docker.distribution.manifest.v2\u002Bjson",
        "config": {
          "mediaType": "application/vnd.docker.container.image.v1\u002Bjson",
          "size": 171,
          "digest": "sha256:44136fa355b3678a1146ad16f7e8649e94fb4fc21fe77e8310c060f61caaff8a"
        },
        "layers": [
          {
            "mediaType": "application/vnd.docker.image.rootfs.diff.tar.gzip",
            "size": 28,
            "digest": "sha256:b94d27b9934d3e08a52e52d7da7dabfac484efe37a5380ee9088f7ace2efcde9"
          }
        ]
      },
      "StatusCode": 201,
      "ResponseHeaders": {
        "Access-Control-Expose-Headers": [
          "Docker-Content-Digest",
          "WWW-Authenticate",
          "Link",
          "X-Ms-Correlation-Request-Id"
        ],
        "Connection": "keep-alive",
        "Content-Length": "0",
        "Date": "Fri, 02 Jun 2023 19:36:56 GMT",
        "Docker-Content-Digest": "sha256:6581596932dc735fd0df8cc240e6c28845a66829126da5ce25b983cf244e2311",
        "Docker-Distribution-Api-Version": "registry/2.0",
        "Location": "/v2/oci-artifact/manifests/sha256:6581596932dc735fd0df8cc240e6c28845a66829126da5ce25b983cf244e2311",
        "Server": "openresty",
        "Strict-Transport-Security": [
          "max-age=31536000; includeSubDomains",
          "max-age=31536000; includeSubDomains"
        ],
        "X-Content-Type-Options": "nosniff",
        "X-Ms-Client-Request-Id": "c70a536f-5c88-4d53-b9d3-f63f78fa832c",
        "X-Ms-Correlation-Request-Id": "25950a31-045c-49b6-b4f6-655f03fb756a",
        "X-Ms-Request-Id": "ece0428b-400b-4c06-b54f-7ed4f2bc175a"
      },
      "ResponseBody": null
    },
    {
      "RequestUri": "https://REDACTED/v2/oci-artifact/manifests/v2",
      "RequestMethod": "GET",
      "RequestHeaders": {
        "Accept": "*/*,application/vnd.oci.image.manifest.v1\u002Bjson,application/vnd.docker.distribution.manifest.v2\u002Bjson,application/vnd.oci.image.index.v1\u002Bjson,application/vnd.docker.distribution.manifest.list.v2\u002Bjson,application/vnd.cncf.oras.artifact.manifest.v1\u002Bjson",
        "Authorization": "Sanitized",
        "Content-Length": "0",
        "Date": "Fri, 02 Jun 2023 19:36:56 GMT",
        "User-Agent": "azsdk-java-azure-containers-containerregistry/1.2.0-beta.1 (17.0.4; Windows 11; 10.0)",
        "x-ms-client-request-id": "7bd555aa-d63f-4f1f-928f-a68d9278f3c8"
      },
      "RequestBody": null,
      "StatusCode": 200,
      "ResponseHeaders": {
        "Access-Control-Expose-Headers": [
          "Docker-Content-Digest",
          "WWW-Authenticate",
          "Link",
          "X-Ms-Correlation-Request-Id"
        ],
        "Connection": "keep-alive",
        "Content-Length": "422",
        "Content-Type": "application/vnd.docker.distribution.manifest.v2\u002Bjson",
        "Date": "Fri, 02 Jun 2023 19:36:56 GMT",
        "Docker-Content-Digest": "sha256:6581596932dc735fd0df8cc240e6c28845a66829126da5ce25b983cf244e2311",
        "Docker-Distribution-Api-Version": "registry/2.0",
        "ETag": "\u0022sha256:6581596932dc735fd0df8cc240e6c28845a66829126da5ce25b983cf244e2311\u0022",
        "Server": "openresty",
        "Strict-Transport-Security": [
          "max-age=31536000; includeSubDomains",
          "max-age=31536000; includeSubDomains"
        ],
        "X-Content-Type-Options": "nosniff",
        "X-Ms-Client-Request-Id": "7bd555aa-d63f-4f1f-928f-a68d9278f3c8",
        "X-Ms-Correlation-Request-Id": "6f6c74e1-7102-4e11-9e6d-383fe6c47c04",
        "X-Ms-Request-Id": "395858ab-d77f-49bc-a7f7-803c01240bcd"
      },
      "ResponseBody": {
        "schemaVersion": 2,
        "mediaType": "application/vnd.docker.distribution.manifest.v2\u002Bjson",
        "config": {
          "mediaType": "application/vnd.docker.container.image.v1\u002Bjson",
          "size": 171,
          "digest": "sha256:44136fa355b3678a1146ad16f7e8649e94fb4fc21fe77e8310c060f61caaff8a"
        },
        "layers": [
          {
            "mediaType": "application/vnd.docker.image.rootfs.diff.tar.gzip",
            "size": 28,
            "digest": "sha256:b94d27b9934d3e08a52e52d7da7dabfac484efe37a5380ee9088f7ace2efcde9"
          }
        ]
      }
    },
    {
      "RequestUri": "https://REDACTED/acr/v1/oci-artifact/_tags?digest=sha256%3A6581596932dc735fd0df8cc240e6c28845a66829126da5ce25b983cf244e2311\u0026api-version=2021-07-01",
      "RequestMethod": "GET",
      "RequestHeaders": {
        "Accept": "application/json",
        "Content-Length": "0",
        "Date": "Fri, 02 Jun 2023 19:36:56 GMT",
        "User-Agent": "azsdk-java-azure-containers-containerregistry/1.2.0-beta.1 (17.0.4; Windows 11; 10.0)",
        "x-ms-client-request-id": "1e550844-dda5-4cef-9eeb-d5efbd109e8e"
      },
      "RequestBody": null,
      "StatusCode": 401,
      "ResponseHeaders": {
        "Access-Control-Expose-Headers": [
          "Docker-Content-Digest",
          "WWW-Authenticate",
          "Link",
          "X-Ms-Correlation-Request-Id"
        ],
        "Connection": "keep-alive",
        "Content-Length": "215",
        "Content-Type": "application/json; charset=utf-8",
        "Date": "Fri, 02 Jun 2023 19:36:56 GMT",
        "Docker-Distribution-Api-Version": "registry/2.0",
        "Server": "openresty",
        "Strict-Transport-Security": [
          "max-age=31536000; includeSubDomains",
          "max-age=31536000; includeSubDomains"
        ],
        "WWW-Authenticate": "Bearer realm=\u0022https://REDACTED\u0022,service=\u0022REDACTED\u0022,scope=\u0022repository:oci-artifact:metadata_read\u0022",
        "X-Content-Type-Options": "nosniff",
        "X-Ms-Correlation-Request-Id": "c5500113-59af-46c2-8244-962ca815e0e3"
      },
      "ResponseBody": {
        "errors": [
          {
            "code": "UNAUTHORIZED",
            "message": "authentication required, visit https://aka.ms/acr/authorization for more information.",
            "detail": [
              {
                "Type": "repository",
                "Name": "oci-artifact",
                "Action": "metadata_read"
              }
            ]
          }
        ]
      }
    },
    {
      "RequestUri": "https://REDACTED/oauth2/exchange?api-version=2021-07-01",
      "RequestMethod": "POST",
      "RequestHeaders": {
        "Accept": "application/json",
        "Content-Length": "62",
        "Content-Type": "application/x-www-form-urlencoded",
        "Date": "Fri, 02 Jun 2023 19:36:56 GMT",
        "User-Agent": "azsdk-java-azure-containers-containerregistry/1.2.0-beta.1 (17.0.4; Windows 11; 10.0)",
        "x-ms-client-request-id": "95d32cbe-5cff-4a84-98b4-db02a027b6b1"
      },
      "RequestBody": "grant_type=access_token\u0026service=REDACTED\u0026access_token=REDACTED",
      "StatusCode": 200,
      "ResponseHeaders": {
        "Connection": "keep-alive",
        "Content-Type": "application/json; charset=utf-8",
        "Date": "Fri, 02 Jun 2023 19:36:56 GMT",
        "Server": "openresty",
        "Strict-Transport-Security": "max-age=31536000; includeSubDomains",
        "Transfer-Encoding": "chunked",
        "X-Ms-Correlation-Request-Id": "88105e6b-7889-43c7-8597-e7007f255a2c",
        "x-ms-ratelimit-remaining-calls-per-second": "332.983333"
      },
      "ResponseBody": {
        "refresh_token": "Sanitized"
      }
    },
    {
      "RequestUri": "https://REDACTED/oauth2/token?api-version=2021-07-01",
      "RequestMethod": "POST",
      "RequestHeaders": {
        "Accept": "application/json",
        "Content-Length": "112",
        "Content-Type": "application/x-www-form-urlencoded",
        "Date": "Fri, 02 Jun 2023 19:36:56 GMT",
        "User-Agent": "azsdk-java-azure-containers-containerregistry/1.2.0-beta.1 (17.0.4; Windows 11; 10.0)",
        "x-ms-client-request-id": "e7093831-8830-46a5-bc45-eb14ccdbbc76"
      },
      "RequestBody": "service=REDACTED\u0026scope=repository%3Aoci-artifact%3Ametadata_read\u0026refresh_token=REDACTED\u0026grant_type=refresh_token",
      "StatusCode": 200,
      "ResponseHeaders": {
        "Connection": "keep-alive",
        "Content-Type": "application/json; charset=utf-8",
        "Date": "Fri, 02 Jun 2023 19:36:56 GMT",
        "Server": "openresty",
        "Strict-Transport-Security": "max-age=31536000; includeSubDomains",
        "Transfer-Encoding": "chunked",
        "X-Ms-Correlation-Request-Id": "112145b2-f5ee-447c-8137-45425dce5bee",
        "x-ms-ratelimit-remaining-calls-per-second": "332.966667"
      },
      "ResponseBody": {
        "access_token": "Sanitized"
      }
    },
    {
      "RequestUri": "https://REDACTED/acr/v1/oci-artifact/_tags?digest=sha256%3A6581596932dc735fd0df8cc240e6c28845a66829126da5ce25b983cf244e2311\u0026api-version=2021-07-01",
      "RequestMethod": "GET",
      "RequestHeaders": {
        "Accept": "application/json",
        "Authorization": "Sanitized",
        "Content-Length": "0",
        "Date": "Fri, 02 Jun 2023 19:36:56 GMT",
        "User-Agent": "azsdk-java-azure-containers-containerregistry/1.2.0-beta.1 (17.0.4; Windows 11; 10.0)",
        "x-ms-client-request-id": "1e550844-dda5-4cef-9eeb-d5efbd109e8e"
      },
      "RequestBody": null,
      "StatusCode": 200,
      "ResponseHeaders": {
        "Access-Control-Expose-Headers": [
          "Docker-Content-Digest",
          "WWW-Authenticate",
          "Link",
          "X-Ms-Correlation-Request-Id"
        ],
        "Connection": "keep-alive",
        "Content-Length": "384",
        "Content-Type": "application/json; charset=utf-8",
        "Date": "Fri, 02 Jun 2023 19:36:56 GMT",
        "Docker-Distribution-Api-Version": "registry/2.0",
        "Server": "openresty",
        "Strict-Transport-Security": [
          "max-age=31536000; includeSubDomains",
          "max-age=31536000; includeSubDomains"
        ],
        "X-Content-Type-Options": "nosniff",
        "X-Ms-Correlation-Request-Id": "75d369e3-e6ef-4c5c-b43d-aadd31baf3a0"
      },
      "ResponseBody": {
        "registry": "limolkovaacr.azurecr.io",
        "imageName": "oci-artifact",
        "tags": [
          {
            "name": "v2",
            "digest": "sha256:6581596932dc735fd0df8cc240e6c28845a66829126da5ce25b983cf244e2311",
            "createdTime": "2023-03-22T01:29:20.8981002Z",
            "lastUpdateTime": "2023-03-22T01:29:20.8981002Z",
            "signed": false,
            "changeableAttributes": {
              "deleteEnabled": true,
              "writeEnabled": true,
              "readEnabled": true,
              "listEnabled": true
            }
          }
        ]
      }
    },
    {
      "RequestUri": "https://REDACTED/acr/v1/oci-artifact/_tags?digest=sha256%3A6581596932dc735fd0df8cc240e6c28845a66829126da5ce25b983cf244e2311\u0026api-version=2021-07-01",
      "RequestMethod": "GET",
      "RequestHeaders": {
        "Accept": "application/json",
        "Authorization": "Sanitized",
        "Content-Length": "0",
        "Date": "Fri, 02 Jun 2023 19:36:56 GMT",
        "User-Agent": "azsdk-java-azure-containers-containerregistry/1.2.0-beta.1 (17.0.4; Windows 11; 10.0)",
        "x-ms-client-request-id": "e3d42173-691b-4b69-99c5-1ed7c2d4763c"
      },
      "RequestBody": null,
      "StatusCode": 200,
      "ResponseHeaders": {
        "Access-Control-Expose-Headers": [
          "Docker-Content-Digest",
          "WWW-Authenticate",
          "Link",
          "X-Ms-Correlation-Request-Id"
        ],
        "Connection": "keep-alive",
        "Content-Length": "384",
        "Content-Type": "application/json; charset=utf-8",
        "Date": "Fri, 02 Jun 2023 19:36:56 GMT",
        "Docker-Distribution-Api-Version": "registry/2.0",
        "Server": "openresty",
        "Strict-Transport-Security": [
          "max-age=31536000; includeSubDomains",
          "max-age=31536000; includeSubDomains"
        ],
        "X-Content-Type-Options": "nosniff",
        "X-Ms-Correlation-Request-Id": "d35682eb-5891-4754-b198-477eeec3ce86"
      },
      "ResponseBody": {
        "registry": "limolkovaacr.azurecr.io",
        "imageName": "oci-artifact",
        "tags": [
          {
            "name": "v2",
            "digest": "sha256:6581596932dc735fd0df8cc240e6c28845a66829126da5ce25b983cf244e2311",
            "createdTime": "2023-03-22T01:29:20.8981002Z",
            "lastUpdateTime": "2023-03-22T01:29:20.8981002Z",
            "signed": false,
            "changeableAttributes": {
              "deleteEnabled": true,
              "writeEnabled": true,
              "readEnabled": true,
              "listEnabled": true
            }
          }
        ]
      }
    },
    {
      "RequestUri": "https://REDACTED/v2/oci-artifact/blobs/sha256:44136fa355b3678a1146ad16f7e8649e94fb4fc21fe77e8310c060f61caaff8a",
      "RequestMethod": "DELETE",
      "RequestHeaders": {
        "Accept": "*/*",
        "Authorization": "Sanitized",
        "Content-Length": "0",
        "Date": "Fri, 02 Jun 2023 19:36:56 GMT",
        "User-Agent": "azsdk-java-azure-containers-containerregistry/1.2.0-beta.1 (17.0.4; Windows 11; 10.0)",
        "x-ms-client-request-id": "f92224d9-bc45-4f08-afae-4b8dd3676118"
      },
      "RequestBody": null,
      "StatusCode": 401,
      "ResponseHeaders": {
        "Access-Control-Expose-Headers": [
          "Docker-Content-Digest",
          "WWW-Authenticate",
          "Link",
          "X-Ms-Correlation-Request-Id"
        ],
        "Connection": "keep-alive",
        "Content-Length": "208",
        "Content-Type": "application/json; charset=utf-8",
        "Date": "Fri, 02 Jun 2023 19:36:56 GMT",
        "Docker-Distribution-Api-Version": "registry/2.0",
        "Server": "openresty",
        "Strict-Transport-Security": [
          "max-age=31536000; includeSubDomains",
          "max-age=31536000; includeSubDomains"
        ],
        "WWW-Authenticate": "Bearer realm=\u0022https://REDACTED\u0022,service=\u0022REDACTED\u0022,scope=\u0022repository:oci-artifact:delete\u0022,error=\u0022insufficient_scope\u0022",
        "X-Content-Type-Options": "nosniff",
        "X-Ms-Correlation-Request-Id": "be873735-d871-47c7-bd3d-9e8ed38af28d"
      },
      "ResponseBody": {
        "errors": [
          {
            "code": "UNAUTHORIZED",
            "message": "authentication required, visit https://aka.ms/acr/authorization for more information.",
            "detail": [
              {
                "Type": "repository",
                "Name": "oci-artifact",
                "Action": "delete"
              }
            ]
          }
        ]
      }
    },
    {
      "RequestUri": "https://REDACTED/oauth2/exchange?api-version=2021-07-01",
      "RequestMethod": "POST",
      "RequestHeaders": {
        "Accept": "application/json",
        "Content-Length": "62",
        "Content-Type": "application/x-www-form-urlencoded",
        "Date": "Fri, 02 Jun 2023 19:36:56 GMT",
        "User-Agent": "azsdk-java-azure-containers-containerregistry/1.2.0-beta.1 (17.0.4; Windows 11; 10.0)",
        "x-ms-client-request-id": "ab808c82-e79b-404c-8f0a-413a346d4f1e"
      },
      "RequestBody": "grant_type=access_token\u0026service=REDACTED\u0026access_token=REDACTED",
      "StatusCode": 200,
      "ResponseHeaders": {
        "Connection": "keep-alive",
        "Content-Type": "application/json; charset=utf-8",
        "Date": "Fri, 02 Jun 2023 19:36:56 GMT",
        "Server": "openresty",
        "Strict-Transport-Security": "max-age=31536000; includeSubDomains",
        "Transfer-Encoding": "chunked",
        "X-Ms-Correlation-Request-Id": "9dd1b61d-7804-4dbb-b24c-a4c72a914fb4",
        "x-ms-ratelimit-remaining-calls-per-second": "332.95"
      },
      "ResponseBody": {
        "refresh_token": "Sanitized"
      }
    },
    {
      "RequestUri": "https://REDACTED/oauth2/token?api-version=2021-07-01",
      "RequestMethod": "POST",
      "RequestHeaders": {
        "Accept": "application/json",
        "Content-Length": "105",
        "Content-Type": "application/x-www-form-urlencoded",
        "Date": "Fri, 02 Jun 2023 19:36:56 GMT",
        "User-Agent": "azsdk-java-azure-containers-containerregistry/1.2.0-beta.1 (17.0.4; Windows 11; 10.0)",
        "x-ms-client-request-id": "321a3f3a-7a76-427d-9933-6216fdb7f961"
      },
      "RequestBody": "service=REDACTED\u0026scope=repository%3Aoci-artifact%3Adelete\u0026refresh_token=REDACTED\u0026grant_type=refresh_token",
      "StatusCode": 200,
      "ResponseHeaders": {
        "Connection": "keep-alive",
        "Content-Type": "application/json; charset=utf-8",
        "Date": "Fri, 02 Jun 2023 19:36:57 GMT",
        "Server": "openresty",
        "Strict-Transport-Security": "max-age=31536000; includeSubDomains",
        "Transfer-Encoding": "chunked",
        "X-Ms-Correlation-Request-Id": "46ba3589-8599-41b4-b059-b660477a0201",
        "x-ms-ratelimit-remaining-calls-per-second": "332.933333"
      },
      "ResponseBody": {
        "access_token": "Sanitized"
      }
    },
    {
      "RequestUri": "https://REDACTED/v2/oci-artifact/blobs/sha256:44136fa355b3678a1146ad16f7e8649e94fb4fc21fe77e8310c060f61caaff8a",
      "RequestMethod": "DELETE",
      "RequestHeaders": {
        "Accept": "*/*",
        "Authorization": "Sanitized",
        "Content-Length": "0",
        "Date": "Fri, 02 Jun 2023 19:36:56 GMT",
        "User-Agent": "azsdk-java-azure-containers-containerregistry/1.2.0-beta.1 (17.0.4; Windows 11; 10.0)",
        "x-ms-client-request-id": "f92224d9-bc45-4f08-afae-4b8dd3676118"
      },
      "RequestBody": null,
      "StatusCode": 202,
      "ResponseHeaders": {
        "Access-Control-Expose-Headers": [
          "Docker-Content-Digest",
          "WWW-Authenticate",
          "Link",
          "X-Ms-Correlation-Request-Id"
        ],
        "Connection": "keep-alive",
        "Content-Length": "0",
        "Date": "Fri, 02 Jun 2023 19:36:57 GMT",
        "Docker-Distribution-Api-Version": "registry/2.0",
        "Server": "openresty",
        "Strict-Transport-Security": [
          "max-age=31536000; includeSubDomains",
          "max-age=31536000; includeSubDomains"
        ],
        "X-Content-Type-Options": "nosniff",
        "X-Ms-Client-Request-Id": "f92224d9-bc45-4f08-afae-4b8dd3676118",
        "X-Ms-Correlation-Request-Id": "e22fdbd6-42ef-4fba-aabc-683ba5807ada",
        "X-Ms-Ratelimit-Remaining-Calls-Per-Second": "32.000000",
        "X-Ms-Request-Id": "dcb269e4-ccb5-4053-b495-0ac2b80ec980"
      },
      "ResponseBody": null
    },
    {
      "RequestUri": "https://REDACTED/v2/oci-artifact/blobs/sha256:b94d27b9934d3e08a52e52d7da7dabfac484efe37a5380ee9088f7ace2efcde9",
      "RequestMethod": "DELETE",
      "RequestHeaders": {
        "Accept": "*/*",
        "Authorization": "Sanitized",
        "Content-Length": "0",
        "Date": "Fri, 02 Jun 2023 19:36:57 GMT",
        "User-Agent": "azsdk-java-azure-containers-containerregistry/1.2.0-beta.1 (17.0.4; Windows 11; 10.0)",
        "x-ms-client-request-id": "9d7620df-e023-4e36-a12a-4e8ba1a8878a"
      },
      "RequestBody": null,
      "StatusCode": 202,
      "ResponseHeaders": {
        "Access-Control-Expose-Headers": [
          "Docker-Content-Digest",
          "WWW-Authenticate",
          "Link",
          "X-Ms-Correlation-Request-Id"
        ],
        "Connection": "keep-alive",
        "Content-Length": "0",
        "Date": "Fri, 02 Jun 2023 19:36:57 GMT",
        "Docker-Distribution-Api-Version": "registry/2.0",
        "Server": "openresty",
        "Strict-Transport-Security": [
          "max-age=31536000; includeSubDomains",
          "max-age=31536000; includeSubDomains"
        ],
        "X-Content-Type-Options": "nosniff",
        "X-Ms-Client-Request-Id": "9d7620df-e023-4e36-a12a-4e8ba1a8878a",
        "X-Ms-Correlation-Request-Id": "c0e12e31-9354-4df9-873f-1f557b84e477",
        "X-Ms-Ratelimit-Remaining-Calls-Per-Second": "31.000000",
        "X-Ms-Request-Id": "63c14883-e8c2-4a05-bb6b-bbe86f111792"
      },
      "ResponseBody": null
    },
    {
      "RequestUri": "https://REDACTED/v2/oci-artifact/manifests/sha256:492bc88863bdf51159c4efe84e851c48d7034881159b56c4338003e50e801598",
      "RequestMethod": "DELETE",
      "RequestHeaders": {
        "Accept": "application/json",
        "Authorization": "Sanitized",
        "Content-Length": "0",
        "Date": "Fri, 02 Jun 2023 19:36:57 GMT",
        "User-Agent": "azsdk-java-azure-containers-containerregistry/1.2.0-beta.1 (17.0.4; Windows 11; 10.0)",
        "x-ms-client-request-id": "f31fe8b1-6af4-4edc-ae27-2aeb962846dc"
      },
      "RequestBody": null,
      "StatusCode": 404,
      "ResponseHeaders": {
        "Access-Control-Expose-Headers": [
          "Docker-Content-Digest",
          "WWW-Authenticate",
          "Link",
          "X-Ms-Correlation-Request-Id"
        ],
        "Connection": "keep-alive",
        "Content-Length": "147",
        "Content-Type": "application/json; charset=utf-8",
        "Date": "Fri, 02 Jun 2023 19:36:57 GMT",
        "Docker-Distribution-Api-Version": "registry/2.0",
        "Server": "openresty",
        "Strict-Transport-Security": [
          "max-age=31536000; includeSubDomains",
          "max-age=31536000; includeSubDomains"
        ],
        "X-Content-Type-Options": "nosniff",
        "X-Ms-Client-Request-Id": "f31fe8b1-6af4-4edc-ae27-2aeb962846dc",
        "X-Ms-Correlation-Request-Id": "7493c406-1c8a-42cc-9a8d-da712bbb58f8",
        "X-Ms-Ratelimit-Remaining-Calls-Per-Second": "30.000000",
        "X-Ms-Request-Id": "67c19ef7-39ff-44e6-8ee4-4bf4a9f611db"
      },
      "ResponseBody": {
        "errors": [
          {
            "code": "MANIFEST_UNKNOWN",
            "message": "manifest sha256:492bc88863bdf51159c4efe84e851c48d7034881159b56c4338003e50e801598 is not found"
          }
        ]
      }
    }
  ],
  "Variables": {}
}
