{
  "Entries": [
    {
      "RequestUri": "https://REDACTED/acr/v1/library%2Fhello-seattle?api-version=2021-07-01",
      "RequestMethod": "DELETE",
      "RequestHeaders": {
        "Accept": "application/json",
        "Content-Length": "0",
        "Date": "Tue, 18 Apr 2023 16:54:39 GMT",
        "User-Agent": "azsdk-java-azure-containers-containerregistry/1.1.0-beta.5 (17.0.4; Windows 11; 10.0)",
        "x-ms-client-request-id": "4bc7f719-985b-4604-879d-78749ce21a3e"
      },
      "RequestBody": null,
      "StatusCode": 401,
      "ResponseHeaders": {
        "Access-Control-Expose-Headers": [
          "Docker-Content-Digest",
          "WWW-Authenticate",
          "Link",
          "X-Ms-Correlation-Request-Id"
        ],
        "Connection": "keep-alive",
        "Content-Length": "217",
        "Content-Type": "application/json; charset=utf-8",
        "Date": "Tue, 18 Apr 2023 16:54:39 GMT",
        "Docker-Distribution-Api-Version": "registry/2.0",
        "Server": "openresty",
        "Strict-Transport-Security": [
          "max-age=31536000; includeSubDomains",
          "max-age=31536000; includeSubDomains"
        ],
        "WWW-Authenticate": "Bearer realm=\u0022https://REDACTED\u0022,service=\u0022REDACTED\u0022,scope=\u0022repository:library/hello-seattle:delete\u0022",
        "X-Content-Type-Options": "nosniff",
        "X-Ms-Correlation-Request-Id": "d27a4bd3-79e9-4e50-bfd4-ea1808000b5f"
      },
      "ResponseBody": {
        "errors": [
          {
            "code": "UNAUTHORIZED",
            "message": "authentication required, visit https://aka.ms/acr/authorization for more information.",
            "detail": [
              {
                "Type": "repository",
                "Name": "library/hello-seattle",
                "Action": "delete"
              }
            ]
          }
        ]
      }
    },
    {
      "RequestUri": "https://REDACTED/oauth2/exchange?api-version=2021-07-01",
      "RequestMethod": "POST",
      "RequestHeaders": {
        "Accept": "application/json",
        "Content-Length": "62",
        "Content-Type": "application/x-www-form-urlencoded",
        "Date": "Tue, 18 Apr 2023 16:54:39 GMT",
        "User-Agent": "azsdk-java-azure-containers-containerregistry/1.1.0-beta.5 (17.0.4; Windows 11; 10.0)",
        "x-ms-client-request-id": "00fdc13e-3986-4d16-9864-4a91f6343b2d"
      },
      "RequestBody": "grant_type=access_token\u0026service=REDACTED\u0026access_token=REDACTED",
      "StatusCode": 200,
      "ResponseHeaders": {
        "Connection": "keep-alive",
        "Content-Type": "application/json; charset=utf-8",
        "Date": "Tue, 18 Apr 2023 16:54:40 GMT",
        "Server": "openresty",
        "Strict-Transport-Security": "max-age=31536000; includeSubDomains",
        "Transfer-Encoding": "chunked",
        "X-Ms-Correlation-Request-Id": "8a6d8a5c-cbaf-47ad-b5f0-a3315cf02d63",
        "x-ms-ratelimit-remaining-calls-per-second": "331.616667"
      },
      "ResponseBody": {
        "refresh_token": "Sanitized"
      }
    },
    {
      "RequestUri": "https://REDACTED/oauth2/token?api-version=2021-07-01",
      "RequestMethod": "POST",
      "RequestHeaders": {
        "Accept": "application/json",
        "Content-Length": "116",
        "Content-Type": "application/x-www-form-urlencoded",
        "Date": "Tue, 18 Apr 2023 16:54:39 GMT",
        "User-Agent": "azsdk-java-azure-containers-containerregistry/1.1.0-beta.5 (17.0.4; Windows 11; 10.0)",
        "x-ms-client-request-id": "29be8e48-3e47-494c-8d56-b4bb211e2abc"
      },
      "RequestBody": "service=REDACTED\u0026scope=repository%3Alibrary%2Fhello-seattle%3Adelete\u0026refresh_token=REDACTED\u0026grant_type=refresh_token",
      "StatusCode": 200,
      "ResponseHeaders": {
        "Connection": "keep-alive",
        "Content-Type": "application/json; charset=utf-8",
        "Date": "Tue, 18 Apr 2023 16:54:40 GMT",
        "Server": "openresty",
        "Strict-Transport-Security": "max-age=31536000; includeSubDomains",
        "Transfer-Encoding": "chunked",
        "X-Ms-Correlation-Request-Id": "b2b2279e-f7ec-42fb-915a-b120d0ea3e77",
        "x-ms-ratelimit-remaining-calls-per-second": "331.6"
      },
      "ResponseBody": {
        "access_token": "Sanitized"
      }
    },
    {
      "RequestUri": "https://REDACTED/acr/v1/library%2Fhello-seattle?api-version=2021-07-01",
      "RequestMethod": "DELETE",
      "RequestHeaders": {
        "Accept": "application/json",
        "Authorization": "Sanitized",
        "Content-Length": "0",
        "Date": "Tue, 18 Apr 2023 16:54:39 GMT",
        "User-Agent": "azsdk-java-azure-containers-containerregistry/1.1.0-beta.5 (17.0.4; Windows 11; 10.0)",
        "x-ms-client-request-id": "4bc7f719-985b-4604-879d-78749ce21a3e"
      },
      "RequestBody": null,
      "StatusCode": 202,
      "ResponseHeaders": {
        "Access-Control-Expose-Headers": [
          "Docker-Content-Digest",
          "WWW-Authenticate",
          "Link",
          "X-Ms-Correlation-Request-Id"
        ],
        "Connection": "keep-alive",
        "Content-Length": "936",
        "Content-Type": "application/json; charset=utf-8",
        "Date": "Tue, 18 Apr 2023 16:54:41 GMT",
        "Docker-Distribution-Api-Version": "registry/2.0",
        "Server": "openresty",
        "Strict-Transport-Security": [
          "max-age=31536000; includeSubDomains",
          "max-age=31536000; includeSubDomains"
        ],
        "X-Content-Type-Options": "nosniff",
        "X-Ms-Client-Request-Id": "4bc7f719-985b-4604-879d-78749ce21a3e",
        "X-Ms-Correlation-Request-Id": "2da05075-74ac-4c4a-b12e-e190a044d5f7",
        "X-Ms-Ratelimit-Remaining-Calls-Per-Second": "32.000000",
        "X-Ms-Request-Id": "7643d7e2-d73c-4efb-9be1-f197dbc343a9"
      },
      "ResponseBody": {
        "manifestsDeleted": [
          "sha256:220d888ab6ad0f51269605a7ffc0798f442d33c140ed5051e20eec501bbf2202",
          "sha256:2c542cfa48db891b0d4667b1fd98c78428d0e4d7e59ab483dd027a185cf4dbe0",
          "sha256:5c9ac9b2b91bacbe58641a89cb130d6b1cdb8b040e48a76751335d01ef5d76b7",
          "sha256:6f29a27f990505592eb80fc3032334568562f5f682ee17ef9d6b090bfe387e25",
          "sha256:7a012702999ac3589aeb46d28ab2b9b6b82324d8504b55e5cf4fdc9a9f52558d",
          "sha256:80f072dcbce20f8745fa8ec7594ee1cc5e4c53910df1dc4886b03942f249ba76",
          "sha256:9f16da7cb4e19d8def2ae8343610e985b9c46f33867d4b724ba47a4145952621",
          "sha256:ae574da1bf2b023591ed9c40a086b6768369c511cbc2fad37545dbe3048de81e",
          "sha256:b6ed6e4cc14488cfce68e946d13ae329ccf3e8454b26d106f23e3dff38f0b955",
          "sha256:c22223dc179f142076c071e844254ba21cb2e53a7fbb52ff275865130f11c7c1",
          "sha256:d7f84c1d6f16b1006d6ed62783625113b480ea697664909601f51ef380d55523",
          "sha256:d91c24cf3e56abeb62b887ed721836ba88ed5a543e26d28328e312ab518088f3"
        ],
        "tagsDeleted": [
          "latest"
        ]
      }
    },
    {
      "RequestUri": "https://REDACTED/acr/v1/library%2Fhello-seattle?api-version=2021-07-01",
      "RequestMethod": "DELETE",
      "RequestHeaders": {
        "Accept": "application/json",
        "Content-Length": "0",
        "Date": "Tue, 18 Apr 2023 16:54:41 GMT",
        "User-Agent": "azsdk-java-azure-containers-containerregistry/1.1.0-beta.5 (17.0.4; Windows 11; 10.0)",
        "x-ms-client-request-id": "0ccdbcac-1f4b-4b38-a1a9-70f6c18c869d"
      },
      "RequestBody": null,
      "StatusCode": 401,
      "ResponseHeaders": {
        "Access-Control-Expose-Headers": [
          "Docker-Content-Digest",
          "WWW-Authenticate",
          "Link",
          "X-Ms-Correlation-Request-Id"
        ],
        "Connection": "keep-alive",
        "Content-Length": "217",
        "Content-Type": "application/json; charset=utf-8",
        "Date": "Tue, 18 Apr 2023 16:54:41 GMT",
        "Docker-Distribution-Api-Version": "registry/2.0",
        "Server": "openresty",
        "Strict-Transport-Security": [
          "max-age=31536000; includeSubDomains",
          "max-age=31536000; includeSubDomains"
        ],
        "WWW-Authenticate": "Bearer realm=\u0022https://REDACTED\u0022,service=\u0022REDACTED\u0022,scope=\u0022repository:library/hello-seattle:delete\u0022",
        "X-Content-Type-Options": "nosniff",
        "X-Ms-Correlation-Request-Id": "4405d65c-3f05-458f-8dfe-f44fe5867c44"
      },
      "ResponseBody": {
        "errors": [
          {
            "code": "UNAUTHORIZED",
            "message": "authentication required, visit https://aka.ms/acr/authorization for more information.",
            "detail": [
              {
                "Type": "repository",
                "Name": "library/hello-seattle",
                "Action": "delete"
              }
            ]
          }
        ]
      }
    },
    {
      "RequestUri": "https://REDACTED/oauth2/token?api-version=2021-07-01",
      "RequestMethod": "POST",
      "RequestHeaders": {
        "Accept": "application/json",
        "Content-Length": "116",
        "Content-Type": "application/x-www-form-urlencoded",
        "Date": "Tue, 18 Apr 2023 16:54:41 GMT",
        "User-Agent": "azsdk-java-azure-containers-containerregistry/1.1.0-beta.5 (17.0.4; Windows 11; 10.0)",
        "x-ms-client-request-id": "5b99da4e-f8a5-4232-9018-ffd8077f6634"
      },
      "RequestBody": "service=REDACTED\u0026scope=repository%3Alibrary%2Fhello-seattle%3Adelete\u0026refresh_token=REDACTED\u0026grant_type=refresh_token",
      "StatusCode": 200,
      "ResponseHeaders": {
        "Connection": "keep-alive",
        "Content-Type": "application/json; charset=utf-8",
        "Date": "Tue, 18 Apr 2023 16:54:41 GMT",
        "Server": "openresty",
        "Strict-Transport-Security": "max-age=31536000; includeSubDomains",
        "Transfer-Encoding": "chunked",
        "X-Ms-Correlation-Request-Id": "58b33dd3-6bf8-4aea-bc76-8a45e3c6e801",
        "x-ms-ratelimit-remaining-calls-per-second": "331.583333"
      },
      "ResponseBody": {
        "access_token": "Sanitized"
      }
    },
    {
      "RequestUri": "https://REDACTED/acr/v1/library%2Fhello-seattle?api-version=2021-07-01",
      "RequestMethod": "DELETE",
      "RequestHeaders": {
        "Accept": "application/json",
        "Authorization": "Sanitized",
        "Content-Length": "0",
        "Date": "Tue, 18 Apr 2023 16:54:41 GMT",
        "User-Agent": "azsdk-java-azure-containers-containerregistry/1.1.0-beta.5 (17.0.4; Windows 11; 10.0)",
        "x-ms-client-request-id": "0ccdbcac-1f4b-4b38-a1a9-70f6c18c869d"
      },
      "RequestBody": null,
      "StatusCode": 404,
      "ResponseHeaders": {
        "Access-Control-Expose-Headers": [
          "Docker-Content-Digest",
          "WWW-Authenticate",
          "Link",
          "X-Ms-Correlation-Request-Id"
        ],
        "Connection": "keep-alive",
        "Content-Length": "129",
        "Content-Type": "application/json; charset=utf-8",
        "Date": "Tue, 18 Apr 2023 16:54:41 GMT",
        "Docker-Distribution-Api-Version": "registry/2.0",
        "Server": "openresty",
        "Strict-Transport-Security": [
          "max-age=31536000; includeSubDomains",
          "max-age=31536000; includeSubDomains"
        ],
        "X-Content-Type-Options": "nosniff",
        "X-Ms-Client-Request-Id": "0ccdbcac-1f4b-4b38-a1a9-70f6c18c869d",
        "X-Ms-Correlation-Request-Id": "ca3bd225-43e7-4aff-a58e-c801dddc2731",
        "X-Ms-Ratelimit-Remaining-Calls-Per-Second": "32.000000",
        "X-Ms-Request-Id": "55cb5455-d4eb-467d-9838-5a89ed853137"
      },
      "ResponseBody": {
        "errors": [
          {
            "code": "NAME_UNKNOWN",
            "message": "repository name not known to registry",
            "detail": {
              "name": "library/hello-seattle"
            }
          }
        ]
      }
    }
  ],
  "Variables": {}
}
