{
  "Entries": [
    {
      "RequestUri": "https://REDACTED/acr/v1/library%2Fhello-world?api-version=2021-07-01",
      "RequestMethod": "PATCH",
      "RequestHeaders": {
        "Accept": "application/json",
        "Content-Length": "81",
        "Content-Type": "application/json",
        "Date": "Tue, 18 Apr 2023 16:52:10 GMT",
        "User-Agent": "azsdk-java-azure-containers-containerregistry/1.1.0-beta.5 (17.0.4; Windows 11; 10.0)",
        "x-ms-client-request-id": "3dcd205a-6f87-45ad-aa0d-5b7d0666a846"
      },
      "RequestBody": {
        "deleteEnabled": false,
        "writeEnabled": true,
        "listEnabled": true,
        "readEnabled": true
      },
      "StatusCode": 401,
      "ResponseHeaders": {
        "Access-Control-Expose-Headers": [
          "Docker-Content-Digest",
          "WWW-Authenticate",
          "Link",
          "X-Ms-Correlation-Request-Id"
        ],
        "Connection": "keep-alive",
        "Content-Length": "223",
        "Content-Type": "application/json; charset=utf-8",
        "Date": "Tue, 18 Apr 2023 16:52:11 GMT",
        "Docker-Distribution-Api-Version": "registry/2.0",
        "Server": "openresty",
        "Strict-Transport-Security": [
          "max-age=31536000; includeSubDomains",
          "max-age=31536000; includeSubDomains"
        ],
        "WWW-Authenticate": "Bearer realm=\u0022https://REDACTED\u0022,service=\u0022REDACTED\u0022,scope=\u0022repository:library/hello-world:metadata_write\u0022",
        "X-Content-Type-Options": "nosniff",
        "X-Ms-Correlation-Request-Id": "da3952f3-c85a-4ea5-9c43-592a04293687"
      },
      "ResponseBody": {
        "errors": [
          {
            "code": "UNAUTHORIZED",
            "message": "authentication required, visit https://aka.ms/acr/authorization for more information.",
            "detail": [
              {
                "Type": "repository",
                "Name": "library/hello-world",
                "Action": "metadata_write"
              }
            ]
          }
        ]
      }
    },
    {
      "RequestUri": "https://REDACTED/oauth2/exchange?api-version=2021-07-01",
      "RequestMethod": "POST",
      "RequestHeaders": {
        "Accept": "application/json",
        "Content-Length": "62",
        "Content-Type": "application/x-www-form-urlencoded",
        "Date": "Tue, 18 Apr 2023 16:52:10 GMT",
        "User-Agent": "azsdk-java-azure-containers-containerregistry/1.1.0-beta.5 (17.0.4; Windows 11; 10.0)",
        "x-ms-client-request-id": "a475e4d0-ceea-4295-9546-c4d7a8783ead"
      },
      "RequestBody": "grant_type=access_token\u0026service=REDACTED\u0026access_token=REDACTED",
      "StatusCode": 200,
      "ResponseHeaders": {
        "Connection": "keep-alive",
        "Content-Type": "application/json; charset=utf-8",
        "Date": "Tue, 18 Apr 2023 16:52:11 GMT",
        "Server": "openresty",
        "Strict-Transport-Security": "max-age=31536000; includeSubDomains",
        "Transfer-Encoding": "chunked",
        "X-Ms-Correlation-Request-Id": "e73a890b-ac85-44a1-8078-cc82b9197c81",
        "x-ms-ratelimit-remaining-calls-per-second": "332.933333"
      },
      "ResponseBody": {
        "refresh_token": "Sanitized"
      }
    },
    {
      "RequestUri": "https://REDACTED/oauth2/token?api-version=2021-07-01",
      "RequestMethod": "POST",
      "RequestHeaders": {
        "Accept": "application/json",
        "Content-Length": "122",
        "Content-Type": "application/x-www-form-urlencoded",
        "Date": "Tue, 18 Apr 2023 16:52:11 GMT",
        "User-Agent": "azsdk-java-azure-containers-containerregistry/1.1.0-beta.5 (17.0.4; Windows 11; 10.0)",
        "x-ms-client-request-id": "4ff6f0d2-596e-4200-8eba-aba00bfd9512"
      },
      "RequestBody": "service=REDACTED\u0026scope=repository%3Alibrary%2Fhello-world%3Ametadata_write\u0026refresh_token=REDACTED\u0026grant_type=refresh_token",
      "StatusCode": 200,
      "ResponseHeaders": {
        "Connection": "keep-alive",
        "Content-Type": "application/json; charset=utf-8",
        "Date": "Tue, 18 Apr 2023 16:52:11 GMT",
        "Server": "openresty",
        "Strict-Transport-Security": "max-age=31536000; includeSubDomains",
        "Transfer-Encoding": "chunked",
        "X-Ms-Correlation-Request-Id": "41b42b8d-bb76-422b-8ed6-554927782238",
        "x-ms-ratelimit-remaining-calls-per-second": "332.65"
      },
      "ResponseBody": {
        "access_token": "Sanitized"
      }
    },
    {
      "RequestUri": "https://REDACTED/acr/v1/library%2Fhello-world?api-version=2021-07-01",
      "RequestMethod": "PATCH",
      "RequestHeaders": {
        "Accept": "application/json",
        "Authorization": "Sanitized",
        "Content-Length": "81",
        "Content-Type": "application/json",
        "Date": "Tue, 18 Apr 2023 16:52:10 GMT",
        "User-Agent": "azsdk-java-azure-containers-containerregistry/1.1.0-beta.5 (17.0.4; Windows 11; 10.0)",
        "x-ms-client-request-id": "3dcd205a-6f87-45ad-aa0d-5b7d0666a846"
      },
      "RequestBody": {
        "deleteEnabled": false,
        "writeEnabled": true,
        "listEnabled": true,
        "readEnabled": true
      },
      "StatusCode": 200,
      "ResponseHeaders": {
        "Access-Control-Expose-Headers": [
          "Docker-Content-Digest",
          "WWW-Authenticate",
          "Link",
          "X-Ms-Correlation-Request-Id"
        ],
        "Connection": "keep-alive",
        "Content-Length": "302",
        "Content-Type": "application/json; charset=utf-8",
        "Date": "Tue, 18 Apr 2023 16:52:17 GMT",
        "Docker-Distribution-Api-Version": "registry/2.0",
        "Server": "openresty",
        "Strict-Transport-Security": [
          "max-age=31536000; includeSubDomains",
          "max-age=31536000; includeSubDomains"
        ],
        "X-Content-Type-Options": "nosniff",
        "X-Ms-Correlation-Request-Id": "40966199-7ff1-4547-ad2c-daa8c1ffaf47"
      },
      "ResponseBody": {
        "registry": "limolkovaacr.azurecr.io",
        "imageName": "library/hello-world",
        "createdTime": "2023-01-30T17:44:39.593234Z",
        "lastUpdateTime": "2023-04-17T21:31:14.7435387Z",
        "manifestCount": 25,
        "tagCount": 5,
        "changeableAttributes": {
          "deleteEnabled": false,
          "writeEnabled": true,
          "readEnabled": true,
          "listEnabled": true
        }
      }
    },
    {
      "RequestUri": "https://REDACTED/acr/v1/library%2Fhello-world?api-version=2021-07-01",
      "RequestMethod": "PATCH",
      "RequestHeaders": {
        "Accept": "application/json",
        "Content-Length": "81",
        "Content-Type": "application/json",
        "Date": "Tue, 18 Apr 2023 16:52:16 GMT",
        "User-Agent": "azsdk-java-azure-containers-containerregistry/1.1.0-beta.5 (17.0.4; Windows 11; 10.0)",
        "x-ms-client-request-id": "ba3ffb4d-0c48-4827-b64c-4812bd8cfa0e"
      },
      "RequestBody": {
        "deleteEnabled": false,
        "writeEnabled": true,
        "listEnabled": true,
        "readEnabled": true
      },
      "StatusCode": 401,
      "ResponseHeaders": {
        "Access-Control-Expose-Headers": [
          "Docker-Content-Digest",
          "WWW-Authenticate",
          "Link",
          "X-Ms-Correlation-Request-Id"
        ],
        "Connection": "keep-alive",
        "Content-Length": "223",
        "Content-Type": "application/json; charset=utf-8",
        "Date": "Tue, 18 Apr 2023 16:52:17 GMT",
        "Docker-Distribution-Api-Version": "registry/2.0",
        "Server": "openresty",
        "Strict-Transport-Security": [
          "max-age=31536000; includeSubDomains",
          "max-age=31536000; includeSubDomains"
        ],
        "WWW-Authenticate": "Bearer realm=\u0022https://REDACTED\u0022,service=\u0022REDACTED\u0022,scope=\u0022repository:library/hello-world:metadata_write\u0022",
        "X-Content-Type-Options": "nosniff",
        "X-Ms-Correlation-Request-Id": "bbfa75e7-5ee6-47d5-ae07-e0b42c78f4a4"
      },
      "ResponseBody": {
        "errors": [
          {
            "code": "UNAUTHORIZED",
            "message": "authentication required, visit https://aka.ms/acr/authorization for more information.",
            "detail": [
              {
                "Type": "repository",
                "Name": "library/hello-world",
                "Action": "metadata_write"
              }
            ]
          }
        ]
      }
    },
    {
      "RequestUri": "https://REDACTED/oauth2/token?api-version=2021-07-01",
      "RequestMethod": "POST",
      "RequestHeaders": {
        "Accept": "application/json",
        "Content-Length": "122",
        "Content-Type": "application/x-www-form-urlencoded",
        "Date": "Tue, 18 Apr 2023 16:52:16 GMT",
        "User-Agent": "azsdk-java-azure-containers-containerregistry/1.1.0-beta.5 (17.0.4; Windows 11; 10.0)",
        "x-ms-client-request-id": "59d6bf75-2d7d-441c-82d0-7ea107017949"
      },
      "RequestBody": "service=REDACTED\u0026scope=repository%3Alibrary%2Fhello-world%3Ametadata_write\u0026refresh_token=REDACTED\u0026grant_type=refresh_token",
      "StatusCode": 200,
      "ResponseHeaders": {
        "Connection": "keep-alive",
        "Content-Type": "application/json; charset=utf-8",
        "Date": "Tue, 18 Apr 2023 16:52:17 GMT",
        "Server": "openresty",
        "Strict-Transport-Security": "max-age=31536000; includeSubDomains",
        "Transfer-Encoding": "chunked",
        "X-Ms-Correlation-Request-Id": "1159b26d-d71d-4e23-9236-0f29ba7f564a",
        "x-ms-ratelimit-remaining-calls-per-second": "331.233333"
      },
      "ResponseBody": {
        "access_token": "Sanitized"
      }
    },
    {
      "RequestUri": "https://REDACTED/acr/v1/library%2Fhello-world?api-version=2021-07-01",
      "RequestMethod": "PATCH",
      "RequestHeaders": {
        "Accept": "application/json",
        "Authorization": "Sanitized",
        "Content-Length": "81",
        "Content-Type": "application/json",
        "Date": "Tue, 18 Apr 2023 16:52:16 GMT",
        "User-Agent": "azsdk-java-azure-containers-containerregistry/1.1.0-beta.5 (17.0.4; Windows 11; 10.0)",
        "x-ms-client-request-id": "ba3ffb4d-0c48-4827-b64c-4812bd8cfa0e"
      },
      "RequestBody": {
        "deleteEnabled": false,
        "writeEnabled": true,
        "listEnabled": true,
        "readEnabled": true
      },
      "StatusCode": 200,
      "ResponseHeaders": {
        "Access-Control-Expose-Headers": [
          "Docker-Content-Digest",
          "WWW-Authenticate",
          "Link",
          "X-Ms-Correlation-Request-Id"
        ],
        "Connection": "keep-alive",
        "Content-Length": "302",
        "Content-Type": "application/json; charset=utf-8",
        "Date": "Tue, 18 Apr 2023 16:52:17 GMT",
        "Docker-Distribution-Api-Version": "registry/2.0",
        "Server": "openresty",
        "Strict-Transport-Security": [
          "max-age=31536000; includeSubDomains",
          "max-age=31536000; includeSubDomains"
        ],
        "X-Content-Type-Options": "nosniff",
        "X-Ms-Correlation-Request-Id": "8f91304d-c779-4cfa-b9ea-194e7d93f042"
      },
      "ResponseBody": {
        "registry": "limolkovaacr.azurecr.io",
        "imageName": "library/hello-world",
        "createdTime": "2023-01-30T17:44:39.593234Z",
        "lastUpdateTime": "2023-04-17T21:31:14.7435387Z",
        "manifestCount": 25,
        "tagCount": 5,
        "changeableAttributes": {
          "deleteEnabled": false,
          "writeEnabled": true,
          "readEnabled": true,
          "listEnabled": true
        }
      }
    },
    {
      "RequestUri": "https://REDACTED/acr/v1/library%2Fhello-world?api-version=2021-07-01",
      "RequestMethod": "PATCH",
      "RequestHeaders": {
        "Accept": "application/json",
        "Content-Length": "81",
        "Content-Type": "application/json",
        "Date": "Tue, 18 Apr 2023 16:52:16 GMT",
        "User-Agent": "azsdk-java-azure-containers-containerregistry/1.1.0-beta.5 (17.0.4; Windows 11; 10.0)",
        "x-ms-client-request-id": "be14c8df-20db-47d2-90d6-264300a81106"
      },
      "RequestBody": {
        "deleteEnabled": false,
        "writeEnabled": true,
        "listEnabled": true,
        "readEnabled": true
      },
      "StatusCode": 401,
      "ResponseHeaders": {
        "Access-Control-Expose-Headers": [
          "Docker-Content-Digest",
          "WWW-Authenticate",
          "Link",
          "X-Ms-Correlation-Request-Id"
        ],
        "Connection": "keep-alive",
        "Content-Length": "223",
        "Content-Type": "application/json; charset=utf-8",
        "Date": "Tue, 18 Apr 2023 16:52:17 GMT",
        "Docker-Distribution-Api-Version": "registry/2.0",
        "Server": "openresty",
        "Strict-Transport-Security": [
          "max-age=31536000; includeSubDomains",
          "max-age=31536000; includeSubDomains"
        ],
        "WWW-Authenticate": "Bearer realm=\u0022https://REDACTED\u0022,service=\u0022REDACTED\u0022,scope=\u0022repository:library/hello-world:metadata_write\u0022",
        "X-Content-Type-Options": "nosniff",
        "X-Ms-Correlation-Request-Id": "00e8f606-e120-4260-b74f-b6efd03b6b74"
      },
      "ResponseBody": {
        "errors": [
          {
            "code": "UNAUTHORIZED",
            "message": "authentication required, visit https://aka.ms/acr/authorization for more information.",
            "detail": [
              {
                "Type": "repository",
                "Name": "library/hello-world",
                "Action": "metadata_write"
              }
            ]
          }
        ]
      }
    },
    {
      "RequestUri": "https://REDACTED/oauth2/exchange?api-version=2021-07-01",
      "RequestMethod": "POST",
      "RequestHeaders": {
        "Accept": "application/json",
        "Content-Length": "62",
        "Content-Type": "application/x-www-form-urlencoded",
        "Date": "Tue, 18 Apr 2023 16:52:17 GMT",
        "User-Agent": "azsdk-java-azure-containers-containerregistry/1.1.0-beta.5 (17.0.4; Windows 11; 10.0)",
        "x-ms-client-request-id": "8db2448c-312a-4f13-9ecf-b4005d2eeadb"
      },
      "RequestBody": "grant_type=access_token\u0026service=REDACTED\u0026access_token=REDACTED",
      "StatusCode": 200,
      "ResponseHeaders": {
        "Connection": "keep-alive",
        "Content-Type": "application/json; charset=utf-8",
        "Date": "Tue, 18 Apr 2023 16:52:17 GMT",
        "Server": "openresty",
        "Strict-Transport-Security": "max-age=31536000; includeSubDomains",
        "Transfer-Encoding": "chunked",
        "X-Ms-Correlation-Request-Id": "26425521-d5ee-4fea-a859-83f025b05254",
        "x-ms-ratelimit-remaining-calls-per-second": "331.166667"
      },
      "ResponseBody": {
        "refresh_token": "Sanitized"
      }
    },
    {
      "RequestUri": "https://REDACTED/oauth2/token?api-version=2021-07-01",
      "RequestMethod": "POST",
      "RequestHeaders": {
        "Accept": "application/json",
        "Content-Length": "122",
        "Content-Type": "application/x-www-form-urlencoded",
        "Date": "Tue, 18 Apr 2023 16:52:17 GMT",
        "User-Agent": "azsdk-java-azure-containers-containerregistry/1.1.0-beta.5 (17.0.4; Windows 11; 10.0)",
        "x-ms-client-request-id": "c68cf77b-c708-41da-889d-b82b8a202cb5"
      },
      "RequestBody": "service=REDACTED\u0026scope=repository%3Alibrary%2Fhello-world%3Ametadata_write\u0026refresh_token=REDACTED\u0026grant_type=refresh_token",
      "StatusCode": 200,
      "ResponseHeaders": {
        "Connection": "keep-alive",
        "Content-Type": "application/json; charset=utf-8",
        "Date": "Tue, 18 Apr 2023 16:52:17 GMT",
        "Server": "openresty",
        "Strict-Transport-Security": "max-age=31536000; includeSubDomains",
        "Transfer-Encoding": "chunked",
        "X-Ms-Correlation-Request-Id": "9ce9e8fb-f5bb-4e19-9783-99becce87801",
        "x-ms-ratelimit-remaining-calls-per-second": "331.15"
      },
      "ResponseBody": {
        "access_token": "Sanitized"
      }
    },
    {
      "RequestUri": "https://REDACTED/acr/v1/library%2Fhello-world?api-version=2021-07-01",
      "RequestMethod": "PATCH",
      "RequestHeaders": {
        "Accept": "application/json",
        "Authorization": "Sanitized",
        "Content-Length": "81",
        "Content-Type": "application/json",
        "Date": "Tue, 18 Apr 2023 16:52:16 GMT",
        "User-Agent": "azsdk-java-azure-containers-containerregistry/1.1.0-beta.5 (17.0.4; Windows 11; 10.0)",
        "x-ms-client-request-id": "be14c8df-20db-47d2-90d6-264300a81106"
      },
      "RequestBody": {
        "deleteEnabled": false,
        "writeEnabled": true,
        "listEnabled": true,
        "readEnabled": true
      },
      "StatusCode": 200,
      "ResponseHeaders": {
        "Access-Control-Expose-Headers": [
          "Docker-Content-Digest",
          "WWW-Authenticate",
          "Link",
          "X-Ms-Correlation-Request-Id"
        ],
        "Connection": "keep-alive",
        "Content-Length": "302",
        "Content-Type": "application/json; charset=utf-8",
        "Date": "Tue, 18 Apr 2023 16:52:17 GMT",
        "Docker-Distribution-Api-Version": "registry/2.0",
        "Server": "openresty",
        "Strict-Transport-Security": [
          "max-age=31536000; includeSubDomains",
          "max-age=31536000; includeSubDomains"
        ],
        "X-Content-Type-Options": "nosniff",
        "X-Ms-Correlation-Request-Id": "b9ea616e-880a-4c81-b8c6-a00d579feb44"
      },
      "ResponseBody": {
        "registry": "limolkovaacr.azurecr.io",
        "imageName": "library/hello-world",
        "createdTime": "2023-01-30T17:44:39.593234Z",
        "lastUpdateTime": "2023-04-17T21:31:14.7435387Z",
        "manifestCount": 25,
        "tagCount": 5,
        "changeableAttributes": {
          "deleteEnabled": false,
          "writeEnabled": true,
          "readEnabled": true,
          "listEnabled": true
        }
      }
    },
    {
      "RequestUri": "https://REDACTED/acr/v1/library%2Fhello-world?api-version=2021-07-01",
      "RequestMethod": "PATCH",
      "RequestHeaders": {
        "Accept": "application/json",
        "Content-Length": "81",
        "Content-Type": "application/json",
        "Date": "Tue, 18 Apr 2023 16:52:17 GMT",
        "User-Agent": "azsdk-java-azure-containers-containerregistry/1.1.0-beta.5 (17.0.4; Windows 11; 10.0)",
        "x-ms-client-request-id": "bb38e2bf-e671-4bcc-b0f1-feab12ab8b63"
      },
      "RequestBody": {
        "deleteEnabled": false,
        "writeEnabled": true,
        "listEnabled": true,
        "readEnabled": true
      },
      "StatusCode": 401,
      "ResponseHeaders": {
        "Access-Control-Expose-Headers": [
          "Docker-Content-Digest",
          "WWW-Authenticate",
          "Link",
          "X-Ms-Correlation-Request-Id"
        ],
        "Connection": "keep-alive",
        "Content-Length": "223",
        "Content-Type": "application/json; charset=utf-8",
        "Date": "Tue, 18 Apr 2023 16:52:17 GMT",
        "Docker-Distribution-Api-Version": "registry/2.0",
        "Server": "openresty",
        "Strict-Transport-Security": [
          "max-age=31536000; includeSubDomains",
          "max-age=31536000; includeSubDomains"
        ],
        "WWW-Authenticate": "Bearer realm=\u0022https://REDACTED\u0022,service=\u0022REDACTED\u0022,scope=\u0022repository:library/hello-world:metadata_write\u0022",
        "X-Content-Type-Options": "nosniff",
        "X-Ms-Correlation-Request-Id": "649dffe0-6a5f-4b17-9c04-8623143fdf6a"
      },
      "ResponseBody": {
        "errors": [
          {
            "code": "UNAUTHORIZED",
            "message": "authentication required, visit https://aka.ms/acr/authorization for more information.",
            "detail": [
              {
                "Type": "repository",
                "Name": "library/hello-world",
                "Action": "metadata_write"
              }
            ]
          }
        ]
      }
    },
    {
      "RequestUri": "https://REDACTED/oauth2/token?api-version=2021-07-01",
      "RequestMethod": "POST",
      "RequestHeaders": {
        "Accept": "application/json",
        "Content-Length": "122",
        "Content-Type": "application/x-www-form-urlencoded",
        "Date": "Tue, 18 Apr 2023 16:52:17 GMT",
        "User-Agent": "azsdk-java-azure-containers-containerregistry/1.1.0-beta.5 (17.0.4; Windows 11; 10.0)",
        "x-ms-client-request-id": "08ab9d5e-7152-481a-96ff-0fdeca63a1fd"
      },
      "RequestBody": "service=REDACTED\u0026scope=repository%3Alibrary%2Fhello-world%3Ametadata_write\u0026refresh_token=REDACTED\u0026grant_type=refresh_token",
      "StatusCode": 200,
      "ResponseHeaders": {
        "Connection": "keep-alive",
        "Content-Type": "application/json; charset=utf-8",
        "Date": "Tue, 18 Apr 2023 16:52:17 GMT",
        "Server": "openresty",
        "Strict-Transport-Security": "max-age=31536000; includeSubDomains",
        "Transfer-Encoding": "chunked",
        "X-Ms-Correlation-Request-Id": "4cbf0462-2270-4bd2-bdda-017293638749",
        "x-ms-ratelimit-remaining-calls-per-second": "331.1"
      },
      "ResponseBody": {
        "access_token": "Sanitized"
      }
    },
    {
      "RequestUri": "https://REDACTED/acr/v1/library%2Fhello-world?api-version=2021-07-01",
      "RequestMethod": "PATCH",
      "RequestHeaders": {
        "Accept": "application/json",
        "Authorization": "Sanitized",
        "Content-Length": "81",
        "Content-Type": "application/json",
        "Date": "Tue, 18 Apr 2023 16:52:17 GMT",
        "User-Agent": "azsdk-java-azure-containers-containerregistry/1.1.0-beta.5 (17.0.4; Windows 11; 10.0)",
        "x-ms-client-request-id": "bb38e2bf-e671-4bcc-b0f1-feab12ab8b63"
      },
      "RequestBody": {
        "deleteEnabled": false,
        "writeEnabled": true,
        "listEnabled": true,
        "readEnabled": true
      },
      "StatusCode": 200,
      "ResponseHeaders": {
        "Access-Control-Expose-Headers": [
          "Docker-Content-Digest",
          "WWW-Authenticate",
          "Link",
          "X-Ms-Correlation-Request-Id"
        ],
        "Connection": "keep-alive",
        "Content-Length": "302",
        "Content-Type": "application/json; charset=utf-8",
        "Date": "Tue, 18 Apr 2023 16:52:18 GMT",
        "Docker-Distribution-Api-Version": "registry/2.0",
        "Server": "openresty",
        "Strict-Transport-Security": [
          "max-age=31536000; includeSubDomains",
          "max-age=31536000; includeSubDomains"
        ],
        "X-Content-Type-Options": "nosniff",
        "X-Ms-Correlation-Request-Id": "09a6e593-3c55-4727-bc59-9c8ec1d4ff29"
      },
      "ResponseBody": {
        "registry": "limolkovaacr.azurecr.io",
        "imageName": "library/hello-world",
        "createdTime": "2023-01-30T17:44:39.593234Z",
        "lastUpdateTime": "2023-04-17T21:31:14.7435387Z",
        "manifestCount": 25,
        "tagCount": 5,
        "changeableAttributes": {
          "deleteEnabled": false,
          "writeEnabled": true,
          "readEnabled": true,
          "listEnabled": true
        }
      }
    },
    {
      "RequestUri": "https://REDACTED/acr/v1/library%2Fhello-world?api-version=2021-07-01",
      "RequestMethod": "PATCH",
      "RequestHeaders": {
        "Accept": "application/json",
        "Content-Length": "80",
        "Content-Type": "application/json",
        "Date": "Tue, 18 Apr 2023 16:52:17 GMT",
        "User-Agent": "azsdk-java-azure-containers-containerregistry/1.1.0-beta.5 (17.0.4; Windows 11; 10.0)",
        "x-ms-client-request-id": "5c012037-a264-4265-9d86-b5cf46052ec9"
      },
      "RequestBody": {
        "deleteEnabled": true,
        "writeEnabled": true,
        "listEnabled": true,
        "readEnabled": true
      },
      "StatusCode": 401,
      "ResponseHeaders": {
        "Access-Control-Expose-Headers": [
          "Docker-Content-Digest",
          "WWW-Authenticate",
          "Link",
          "X-Ms-Correlation-Request-Id"
        ],
        "Connection": "keep-alive",
        "Content-Length": "223",
        "Content-Type": "application/json; charset=utf-8",
        "Date": "Tue, 18 Apr 2023 16:52:18 GMT",
        "Docker-Distribution-Api-Version": "registry/2.0",
        "Server": "openresty",
        "Strict-Transport-Security": [
          "max-age=31536000; includeSubDomains",
          "max-age=31536000; includeSubDomains"
        ],
        "WWW-Authenticate": "Bearer realm=\u0022https://REDACTED\u0022,service=\u0022REDACTED\u0022,scope=\u0022repository:library/hello-world:metadata_write\u0022",
        "X-Content-Type-Options": "nosniff",
        "X-Ms-Correlation-Request-Id": "c0b8b8a9-28a5-43aa-a35d-2fe98cae018e"
      },
      "ResponseBody": {
        "errors": [
          {
            "code": "UNAUTHORIZED",
            "message": "authentication required, visit https://aka.ms/acr/authorization for more information.",
            "detail": [
              {
                "Type": "repository",
                "Name": "library/hello-world",
                "Action": "metadata_write"
              }
            ]
          }
        ]
      }
    },
    {
      "RequestUri": "https://REDACTED/oauth2/exchange?api-version=2021-07-01",
      "RequestMethod": "POST",
      "RequestHeaders": {
        "Accept": "application/json",
        "Content-Length": "62",
        "Content-Type": "application/x-www-form-urlencoded",
        "Date": "Tue, 18 Apr 2023 16:52:18 GMT",
        "User-Agent": "azsdk-java-azure-containers-containerregistry/1.1.0-beta.5 (17.0.4; Windows 11; 10.0)",
        "x-ms-client-request-id": "8abfe45a-67a5-47ff-abd3-a1bcd5360d26"
      },
      "RequestBody": "grant_type=access_token\u0026service=REDACTED\u0026access_token=REDACTED",
      "StatusCode": 200,
      "ResponseHeaders": {
        "Connection": "keep-alive",
        "Content-Type": "application/json; charset=utf-8",
        "Date": "Tue, 18 Apr 2023 16:52:18 GMT",
        "Server": "openresty",
        "Strict-Transport-Security": "max-age=31536000; includeSubDomains",
        "Transfer-Encoding": "chunked",
        "X-Ms-Correlation-Request-Id": "30ddc659-7350-4fa2-9810-0e6f387f5655",
        "x-ms-ratelimit-remaining-calls-per-second": "331.033333"
      },
      "ResponseBody": {
        "refresh_token": "Sanitized"
      }
    },
    {
      "RequestUri": "https://REDACTED/oauth2/token?api-version=2021-07-01",
      "RequestMethod": "POST",
      "RequestHeaders": {
        "Accept": "application/json",
        "Content-Length": "122",
        "Content-Type": "application/x-www-form-urlencoded",
        "Date": "Tue, 18 Apr 2023 16:52:18 GMT",
        "User-Agent": "azsdk-java-azure-containers-containerregistry/1.1.0-beta.5 (17.0.4; Windows 11; 10.0)",
        "x-ms-client-request-id": "2c90c88c-c5ed-4761-bcbd-60d19f837fda"
      },
      "RequestBody": "service=REDACTED\u0026scope=repository%3Alibrary%2Fhello-world%3Ametadata_write\u0026refresh_token=REDACTED\u0026grant_type=refresh_token",
      "StatusCode": 200,
      "ResponseHeaders": {
        "Connection": "keep-alive",
        "Content-Type": "application/json; charset=utf-8",
        "Date": "Tue, 18 Apr 2023 16:52:18 GMT",
        "Server": "openresty",
        "Strict-Transport-Security": "max-age=31536000; includeSubDomains",
        "Transfer-Encoding": "chunked",
        "X-Ms-Correlation-Request-Id": "e2dc2d1e-a606-42ce-8709-9f2b544d9f3e",
        "x-ms-ratelimit-remaining-calls-per-second": "331.016667"
      },
      "ResponseBody": {
        "access_token": "Sanitized"
      }
    },
    {
      "RequestUri": "https://REDACTED/acr/v1/library%2Fhello-world?api-version=2021-07-01",
      "RequestMethod": "PATCH",
      "RequestHeaders": {
        "Accept": "application/json",
        "Authorization": "Sanitized",
        "Content-Length": "80",
        "Content-Type": "application/json",
        "Date": "Tue, 18 Apr 2023 16:52:17 GMT",
        "User-Agent": "azsdk-java-azure-containers-containerregistry/1.1.0-beta.5 (17.0.4; Windows 11; 10.0)",
        "x-ms-client-request-id": "5c012037-a264-4265-9d86-b5cf46052ec9"
      },
      "RequestBody": {
        "deleteEnabled": true,
        "writeEnabled": true,
        "listEnabled": true,
        "readEnabled": true
      },
      "StatusCode": 200,
      "ResponseHeaders": {
        "Access-Control-Expose-Headers": [
          "Docker-Content-Digest",
          "WWW-Authenticate",
          "Link",
          "X-Ms-Correlation-Request-Id"
        ],
        "Connection": "keep-alive",
        "Content-Length": "301",
        "Content-Type": "application/json; charset=utf-8",
        "Date": "Tue, 18 Apr 2023 16:52:18 GMT",
        "Docker-Distribution-Api-Version": "registry/2.0",
        "Server": "openresty",
        "Strict-Transport-Security": [
          "max-age=31536000; includeSubDomains",
          "max-age=31536000; includeSubDomains"
        ],
        "X-Content-Type-Options": "nosniff",
        "X-Ms-Correlation-Request-Id": "f79c0574-0efd-4b99-91ab-ba32b8f04329"
      },
      "ResponseBody": {
        "registry": "limolkovaacr.azurecr.io",
        "imageName": "library/hello-world",
        "createdTime": "2023-01-30T17:44:39.593234Z",
        "lastUpdateTime": "2023-04-17T21:31:14.7435387Z",
        "manifestCount": 25,
        "tagCount": 5,
        "changeableAttributes": {
          "deleteEnabled": true,
          "writeEnabled": true,
          "readEnabled": true,
          "listEnabled": true
        }
      }
    }
  ],
  "Variables": {}
}
