{
  "Entries": [
    {
      "RequestUri": "https://REDACTED/v2/oci-artifact/blobs/uploads/",
      "RequestMethod": "POST",
      "RequestHeaders": {
        "Accept": "application/json",
        "Content-Length": "0",
        "Date": "Fri, 02 Jun 2023 19:36:39 GMT",
        "User-Agent": "azsdk-java-azure-containers-containerregistry/1.2.0-beta.1 (17.0.4; Windows 11; 10.0)",
        "x-ms-client-request-id": "ecab62c8-d919-4453-bd71-970b42051f16"
      },
      "RequestBody": null,
      "StatusCode": 401,
      "ResponseHeaders": {
        "Access-Control-Expose-Headers": [
          "Docker-Content-Digest",
          "WWW-Authenticate",
          "Link",
          "X-Ms-Correlation-Request-Id"
        ],
        "Connection": "keep-alive",
        "Content-Length": "266",
        "Content-Type": "application/json; charset=utf-8",
        "Date": "Fri, 02 Jun 2023 19:36:39 GMT",
        "Docker-Distribution-Api-Version": "registry/2.0",
        "Server": "openresty",
        "Strict-Transport-Security": [
          "max-age=31536000; includeSubDomains",
          "max-age=31536000; includeSubDomains"
        ],
        "WWW-Authenticate": "Bearer realm=\u0022https://REDACTED\u0022,service=\u0022REDACTED\u0022,scope=\u0022repository:oci-artifact:pull,push\u0022",
        "X-Content-Type-Options": "nosniff",
        "X-Ms-Correlation-Request-Id": "fa6504a3-af36-4994-bc4a-1c1b755e1ffb"
      },
      "ResponseBody": {
        "errors": [
          {
            "code": "UNAUTHORIZED",
            "message": "authentication required, visit https://aka.ms/acr/authorization for more information.",
            "detail": [
              {
                "Type": "repository",
                "Name": "oci-artifact",
                "Action": "pull"
              },
              {
                "Type": "repository",
                "Name": "oci-artifact",
                "Action": "push"
              }
            ]
          }
        ]
      }
    },
    {
      "RequestUri": "https://REDACTED/oauth2/exchange?api-version=2021-07-01",
      "RequestMethod": "POST",
      "RequestHeaders": {
        "Accept": "application/json",
        "Content-Length": "62",
        "Content-Type": "application/x-www-form-urlencoded",
        "Date": "Fri, 02 Jun 2023 19:36:39 GMT",
        "User-Agent": "azsdk-java-azure-containers-containerregistry/1.2.0-beta.1 (17.0.4; Windows 11; 10.0)",
        "x-ms-client-request-id": "b4b78bd0-96f6-43ce-a8cc-2d2e984ba761"
      },
      "RequestBody": "grant_type=access_token\u0026service=REDACTED\u0026access_token=REDACTED",
      "StatusCode": 200,
      "ResponseHeaders": {
        "Connection": "keep-alive",
        "Content-Type": "application/json; charset=utf-8",
        "Date": "Fri, 02 Jun 2023 19:36:39 GMT",
        "Server": "openresty",
        "Strict-Transport-Security": "max-age=31536000; includeSubDomains",
        "Transfer-Encoding": "chunked",
        "X-Ms-Correlation-Request-Id": "9cfb6b41-802e-4970-9c6f-0e641f447b9e",
        "x-ms-ratelimit-remaining-calls-per-second": "333.033333"
      },
      "ResponseBody": {
        "refresh_token": "Sanitized"
      }
    },
    {
      "RequestUri": "https://REDACTED/oauth2/token?api-version=2021-07-01",
      "RequestMethod": "POST",
      "RequestHeaders": {
        "Accept": "application/json",
        "Content-Length": "110",
        "Content-Type": "application/x-www-form-urlencoded",
        "Date": "Fri, 02 Jun 2023 19:36:39 GMT",
        "User-Agent": "azsdk-java-azure-containers-containerregistry/1.2.0-beta.1 (17.0.4; Windows 11; 10.0)",
        "x-ms-client-request-id": "6afd01a8-a371-4d05-840a-d5d855fff499"
      },
      "RequestBody": "service=REDACTED\u0026scope=repository%3Aoci-artifact%3Apull%2Cpush\u0026refresh_token=REDACTED\u0026grant_type=refresh_token",
      "StatusCode": 200,
      "ResponseHeaders": {
        "Connection": "keep-alive",
        "Content-Type": "application/json; charset=utf-8",
        "Date": "Fri, 02 Jun 2023 19:36:40 GMT",
        "Server": "openresty",
        "Strict-Transport-Security": "max-age=31536000; includeSubDomains",
        "Transfer-Encoding": "chunked",
        "X-Ms-Correlation-Request-Id": "a0d78bc9-2840-40a0-b847-c452b855d129",
        "x-ms-ratelimit-remaining-calls-per-second": "333.016667"
      },
      "ResponseBody": {
        "access_token": "Sanitized"
      }
    },
    {
      "RequestUri": "https://REDACTED/v2/oci-artifact/blobs/uploads/",
      "RequestMethod": "POST",
      "RequestHeaders": {
        "Accept": "application/json",
        "Authorization": "Sanitized",
        "Content-Length": "0",
        "Date": "Fri, 02 Jun 2023 19:36:39 GMT",
        "User-Agent": "azsdk-java-azure-containers-containerregistry/1.2.0-beta.1 (17.0.4; Windows 11; 10.0)",
        "x-ms-client-request-id": "ecab62c8-d919-4453-bd71-970b42051f16"
      },
      "RequestBody": null,
      "StatusCode": 202,
      "ResponseHeaders": {
        "Access-Control-Expose-Headers": [
          "Docker-Content-Digest",
          "WWW-Authenticate",
          "Link",
          "X-Ms-Correlation-Request-Id"
        ],
        "Connection": "keep-alive",
        "Content-Length": "0",
        "Date": "Fri, 02 Jun 2023 19:36:40 GMT",
        "Docker-Distribution-Api-Version": "registry/2.0",
        "Docker-Upload-Uuid": "73622922-5fb8-44b5-a81a-aefea23c17fb",
        "Location": "/v2/oci-artifact/blobs/uploads/73622922-5fb8-44b5-a81a-aefea23c17fb?_nouploadcache=false\u0026_state=d6JhDQGVUKN-PcJkW0nHuuuVSS5gnkYlRvFwTcMG1t17Ik5hbWUiOiJvY2ktYXJ0aWZhY3QiLCJVVUlEIjoiNzM2MjI5MjItNWZiOC00NGI1LWE4MWEtYWVmZWEyM2MxN2ZiIiwiT2Zmc2V0IjowLCJTdGFydGVkQXQiOiIyMDIzLTA2LTAyVDE5OjM2OjQwLjA2ODAyNDQ2OVoifQ%3D%3D",
        "Range": "0-0",
        "Server": "openresty",
        "Strict-Transport-Security": [
          "max-age=31536000; includeSubDomains",
          "max-age=31536000; includeSubDomains"
        ],
        "X-Content-Type-Options": "nosniff",
        "X-Ms-Client-Request-Id": "ecab62c8-d919-4453-bd71-970b42051f16",
        "X-Ms-Correlation-Request-Id": "8e65e29b-0ec9-4dcd-b5f5-a8154b6a8e0a",
        "X-Ms-Request-Id": "ea8acbd2-cd94-4ae1-bfec-2f61b01b9d10"
      },
      "ResponseBody": null
    },
    {
      "RequestUri": "https://REDACTED/v2/oci-artifact/blobs/uploads/73622922-5fb8-44b5-a81a-aefea23c17fb?_nouploadcache=false\u0026_state=d6JhDQGVUKN-PcJkW0nHuuuVSS5gnkYlRvFwTcMG1t17Ik5hbWUiOiJvY2ktYXJ0aWZhY3QiLCJVVUlEIjoiNzM2MjI5MjItNWZiOC00NGI1LWE4MWEtYWVmZWEyM2MxN2ZiIiwiT2Zmc2V0IjowLCJTdGFydGVkQXQiOiIyMDIzLTA2LTAyVDE5OjM2OjQwLjA2ODAyNDQ2OVoifQ%3D%3D\u0026digest=sha256%3A44136fa355b3678a1146ad16f7e8649e94fb4fc21fe77e8310c060f61caaff8a",
      "RequestMethod": "PUT",
      "RequestHeaders": {
        "Accept": "application/json",
        "Authorization": "Sanitized",
        "Content-Length": "2",
        "Content-Type": "application/octet-stream",
        "Date": "Fri, 02 Jun 2023 19:36:40 GMT",
        "User-Agent": "azsdk-java-azure-containers-containerregistry/1.2.0-beta.1 (17.0.4; Windows 11; 10.0)",
        "x-ms-client-request-id": "2fdb5a18-2d02-4067-98aa-b88bdc1f5ed3"
      },
      "RequestBody": "e30=",
      "StatusCode": 201,
      "ResponseHeaders": {
        "Access-Control-Expose-Headers": [
          "Docker-Content-Digest",
          "WWW-Authenticate",
          "Link",
          "X-Ms-Correlation-Request-Id"
        ],
        "Connection": "keep-alive",
        "Content-Length": "0",
        "Date": "Fri, 02 Jun 2023 19:36:40 GMT",
        "Docker-Content-Digest": "sha256:44136fa355b3678a1146ad16f7e8649e94fb4fc21fe77e8310c060f61caaff8a",
        "Docker-Distribution-Api-Version": "registry/2.0",
        "Location": "/v2/oci-artifact/blobs/sha256:44136fa355b3678a1146ad16f7e8649e94fb4fc21fe77e8310c060f61caaff8a",
        "Server": "openresty",
        "Strict-Transport-Security": [
          "max-age=31536000; includeSubDomains",
          "max-age=31536000; includeSubDomains"
        ],
        "X-Content-Type-Options": "nosniff",
        "X-Ms-Client-Request-Id": "2fdb5a18-2d02-4067-98aa-b88bdc1f5ed3",
        "X-Ms-Correlation-Request-Id": "156c0e4f-4e3c-4441-be2b-c462a9019dcf",
        "X-Ms-Request-Id": "757ef3a4-d34b-4bdf-878c-e762806faa2f"
      },
      "ResponseBody": null
    },
    {
      "RequestUri": "https://REDACTED/v2/oci-artifact/blobs/uploads/",
      "RequestMethod": "POST",
      "RequestHeaders": {
        "Accept": "application/json",
        "Authorization": "Sanitized",
        "Content-Length": "0",
        "Date": "Fri, 02 Jun 2023 19:36:40 GMT",
        "User-Agent": "azsdk-java-azure-containers-containerregistry/1.2.0-beta.1 (17.0.4; Windows 11; 10.0)",
        "x-ms-client-request-id": "d1fd8206-7b92-4598-8066-8b8031a15bca"
      },
      "RequestBody": null,
      "StatusCode": 202,
      "ResponseHeaders": {
        "Access-Control-Expose-Headers": [
          "Docker-Content-Digest",
          "WWW-Authenticate",
          "Link",
          "X-Ms-Correlation-Request-Id"
        ],
        "Connection": "keep-alive",
        "Content-Length": "0",
        "Date": "Fri, 02 Jun 2023 19:36:40 GMT",
        "Docker-Distribution-Api-Version": "registry/2.0",
        "Docker-Upload-Uuid": "ec81c28c-b908-4d1b-86f1-76a2f644064a",
        "Location": "/v2/oci-artifact/blobs/uploads/ec81c28c-b908-4d1b-86f1-76a2f644064a?_nouploadcache=false\u0026_state=RqnjZTEltmX0OvsLtDKcg4oeFITf8VHjcpE5JsrHEGZ7Ik5hbWUiOiJvY2ktYXJ0aWZhY3QiLCJVVUlEIjoiZWM4MWMyOGMtYjkwOC00ZDFiLTg2ZjEtNzZhMmY2NDQwNjRhIiwiT2Zmc2V0IjowLCJTdGFydGVkQXQiOiIyMDIzLTA2LTAyVDE5OjM2OjQwLjI0MDkxOTUzWiJ9",
        "Range": "0-0",
        "Server": "openresty",
        "Strict-Transport-Security": [
          "max-age=31536000; includeSubDomains",
          "max-age=31536000; includeSubDomains"
        ],
        "X-Content-Type-Options": "nosniff",
        "X-Ms-Client-Request-Id": "d1fd8206-7b92-4598-8066-8b8031a15bca",
        "X-Ms-Correlation-Request-Id": "5f3ce52d-0fc0-4c4f-a793-ee739497e0af",
        "X-Ms-Request-Id": "b87e52ee-c8cd-4571-9947-60dbce70a65e"
      },
      "ResponseBody": null
    },
    {
      "RequestUri": "https://REDACTED/v2/oci-artifact/blobs/uploads/ec81c28c-b908-4d1b-86f1-76a2f644064a?_nouploadcache=false\u0026_state=RqnjZTEltmX0OvsLtDKcg4oeFITf8VHjcpE5JsrHEGZ7Ik5hbWUiOiJvY2ktYXJ0aWZhY3QiLCJVVUlEIjoiZWM4MWMyOGMtYjkwOC00ZDFiLTg2ZjEtNzZhMmY2NDQwNjRhIiwiT2Zmc2V0IjowLCJTdGFydGVkQXQiOiIyMDIzLTA2LTAyVDE5OjM2OjQwLjI0MDkxOTUzWiJ9\u0026digest=sha256%3Ab94d27b9934d3e08a52e52d7da7dabfac484efe37a5380ee9088f7ace2efcde9",
      "RequestMethod": "PUT",
      "RequestHeaders": {
        "Accept": "application/json",
        "Authorization": "Sanitized",
        "Content-Length": "11",
        "Content-Type": "application/octet-stream",
        "Date": "Fri, 02 Jun 2023 19:36:40 GMT",
        "User-Agent": "azsdk-java-azure-containers-containerregistry/1.2.0-beta.1 (17.0.4; Windows 11; 10.0)",
        "x-ms-client-request-id": "d8597370-5ef3-448c-a785-90ba22b3a5e1"
      },
      "RequestBody": "aGVsbG8gd29ybGQ=",
      "StatusCode": 201,
      "ResponseHeaders": {
        "Access-Control-Expose-Headers": [
          "Docker-Content-Digest",
          "WWW-Authenticate",
          "Link",
          "X-Ms-Correlation-Request-Id"
        ],
        "Connection": "keep-alive",
        "Content-Length": "0",
        "Date": "Fri, 02 Jun 2023 19:36:40 GMT",
        "Docker-Content-Digest": "sha256:b94d27b9934d3e08a52e52d7da7dabfac484efe37a5380ee9088f7ace2efcde9",
        "Docker-Distribution-Api-Version": "registry/2.0",
        "Location": "/v2/oci-artifact/blobs/sha256:b94d27b9934d3e08a52e52d7da7dabfac484efe37a5380ee9088f7ace2efcde9",
        "Server": "openresty",
        "Strict-Transport-Security": [
          "max-age=31536000; includeSubDomains",
          "max-age=31536000; includeSubDomains"
        ],
        "X-Content-Type-Options": "nosniff",
        "X-Ms-Client-Request-Id": "d8597370-5ef3-448c-a785-90ba22b3a5e1",
        "X-Ms-Correlation-Request-Id": "c3e2bcf6-17e3-4da0-934a-0992064982e0",
        "X-Ms-Request-Id": "739023f8-6402-4b18-b9a2-343713247da4"
      },
      "ResponseBody": null
    },
    {
      "RequestUri": "https://REDACTED/v2/oci-artifact/manifests/sha256:492bc88863bdf51159c4efe84e851c48d7034881159b56c4338003e50e801598",
      "RequestMethod": "PUT",
      "RequestHeaders": {
        "Accept": "application/json",
        "Authorization": "Sanitized",
        "Content-Length": "459",
        "Content-Type": "application/vnd.oci.image.manifest.v1\u002Bjson",
        "Date": "Fri, 02 Jun 2023 19:36:40 GMT",
        "User-Agent": "azsdk-java-azure-containers-containerregistry/1.2.0-beta.1 (17.0.4; Windows 11; 10.0)",
        "x-ms-client-request-id": "8d3bccfa-7c28-447e-a477-a0962db67bda"
      },
      "RequestBody": {
        "schemaVersion": 2,
        "config": {
          "mediaType": "application/vnd.acme.rocket.config.v1\u002Bjson",
          "size": 171,
          "digest": "sha256:44136fa355b3678a1146ad16f7e8649e94fb4fc21fe77e8310c060f61caaff8a"
        },
        "layers": [
          {
            "mediaType": "application/vnd.oci.image.layer.v1.tar",
            "size": 28,
            "digest": "sha256:b94d27b9934d3e08a52e52d7da7dabfac484efe37a5380ee9088f7ace2efcde9",
            "annotations": {
              "org.opencontainers.image.ref.name": "654b93f61054e4ce90ed203bb8d556a6200d5f906cf3eca0620738d6dc18cbed"
            }
          }
        ]
      },
      "StatusCode": 201,
      "ResponseHeaders": {
        "Access-Control-Expose-Headers": [
          "Docker-Content-Digest",
          "WWW-Authenticate",
          "Link",
          "X-Ms-Correlation-Request-Id"
        ],
        "Connection": "keep-alive",
        "Content-Length": "0",
        "Date": "Fri, 02 Jun 2023 19:36:40 GMT",
        "Docker-Content-Digest": "sha256:492bc88863bdf51159c4efe84e851c48d7034881159b56c4338003e50e801598",
        "Docker-Distribution-Api-Version": "registry/2.0",
        "Location": "/v2/oci-artifact/manifests/sha256:492bc88863bdf51159c4efe84e851c48d7034881159b56c4338003e50e801598",
        "Server": "openresty",
        "Strict-Transport-Security": [
          "max-age=31536000; includeSubDomains",
          "max-age=31536000; includeSubDomains"
        ],
        "X-Content-Type-Options": "nosniff",
        "X-Ms-Client-Request-Id": "8d3bccfa-7c28-447e-a477-a0962db67bda",
        "X-Ms-Correlation-Request-Id": "5be975fa-7a13-4ca0-bdcf-35cd08b30372",
        "X-Ms-Request-Id": "7b304eda-d15e-49e7-a53e-f6ed4e629c83"
      },
      "ResponseBody": null
    },
    {
      "RequestUri": "https://REDACTED/v2/oci-artifact/manifests/sha256:492bc88863bdf51159c4efe84e851c48d7034881159b56c4338003e50e801598",
      "RequestMethod": "GET",
      "RequestHeaders": {
        "Accept": "*/*,application/vnd.oci.image.manifest.v1\u002Bjson,application/vnd.docker.distribution.manifest.v2\u002Bjson,application/vnd.oci.image.index.v1\u002Bjson,application/vnd.docker.distribution.manifest.list.v2\u002Bjson,application/vnd.cncf.oras.artifact.manifest.v1\u002Bjson",
        "Authorization": "Sanitized",
        "Content-Length": "0",
        "Date": "Fri, 02 Jun 2023 19:36:40 GMT",
        "User-Agent": "azsdk-java-azure-containers-containerregistry/1.2.0-beta.1 (17.0.4; Windows 11; 10.0)",
        "x-ms-client-request-id": "c809cdae-369e-43ea-b103-eac791cc17c8"
      },
      "RequestBody": null,
      "StatusCode": 200,
      "ResponseHeaders": {
        "Access-Control-Expose-Headers": [
          "Docker-Content-Digest",
          "WWW-Authenticate",
          "Link",
          "X-Ms-Correlation-Request-Id"
        ],
        "Connection": "keep-alive",
        "Content-Length": "459",
        "Content-Type": "application/vnd.oci.image.manifest.v1\u002Bjson",
        "Date": "Fri, 02 Jun 2023 19:36:40 GMT",
        "Docker-Content-Digest": "sha256:492bc88863bdf51159c4efe84e851c48d7034881159b56c4338003e50e801598",
        "Docker-Distribution-Api-Version": "registry/2.0",
        "ETag": "\u0022sha256:492bc88863bdf51159c4efe84e851c48d7034881159b56c4338003e50e801598\u0022",
        "Server": "openresty",
        "Strict-Transport-Security": [
          "max-age=31536000; includeSubDomains",
          "max-age=31536000; includeSubDomains"
        ],
        "X-Content-Type-Options": "nosniff",
        "X-Ms-Client-Request-Id": "c809cdae-369e-43ea-b103-eac791cc17c8",
        "X-Ms-Correlation-Request-Id": "7e0a5b4a-b483-4652-95cc-312604a6938b",
        "X-Ms-Request-Id": "d5153502-20fa-4402-a6f6-5c9a736f48fa"
      },
      "ResponseBody": {
        "schemaVersion": 2,
        "config": {
          "mediaType": "application/vnd.acme.rocket.config.v1\u002Bjson",
          "size": 171,
          "digest": "sha256:44136fa355b3678a1146ad16f7e8649e94fb4fc21fe77e8310c060f61caaff8a"
        },
        "layers": [
          {
            "mediaType": "application/vnd.oci.image.layer.v1.tar",
            "size": 28,
            "digest": "sha256:b94d27b9934d3e08a52e52d7da7dabfac484efe37a5380ee9088f7ace2efcde9",
            "annotations": {
              "org.opencontainers.image.ref.name": "654b93f61054e4ce90ed203bb8d556a6200d5f906cf3eca0620738d6dc18cbed"
            }
          }
        ]
      }
    },
    {
      "RequestUri": "https://REDACTED/v2/oci-artifact/blobs/sha256:44136fa355b3678a1146ad16f7e8649e94fb4fc21fe77e8310c060f61caaff8a",
      "RequestMethod": "DELETE",
      "RequestHeaders": {
        "Accept": "*/*",
        "Authorization": "Sanitized",
        "Content-Length": "0",
        "Date": "Fri, 02 Jun 2023 19:36:40 GMT",
        "User-Agent": "azsdk-java-azure-containers-containerregistry/1.2.0-beta.1 (17.0.4; Windows 11; 10.0)",
        "x-ms-client-request-id": "4f9780d6-289f-4258-9cff-30c4a2f40c18"
      },
      "RequestBody": null,
      "StatusCode": 401,
      "ResponseHeaders": {
        "Access-Control-Expose-Headers": [
          "Docker-Content-Digest",
          "WWW-Authenticate",
          "Link",
          "X-Ms-Correlation-Request-Id"
        ],
        "Connection": "keep-alive",
        "Content-Length": "208",
        "Content-Type": "application/json; charset=utf-8",
        "Date": "Fri, 02 Jun 2023 19:36:40 GMT",
        "Docker-Distribution-Api-Version": "registry/2.0",
        "Server": "openresty",
        "Strict-Transport-Security": [
          "max-age=31536000; includeSubDomains",
          "max-age=31536000; includeSubDomains"
        ],
        "WWW-Authenticate": "Bearer realm=\u0022https://REDACTED\u0022,service=\u0022REDACTED\u0022,scope=\u0022repository:oci-artifact:delete\u0022,error=\u0022insufficient_scope\u0022",
        "X-Content-Type-Options": "nosniff",
        "X-Ms-Correlation-Request-Id": "1fcda4f4-0406-4d3e-915b-e207cf252504"
      },
      "ResponseBody": {
        "errors": [
          {
            "code": "UNAUTHORIZED",
            "message": "authentication required, visit https://aka.ms/acr/authorization for more information.",
            "detail": [
              {
                "Type": "repository",
                "Name": "oci-artifact",
                "Action": "delete"
              }
            ]
          }
        ]
      }
    },
    {
      "RequestUri": "https://REDACTED/oauth2/exchange?api-version=2021-07-01",
      "RequestMethod": "POST",
      "RequestHeaders": {
        "Accept": "application/json",
        "Content-Length": "62",
        "Content-Type": "application/x-www-form-urlencoded",
        "Date": "Fri, 02 Jun 2023 19:36:40 GMT",
        "User-Agent": "azsdk-java-azure-containers-containerregistry/1.2.0-beta.1 (17.0.4; Windows 11; 10.0)",
        "x-ms-client-request-id": "a6a785e7-a6dd-44a3-8559-22995a110223"
      },
      "RequestBody": "grant_type=access_token\u0026service=REDACTED\u0026access_token=REDACTED",
      "StatusCode": 200,
      "ResponseHeaders": {
        "Connection": "keep-alive",
        "Content-Type": "application/json; charset=utf-8",
        "Date": "Fri, 02 Jun 2023 19:36:40 GMT",
        "Server": "openresty",
        "Strict-Transport-Security": "max-age=31536000; includeSubDomains",
        "Transfer-Encoding": "chunked",
        "X-Ms-Correlation-Request-Id": "d10cd048-3058-4379-8dbf-18e5d0b09f93",
        "x-ms-ratelimit-remaining-calls-per-second": "333"
      },
      "ResponseBody": {
        "refresh_token": "Sanitized"
      }
    },
    {
      "RequestUri": "https://REDACTED/oauth2/token?api-version=2021-07-01",
      "RequestMethod": "POST",
      "RequestHeaders": {
        "Accept": "application/json",
        "Content-Length": "105",
        "Content-Type": "application/x-www-form-urlencoded",
        "Date": "Fri, 02 Jun 2023 19:36:40 GMT",
        "User-Agent": "azsdk-java-azure-containers-containerregistry/1.2.0-beta.1 (17.0.4; Windows 11; 10.0)",
        "x-ms-client-request-id": "0e23586e-67e2-4416-9a1d-f0493bc4ffc4"
      },
      "RequestBody": "service=REDACTED\u0026scope=repository%3Aoci-artifact%3Adelete\u0026refresh_token=REDACTED\u0026grant_type=refresh_token",
      "StatusCode": 200,
      "ResponseHeaders": {
        "Connection": "keep-alive",
        "Content-Type": "application/json; charset=utf-8",
        "Date": "Fri, 02 Jun 2023 19:36:40 GMT",
        "Server": "openresty",
        "Strict-Transport-Security": "max-age=31536000; includeSubDomains",
        "Transfer-Encoding": "chunked",
        "X-Ms-Correlation-Request-Id": "e4abc14d-6a57-463c-a27a-d754fdf27166",
        "x-ms-ratelimit-remaining-calls-per-second": "332.983333"
      },
      "ResponseBody": {
        "access_token": "Sanitized"
      }
    },
    {
      "RequestUri": "https://REDACTED/v2/oci-artifact/blobs/sha256:44136fa355b3678a1146ad16f7e8649e94fb4fc21fe77e8310c060f61caaff8a",
      "RequestMethod": "DELETE",
      "RequestHeaders": {
        "Accept": "*/*",
        "Authorization": "Sanitized",
        "Content-Length": "0",
        "Date": "Fri, 02 Jun 2023 19:36:40 GMT",
        "User-Agent": "azsdk-java-azure-containers-containerregistry/1.2.0-beta.1 (17.0.4; Windows 11; 10.0)",
        "x-ms-client-request-id": "4f9780d6-289f-4258-9cff-30c4a2f40c18"
      },
      "RequestBody": null,
      "StatusCode": 202,
      "ResponseHeaders": {
        "Access-Control-Expose-Headers": [
          "Docker-Content-Digest",
          "WWW-Authenticate",
          "Link",
          "X-Ms-Correlation-Request-Id"
        ],
        "Connection": "keep-alive",
        "Content-Length": "0",
        "Date": "Fri, 02 Jun 2023 19:36:40 GMT",
        "Docker-Distribution-Api-Version": "registry/2.0",
        "Server": "openresty",
        "Strict-Transport-Security": [
          "max-age=31536000; includeSubDomains",
          "max-age=31536000; includeSubDomains"
        ],
        "X-Content-Type-Options": "nosniff",
        "X-Ms-Client-Request-Id": "4f9780d6-289f-4258-9cff-30c4a2f40c18",
        "X-Ms-Correlation-Request-Id": "58512785-752d-4c63-baf1-c8e606826ef6",
        "X-Ms-Ratelimit-Remaining-Calls-Per-Second": "32.000000",
        "X-Ms-Request-Id": "c57017bb-360a-43f1-bdfc-699c5f22d6e0"
      },
      "ResponseBody": null
    },
    {
      "RequestUri": "https://REDACTED/v2/oci-artifact/blobs/sha256:b94d27b9934d3e08a52e52d7da7dabfac484efe37a5380ee9088f7ace2efcde9",
      "RequestMethod": "DELETE",
      "RequestHeaders": {
        "Accept": "*/*",
        "Authorization": "Sanitized",
        "Content-Length": "0",
        "Date": "Fri, 02 Jun 2023 19:36:40 GMT",
        "User-Agent": "azsdk-java-azure-containers-containerregistry/1.2.0-beta.1 (17.0.4; Windows 11; 10.0)",
        "x-ms-client-request-id": "120b6f1e-1e85-41bb-9e14-affffe790745"
      },
      "RequestBody": null,
      "StatusCode": 202,
      "ResponseHeaders": {
        "Access-Control-Expose-Headers": [
          "Docker-Content-Digest",
          "WWW-Authenticate",
          "Link",
          "X-Ms-Correlation-Request-Id"
        ],
        "Connection": "keep-alive",
        "Content-Length": "0",
        "Date": "Fri, 02 Jun 2023 19:36:40 GMT",
        "Docker-Distribution-Api-Version": "registry/2.0",
        "Server": "openresty",
        "Strict-Transport-Security": [
          "max-age=31536000; includeSubDomains",
          "max-age=31536000; includeSubDomains"
        ],
        "X-Content-Type-Options": "nosniff",
        "X-Ms-Client-Request-Id": "120b6f1e-1e85-41bb-9e14-affffe790745",
        "X-Ms-Correlation-Request-Id": "276814ad-7389-495b-8fbf-596f0f188e1c",
        "X-Ms-Ratelimit-Remaining-Calls-Per-Second": "31.000000",
        "X-Ms-Request-Id": "0487be3a-8905-4e58-9097-b7e78a4c1301"
      },
      "ResponseBody": null
    },
    {
      "RequestUri": "https://REDACTED/v2/oci-artifact/manifests/sha256:492bc88863bdf51159c4efe84e851c48d7034881159b56c4338003e50e801598",
      "RequestMethod": "DELETE",
      "RequestHeaders": {
        "Accept": "application/json",
        "Authorization": "Sanitized",
        "Content-Length": "0",
        "Date": "Fri, 02 Jun 2023 19:36:40 GMT",
        "User-Agent": "azsdk-java-azure-containers-containerregistry/1.2.0-beta.1 (17.0.4; Windows 11; 10.0)",
        "x-ms-client-request-id": "0f120c39-2ecd-4bc3-928a-b9bb044b5ccb"
      },
      "RequestBody": null,
      "StatusCode": 202,
      "ResponseHeaders": {
        "Access-Control-Expose-Headers": [
          "Docker-Content-Digest",
          "WWW-Authenticate",
          "Link",
          "X-Ms-Correlation-Request-Id"
        ],
        "Connection": "keep-alive",
        "Content-Length": "0",
        "Date": "Fri, 02 Jun 2023 19:36:40 GMT",
        "Docker-Distribution-Api-Version": "registry/2.0",
        "Server": "openresty",
        "Strict-Transport-Security": [
          "max-age=31536000; includeSubDomains",
          "max-age=31536000; includeSubDomains"
        ],
        "X-Content-Type-Options": "nosniff",
        "X-Ms-Client-Request-Id": "0f120c39-2ecd-4bc3-928a-b9bb044b5ccb",
        "X-Ms-Correlation-Request-Id": "62ce0e6e-b675-4e1a-bd1a-943497004a2f",
        "X-Ms-Ratelimit-Remaining-Calls-Per-Second": "30.000000",
        "X-Ms-Request-Id": "d3c5b2bb-8181-4b39-bf38-70455fd3420c"
      },
      "ResponseBody": null
    }
  ],
  "Variables": {}
}
