public class PublicClassWithConstructorAndSimpleBody {
    /**
     * field 1 description.
     */
    private String field1;

    /**
     * Initializes a new instance of the {@link PublicClassWithConstructorAndSimpleBody} class.
     * This is more information.
     * This is even more information.
     * <p>
     * This is remarks.
     * </p>
     * @param firstParam This is my first parameter.
     * @param secondParam This is my second parameter.
     */
    public PublicClassWithConstructorAndSimpleBody(String firstParam, int secondParam) {
        this.field1 = firstParam;
    }
}
