{
  "Entries": [
    {
      "RequestUri": "https://REDACTED/$schemaGroups/azsdk_java_group/schemas/sch9644701ec?api-version=2022-10",
      "RequestMethod": "PUT",
      "RequestHeaders": {
        "Accept": "application/json",
        "Authorization": "Sanitized",
        "Content-Length": "28",
        "Content-Type": "text/plain; charset=utf-8",
        "Date": "Wed, 28 Jun 2023 22:45:17 GMT",
        "User-Agent": "azsdk-java-azure-data-schemaregistry/1.4.0-beta.3 (17.0.1; Windows 11; 10.0)",
        "x-ms-client-request-id": "794c5818-4cc8-4c5c-8589-f85bb9e76de1"
      },
      "RequestBody": "Person: int, string, decimal",
      "StatusCode": 204,
      "ResponseHeaders": {
        "Content-Length": "0",
        "Date": "Wed, 28 Jun 2023 22:45:32 GMT",
        "Location": "https://t2db89c3d1246e61c-custom.servicebus.windows.net/$schemagroups/azsdk_java_group/schemas/sch9644701ec/versions/1?api-version=2022-10",
        "Schema-Group-Name": "azsdk_java_group",
        "Schema-Id": "291b715bed0a45cb9e4f40d618b88154",
        "Schema-Id-Location": "https://t2db89c3d1246e61c-custom.servicebus.windows.net:443/$schemagroups/$schemas/291b715bed0a45cb9e4f40d618b88154?api-version=2022-10",
        "Schema-Name": "sch9644701ec",
        "Schema-Version": "1",
        "Schema-Versions-Location": "https://t2db89c3d1246e61c-custom.servicebus.windows.net:443/$schemagroups/azsdk_java_group/schemas/sch9644701ec/versions?api-version=2022-10",
        "Server": "Microsoft-HTTPAPI/2.0",
        "Strict-Transport-Security": "max-age=31536000"
      },
      "ResponseBody": null
    },
    {
      "RequestUri": "https://REDACTED/$schemaGroups/azsdk_java_group/schemas/sch9644701ec?api-version=2022-10",
      "RequestMethod": "PUT",
      "RequestHeaders": {
        "Accept": "application/json",
        "Authorization": "Sanitized",
        "Content-Length": "36",
        "Content-Type": "text/plain; charset=utf-8",
        "Date": "Wed, 28 Jun 2023 22:45:33 GMT",
        "User-Agent": "azsdk-java-azure-data-schemaregistry/1.4.0-beta.3 (17.0.1; Windows 11; 10.0)",
        "x-ms-client-request-id": "f7ea9bb1-a3e8-4f97-ab60-3c110f222139"
      },
      "RequestBody": "Person: int, string, decimal, string",
      "StatusCode": 204,
      "ResponseHeaders": {
        "Content-Length": "0",
        "Date": "Wed, 28 Jun 2023 22:45:32 GMT",
        "Location": "https://t2db89c3d1246e61c-custom.servicebus.windows.net/$schemagroups/azsdk_java_group/schemas/sch9644701ec/versions/2?api-version=2022-10",
        "Schema-Group-Name": "azsdk_java_group",
        "Schema-Id": "d6edd64506f64ccebeae160fc136ea12",
        "Schema-Id-Location": "https://t2db89c3d1246e61c-custom.servicebus.windows.net:443/$schemagroups/$schemas/d6edd64506f64ccebeae160fc136ea12?api-version=2022-10",
        "Schema-Name": "sch9644701ec",
        "Schema-Version": "2",
        "Schema-Versions-Location": "https://t2db89c3d1246e61c-custom.servicebus.windows.net:443/$schemagroups/azsdk_java_group/schemas/sch9644701ec/versions?api-version=2022-10",
        "Server": "Microsoft-HTTPAPI/2.0",
        "Strict-Transport-Security": "max-age=31536000"
      },
      "ResponseBody": null
    },
    {
      "RequestUri": "https://REDACTED/$schemaGroups/$schemas/d6edd64506f64ccebeae160fc136ea12?api-version=2022-10",
      "RequestMethod": "GET",
      "RequestHeaders": {
        "Accept": "application/json; serialization=Avro, application/json; serialization=json, text/plain; charset=utf-8",
        "Authorization": "Sanitized",
        "Content-Length": "0",
        "Date": "Wed, 28 Jun 2023 22:45:33 GMT",
        "User-Agent": "azsdk-java-azure-data-schemaregistry/1.4.0-beta.3 (17.0.1; Windows 11; 10.0)",
        "x-ms-client-request-id": "1bcbcc70-db6f-4038-9ef0-c5e186667055"
      },
      "RequestBody": null,
      "StatusCode": 200,
      "ResponseHeaders": {
        "Content-Type": "text/plain; charset=utf-8",
        "Date": "Wed, 28 Jun 2023 22:45:33 GMT",
        "Location": "https://t2db89c3d1246e61c-custom.servicebus.windows.net/$schemagroups/azsdk_java_group/schemas/sch9644701ec/versions/2?api-version=2022-10",
        "Schema-Group-Name": "azsdk_java_group",
        "Schema-Id": "d6edd64506f64ccebeae160fc136ea12",
        "Schema-Id-Location": "https://t2db89c3d1246e61c-custom.servicebus.windows.net:443/$schemagroups/$schemas/d6edd64506f64ccebeae160fc136ea12?api-version=2022-10",
        "Schema-Name": "sch9644701ec",
        "Schema-Version": "2",
        "Schema-Versions-Location": "https://t2db89c3d1246e61c-custom.servicebus.windows.net:443/$schemagroups/azsdk_java_group/schemas/sch9644701ec/versions?api-version=2022-10",
        "Server": "Microsoft-HTTPAPI/2.0",
        "Strict-Transport-Security": "max-age=31536000",
        "Transfer-Encoding": "chunked"
      },
      "ResponseBody": "Person: int, string, decimal, string"
    }
  ],
  "Variables": {
    "0": "sch9644701ec"
  }
}
