{
  "Entries": [
    {
      "RequestUri": "https://REDACTED///providers/Microsoft.Authorization/roleDefinitions/5f9e580e-e079-4220-a89a-fcd4c2dbc268?api-version=7.4",
      "RequestMethod": "PUT",
      "RequestHeaders": {
        "Accept": "application/json",
        "Content-Length": "0",
        "Content-Type": "application/json",
        "User-Agent": "azsdk-java-client_name/client_version (11.0.6; Windows 10; 10.0)"
      },
      "RequestBody": null,
      "StatusCode": 401,
      "ResponseHeaders": {
        "Cache-Control": "no-cache",
        "Content-Length": "0",
        "Content-Security-Policy": "default-src \u0027self\u0027",
        "Content-Type": "application/json; charset=utf-8",
        "Strict-Transport-Security": "max-age=31536000; includeSubDomains",
        "WWW-Authenticate": "Bearer authorization=\u0022https://login.microsoftonline.com/72f988bf-86f1-41af-91ab-2d7cd011db47\u0022, resource=\u0022https://managedhsm.azure.net\u0022",
        "X-Content-Type-Options": "nosniff",
        "X-Frame-Options": "SAMEORIGIN",
        "x-ms-request-id": "47109f5c-d8df-11ed-bed5-000d3a602e9a",
        "x-ms-server-latency": "0"
      },
      "ResponseBody": null
    },
    {
      "RequestUri": "https://REDACTED///providers/Microsoft.Authorization/roleDefinitions/5f9e580e-e079-4220-a89a-fcd4c2dbc268?api-version=7.4",
      "RequestMethod": "PUT",
      "RequestHeaders": {
        "Accept": "application/json",
        "Authorization": "Sanitized",
        "Content-Length": "66",
        "Content-Type": "application/json",
        "User-Agent": "azsdk-java-client_name/client_version (11.0.6; Windows 10; 10.0)"
      },
      "RequestBody": {
        "properties": {
          "roleName": "5f9e580e-e079-4220-a89a-fcd4c2dbc268"
        }
      },
      "StatusCode": 201,
      "ResponseHeaders": {
        "Cache-Control": "no-cache",
        "Content-Length": "353",
        "Content-Security-Policy": "default-src \u0027self\u0027",
        "Content-Type": "application/json; charset=utf-8",
        "Strict-Transport-Security": "max-age=31536000; includeSubDomains",
        "X-Content-Type-Options": "nosniff",
        "X-Frame-Options": "SAMEORIGIN",
        "x-ms-keyvault-network-info": "conn_type=Ipv4;addr=172.92.148.195;act_addr_fam=Ipv4;",
        "x-ms-keyvault-region": "northcentralus",
        "x-ms-request-id": "4738439a-d8df-11ed-bed5-000d3a602e9a",
        "x-ms-server-latency": "81"
      },
      "ResponseBody": {
        "id": "Microsoft.KeyVault/providers/Microsoft.Authorization/roleDefinitions/5f9e580e-e079-4220-a89a-fcd4c2dbc268",
        "name": "5f9e580e-e079-4220-a89a-fcd4c2dbc268",
        "properties": {
          "assignableScopes": [
            "/"
          ],
          "description": "",
          "permissions": [],
          "roleName": "5f9e580e-e079-4220-a89a-fcd4c2dbc268",
          "type": "CustomRole"
        },
        "type": "Microsoft.Authorization/roleDefinitions"
      }
    },
    {
      "RequestUri": "https://REDACTED///providers/Microsoft.Authorization/roleAssignments/a9edf5b7-b959-4217-bd77-45a4233975d6?api-version=7.4",
      "RequestMethod": "PUT",
      "RequestHeaders": {
        "Accept": "application/json",
        "Authorization": "Sanitized",
        "Content-Length": "196",
        "Content-Type": "application/json",
        "User-Agent": "azsdk-java-client_name/client_version (11.0.6; Windows 10; 10.0)"
      },
      "RequestBody": {
        "properties": {
          "roleDefinitionId": "Microsoft.KeyVault/providers/Microsoft.Authorization/roleDefinitions/5f9e580e-e079-4220-a89a-fcd4c2dbc268",
          "principalId": "aed295e0-2ae7-4c2a-9abc-813f0ca233d3"
        }
      },
      "StatusCode": 201,
      "ResponseHeaders": {
        "Cache-Control": "no-cache",
        "Content-Length": "398",
        "Content-Security-Policy": "default-src \u0027self\u0027",
        "Content-Type": "application/json; charset=utf-8",
        "Strict-Transport-Security": "max-age=31536000; includeSubDomains",
        "X-Content-Type-Options": "nosniff",
        "X-Frame-Options": "SAMEORIGIN",
        "x-ms-keyvault-network-info": "conn_type=Ipv4;addr=172.92.148.195;act_addr_fam=Ipv4;",
        "x-ms-keyvault-region": "northcentralus",
        "x-ms-request-id": "4752a42e-d8df-11ed-bed5-000d3a602e9a",
        "x-ms-server-latency": "33"
      },
      "ResponseBody": {
        "id": "/providers/Microsoft.Authorization/roleAssignments/a9edf5b7-b959-4217-bd77-45a4233975d6",
        "name": "a9edf5b7-b959-4217-bd77-45a4233975d6",
        "properties": {
          "principalId": "aed295e0-2ae7-4c2a-9abc-813f0ca233d3",
          "roleDefinitionId": "Microsoft.KeyVault/providers/Microsoft.Authorization/roleDefinitions/5f9e580e-e079-4220-a89a-fcd4c2dbc268",
          "scope": "/"
        },
        "type": "Microsoft.Authorization/roleAssignments"
      }
    },
    {
      "RequestUri": "https://REDACTED///providers/Microsoft.Authorization/roleAssignments/a9edf5b7-b959-4217-bd77-45a4233975d6?api-version=7.4",
      "RequestMethod": "GET",
      "RequestHeaders": {
        "Accept": "application/json",
        "Authorization": "Sanitized",
        "Content-Length": "0",
        "User-Agent": "azsdk-java-client_name/client_version (11.0.6; Windows 10; 10.0)"
      },
      "RequestBody": null,
      "StatusCode": 200,
      "ResponseHeaders": {
        "Cache-Control": "no-cache",
        "Content-Length": "398",
        "Content-Security-Policy": "default-src \u0027self\u0027",
        "Content-Type": "application/json; charset=utf-8",
        "Strict-Transport-Security": "max-age=31536000; includeSubDomains",
        "X-Content-Type-Options": "nosniff",
        "X-Frame-Options": "SAMEORIGIN",
        "x-ms-build-version": "1.0.20230403-1-1802edf4-develop",
        "x-ms-keyvault-network-info": "conn_type=Ipv4;addr=172.92.148.195;act_addr_fam=Ipv4;",
        "x-ms-keyvault-region": "northcentralus",
        "x-ms-request-id": "476598c2-d8df-11ed-bed5-000d3a602e9a",
        "x-ms-server-latency": "0"
      },
      "ResponseBody": {
        "id": "/providers/Microsoft.Authorization/roleAssignments/a9edf5b7-b959-4217-bd77-45a4233975d6",
        "name": "a9edf5b7-b959-4217-bd77-45a4233975d6",
        "properties": {
          "principalId": "aed295e0-2ae7-4c2a-9abc-813f0ca233d3",
          "roleDefinitionId": "Microsoft.KeyVault/providers/Microsoft.Authorization/roleDefinitions/5f9e580e-e079-4220-a89a-fcd4c2dbc268",
          "scope": "/"
        },
        "type": "Microsoft.Authorization/roleAssignments"
      }
    }
  ],
  "Variables": {
    "0": "5f9e580e-e079-4220-a89a-fcd4c2dbc268",
    "1": "a9edf5b7-b959-4217-bd77-45a4233975d6"
  }
}
