{
  "Entries": [
    {
      "RequestUri": "https://REDACTED/keys/backupkey63076420/create?api-version=7.2",
      "RequestMethod": "POST",
      "RequestHeaders": {
        "Accept": "*/*",
        "Accept-Language": "en-US",
        "Content-Length": "0",
        "Content-Type": "application/json",
        "User-Agent": "azsdk-java-client_name/client_version (11.0.6; Windows 10; 10.0)"
      },
      "RequestBody": null,
      "StatusCode": 401,
      "ResponseHeaders": {
        "Cache-Control": "no-cache",
        "Content-Length": "0",
        "Content-Security-Policy": "default-src \u0027self\u0027",
        "Content-Type": "application/json; charset=utf-8",
        "Strict-Transport-Security": "max-age=31536000; includeSubDomains",
        "WWW-Authenticate": "Bearer authorization=\u0022https://login.microsoftonline.com/72f988bf-86f1-41af-91ab-2d7cd011db47\u0022, resource=\u0022https://managedhsm.azure.net\u0022",
        "X-Content-Type-Options": "nosniff",
        "X-Frame-Options": "SAMEORIGIN",
        "x-ms-request-id": "6a69e8fa-d8df-11ed-a916-0022488d0014",
        "x-ms-server-latency": "0"
      },
      "ResponseBody": null
    },
    {
      "RequestUri": "https://REDACTED/keys/backupkey63076420/create?api-version=7.2",
      "RequestMethod": "POST",
      "RequestHeaders": {
        "Accept": "*/*",
        "Accept-Language": "en-US",
        "Authorization": "Sanitized",
        "Content-Length": "81",
        "Content-Type": "application/json",
        "User-Agent": "azsdk-java-client_name/client_version (11.0.6; Windows 10; 10.0)"
      },
      "RequestBody": {
        "kty": "RSA",
        "attributes": {
          "nbf": 949237199,
          "exp": 2527113600
        },
        "public_exponent": 0
      },
      "StatusCode": 200,
      "ResponseHeaders": {
        "Cache-Control": "no-cache",
        "Content-Length": "761",
        "Content-Security-Policy": "default-src \u0027self\u0027",
        "Content-Type": "application/json; charset=utf-8",
        "Strict-Transport-Security": "max-age=31536000; includeSubDomains",
        "X-Content-Type-Options": "nosniff",
        "X-Frame-Options": "SAMEORIGIN",
        "x-ms-keyvault-network-info": "conn_type=Ipv4;addr=172.92.148.195;act_addr_fam=Ipv4;",
        "x-ms-keyvault-region": "northcentralus",
        "x-ms-request-id": "6a7d43be-d8df-11ed-a916-0022488d0014",
        "x-ms-server-latency": "244"
      },
      "ResponseBody": {
        "attributes": {
          "created": 1681268959,
          "enabled": true,
          "exp": 2527113600,
          "exportable": false,
          "nbf": 949237199,
          "recoverableDays": 7,
          "recoveryLevel": "CustomizedRecoverable\u002BPurgeable",
          "updated": 1681268959
        },
        "key": {
          "e": "AQAB",
          "key_ops": [
            "wrapKey",
            "decrypt",
            "encrypt",
            "unwrapKey",
            "sign",
            "verify"
          ],
          "kid": "https://azkvrecordtestshsm.managedhsm.azure.net/keys/backupkey63076420/c4d45a71be9500860128b1c5802b1bab",
          "kty": "RSA-HSM",
          "n": "iLxa4eDKrAA_mtwpx65n7ywUA1hANcfnd1kdhXUPnreE5kJgbkqsD5lBAsaGFL3fI0B1azFEaIrJPP826sf8h11ANe9XZxQjdh7Ezj_H8TaiqtX-yZ_8XBVP9n0kj6ipGHNWabl_j_LENQQm1IhTg5IAqF1uv44Q9v9BxRxQUpM24YfBD5z1AP7Ra8y8i5fmX7wls6F9CQ-IBkDH6fBUCLdwXXo_Nc5cXo_SWS6XBoMLFlYaG-wO3zB6Kl-jBbii0F_3-Tk6urZbe_LUQFIo10Zd1vCZUR0f3CBCufeg1OOZ2hs57wHG5qR89NBjJKx087bFDvxtkR-oq_xhQQnnOw"
        }
      }
    },
    {
      "RequestUri": "https://REDACTED/backup?api-version=7.4",
      "RequestMethod": "POST",
      "RequestHeaders": {
        "Accept": "application/json",
        "Authorization": "Sanitized",
        "Content-Length": "216",
        "Content-Type": "application/json",
        "User-Agent": "azsdk-java-client_name/client_version (11.0.6; Windows 10; 10.0)"
      },
      "RequestBody": {
        "storageResourceUri": "https://azkvrecordtestsprim.blob.core.windows.net/backup",
        "token": "REDACTED"
      },
      "StatusCode": 202,
      "ResponseHeaders": {
        "api-supported-versions": "20180927, 20211111",
        "azure-asyncoperation": "https://azkvrecordtestshsm.managedhsm.azure.net/backup/a6027c96cb734c599dd6f0ea9284efd0/pending",
        "Cache-Control": "no-cache",
        "Content-Length": "174",
        "Content-Security-Policy": "default-src \u0027self\u0027",
        "Content-Type": "application/json; charset=utf-8",
        "Date": "Wed, 12 Apr 2023 03:09:19 GMT",
        "Retry-After": "10",
        "Server": "Kestrel",
        "Strict-Transport-Security": "max-age=31536000; includeSubDomains",
        "X-Content-Type-Options": "nosniff",
        "X-Frame-Options": "SAMEORIGIN",
        "x-ms-keyvault-network-info": "conn_type=Ipv4;addr=172.92.148.195;act_addr_fam=Ipv4;",
        "x-ms-keyvault-region": "northcentralus",
        "x-ms-request-id": "6abc79da-d8df-11ed-a916-0022488d0014",
        "x-ms-server-latency": "417"
      },
      "ResponseBody": {
        "status": "InProgress",
        "statusDetails": null,
        "error": null,
        "startTime": 1681268960,
        "endTime": null,
        "jobId": "a6027c96cb734c599dd6f0ea9284efd0",
        "azureStorageBlobContainerUri": null
      }
    },
    {
      "RequestUri": "https://REDACTED/backup/a6027c96cb734c599dd6f0ea9284efd0/pending?api-version=7.4",
      "RequestMethod": "GET",
      "RequestHeaders": {
        "Accept": "application/json",
        "Authorization": "Sanitized",
        "Content-Length": "0",
        "User-Agent": "azsdk-java-client_name/client_version (11.0.6; Windows 10; 10.0)"
      },
      "RequestBody": null,
      "StatusCode": 200,
      "ResponseHeaders": {
        "api-supported-versions": "20180927, 20211111",
        "Cache-Control": "no-cache",
        "Content-Length": "174",
        "Content-Security-Policy": "default-src \u0027self\u0027",
        "Content-Type": "application/json; charset=utf-8",
        "Date": "Wed, 12 Apr 2023 03:09:21 GMT",
        "Server": "Kestrel",
        "Strict-Transport-Security": "max-age=31536000; includeSubDomains",
        "X-Content-Type-Options": "nosniff",
        "X-Frame-Options": "SAMEORIGIN",
        "x-ms-build-version": "1.0.20230403-1-1802edf4-develop",
        "x-ms-keyvault-network-info": "conn_type=Ipv4;addr=172.92.148.195;act_addr_fam=Ipv4;",
        "x-ms-keyvault-region": "northcentralus",
        "x-ms-request-id": "6b9f5714-d8df-11ed-a916-0022488d0014",
        "x-ms-server-latency": "171"
      },
      "ResponseBody": {
        "azureStorageBlobContainerUri": null,
        "endTime": null,
        "error": null,
        "jobId": "a6027c96cb734c599dd6f0ea9284efd0",
        "startTime": 1681268960,
        "status": "InProgress",
        "statusDetails": null
      }
    },
    {
      "RequestUri": "https://REDACTED/backup/a6027c96cb734c599dd6f0ea9284efd0/pending?api-version=7.4",
      "RequestMethod": "GET",
      "RequestHeaders": {
        "Accept": "application/json",
        "Authorization": "Sanitized",
        "Content-Length": "0",
        "User-Agent": "azsdk-java-client_name/client_version (11.0.6; Windows 10; 10.0)"
      },
      "RequestBody": null,
      "StatusCode": 200,
      "ResponseHeaders": {
        "api-supported-versions": "20180927, 20211111",
        "Cache-Control": "no-cache",
        "Content-Length": "174",
        "Content-Security-Policy": "default-src \u0027self\u0027",
        "Content-Type": "application/json; charset=utf-8",
        "Date": "Wed, 12 Apr 2023 03:09:21 GMT",
        "Server": "Kestrel",
        "Strict-Transport-Security": "max-age=31536000; includeSubDomains",
        "X-Content-Type-Options": "nosniff",
        "X-Frame-Options": "SAMEORIGIN",
        "x-ms-build-version": "1.0.20230403-1-1802edf4-develop",
        "x-ms-keyvault-network-info": "conn_type=Ipv4;addr=172.92.148.195;act_addr_fam=Ipv4;",
        "x-ms-keyvault-region": "northcentralus",
        "x-ms-request-id": "6c5d3d6a-d8df-11ed-a916-0022488d0014",
        "x-ms-server-latency": "234"
      },
      "ResponseBody": {
        "azureStorageBlobContainerUri": null,
        "endTime": null,
        "error": null,
        "jobId": "a6027c96cb734c599dd6f0ea9284efd0",
        "startTime": 1681268960,
        "status": "InProgress",
        "statusDetails": null
      }
    },
    {
      "RequestUri": "https://REDACTED/backup/a6027c96cb734c599dd6f0ea9284efd0/pending?api-version=7.4",
      "RequestMethod": "GET",
      "RequestHeaders": {
        "Accept": "application/json",
        "Authorization": "Sanitized",
        "Content-Length": "0",
        "User-Agent": "azsdk-java-client_name/client_version (11.0.6; Windows 10; 10.0)"
      },
      "RequestBody": null,
      "StatusCode": 200,
      "ResponseHeaders": {
        "api-supported-versions": "20180927, 20211111",
        "Cache-Control": "no-cache",
        "Content-Length": "174",
        "Content-Security-Policy": "default-src \u0027self\u0027",
        "Content-Type": "application/json; charset=utf-8",
        "Date": "Wed, 12 Apr 2023 03:09:23 GMT",
        "Server": "Kestrel",
        "Strict-Transport-Security": "max-age=31536000; includeSubDomains",
        "X-Content-Type-Options": "nosniff",
        "X-Frame-Options": "SAMEORIGIN",
        "x-ms-build-version": "1.0.20230403-1-1802edf4-develop",
        "x-ms-keyvault-network-info": "conn_type=Ipv4;addr=172.92.148.195;act_addr_fam=Ipv4;",
        "x-ms-keyvault-region": "northcentralus",
        "x-ms-request-id": "6d2533b0-d8df-11ed-a916-0022488d0014",
        "x-ms-server-latency": "174"
      },
      "ResponseBody": {
        "azureStorageBlobContainerUri": null,
        "endTime": null,
        "error": null,
        "jobId": "a6027c96cb734c599dd6f0ea9284efd0",
        "startTime": 1681268960,
        "status": "InProgress",
        "statusDetails": null
      }
    },
    {
      "RequestUri": "https://REDACTED/backup/a6027c96cb734c599dd6f0ea9284efd0/pending?api-version=7.4",
      "RequestMethod": "GET",
      "RequestHeaders": {
        "Accept": "application/json",
        "Authorization": "Sanitized",
        "Content-Length": "0",
        "User-Agent": "azsdk-java-client_name/client_version (11.0.6; Windows 10; 10.0)"
      },
      "RequestBody": null,
      "StatusCode": 200,
      "ResponseHeaders": {
        "api-supported-versions": "20180927, 20211111",
        "Cache-Control": "no-cache",
        "Content-Length": "174",
        "Content-Security-Policy": "default-src \u0027self\u0027",
        "Content-Type": "application/json; charset=utf-8",
        "Date": "Wed, 12 Apr 2023 03:09:25 GMT",
        "Server": "Kestrel",
        "Strict-Transport-Security": "max-age=31536000; includeSubDomains",
        "X-Content-Type-Options": "nosniff",
        "X-Frame-Options": "SAMEORIGIN",
        "x-ms-build-version": "1.0.20230403-1-1802edf4-develop",
        "x-ms-keyvault-network-info": "conn_type=Ipv4;addr=172.92.148.195;act_addr_fam=Ipv4;",
        "x-ms-keyvault-region": "northcentralus",
        "x-ms-request-id": "6de31e52-d8df-11ed-a916-0022488d0014",
        "x-ms-server-latency": "210"
      },
      "ResponseBody": {
        "azureStorageBlobContainerUri": null,
        "endTime": null,
        "error": null,
        "jobId": "a6027c96cb734c599dd6f0ea9284efd0",
        "startTime": 1681268960,
        "status": "InProgress",
        "statusDetails": null
      }
    },
    {
      "RequestUri": "https://REDACTED/backup/a6027c96cb734c599dd6f0ea9284efd0/pending?api-version=7.4",
      "RequestMethod": "GET",
      "RequestHeaders": {
        "Accept": "application/json",
        "Authorization": "Sanitized",
        "Content-Length": "0",
        "User-Agent": "azsdk-java-client_name/client_version (11.0.6; Windows 10; 10.0)"
      },
      "RequestBody": null,
      "StatusCode": 200,
      "ResponseHeaders": {
        "api-supported-versions": "20180927, 20211111",
        "Cache-Control": "no-cache",
        "Content-Length": "174",
        "Content-Security-Policy": "default-src \u0027self\u0027",
        "Content-Type": "application/json; charset=utf-8",
        "Date": "Wed, 12 Apr 2023 03:09:26 GMT",
        "Server": "Kestrel",
        "Strict-Transport-Security": "max-age=31536000; includeSubDomains",
        "X-Content-Type-Options": "nosniff",
        "X-Frame-Options": "SAMEORIGIN",
        "x-ms-build-version": "1.0.20230403-1-1802edf4-develop",
        "x-ms-keyvault-network-info": "conn_type=Ipv4;addr=172.92.148.195;act_addr_fam=Ipv4;",
        "x-ms-keyvault-region": "northcentralus",
        "x-ms-request-id": "6ea6640c-d8df-11ed-a916-0022488d0014",
        "x-ms-server-latency": "733"
      },
      "ResponseBody": {
        "azureStorageBlobContainerUri": null,
        "endTime": null,
        "error": null,
        "jobId": "a6027c96cb734c599dd6f0ea9284efd0",
        "startTime": 1681268960,
        "status": "InProgress",
        "statusDetails": null
      }
    },
    {
      "RequestUri": "https://REDACTED/backup/a6027c96cb734c599dd6f0ea9284efd0/pending?api-version=7.4",
      "RequestMethod": "GET",
      "RequestHeaders": {
        "Accept": "application/json",
        "Authorization": "Sanitized",
        "Content-Length": "0",
        "User-Agent": "azsdk-java-client_name/client_version (11.0.6; Windows 10; 10.0)"
      },
      "RequestBody": null,
      "StatusCode": 200,
      "ResponseHeaders": {
        "api-supported-versions": "20180927, 20211111",
        "Cache-Control": "no-cache",
        "Content-Length": "274",
        "Content-Security-Policy": "default-src \u0027self\u0027",
        "Content-Type": "application/json; charset=utf-8",
        "Date": "Wed, 12 Apr 2023 03:09:27 GMT",
        "Server": "Kestrel",
        "Strict-Transport-Security": "max-age=31536000; includeSubDomains",
        "X-Content-Type-Options": "nosniff",
        "X-Frame-Options": "SAMEORIGIN",
        "x-ms-build-version": "1.0.20230403-1-1802edf4-develop",
        "x-ms-keyvault-network-info": "conn_type=Ipv4;addr=172.92.148.195;act_addr_fam=Ipv4;",
        "x-ms-keyvault-region": "northcentralus",
        "x-ms-request-id": "6fb9963e-d8df-11ed-a916-0022488d0014",
        "x-ms-server-latency": "232"
      },
      "ResponseBody": {
        "azureStorageBlobContainerUri": "https://azkvrecordtestsprim.blob.core.windows.net/backup/mhsm-azkvrecordtestshsm-2023041203092010",
        "endTime": 1681268968,
        "error": null,
        "jobId": "a6027c96cb734c599dd6f0ea9284efd0",
        "startTime": 1681268960,
        "status": "Succeeded",
        "statusDetails": null
      }
    },
    {
      "RequestUri": "https://REDACTED/keys/backupkey63076420/restore?api-version=7.4",
      "RequestMethod": "PUT",
      "RequestHeaders": {
        "Accept": "application/json",
        "Authorization": "Sanitized",
        "Content-Length": "292",
        "Content-Type": "application/json",
        "User-Agent": "azsdk-java-client_name/client_version (11.0.6; Windows 10; 10.0)"
      },
      "RequestBody": {
        "sasTokenParameters": {
          "storageResourceUri": "https://azkvrecordtestsprim.blob.core.windows.net/backup/",
          "token": "REDACTED"
        },
        "folder": "mhsm-azkvrecordtestshsm-2023041203092010"
      },
      "StatusCode": 202,
      "ResponseHeaders": {
        "api-supported-versions": "20180927, 20211111",
        "azure-asyncoperation": "https://azkvrecordtestshsm.managedhsm.azure.net/restore/c4a2958847494a7c8ba357c1efe4d0d4/pending",
        "Cache-Control": "no-cache",
        "Content-Length": "138",
        "Content-Security-Policy": "default-src \u0027self\u0027",
        "Content-Type": "application/json; charset=utf-8",
        "Date": "Wed, 12 Apr 2023 03:09:28 GMT",
        "Retry-After": "10",
        "Server": "Kestrel",
        "Strict-Transport-Security": "max-age=31536000; includeSubDomains",
        "X-Content-Type-Options": "nosniff",
        "X-Frame-Options": "SAMEORIGIN",
        "x-ms-keyvault-network-info": "conn_type=Ipv4;addr=172.92.148.195;act_addr_fam=Ipv4;",
        "x-ms-keyvault-region": "northcentralus",
        "x-ms-request-id": "6fe7a538-d8df-11ed-a916-0022488d0014",
        "x-ms-server-latency": "440"
      },
      "ResponseBody": {
        "endTime": null,
        "error": null,
        "jobId": "c4a2958847494a7c8ba357c1efe4d0d4",
        "startTime": 1681268968,
        "status": "InProgress",
        "statusDetails": null
      }
    },
    {
      "RequestUri": "https://REDACTED/restore/c4a2958847494a7c8ba357c1efe4d0d4/pending?api-version=7.4",
      "RequestMethod": "GET",
      "RequestHeaders": {
        "Accept": "application/json",
        "Authorization": "Sanitized",
        "Content-Length": "0",
        "User-Agent": "azsdk-java-client_name/client_version (11.0.6; Windows 10; 10.0)"
      },
      "RequestBody": null,
      "StatusCode": 200,
      "ResponseHeaders": {
        "api-supported-versions": "20180927, 20211111",
        "Cache-Control": "no-cache",
        "Content-Length": "138",
        "Content-Security-Policy": "default-src \u0027self\u0027",
        "Content-Type": "application/json; charset=utf-8",
        "Date": "Wed, 12 Apr 2023 03:09:29 GMT",
        "Server": "Kestrel",
        "Strict-Transport-Security": "max-age=31536000; includeSubDomains",
        "X-Content-Type-Options": "nosniff",
        "X-Frame-Options": "SAMEORIGIN",
        "x-ms-build-version": "1.0.20230403-1-1802edf4-develop",
        "x-ms-keyvault-network-info": "conn_type=Ipv4;addr=172.92.148.195;act_addr_fam=Ipv4;",
        "x-ms-keyvault-region": "northcentralus",
        "x-ms-request-id": "70cf5450-d8df-11ed-a916-0022488d0014",
        "x-ms-server-latency": "244"
      },
      "ResponseBody": {
        "endTime": null,
        "error": null,
        "jobId": "c4a2958847494a7c8ba357c1efe4d0d4",
        "startTime": 1681268968,
        "status": "InProgress",
        "statusDetails": null
      }
    },
    {
      "RequestUri": "https://REDACTED/restore/c4a2958847494a7c8ba357c1efe4d0d4/pending?api-version=7.4",
      "RequestMethod": "GET",
      "RequestHeaders": {
        "Accept": "application/json",
        "Authorization": "Sanitized",
        "Content-Length": "0",
        "User-Agent": "azsdk-java-client_name/client_version (11.0.6; Windows 10; 10.0)"
      },
      "RequestBody": null,
      "StatusCode": 200,
      "ResponseHeaders": {
        "api-supported-versions": "20180927, 20211111",
        "Cache-Control": "no-cache",
        "Content-Length": "138",
        "Content-Security-Policy": "default-src \u0027self\u0027",
        "Content-Type": "application/json; charset=utf-8",
        "Date": "Wed, 12 Apr 2023 03:09:30 GMT",
        "Server": "Kestrel",
        "Strict-Transport-Security": "max-age=31536000; includeSubDomains",
        "X-Content-Type-Options": "nosniff",
        "X-Frame-Options": "SAMEORIGIN",
        "x-ms-build-version": "1.0.20230403-1-1802edf4-develop",
        "x-ms-keyvault-network-info": "conn_type=Ipv4;addr=172.92.148.195;act_addr_fam=Ipv4;",
        "x-ms-keyvault-region": "northcentralus",
        "x-ms-request-id": "719957f0-d8df-11ed-a916-0022488d0014",
        "x-ms-server-latency": "256"
      },
      "ResponseBody": {
        "endTime": null,
        "error": null,
        "jobId": "c4a2958847494a7c8ba357c1efe4d0d4",
        "startTime": 1681268968,
        "status": "InProgress",
        "statusDetails": null
      }
    },
    {
      "RequestUri": "https://REDACTED/restore/c4a2958847494a7c8ba357c1efe4d0d4/pending?api-version=7.4",
      "RequestMethod": "GET",
      "RequestHeaders": {
        "Accept": "application/json",
        "Authorization": "Sanitized",
        "Content-Length": "0",
        "User-Agent": "azsdk-java-client_name/client_version (11.0.6; Windows 10; 10.0)"
      },
      "RequestBody": null,
      "StatusCode": 200,
      "ResponseHeaders": {
        "api-supported-versions": "20180927, 20211111",
        "Cache-Control": "no-cache",
        "Content-Length": "138",
        "Content-Security-Policy": "default-src \u0027self\u0027",
        "Content-Type": "application/json; charset=utf-8",
        "Date": "Wed, 12 Apr 2023 03:09:32 GMT",
        "Server": "Kestrel",
        "Strict-Transport-Security": "max-age=31536000; includeSubDomains",
        "X-Content-Type-Options": "nosniff",
        "X-Frame-Options": "SAMEORIGIN",
        "x-ms-build-version": "1.0.20230403-1-1802edf4-develop",
        "x-ms-keyvault-network-info": "conn_type=Ipv4;addr=172.92.148.195;act_addr_fam=Ipv4;",
        "x-ms-keyvault-region": "northcentralus",
        "x-ms-request-id": "7263c8a0-d8df-11ed-a916-0022488d0014",
        "x-ms-server-latency": "179"
      },
      "ResponseBody": {
        "endTime": null,
        "error": null,
        "jobId": "c4a2958847494a7c8ba357c1efe4d0d4",
        "startTime": 1681268968,
        "status": "InProgress",
        "statusDetails": null
      }
    },
    {
      "RequestUri": "https://REDACTED/restore/c4a2958847494a7c8ba357c1efe4d0d4/pending?api-version=7.4",
      "RequestMethod": "GET",
      "RequestHeaders": {
        "Accept": "application/json",
        "Authorization": "Sanitized",
        "Content-Length": "0",
        "User-Agent": "azsdk-java-client_name/client_version (11.0.6; Windows 10; 10.0)"
      },
      "RequestBody": null,
      "StatusCode": 200,
      "ResponseHeaders": {
        "api-supported-versions": "20180927, 20211111",
        "Cache-Control": "no-cache",
        "Content-Length": "138",
        "Content-Security-Policy": "default-src \u0027self\u0027",
        "Content-Type": "application/json; charset=utf-8",
        "Date": "Wed, 12 Apr 2023 03:09:33 GMT",
        "Server": "Kestrel",
        "Strict-Transport-Security": "max-age=31536000; includeSubDomains",
        "X-Content-Type-Options": "nosniff",
        "X-Frame-Options": "SAMEORIGIN",
        "x-ms-build-version": "1.0.20230403-1-1802edf4-develop",
        "x-ms-keyvault-network-info": "conn_type=Ipv4;addr=172.92.148.195;act_addr_fam=Ipv4;",
        "x-ms-keyvault-region": "northcentralus",
        "x-ms-request-id": "73239e28-d8df-11ed-a916-0022488d0014",
        "x-ms-server-latency": "213"
      },
      "ResponseBody": {
        "endTime": null,
        "error": null,
        "jobId": "c4a2958847494a7c8ba357c1efe4d0d4",
        "startTime": 1681268968,
        "status": "InProgress",
        "statusDetails": null
      }
    },
    {
      "RequestUri": "https://REDACTED/restore/c4a2958847494a7c8ba357c1efe4d0d4/pending?api-version=7.4",
      "RequestMethod": "GET",
      "RequestHeaders": {
        "Accept": "application/json",
        "Authorization": "Sanitized",
        "Content-Length": "0",
        "User-Agent": "azsdk-java-client_name/client_version (11.0.6; Windows 10; 10.0)"
      },
      "RequestBody": null,
      "StatusCode": 200,
      "ResponseHeaders": {
        "api-supported-versions": "20180927, 20211111",
        "Cache-Control": "no-cache",
        "Content-Length": "233",
        "Content-Security-Policy": "default-src \u0027self\u0027",
        "Content-Type": "application/json; charset=utf-8",
        "Date": "Wed, 12 Apr 2023 03:09:34 GMT",
        "Server": "Kestrel",
        "Strict-Transport-Security": "max-age=31536000; includeSubDomains",
        "X-Content-Type-Options": "nosniff",
        "X-Frame-Options": "SAMEORIGIN",
        "x-ms-build-version": "1.0.20230403-1-1802edf4-develop",
        "x-ms-keyvault-network-info": "conn_type=Ipv4;addr=172.92.148.195;act_addr_fam=Ipv4;",
        "x-ms-keyvault-region": "northcentralus",
        "x-ms-request-id": "73e9021c-d8df-11ed-a916-0022488d0014",
        "x-ms-server-latency": "251"
      },
      "ResponseBody": {
        "endTime": 1681268974,
        "error": null,
        "jobId": "c4a2958847494a7c8ba357c1efe4d0d4",
        "startTime": 1681268968,
        "status": "Succeeded",
        "statusDetails": "Number of successful key versions restored: 0, Number of key versions could not overwrite: 2"
      }
    }
  ],
  "Variables": {
    "0": "backupkey63076420"
  }
}
