{
  "Entries": [
    {
      "RequestUri": "https://REDACTED/backup?api-version=7.4",
      "RequestMethod": "POST",
      "RequestHeaders": {
        "Accept": "application/json",
        "Content-Length": "0",
        "Content-Type": "application/json",
        "User-Agent": "azsdk-java-client_name/client_version (11.0.6; Windows 10; 10.0)"
      },
      "RequestBody": null,
      "StatusCode": 401,
      "ResponseHeaders": {
        "Cache-Control": "no-cache",
        "Content-Length": "0",
        "Content-Security-Policy": "default-src \u0027self\u0027",
        "Content-Type": "application/json; charset=utf-8",
        "Strict-Transport-Security": "max-age=31536000; includeSubDomains",
        "WWW-Authenticate": "Bearer authorization=\u0022https://login.microsoftonline.com/72f988bf-86f1-41af-91ab-2d7cd011db47\u0022, resource=\u0022https://managedhsm.azure.net\u0022",
        "X-Content-Type-Options": "nosniff",
        "X-Frame-Options": "SAMEORIGIN",
        "x-ms-request-id": "86045604-d8df-11ed-a916-0022488d0014",
        "x-ms-server-latency": "1"
      },
      "ResponseBody": null
    },
    {
      "RequestUri": "https://REDACTED/backup?api-version=7.4",
      "RequestMethod": "POST",
      "RequestHeaders": {
        "Accept": "application/json",
        "Authorization": "Sanitized",
        "Content-Length": "216",
        "Content-Type": "application/json",
        "User-Agent": "azsdk-java-client_name/client_version (11.0.6; Windows 10; 10.0)"
      },
      "RequestBody": {
        "storageResourceUri": "https://azkvrecordtestsprim.blob.core.windows.net/backup",
        "token": "REDACTED"
      },
      "StatusCode": 202,
      "ResponseHeaders": {
        "api-supported-versions": "20180927, 20211111",
        "azure-asyncoperation": "https://azkvrecordtestshsm.managedhsm.azure.net/backup/03b7e8c9edf947ae8118fe4008bd94da/pending",
        "Cache-Control": "no-cache",
        "Content-Length": "174",
        "Content-Security-Policy": "default-src \u0027self\u0027",
        "Content-Type": "application/json; charset=utf-8",
        "Date": "Wed, 12 Apr 2023 03:10:06 GMT",
        "Retry-After": "10",
        "Server": "Kestrel",
        "Strict-Transport-Security": "max-age=31536000; includeSubDomains",
        "X-Content-Type-Options": "nosniff",
        "X-Frame-Options": "SAMEORIGIN",
        "x-ms-keyvault-network-info": "conn_type=Ipv4;addr=172.92.148.195;act_addr_fam=Ipv4;",
        "x-ms-keyvault-region": "northcentralus",
        "x-ms-request-id": "8625f5de-d8df-11ed-a916-0022488d0014",
        "x-ms-server-latency": "463"
      },
      "ResponseBody": {
        "status": "InProgress",
        "statusDetails": null,
        "error": null,
        "startTime": 1681269006,
        "endTime": null,
        "jobId": "03b7e8c9edf947ae8118fe4008bd94da",
        "azureStorageBlobContainerUri": null
      }
    },
    {
      "RequestUri": "https://REDACTED/backup/03b7e8c9edf947ae8118fe4008bd94da/pending?api-version=7.4",
      "RequestMethod": "GET",
      "RequestHeaders": {
        "Accept": "application/json",
        "Authorization": "Sanitized",
        "Content-Length": "0",
        "User-Agent": "azsdk-java-client_name/client_version (11.0.6; Windows 10; 10.0)"
      },
      "RequestBody": null,
      "StatusCode": 200,
      "ResponseHeaders": {
        "api-supported-versions": "20180927, 20211111",
        "Cache-Control": "no-cache",
        "Content-Length": "174",
        "Content-Security-Policy": "default-src \u0027self\u0027",
        "Content-Type": "application/json; charset=utf-8",
        "Date": "Wed, 12 Apr 2023 03:10:07 GMT",
        "Server": "Kestrel",
        "Strict-Transport-Security": "max-age=31536000; includeSubDomains",
        "X-Content-Type-Options": "nosniff",
        "X-Frame-Options": "SAMEORIGIN",
        "x-ms-build-version": "1.0.20230403-1-1802edf4-develop",
        "x-ms-keyvault-network-info": "conn_type=Ipv4;addr=172.92.148.195;act_addr_fam=Ipv4;",
        "x-ms-keyvault-region": "northcentralus",
        "x-ms-request-id": "87111654-d8df-11ed-a916-0022488d0014",
        "x-ms-server-latency": "220"
      },
      "ResponseBody": {
        "azureStorageBlobContainerUri": null,
        "endTime": null,
        "error": null,
        "jobId": "03b7e8c9edf947ae8118fe4008bd94da",
        "startTime": 1681269006,
        "status": "InProgress",
        "statusDetails": null
      }
    },
    {
      "RequestUri": "https://REDACTED/backup/03b7e8c9edf947ae8118fe4008bd94da/pending?api-version=7.4",
      "RequestMethod": "GET",
      "RequestHeaders": {
        "Accept": "application/json",
        "Authorization": "Sanitized",
        "Content-Length": "0",
        "User-Agent": "azsdk-java-client_name/client_version (11.0.6; Windows 10; 10.0)"
      },
      "RequestBody": null,
      "StatusCode": 200,
      "ResponseHeaders": {
        "api-supported-versions": "20180927, 20211111",
        "Cache-Control": "no-cache",
        "Content-Length": "174",
        "Content-Security-Policy": "default-src \u0027self\u0027",
        "Content-Type": "application/json; charset=utf-8",
        "Date": "Wed, 12 Apr 2023 03:10:08 GMT",
        "Server": "Kestrel",
        "Strict-Transport-Security": "max-age=31536000; includeSubDomains",
        "X-Content-Type-Options": "nosniff",
        "X-Frame-Options": "SAMEORIGIN",
        "x-ms-build-version": "1.0.20230403-1-1802edf4-develop",
        "x-ms-keyvault-network-info": "conn_type=Ipv4;addr=172.92.148.195;act_addr_fam=Ipv4;",
        "x-ms-keyvault-region": "northcentralus",
        "x-ms-request-id": "87d62872-d8df-11ed-a916-0022488d0014",
        "x-ms-server-latency": "342"
      },
      "ResponseBody": {
        "azureStorageBlobContainerUri": null,
        "endTime": null,
        "error": null,
        "jobId": "03b7e8c9edf947ae8118fe4008bd94da",
        "startTime": 1681269006,
        "status": "InProgress",
        "statusDetails": null
      }
    },
    {
      "RequestUri": "https://REDACTED/backup/03b7e8c9edf947ae8118fe4008bd94da/pending?api-version=7.4",
      "RequestMethod": "GET",
      "RequestHeaders": {
        "Accept": "application/json",
        "Authorization": "Sanitized",
        "Content-Length": "0",
        "User-Agent": "azsdk-java-client_name/client_version (11.0.6; Windows 10; 10.0)"
      },
      "RequestBody": null,
      "StatusCode": 200,
      "ResponseHeaders": {
        "api-supported-versions": "20180927, 20211111",
        "Cache-Control": "no-cache",
        "Content-Length": "174",
        "Content-Security-Policy": "default-src \u0027self\u0027",
        "Content-Type": "application/json; charset=utf-8",
        "Date": "Wed, 12 Apr 2023 03:10:09 GMT",
        "Server": "Kestrel",
        "Strict-Transport-Security": "max-age=31536000; includeSubDomains",
        "X-Content-Type-Options": "nosniff",
        "X-Frame-Options": "SAMEORIGIN",
        "x-ms-build-version": "1.0.20230403-1-1802edf4-develop",
        "x-ms-keyvault-network-info": "conn_type=Ipv4;addr=172.92.148.195;act_addr_fam=Ipv4;",
        "x-ms-keyvault-region": "northcentralus",
        "x-ms-request-id": "88aeaa08-d8df-11ed-a916-0022488d0014",
        "x-ms-server-latency": "284"
      },
      "ResponseBody": {
        "azureStorageBlobContainerUri": null,
        "endTime": null,
        "error": null,
        "jobId": "03b7e8c9edf947ae8118fe4008bd94da",
        "startTime": 1681269006,
        "status": "InProgress",
        "statusDetails": null
      }
    },
    {
      "RequestUri": "https://REDACTED/backup/03b7e8c9edf947ae8118fe4008bd94da/pending?api-version=7.4",
      "RequestMethod": "GET",
      "RequestHeaders": {
        "Accept": "application/json",
        "Authorization": "Sanitized",
        "Content-Length": "0",
        "User-Agent": "azsdk-java-client_name/client_version (11.0.6; Windows 10; 10.0)"
      },
      "RequestBody": null,
      "StatusCode": 200,
      "ResponseHeaders": {
        "api-supported-versions": "20180927, 20211111",
        "Cache-Control": "no-cache",
        "Content-Length": "174",
        "Content-Security-Policy": "default-src \u0027self\u0027",
        "Content-Type": "application/json; charset=utf-8",
        "Date": "Wed, 12 Apr 2023 03:10:11 GMT",
        "Server": "Kestrel",
        "Strict-Transport-Security": "max-age=31536000; includeSubDomains",
        "X-Content-Type-Options": "nosniff",
        "X-Frame-Options": "SAMEORIGIN",
        "x-ms-build-version": "1.0.20230403-1-1802edf4-develop",
        "x-ms-keyvault-network-info": "conn_type=Ipv4;addr=172.92.148.195;act_addr_fam=Ipv4;",
        "x-ms-keyvault-region": "northcentralus",
        "x-ms-request-id": "897e966e-d8df-11ed-a916-0022488d0014",
        "x-ms-server-latency": "191"
      },
      "ResponseBody": {
        "azureStorageBlobContainerUri": null,
        "endTime": null,
        "error": null,
        "jobId": "03b7e8c9edf947ae8118fe4008bd94da",
        "startTime": 1681269006,
        "status": "InProgress",
        "statusDetails": null
      }
    },
    {
      "RequestUri": "https://REDACTED/backup/03b7e8c9edf947ae8118fe4008bd94da/pending?api-version=7.4",
      "RequestMethod": "GET",
      "RequestHeaders": {
        "Accept": "application/json",
        "Authorization": "Sanitized",
        "Content-Length": "0",
        "User-Agent": "azsdk-java-client_name/client_version (11.0.6; Windows 10; 10.0)"
      },
      "RequestBody": null,
      "StatusCode": 200,
      "ResponseHeaders": {
        "api-supported-versions": "20180927, 20211111",
        "Cache-Control": "no-cache",
        "Content-Length": "174",
        "Content-Security-Policy": "default-src \u0027self\u0027",
        "Content-Type": "application/json; charset=utf-8",
        "Date": "Wed, 12 Apr 2023 03:10:12 GMT",
        "Server": "Kestrel",
        "Strict-Transport-Security": "max-age=31536000; includeSubDomains",
        "X-Content-Type-Options": "nosniff",
        "X-Frame-Options": "SAMEORIGIN",
        "x-ms-build-version": "1.0.20230403-1-1802edf4-develop",
        "x-ms-keyvault-network-info": "conn_type=Ipv4;addr=172.92.148.195;act_addr_fam=Ipv4;",
        "x-ms-keyvault-region": "northcentralus",
        "x-ms-request-id": "8a3f652e-d8df-11ed-a916-0022488d0014",
        "x-ms-server-latency": "242"
      },
      "ResponseBody": {
        "azureStorageBlobContainerUri": null,
        "endTime": null,
        "error": null,
        "jobId": "03b7e8c9edf947ae8118fe4008bd94da",
        "startTime": 1681269006,
        "status": "InProgress",
        "statusDetails": null
      }
    },
    {
      "RequestUri": "https://REDACTED/backup/03b7e8c9edf947ae8118fe4008bd94da/pending?api-version=7.4",
      "RequestMethod": "GET",
      "RequestHeaders": {
        "Accept": "application/json",
        "Authorization": "Sanitized",
        "Content-Length": "0",
        "User-Agent": "azsdk-java-client_name/client_version (11.0.6; Windows 10; 10.0)"
      },
      "RequestBody": null,
      "StatusCode": 200,
      "ResponseHeaders": {
        "api-supported-versions": "20180927, 20211111",
        "Cache-Control": "no-cache",
        "Content-Length": "174",
        "Content-Security-Policy": "default-src \u0027self\u0027",
        "Content-Type": "application/json; charset=utf-8",
        "Date": "Wed, 12 Apr 2023 03:10:13 GMT",
        "Server": "Kestrel",
        "Strict-Transport-Security": "max-age=31536000; includeSubDomains",
        "X-Content-Type-Options": "nosniff",
        "X-Frame-Options": "SAMEORIGIN",
        "x-ms-build-version": "1.0.20230403-1-1802edf4-develop",
        "x-ms-keyvault-network-info": "conn_type=Ipv4;addr=172.92.148.195;act_addr_fam=Ipv4;",
        "x-ms-keyvault-region": "northcentralus",
        "x-ms-request-id": "8b08a862-d8df-11ed-a916-0022488d0014",
        "x-ms-server-latency": "209"
      },
      "ResponseBody": {
        "azureStorageBlobContainerUri": null,
        "endTime": null,
        "error": null,
        "jobId": "03b7e8c9edf947ae8118fe4008bd94da",
        "startTime": 1681269006,
        "status": "InProgress",
        "statusDetails": null
      }
    },
    {
      "RequestUri": "https://REDACTED/backup/03b7e8c9edf947ae8118fe4008bd94da/pending?api-version=7.4",
      "RequestMethod": "GET",
      "RequestHeaders": {
        "Accept": "application/json",
        "Authorization": "Sanitized",
        "Content-Length": "0",
        "User-Agent": "azsdk-java-client_name/client_version (11.0.6; Windows 10; 10.0)"
      },
      "RequestBody": null,
      "StatusCode": 200,
      "ResponseHeaders": {
        "api-supported-versions": "20180927, 20211111",
        "Cache-Control": "no-cache",
        "Content-Length": "274",
        "Content-Security-Policy": "default-src \u0027self\u0027",
        "Content-Type": "application/json; charset=utf-8",
        "Date": "Wed, 12 Apr 2023 03:10:15 GMT",
        "Server": "Kestrel",
        "Strict-Transport-Security": "max-age=31536000; includeSubDomains",
        "X-Content-Type-Options": "nosniff",
        "X-Frame-Options": "SAMEORIGIN",
        "x-ms-build-version": "1.0.20230403-1-1802edf4-develop",
        "x-ms-keyvault-network-info": "conn_type=Ipv4;addr=172.92.148.195;act_addr_fam=Ipv4;",
        "x-ms-keyvault-region": "northcentralus",
        "x-ms-request-id": "8bcd3ace-d8df-11ed-a916-0022488d0014",
        "x-ms-server-latency": "268"
      },
      "ResponseBody": {
        "azureStorageBlobContainerUri": "https://azkvrecordtestsprim.blob.core.windows.net/backup/mhsm-azkvrecordtestshsm-2023041203100611",
        "endTime": 1681269014,
        "error": null,
        "jobId": "03b7e8c9edf947ae8118fe4008bd94da",
        "startTime": 1681269006,
        "status": "Succeeded",
        "statusDetails": null
      }
    },
    {
      "RequestUri": "https://REDACTED/restore?api-version=7.4",
      "RequestMethod": "PUT",
      "RequestHeaders": {
        "Accept": "application/json",
        "Authorization": "Sanitized",
        "Content-Length": "301",
        "Content-Type": "application/json",
        "User-Agent": "azsdk-java-client_name/client_version (11.0.6; Windows 10; 10.0)"
      },
      "RequestBody": {
        "sasTokenParameters": {
          "storageResourceUri": "https://azkvrecordtestsprim.blob.core.windows.net/backup/",
          "token": "REDACTED"
        },
        "folderToRestore": "mhsm-azkvrecordtestshsm-2023041203100611"
      },
      "StatusCode": 202,
      "ResponseHeaders": {
        "api-supported-versions": "20180927, 20211111",
        "azure-asyncoperation": "https://azkvrecordtestshsm.managedhsm.azure.net/restore/9f696a2423df4142a08afbc0104f405d/pending",
        "Cache-Control": "no-cache",
        "Content-Length": "138",
        "Content-Security-Policy": "default-src \u0027self\u0027",
        "Content-Type": "application/json; charset=utf-8",
        "Date": "Wed, 12 Apr 2023 03:10:15 GMT",
        "Retry-After": "10",
        "Server": "Kestrel",
        "Strict-Transport-Security": "max-age=31536000; includeSubDomains",
        "X-Content-Type-Options": "nosniff",
        "X-Frame-Options": "SAMEORIGIN",
        "x-ms-keyvault-network-info": "conn_type=Ipv4;addr=172.92.148.195;act_addr_fam=Ipv4;",
        "x-ms-keyvault-region": "northcentralus",
        "x-ms-request-id": "8c01ad9a-d8df-11ed-a916-0022488d0014",
        "x-ms-server-latency": "386"
      },
      "ResponseBody": {
        "endTime": null,
        "error": null,
        "jobId": "9f696a2423df4142a08afbc0104f405d",
        "startTime": 1681269015,
        "status": "InProgress",
        "statusDetails": null
      }
    },
    {
      "RequestUri": "https://REDACTED/restore/9f696a2423df4142a08afbc0104f405d/pending?api-version=7.4",
      "RequestMethod": "GET",
      "RequestHeaders": {
        "Accept": "application/json",
        "Authorization": "Sanitized",
        "Content-Length": "0",
        "User-Agent": "azsdk-java-client_name/client_version (11.0.6; Windows 10; 10.0)"
      },
      "RequestBody": null,
      "StatusCode": 200,
      "ResponseHeaders": {
        "api-supported-versions": "20180927, 20211111",
        "Cache-Control": "no-cache",
        "Content-Length": "138",
        "Content-Security-Policy": "default-src \u0027self\u0027",
        "Content-Type": "application/json; charset=utf-8",
        "Date": "Wed, 12 Apr 2023 03:10:16 GMT",
        "Server": "Kestrel",
        "Strict-Transport-Security": "max-age=31536000; includeSubDomains",
        "X-Content-Type-Options": "nosniff",
        "X-Frame-Options": "SAMEORIGIN",
        "x-ms-build-version": "1.0.20230403-1-1802edf4-develop",
        "x-ms-keyvault-network-info": "conn_type=Ipv4;addr=172.92.148.195;act_addr_fam=Ipv4;",
        "x-ms-keyvault-region": "northcentralus",
        "x-ms-request-id": "8ce07c3c-d8df-11ed-a916-0022488d0014",
        "x-ms-server-latency": "213"
      },
      "ResponseBody": {
        "endTime": null,
        "error": null,
        "jobId": "9f696a2423df4142a08afbc0104f405d",
        "startTime": 1681269015,
        "status": "InProgress",
        "statusDetails": null
      }
    },
    {
      "RequestUri": "https://REDACTED/restore/9f696a2423df4142a08afbc0104f405d/pending?api-version=7.4",
      "RequestMethod": "GET",
      "RequestHeaders": {
        "Accept": "application/json",
        "Authorization": "Sanitized",
        "Content-Length": "0",
        "User-Agent": "azsdk-java-client_name/client_version (11.0.6; Windows 10; 10.0)"
      },
      "RequestBody": null,
      "StatusCode": 200,
      "ResponseHeaders": {
        "api-supported-versions": "20180927, 20211111",
        "Cache-Control": "no-cache",
        "Content-Length": "138",
        "Content-Security-Policy": "default-src \u0027self\u0027",
        "Content-Type": "application/json; charset=utf-8",
        "Date": "Wed, 12 Apr 2023 03:10:17 GMT",
        "Server": "Kestrel",
        "Strict-Transport-Security": "max-age=31536000; includeSubDomains",
        "X-Content-Type-Options": "nosniff",
        "X-Frame-Options": "SAMEORIGIN",
        "x-ms-build-version": "1.0.20230403-1-1802edf4-develop",
        "x-ms-keyvault-network-info": "conn_type=Ipv4;addr=172.92.148.195;act_addr_fam=Ipv4;",
        "x-ms-keyvault-region": "northcentralus",
        "x-ms-request-id": "8da5dcca-d8df-11ed-a916-0022488d0014",
        "x-ms-server-latency": "217"
      },
      "ResponseBody": {
        "endTime": null,
        "error": null,
        "jobId": "9f696a2423df4142a08afbc0104f405d",
        "startTime": 1681269015,
        "status": "InProgress",
        "statusDetails": null
      }
    },
    {
      "RequestUri": "https://REDACTED/restore/9f696a2423df4142a08afbc0104f405d/pending?api-version=7.4",
      "RequestMethod": "GET",
      "RequestHeaders": {
        "Accept": "application/json",
        "Authorization": "Sanitized",
        "Content-Length": "0",
        "User-Agent": "azsdk-java-client_name/client_version (11.0.6; Windows 10; 10.0)"
      },
      "RequestBody": null,
      "StatusCode": 200,
      "ResponseHeaders": {
        "api-supported-versions": "20180927, 20211111",
        "Cache-Control": "no-cache",
        "Content-Length": "138",
        "Content-Security-Policy": "default-src \u0027self\u0027",
        "Content-Type": "application/json; charset=utf-8",
        "Date": "Wed, 12 Apr 2023 03:10:19 GMT",
        "Server": "Kestrel",
        "Strict-Transport-Security": "max-age=31536000; includeSubDomains",
        "X-Content-Type-Options": "nosniff",
        "X-Frame-Options": "SAMEORIGIN",
        "x-ms-build-version": "1.0.20230403-1-1802edf4-develop",
        "x-ms-keyvault-network-info": "conn_type=Ipv4;addr=172.92.148.195;act_addr_fam=Ipv4;",
        "x-ms-keyvault-region": "northcentralus",
        "x-ms-request-id": "8e6abb44-d8df-11ed-a916-0022488d0014",
        "x-ms-server-latency": "202"
      },
      "ResponseBody": {
        "endTime": null,
        "error": null,
        "jobId": "9f696a2423df4142a08afbc0104f405d",
        "startTime": 1681269015,
        "status": "InProgress",
        "statusDetails": null
      }
    },
    {
      "RequestUri": "https://REDACTED/restore/9f696a2423df4142a08afbc0104f405d/pending?api-version=7.4",
      "RequestMethod": "GET",
      "RequestHeaders": {
        "Accept": "application/json",
        "Authorization": "Sanitized",
        "Content-Length": "0",
        "User-Agent": "azsdk-java-client_name/client_version (11.0.6; Windows 10; 10.0)"
      },
      "RequestBody": null,
      "StatusCode": 200,
      "ResponseHeaders": {
        "api-supported-versions": "20180927, 20211111",
        "Cache-Control": "no-cache",
        "Content-Length": "138",
        "Content-Security-Policy": "default-src \u0027self\u0027",
        "Content-Type": "application/json; charset=utf-8",
        "Date": "Wed, 12 Apr 2023 03:10:20 GMT",
        "Server": "Kestrel",
        "Strict-Transport-Security": "max-age=31536000; includeSubDomains",
        "X-Content-Type-Options": "nosniff",
        "X-Frame-Options": "SAMEORIGIN",
        "x-ms-build-version": "1.0.20230403-1-1802edf4-develop",
        "x-ms-keyvault-network-info": "conn_type=Ipv4;addr=172.92.148.195;act_addr_fam=Ipv4;",
        "x-ms-keyvault-region": "northcentralus",
        "x-ms-request-id": "8f2c7ab8-d8df-11ed-a916-0022488d0014",
        "x-ms-server-latency": "216"
      },
      "ResponseBody": {
        "endTime": null,
        "error": null,
        "jobId": "9f696a2423df4142a08afbc0104f405d",
        "startTime": 1681269015,
        "status": "InProgress",
        "statusDetails": null
      }
    },
    {
      "RequestUri": "https://REDACTED/restore/9f696a2423df4142a08afbc0104f405d/pending?api-version=7.4",
      "RequestMethod": "GET",
      "RequestHeaders": {
        "Accept": "application/json",
        "Authorization": "Sanitized",
        "Content-Length": "0",
        "User-Agent": "azsdk-java-client_name/client_version (11.0.6; Windows 10; 10.0)"
      },
      "RequestBody": null,
      "StatusCode": 200,
      "ResponseHeaders": {
        "api-supported-versions": "20180927, 20211111",
        "Cache-Control": "no-cache",
        "Content-Length": "138",
        "Content-Security-Policy": "default-src \u0027self\u0027",
        "Content-Type": "application/json; charset=utf-8",
        "Date": "Wed, 12 Apr 2023 03:10:22 GMT",
        "Server": "Kestrel",
        "Strict-Transport-Security": "max-age=31536000; includeSubDomains",
        "X-Content-Type-Options": "nosniff",
        "X-Frame-Options": "SAMEORIGIN",
        "x-ms-build-version": "1.0.20230403-1-1802edf4-develop",
        "x-ms-keyvault-network-info": "conn_type=Ipv4;addr=172.92.148.195;act_addr_fam=Ipv4;",
        "x-ms-keyvault-region": "northcentralus",
        "x-ms-request-id": "8ff47e32-d8df-11ed-a916-0022488d0014",
        "x-ms-server-latency": "211"
      },
      "ResponseBody": {
        "endTime": null,
        "error": null,
        "jobId": "9f696a2423df4142a08afbc0104f405d",
        "startTime": 1681269015,
        "status": "InProgress",
        "statusDetails": null
      }
    },
    {
      "RequestUri": "https://REDACTED/restore/9f696a2423df4142a08afbc0104f405d/pending?api-version=7.4",
      "RequestMethod": "GET",
      "RequestHeaders": {
        "Accept": "application/json",
        "Authorization": "Sanitized",
        "Content-Length": "0",
        "User-Agent": "azsdk-java-client_name/client_version (11.0.6; Windows 10; 10.0)"
      },
      "RequestBody": null,
      "StatusCode": 200,
      "ResponseHeaders": {
        "api-supported-versions": "20180927, 20211111",
        "Cache-Control": "no-cache",
        "Content-Length": "138",
        "Content-Security-Policy": "default-src \u0027self\u0027",
        "Content-Type": "application/json; charset=utf-8",
        "Date": "Wed, 12 Apr 2023 03:10:23 GMT",
        "Server": "Kestrel",
        "Strict-Transport-Security": "max-age=31536000; includeSubDomains",
        "X-Content-Type-Options": "nosniff",
        "X-Frame-Options": "SAMEORIGIN",
        "x-ms-build-version": "1.0.20230403-1-1802edf4-develop",
        "x-ms-keyvault-network-info": "conn_type=Ipv4;addr=172.92.148.195;act_addr_fam=Ipv4;",
        "x-ms-keyvault-region": "northcentralus",
        "x-ms-request-id": "90b909dc-d8df-11ed-a916-0022488d0014",
        "x-ms-server-latency": "187"
      },
      "ResponseBody": {
        "endTime": null,
        "error": null,
        "jobId": "9f696a2423df4142a08afbc0104f405d",
        "startTime": 1681269015,
        "status": "InProgress",
        "statusDetails": null
      }
    },
    {
      "RequestUri": "https://REDACTED/restore/9f696a2423df4142a08afbc0104f405d/pending?api-version=7.4",
      "RequestMethod": "GET",
      "RequestHeaders": {
        "Accept": "application/json",
        "Authorization": "Sanitized",
        "Content-Length": "0",
        "User-Agent": "azsdk-java-client_name/client_version (11.0.6; Windows 10; 10.0)"
      },
      "RequestBody": null,
      "StatusCode": 200,
      "ResponseHeaders": {
        "api-supported-versions": "20180927, 20211111",
        "Cache-Control": "no-cache",
        "Content-Length": "138",
        "Content-Security-Policy": "default-src \u0027self\u0027",
        "Content-Type": "application/json; charset=utf-8",
        "Date": "Wed, 12 Apr 2023 03:10:24 GMT",
        "Server": "Kestrel",
        "Strict-Transport-Security": "max-age=31536000; includeSubDomains",
        "X-Content-Type-Options": "nosniff",
        "X-Frame-Options": "SAMEORIGIN",
        "x-ms-build-version": "1.0.20230403-1-1802edf4-develop",
        "x-ms-keyvault-network-info": "conn_type=Ipv4;addr=172.92.148.195;act_addr_fam=Ipv4;",
        "x-ms-keyvault-region": "northcentralus",
        "x-ms-request-id": "9178e72a-d8df-11ed-a916-0022488d0014",
        "x-ms-server-latency": "221"
      },
      "ResponseBody": {
        "endTime": null,
        "error": null,
        "jobId": "9f696a2423df4142a08afbc0104f405d",
        "startTime": 1681269015,
        "status": "InProgress",
        "statusDetails": null
      }
    },
    {
      "RequestUri": "https://REDACTED/restore/9f696a2423df4142a08afbc0104f405d/pending?api-version=7.4",
      "RequestMethod": "GET",
      "RequestHeaders": {
        "Accept": "application/json",
        "Authorization": "Sanitized",
        "Content-Length": "0",
        "User-Agent": "azsdk-java-client_name/client_version (11.0.6; Windows 10; 10.0)"
      },
      "RequestBody": null,
      "StatusCode": 200,
      "ResponseHeaders": {
        "api-supported-versions": "20180927, 20211111",
        "Cache-Control": "no-cache",
        "Content-Length": "138",
        "Content-Security-Policy": "default-src \u0027self\u0027",
        "Content-Type": "application/json; charset=utf-8",
        "Date": "Wed, 12 Apr 2023 03:10:25 GMT",
        "Server": "Kestrel",
        "Strict-Transport-Security": "max-age=31536000; includeSubDomains",
        "X-Content-Type-Options": "nosniff",
        "X-Frame-Options": "SAMEORIGIN",
        "x-ms-build-version": "1.0.20230403-1-1802edf4-develop",
        "x-ms-keyvault-network-info": "conn_type=Ipv4;addr=172.92.148.195;act_addr_fam=Ipv4;",
        "x-ms-keyvault-region": "northcentralus",
        "x-ms-request-id": "923dd7e2-d8df-11ed-a916-0022488d0014",
        "x-ms-server-latency": "207"
      },
      "ResponseBody": {
        "endTime": null,
        "error": null,
        "jobId": "9f696a2423df4142a08afbc0104f405d",
        "startTime": 1681269015,
        "status": "InProgress",
        "statusDetails": null
      }
    },
    {
      "RequestUri": "https://REDACTED/restore/9f696a2423df4142a08afbc0104f405d/pending?api-version=7.4",
      "RequestMethod": "GET",
      "RequestHeaders": {
        "Accept": "application/json",
        "Authorization": "Sanitized",
        "Content-Length": "0",
        "User-Agent": "azsdk-java-client_name/client_version (11.0.6; Windows 10; 10.0)"
      },
      "RequestBody": null,
      "StatusCode": 200,
      "ResponseHeaders": {
        "api-supported-versions": "20180927, 20211111",
        "Cache-Control": "no-cache",
        "Content-Length": "138",
        "Content-Security-Policy": "default-src \u0027self\u0027",
        "Content-Type": "application/json; charset=utf-8",
        "Date": "Wed, 12 Apr 2023 03:10:27 GMT",
        "Server": "Kestrel",
        "Strict-Transport-Security": "max-age=31536000; includeSubDomains",
        "X-Content-Type-Options": "nosniff",
        "X-Frame-Options": "SAMEORIGIN",
        "x-ms-build-version": "1.0.20230403-1-1802edf4-develop",
        "x-ms-keyvault-network-info": "conn_type=Ipv4;addr=172.92.148.195;act_addr_fam=Ipv4;",
        "x-ms-keyvault-region": "northcentralus",
        "x-ms-request-id": "9300f7c2-d8df-11ed-a916-0022488d0014",
        "x-ms-server-latency": "200"
      },
      "ResponseBody": {
        "endTime": null,
        "error": null,
        "jobId": "9f696a2423df4142a08afbc0104f405d",
        "startTime": 1681269015,
        "status": "InProgress",
        "statusDetails": null
      }
    },
    {
      "RequestUri": "https://REDACTED/restore/9f696a2423df4142a08afbc0104f405d/pending?api-version=7.4",
      "RequestMethod": "GET",
      "RequestHeaders": {
        "Accept": "application/json",
        "Authorization": "Sanitized",
        "Content-Length": "0",
        "User-Agent": "azsdk-java-client_name/client_version (11.0.6; Windows 10; 10.0)"
      },
      "RequestBody": null,
      "StatusCode": 200,
      "ResponseHeaders": {
        "api-supported-versions": "20180927, 20211111",
        "Cache-Control": "no-cache",
        "Content-Length": "143",
        "Content-Security-Policy": "default-src \u0027self\u0027",
        "Content-Type": "application/json; charset=utf-8",
        "Date": "Wed, 12 Apr 2023 03:10:28 GMT",
        "Server": "Kestrel",
        "Strict-Transport-Security": "max-age=31536000; includeSubDomains",
        "X-Content-Type-Options": "nosniff",
        "X-Frame-Options": "SAMEORIGIN",
        "x-ms-build-version": "1.0.20230403-1-1802edf4-develop",
        "x-ms-keyvault-network-info": "conn_type=Ipv4;addr=172.92.148.195;act_addr_fam=Ipv4;",
        "x-ms-keyvault-region": "northcentralus",
        "x-ms-request-id": "93c340c0-d8df-11ed-a916-0022488d0014",
        "x-ms-server-latency": "212"
      },
      "ResponseBody": {
        "endTime": 1681269027,
        "error": null,
        "jobId": "9f696a2423df4142a08afbc0104f405d",
        "startTime": 1681269015,
        "status": "Succeeded",
        "statusDetails": null
      }
    }
  ],
  "Variables": {}
}
