{
  "Entries": [
    {
      "RequestUri": "https://REDACTED/language/analyze-text/jobs?api-version=2022-10-01-preview",
      "RequestMethod": "POST",
      "RequestHeaders": {
        "Accept": "application/json",
        "Content-Length": "242",
        "Content-Type": "application/json",
        "Date": "Wed, 08 Mar 2023 18:46:16 GMT",
        "Ocp-Apim-Subscription-Key": "REDACTED",
        "User-Agent": "azsdk-java-azure-ai-textanalytics/5.3.0-beta.2 (11.0.10; Windows 10; 10.0)",
        "x-ms-client-request-id": "030a7bb4-4836-4dad-a4fe-ea979f9ad048"
      },
      "RequestBody": {
        "analysisInput": {
          "documents": [
            {
              "id": "0",
              "text": "\uD83D\uDC69\u200D\uD83D\uDC69\u200D\uD83D\uDC67\u200D\uD83D\uDC67 The patient is a 54-year-old"
            }
          ]
        },
        "tasks": [
          {
            "kind": "Healthcare",
            "parameters": {
              "loggingOptOut": true,
              "stringIndexType": "Utf16CodeUnit"
            }
          }
        ]
      },
      "StatusCode": 202,
      "ResponseHeaders": {
        "apim-request-id": "0b18b2a5-3dc2-49f5-9893-69198266d9fd",
        "Content-Length": "0",
        "Date": "Wed, 08 Mar 2023 18:46:16 GMT",
        "operation-location": "https://javatextanalyticstestresources.cognitiveservices.azure.com/language/analyze-text/jobs/d3b9cb91-9df8-4f34-8042-9e618c5ab7dd?api-version=2022-10-01-preview",
        "Strict-Transport-Security": "max-age=31536000; includeSubDomains; preload",
        "X-Content-Type-Options": "nosniff",
        "x-envoy-upstream-service-time": "106",
        "x-ms-region": "West US 2"
      },
      "ResponseBody": null
    },
    {
      "RequestUri": "https://REDACTED/language/analyze-text/jobs/d3b9cb91-9df8-4f34-8042-9e618c5ab7dd?api-version=2022-10-01-preview\u0026showStats=false",
      "RequestMethod": "GET",
      "RequestHeaders": {
        "Accept": "application/json",
        "Content-Length": "0",
        "Date": "Wed, 08 Mar 2023 18:46:46 GMT",
        "Ocp-Apim-Subscription-Key": "REDACTED",
        "User-Agent": "azsdk-java-azure-ai-textanalytics/5.3.0-beta.2 (11.0.10; Windows 10; 10.0)",
        "x-ms-client-request-id": "648240c8-6f6b-4329-9cf8-bb0ae2a5c4d0"
      },
      "RequestBody": null,
      "StatusCode": 200,
      "ResponseHeaders": {
        "apim-request-id": "6cdf6142-3f24-45b2-8a7b-353aa6bba1cd",
        "Content-Length": "591",
        "Content-Type": "application/json; charset=utf-8",
        "Date": "Wed, 08 Mar 2023 18:46:45 GMT",
        "Strict-Transport-Security": "max-age=31536000; includeSubDomains; preload",
        "X-Content-Type-Options": "nosniff",
        "x-envoy-upstream-service-time": "39",
        "x-ms-region": "West US 2"
      },
      "ResponseBody": {
        "jobId": "d3b9cb91-9df8-4f34-8042-9e618c5ab7dd",
        "lastUpdatedDateTime": "2023-03-08T18:46:19Z",
        "createdDateTime": "2023-03-08T18:46:16Z",
        "expirationDateTime": "2023-03-09T18:46:16Z",
        "status": "succeeded",
        "errors": [],
        "tasks": {
          "completed": 1,
          "failed": 0,
          "inProgress": 0,
          "total": 1,
          "items": [
            {
              "kind": "HealthcareLROResults",
              "lastUpdateDateTime": "2023-03-08T18:46:19.3444223Z",
              "status": "succeeded",
              "results": {
                "documents": [
                  {
                    "id": "0",
                    "entities": [
                      {
                        "offset": 29,
                        "length": 11,
                        "text": "54-year-old",
                        "category": "Age",
                        "confidenceScore": 1.0
                      }
                    ],
                    "relations": [],
                    "warnings": []
                  }
                ],
                "errors": [],
                "modelVersion": "2022-03-01"
              }
            }
          ]
        }
      }
    },
    {
      "RequestUri": "https://REDACTED/language/analyze-text/jobs/d3b9cb91-9df8-4f34-8042-9e618c5ab7dd?api-version=2022-10-01-preview\u0026showStats=false",
      "RequestMethod": "GET",
      "RequestHeaders": {
        "Accept": "application/json",
        "Content-Length": "0",
        "Date": "Wed, 08 Mar 2023 18:46:46 GMT",
        "Ocp-Apim-Subscription-Key": "REDACTED",
        "User-Agent": "azsdk-java-azure-ai-textanalytics/5.3.0-beta.2 (11.0.10; Windows 10; 10.0)",
        "x-ms-client-request-id": "2b8e188b-d44b-4ac6-9058-f15df11daba4"
      },
      "RequestBody": null,
      "StatusCode": 200,
      "ResponseHeaders": {
        "apim-request-id": "f84ffb9d-25a5-4bb2-b05e-6b7ea1876fd7",
        "Content-Length": "591",
        "Content-Type": "application/json; charset=utf-8",
        "Date": "Wed, 08 Mar 2023 18:46:46 GMT",
        "Strict-Transport-Security": "max-age=31536000; includeSubDomains; preload",
        "X-Content-Type-Options": "nosniff",
        "x-envoy-upstream-service-time": "70",
        "x-ms-region": "West US 2"
      },
      "ResponseBody": {
        "jobId": "d3b9cb91-9df8-4f34-8042-9e618c5ab7dd",
        "lastUpdatedDateTime": "2023-03-08T18:46:19Z",
        "createdDateTime": "2023-03-08T18:46:16Z",
        "expirationDateTime": "2023-03-09T18:46:16Z",
        "status": "succeeded",
        "errors": [],
        "tasks": {
          "completed": 1,
          "failed": 0,
          "inProgress": 0,
          "total": 1,
          "items": [
            {
              "kind": "HealthcareLROResults",
              "lastUpdateDateTime": "2023-03-08T18:46:19.3444223Z",
              "status": "succeeded",
              "results": {
                "documents": [
                  {
                    "id": "0",
                    "entities": [
                      {
                        "offset": 29,
                        "length": 11,
                        "text": "54-year-old",
                        "category": "Age",
                        "confidenceScore": 1.0
                      }
                    ],
                    "relations": [],
                    "warnings": []
                  }
                ],
                "errors": [],
                "modelVersion": "2022-03-01"
              }
            }
          ]
        }
      }
    }
  ],
  "Variables": {}
}
