{
  "Entries": [
    {
      "RequestUri": "https://REDACTED/Tables",
      "RequestMethod": "POST",
      "RequestHeaders": {
        "Accept": "application/json;odata=minimalmetadata",
        "Authorization": "Sanitized",
        "Content-Length": "33",
        "Content-Type": "application/json;odata=nometadata",
        "DataServiceVersion": "3.0",
        "Date": "Tue, 11 Apr 2023 21:16:47 GMT",
        "Prefer": "return-no-content",
        "User-Agent": "azsdk-java-azure-data-tables/12.4.0-beta.1 (17.0.6; Linux; 5.4.0-1105-azure)",
        "x-ms-client-request-id": "db54b5a4-6b36-4d03-a311-328e9824dc26",
        "x-ms-version": "2020-12-06"
      },
      "RequestBody": {
        "TableName": "tablename34047fc7"
      },
      "StatusCode": 204,
      "ResponseHeaders": {
        "Cache-Control": "no-cache",
        "Content-Length": "0",
        "DataServiceId": "https://tb914c4cd1614894eprim.table.core.windows.net/Tables(\u0027tablename34047fc7\u0027)",
        "Date": "Tue, 11 Apr 2023 21:16:47 GMT",
        "Location": "https://tb914c4cd1614894eprim.table.core.windows.net/Tables(\u0027tablename34047fc7\u0027)",
        "Preference-Applied": "return-no-content",
        "Server": [
          "Windows-Azure-Table/1.0",
          "Microsoft-HTTPAPI/2.0"
        ],
        "X-Content-Type-Options": "nosniff",
        "x-ms-client-request-id": "db54b5a4-6b36-4d03-a311-328e9824dc26",
        "x-ms-request-id": "c105e55e-2002-0060-60ba-6c9b43000000",
        "x-ms-version": "2020-12-06"
      },
      "ResponseBody": null
    },
    {
      "RequestUri": "https://REDACTED/tablename34047fc7",
      "RequestMethod": "POST",
      "RequestHeaders": {
        "Accept": "application/json;odata=minimalmetadata",
        "Authorization": "Sanitized",
        "Content-Length": "65",
        "Content-Type": "application/json;odata=nometadata",
        "DataServiceVersion": "3.0",
        "Date": "Tue, 11 Apr 2023 21:16:47 GMT",
        "Prefer": "return-no-content",
        "User-Agent": "azsdk-java-azure-data-tables/12.4.0-beta.1 (17.0.6; Linux; 5.4.0-1105-azure)",
        "x-ms-client-request-id": "033d324d-c23d-46b5-b4bc-71bdbe8f2cca",
        "x-ms-version": "2020-12-06"
      },
      "RequestBody": {
        "RowKey": "row\u0027key989327043",
        "PartitionKey": "partitionkey64821c"
      },
      "StatusCode": 204,
      "ResponseHeaders": {
        "Cache-Control": "no-cache",
        "Content-Length": "0",
        "DataServiceId": "https://tb914c4cd1614894eprim.table.core.windows.net/tablename34047fc7(PartitionKey=\u0027partitionkey64821c\u0027,RowKey=\u0027row\u0027\u0027key989327043\u0027)",
        "Date": "Tue, 11 Apr 2023 21:16:47 GMT",
        "ETag": "W/\u0022datetime\u00272023-04-11T21%3A16%3A47.9228609Z\u0027\u0022",
        "Location": "https://tb914c4cd1614894eprim.table.core.windows.net/tablename34047fc7(PartitionKey=\u0027partitionkey64821c\u0027,RowKey=\u0027row\u0027\u0027key989327043\u0027)",
        "Preference-Applied": "return-no-content",
        "Server": [
          "Windows-Azure-Table/1.0",
          "Microsoft-HTTPAPI/2.0"
        ],
        "X-Content-Type-Options": "nosniff",
        "x-ms-client-request-id": "033d324d-c23d-46b5-b4bc-71bdbe8f2cca",
        "x-ms-request-id": "c105e56a-2002-0060-6aba-6c9b43000000",
        "x-ms-version": "2020-12-06"
      },
      "ResponseBody": null
    },
    {
      "RequestUri": "https://REDACTED/tablename34047fc7(PartitionKey=\u0027partitionkey64821c\u0027,RowKey=\u0027row\u0027\u0027key989327043\u0027)?REDACTED",
      "RequestMethod": "GET",
      "RequestHeaders": {
        "Accept": "application/json;odata=minimalmetadata",
        "Authorization": "Sanitized",
        "Content-Length": "0",
        "DataServiceVersion": "3.0",
        "Date": "Tue, 11 Apr 2023 21:16:47 GMT",
        "User-Agent": "azsdk-java-azure-data-tables/12.4.0-beta.1 (17.0.6; Linux; 5.4.0-1105-azure)",
        "x-ms-client-request-id": "4df58441-f3e0-4f7e-84cf-03200a98e1f4",
        "x-ms-version": "2020-12-06"
      },
      "RequestBody": null,
      "StatusCode": 200,
      "ResponseHeaders": {
        "Access-Control-Allow-Origin": "*",
        "Access-Control-Expose-Headers": "x-ms-client-request-id",
        "Cache-Control": "no-cache",
        "Content-Type": "application/json; odata=fullmetadata; streaming=true; charset=utf-8",
        "Date": "Tue, 11 Apr 2023 21:16:47 GMT",
        "ETag": "W/\u0022datetime\u00272023-04-11T21%3A16%3A47.9228609Z\u0027\u0022",
        "Server": [
          "Windows-Azure-Table/1.0",
          "Microsoft-HTTPAPI/2.0"
        ],
        "Transfer-Encoding": "chunked",
        "X-Content-Type-Options": "nosniff",
        "x-ms-client-request-id": "4df58441-f3e0-4f7e-84cf-03200a98e1f4",
        "x-ms-request-id": "c105e571-2002-0060-71ba-6c9b43000000",
        "x-ms-version": "2020-12-06"
      },
      "ResponseBody": {
        "odata.metadata": "https://tb914c4cd1614894eprim.table.core.windows.net/$metadata#tablename34047fc7/@Element",
        "odata.type": "tb914c4cd1614894eprim.tablename34047fc7",
        "odata.id": "https://tb914c4cd1614894eprim.table.core.windows.net/tablename34047fc7(PartitionKey=\u0027partitionkey64821c\u0027,RowKey=\u0027row\u0027\u0027key989327043\u0027)",
        "odata.etag": "W/\u0022datetime\u00272023-04-11T21%3A16%3A47.9228609Z\u0027\u0022",
        "odata.editLink": "tablename34047fc7(PartitionKey=\u0027partitionkey64821c\u0027,RowKey=\u0027row\u0027\u0027key989327043\u0027)",
        "PartitionKey": "partitionkey64821c",
        "RowKey": "row\u0027key989327043",
        "Timestamp@odata.type": "Edm.DateTime",
        "Timestamp": "2023-04-11T21:16:47.9228609Z"
      }
    },
    {
      "RequestUri": "https://REDACTED/Tables(\u0027tablename34047fc7\u0027)",
      "RequestMethod": "DELETE",
      "RequestHeaders": {
        "Accept": "application/json",
        "Authorization": "Sanitized",
        "Content-Length": "0",
        "Date": "Tue, 11 Apr 2023 21:16:47 GMT",
        "User-Agent": "azsdk-java-azure-data-tables/12.4.0-beta.1 (17.0.6; Linux; 5.4.0-1105-azure)",
        "x-ms-client-request-id": "f898c99a-1298-4156-a74a-2780d31948e8",
        "x-ms-version": "2020-12-06"
      },
      "RequestBody": null,
      "StatusCode": 204,
      "ResponseHeaders": {
        "Cache-Control": "no-cache",
        "Content-Length": "0",
        "Date": "Tue, 11 Apr 2023 21:16:47 GMT",
        "Server": [
          "Windows-Azure-Table/1.0",
          "Microsoft-HTTPAPI/2.0"
        ],
        "X-Content-Type-Options": "nosniff",
        "x-ms-client-request-id": "f898c99a-1298-4156-a74a-2780d31948e8",
        "x-ms-request-id": "c105e581-2002-0060-01ba-6c9b43000000",
        "x-ms-version": "2020-12-06"
      },
      "ResponseBody": null
    }
  ],
  "Variables": {
    "0": "tablename34047fc7",
    "1": "partitionkey64821c",
    "2": "row\u0027key989327043"
  }
}
