{
  "Entries": [
    {
      "RequestUri": "https://REDACTED/Tables",
      "RequestMethod": "POST",
      "RequestHeaders": {
        "Accept": "application/json;odata=minimalmetadata",
        "Authorization": "Sanitized",
        "Content-Length": "33",
        "Content-Type": "application/json;odata=nometadata",
        "DataServiceVersion": "3.0",
        "Date": "Fri, 14 Apr 2023 20:22:29 GMT",
        "Prefer": "return-no-content",
        "User-Agent": "azsdk-java-azure-data-tables/12.4.0-beta.1 (17.0.6; Linux; 5.4.0-1105-azure)",
        "x-ms-client-request-id": "23347cbf-cac5-41fe-8330-6ebb5d20e445",
        "x-ms-version": "2020-12-06"
      },
      "RequestBody": {
        "TableName": "tablename0703764a"
      },
      "StatusCode": 204,
      "ResponseHeaders": {
        "Cache-Control": "no-cache",
        "Content-Length": "0",
        "DataServiceId": "https://REDACTED/Tables(\u0027tablename0703764a\u0027)",
        "Date": "Fri, 14 Apr 2023 20:22:29 GMT",
        "Location": "https://REDACTED/Tables(\u0027tablename0703764a\u0027)",
        "Preference-Applied": "return-no-content",
        "Server": [
          "Windows-Azure-Table/1.0",
          "Microsoft-HTTPAPI/2.0"
        ],
        "X-Content-Type-Options": "nosniff",
        "x-ms-client-request-id": "23347cbf-cac5-41fe-8330-6ebb5d20e445",
        "x-ms-request-id": "12705938-a002-0071-0a0e-6fac58000000",
        "x-ms-version": "2020-12-06"
      },
      "ResponseBody": null
    },
    {
      "RequestUri": "https://REDACTED/tablename0703764a",
      "RequestMethod": "POST",
      "RequestHeaders": {
        "Accept": "application/json;odata=minimalmetadata",
        "Authorization": "Sanitized",
        "Content-Length": "652",
        "Content-Type": "application/json;odata=nometadata",
        "DataServiceVersion": "3.0",
        "Date": "Fri, 14 Apr 2023 20:22:29 GMT",
        "Prefer": "return-no-content",
        "User-Agent": "azsdk-java-azure-data-tables/12.4.0-beta.1 (17.0.6; Linux; 5.4.0-1105-azure)",
        "x-ms-client-request-id": "5fb5e4a9-362e-4ca0-ac51-9df048c4257c",
        "x-ms-version": "2020-12-06"
      },
      "RequestBody": {
        "Int32TypeProperty": 1337,
        "DateTypeProperty": "2023-04-14T20:22:29.694\u002B00:00",
        "OffsetDateTimeTypeProperty@odata.type": "Edm.DateTime",
        "RowKey": "rowkey4327204a2",
        "BooleanTypeProperty": true,
        "OffsetDateTimeTypeProperty": "2023-04-14T20:22:29.694550911Z",
        "BinaryTypeProperty": "VGVzdCB2YWx1ZQ==",
        "Int64TypeProperty": "1337",
        "StringTypeProperty": "This is table entity",
        "GuidTypeProperty@odata.type": "Edm.Guid",
        "DateTypeProperty@odata.type": "Edm.DateTime",
        "GuidTypeProperty": "a9820e11-8085-4902-a7f2-791a5aeadcec",
        "PartitionKey": "partitionkey05544a",
        "BinaryTypeProperty@odata.type": "Edm.Binary",
        "Int64TypeProperty@odata.type": "Edm.Int64",
        "DoubleTypeProperty": 2.0
      },
      "StatusCode": 204,
      "ResponseHeaders": {
        "Cache-Control": "no-cache",
        "Content-Length": "0",
        "DataServiceId": "https://REDACTED/tablename0703764a(PartitionKey=\u0027partitionkey05544a\u0027,RowKey=\u0027rowkey4327204a2\u0027)",
        "Date": "Fri, 14 Apr 2023 20:22:29 GMT",
        "ETag": "W/\u0022datetime\u00272023-04-14T20%3A22%3A29.714125Z\u0027\u0022",
        "Location": "https://REDACTED/tablename0703764a(PartitionKey=\u0027partitionkey05544a\u0027,RowKey=\u0027rowkey4327204a2\u0027)",
        "Preference-Applied": "return-no-content",
        "Server": [
          "Windows-Azure-Table/1.0",
          "Microsoft-HTTPAPI/2.0"
        ],
        "X-Content-Type-Options": "nosniff",
        "x-ms-client-request-id": "5fb5e4a9-362e-4ca0-ac51-9df048c4257c",
        "x-ms-request-id": "1270594b-a002-0071-1b0e-6fac58000000",
        "x-ms-version": "2020-12-06"
      },
      "ResponseBody": null
    },
    {
      "RequestUri": "https://REDACTED/tablename0703764a(PartitionKey=\u0027partitionkey05544a\u0027,RowKey=\u0027rowkey4327204a2\u0027)?REDACTED",
      "RequestMethod": "GET",
      "RequestHeaders": {
        "Accept": "application/json;odata=minimalmetadata",
        "Authorization": "Sanitized",
        "Content-Length": "0",
        "DataServiceVersion": "3.0",
        "Date": "Fri, 14 Apr 2023 20:22:29 GMT",
        "User-Agent": "azsdk-java-azure-data-tables/12.4.0-beta.1 (17.0.6; Linux; 5.4.0-1105-azure)",
        "x-ms-client-request-id": "9151e78f-c5b8-4cf9-93b3-f2d53b002485",
        "x-ms-version": "2020-12-06"
      },
      "RequestBody": null,
      "StatusCode": 200,
      "ResponseHeaders": {
        "Access-Control-Allow-Origin": "*",
        "Access-Control-Expose-Headers": "x-ms-client-request-id",
        "Cache-Control": "no-cache",
        "Content-Type": "application/json; odata=fullmetadata; streaming=true; charset=utf-8",
        "Date": "Fri, 14 Apr 2023 20:22:29 GMT",
        "ETag": "W/\u0022datetime\u00272023-04-14T20%3A22%3A29.714125Z\u0027\u0022",
        "Server": [
          "Windows-Azure-Table/1.0",
          "Microsoft-HTTPAPI/2.0"
        ],
        "Transfer-Encoding": "chunked",
        "X-Content-Type-Options": "nosniff",
        "x-ms-client-request-id": "9151e78f-c5b8-4cf9-93b3-f2d53b002485",
        "x-ms-request-id": "1270595a-a002-0071-290e-6fac58000000",
        "x-ms-version": "2020-12-06"
      },
      "ResponseBody": {
        "odata.metadata": "https://REDACTED/$metadata#tablename0703764a/@Element",
        "odata.type": "tb914c4cd1614894eprim.tablename0703764a",
        "odata.id": "https://REDACTED/tablename0703764a(PartitionKey=\u0027partitionkey05544a\u0027,RowKey=\u0027rowkey4327204a2\u0027)",
        "odata.etag": "W/\u0022datetime\u00272023-04-14T20%3A22%3A29.714125Z\u0027\u0022",
        "odata.editLink": "tablename0703764a(PartitionKey=\u0027partitionkey05544a\u0027,RowKey=\u0027rowkey4327204a2\u0027)",
        "PartitionKey": "partitionkey05544a",
        "RowKey": "rowkey4327204a2",
        "Timestamp@odata.type": "Edm.DateTime",
        "Timestamp": "2023-04-14T20:22:29.714125Z",
        "Int32TypeProperty": 1337,
        "DateTypeProperty@odata.type": "Edm.DateTime",
        "DateTypeProperty": "2023-04-14T20:22:29.694Z",
        "BooleanTypeProperty": true,
        "OffsetDateTimeTypeProperty@odata.type": "Edm.DateTime",
        "OffsetDateTimeTypeProperty": "2023-04-14T20:22:29.6945509Z",
        "BinaryTypeProperty@odata.type": "Edm.Binary",
        "BinaryTypeProperty": "VGVzdCB2YWx1ZQ==",
        "Int64TypeProperty@odata.type": "Edm.Int64",
        "Int64TypeProperty": "1337",
        "StringTypeProperty": "This is table entity",
        "GuidTypeProperty@odata.type": "Edm.Guid",
        "GuidTypeProperty": "a9820e11-8085-4902-a7f2-791a5aeadcec",
        "DoubleTypeProperty": 2.0
      }
    },
    {
      "RequestUri": "https://REDACTED/Tables(\u0027tablename0703764a\u0027)",
      "RequestMethod": "DELETE",
      "RequestHeaders": {
        "Accept": "application/json",
        "Authorization": "Sanitized",
        "Content-Length": "0",
        "Date": "Fri, 14 Apr 2023 20:22:29 GMT",
        "User-Agent": "azsdk-java-azure-data-tables/12.4.0-beta.1 (17.0.6; Linux; 5.4.0-1105-azure)",
        "x-ms-client-request-id": "a1e50bbf-8388-4561-a029-535705ec7a43",
        "x-ms-version": "2020-12-06"
      },
      "RequestBody": null,
      "StatusCode": 204,
      "ResponseHeaders": {
        "Cache-Control": "no-cache",
        "Content-Length": "0",
        "Date": "Fri, 14 Apr 2023 20:22:29 GMT",
        "Server": [
          "Windows-Azure-Table/1.0",
          "Microsoft-HTTPAPI/2.0"
        ],
        "X-Content-Type-Options": "nosniff",
        "x-ms-client-request-id": "a1e50bbf-8388-4561-a029-535705ec7a43",
        "x-ms-request-id": "12705960-a002-0071-2f0e-6fac58000000",
        "x-ms-version": "2020-12-06"
      },
      "ResponseBody": null
    }
  ],
  "Variables": {
    "0": "tablename0703764a",
    "1": "partitionkey05544a",
    "2": "rowkey4327204a2"
  }
}
