{
  "Entries": [
    {
      "RequestUri": "https://REDACTED/Tables",
      "RequestMethod": "POST",
      "RequestHeaders": {
        "Accept": "application/json;odata=minimalmetadata",
        "Authorization": "Sanitized",
        "Content-Length": "33",
        "Content-Type": "application/json;odata=nometadata",
        "DataServiceVersion": "3.0",
        "Date": "Tue, 11 Apr 2023 21:16:47 GMT",
        "Prefer": "return-no-content",
        "User-Agent": "azsdk-java-azure-data-tables/12.4.0-beta.1 (17.0.6; Linux; 5.4.0-1105-azure)",
        "x-ms-client-request-id": "9fadec6b-e05f-41d9-ae8c-29de0595be5f",
        "x-ms-version": "2020-12-06"
      },
      "RequestBody": {
        "TableName": "tablename721065f2"
      },
      "StatusCode": 204,
      "ResponseHeaders": {
        "Cache-Control": "no-cache",
        "Content-Length": "0",
        "DataServiceId": "https://tb914c4cd1614894eprim.table.core.windows.net/Tables(\u0027tablename721065f2\u0027)",
        "Date": "Tue, 11 Apr 2023 21:16:46 GMT",
        "Location": "https://tb914c4cd1614894eprim.table.core.windows.net/Tables(\u0027tablename721065f2\u0027)",
        "Preference-Applied": "return-no-content",
        "Server": [
          "Windows-Azure-Table/1.0",
          "Microsoft-HTTPAPI/2.0"
        ],
        "X-Content-Type-Options": "nosniff",
        "x-ms-client-request-id": "9fadec6b-e05f-41d9-ae8c-29de0595be5f",
        "x-ms-request-id": "c105e44c-2002-0060-64ba-6c9b43000000",
        "x-ms-version": "2020-12-06"
      },
      "ResponseBody": null
    },
    {
      "RequestUri": "https://REDACTED/Tables",
      "RequestMethod": "POST",
      "RequestHeaders": {
        "Accept": "application/json;odata=minimalmetadata",
        "Content-Length": "33",
        "Content-Type": "application/json;odata=nometadata",
        "DataServiceVersion": "3.0",
        "Date": "Tue, 11 Apr 2023 21:16:47 GMT",
        "Prefer": "return-no-content",
        "User-Agent": "azsdk-java-azure-data-tables/12.4.0-beta.1 (17.0.6; Linux; 5.4.0-1105-azure)",
        "x-ms-client-request-id": "6dc8981b-c922-45f2-aa5b-3d1d6815d8f2",
        "x-ms-version": "2020-12-06"
      },
      "RequestBody": {
        "TableName": "tablename56698647"
      },
      "StatusCode": 401,
      "ResponseHeaders": {
        "Content-Length": "281",
        "Content-Type": "application/json",
        "Date": "Tue, 11 Apr 2023 21:16:46 GMT",
        "Server": [
          "Windows-Azure-Table/1.0",
          "Microsoft-HTTPAPI/2.0"
        ],
        "WWW-Authenticate": "Bearer authorization_uri=https://login.microsoftonline.com/72f988bf-86f1-41af-91ab-2d7cd011db47/oauth2/authorize resource_id=https://storage.azure.com",
        "x-ms-client-request-id": "6dc8981b-c922-45f2-aa5b-3d1d6815d8f2",
        "x-ms-error-code": "NoAuthenticationInformation",
        "x-ms-request-id": "c105e45b-2002-0060-70ba-6c9b43000000",
        "x-ms-version": "2020-12-06"
      },
      "ResponseBody": {
        "odata.error": {
          "code": "NoAuthenticationInformation",
          "message": {
            "lang": "en-US",
            "value": "Server failed to authenticate the request. Please refer to the information in the www-authenticate header.\nRequestId:c105e45b-2002-0060-70ba-6c9b43000000\nTime:2023-04-11T21:16:47.1253213Z"
          }
        }
      }
    },
    {
      "RequestUri": "https://REDACTED/Tables",
      "RequestMethod": "POST",
      "RequestHeaders": {
        "Accept": "application/json;odata=minimalmetadata",
        "Authorization": "Sanitized",
        "Content-Length": "33",
        "Content-Type": "application/json;odata=nometadata",
        "DataServiceVersion": "3.0",
        "Date": "Tue, 11 Apr 2023 21:16:47 GMT",
        "Prefer": "return-no-content",
        "User-Agent": "azsdk-java-azure-data-tables/12.4.0-beta.1 (17.0.6; Linux; 5.4.0-1105-azure)",
        "x-ms-client-request-id": "6dc8981b-c922-45f2-aa5b-3d1d6815d8f2",
        "x-ms-version": "2020-12-06"
      },
      "RequestBody": {
        "TableName": "tablename56698647"
      },
      "StatusCode": 204,
      "ResponseHeaders": {
        "Cache-Control": "no-cache",
        "Content-Length": "0",
        "DataServiceId": "https://tb914c4cd1614894eprim.table.core.windows.net/Tables(\u0027tablename56698647\u0027)",
        "Date": "Tue, 11 Apr 2023 21:16:46 GMT",
        "Location": "https://tb914c4cd1614894eprim.table.core.windows.net/Tables(\u0027tablename56698647\u0027)",
        "Preference-Applied": "return-no-content",
        "Server": [
          "Windows-Azure-Table/1.0",
          "Microsoft-HTTPAPI/2.0"
        ],
        "X-Content-Type-Options": "nosniff",
        "x-ms-client-request-id": "6dc8981b-c922-45f2-aa5b-3d1d6815d8f2",
        "x-ms-request-id": "c105e489-2002-0060-1aba-6c9b43000000",
        "x-ms-version": "2020-12-06"
      },
      "ResponseBody": null
    },
    {
      "RequestUri": "https://REDACTED/tablename56698647",
      "RequestMethod": "POST",
      "RequestHeaders": {
        "Accept": "application/json;odata=minimalmetadata",
        "Authorization": "Sanitized",
        "Content-Length": "64",
        "Content-Type": "application/json;odata=nometadata",
        "DataServiceVersion": "3.0",
        "Date": "Tue, 11 Apr 2023 21:16:47 GMT",
        "Prefer": "return-no-content",
        "User-Agent": "azsdk-java-azure-data-tables/12.4.0-beta.1 (17.0.6; Linux; 5.4.0-1105-azure)",
        "x-ms-client-request-id": "109b408b-6454-4c8a-a7f9-60c65f9f27f9",
        "x-ms-version": "2020-12-06"
      },
      "RequestBody": {
        "RowKey": "rowkey91279fa73",
        "PartitionKey": "partitionkey03355a"
      },
      "StatusCode": 204,
      "ResponseHeaders": {
        "Cache-Control": "no-cache",
        "Content-Length": "0",
        "DataServiceId": "https://tb914c4cd1614894eprim.table.core.windows.net/tablename56698647(PartitionKey=\u0027partitionkey03355a\u0027,RowKey=\u0027rowkey91279fa73\u0027)",
        "Date": "Tue, 11 Apr 2023 21:16:47 GMT",
        "ETag": "W/\u0022datetime\u00272023-04-11T21%3A16%3A47.4081586Z\u0027\u0022",
        "Location": "https://tb914c4cd1614894eprim.table.core.windows.net/tablename56698647(PartitionKey=\u0027partitionkey03355a\u0027,RowKey=\u0027rowkey91279fa73\u0027)",
        "Preference-Applied": "return-no-content",
        "Server": [
          "Windows-Azure-Table/1.0",
          "Microsoft-HTTPAPI/2.0"
        ],
        "X-Content-Type-Options": "nosniff",
        "x-ms-client-request-id": "109b408b-6454-4c8a-a7f9-60c65f9f27f9",
        "x-ms-request-id": "c105e4ad-2002-0060-3bba-6c9b43000000",
        "x-ms-version": "2020-12-06"
      },
      "ResponseBody": null
    },
    {
      "RequestUri": "https://REDACTED/Tables(\u0027tablename721065f2\u0027)",
      "RequestMethod": "DELETE",
      "RequestHeaders": {
        "Accept": "application/json",
        "Authorization": "Sanitized",
        "Content-Length": "0",
        "Date": "Tue, 11 Apr 2023 21:16:47 GMT",
        "User-Agent": "azsdk-java-azure-data-tables/12.4.0-beta.1 (17.0.6; Linux; 5.4.0-1105-azure)",
        "x-ms-client-request-id": "f6ceb207-ace6-4bbb-a9b3-7de8b887dcdc",
        "x-ms-version": "2020-12-06"
      },
      "RequestBody": null,
      "StatusCode": 204,
      "ResponseHeaders": {
        "Cache-Control": "no-cache",
        "Content-Length": "0",
        "Date": "Tue, 11 Apr 2023 21:16:47 GMT",
        "Server": [
          "Windows-Azure-Table/1.0",
          "Microsoft-HTTPAPI/2.0"
        ],
        "X-Content-Type-Options": "nosniff",
        "x-ms-client-request-id": "f6ceb207-ace6-4bbb-a9b3-7de8b887dcdc",
        "x-ms-request-id": "c105e4bb-2002-0060-48ba-6c9b43000000",
        "x-ms-version": "2020-12-06"
      },
      "ResponseBody": null
    }
  ],
  "Variables": {
    "0": "tablename721065f2",
    "1": "tablename56698647",
    "2": "288fa13b-35c0-425d-8b30-59a7ee0e0640",
    "3": "partitionkey03355a",
    "4": "rowkey91279fa73"
  }
}
