{
  "Entries": [
    {
      "RequestUri": "https://REDACTED/Tables",
      "RequestMethod": "POST",
      "RequestHeaders": {
        "Accept": "application/json;odata=minimalmetadata",
        "Authorization": "Sanitized",
        "Content-Length": "33",
        "Content-Type": "application/json;odata=nometadata",
        "DataServiceVersion": "3.0",
        "Date": "Fri, 14 Apr 2023 20:22:28 GMT",
        "Prefer": "return-no-content",
        "User-Agent": "azsdk-java-azure-data-tables/12.4.0-beta.1 (17.0.6; Linux; 5.4.0-1105-azure)",
        "x-ms-client-request-id": "72ed1d4b-9369-4326-b0c5-d81fe1c88378",
        "x-ms-version": "2020-12-06"
      },
      "RequestBody": {
        "TableName": "tablename8218902c"
      },
      "StatusCode": 204,
      "ResponseHeaders": {
        "Cache-Control": "no-cache",
        "Content-Length": "0",
        "DataServiceId": "https://REDACTED/Tables(\u0027tablename8218902c\u0027)",
        "Date": "Fri, 14 Apr 2023 20:22:28 GMT",
        "Location": "https://REDACTED/Tables(\u0027tablename8218902c\u0027)",
        "Preference-Applied": "return-no-content",
        "Server": [
          "Windows-Azure-Table/1.0",
          "Microsoft-HTTPAPI/2.0"
        ],
        "X-Content-Type-Options": "nosniff",
        "x-ms-client-request-id": "72ed1d4b-9369-4326-b0c5-d81fe1c88378",
        "x-ms-request-id": "127056fa-a002-0071-760e-6fac58000000",
        "x-ms-version": "2020-12-06"
      },
      "ResponseBody": null
    },
    {
      "RequestUri": "https://REDACTED/tablename8218902c",
      "RequestMethod": "POST",
      "RequestHeaders": {
        "Accept": "application/json;odata=minimalmetadata",
        "Authorization": "Sanitized",
        "Content-Length": "92",
        "Content-Type": "application/json;odata=nometadata",
        "DataServiceVersion": "3.0",
        "Date": "Fri, 14 Apr 2023 20:22:28 GMT",
        "Prefer": "return-no-content",
        "User-Agent": "azsdk-java-azure-data-tables/12.4.0-beta.1 (17.0.6; Linux; 5.4.0-1105-azure)",
        "x-ms-client-request-id": "fa997d02-4cee-4ce5-8126-1a08091cbbff",
        "x-ms-version": "2020-12-06"
      },
      "RequestBody": {
        "propertyA": "valueA",
        "RowKey": "rowkey67340896897145",
        "PartitionKey": "2633b46c4ddb4996b084"
      },
      "StatusCode": 204,
      "ResponseHeaders": {
        "Cache-Control": "no-cache",
        "Content-Length": "0",
        "DataServiceId": "https://REDACTED/tablename8218902c(PartitionKey=\u00272633b46c4ddb4996b084\u0027,RowKey=\u0027rowkey67340896897145\u0027)",
        "Date": "Fri, 14 Apr 2023 20:22:28 GMT",
        "ETag": "W/\u0022datetime\u00272023-04-14T20%3A22%3A28.6777387Z\u0027\u0022",
        "Location": "https://REDACTED/tablename8218902c(PartitionKey=\u00272633b46c4ddb4996b084\u0027,RowKey=\u0027rowkey67340896897145\u0027)",
        "Preference-Applied": "return-no-content",
        "Server": [
          "Windows-Azure-Table/1.0",
          "Microsoft-HTTPAPI/2.0"
        ],
        "X-Content-Type-Options": "nosniff",
        "x-ms-client-request-id": "fa997d02-4cee-4ce5-8126-1a08091cbbff",
        "x-ms-request-id": "12705719-a002-0071-110e-6fac58000000",
        "x-ms-version": "2020-12-06"
      },
      "ResponseBody": null
    },
    {
      "RequestUri": "https://REDACTED/tablename8218902c(PartitionKey=\u00272633b46c4ddb4996b084\u0027,RowKey=\u0027rowkey67340896897145\u0027)?REDACTED",
      "RequestMethod": "GET",
      "RequestHeaders": {
        "Accept": "application/json;odata=minimalmetadata",
        "Authorization": "Sanitized",
        "Content-Length": "0",
        "DataServiceVersion": "3.0",
        "Date": "Fri, 14 Apr 2023 20:22:28 GMT",
        "User-Agent": "azsdk-java-azure-data-tables/12.4.0-beta.1 (17.0.6; Linux; 5.4.0-1105-azure)",
        "x-ms-client-request-id": "e40b1f6f-c48f-4b9f-96ea-efbff4a5c3df",
        "x-ms-version": "2020-12-06"
      },
      "RequestBody": null,
      "StatusCode": 200,
      "ResponseHeaders": {
        "Access-Control-Allow-Origin": "*",
        "Access-Control-Expose-Headers": "x-ms-client-request-id",
        "Cache-Control": "no-cache",
        "Content-Type": "application/json; odata=fullmetadata; streaming=true; charset=utf-8",
        "Date": "Fri, 14 Apr 2023 20:22:28 GMT",
        "ETag": "W/\u0022datetime\u00272023-04-14T20%3A22%3A28.6777387Z\u0027\u0022",
        "Server": [
          "Windows-Azure-Table/1.0",
          "Microsoft-HTTPAPI/2.0"
        ],
        "Transfer-Encoding": "chunked",
        "X-Content-Type-Options": "nosniff",
        "x-ms-client-request-id": "e40b1f6f-c48f-4b9f-96ea-efbff4a5c3df",
        "x-ms-request-id": "12705723-a002-0071-1a0e-6fac58000000",
        "x-ms-version": "2020-12-06"
      },
      "ResponseBody": {
        "odata.metadata": "https://REDACTED/$metadata#tablename8218902c/@Element",
        "odata.type": "tb914c4cd1614894eprim.tablename8218902c",
        "odata.id": "https://REDACTED/tablename8218902c(PartitionKey=\u00272633b46c4ddb4996b084\u0027,RowKey=\u0027rowkey67340896897145\u0027)",
        "odata.etag": "W/\u0022datetime\u00272023-04-14T20%3A22%3A28.6777387Z\u0027\u0022",
        "odata.editLink": "tablename8218902c(PartitionKey=\u00272633b46c4ddb4996b084\u0027,RowKey=\u0027rowkey67340896897145\u0027)",
        "PartitionKey": "2633b46c4ddb4996b084",
        "RowKey": "rowkey67340896897145",
        "Timestamp@odata.type": "Edm.DateTime",
        "Timestamp": "2023-04-14T20:22:28.6777387Z",
        "propertyA": "valueA"
      }
    },
    {
      "RequestUri": "https://REDACTED/tablename8218902c(PartitionKey=\u00272633b46c4ddb4996b084\u0027,RowKey=\u0027rowkey67340896897145\u0027)",
      "RequestMethod": "PATCH",
      "RequestHeaders": {
        "Accept": "application/json",
        "Authorization": "Sanitized",
        "Content-Length": "513",
        "Content-Type": "application/json",
        "DataServiceVersion": "3.0",
        "Date": "Fri, 14 Apr 2023 20:22:28 GMT",
        "If-Match": "W/\u0022datetime\u00272023-04-14T20%3A22%3A28.6777387Z\u0027\u0022",
        "User-Agent": "azsdk-java-azure-data-tables/12.4.0-beta.1 (17.0.6; Linux; 5.4.0-1105-azure)",
        "x-ms-client-request-id": "51f1ae24-32d4-4dd7-bf3c-0a6c9bc3278b",
        "x-ms-version": "2020-12-06"
      },
      "RequestBody": {
        "propertyB": "valueB",
        "odata.type": "tb914c4cd1614894eprim.tablename8218902c",
        "RowKey": "rowkey67340896897145",
        "odata.id": "https://REDACTED/tablename8218902c(PartitionKey=\u00272633b46c4ddb4996b084\u0027,RowKey=\u0027rowkey67340896897145\u0027)",
        "PartitionKey": "2633b46c4ddb4996b084",
        "odata.editLink": "tablename8218902c(PartitionKey=\u00272633b46c4ddb4996b084\u0027,RowKey=\u0027rowkey67340896897145\u0027)",
        "odata.etag": "W/\u0022datetime\u00272023-04-14T20%3A22%3A28.6777387Z\u0027\u0022",
        "Timestamp": "2023-04-14T20:22:28.677738700Z",
        "Timestamp@odata.type": "Edm.DateTime"
      },
      "StatusCode": 204,
      "ResponseHeaders": {
        "Cache-Control": "no-cache",
        "Content-Length": "0",
        "Date": "Fri, 14 Apr 2023 20:22:28 GMT",
        "ETag": "W/\u0022datetime\u00272023-04-14T20%3A22%3A28.727823Z\u0027\u0022",
        "Server": [
          "Windows-Azure-Table/1.0",
          "Microsoft-HTTPAPI/2.0"
        ],
        "X-Content-Type-Options": "nosniff",
        "x-ms-client-request-id": "51f1ae24-32d4-4dd7-bf3c-0a6c9bc3278b",
        "x-ms-request-id": "12705738-a002-0071-2d0e-6fac58000000",
        "x-ms-version": "2020-12-06"
      },
      "ResponseBody": null
    },
    {
      "RequestUri": "https://REDACTED/tablename8218902c(PartitionKey=\u00272633b46c4ddb4996b084\u0027,RowKey=\u0027rowkey67340896897145\u0027)?REDACTED",
      "RequestMethod": "GET",
      "RequestHeaders": {
        "Accept": "application/json;odata=minimalmetadata",
        "Authorization": "Sanitized",
        "Content-Length": "0",
        "DataServiceVersion": "3.0",
        "Date": "Fri, 14 Apr 2023 20:22:28 GMT",
        "User-Agent": "azsdk-java-azure-data-tables/12.4.0-beta.1 (17.0.6; Linux; 5.4.0-1105-azure)",
        "x-ms-client-request-id": "5a6427ad-e859-46e9-be3e-df660c249547",
        "x-ms-version": "2020-12-06"
      },
      "RequestBody": null,
      "StatusCode": 200,
      "ResponseHeaders": {
        "Access-Control-Allow-Origin": "*",
        "Access-Control-Expose-Headers": "x-ms-client-request-id",
        "Cache-Control": "no-cache",
        "Content-Type": "application/json; odata=fullmetadata; streaming=true; charset=utf-8",
        "Date": "Fri, 14 Apr 2023 20:22:28 GMT",
        "ETag": "W/\u0022datetime\u00272023-04-14T20%3A22%3A28.727823Z\u0027\u0022",
        "Server": [
          "Windows-Azure-Table/1.0",
          "Microsoft-HTTPAPI/2.0"
        ],
        "Transfer-Encoding": "chunked",
        "X-Content-Type-Options": "nosniff",
        "x-ms-client-request-id": "5a6427ad-e859-46e9-be3e-df660c249547",
        "x-ms-request-id": "1270574c-a002-0071-3c0e-6fac58000000",
        "x-ms-version": "2020-12-06"
      },
      "ResponseBody": {
        "odata.metadata": "https://REDACTED/$metadata#tablename8218902c/@Element",
        "odata.type": "tb914c4cd1614894eprim.tablename8218902c",
        "odata.id": "https://REDACTED/tablename8218902c(PartitionKey=\u00272633b46c4ddb4996b084\u0027,RowKey=\u0027rowkey67340896897145\u0027)",
        "odata.etag": "W/\u0022datetime\u00272023-04-14T20%3A22%3A28.727823Z\u0027\u0022",
        "odata.editLink": "tablename8218902c(PartitionKey=\u00272633b46c4ddb4996b084\u0027,RowKey=\u0027rowkey67340896897145\u0027)",
        "PartitionKey": "2633b46c4ddb4996b084",
        "RowKey": "rowkey67340896897145",
        "Timestamp@odata.type": "Edm.DateTime",
        "Timestamp": "2023-04-14T20:22:28.727823Z",
        "propertyA": "valueA",
        "propertyB": "valueB"
      }
    },
    {
      "RequestUri": "https://REDACTED/Tables(\u0027tablename8218902c\u0027)",
      "RequestMethod": "DELETE",
      "RequestHeaders": {
        "Accept": "application/json",
        "Authorization": "Sanitized",
        "Content-Length": "0",
        "Date": "Fri, 14 Apr 2023 20:22:28 GMT",
        "User-Agent": "azsdk-java-azure-data-tables/12.4.0-beta.1 (17.0.6; Linux; 5.4.0-1105-azure)",
        "x-ms-client-request-id": "f07924cb-57c5-4705-a1a5-e4b19b1c3ea6",
        "x-ms-version": "2020-12-06"
      },
      "RequestBody": null,
      "StatusCode": 204,
      "ResponseHeaders": {
        "Cache-Control": "no-cache",
        "Content-Length": "0",
        "Date": "Fri, 14 Apr 2023 20:22:28 GMT",
        "Server": [
          "Windows-Azure-Table/1.0",
          "Microsoft-HTTPAPI/2.0"
        ],
        "X-Content-Type-Options": "nosniff",
        "x-ms-client-request-id": "f07924cb-57c5-4705-a1a5-e4b19b1c3ea6",
        "x-ms-request-id": "1270575f-a002-0071-4e0e-6fac58000000",
        "x-ms-version": "2020-12-06"
      },
      "ResponseBody": null
    }
  ],
  "Variables": {
    "0": "tablename8218902c",
    "1": "partition\u0027key609184",
    "2": "rowkey673408968",
    "3": "2633b46c4ddb4996b084",
    "4": "rowkey67340896897145"
  }
}
