{
  "Entries": [
    {
      "RequestUri": "https://REDACTED/Tables",
      "RequestMethod": "POST",
      "RequestHeaders": {
        "Accept": "application/json;odata=minimalmetadata",
        "Authorization": "Sanitized",
        "Content-Length": "33",
        "Content-Type": "application/json;odata=nometadata",
        "DataServiceVersion": "3.0",
        "Date": "Wed, 17 May 2023 23:17:12 GMT",
        "Prefer": "return-no-content",
        "User-Agent": "azsdk-java-azure-data-tables/12.4.0-beta.1 (17.0.7; Linux; 5.4.0-1106-azure)",
        "x-ms-client-request-id": "ee20cbb7-937a-4679-9f08-1c878ac2b9ab",
        "x-ms-version": "2020-12-06"
      },
      "RequestBody": {
        "TableName": "tablename5909997f"
      },
      "StatusCode": 204,
      "ResponseHeaders": {
        "Cache-Control": "no-cache",
        "Content-Length": "0",
        "DataServiceId": "https://REDACTED/Tables(\u0027tablename5909997f\u0027)",
        "Date": "Wed, 17 May 2023 23:17:12 GMT",
        "Location": "https://REDACTED/Tables(\u0027tablename5909997f\u0027)",
        "Preference-Applied": "return-no-content",
        "Server": [
          "Windows-Azure-Table/1.0",
          "Microsoft-HTTPAPI/2.0"
        ],
        "X-Content-Type-Options": "nosniff",
        "x-ms-client-request-id": "ee20cbb7-937a-4679-9f08-1c878ac2b9ab",
        "x-ms-request-id": "4bf7a4af-5002-0025-6415-89c6c6000000",
        "x-ms-version": "2020-12-06"
      },
      "ResponseBody": null
    },
    {
      "RequestUri": "https://REDACTED/tablename5909997f",
      "RequestMethod": "POST",
      "RequestHeaders": {
        "Accept": "application/json;odata=minimalmetadata",
        "Authorization": "Sanitized",
        "Content-Length": "31",
        "Content-Type": "application/json;odata=nometadata",
        "DataServiceVersion": "3.0",
        "Date": "Wed, 17 May 2023 23:17:12 GMT",
        "Prefer": "return-no-content",
        "User-Agent": "azsdk-java-azure-data-tables/12.4.0-beta.1 (17.0.7; Linux; 5.4.0-1106-azure)",
        "x-ms-client-request-id": "f96a4db9-c203-4f11-b231-c17ff17fad16",
        "x-ms-version": "2020-12-06"
      },
      "RequestBody": {
        "RowKey": "",
        "PartitionKey": ""
      },
      "StatusCode": 204,
      "ResponseHeaders": {
        "Cache-Control": "no-cache",
        "Content-Length": "0",
        "DataServiceId": "https://REDACTED/tablename5909997f(PartitionKey=\u0027\u0027,RowKey=\u0027\u0027)",
        "Date": "Wed, 17 May 2023 23:17:12 GMT",
        "ETag": "W/\u0022datetime\u00272023-05-17T23%3A17%3A12.5279586Z\u0027\u0022",
        "Location": "https://REDACTED/tablename5909997f(PartitionKey=\u0027\u0027,RowKey=\u0027\u0027)",
        "Preference-Applied": "return-no-content",
        "Server": [
          "Windows-Azure-Table/1.0",
          "Microsoft-HTTPAPI/2.0"
        ],
        "X-Content-Type-Options": "nosniff",
        "x-ms-client-request-id": "f96a4db9-c203-4f11-b231-c17ff17fad16",
        "x-ms-request-id": "4bf7a4b6-5002-0025-6915-89c6c6000000",
        "x-ms-version": "2020-12-06"
      },
      "ResponseBody": null
    },
    {
      "RequestUri": "https://REDACTED/Tables(\u0027tablename5909997f\u0027)",
      "RequestMethod": "DELETE",
      "RequestHeaders": {
        "Accept": "application/json",
        "Authorization": "Sanitized",
        "Content-Length": "0",
        "Date": "Wed, 17 May 2023 23:17:12 GMT",
        "User-Agent": "azsdk-java-azure-data-tables/12.4.0-beta.1 (17.0.7; Linux; 5.4.0-1106-azure)",
        "x-ms-client-request-id": "4c2a3bc1-350a-457c-a284-3e1406c94664",
        "x-ms-version": "2020-12-06"
      },
      "RequestBody": null,
      "StatusCode": 204,
      "ResponseHeaders": {
        "Cache-Control": "no-cache",
        "Content-Length": "0",
        "Date": "Wed, 17 May 2023 23:17:12 GMT",
        "Server": [
          "Windows-Azure-Table/1.0",
          "Microsoft-HTTPAPI/2.0"
        ],
        "X-Content-Type-Options": "nosniff",
        "x-ms-client-request-id": "4c2a3bc1-350a-457c-a284-3e1406c94664",
        "x-ms-request-id": "4bf7a4b9-5002-0025-6b15-89c6c6000000",
        "x-ms-version": "2020-12-06"
      },
      "ResponseBody": null
    }
  ],
  "Variables": {
    "0": "tablename5909997f"
  }
}
