{
  "Entries": [
    {
      "RequestUri": "https://REDACTED/Tables",
      "RequestMethod": "POST",
      "RequestHeaders": {
        "Accept": "application/json;odata=minimalmetadata",
        "Authorization": "Sanitized",
        "Content-Length": "33",
        "Content-Type": "application/json;odata=nometadata",
        "DataServiceVersion": "3.0",
        "Date": "Tue, 11 Apr 2023 21:16:43 GMT",
        "Prefer": "return-no-content",
        "User-Agent": "azsdk-java-azure-data-tables/12.4.0-beta.1 (17.0.6; Linux; 5.4.0-1105-azure)",
        "x-ms-client-request-id": "131f584e-a37f-4ee1-8fde-4cca853adcbf",
        "x-ms-version": "2020-12-06"
      },
      "RequestBody": {
        "TableName": "tablename33458d80"
      },
      "StatusCode": 204,
      "ResponseHeaders": {
        "Cache-Control": "no-cache",
        "Content-Length": "0",
        "DataServiceId": "https://tb914c4cd1614894eprim.table.core.windows.net/Tables(\u0027tablename33458d80\u0027)",
        "Date": "Tue, 11 Apr 2023 21:16:43 GMT",
        "Location": "https://tb914c4cd1614894eprim.table.core.windows.net/Tables(\u0027tablename33458d80\u0027)",
        "Preference-Applied": "return-no-content",
        "Server": [
          "Windows-Azure-Table/1.0",
          "Microsoft-HTTPAPI/2.0"
        ],
        "X-Content-Type-Options": "nosniff",
        "x-ms-client-request-id": "131f584e-a37f-4ee1-8fde-4cca853adcbf",
        "x-ms-request-id": "c105df18-2002-0060-1eba-6c9b43000000",
        "x-ms-version": "2020-12-06"
      },
      "ResponseBody": null
    },
    {
      "RequestUri": "https://REDACTED/tablename33458d80",
      "RequestMethod": "POST",
      "RequestHeaders": {
        "Accept": "application/json;odata=minimalmetadata",
        "Authorization": "Sanitized",
        "Content-Length": "65",
        "Content-Type": "application/json;odata=nometadata",
        "DataServiceVersion": "3.0",
        "Date": "Tue, 11 Apr 2023 21:16:43 GMT",
        "Prefer": "return-no-content",
        "User-Agent": "azsdk-java-azure-data-tables/12.4.0-beta.1 (17.0.6; Linux; 5.4.0-1105-azure)",
        "x-ms-client-request-id": "6dc225c0-4f80-42cc-98ea-b19d7000a16c",
        "x-ms-version": "2020-12-06"
      },
      "RequestBody": {
        "RowKey": "rowkey480197436",
        "PartitionKey": "partition\u0027key21452a"
      },
      "StatusCode": 204,
      "ResponseHeaders": {
        "Cache-Control": "no-cache",
        "Content-Length": "0",
        "DataServiceId": "https://tb914c4cd1614894eprim.table.core.windows.net/tablename33458d80(PartitionKey=\u0027partition\u0027\u0027key21452a\u0027,RowKey=\u0027rowkey480197436\u0027)",
        "Date": "Tue, 11 Apr 2023 21:16:43 GMT",
        "ETag": "W/\u0022datetime\u00272023-04-11T21%3A16%3A43.8182252Z\u0027\u0022",
        "Location": "https://tb914c4cd1614894eprim.table.core.windows.net/tablename33458d80(PartitionKey=\u0027partition\u0027\u0027key21452a\u0027,RowKey=\u0027rowkey480197436\u0027)",
        "Preference-Applied": "return-no-content",
        "Server": [
          "Windows-Azure-Table/1.0",
          "Microsoft-HTTPAPI/2.0"
        ],
        "X-Content-Type-Options": "nosniff",
        "x-ms-client-request-id": "6dc225c0-4f80-42cc-98ea-b19d7000a16c",
        "x-ms-request-id": "c105df27-2002-0060-2aba-6c9b43000000",
        "x-ms-version": "2020-12-06"
      },
      "ResponseBody": null
    },
    {
      "RequestUri": "https://REDACTED/tablename33458d80",
      "RequestMethod": "POST",
      "RequestHeaders": {
        "Accept": "application/json;odata=minimalmetadata",
        "Authorization": "Sanitized",
        "Content-Length": "65",
        "Content-Type": "application/json;odata=nometadata",
        "DataServiceVersion": "3.0",
        "Date": "Tue, 11 Apr 2023 21:16:43 GMT",
        "Prefer": "return-no-content",
        "User-Agent": "azsdk-java-azure-data-tables/12.4.0-beta.1 (17.0.6; Linux; 5.4.0-1105-azure)",
        "x-ms-client-request-id": "cda139fe-5aac-41bb-96b2-9358d501cbe4",
        "x-ms-version": "2020-12-06"
      },
      "RequestBody": {
        "RowKey": "rowkey538824ead",
        "PartitionKey": "partition\u0027key21452a"
      },
      "StatusCode": 204,
      "ResponseHeaders": {
        "Cache-Control": "no-cache",
        "Content-Length": "0",
        "DataServiceId": "https://tb914c4cd1614894eprim.table.core.windows.net/tablename33458d80(PartitionKey=\u0027partition\u0027\u0027key21452a\u0027,RowKey=\u0027rowkey538824ead\u0027)",
        "Date": "Tue, 11 Apr 2023 21:16:43 GMT",
        "ETag": "W/\u0022datetime\u00272023-04-11T21%3A16%3A43.8462094Z\u0027\u0022",
        "Location": "https://tb914c4cd1614894eprim.table.core.windows.net/tablename33458d80(PartitionKey=\u0027partition\u0027\u0027key21452a\u0027,RowKey=\u0027rowkey538824ead\u0027)",
        "Preference-Applied": "return-no-content",
        "Server": [
          "Windows-Azure-Table/1.0",
          "Microsoft-HTTPAPI/2.0"
        ],
        "X-Content-Type-Options": "nosniff",
        "x-ms-client-request-id": "cda139fe-5aac-41bb-96b2-9358d501cbe4",
        "x-ms-request-id": "c105df34-2002-0060-37ba-6c9b43000000",
        "x-ms-version": "2020-12-06"
      },
      "ResponseBody": null
    },
    {
      "RequestUri": "https://REDACTED/tablename33458d80()?REDACTED",
      "RequestMethod": "GET",
      "RequestHeaders": {
        "Accept": "application/json;odata=minimalmetadata",
        "Authorization": "Sanitized",
        "Content-Length": "0",
        "DataServiceVersion": "3.0",
        "Date": "Tue, 11 Apr 2023 21:16:43 GMT",
        "User-Agent": "azsdk-java-azure-data-tables/12.4.0-beta.1 (17.0.6; Linux; 5.4.0-1105-azure)",
        "x-ms-client-request-id": "cae3e3be-c396-4ff7-85e9-514402800b35",
        "x-ms-version": "2020-12-06"
      },
      "RequestBody": null,
      "StatusCode": 200,
      "ResponseHeaders": {
        "Access-Control-Allow-Origin": "*",
        "Access-Control-Expose-Headers": "x-ms-client-request-id",
        "Cache-Control": "no-cache",
        "Content-Type": "application/json; odata=fullmetadata; streaming=true; charset=utf-8",
        "Date": "Tue, 11 Apr 2023 21:16:43 GMT",
        "Server": [
          "Windows-Azure-Table/1.0",
          "Microsoft-HTTPAPI/2.0"
        ],
        "Transfer-Encoding": "chunked",
        "X-Content-Type-Options": "nosniff",
        "x-ms-client-request-id": "cae3e3be-c396-4ff7-85e9-514402800b35",
        "x-ms-request-id": "c105df3e-2002-0060-41ba-6c9b43000000",
        "x-ms-version": "2020-12-06"
      },
      "ResponseBody": {
        "odata.metadata": "https://tb914c4cd1614894eprim.table.core.windows.net/$metadata#tablename33458d80",
        "value": [
          {
            "odata.type": "tb914c4cd1614894eprim.tablename33458d80",
            "odata.id": "https://tb914c4cd1614894eprim.table.core.windows.net/tablename33458d80(PartitionKey=\u0027partition\u0027\u0027key21452a\u0027,RowKey=\u0027rowkey480197436\u0027)",
            "odata.etag": "W/\u0022datetime\u00272023-04-11T21%3A16%3A43.8182252Z\u0027\u0022",
            "odata.editLink": "tablename33458d80(PartitionKey=\u0027partition\u0027\u0027key21452a\u0027,RowKey=\u0027rowkey480197436\u0027)",
            "PartitionKey": "partition\u0027key21452a",
            "RowKey": "rowkey480197436",
            "Timestamp@odata.type": "Edm.DateTime",
            "Timestamp": "2023-04-11T21:16:43.8182252Z"
          },
          {
            "odata.type": "tb914c4cd1614894eprim.tablename33458d80",
            "odata.id": "https://tb914c4cd1614894eprim.table.core.windows.net/tablename33458d80(PartitionKey=\u0027partition\u0027\u0027key21452a\u0027,RowKey=\u0027rowkey538824ead\u0027)",
            "odata.etag": "W/\u0022datetime\u00272023-04-11T21%3A16%3A43.8462094Z\u0027\u0022",
            "odata.editLink": "tablename33458d80(PartitionKey=\u0027partition\u0027\u0027key21452a\u0027,RowKey=\u0027rowkey538824ead\u0027)",
            "PartitionKey": "partition\u0027key21452a",
            "RowKey": "rowkey538824ead",
            "Timestamp@odata.type": "Edm.DateTime",
            "Timestamp": "2023-04-11T21:16:43.8462094Z"
          }
        ]
      }
    },
    {
      "RequestUri": "https://REDACTED/Tables(\u0027tablename33458d80\u0027)",
      "RequestMethod": "DELETE",
      "RequestHeaders": {
        "Accept": "application/json",
        "Authorization": "Sanitized",
        "Content-Length": "0",
        "Date": "Tue, 11 Apr 2023 21:16:43 GMT",
        "User-Agent": "azsdk-java-azure-data-tables/12.4.0-beta.1 (17.0.6; Linux; 5.4.0-1105-azure)",
        "x-ms-client-request-id": "ea53f7cf-cbc5-4cd1-a1ca-415a44cbcf8a",
        "x-ms-version": "2020-12-06"
      },
      "RequestBody": null,
      "StatusCode": 204,
      "ResponseHeaders": {
        "Cache-Control": "no-cache",
        "Content-Length": "0",
        "Date": "Tue, 11 Apr 2023 21:16:43 GMT",
        "Server": [
          "Windows-Azure-Table/1.0",
          "Microsoft-HTTPAPI/2.0"
        ],
        "X-Content-Type-Options": "nosniff",
        "x-ms-client-request-id": "ea53f7cf-cbc5-4cd1-a1ca-415a44cbcf8a",
        "x-ms-request-id": "c105df4a-2002-0060-4dba-6c9b43000000",
        "x-ms-version": "2020-12-06"
      },
      "ResponseBody": null
    }
  ],
  "Variables": {
    "0": "tablename33458d80",
    "1": "partition\u0027key21452a",
    "2": "rowkey480197436",
    "3": "rowkey538824ead"
  }
}
