{
  "Entries": [
    {
      "RequestUri": "https://REDACTED/Tables",
      "RequestMethod": "POST",
      "RequestHeaders": {
        "Accept": "application/json;odata=minimalmetadata",
        "Authorization": "Sanitized",
        "Content-Length": "33",
        "Content-Type": "application/json;odata=nometadata",
        "DataServiceVersion": "3.0",
        "Date": "Tue, 11 Apr 2023 21:16:35 GMT",
        "Prefer": "return-no-content",
        "User-Agent": "azsdk-java-azure-data-tables/12.4.0-beta.1 (17.0.6; Linux; 5.4.0-1105-azure)",
        "x-ms-client-request-id": "6dde9e39-6e0e-4fec-a1f7-8af4d06e93d4",
        "x-ms-version": "2020-12-06"
      },
      "RequestBody": {
        "TableName": "tablename90339737"
      },
      "StatusCode": 204,
      "ResponseHeaders": {
        "Cache-Control": "no-cache",
        "Content-Length": "0",
        "DataServiceId": "https://tb914c4cd1614894eprim.table.core.windows.net/Tables(\u0027tablename90339737\u0027)",
        "Date": "Tue, 11 Apr 2023 21:16:34 GMT",
        "Location": "https://tb914c4cd1614894eprim.table.core.windows.net/Tables(\u0027tablename90339737\u0027)",
        "Preference-Applied": "return-no-content",
        "Server": [
          "Windows-Azure-Table/1.0",
          "Microsoft-HTTPAPI/2.0"
        ],
        "X-Content-Type-Options": "nosniff",
        "x-ms-client-request-id": "6dde9e39-6e0e-4fec-a1f7-8af4d06e93d4",
        "x-ms-request-id": "a732f0c2-9002-0036-51ba-6c7333000000",
        "x-ms-version": "2020-12-06"
      },
      "ResponseBody": null
    },
    {
      "RequestUri": "https://REDACTED/tablename90339737",
      "RequestMethod": "POST",
      "RequestHeaders": {
        "Accept": "application/json;odata=minimalmetadata",
        "Authorization": "Sanitized",
        "Content-Length": "85",
        "Content-Type": "application/json;odata=nometadata",
        "DataServiceVersion": "3.0",
        "Date": "Tue, 11 Apr 2023 21:16:35 GMT",
        "Prefer": "return-no-content",
        "User-Agent": "azsdk-java-azure-data-tables/12.4.0-beta.1 (17.0.6; Linux; 5.4.0-1105-azure)",
        "x-ms-client-request-id": "ac8d4253-8871-4d1e-84e1-752c8b11a5eb",
        "x-ms-version": "2020-12-06"
      },
      "RequestBody": {
        "propertyA": "valueA",
        "RowKey": "rowkey703583087",
        "PartitionKey": "partitionkey79279a"
      },
      "StatusCode": 204,
      "ResponseHeaders": {
        "Cache-Control": "no-cache",
        "Content-Length": "0",
        "DataServiceId": "https://tb914c4cd1614894eprim.table.core.windows.net/tablename90339737(PartitionKey=\u0027partitionkey79279a\u0027,RowKey=\u0027rowkey703583087\u0027)",
        "Date": "Tue, 11 Apr 2023 21:16:34 GMT",
        "ETag": "W/\u0022datetime\u00272023-04-11T21%3A16%3A35.2438596Z\u0027\u0022",
        "Location": "https://tb914c4cd1614894eprim.table.core.windows.net/tablename90339737(PartitionKey=\u0027partitionkey79279a\u0027,RowKey=\u0027rowkey703583087\u0027)",
        "Preference-Applied": "return-no-content",
        "Server": [
          "Windows-Azure-Table/1.0",
          "Microsoft-HTTPAPI/2.0"
        ],
        "X-Content-Type-Options": "nosniff",
        "x-ms-client-request-id": "ac8d4253-8871-4d1e-84e1-752c8b11a5eb",
        "x-ms-request-id": "a732f0d2-9002-0036-60ba-6c7333000000",
        "x-ms-version": "2020-12-06"
      },
      "ResponseBody": null
    },
    {
      "RequestUri": "https://REDACTED/tablename90339737(PartitionKey=\u0027partitionkey79279a\u0027,RowKey=\u0027rowkey703583087\u0027)?REDACTED",
      "RequestMethod": "GET",
      "RequestHeaders": {
        "Accept": "application/json;odata=minimalmetadata",
        "Authorization": "Sanitized",
        "Content-Length": "0",
        "DataServiceVersion": "3.0",
        "Date": "Tue, 11 Apr 2023 21:16:35 GMT",
        "User-Agent": "azsdk-java-azure-data-tables/12.4.0-beta.1 (17.0.6; Linux; 5.4.0-1105-azure)",
        "x-ms-client-request-id": "786b6c20-afdc-4b64-98a7-3d85386073e9",
        "x-ms-version": "2020-12-06"
      },
      "RequestBody": null,
      "StatusCode": 200,
      "ResponseHeaders": {
        "Access-Control-Allow-Origin": "*",
        "Access-Control-Expose-Headers": "x-ms-client-request-id",
        "Cache-Control": "no-cache",
        "Content-Type": "application/json; odata=fullmetadata; streaming=true; charset=utf-8",
        "Date": "Tue, 11 Apr 2023 21:16:34 GMT",
        "ETag": "W/\u0022datetime\u00272023-04-11T21%3A16%3A35.2438596Z\u0027\u0022",
        "Server": [
          "Windows-Azure-Table/1.0",
          "Microsoft-HTTPAPI/2.0"
        ],
        "Transfer-Encoding": "chunked",
        "X-Content-Type-Options": "nosniff",
        "x-ms-client-request-id": "786b6c20-afdc-4b64-98a7-3d85386073e9",
        "x-ms-request-id": "a732f0ea-9002-0036-75ba-6c7333000000",
        "x-ms-version": "2020-12-06"
      },
      "ResponseBody": {
        "odata.metadata": "https://tb914c4cd1614894eprim.table.core.windows.net/$metadata#tablename90339737/@Element",
        "odata.type": "tb914c4cd1614894eprim.tablename90339737",
        "odata.id": "https://tb914c4cd1614894eprim.table.core.windows.net/tablename90339737(PartitionKey=\u0027partitionkey79279a\u0027,RowKey=\u0027rowkey703583087\u0027)",
        "odata.etag": "W/\u0022datetime\u00272023-04-11T21%3A16%3A35.2438596Z\u0027\u0022",
        "odata.editLink": "tablename90339737(PartitionKey=\u0027partitionkey79279a\u0027,RowKey=\u0027rowkey703583087\u0027)",
        "PartitionKey": "partitionkey79279a",
        "RowKey": "rowkey703583087",
        "Timestamp@odata.type": "Edm.DateTime",
        "Timestamp": "2023-04-11T21:16:35.2438596Z",
        "propertyA": "valueA"
      }
    },
    {
      "RequestUri": "https://REDACTED/tablename90339737(PartitionKey=\u0027partitionkey79279a\u0027,RowKey=\u0027rowkey703583087\u0027)",
      "RequestMethod": "PUT",
      "RequestHeaders": {
        "Accept": "application/json",
        "Authorization": "Sanitized",
        "Content-Length": "528",
        "Content-Type": "application/json",
        "DataServiceVersion": "3.0",
        "Date": "Tue, 11 Apr 2023 21:16:35 GMT",
        "If-Match": "W/\u0022datetime\u00272023-04-11T21%3A16%3A35.2438596Z\u0027\u0022",
        "User-Agent": "azsdk-java-azure-data-tables/12.4.0-beta.1 (17.0.6; Linux; 5.4.0-1105-azure)",
        "x-ms-client-request-id": "19e14c30-b491-41cf-9018-ed514aec106a",
        "x-ms-version": "2020-12-06"
      },
      "RequestBody": {
        "propertyB": "valueB",
        "odata.type": "tb914c4cd1614894eprim.tablename90339737",
        "RowKey": "rowkey703583087",
        "odata.id": "https://tb914c4cd1614894eprim.table.core.windows.net/tablename90339737(PartitionKey=\u0027partitionkey79279a\u0027,RowKey=\u0027rowkey703583087\u0027)",
        "PartitionKey": "partitionkey79279a",
        "odata.editLink": "tablename90339737(PartitionKey=\u0027partitionkey79279a\u0027,RowKey=\u0027rowkey703583087\u0027)",
        "odata.etag": "W/\u0022datetime\u00272023-04-11T21%3A16%3A35.2438596Z\u0027\u0022",
        "Timestamp": "2023-04-11T21:16:35.243859600Z",
        "Timestamp@odata.type": "Edm.DateTime"
      },
      "StatusCode": 204,
      "ResponseHeaders": {
        "Cache-Control": "no-cache",
        "Content-Length": "0",
        "Date": "Tue, 11 Apr 2023 21:16:34 GMT",
        "ETag": "W/\u0022datetime\u00272023-04-11T21%3A16%3A35.3073152Z\u0027\u0022",
        "Server": [
          "Windows-Azure-Table/1.0",
          "Microsoft-HTTPAPI/2.0"
        ],
        "X-Content-Type-Options": "nosniff",
        "x-ms-client-request-id": "19e14c30-b491-41cf-9018-ed514aec106a",
        "x-ms-request-id": "a732f0fa-9002-0036-04ba-6c7333000000",
        "x-ms-version": "2020-12-06"
      },
      "ResponseBody": null
    },
    {
      "RequestUri": "https://REDACTED/tablename90339737(PartitionKey=\u0027partitionkey79279a\u0027,RowKey=\u0027rowkey703583087\u0027)?REDACTED",
      "RequestMethod": "GET",
      "RequestHeaders": {
        "Accept": "application/json;odata=minimalmetadata",
        "Authorization": "Sanitized",
        "Content-Length": "0",
        "DataServiceVersion": "3.0",
        "Date": "Tue, 11 Apr 2023 21:16:35 GMT",
        "User-Agent": "azsdk-java-azure-data-tables/12.4.0-beta.1 (17.0.6; Linux; 5.4.0-1105-azure)",
        "x-ms-client-request-id": "c6b3aeab-e37a-4205-8226-98ae6a6d804f",
        "x-ms-version": "2020-12-06"
      },
      "RequestBody": null,
      "StatusCode": 200,
      "ResponseHeaders": {
        "Access-Control-Allow-Origin": "*",
        "Access-Control-Expose-Headers": "x-ms-client-request-id",
        "Cache-Control": "no-cache",
        "Content-Type": "application/json; odata=fullmetadata; streaming=true; charset=utf-8",
        "Date": "Tue, 11 Apr 2023 21:16:34 GMT",
        "ETag": "W/\u0022datetime\u00272023-04-11T21%3A16%3A35.3073152Z\u0027\u0022",
        "Server": [
          "Windows-Azure-Table/1.0",
          "Microsoft-HTTPAPI/2.0"
        ],
        "Transfer-Encoding": "chunked",
        "X-Content-Type-Options": "nosniff",
        "x-ms-client-request-id": "c6b3aeab-e37a-4205-8226-98ae6a6d804f",
        "x-ms-request-id": "a732f10d-9002-0036-17ba-6c7333000000",
        "x-ms-version": "2020-12-06"
      },
      "ResponseBody": {
        "odata.metadata": "https://tb914c4cd1614894eprim.table.core.windows.net/$metadata#tablename90339737/@Element",
        "odata.type": "tb914c4cd1614894eprim.tablename90339737",
        "odata.id": "https://tb914c4cd1614894eprim.table.core.windows.net/tablename90339737(PartitionKey=\u0027partitionkey79279a\u0027,RowKey=\u0027rowkey703583087\u0027)",
        "odata.etag": "W/\u0022datetime\u00272023-04-11T21%3A16%3A35.3073152Z\u0027\u0022",
        "odata.editLink": "tablename90339737(PartitionKey=\u0027partitionkey79279a\u0027,RowKey=\u0027rowkey703583087\u0027)",
        "PartitionKey": "partitionkey79279a",
        "RowKey": "rowkey703583087",
        "Timestamp@odata.type": "Edm.DateTime",
        "Timestamp": "2023-04-11T21:16:35.3073152Z",
        "propertyB": "valueB"
      }
    }
  ],
  "Variables": {
    "0": "tablename90339737",
    "1": "partitionkey79279a",
    "2": "rowkey703583087"
  }
}
