{
  "Entries": [
    {
      "RequestUri": "https://REDACTED/identities?api-version=2022-10-01",
      "RequestMethod": "POST",
      "RequestHeaders": {
        "Accept": "application/json",
        "Authorization": "Sanitized",
        "Content-Length": "2",
        "Content-Type": "application/json",
        "User-Agent": "azsdk-java-azure-communication-identity/1.4.7 (17.0.1; Windows 11; 10.0)",
        "x-ms-client-request-id": "b4f52e5e-fb9a-476d-b6b4-e03e5d7b93c7",
        "x-ms-content-sha256": "RBNvo1WzZ4oRRq0W9\u002BhknpT7T8If536DEMBg9hyq/4o=",
        "x-ms-date": "Tue, 11 Jul 2023 00:42:09 GMT",
        "x-ms-hmac-string-to-sign-base64": "UE9TVAovaWRlbnRpdGllcz9hcGktdmVyc2lvbj0yMDIyLTEwLTAxClR1ZSwgMTEgSnVsIDIwMjMgMDA6NDI6MDkgR01UO3JnLWVtYWlsLWNvbW0tY29tbXVuaWNhdGlvbi5jb21tdW5pY2F0aW9uLmF6dXJlLmNvbTtSQk52bzFXelo0b1JScTBXOStoa25wVDdUOElmNTM2REVNQmc5aHlxLzRvPQ=="
      },
      "RequestBody": {},
      "StatusCode": 201,
      "ResponseHeaders": {
        "api-supported-versions": "2020-07-20-preview2, 2021-02-22-preview1, 2021-03-07, 2021-10-31-preview, 2021-11-01, 2022-06-01, 2022-10-01, 2023-08-01",
        "Content-Length": "101",
        "Content-Type": "application/json; charset=utf-8",
        "Date": "Tue, 11 Jul 2023 00:42:08 GMT",
        "MS-CV": "QGHje\u002Bl/ukKXlNpMfuR6xQ.0",
        "Request-Context": "appId=",
        "Strict-Transport-Security": "max-age=2592000",
        "X-Azure-Ref": "0YaWsZAAAAADrhZS/WMZOSYA9Cz07g39GV1NURURHRTAxMjEAOWZjN2I1MTktYThjYy00Zjg5LTkzNWUtYzkxNDhhZTA5ZTgx",
        "X-Cache": "CONFIG_NOCACHE",
        "x-ms-client-request-id": "b4f52e5e-fb9a-476d-b6b4-e03e5d7b93c7",
        "X-Processing-Time": "34ms"
      },
      "ResponseBody": {
        "identity": {
          "id": "8:acs:c6899c28-d68e-427a-80ea-47e003697db6_00000019-e247-a736-1000-343a0d004aae"
        }
      }
    },
    {
      "RequestUri": "https://REDACTED/identities?api-version=2022-10-01",
      "RequestMethod": "POST",
      "RequestHeaders": {
        "Accept": "application/json",
        "Authorization": "Sanitized",
        "Content-Length": "2",
        "Content-Type": "application/json",
        "User-Agent": "azsdk-java-azure-communication-identity/1.4.7 (17.0.1; Windows 11; 10.0)",
        "x-ms-client-request-id": "982ab369-b416-4528-babb-dda69a9863b6",
        "x-ms-content-sha256": "RBNvo1WzZ4oRRq0W9\u002BhknpT7T8If536DEMBg9hyq/4o=",
        "x-ms-date": "Tue, 11 Jul 2023 00:42:10 GMT",
        "x-ms-hmac-string-to-sign-base64": "UE9TVAovaWRlbnRpdGllcz9hcGktdmVyc2lvbj0yMDIyLTEwLTAxClR1ZSwgMTEgSnVsIDIwMjMgMDA6NDI6MTAgR01UO3JnLWVtYWlsLWNvbW0tY29tbXVuaWNhdGlvbi5jb21tdW5pY2F0aW9uLmF6dXJlLmNvbTtSQk52bzFXelo0b1JScTBXOStoa25wVDdUOElmNTM2REVNQmc5aHlxLzRvPQ=="
      },
      "RequestBody": {},
      "StatusCode": 201,
      "ResponseHeaders": {
        "api-supported-versions": "2020-07-20-preview2, 2021-02-22-preview1, 2021-03-07, 2021-10-31-preview, 2021-11-01, 2022-06-01, 2022-10-01, 2023-08-01",
        "Content-Length": "101",
        "Content-Type": "application/json; charset=utf-8",
        "Date": "Tue, 11 Jul 2023 00:42:08 GMT",
        "MS-CV": "DMlvOL8AAkGZKE6vO71tMg.0",
        "Request-Context": "appId=",
        "Strict-Transport-Security": "max-age=2592000",
        "X-Azure-Ref": "0YaWsZAAAAADgaohOD4wkSpxIUNOhMRx2V1NURURHRTA4MjEAOWZjN2I1MTktYThjYy00Zjg5LTkzNWUtYzkxNDhhZTA5ZTgx",
        "X-Cache": "CONFIG_NOCACHE",
        "x-ms-client-request-id": "982ab369-b416-4528-babb-dda69a9863b6",
        "X-Processing-Time": "16ms"
      },
      "ResponseBody": {
        "identity": {
          "id": "8:acs:c6899c28-d68e-427a-80ea-47e003697db6_00000019-e247-a81d-78fe-343a0d00718a"
        }
      }
    },
    {
      "RequestUri": "https://REDACTED/identities?api-version=2022-10-01",
      "RequestMethod": "POST",
      "RequestHeaders": {
        "Accept": "application/json",
        "Authorization": "Sanitized",
        "Content-Length": "2",
        "Content-Type": "application/json",
        "User-Agent": "azsdk-java-azure-communication-identity/1.4.7 (17.0.1; Windows 11; 10.0)",
        "x-ms-client-request-id": "db9edd04-273e-4b96-8076-c22f91a2dac1",
        "x-ms-content-sha256": "RBNvo1WzZ4oRRq0W9\u002BhknpT7T8If536DEMBg9hyq/4o=",
        "x-ms-date": "Tue, 11 Jul 2023 00:42:10 GMT",
        "x-ms-hmac-string-to-sign-base64": "UE9TVAovaWRlbnRpdGllcz9hcGktdmVyc2lvbj0yMDIyLTEwLTAxClR1ZSwgMTEgSnVsIDIwMjMgMDA6NDI6MTAgR01UO3JnLWVtYWlsLWNvbW0tY29tbXVuaWNhdGlvbi5jb21tdW5pY2F0aW9uLmF6dXJlLmNvbTtSQk52bzFXelo0b1JScTBXOStoa25wVDdUOElmNTM2REVNQmc5aHlxLzRvPQ=="
      },
      "RequestBody": {},
      "StatusCode": 201,
      "ResponseHeaders": {
        "api-supported-versions": "2020-07-20-preview2, 2021-02-22-preview1, 2021-03-07, 2021-10-31-preview, 2021-11-01, 2022-06-01, 2022-10-01, 2023-08-01",
        "Content-Length": "101",
        "Content-Type": "application/json; charset=utf-8",
        "Date": "Tue, 11 Jul 2023 00:42:08 GMT",
        "MS-CV": "SEo3hC89vk6TdwnfpFoBtA.0",
        "Request-Context": "appId=",
        "Strict-Transport-Security": "max-age=2592000",
        "X-Azure-Ref": "0YaWsZAAAAADxhykuqkkeSo08bhS6SoR4V1NURURHRTAxMTQAOWZjN2I1MTktYThjYy00Zjg5LTkzNWUtYzkxNDhhZTA5ZTgx",
        "X-Cache": "CONFIG_NOCACHE",
        "x-ms-client-request-id": "db9edd04-273e-4b96-8076-c22f91a2dac1",
        "X-Processing-Time": "16ms"
      },
      "ResponseBody": {
        "identity": {
          "id": "8:acs:c6899c28-d68e-427a-80ea-47e003697db6_00000019-e247-a867-85f4-343a0d0089a8"
        }
      }
    },
    {
      "RequestUri": "https://REDACTED/identities?api-version=2022-10-01",
      "RequestMethod": "POST",
      "RequestHeaders": {
        "Accept": "application/json",
        "Authorization": "Sanitized",
        "Content-Length": "2",
        "Content-Type": "application/json",
        "User-Agent": "azsdk-java-azure-communication-identity/1.4.7 (17.0.1; Windows 11; 10.0)",
        "x-ms-client-request-id": "9e05de15-3d00-4a21-b3b6-03b515712532",
        "x-ms-content-sha256": "RBNvo1WzZ4oRRq0W9\u002BhknpT7T8If536DEMBg9hyq/4o=",
        "x-ms-date": "Tue, 11 Jul 2023 00:42:10 GMT",
        "x-ms-hmac-string-to-sign-base64": "UE9TVAovaWRlbnRpdGllcz9hcGktdmVyc2lvbj0yMDIyLTEwLTAxClR1ZSwgMTEgSnVsIDIwMjMgMDA6NDI6MTAgR01UO3JnLWVtYWlsLWNvbW0tY29tbXVuaWNhdGlvbi5jb21tdW5pY2F0aW9uLmF6dXJlLmNvbTtSQk52bzFXelo0b1JScTBXOStoa25wVDdUOElmNTM2REVNQmc5aHlxLzRvPQ=="
      },
      "RequestBody": {},
      "StatusCode": 201,
      "ResponseHeaders": {
        "api-supported-versions": "2020-07-20-preview2, 2021-02-22-preview1, 2021-03-07, 2021-10-31-preview, 2021-11-01, 2022-06-01, 2022-10-01, 2023-08-01",
        "Content-Length": "101",
        "Content-Type": "application/json; charset=utf-8",
        "Date": "Tue, 11 Jul 2023 00:42:08 GMT",
        "MS-CV": "q6Kyk64oZk6SrHfE6xVuUA.0",
        "Request-Context": "appId=",
        "Strict-Transport-Security": "max-age=2592000",
        "X-Azure-Ref": "0YaWsZAAAAAAkHXHjX9euSLMhJW0KVYJfV1NURURHRTAxMTQAOWZjN2I1MTktYThjYy00Zjg5LTkzNWUtYzkxNDhhZTA5ZTgx",
        "X-Cache": "CONFIG_NOCACHE",
        "x-ms-client-request-id": "9e05de15-3d00-4a21-b3b6-03b515712532",
        "X-Processing-Time": "15ms"
      },
      "ResponseBody": {
        "identity": {
          "id": "8:acs:c6899c28-d68e-427a-80ea-47e003697db6_00000019-e247-a8ae-85f4-343a0d0089aa"
        }
      }
    },
    {
      "RequestUri": "https://REDACTED/identities/8:acs:c6899c28-d68e-427a-80ea-47e003697db6_00000019-e247-a736-1000-343a0d004aae/:issueAccessToken?api-version=2022-10-01",
      "RequestMethod": "POST",
      "RequestHeaders": {
        "Accept": "application/json",
        "Authorization": "Sanitized",
        "Content-Length": "19",
        "Content-Type": "application/json",
        "User-Agent": "azsdk-java-azure-communication-identity/1.4.7 (17.0.1; Windows 11; 10.0)",
        "x-ms-client-request-id": "b8e164f0-1cf5-4a6a-914a-0f5019da3dce",
        "x-ms-content-sha256": "J\u002BdoRQjtFVYLx3qOvzptwBLjQWqy6OEWEEk1TY1\u002BrT4=",
        "x-ms-date": "Tue, 11 Jul 2023 00:42:10 GMT",
        "x-ms-hmac-string-to-sign-base64": "UE9TVAovaWRlbnRpdGllcy84OmFjczpjNjg5OWMyOC1kNjhlLTQyN2EtODBlYS00N2UwMDM2OTdkYjZfMDAwMDAwMTktZTI0Ny1hNzM2LTEwMDAtMzQzYTBkMDA0YWFlLzppc3N1ZUFjY2Vzc1Rva2VuP2FwaS12ZXJzaW9uPTIwMjItMTAtMDEKVHVlLCAxMSBKdWwgMjAyMyAwMDo0MjoxMCBHTVQ7cmctZW1haWwtY29tbS1jb21tdW5pY2F0aW9uLmNvbW11bmljYXRpb24uYXp1cmUuY29tO0orZG9SUWp0RlZZTHgzcU92enB0d0JMalFXcXk2T0VXRUVrMVRZMStyVDQ9"
      },
      "RequestBody": {
        "scopes": [
          "chat"
        ]
      },
      "StatusCode": 200,
      "ResponseHeaders": {
        "api-supported-versions": "2020-07-20-preview2, 2021-02-22-preview1, 2021-03-07, 2021-10-31-preview, 2021-11-01, 2022-06-01, 2022-10-01, 2023-08-01",
        "Content-Length": "68",
        "Content-Type": "application/json; charset=utf-8",
        "Date": "Tue, 11 Jul 2023 00:42:09 GMT",
        "MS-CV": "NFLP\u002BvW3S0mFy0vM4Zlk7w.0",
        "Request-Context": "appId=",
        "Strict-Transport-Security": "max-age=2592000",
        "X-Azure-Ref": "0YaWsZAAAAABLV72v7AUqQbjNfoA34nEOV1NURURHRTA4MDcAOWZjN2I1MTktYThjYy00Zjg5LTkzNWUtYzkxNDhhZTA5ZTgx",
        "X-Cache": "CONFIG_NOCACHE",
        "x-ms-client-request-id": "b8e164f0-1cf5-4a6a-914a-0f5019da3dce",
        "X-Processing-Time": "24ms"
      },
      "ResponseBody": {
        "token": "REDACTED",
        "expiresOn": "2023-07-12T00:42:09.5413078\u002B00:00"
      }
    },
    {
      "RequestUri": "https://REDACTED/chat/threads?api-version=2021-09-07",
      "RequestMethod": "POST",
      "RequestHeaders": {
        "Accept": "application/json",
        "Authorization": "Sanitized",
        "Content-Length": "361",
        "Content-Type": "application/json",
        "repeatability-request-id": "84b92994-ff43-44c5-ad16-0dbfafbd6f5f",
        "User-Agent": "azsdk-java-azure-communication-chat/1.4.0-beta.1 (17.0.1; Windows 11; 10.0)",
        "x-ms-client-request-id": "ba9cf25e-ee75-407e-a82f-0f7e93e27868"
      },
      "RequestBody": {
        "topic": "Test",
        "participants": [
          {
            "communicationIdentifier": {
              "communicationUser": {
                "id": "8:acs:c6899c28-d68e-427a-80ea-47e003697db6_00000019-e247-a736-1000-343a0d004aae"
              }
            },
            "displayName": "Tester 1"
          },
          {
            "communicationIdentifier": {
              "communicationUser": {
                "id": "8:acs:c6899c28-d68e-427a-80ea-47e003697db6_00000019-e247-a81d-78fe-343a0d00718a"
              }
            },
            "displayName": "Tester 2"
          }
        ]
      },
      "StatusCode": 201,
      "ResponseHeaders": {
        "api-supported-versions": "2021-03-07, 2021-04-05-preview6, 2021-09-07, 2023-04-01-preview, 2023-07-01-preview",
        "Content-Length": "367",
        "Content-Type": "application/json; charset=utf-8",
        "Date": "Tue, 11 Jul 2023 00:42:09 GMT",
        "Location": "https://rg-email-comm-communication.communication.azure.com/chat/threads/19%3AsvbSRygw-pQdtXOMcaTJ8IC0j4bl0FnBrWQ3AYAan_M1@thread.v2",
        "MS-CV": "XOQy4\u002BEXak2s0IW4EYPtCA.0",
        "Strict-Transport-Security": "max-age=2592000",
        "X-Azure-Ref": "0YaWsZAAAAAAnq2RR/vriTrv0J45BiGtaV1NURURHRTAxMTMAOWZjN2I1MTktYThjYy00Zjg5LTkzNWUtYzkxNDhhZTA5ZTgx",
        "X-Cache": "CONFIG_NOCACHE",
        "X-Processing-Time": "308ms"
      },
      "ResponseBody": {
        "chatThread": {
          "id": "19:svbSRygw-pQdtXOMcaTJ8IC0j4bl0FnBrWQ3AYAan_M1@thread.v2",
          "topic": "Test",
          "createdOn": "2023-07-11T00:42:09Z",
          "createdByCommunicationIdentifier": {
            "rawId": "8:acs:c6899c28-d68e-427a-80ea-47e003697db6_00000019-e247-a736-1000-343a0d004aae",
            "communicationUser": {
              "id": "8:acs:c6899c28-d68e-427a-80ea-47e003697db6_00000019-e247-a736-1000-343a0d004aae"
            }
          }
        }
      }
    },
    {
      "RequestUri": "https://REDACTED/chat/threads/19:svbSRygw-pQdtXOMcaTJ8IC0j4bl0FnBrWQ3AYAan_M1@thread.v2/messages?api-version=2021-09-07",
      "RequestMethod": "POST",
      "RequestHeaders": {
        "Accept": "application/json",
        "Authorization": "Sanitized",
        "Content-Length": "237",
        "Content-Type": "application/json",
        "User-Agent": "azsdk-java-azure-communication-chat/1.4.0-beta.1 (17.0.1; Windows 11; 10.0)",
        "x-ms-client-request-id": "1a4660e5-ce81-4d9e-9ba5-16bb7f52c9a1"
      },
      "RequestBody": {
        "content": "Content",
        "senderDisplayName": "Tester",
        "type": "text",
        "metadata": {
          "onedriveReferences": "onedriveReferences",
          "deliveryMode": "deliveryMode value",
          "amsreferences": "[\\\u0022test url file 3\\\u0022]",
          "key": "value key",
          "tags": "tags value"
        }
      },
      "StatusCode": 201,
      "ResponseHeaders": {
        "api-supported-versions": "2021-03-07, 2021-04-05-preview6, 2021-09-07, 2023-04-01-preview, 2023-07-01-preview",
        "Content-Length": "22",
        "Content-Type": "application/json; charset=utf-8",
        "Date": "Tue, 11 Jul 2023 00:42:09 GMT",
        "Location": "https://rg-email-comm-communication.communication.azure.com/chat/threads/19%3AsvbSRygw-pQdtXOMcaTJ8IC0j4bl0FnBrWQ3AYAan_M1@thread.v2/messages/1689036130401",
        "MS-CV": "Q2NVfVzi6UGVNEbk/9dbzA.0",
        "Strict-Transport-Security": "max-age=2592000",
        "X-Azure-Ref": "0YqWsZAAAAAAHPCnyp2uQT7YhoHOGCEeaV1NURURHRTAxMTMAOWZjN2I1MTktYThjYy00Zjg5LTkzNWUtYzkxNDhhZTA5ZTgx",
        "X-Cache": "CONFIG_NOCACHE",
        "X-Processing-Time": "139ms"
      },
      "ResponseBody": {
        "id": "1689036130401"
      }
    },
    {
      "RequestUri": "https://REDACTED/chat/threads/19:svbSRygw-pQdtXOMcaTJ8IC0j4bl0FnBrWQ3AYAan_M1@thread.v2/messages/1689036130401?api-version=2021-09-07",
      "RequestMethod": "GET",
      "RequestHeaders": {
        "Accept": "application/json",
        "Authorization": "Sanitized",
        "Content-Length": "0",
        "User-Agent": "azsdk-java-azure-communication-chat/1.4.0-beta.1 (17.0.1; Windows 11; 10.0)",
        "x-ms-client-request-id": "e0d4fb65-0473-46bd-98de-1d59fe377081"
      },
      "RequestBody": null,
      "StatusCode": 200,
      "ResponseHeaders": {
        "api-supported-versions": "2021-03-07, 2021-04-05-preview6, 2021-09-07, 2023-04-01-preview, 2023-07-01-preview",
        "Content-Length": "581",
        "Content-Type": "application/json; charset=utf-8",
        "Date": "Tue, 11 Jul 2023 00:42:09 GMT",
        "MS-CV": "YdFeNJmOQ0Ol2JcDwAvBYA.0",
        "Strict-Transport-Security": "max-age=2592000",
        "X-Azure-Ref": "0YqWsZAAAAABXoHuMWaZ3Qq4tx3yliNlWV1NURURHRTA4MTkAOWZjN2I1MTktYThjYy00Zjg5LTkzNWUtYzkxNDhhZTA5ZTgx",
        "X-Cache": "CONFIG_NOCACHE",
        "X-Processing-Time": "159ms"
      },
      "ResponseBody": {
        "id": "1689036130401",
        "type": "text",
        "sequenceId": "3",
        "version": "1689036130401",
        "content": {
          "message": "Content"
        },
        "senderDisplayName": "Tester",
        "createdOn": "2023-07-11T00:42:10Z",
        "senderCommunicationIdentifier": {
          "rawId": "8:acs:c6899c28-d68e-427a-80ea-47e003697db6_00000019-e247-a736-1000-343a0d004aae",
          "communicationUser": {
            "id": "8:acs:c6899c28-d68e-427a-80ea-47e003697db6_00000019-e247-a736-1000-343a0d004aae"
          }
        },
        "metadata": {
          "onedriveReferences": "onedriveReferences",
          "deliveryMode": "deliveryMode value",
          "amsreferences": "[\\\u0022test url file 3\\\u0022]",
          "key": "value key",
          "tags": "tags value"
        }
      }
    }
  ],
  "Variables": {}
}
