{
  "Entries": [
    {
      "RequestUri": "https://REDACTED/identities?api-version=2022-10-01",
      "RequestMethod": "POST",
      "RequestHeaders": {
        "Accept": "application/json",
        "Authorization": "Sanitized",
        "Content-Length": "2",
        "Content-Type": "application/json",
        "User-Agent": "azsdk-java-azure-communication-identity/1.4.7 (17.0.1; Windows 11; 10.0)",
        "x-ms-client-request-id": "3d52b8ef-613a-40cf-91ce-cb88c42320c4",
        "x-ms-content-sha256": "RBNvo1WzZ4oRRq0W9\u002BhknpT7T8If536DEMBg9hyq/4o=",
        "x-ms-date": "Tue, 11 Jul 2023 00:42:11 GMT",
        "x-ms-hmac-string-to-sign-base64": "UE9TVAovaWRlbnRpdGllcz9hcGktdmVyc2lvbj0yMDIyLTEwLTAxClR1ZSwgMTEgSnVsIDIwMjMgMDA6NDI6MTEgR01UO3JnLWVtYWlsLWNvbW0tY29tbXVuaWNhdGlvbi5jb21tdW5pY2F0aW9uLmF6dXJlLmNvbTtSQk52bzFXelo0b1JScTBXOStoa25wVDdUOElmNTM2REVNQmc5aHlxLzRvPQ=="
      },
      "RequestBody": {},
      "StatusCode": 201,
      "ResponseHeaders": {
        "api-supported-versions": "2020-07-20-preview2, 2021-02-22-preview1, 2021-03-07, 2021-10-31-preview, 2021-11-01, 2022-06-01, 2022-10-01, 2023-08-01",
        "Content-Length": "101",
        "Content-Type": "application/json; charset=utf-8",
        "Date": "Tue, 11 Jul 2023 00:42:10 GMT",
        "MS-CV": "snKQj\u002BZOUUKQeleQ/orIzQ.0",
        "Request-Context": "appId=",
        "Strict-Transport-Security": "max-age=2592000",
        "X-Azure-Ref": "0YqWsZAAAAAARl2Ah3UPrR5PMYzblFwdWV1NURURHRTAxMDYAOWZjN2I1MTktYThjYy00Zjg5LTkzNWUtYzkxNDhhZTA5ZTgx",
        "X-Cache": "CONFIG_NOCACHE",
        "x-ms-client-request-id": "3d52b8ef-613a-40cf-91ce-cb88c42320c4",
        "X-Processing-Time": "21ms"
      },
      "ResponseBody": {
        "identity": {
          "id": "8:acs:c6899c28-d68e-427a-80ea-47e003697db6_00000019-e247-ad8c-85f4-343a0d0089ae"
        }
      }
    },
    {
      "RequestUri": "https://REDACTED/identities?api-version=2022-10-01",
      "RequestMethod": "POST",
      "RequestHeaders": {
        "Accept": "application/json",
        "Authorization": "Sanitized",
        "Content-Length": "2",
        "Content-Type": "application/json",
        "User-Agent": "azsdk-java-azure-communication-identity/1.4.7 (17.0.1; Windows 11; 10.0)",
        "x-ms-client-request-id": "e759fad6-51c8-4ca4-b805-5a7e8ebb435a",
        "x-ms-content-sha256": "RBNvo1WzZ4oRRq0W9\u002BhknpT7T8If536DEMBg9hyq/4o=",
        "x-ms-date": "Tue, 11 Jul 2023 00:42:11 GMT",
        "x-ms-hmac-string-to-sign-base64": "UE9TVAovaWRlbnRpdGllcz9hcGktdmVyc2lvbj0yMDIyLTEwLTAxClR1ZSwgMTEgSnVsIDIwMjMgMDA6NDI6MTEgR01UO3JnLWVtYWlsLWNvbW0tY29tbXVuaWNhdGlvbi5jb21tdW5pY2F0aW9uLmF6dXJlLmNvbTtSQk52bzFXelo0b1JScTBXOStoa25wVDdUOElmNTM2REVNQmc5aHlxLzRvPQ=="
      },
      "RequestBody": {},
      "StatusCode": 201,
      "ResponseHeaders": {
        "api-supported-versions": "2020-07-20-preview2, 2021-02-22-preview1, 2021-03-07, 2021-10-31-preview, 2021-11-01, 2022-06-01, 2022-10-01, 2023-08-01",
        "Content-Length": "101",
        "Content-Type": "application/json; charset=utf-8",
        "Date": "Tue, 11 Jul 2023 00:42:10 GMT",
        "MS-CV": "dF/mIRbWik6eC5ePzEEBqA.0",
        "Request-Context": "appId=",
        "Strict-Transport-Security": "max-age=2592000",
        "X-Azure-Ref": "0YqWsZAAAAACzl3P1RL7sT7Gtglv76Z1GV1NURURHRTAxMDYAOWZjN2I1MTktYThjYy00Zjg5LTkzNWUtYzkxNDhhZTA5ZTgx",
        "X-Cache": "CONFIG_NOCACHE",
        "x-ms-client-request-id": "e759fad6-51c8-4ca4-b805-5a7e8ebb435a",
        "X-Processing-Time": "18ms"
      },
      "ResponseBody": {
        "identity": {
          "id": "8:acs:c6899c28-d68e-427a-80ea-47e003697db6_00000019-e247-add8-4ff7-343a0d006864"
        }
      }
    },
    {
      "RequestUri": "https://REDACTED/identities/8:acs:c6899c28-d68e-427a-80ea-47e003697db6_00000019-e247-ad8c-85f4-343a0d0089ae/:issueAccessToken?api-version=2022-10-01",
      "RequestMethod": "POST",
      "RequestHeaders": {
        "Accept": "application/json",
        "Authorization": "Sanitized",
        "Content-Length": "19",
        "Content-Type": "application/json",
        "User-Agent": "azsdk-java-azure-communication-identity/1.4.7 (17.0.1; Windows 11; 10.0)",
        "x-ms-client-request-id": "23a13ae6-e6f5-459c-848d-41b937864945",
        "x-ms-content-sha256": "J\u002BdoRQjtFVYLx3qOvzptwBLjQWqy6OEWEEk1TY1\u002BrT4=",
        "x-ms-date": "Tue, 11 Jul 2023 00:42:11 GMT",
        "x-ms-hmac-string-to-sign-base64": "UE9TVAovaWRlbnRpdGllcy84OmFjczpjNjg5OWMyOC1kNjhlLTQyN2EtODBlYS00N2UwMDM2OTdkYjZfMDAwMDAwMTktZTI0Ny1hZDhjLTg1ZjQtMzQzYTBkMDA4OWFlLzppc3N1ZUFjY2Vzc1Rva2VuP2FwaS12ZXJzaW9uPTIwMjItMTAtMDEKVHVlLCAxMSBKdWwgMjAyMyAwMDo0MjoxMSBHTVQ7cmctZW1haWwtY29tbS1jb21tdW5pY2F0aW9uLmNvbW11bmljYXRpb24uYXp1cmUuY29tO0orZG9SUWp0RlZZTHgzcU92enB0d0JMalFXcXk2T0VXRUVrMVRZMStyVDQ9"
      },
      "RequestBody": {
        "scopes": [
          "chat"
        ]
      },
      "StatusCode": 200,
      "ResponseHeaders": {
        "api-supported-versions": "2020-07-20-preview2, 2021-02-22-preview1, 2021-03-07, 2021-10-31-preview, 2021-11-01, 2022-06-01, 2022-10-01, 2023-08-01",
        "Content-Length": "68",
        "Content-Type": "application/json; charset=utf-8",
        "Date": "Tue, 11 Jul 2023 00:42:10 GMT",
        "MS-CV": "qxiWJnP78Ei9IY0gNGvxqg.0",
        "Request-Context": "appId=",
        "Strict-Transport-Security": "max-age=2592000",
        "X-Azure-Ref": "0YqWsZAAAAABOo8MPGwRPRLBG9S3fZB4aV1NURURHRTAxMDYAOWZjN2I1MTktYThjYy00Zjg5LTkzNWUtYzkxNDhhZTA5ZTgx",
        "X-Cache": "CONFIG_NOCACHE",
        "x-ms-client-request-id": "23a13ae6-e6f5-459c-848d-41b937864945",
        "X-Processing-Time": "24ms"
      },
      "ResponseBody": {
        "token": "REDACTED",
        "expiresOn": "2023-07-12T00:42:10.8676678\u002B00:00"
      }
    },
    {
      "RequestUri": "https://REDACTED/chat/threads?api-version=2021-09-07",
      "RequestMethod": "POST",
      "RequestHeaders": {
        "Accept": "application/json",
        "Authorization": "Sanitized",
        "Content-Length": "361",
        "Content-Type": "application/json",
        "repeatability-request-id": "8c501b6f-4e1d-4420-a189-db9f9b394980",
        "User-Agent": "azsdk-java-azure-communication-chat/1.4.0-beta.1 (17.0.1; Windows 11; 10.0)",
        "x-ms-client-request-id": "35b0b59e-eecc-44e5-8ebf-565cfb060991"
      },
      "RequestBody": {
        "topic": "Test",
        "participants": [
          {
            "communicationIdentifier": {
              "communicationUser": {
                "id": "8:acs:c6899c28-d68e-427a-80ea-47e003697db6_00000019-e247-ad8c-85f4-343a0d0089ae"
              }
            },
            "displayName": "Tester 1"
          },
          {
            "communicationIdentifier": {
              "communicationUser": {
                "id": "8:acs:c6899c28-d68e-427a-80ea-47e003697db6_00000019-e247-add8-4ff7-343a0d006864"
              }
            },
            "displayName": "Tester 2"
          }
        ]
      },
      "StatusCode": 201,
      "ResponseHeaders": {
        "api-supported-versions": "2021-03-07, 2021-04-05-preview6, 2021-09-07, 2023-04-01-preview, 2023-07-01-preview",
        "Content-Length": "367",
        "Content-Type": "application/json; charset=utf-8",
        "Date": "Tue, 11 Jul 2023 00:42:11 GMT",
        "Location": "https://rg-email-comm-communication.communication.azure.com/chat/threads/19%3AlzQFAa4L9BgS5pPS2PoJ57RDOMZdXZ67cFD9Qyrrx841@thread.v2",
        "MS-CV": "PLcZWCTQq0CS/bDN0Bdu7g.0",
        "Strict-Transport-Security": "max-age=2592000",
        "X-Azure-Ref": "0YqWsZAAAAAC5b6w6lRnuQYUA1LzVx435V1NURURHRTAxMjEAOWZjN2I1MTktYThjYy00Zjg5LTkzNWUtYzkxNDhhZTA5ZTgx",
        "X-Cache": "CONFIG_NOCACHE",
        "X-Processing-Time": "358ms"
      },
      "ResponseBody": {
        "chatThread": {
          "id": "19:lzQFAa4L9BgS5pPS2PoJ57RDOMZdXZ67cFD9Qyrrx841@thread.v2",
          "topic": "Test",
          "createdOn": "2023-07-11T00:42:11Z",
          "createdByCommunicationIdentifier": {
            "rawId": "8:acs:c6899c28-d68e-427a-80ea-47e003697db6_00000019-e247-ad8c-85f4-343a0d0089ae",
            "communicationUser": {
              "id": "8:acs:c6899c28-d68e-427a-80ea-47e003697db6_00000019-e247-ad8c-85f4-343a0d0089ae"
            }
          }
        }
      }
    },
    {
      "RequestUri": "https://REDACTED/chat/threads?api-version=2021-09-07",
      "RequestMethod": "POST",
      "RequestHeaders": {
        "Accept": "application/json",
        "Authorization": "Sanitized",
        "Content-Length": "361",
        "Content-Type": "application/json",
        "repeatability-request-id": "df14ffb1-fadb-4d25-95cc-6118607f4915",
        "User-Agent": "azsdk-java-azure-communication-chat/1.4.0-beta.1 (17.0.1; Windows 11; 10.0)",
        "x-ms-client-request-id": "c015c3a2-d38c-4839-817a-31437f3bc690"
      },
      "RequestBody": {
        "topic": "Test",
        "participants": [
          {
            "communicationIdentifier": {
              "communicationUser": {
                "id": "8:acs:c6899c28-d68e-427a-80ea-47e003697db6_00000019-e247-ad8c-85f4-343a0d0089ae"
              }
            },
            "displayName": "Tester 1"
          },
          {
            "communicationIdentifier": {
              "communicationUser": {
                "id": "8:acs:c6899c28-d68e-427a-80ea-47e003697db6_00000019-e247-add8-4ff7-343a0d006864"
              }
            },
            "displayName": "Tester 2"
          }
        ]
      },
      "StatusCode": 201,
      "ResponseHeaders": {
        "api-supported-versions": "2021-03-07, 2021-04-05-preview6, 2021-09-07, 2023-04-01-preview, 2023-07-01-preview",
        "Content-Length": "367",
        "Content-Type": "application/json; charset=utf-8",
        "Date": "Tue, 11 Jul 2023 00:42:11 GMT",
        "Location": "https://rg-email-comm-communication.communication.azure.com/chat/threads/19%3Aoh8tBDQdKcgvxwwu6n-7etmOTfqIrsxSZprauQfP9iE1@thread.v2",
        "MS-CV": "264AlAC07ECaLv6yML9uNA.0",
        "Strict-Transport-Security": "max-age=2592000",
        "X-Azure-Ref": "0Y6WsZAAAAACbDeQqHxrvQa6N6CBR9FkyV1NURURHRTAxMjEAOWZjN2I1MTktYThjYy00Zjg5LTkzNWUtYzkxNDhhZTA5ZTgx",
        "X-Cache": "CONFIG_NOCACHE",
        "X-Processing-Time": "550ms"
      },
      "ResponseBody": {
        "chatThread": {
          "id": "19:oh8tBDQdKcgvxwwu6n-7etmOTfqIrsxSZprauQfP9iE1@thread.v2",
          "topic": "Test",
          "createdOn": "2023-07-11T00:42:11Z",
          "createdByCommunicationIdentifier": {
            "rawId": "8:acs:c6899c28-d68e-427a-80ea-47e003697db6_00000019-e247-ad8c-85f4-343a0d0089ae",
            "communicationUser": {
              "id": "8:acs:c6899c28-d68e-427a-80ea-47e003697db6_00000019-e247-ad8c-85f4-343a0d0089ae"
            }
          }
        }
      }
    },
    {
      "RequestUri": "https://REDACTED/chat/threads?maxPageSize=10\u0026api-version=2021-09-07",
      "RequestMethod": "GET",
      "RequestHeaders": {
        "Accept": "application/json",
        "Authorization": "Sanitized",
        "Content-Length": "0",
        "User-Agent": "azsdk-java-azure-communication-chat/1.4.0-beta.1 (17.0.1; Windows 11; 10.0)",
        "x-ms-client-request-id": "a2af3e0a-df0f-405e-89ed-43663908f75a"
      },
      "RequestBody": null,
      "StatusCode": 200,
      "ResponseHeaders": {
        "api-supported-versions": "2021-03-07, 2021-04-05-preview6, 2021-09-07, 2023-04-01-preview, 2023-07-01-preview",
        "Content-Length": "269",
        "Content-Type": "application/json; charset=utf-8",
        "Date": "Tue, 11 Jul 2023 00:42:11 GMT",
        "MS-CV": "5\u002BwF4rPbHEC74wE4kV/rCQ.0",
        "Strict-Transport-Security": "max-age=2592000",
        "X-Azure-Ref": "0ZKWsZAAAAADz2lEX/qCSTbRVgrp6vD5KV1NURURHRTA4MTkAOWZjN2I1MTktYThjYy00Zjg5LTkzNWUtYzkxNDhhZTA5ZTgx",
        "X-Cache": "CONFIG_NOCACHE",
        "X-Processing-Time": "140ms"
      },
      "ResponseBody": {
        "value": [
          {
            "id": "19:oh8tBDQdKcgvxwwu6n-7etmOTfqIrsxSZprauQfP9iE1@thread.v2",
            "topic": "Test",
            "lastMessageReceivedOn": "2023-07-11T00:42:11Z"
          },
          {
            "id": "19:lzQFAa4L9BgS5pPS2PoJ57RDOMZdXZ67cFD9Qyrrx841@thread.v2",
            "topic": "Test",
            "lastMessageReceivedOn": "2023-07-11T00:42:11Z"
          }
        ]
      }
    }
  ],
  "Variables": {}
}
