{
  "Entries": [
    {
      "RequestUri": "https://REDACTED/identities?api-version=2022-10-01",
      "RequestMethod": "POST",
      "RequestHeaders": {
        "Accept": "application/json",
        "Authorization": "Sanitized",
        "Content-Length": "2",
        "Content-Type": "application/json",
        "User-Agent": "azsdk-java-azure-communication-identity/1.4.7 (17.0.1; Windows 11; 10.0)",
        "x-ms-client-request-id": "3498b9cc-5aff-4923-abc0-bec5805c8973",
        "x-ms-content-sha256": "RBNvo1WzZ4oRRq0W9\u002BhknpT7T8If536DEMBg9hyq/4o=",
        "x-ms-date": "Tue, 11 Jul 2023 00:42:21 GMT",
        "x-ms-hmac-string-to-sign-base64": "UE9TVAovaWRlbnRpdGllcz9hcGktdmVyc2lvbj0yMDIyLTEwLTAxClR1ZSwgMTEgSnVsIDIwMjMgMDA6NDI6MjEgR01UO3JnLWVtYWlsLWNvbW0tY29tbXVuaWNhdGlvbi5jb21tdW5pY2F0aW9uLmF6dXJlLmNvbTtSQk52bzFXelo0b1JScTBXOStoa25wVDdUOElmNTM2REVNQmc5aHlxLzRvPQ=="
      },
      "RequestBody": {},
      "StatusCode": 201,
      "ResponseHeaders": {
        "api-supported-versions": "2020-07-20-preview2, 2021-02-22-preview1, 2021-03-07, 2021-10-31-preview, 2021-11-01, 2022-06-01, 2022-10-01, 2023-08-01",
        "Content-Length": "101",
        "Content-Type": "application/json; charset=utf-8",
        "Date": "Tue, 11 Jul 2023 00:42:19 GMT",
        "MS-CV": "bw0h4BLrekSBEsN/\u002B\u002BgClA.0",
        "Request-Context": "appId=",
        "Strict-Transport-Security": "max-age=2592000",
        "X-Azure-Ref": "0bKWsZAAAAADz0MrMalWtTokD9SzZDycaV1NURURHRTAxMTQAOWZjN2I1MTktYThjYy00Zjg5LTkzNWUtYzkxNDhhZTA5ZTgx",
        "X-Cache": "CONFIG_NOCACHE",
        "x-ms-client-request-id": "3498b9cc-5aff-4923-abc0-bec5805c8973",
        "X-Processing-Time": "17ms"
      },
      "ResponseBody": {
        "identity": {
          "id": "8:acs:c6899c28-d68e-427a-80ea-47e003697db6_00000019-e247-d3bf-85f4-343a0d0089d1"
        }
      }
    },
    {
      "RequestUri": "https://REDACTED/identities?api-version=2022-10-01",
      "RequestMethod": "POST",
      "RequestHeaders": {
        "Accept": "application/json",
        "Authorization": "Sanitized",
        "Content-Length": "2",
        "Content-Type": "application/json",
        "User-Agent": "azsdk-java-azure-communication-identity/1.4.7 (17.0.1; Windows 11; 10.0)",
        "x-ms-client-request-id": "8a4de787-efc5-4431-8684-9410f75cfd00",
        "x-ms-content-sha256": "RBNvo1WzZ4oRRq0W9\u002BhknpT7T8If536DEMBg9hyq/4o=",
        "x-ms-date": "Tue, 11 Jul 2023 00:42:21 GMT",
        "x-ms-hmac-string-to-sign-base64": "UE9TVAovaWRlbnRpdGllcz9hcGktdmVyc2lvbj0yMDIyLTEwLTAxClR1ZSwgMTEgSnVsIDIwMjMgMDA6NDI6MjEgR01UO3JnLWVtYWlsLWNvbW0tY29tbXVuaWNhdGlvbi5jb21tdW5pY2F0aW9uLmF6dXJlLmNvbTtSQk52bzFXelo0b1JScTBXOStoa25wVDdUOElmNTM2REVNQmc5aHlxLzRvPQ=="
      },
      "RequestBody": {},
      "StatusCode": 201,
      "ResponseHeaders": {
        "api-supported-versions": "2020-07-20-preview2, 2021-02-22-preview1, 2021-03-07, 2021-10-31-preview, 2021-11-01, 2022-06-01, 2022-10-01, 2023-08-01",
        "Content-Length": "101",
        "Content-Type": "application/json; charset=utf-8",
        "Date": "Tue, 11 Jul 2023 00:42:19 GMT",
        "MS-CV": "1B4mpt\u002BU30Gho6HeQ4cDfQ.0",
        "Request-Context": "appId=",
        "Strict-Transport-Security": "max-age=2592000",
        "X-Azure-Ref": "0bKWsZAAAAAAc/JkTnk5GSKUlrf2Aro\u002BLV1NURURHRTAxMTQAOWZjN2I1MTktYThjYy00Zjg5LTkzNWUtYzkxNDhhZTA5ZTgx",
        "X-Cache": "CONFIG_NOCACHE",
        "x-ms-client-request-id": "8a4de787-efc5-4431-8684-9410f75cfd00",
        "X-Processing-Time": "17ms"
      },
      "ResponseBody": {
        "identity": {
          "id": "8:acs:c6899c28-d68e-427a-80ea-47e003697db6_00000019-e247-d403-85f4-343a0d0089d2"
        }
      }
    },
    {
      "RequestUri": "https://REDACTED/identities/8:acs:c6899c28-d68e-427a-80ea-47e003697db6_00000019-e247-d3bf-85f4-343a0d0089d1/:issueAccessToken?api-version=2022-10-01",
      "RequestMethod": "POST",
      "RequestHeaders": {
        "Accept": "application/json",
        "Authorization": "Sanitized",
        "Content-Length": "19",
        "Content-Type": "application/json",
        "User-Agent": "azsdk-java-azure-communication-identity/1.4.7 (17.0.1; Windows 11; 10.0)",
        "x-ms-client-request-id": "f35460f8-82c4-4c3a-9bfd-d03c895b0366",
        "x-ms-content-sha256": "J\u002BdoRQjtFVYLx3qOvzptwBLjQWqy6OEWEEk1TY1\u002BrT4=",
        "x-ms-date": "Tue, 11 Jul 2023 00:42:21 GMT",
        "x-ms-hmac-string-to-sign-base64": "UE9TVAovaWRlbnRpdGllcy84OmFjczpjNjg5OWMyOC1kNjhlLTQyN2EtODBlYS00N2UwMDM2OTdkYjZfMDAwMDAwMTktZTI0Ny1kM2JmLTg1ZjQtMzQzYTBkMDA4OWQxLzppc3N1ZUFjY2Vzc1Rva2VuP2FwaS12ZXJzaW9uPTIwMjItMTAtMDEKVHVlLCAxMSBKdWwgMjAyMyAwMDo0MjoyMSBHTVQ7cmctZW1haWwtY29tbS1jb21tdW5pY2F0aW9uLmNvbW11bmljYXRpb24uYXp1cmUuY29tO0orZG9SUWp0RlZZTHgzcU92enB0d0JMalFXcXk2T0VXRUVrMVRZMStyVDQ9"
      },
      "RequestBody": {
        "scopes": [
          "chat"
        ]
      },
      "StatusCode": 200,
      "ResponseHeaders": {
        "api-supported-versions": "2020-07-20-preview2, 2021-02-22-preview1, 2021-03-07, 2021-10-31-preview, 2021-11-01, 2022-06-01, 2022-10-01, 2023-08-01",
        "Content-Length": "68",
        "Content-Type": "application/json; charset=utf-8",
        "Date": "Tue, 11 Jul 2023 00:42:19 GMT",
        "MS-CV": "A4zeZIKYuES8gb9/\u002BH4q3A.0",
        "Request-Context": "appId=",
        "Strict-Transport-Security": "max-age=2592000",
        "X-Azure-Ref": "0bKWsZAAAAAAKjLtex/sHTKb/KcIjLYQsV1NURURHRTAxMTQAOWZjN2I1MTktYThjYy00Zjg5LTkzNWUtYzkxNDhhZTA5ZTgx",
        "X-Cache": "CONFIG_NOCACHE",
        "x-ms-client-request-id": "f35460f8-82c4-4c3a-9bfd-d03c895b0366",
        "X-Processing-Time": "22ms"
      },
      "ResponseBody": {
        "token": "REDACTED",
        "expiresOn": "2023-07-12T00:42:20.6221902\u002B00:00"
      }
    },
    {
      "RequestUri": "https://REDACTED/chat/threads?api-version=2021-09-07",
      "RequestMethod": "POST",
      "RequestHeaders": {
        "Accept": "application/json",
        "Authorization": "Sanitized",
        "Content-Length": "361",
        "Content-Type": "application/json",
        "repeatability-request-id": "d5afe835-a211-44e0-8391-d2f0da09118b",
        "User-Agent": "azsdk-java-azure-communication-chat/1.4.0-beta.1 (17.0.1; Windows 11; 10.0)",
        "x-ms-client-request-id": "fe8bd190-3aa4-4c51-b5ae-941ec465c16c"
      },
      "RequestBody": {
        "topic": "Test",
        "participants": [
          {
            "communicationIdentifier": {
              "communicationUser": {
                "id": "8:acs:c6899c28-d68e-427a-80ea-47e003697db6_00000019-e247-d3bf-85f4-343a0d0089d1"
              }
            },
            "displayName": "Tester 1"
          },
          {
            "communicationIdentifier": {
              "communicationUser": {
                "id": "8:acs:c6899c28-d68e-427a-80ea-47e003697db6_00000019-e247-d403-85f4-343a0d0089d2"
              }
            },
            "displayName": "Tester 2"
          }
        ]
      },
      "StatusCode": 201,
      "ResponseHeaders": {
        "api-supported-versions": "2021-03-07, 2021-04-05-preview6, 2021-09-07, 2023-04-01-preview, 2023-07-01-preview",
        "Content-Length": "367",
        "Content-Type": "application/json; charset=utf-8",
        "Date": "Tue, 11 Jul 2023 00:42:20 GMT",
        "Location": "https://rg-email-comm-communication.communication.azure.com/chat/threads/19%3Ac0lJ45UUlGNnHNt6Ip54rOOGXOwnSOU392mac1Qz-cA1@thread.v2",
        "MS-CV": "hIoxmU2WGU\u002Bk49tNQ\u002BsLSQ.0",
        "Strict-Transport-Security": "max-age=2592000",
        "X-Azure-Ref": "0bKWsZAAAAAA8TTE\u002BBPkHS798hc9ChyfjV1NURURHRTAxMTQAOWZjN2I1MTktYThjYy00Zjg5LTkzNWUtYzkxNDhhZTA5ZTgx",
        "X-Cache": "CONFIG_NOCACHE",
        "X-Processing-Time": "595ms"
      },
      "ResponseBody": {
        "chatThread": {
          "id": "19:c0lJ45UUlGNnHNt6Ip54rOOGXOwnSOU392mac1Qz-cA1@thread.v2",
          "topic": "Test",
          "createdOn": "2023-07-11T00:42:20Z",
          "createdByCommunicationIdentifier": {
            "rawId": "8:acs:c6899c28-d68e-427a-80ea-47e003697db6_00000019-e247-d3bf-85f4-343a0d0089d1",
            "communicationUser": {
              "id": "8:acs:c6899c28-d68e-427a-80ea-47e003697db6_00000019-e247-d3bf-85f4-343a0d0089d1"
            }
          }
        }
      }
    },
    {
      "RequestUri": "https://REDACTED/chat/threads/19:c0lJ45UUlGNnHNt6Ip54rOOGXOwnSOU392mac1Qz-cA1@thread.v2/messages?api-version=2021-09-07",
      "RequestMethod": "POST",
      "RequestHeaders": {
        "Accept": "application/json",
        "Authorization": "Sanitized",
        "Content-Length": "237",
        "Content-Type": "application/json",
        "User-Agent": "azsdk-java-azure-communication-chat/1.4.0-beta.1 (17.0.1; Windows 11; 10.0)",
        "x-ms-client-request-id": "0f04ff9e-a4e3-4560-acb9-5230c85d87ef"
      },
      "RequestBody": {
        "content": "Content",
        "senderDisplayName": "Tester",
        "type": "text",
        "metadata": {
          "onedriveReferences": "onedriveReferences",
          "deliveryMode": "deliveryMode value",
          "amsreferences": "[\\\u0022test url file 3\\\u0022]",
          "key": "value key",
          "tags": "tags value"
        }
      },
      "StatusCode": 201,
      "ResponseHeaders": {
        "api-supported-versions": "2021-03-07, 2021-04-05-preview6, 2021-09-07, 2023-04-01-preview, 2023-07-01-preview",
        "Content-Length": "22",
        "Content-Type": "application/json; charset=utf-8",
        "Date": "Tue, 11 Jul 2023 00:42:20 GMT",
        "Location": "https://rg-email-comm-communication.communication.azure.com/chat/threads/19%3Ac0lJ45UUlGNnHNt6Ip54rOOGXOwnSOU392mac1Qz-cA1@thread.v2/messages/1689036141386",
        "MS-CV": "Omv1GwYoz0uAXVv5wU9\u002BGg.0",
        "Strict-Transport-Security": "max-age=2592000",
        "X-Azure-Ref": "0baWsZAAAAAAsVmVExZXxR7MZUrJ0HIyWV1NURURHRTAxMTMAOWZjN2I1MTktYThjYy00Zjg5LTkzNWUtYzkxNDhhZTA5ZTgx",
        "X-Cache": "CONFIG_NOCACHE",
        "X-Processing-Time": "122ms"
      },
      "ResponseBody": {
        "id": "1689036141386"
      }
    },
    {
      "RequestUri": "https://REDACTED/chat/threads/19:c0lJ45UUlGNnHNt6Ip54rOOGXOwnSOU392mac1Qz-cA1@thread.v2/readReceipts?api-version=2021-09-07",
      "RequestMethod": "POST",
      "RequestHeaders": {
        "Accept": "application/json",
        "Authorization": "Sanitized",
        "Content-Length": "33",
        "Content-Type": "application/json",
        "User-Agent": "azsdk-java-azure-communication-chat/1.4.0-beta.1 (17.0.1; Windows 11; 10.0)",
        "x-ms-client-request-id": "93e0d544-0b13-4fc3-a1cf-50a7f174d15a"
      },
      "RequestBody": {
        "chatMessageId": "1689036141386"
      },
      "StatusCode": 200,
      "ResponseHeaders": {
        "api-supported-versions": "2021-03-07, 2021-04-05-preview6, 2021-09-07, 2023-04-01-preview, 2023-07-01-preview",
        "Content-Length": "0",
        "Date": "Tue, 11 Jul 2023 00:42:20 GMT",
        "MS-CV": "GiGkd\u002B\u002Bd8Ei5Rf23tgY48A.0",
        "Strict-Transport-Security": "max-age=2592000",
        "X-Azure-Ref": "0baWsZAAAAACD9b6Axa\u002BETprwM6rrQU9/V1NURURHRTAxMTMAOWZjN2I1MTktYThjYy00Zjg5LTkzNWUtYzkxNDhhZTA5ZTgx",
        "X-Cache": "CONFIG_NOCACHE",
        "X-Processing-Time": "132ms"
      },
      "ResponseBody": null
    }
  ],
  "Variables": {}
}
