{
  "Entries": [
    {
      "RequestUri": "https://REDACTED/identities?api-version=2022-10-01",
      "RequestMethod": "POST",
      "RequestHeaders": {
        "Accept": "application/json",
        "Authorization": "Sanitized",
        "Content-Length": "2",
        "Content-Type": "application/json",
        "User-Agent": "azsdk-java-azure-communication-identity/1.4.7 (17.0.1; Windows 11; 10.0)",
        "x-ms-client-request-id": "dffd1aa5-4073-4292-81a3-fe428c6fc853",
        "x-ms-content-sha256": "RBNvo1WzZ4oRRq0W9\u002BhknpT7T8If536DEMBg9hyq/4o=",
        "x-ms-date": "Tue, 11 Jul 2023 00:42:12 GMT",
        "x-ms-hmac-string-to-sign-base64": "UE9TVAovaWRlbnRpdGllcz9hcGktdmVyc2lvbj0yMDIyLTEwLTAxClR1ZSwgMTEgSnVsIDIwMjMgMDA6NDI6MTIgR01UO3JnLWVtYWlsLWNvbW0tY29tbXVuaWNhdGlvbi5jb21tdW5pY2F0aW9uLmF6dXJlLmNvbTtSQk52bzFXelo0b1JScTBXOStoa25wVDdUOElmNTM2REVNQmc5aHlxLzRvPQ=="
      },
      "RequestBody": {},
      "StatusCode": 201,
      "ResponseHeaders": {
        "api-supported-versions": "2020-07-20-preview2, 2021-02-22-preview1, 2021-03-07, 2021-10-31-preview, 2021-11-01, 2022-06-01, 2022-10-01, 2023-08-01",
        "Content-Length": "101",
        "Content-Type": "application/json; charset=utf-8",
        "Date": "Tue, 11 Jul 2023 00:42:10 GMT",
        "MS-CV": "QhXGjFsov0CEq4lack1IJA.0",
        "Request-Context": "appId=",
        "Strict-Transport-Security": "max-age=2592000",
        "X-Azure-Ref": "0Y6WsZAAAAABOgYgPUeUGS6EEizdqqxKTV1NURURHRTAxMTcAOWZjN2I1MTktYThjYy00Zjg5LTkzNWUtYzkxNDhhZTA5ZTgx",
        "X-Cache": "CONFIG_NOCACHE",
        "x-ms-client-request-id": "dffd1aa5-4073-4292-81a3-fe428c6fc853",
        "X-Processing-Time": "16ms"
      },
      "ResponseBody": {
        "identity": {
          "id": "8:acs:c6899c28-d68e-427a-80ea-47e003697db6_00000019-e247-b072-4ff7-343a0d006868"
        }
      }
    },
    {
      "RequestUri": "https://REDACTED/identities?api-version=2022-10-01",
      "RequestMethod": "POST",
      "RequestHeaders": {
        "Accept": "application/json",
        "Authorization": "Sanitized",
        "Content-Length": "2",
        "Content-Type": "application/json",
        "User-Agent": "azsdk-java-azure-communication-identity/1.4.7 (17.0.1; Windows 11; 10.0)",
        "x-ms-client-request-id": "073ab2c5-bd69-4bed-9271-db8e38bbc7ff",
        "x-ms-content-sha256": "RBNvo1WzZ4oRRq0W9\u002BhknpT7T8If536DEMBg9hyq/4o=",
        "x-ms-date": "Tue, 11 Jul 2023 00:42:12 GMT",
        "x-ms-hmac-string-to-sign-base64": "UE9TVAovaWRlbnRpdGllcz9hcGktdmVyc2lvbj0yMDIyLTEwLTAxClR1ZSwgMTEgSnVsIDIwMjMgMDA6NDI6MTIgR01UO3JnLWVtYWlsLWNvbW0tY29tbXVuaWNhdGlvbi5jb21tdW5pY2F0aW9uLmF6dXJlLmNvbTtSQk52bzFXelo0b1JScTBXOStoa25wVDdUOElmNTM2REVNQmc5aHlxLzRvPQ=="
      },
      "RequestBody": {},
      "StatusCode": 201,
      "ResponseHeaders": {
        "api-supported-versions": "2020-07-20-preview2, 2021-02-22-preview1, 2021-03-07, 2021-10-31-preview, 2021-11-01, 2022-06-01, 2022-10-01, 2023-08-01",
        "Content-Length": "101",
        "Content-Type": "application/json; charset=utf-8",
        "Date": "Tue, 11 Jul 2023 00:42:11 GMT",
        "MS-CV": "bvAu2wEbQk\u002BwtdnBA/FyPQ.0",
        "Request-Context": "appId=",
        "Strict-Transport-Security": "max-age=2592000",
        "X-Azure-Ref": "0Y6WsZAAAAAChhnR6Quq3QJuDp/dMXblMV1NURURHRTAxMTcAOWZjN2I1MTktYThjYy00Zjg5LTkzNWUtYzkxNDhhZTA5ZTgx",
        "X-Cache": "CONFIG_NOCACHE",
        "x-ms-client-request-id": "073ab2c5-bd69-4bed-9271-db8e38bbc7ff",
        "X-Processing-Time": "22ms"
      },
      "ResponseBody": {
        "identity": {
          "id": "8:acs:c6899c28-d68e-427a-80ea-47e003697db6_00000019-e247-b0ba-85f4-343a0d0089b2"
        }
      }
    },
    {
      "RequestUri": "https://REDACTED/identities?api-version=2022-10-01",
      "RequestMethod": "POST",
      "RequestHeaders": {
        "Accept": "application/json",
        "Authorization": "Sanitized",
        "Content-Length": "2",
        "Content-Type": "application/json",
        "User-Agent": "azsdk-java-azure-communication-identity/1.4.7 (17.0.1; Windows 11; 10.0)",
        "x-ms-client-request-id": "3f61d326-6272-4db1-8b70-08be9b372d0d",
        "x-ms-content-sha256": "RBNvo1WzZ4oRRq0W9\u002BhknpT7T8If536DEMBg9hyq/4o=",
        "x-ms-date": "Tue, 11 Jul 2023 00:42:12 GMT",
        "x-ms-hmac-string-to-sign-base64": "UE9TVAovaWRlbnRpdGllcz9hcGktdmVyc2lvbj0yMDIyLTEwLTAxClR1ZSwgMTEgSnVsIDIwMjMgMDA6NDI6MTIgR01UO3JnLWVtYWlsLWNvbW0tY29tbXVuaWNhdGlvbi5jb21tdW5pY2F0aW9uLmF6dXJlLmNvbTtSQk52bzFXelo0b1JScTBXOStoa25wVDdUOElmNTM2REVNQmc5aHlxLzRvPQ=="
      },
      "RequestBody": {},
      "StatusCode": 201,
      "ResponseHeaders": {
        "api-supported-versions": "2020-07-20-preview2, 2021-02-22-preview1, 2021-03-07, 2021-10-31-preview, 2021-11-01, 2022-06-01, 2022-10-01, 2023-08-01",
        "Content-Length": "101",
        "Content-Type": "application/json; charset=utf-8",
        "Date": "Tue, 11 Jul 2023 00:42:11 GMT",
        "MS-CV": "kSxJJ4voJUeZ1Rns9GIe3g.0",
        "Request-Context": "appId=",
        "Strict-Transport-Security": "max-age=2592000",
        "X-Azure-Ref": "0Y6WsZAAAAABUJavosG1zSoy//rD6Yt4iV1NURURHRTAxMTcAOWZjN2I1MTktYThjYy00Zjg5LTkzNWUtYzkxNDhhZTA5ZTgx",
        "X-Cache": "CONFIG_NOCACHE",
        "x-ms-client-request-id": "3f61d326-6272-4db1-8b70-08be9b372d0d",
        "X-Processing-Time": "16ms"
      },
      "ResponseBody": {
        "identity": {
          "id": "8:acs:c6899c28-d68e-427a-80ea-47e003697db6_00000019-e247-b0ff-4ff7-343a0d006869"
        }
      }
    },
    {
      "RequestUri": "https://REDACTED/identities?api-version=2022-10-01",
      "RequestMethod": "POST",
      "RequestHeaders": {
        "Accept": "application/json",
        "Authorization": "Sanitized",
        "Content-Length": "2",
        "Content-Type": "application/json",
        "User-Agent": "azsdk-java-azure-communication-identity/1.4.7 (17.0.1; Windows 11; 10.0)",
        "x-ms-client-request-id": "8d74ed94-ea1c-4ae2-bd9b-fc4c326e7a49",
        "x-ms-content-sha256": "RBNvo1WzZ4oRRq0W9\u002BhknpT7T8If536DEMBg9hyq/4o=",
        "x-ms-date": "Tue, 11 Jul 2023 00:42:12 GMT",
        "x-ms-hmac-string-to-sign-base64": "UE9TVAovaWRlbnRpdGllcz9hcGktdmVyc2lvbj0yMDIyLTEwLTAxClR1ZSwgMTEgSnVsIDIwMjMgMDA6NDI6MTIgR01UO3JnLWVtYWlsLWNvbW0tY29tbXVuaWNhdGlvbi5jb21tdW5pY2F0aW9uLmF6dXJlLmNvbTtSQk52bzFXelo0b1JScTBXOStoa25wVDdUOElmNTM2REVNQmc5aHlxLzRvPQ=="
      },
      "RequestBody": {},
      "StatusCode": 201,
      "ResponseHeaders": {
        "api-supported-versions": "2020-07-20-preview2, 2021-02-22-preview1, 2021-03-07, 2021-10-31-preview, 2021-11-01, 2022-06-01, 2022-10-01, 2023-08-01",
        "Content-Length": "101",
        "Content-Type": "application/json; charset=utf-8",
        "Date": "Tue, 11 Jul 2023 00:42:11 GMT",
        "MS-CV": "7Mb7vJ90uE6Ed3cEeHnRFA.0",
        "Request-Context": "appId=",
        "Strict-Transport-Security": "max-age=2592000",
        "X-Azure-Ref": "0Y6WsZAAAAAClIv\u002BjNkxRSazVCfvcM/TlV1NURURHRTAxMTcAOWZjN2I1MTktYThjYy00Zjg5LTkzNWUtYzkxNDhhZTA5ZTgx",
        "X-Cache": "CONFIG_NOCACHE",
        "x-ms-client-request-id": "8d74ed94-ea1c-4ae2-bd9b-fc4c326e7a49",
        "X-Processing-Time": "18ms"
      },
      "ResponseBody": {
        "identity": {
          "id": "8:acs:c6899c28-d68e-427a-80ea-47e003697db6_00000019-e247-b144-85f4-343a0d0089b3"
        }
      }
    },
    {
      "RequestUri": "https://REDACTED/identities/8:acs:c6899c28-d68e-427a-80ea-47e003697db6_00000019-e247-b072-4ff7-343a0d006868/:issueAccessToken?api-version=2022-10-01",
      "RequestMethod": "POST",
      "RequestHeaders": {
        "Accept": "application/json",
        "Authorization": "Sanitized",
        "Content-Length": "19",
        "Content-Type": "application/json",
        "User-Agent": "azsdk-java-azure-communication-identity/1.4.7 (17.0.1; Windows 11; 10.0)",
        "x-ms-client-request-id": "f9c1707f-d896-4fc9-8848-0782e50d8e65",
        "x-ms-content-sha256": "J\u002BdoRQjtFVYLx3qOvzptwBLjQWqy6OEWEEk1TY1\u002BrT4=",
        "x-ms-date": "Tue, 11 Jul 2023 00:42:12 GMT",
        "x-ms-hmac-string-to-sign-base64": "UE9TVAovaWRlbnRpdGllcy84OmFjczpjNjg5OWMyOC1kNjhlLTQyN2EtODBlYS00N2UwMDM2OTdkYjZfMDAwMDAwMTktZTI0Ny1iMDcyLTRmZjctMzQzYTBkMDA2ODY4Lzppc3N1ZUFjY2Vzc1Rva2VuP2FwaS12ZXJzaW9uPTIwMjItMTAtMDEKVHVlLCAxMSBKdWwgMjAyMyAwMDo0MjoxMiBHTVQ7cmctZW1haWwtY29tbS1jb21tdW5pY2F0aW9uLmNvbW11bmljYXRpb24uYXp1cmUuY29tO0orZG9SUWp0RlZZTHgzcU92enB0d0JMalFXcXk2T0VXRUVrMVRZMStyVDQ9"
      },
      "RequestBody": {
        "scopes": [
          "chat"
        ]
      },
      "StatusCode": 200,
      "ResponseHeaders": {
        "api-supported-versions": "2020-07-20-preview2, 2021-02-22-preview1, 2021-03-07, 2021-10-31-preview, 2021-11-01, 2022-06-01, 2022-10-01, 2023-08-01",
        "Content-Length": "68",
        "Content-Type": "application/json; charset=utf-8",
        "Date": "Tue, 11 Jul 2023 00:42:10 GMT",
        "MS-CV": "ga1NhB6xj0Sq50OVatJXHQ.0",
        "Request-Context": "appId=",
        "Strict-Transport-Security": "max-age=2592000",
        "X-Azure-Ref": "0Y6WsZAAAAADn5fUikHG1QY6z4FW9YCVMV1NURURHRTAxMTMAOWZjN2I1MTktYThjYy00Zjg5LTkzNWUtYzkxNDhhZTA5ZTgx",
        "X-Cache": "CONFIG_NOCACHE",
        "x-ms-client-request-id": "f9c1707f-d896-4fc9-8848-0782e50d8e65",
        "X-Processing-Time": "26ms"
      },
      "ResponseBody": {
        "token": "REDACTED",
        "expiresOn": "2023-07-12T00:42:11.7527924\u002B00:00"
      }
    },
    {
      "RequestUri": "https://REDACTED/chat/threads?api-version=2021-09-07",
      "RequestMethod": "POST",
      "RequestHeaders": {
        "Accept": "application/json",
        "Authorization": "Sanitized",
        "Content-Length": "361",
        "Content-Type": "application/json",
        "repeatability-request-id": "7155f641-032a-4a00-adcd-d76f53b5fef8",
        "User-Agent": "azsdk-java-azure-communication-chat/1.4.0-beta.1 (17.0.1; Windows 11; 10.0)",
        "x-ms-client-request-id": "21116717-ce33-4fd7-8e59-dd790d59ab1f"
      },
      "RequestBody": {
        "topic": "Test",
        "participants": [
          {
            "communicationIdentifier": {
              "communicationUser": {
                "id": "8:acs:c6899c28-d68e-427a-80ea-47e003697db6_00000019-e247-b072-4ff7-343a0d006868"
              }
            },
            "displayName": "Tester 1"
          },
          {
            "communicationIdentifier": {
              "communicationUser": {
                "id": "8:acs:c6899c28-d68e-427a-80ea-47e003697db6_00000019-e247-b0ba-85f4-343a0d0089b2"
              }
            },
            "displayName": "Tester 2"
          }
        ]
      },
      "StatusCode": 201,
      "ResponseHeaders": {
        "api-supported-versions": "2021-03-07, 2021-04-05-preview6, 2021-09-07, 2023-04-01-preview, 2023-07-01-preview",
        "Content-Length": "367",
        "Content-Type": "application/json; charset=utf-8",
        "Date": "Tue, 11 Jul 2023 00:42:11 GMT",
        "Location": "https://rg-email-comm-communication.communication.azure.com/chat/threads/19%3A7kiF2KbuFnyCTkvmf80lcXu-DNJUfeE57LxLAPWCORU1@thread.v2",
        "MS-CV": "6VWVrGG3zkCrAnH2W9jkcQ.0",
        "Strict-Transport-Security": "max-age=2592000",
        "X-Azure-Ref": "0Y6WsZAAAAAAbCqvErRfXQpv5BsjUbdsgV1NURURHRTAxMTMAOWZjN2I1MTktYThjYy00Zjg5LTkzNWUtYzkxNDhhZTA5ZTgx",
        "X-Cache": "CONFIG_NOCACHE",
        "X-Processing-Time": "626ms"
      },
      "ResponseBody": {
        "chatThread": {
          "id": "19:7kiF2KbuFnyCTkvmf80lcXu-DNJUfeE57LxLAPWCORU1@thread.v2",
          "topic": "Test",
          "createdOn": "2023-07-11T00:42:11Z",
          "createdByCommunicationIdentifier": {
            "rawId": "8:acs:c6899c28-d68e-427a-80ea-47e003697db6_00000019-e247-b072-4ff7-343a0d006868",
            "communicationUser": {
              "id": "8:acs:c6899c28-d68e-427a-80ea-47e003697db6_00000019-e247-b072-4ff7-343a0d006868"
            }
          }
        }
      }
    },
    {
      "RequestUri": "https://REDACTED/chat/threads/19:7kiF2KbuFnyCTkvmf80lcXu-DNJUfeE57LxLAPWCORU1@thread.v2?api-version=2021-09-07",
      "RequestMethod": "PATCH",
      "RequestHeaders": {
        "Accept": "application/json",
        "Authorization": "Sanitized",
        "Content-Length": "23",
        "Content-Type": "application/merge-patch\u002Bjson",
        "User-Agent": "azsdk-java-azure-communication-chat/1.4.0-beta.1 (17.0.1; Windows 11; 10.0)",
        "x-ms-client-request-id": "275f82db-287d-4558-b7f5-3cb449f1b9f1"
      },
      "RequestBody": {
        "topic": "Update Test"
      },
      "StatusCode": 204,
      "ResponseHeaders": {
        "api-supported-versions": "2021-03-07, 2021-04-05-preview6, 2021-09-07, 2023-04-01-preview, 2023-07-01-preview",
        "Date": "Tue, 11 Jul 2023 00:42:15 GMT",
        "MS-CV": "A4mXGZ2xo0eJ9b7FoNpuyg.0",
        "Strict-Transport-Security": "max-age=2592000",
        "X-Azure-Ref": "0Z6WsZAAAAAC/T4lAiiQPSZl13P\u002BF3/7mV1NURURHRTAxMTcAOWZjN2I1MTktYThjYy00Zjg5LTkzNWUtYzkxNDhhZTA5ZTgx",
        "X-Cache": "CONFIG_NOCACHE",
        "X-Processing-Time": "208ms"
      },
      "ResponseBody": null
    },
    {
      "RequestUri": "https://REDACTED/chat/threads/19:7kiF2KbuFnyCTkvmf80lcXu-DNJUfeE57LxLAPWCORU1@thread.v2?api-version=2021-09-07",
      "RequestMethod": "GET",
      "RequestHeaders": {
        "Accept": "application/json",
        "Authorization": "Sanitized",
        "Content-Length": "0",
        "User-Agent": "azsdk-java-azure-communication-chat/1.4.0-beta.1 (17.0.1; Windows 11; 10.0)",
        "x-ms-client-request-id": "f4d9dc10-1cb5-4642-89ec-6b980636228d"
      },
      "RequestBody": null,
      "StatusCode": 200,
      "ResponseHeaders": {
        "api-supported-versions": "2021-03-07, 2021-04-05-preview6, 2021-09-07, 2023-04-01-preview, 2023-07-01-preview",
        "Content-Length": "359",
        "Content-Type": "application/json; charset=utf-8",
        "Date": "Tue, 11 Jul 2023 00:42:15 GMT",
        "MS-CV": "o0U2JFJSAkWsuANcTyL1og.0",
        "Strict-Transport-Security": "max-age=2592000",
        "X-Azure-Ref": "0Z6WsZAAAAACuu9jne2BpR6hFtdyvN2bZV1NURURHRTAxMTcAOWZjN2I1MTktYThjYy00Zjg5LTkzNWUtYzkxNDhhZTA5ZTgx",
        "X-Cache": "CONFIG_NOCACHE",
        "X-Processing-Time": "88ms"
      },
      "ResponseBody": {
        "id": "19:7kiF2KbuFnyCTkvmf80lcXu-DNJUfeE57LxLAPWCORU1@thread.v2",
        "topic": "Update Test",
        "createdOn": "2023-07-11T00:42:11Z",
        "createdByCommunicationIdentifier": {
          "rawId": "8:acs:c6899c28-d68e-427a-80ea-47e003697db6_00000019-e247-b072-4ff7-343a0d006868",
          "communicationUser": {
            "id": "8:acs:c6899c28-d68e-427a-80ea-47e003697db6_00000019-e247-b072-4ff7-343a0d006868"
          }
        }
      }
    }
  ],
  "Variables": {}
}
