{
  "Entries": [
    {
      "RequestUri": "https://REDACTED/kv/key12003846540?api-version=1.0",
      "RequestMethod": "PUT",
      "RequestHeaders": {
        "Accept": "application/vnd.microsoft.azconfig.kv\u002Bjson",
        "Authorization": "Sanitized",
        "Content-Length": "67",
        "Content-Type": "application/json",
        "Date": "Wed, 5 Apr 2023 02:25:37 GMT",
        "If-None-Match": "*",
        "Sync-Token": "",
        "User-Agent": "azsdk-java-azure-data-appconfiguration/1.5.0-beta.1 (17.0.1; Windows 11; 10.0)",
        "x-ms-client-request-id": "74afb8aa-f7e2-41ee-af6e-29e15ffc33fd",
        "x-ms-content-sha256": "dZRo8sRDQf1CpCv28hQielR5r4AvpcLAQi7IlxuD0YM=",
        "x-ms-return-client-request-id": "true"
      },
      "RequestBody": {
        "key": "key12003846540",
        "value": "myValue",
        "tags": {},
        "locked": false
      },
      "StatusCode": 200,
      "ResponseHeaders": {
        "Access-Control-Allow-Credentials": "true",
        "Access-Control-Allow-Origin": "*",
        "Access-Control-Expose-Headers": "DNT, X-CustomHeader, Keep-Alive, User-Agent, X-Requested-With, If-Modified-Since, Cache-Control, Content-Type, Authorization, x-ms-client-request-id, x-ms-useragent, x-ms-content-sha256, x-ms-date, host, Accept, Accept-Datetime, Date, If-Match, If-None-Match, Sync-Token, x-ms-return-client-request-id, ETag, Last-Modified, Link, Memento-Datetime, retry-after-ms, x-ms-request-id, x-ms-client-session-id, x-ms-effective-locale, WWW-Authenticate, traceparent, tracestate",
        "Connection": "keep-alive",
        "Content-Type": "application/vnd.microsoft.appconfig.kv\u002Bjson; charset=utf-8",
        "Date": "Wed, 05 Apr 2023 02:25:38 GMT",
        "ETag": "\u00227X52Za4c3yFFANbpIiw_TKqoshjPEfQ4RSzxwdSKSh8\u0022",
        "Last-Modified": "Wed, 05 Apr 2023 02:25:38 GMT",
        "Server": "openresty/1.21.4.1",
        "Strict-Transport-Security": "max-age=15724800; includeSubDomains",
        "Sync-Token": "zAJw6V16=MjoyMCM0MjgxMjE4;sn=4281218",
        "Transfer-Encoding": "chunked",
        "x-ms-client-request-id": "74afb8aa-f7e2-41ee-af6e-29e15ffc33fd",
        "x-ms-correlation-request-id": "a8a882bb-0454-4c47-80d7-03ca14fbc51b",
        "x-ms-request-id": "a8a882bb-0454-4c47-80d7-03ca14fbc51b"
      },
      "ResponseBody": {
        "etag": "7X52Za4c3yFFANbpIiw_TKqoshjPEfQ4RSzxwdSKSh8",
        "key": "key12003846540",
        "label": null,
        "content_type": null,
        "value": "myValue",
        "tags": {},
        "locked": false,
        "last_modified": "2023-04-05T02:25:38\u002B00:00"
      }
    },
    {
      "RequestUri": "https://REDACTED/kv/key12003846540?api-version=1.0",
      "RequestMethod": "GET",
      "RequestHeaders": {
        "Accept": "application/vnd.microsoft.azconfig.kv\u002Bjson",
        "Authorization": "Sanitized",
        "Content-Length": "0",
        "Content-Type": "application/json",
        "Date": "Wed, 5 Apr 2023 02:25:38 GMT",
        "Sync-Token": "zAJw6V16=MjoyMCM0MjgxMjE4",
        "User-Agent": "azsdk-java-azure-data-appconfiguration/1.5.0-beta.1 (17.0.1; Windows 11; 10.0)",
        "x-ms-client-request-id": "f1c5532a-8257-4c44-9165-8c82d49be719",
        "x-ms-content-sha256": "47DEQpj8HBSa\u002B/TImW\u002B5JCeuQeRkm5NMpJWZG3hSuFU=",
        "x-ms-return-client-request-id": "true"
      },
      "RequestBody": null,
      "StatusCode": 200,
      "ResponseHeaders": {
        "Access-Control-Allow-Credentials": "true",
        "Access-Control-Allow-Origin": "*",
        "Access-Control-Expose-Headers": "DNT, X-CustomHeader, Keep-Alive, User-Agent, X-Requested-With, If-Modified-Since, Cache-Control, Content-Type, Authorization, x-ms-client-request-id, x-ms-useragent, x-ms-content-sha256, x-ms-date, host, Accept, Accept-Datetime, Date, If-Match, If-None-Match, Sync-Token, x-ms-return-client-request-id, ETag, Last-Modified, Link, Memento-Datetime, retry-after-ms, x-ms-request-id, x-ms-client-session-id, x-ms-effective-locale, WWW-Authenticate, traceparent, tracestate",
        "Connection": "keep-alive",
        "Content-Type": "application/vnd.microsoft.appconfig.kv\u002Bjson; charset=utf-8",
        "Date": "Wed, 05 Apr 2023 02:25:39 GMT",
        "ETag": "\u00227X52Za4c3yFFANbpIiw_TKqoshjPEfQ4RSzxwdSKSh8\u0022",
        "Last-Modified": "Wed, 05 Apr 2023 02:25:38 GMT",
        "Server": "openresty/1.21.4.1",
        "Strict-Transport-Security": "max-age=15724800; includeSubDomains",
        "Sync-Token": "zAJw6V16=MjoyMCM0MjgxMjIz;sn=4281223",
        "Transfer-Encoding": "chunked",
        "x-ms-client-request-id": "f1c5532a-8257-4c44-9165-8c82d49be719",
        "x-ms-correlation-request-id": "b9b041ad-0069-4d45-954a-26cfd46dd0f9",
        "x-ms-request-id": "b9b041ad-0069-4d45-954a-26cfd46dd0f9"
      },
      "ResponseBody": {
        "etag": "7X52Za4c3yFFANbpIiw_TKqoshjPEfQ4RSzxwdSKSh8",
        "key": "key12003846540",
        "label": null,
        "content_type": null,
        "value": "myValue",
        "tags": {},
        "locked": false,
        "last_modified": "2023-04-05T02:25:38\u002B00:00"
      }
    },
    {
      "RequestUri": "https://REDACTED/kv/key12003846540?api-version=1.0",
      "RequestMethod": "DELETE",
      "RequestHeaders": {
        "Accept": "application/vnd.microsoft.azconfig.kv\u002Bjson",
        "Authorization": "Sanitized",
        "Content-Length": "0",
        "Content-Type": "application/json",
        "Date": "Wed, 5 Apr 2023 02:25:38 GMT",
        "Sync-Token": "zAJw6V16=MjoyMCM0MjgxMjIz",
        "User-Agent": "azsdk-java-azure-data-appconfiguration/1.5.0-beta.1 (17.0.1; Windows 11; 10.0)",
        "x-ms-client-request-id": "a65bdbe2-7e88-4000-83ba-5f9eeb50e519",
        "x-ms-content-sha256": "47DEQpj8HBSa\u002B/TImW\u002B5JCeuQeRkm5NMpJWZG3hSuFU=",
        "x-ms-return-client-request-id": "true"
      },
      "RequestBody": null,
      "StatusCode": 200,
      "ResponseHeaders": {
        "Access-Control-Allow-Credentials": "true",
        "Access-Control-Allow-Origin": "*",
        "Access-Control-Expose-Headers": "DNT, X-CustomHeader, Keep-Alive, User-Agent, X-Requested-With, If-Modified-Since, Cache-Control, Content-Type, Authorization, x-ms-client-request-id, x-ms-useragent, x-ms-content-sha256, x-ms-date, host, Accept, Accept-Datetime, Date, If-Match, If-None-Match, Sync-Token, x-ms-return-client-request-id, ETag, Last-Modified, Link, Memento-Datetime, retry-after-ms, x-ms-request-id, x-ms-client-session-id, x-ms-effective-locale, WWW-Authenticate, traceparent, tracestate",
        "Connection": "keep-alive",
        "Content-Type": "application/vnd.microsoft.appconfig.kv\u002Bjson; charset=utf-8",
        "Date": "Wed, 05 Apr 2023 02:25:39 GMT",
        "ETag": "\u00227X52Za4c3yFFANbpIiw_TKqoshjPEfQ4RSzxwdSKSh8\u0022",
        "Last-Modified": "Wed, 05 Apr 2023 02:25:38 GMT",
        "Server": "openresty/1.21.4.1",
        "Strict-Transport-Security": "max-age=15724800; includeSubDomains",
        "Sync-Token": "zAJw6V16=MjoyMCM0MjgxMjI4;sn=4281228",
        "Transfer-Encoding": "chunked",
        "x-ms-client-request-id": "a65bdbe2-7e88-4000-83ba-5f9eeb50e519",
        "x-ms-correlation-request-id": "4bdeb7d4-83e0-449b-814e-65798557fbdd",
        "x-ms-request-id": "4bdeb7d4-83e0-449b-814e-65798557fbdd"
      },
      "ResponseBody": {
        "etag": "7X52Za4c3yFFANbpIiw_TKqoshjPEfQ4RSzxwdSKSh8",
        "key": "key12003846540",
        "label": null,
        "content_type": null,
        "value": "myValue",
        "tags": {},
        "locked": false,
        "last_modified": "2023-04-05T02:25:38\u002B00:00"
      }
    },
    {
      "RequestUri": "https://REDACTED/kv/key12003846540?api-version=1.0",
      "RequestMethod": "GET",
      "RequestHeaders": {
        "Accept": "application/vnd.microsoft.azconfig.kv\u002Bjson",
        "Authorization": "Sanitized",
        "Content-Length": "0",
        "Content-Type": "application/json",
        "Date": "Wed, 5 Apr 2023 02:25:38 GMT",
        "Sync-Token": "zAJw6V16=MjoyMCM0MjgxMjI4",
        "User-Agent": "azsdk-java-azure-data-appconfiguration/1.5.0-beta.1 (17.0.1; Windows 11; 10.0)",
        "x-ms-client-request-id": "26981e78-7f13-4955-8c4f-6e80cd4318c2",
        "x-ms-content-sha256": "47DEQpj8HBSa\u002B/TImW\u002B5JCeuQeRkm5NMpJWZG3hSuFU=",
        "x-ms-return-client-request-id": "true"
      },
      "RequestBody": null,
      "StatusCode": 404,
      "ResponseHeaders": {
        "Access-Control-Allow-Credentials": "true",
        "Access-Control-Allow-Origin": "*",
        "Access-Control-Expose-Headers": "DNT, X-CustomHeader, Keep-Alive, User-Agent, X-Requested-With, If-Modified-Since, Cache-Control, Content-Type, Authorization, x-ms-client-request-id, x-ms-useragent, x-ms-content-sha256, x-ms-date, host, Accept, Accept-Datetime, Date, If-Match, If-None-Match, Sync-Token, x-ms-return-client-request-id, ETag, Last-Modified, Link, Memento-Datetime, retry-after-ms, x-ms-request-id, x-ms-client-session-id, x-ms-effective-locale, WWW-Authenticate, traceparent, tracestate",
        "Connection": "keep-alive",
        "Content-Length": "0",
        "Date": "Wed, 05 Apr 2023 02:25:39 GMT",
        "Server": "openresty/1.21.4.1",
        "Strict-Transport-Security": "max-age=15724800; includeSubDomains",
        "Sync-Token": "zAJw6V16=MjoyMCM0MjgxMjM0;sn=4281234",
        "x-ms-client-request-id": "26981e78-7f13-4955-8c4f-6e80cd4318c2",
        "x-ms-correlation-request-id": "3ef98d42-7daa-4659-aab1-d8ab06ea3782",
        "x-ms-request-id": "3ef98d42-7daa-4659-aab1-d8ab06ea3782"
      },
      "ResponseBody": null
    },
    {
      "RequestUri": "https://REDACTED/kv/key12003846540?label=660f3ae570479a\u0026api-version=1.0",
      "RequestMethod": "PUT",
      "RequestHeaders": {
        "Accept": "application/vnd.microsoft.azconfig.kv\u002Bjson",
        "Authorization": "Sanitized",
        "Content-Length": "92",
        "Content-Type": "application/json",
        "Date": "Wed, 5 Apr 2023 02:25:38 GMT",
        "If-None-Match": "*",
        "Sync-Token": "zAJw6V16=MjoyMCM0MjgxMjM0",
        "User-Agent": "azsdk-java-azure-data-appconfiguration/1.5.0-beta.1 (17.0.1; Windows 11; 10.0)",
        "x-ms-client-request-id": "58ed4a27-6e1e-4639-9042-a839476e04a5",
        "x-ms-content-sha256": "WzLsPeBvt72nIrWCJgPsTkLcAD25Ey8/4Lgi8q9HVb4=",
        "x-ms-return-client-request-id": "true"
      },
      "RequestBody": {
        "key": "key12003846540",
        "label": "660f3ae570479a",
        "value": "myValue",
        "tags": {},
        "locked": false
      },
      "StatusCode": 200,
      "ResponseHeaders": {
        "Access-Control-Allow-Credentials": "true",
        "Access-Control-Allow-Origin": "*",
        "Access-Control-Expose-Headers": "DNT, X-CustomHeader, Keep-Alive, User-Agent, X-Requested-With, If-Modified-Since, Cache-Control, Content-Type, Authorization, x-ms-client-request-id, x-ms-useragent, x-ms-content-sha256, x-ms-date, host, Accept, Accept-Datetime, Date, If-Match, If-None-Match, Sync-Token, x-ms-return-client-request-id, ETag, Last-Modified, Link, Memento-Datetime, retry-after-ms, x-ms-request-id, x-ms-client-session-id, x-ms-effective-locale, WWW-Authenticate, traceparent, tracestate",
        "Connection": "keep-alive",
        "Content-Type": "application/vnd.microsoft.appconfig.kv\u002Bjson; charset=utf-8",
        "Date": "Wed, 05 Apr 2023 02:25:39 GMT",
        "ETag": "\u0022ektq0RJWCzmqMa8Wy1d2zITuU8PCg1n0a_Jq54m0Trs\u0022",
        "Last-Modified": "Wed, 05 Apr 2023 02:25:39 GMT",
        "Server": "openresty/1.21.4.1",
        "Strict-Transport-Security": "max-age=15724800; includeSubDomains",
        "Sync-Token": "zAJw6V16=MjoyMCM0MjgxMjM5;sn=4281239",
        "Transfer-Encoding": "chunked",
        "x-ms-client-request-id": "58ed4a27-6e1e-4639-9042-a839476e04a5",
        "x-ms-correlation-request-id": "95d62e1b-0653-45d1-8a9c-908fc6ecd215",
        "x-ms-request-id": "95d62e1b-0653-45d1-8a9c-908fc6ecd215"
      },
      "ResponseBody": {
        "etag": "ektq0RJWCzmqMa8Wy1d2zITuU8PCg1n0a_Jq54m0Trs",
        "key": "key12003846540",
        "label": "660f3ae570479a",
        "content_type": null,
        "value": "myValue",
        "tags": {},
        "locked": false,
        "last_modified": "2023-04-05T02:25:39\u002B00:00"
      }
    },
    {
      "RequestUri": "https://REDACTED/kv/key12003846540?label=660f3ae570479a\u0026api-version=1.0",
      "RequestMethod": "GET",
      "RequestHeaders": {
        "Accept": "application/vnd.microsoft.azconfig.kv\u002Bjson",
        "Authorization": "Sanitized",
        "Content-Length": "0",
        "Content-Type": "application/json",
        "Date": "Wed, 5 Apr 2023 02:25:38 GMT",
        "Sync-Token": "zAJw6V16=MjoyMCM0MjgxMjM5",
        "User-Agent": "azsdk-java-azure-data-appconfiguration/1.5.0-beta.1 (17.0.1; Windows 11; 10.0)",
        "x-ms-client-request-id": "80823d93-18fb-40eb-a9cd-92e4c06cef26",
        "x-ms-content-sha256": "47DEQpj8HBSa\u002B/TImW\u002B5JCeuQeRkm5NMpJWZG3hSuFU=",
        "x-ms-return-client-request-id": "true"
      },
      "RequestBody": null,
      "StatusCode": 200,
      "ResponseHeaders": {
        "Access-Control-Allow-Credentials": "true",
        "Access-Control-Allow-Origin": "*",
        "Access-Control-Expose-Headers": "DNT, X-CustomHeader, Keep-Alive, User-Agent, X-Requested-With, If-Modified-Since, Cache-Control, Content-Type, Authorization, x-ms-client-request-id, x-ms-useragent, x-ms-content-sha256, x-ms-date, host, Accept, Accept-Datetime, Date, If-Match, If-None-Match, Sync-Token, x-ms-return-client-request-id, ETag, Last-Modified, Link, Memento-Datetime, retry-after-ms, x-ms-request-id, x-ms-client-session-id, x-ms-effective-locale, WWW-Authenticate, traceparent, tracestate",
        "Connection": "keep-alive",
        "Content-Type": "application/vnd.microsoft.appconfig.kv\u002Bjson; charset=utf-8",
        "Date": "Wed, 05 Apr 2023 02:25:39 GMT",
        "ETag": "\u0022ektq0RJWCzmqMa8Wy1d2zITuU8PCg1n0a_Jq54m0Trs\u0022",
        "Last-Modified": "Wed, 05 Apr 2023 02:25:39 GMT",
        "Server": "openresty/1.21.4.1",
        "Strict-Transport-Security": "max-age=15724800; includeSubDomains",
        "Sync-Token": "zAJw6V16=MjoyMCM0MjgxMjQz;sn=4281243",
        "Transfer-Encoding": "chunked",
        "x-ms-client-request-id": "80823d93-18fb-40eb-a9cd-92e4c06cef26",
        "x-ms-correlation-request-id": "32b84a3d-342a-43f1-bf8c-1a0124714dc8",
        "x-ms-request-id": "32b84a3d-342a-43f1-bf8c-1a0124714dc8"
      },
      "ResponseBody": {
        "etag": "ektq0RJWCzmqMa8Wy1d2zITuU8PCg1n0a_Jq54m0Trs",
        "key": "key12003846540",
        "label": "660f3ae570479a",
        "content_type": null,
        "value": "myValue",
        "tags": {},
        "locked": false,
        "last_modified": "2023-04-05T02:25:39\u002B00:00"
      }
    },
    {
      "RequestUri": "https://REDACTED/kv/key12003846540?label=660f3ae570479a\u0026api-version=1.0",
      "RequestMethod": "DELETE",
      "RequestHeaders": {
        "Accept": "application/vnd.microsoft.azconfig.kv\u002Bjson",
        "Authorization": "Sanitized",
        "Content-Length": "0",
        "Content-Type": "application/json",
        "Date": "Wed, 5 Apr 2023 02:25:38 GMT",
        "Sync-Token": "zAJw6V16=MjoyMCM0MjgxMjQz",
        "User-Agent": "azsdk-java-azure-data-appconfiguration/1.5.0-beta.1 (17.0.1; Windows 11; 10.0)",
        "x-ms-client-request-id": "3b394abd-cf59-4dd1-81b1-539dccd5af21",
        "x-ms-content-sha256": "47DEQpj8HBSa\u002B/TImW\u002B5JCeuQeRkm5NMpJWZG3hSuFU=",
        "x-ms-return-client-request-id": "true"
      },
      "RequestBody": null,
      "StatusCode": 200,
      "ResponseHeaders": {
        "Access-Control-Allow-Credentials": "true",
        "Access-Control-Allow-Origin": "*",
        "Access-Control-Expose-Headers": "DNT, X-CustomHeader, Keep-Alive, User-Agent, X-Requested-With, If-Modified-Since, Cache-Control, Content-Type, Authorization, x-ms-client-request-id, x-ms-useragent, x-ms-content-sha256, x-ms-date, host, Accept, Accept-Datetime, Date, If-Match, If-None-Match, Sync-Token, x-ms-return-client-request-id, ETag, Last-Modified, Link, Memento-Datetime, retry-after-ms, x-ms-request-id, x-ms-client-session-id, x-ms-effective-locale, WWW-Authenticate, traceparent, tracestate",
        "Connection": "keep-alive",
        "Content-Type": "application/vnd.microsoft.appconfig.kv\u002Bjson; charset=utf-8",
        "Date": "Wed, 05 Apr 2023 02:25:39 GMT",
        "ETag": "\u0022ektq0RJWCzmqMa8Wy1d2zITuU8PCg1n0a_Jq54m0Trs\u0022",
        "Last-Modified": "Wed, 05 Apr 2023 02:25:39 GMT",
        "Server": "openresty/1.21.4.1",
        "Strict-Transport-Security": "max-age=15724800; includeSubDomains",
        "Sync-Token": "zAJw6V16=MjoyMCM0MjgxMjQ5;sn=4281249",
        "Transfer-Encoding": "chunked",
        "x-ms-client-request-id": "3b394abd-cf59-4dd1-81b1-539dccd5af21",
        "x-ms-correlation-request-id": "03d91ed7-7819-4377-9578-7c8fceba8f4b",
        "x-ms-request-id": "03d91ed7-7819-4377-9578-7c8fceba8f4b"
      },
      "ResponseBody": {
        "etag": "ektq0RJWCzmqMa8Wy1d2zITuU8PCg1n0a_Jq54m0Trs",
        "key": "key12003846540",
        "label": "660f3ae570479a",
        "content_type": null,
        "value": "myValue",
        "tags": {},
        "locked": false,
        "last_modified": "2023-04-05T02:25:39\u002B00:00"
      }
    },
    {
      "RequestUri": "https://REDACTED/kv/key12003846540?label=660f3ae570479a\u0026api-version=1.0",
      "RequestMethod": "GET",
      "RequestHeaders": {
        "Accept": "application/vnd.microsoft.azconfig.kv\u002Bjson",
        "Authorization": "Sanitized",
        "Content-Length": "0",
        "Content-Type": "application/json",
        "Date": "Wed, 5 Apr 2023 02:25:38 GMT",
        "Sync-Token": "zAJw6V16=MjoyMCM0MjgxMjQ5",
        "User-Agent": "azsdk-java-azure-data-appconfiguration/1.5.0-beta.1 (17.0.1; Windows 11; 10.0)",
        "x-ms-client-request-id": "cbb4c649-c7a3-4dce-8aa5-3fe8c24e4dd6",
        "x-ms-content-sha256": "47DEQpj8HBSa\u002B/TImW\u002B5JCeuQeRkm5NMpJWZG3hSuFU=",
        "x-ms-return-client-request-id": "true"
      },
      "RequestBody": null,
      "StatusCode": 404,
      "ResponseHeaders": {
        "Access-Control-Allow-Credentials": "true",
        "Access-Control-Allow-Origin": "*",
        "Access-Control-Expose-Headers": "DNT, X-CustomHeader, Keep-Alive, User-Agent, X-Requested-With, If-Modified-Since, Cache-Control, Content-Type, Authorization, x-ms-client-request-id, x-ms-useragent, x-ms-content-sha256, x-ms-date, host, Accept, Accept-Datetime, Date, If-Match, If-None-Match, Sync-Token, x-ms-return-client-request-id, ETag, Last-Modified, Link, Memento-Datetime, retry-after-ms, x-ms-request-id, x-ms-client-session-id, x-ms-effective-locale, WWW-Authenticate, traceparent, tracestate",
        "Connection": "keep-alive",
        "Content-Length": "0",
        "Date": "Wed, 05 Apr 2023 02:25:39 GMT",
        "Server": "openresty/1.21.4.1",
        "Strict-Transport-Security": "max-age=15724800; includeSubDomains",
        "Sync-Token": "zAJw6V16=MjoyMCM0MjgxMjUy;sn=4281252",
        "x-ms-client-request-id": "cbb4c649-c7a3-4dce-8aa5-3fe8c24e4dd6",
        "x-ms-correlation-request-id": "5b5670f2-e883-4d82-aec8-2c30ad4ea860",
        "x-ms-request-id": "5b5670f2-e883-4d82-aec8-2c30ad4ea860"
      },
      "ResponseBody": null
    },
    {
      "RequestUri": "https://REDACTED/kv?key=key12003%2A\u0026api-version=1.0\u0026$Select=",
      "RequestMethod": "GET",
      "RequestHeaders": {
        "Accept": "application/vnd.microsoft.azconfig.kv\u002Bjson",
        "Authorization": "Sanitized",
        "Content-Length": "0",
        "Content-Type": "application/json",
        "Date": "Wed, 5 Apr 2023 02:25:38 GMT",
        "Sync-Token": "zAJw6V16=MjoyMCM0MjgxMjUy",
        "User-Agent": "azsdk-java-azure-data-appconfiguration/1.5.0-beta.1 (17.0.1; Windows 11; 10.0)",
        "x-ms-client-request-id": "f9d2e9af-fe94-419a-9b67-3cb95c4ebe57",
        "x-ms-content-sha256": "47DEQpj8HBSa\u002B/TImW\u002B5JCeuQeRkm5NMpJWZG3hSuFU=",
        "x-ms-return-client-request-id": "true"
      },
      "RequestBody": null,
      "StatusCode": 200,
      "ResponseHeaders": {
        "Access-Control-Allow-Credentials": "true",
        "Access-Control-Allow-Origin": "*",
        "Access-Control-Expose-Headers": "DNT, X-CustomHeader, Keep-Alive, User-Agent, X-Requested-With, If-Modified-Since, Cache-Control, Content-Type, Authorization, x-ms-client-request-id, x-ms-useragent, x-ms-content-sha256, x-ms-date, host, Accept, Accept-Datetime, Date, If-Match, If-None-Match, Sync-Token, x-ms-return-client-request-id, ETag, Last-Modified, Link, Memento-Datetime, retry-after-ms, x-ms-request-id, x-ms-client-session-id, x-ms-effective-locale, WWW-Authenticate, traceparent, tracestate",
        "Connection": "keep-alive",
        "Content-Type": "application/vnd.microsoft.appconfig.kvset\u002Bjson; charset=utf-8",
        "Date": "Wed, 05 Apr 2023 02:25:39 GMT",
        "Server": "openresty/1.21.4.1",
        "Strict-Transport-Security": "max-age=15724800; includeSubDomains",
        "Sync-Token": "zAJw6V16=MjoyMCM0MjgxMjU3;sn=4281257",
        "Transfer-Encoding": "chunked",
        "x-ms-client-request-id": "f9d2e9af-fe94-419a-9b67-3cb95c4ebe57",
        "x-ms-correlation-request-id": "11ee73dc-65c3-4e21-a250-ec334388e762",
        "x-ms-request-id": "11ee73dc-65c3-4e21-a250-ec334388e762"
      },
      "ResponseBody": {
        "items": []
      }
    }
  ],
  "Variables": {
    "0": "key12003",
    "1": "660f3ae5",
    "2": "key12003846540",
    "3": "660f3ae570479a"
  }
}
