{
  "Entries": [
    {
      "RequestUri": "https://REDACTED/kv/key8954394401e?api-version=1.0",
      "RequestMethod": "PUT",
      "RequestHeaders": {
        "Accept": "application/vnd.microsoft.azconfig.kv\u002Bjson",
        "Authorization": "Sanitized",
        "Content-Length": "87",
        "Content-Type": "application/json",
        "Date": "Wed, 5 Apr 2023 02:25:40 GMT",
        "If-Match": "\u0022badEtag\u0022",
        "Sync-Token": "",
        "User-Agent": "azsdk-java-azure-data-appconfiguration/1.5.0-beta.1 (17.0.1; Windows 11; 10.0)",
        "x-ms-client-request-id": "bf18fc04-134a-4a42-9d41-5b8aae46b9f6",
        "x-ms-content-sha256": "mlNFUUbqiyTTOr8meFUWem4rHoGHyfaZNZttK4qksiw=",
        "x-ms-return-client-request-id": "true"
      },
      "RequestBody": {
        "key": "key8954394401e",
        "value": "myNewValue",
        "tags": {},
        "locked": false,
        "etag": "badEtag"
      },
      "StatusCode": 412,
      "ResponseHeaders": {
        "Access-Control-Allow-Credentials": "true",
        "Access-Control-Allow-Origin": "*",
        "Access-Control-Expose-Headers": "DNT, X-CustomHeader, Keep-Alive, User-Agent, X-Requested-With, If-Modified-Since, Cache-Control, Content-Type, Authorization, x-ms-client-request-id, x-ms-useragent, x-ms-content-sha256, x-ms-date, host, Accept, Accept-Datetime, Date, If-Match, If-None-Match, Sync-Token, x-ms-return-client-request-id, ETag, Last-Modified, Link, Memento-Datetime, retry-after-ms, x-ms-request-id, x-ms-client-session-id, x-ms-effective-locale, WWW-Authenticate, traceparent, tracestate",
        "Connection": "keep-alive",
        "Content-Length": "0",
        "Date": "Wed, 05 Apr 2023 02:25:41 GMT",
        "Server": "openresty/1.21.4.1",
        "Strict-Transport-Security": "max-age=15724800; includeSubDomains",
        "Sync-Token": "zAJw6V16=MjoyMCM0MjgxNDEw;sn=4281410",
        "x-ms-client-request-id": "bf18fc04-134a-4a42-9d41-5b8aae46b9f6",
        "x-ms-correlation-request-id": "c431e474-a38b-4f18-b49f-43cfb7e0b86f",
        "x-ms-request-id": "c431e474-a38b-4f18-b49f-43cfb7e0b86f"
      },
      "ResponseBody": null
    },
    {
      "RequestUri": "https://REDACTED/kv/key8954394401e?api-version=1.0",
      "RequestMethod": "PUT",
      "RequestHeaders": {
        "Accept": "application/vnd.microsoft.azconfig.kv\u002Bjson",
        "Authorization": "Sanitized",
        "Content-Length": "87",
        "Content-Type": "application/json",
        "Date": "Wed, 5 Apr 2023 02:25:40 GMT",
        "If-None-Match": "*",
        "Sync-Token": "zAJw6V16=MjoyMCM0MjgxNDEw",
        "User-Agent": "azsdk-java-azure-data-appconfiguration/1.5.0-beta.1 (17.0.1; Windows 11; 10.0)",
        "x-ms-client-request-id": "01df8d68-cc2b-41d0-b3bd-718306ebd77b",
        "x-ms-content-sha256": "mlNFUUbqiyTTOr8meFUWem4rHoGHyfaZNZttK4qksiw=",
        "x-ms-return-client-request-id": "true"
      },
      "RequestBody": {
        "key": "key8954394401e",
        "value": "myNewValue",
        "tags": {},
        "locked": false,
        "etag": "badEtag"
      },
      "StatusCode": 200,
      "ResponseHeaders": {
        "Access-Control-Allow-Credentials": "true",
        "Access-Control-Allow-Origin": "*",
        "Access-Control-Expose-Headers": "DNT, X-CustomHeader, Keep-Alive, User-Agent, X-Requested-With, If-Modified-Since, Cache-Control, Content-Type, Authorization, x-ms-client-request-id, x-ms-useragent, x-ms-content-sha256, x-ms-date, host, Accept, Accept-Datetime, Date, If-Match, If-None-Match, Sync-Token, x-ms-return-client-request-id, ETag, Last-Modified, Link, Memento-Datetime, retry-after-ms, x-ms-request-id, x-ms-client-session-id, x-ms-effective-locale, WWW-Authenticate, traceparent, tracestate",
        "Connection": "keep-alive",
        "Content-Type": "application/vnd.microsoft.appconfig.kv\u002Bjson; charset=utf-8",
        "Date": "Wed, 05 Apr 2023 02:25:41 GMT",
        "ETag": "\u0022DNY0oHOfk-zK0yJFBn9G4GhILWXEJZlUARIQuS7LBTo\u0022",
        "Last-Modified": "Wed, 05 Apr 2023 02:25:41 GMT",
        "Server": "openresty/1.21.4.1",
        "Strict-Transport-Security": "max-age=15724800; includeSubDomains",
        "Sync-Token": "zAJw6V16=MjoyMCM0MjgxNDE5;sn=4281419",
        "Transfer-Encoding": "chunked",
        "x-ms-client-request-id": "01df8d68-cc2b-41d0-b3bd-718306ebd77b",
        "x-ms-correlation-request-id": "2252e3bc-1482-49a6-a07d-068ae50cbcc0",
        "x-ms-request-id": "2252e3bc-1482-49a6-a07d-068ae50cbcc0"
      },
      "ResponseBody": {
        "etag": "DNY0oHOfk-zK0yJFBn9G4GhILWXEJZlUARIQuS7LBTo",
        "key": "key8954394401e",
        "label": null,
        "content_type": null,
        "value": "myNewValue",
        "tags": {},
        "locked": false,
        "last_modified": "2023-04-05T02:25:41\u002B00:00"
      }
    },
    {
      "RequestUri": "https://REDACTED/kv/key8954394401e?api-version=1.0",
      "RequestMethod": "PUT",
      "RequestHeaders": {
        "Accept": "application/vnd.microsoft.azconfig.kv\u002Bjson",
        "Authorization": "Sanitized",
        "Content-Length": "126",
        "Content-Type": "application/json",
        "Date": "Wed, 5 Apr 2023 02:25:40 GMT",
        "If-Match": "\u0022DNY0oHOfk-zK0yJFBn9G4GhILWXEJZlUARIQuS7LBTo\u0022",
        "Sync-Token": "zAJw6V16=MjoyMCM0MjgxNDE5",
        "User-Agent": "azsdk-java-azure-data-appconfiguration/1.5.0-beta.1 (17.0.1; Windows 11; 10.0)",
        "x-ms-client-request-id": "1a0ddbf5-c971-4a8e-82f4-8e14788b47cc",
        "x-ms-content-sha256": "/obh8ACICBVIpLJ1GBrp9W56NUCiOeWK/y7YoGYQZy4=",
        "x-ms-return-client-request-id": "true"
      },
      "RequestBody": {
        "key": "key8954394401e",
        "value": "myUpdateValue",
        "tags": {},
        "locked": false,
        "etag": "DNY0oHOfk-zK0yJFBn9G4GhILWXEJZlUARIQuS7LBTo"
      },
      "StatusCode": 200,
      "ResponseHeaders": {
        "Access-Control-Allow-Credentials": "true",
        "Access-Control-Allow-Origin": "*",
        "Access-Control-Expose-Headers": "DNT, X-CustomHeader, Keep-Alive, User-Agent, X-Requested-With, If-Modified-Since, Cache-Control, Content-Type, Authorization, x-ms-client-request-id, x-ms-useragent, x-ms-content-sha256, x-ms-date, host, Accept, Accept-Datetime, Date, If-Match, If-None-Match, Sync-Token, x-ms-return-client-request-id, ETag, Last-Modified, Link, Memento-Datetime, retry-after-ms, x-ms-request-id, x-ms-client-session-id, x-ms-effective-locale, WWW-Authenticate, traceparent, tracestate",
        "Connection": "keep-alive",
        "Content-Type": "application/vnd.microsoft.appconfig.kv\u002Bjson; charset=utf-8",
        "Date": "Wed, 05 Apr 2023 02:25:42 GMT",
        "ETag": "\u0022Yo7sDZGxH8MF5yoSmfzOJDzY3xU_bC1R2CneH3m545Q\u0022",
        "Last-Modified": "Wed, 05 Apr 2023 02:25:42 GMT",
        "Server": "openresty/1.21.4.1",
        "Strict-Transport-Security": "max-age=15724800; includeSubDomains",
        "Sync-Token": "zAJw6V16=MjoyMCM0MjgxNDI3;sn=4281427",
        "Transfer-Encoding": "chunked",
        "x-ms-client-request-id": "1a0ddbf5-c971-4a8e-82f4-8e14788b47cc",
        "x-ms-correlation-request-id": "c349e194-5858-4936-9455-8fb68df7dfe8",
        "x-ms-request-id": "c349e194-5858-4936-9455-8fb68df7dfe8"
      },
      "ResponseBody": {
        "etag": "Yo7sDZGxH8MF5yoSmfzOJDzY3xU_bC1R2CneH3m545Q",
        "key": "key8954394401e",
        "label": null,
        "content_type": null,
        "value": "myUpdateValue",
        "tags": {},
        "locked": false,
        "last_modified": "2023-04-05T02:25:42\u002B00:00"
      }
    },
    {
      "RequestUri": "https://REDACTED/kv/key8954394401e?api-version=1.0",
      "RequestMethod": "PUT",
      "RequestHeaders": {
        "Accept": "application/vnd.microsoft.azconfig.kv\u002Bjson",
        "Authorization": "Sanitized",
        "Content-Length": "87",
        "Content-Type": "application/json",
        "Date": "Wed, 5 Apr 2023 02:25:41 GMT",
        "If-Match": "\u0022badEtag\u0022",
        "Sync-Token": "zAJw6V16=MjoyMCM0MjgxNDI3",
        "User-Agent": "azsdk-java-azure-data-appconfiguration/1.5.0-beta.1 (17.0.1; Windows 11; 10.0)",
        "x-ms-client-request-id": "866a15c8-168f-41a8-937d-7aa22196ac19",
        "x-ms-content-sha256": "mlNFUUbqiyTTOr8meFUWem4rHoGHyfaZNZttK4qksiw=",
        "x-ms-return-client-request-id": "true"
      },
      "RequestBody": {
        "key": "key8954394401e",
        "value": "myNewValue",
        "tags": {},
        "locked": false,
        "etag": "badEtag"
      },
      "StatusCode": 412,
      "ResponseHeaders": {
        "Access-Control-Allow-Credentials": "true",
        "Access-Control-Allow-Origin": "*",
        "Access-Control-Expose-Headers": "DNT, X-CustomHeader, Keep-Alive, User-Agent, X-Requested-With, If-Modified-Since, Cache-Control, Content-Type, Authorization, x-ms-client-request-id, x-ms-useragent, x-ms-content-sha256, x-ms-date, host, Accept, Accept-Datetime, Date, If-Match, If-None-Match, Sync-Token, x-ms-return-client-request-id, ETag, Last-Modified, Link, Memento-Datetime, retry-after-ms, x-ms-request-id, x-ms-client-session-id, x-ms-effective-locale, WWW-Authenticate, traceparent, tracestate",
        "Connection": "keep-alive",
        "Content-Length": "0",
        "Date": "Wed, 05 Apr 2023 02:25:42 GMT",
        "Server": "openresty/1.21.4.1",
        "Strict-Transport-Security": "max-age=15724800; includeSubDomains",
        "Sync-Token": "zAJw6V16=MjoyMCM0MjgxNDM4;sn=4281438",
        "x-ms-client-request-id": "866a15c8-168f-41a8-937d-7aa22196ac19",
        "x-ms-correlation-request-id": "428a413c-f207-41ca-9624-df38e431a37e",
        "x-ms-request-id": "428a413c-f207-41ca-9624-df38e431a37e"
      },
      "ResponseBody": null
    },
    {
      "RequestUri": "https://REDACTED/kv/key8954394401e?api-version=1.0",
      "RequestMethod": "GET",
      "RequestHeaders": {
        "Accept": "application/vnd.microsoft.azconfig.kv\u002Bjson",
        "Authorization": "Sanitized",
        "Content-Length": "0",
        "Content-Type": "application/json",
        "Date": "Wed, 5 Apr 2023 02:25:41 GMT",
        "Sync-Token": "zAJw6V16=MjoyMCM0MjgxNDM4",
        "User-Agent": "azsdk-java-azure-data-appconfiguration/1.5.0-beta.1 (17.0.1; Windows 11; 10.0)",
        "x-ms-client-request-id": "c37b4b58-82e3-47a9-a2fe-663a6788cc9b",
        "x-ms-content-sha256": "47DEQpj8HBSa\u002B/TImW\u002B5JCeuQeRkm5NMpJWZG3hSuFU=",
        "x-ms-return-client-request-id": "true"
      },
      "RequestBody": null,
      "StatusCode": 200,
      "ResponseHeaders": {
        "Access-Control-Allow-Credentials": "true",
        "Access-Control-Allow-Origin": "*",
        "Access-Control-Expose-Headers": "DNT, X-CustomHeader, Keep-Alive, User-Agent, X-Requested-With, If-Modified-Since, Cache-Control, Content-Type, Authorization, x-ms-client-request-id, x-ms-useragent, x-ms-content-sha256, x-ms-date, host, Accept, Accept-Datetime, Date, If-Match, If-None-Match, Sync-Token, x-ms-return-client-request-id, ETag, Last-Modified, Link, Memento-Datetime, retry-after-ms, x-ms-request-id, x-ms-client-session-id, x-ms-effective-locale, WWW-Authenticate, traceparent, tracestate",
        "Connection": "keep-alive",
        "Content-Type": "application/vnd.microsoft.appconfig.kv\u002Bjson; charset=utf-8",
        "Date": "Wed, 05 Apr 2023 02:25:42 GMT",
        "ETag": "\u0022Yo7sDZGxH8MF5yoSmfzOJDzY3xU_bC1R2CneH3m545Q\u0022",
        "Last-Modified": "Wed, 05 Apr 2023 02:25:42 GMT",
        "Server": "openresty/1.21.4.1",
        "Strict-Transport-Security": "max-age=15724800; includeSubDomains",
        "Sync-Token": "zAJw6V16=MjoyMCM0MjgxNDQz;sn=4281443",
        "Transfer-Encoding": "chunked",
        "x-ms-client-request-id": "c37b4b58-82e3-47a9-a2fe-663a6788cc9b",
        "x-ms-correlation-request-id": "c17fb7eb-b580-4c35-8af7-773fac5c4beb",
        "x-ms-request-id": "c17fb7eb-b580-4c35-8af7-773fac5c4beb"
      },
      "ResponseBody": {
        "etag": "Yo7sDZGxH8MF5yoSmfzOJDzY3xU_bC1R2CneH3m545Q",
        "key": "key8954394401e",
        "label": null,
        "content_type": null,
        "value": "myUpdateValue",
        "tags": {},
        "locked": false,
        "last_modified": "2023-04-05T02:25:42\u002B00:00"
      }
    },
    {
      "RequestUri": "https://REDACTED/kv/key8954394401e?label=c98f4514107003\u0026api-version=1.0",
      "RequestMethod": "PUT",
      "RequestHeaders": {
        "Accept": "application/vnd.microsoft.azconfig.kv\u002Bjson",
        "Authorization": "Sanitized",
        "Content-Length": "112",
        "Content-Type": "application/json",
        "Date": "Wed, 5 Apr 2023 02:25:41 GMT",
        "If-Match": "\u0022badEtag\u0022",
        "Sync-Token": "zAJw6V16=MjoyMCM0MjgxNDQz",
        "User-Agent": "azsdk-java-azure-data-appconfiguration/1.5.0-beta.1 (17.0.1; Windows 11; 10.0)",
        "x-ms-client-request-id": "d39f78b5-bd5e-4024-868f-10de43518693",
        "x-ms-content-sha256": "dIdQxkcNxZ3SRFAg/UUb3PxcPr5Nz535zA8W1fv5rI4=",
        "x-ms-return-client-request-id": "true"
      },
      "RequestBody": {
        "key": "key8954394401e",
        "label": "c98f4514107003",
        "value": "myNewValue",
        "tags": {},
        "locked": false,
        "etag": "badEtag"
      },
      "StatusCode": 412,
      "ResponseHeaders": {
        "Access-Control-Allow-Credentials": "true",
        "Access-Control-Allow-Origin": "*",
        "Access-Control-Expose-Headers": "DNT, X-CustomHeader, Keep-Alive, User-Agent, X-Requested-With, If-Modified-Since, Cache-Control, Content-Type, Authorization, x-ms-client-request-id, x-ms-useragent, x-ms-content-sha256, x-ms-date, host, Accept, Accept-Datetime, Date, If-Match, If-None-Match, Sync-Token, x-ms-return-client-request-id, ETag, Last-Modified, Link, Memento-Datetime, retry-after-ms, x-ms-request-id, x-ms-client-session-id, x-ms-effective-locale, WWW-Authenticate, traceparent, tracestate",
        "Connection": "keep-alive",
        "Content-Length": "0",
        "Date": "Wed, 05 Apr 2023 02:25:42 GMT",
        "Server": "openresty/1.21.4.1",
        "Strict-Transport-Security": "max-age=15724800; includeSubDomains",
        "Sync-Token": "zAJw6V16=MjoyMCM0MjgxNDQz;sn=4281443",
        "x-ms-client-request-id": "d39f78b5-bd5e-4024-868f-10de43518693",
        "x-ms-correlation-request-id": "5832cc4a-2264-4a2d-8a49-309ce771f5bd",
        "x-ms-request-id": "5832cc4a-2264-4a2d-8a49-309ce771f5bd"
      },
      "ResponseBody": null
    },
    {
      "RequestUri": "https://REDACTED/kv/key8954394401e?label=c98f4514107003\u0026api-version=1.0",
      "RequestMethod": "PUT",
      "RequestHeaders": {
        "Accept": "application/vnd.microsoft.azconfig.kv\u002Bjson",
        "Authorization": "Sanitized",
        "Content-Length": "112",
        "Content-Type": "application/json",
        "Date": "Wed, 5 Apr 2023 02:25:41 GMT",
        "If-None-Match": "*",
        "Sync-Token": "zAJw6V16=MjoyMCM0MjgxNDQz",
        "User-Agent": "azsdk-java-azure-data-appconfiguration/1.5.0-beta.1 (17.0.1; Windows 11; 10.0)",
        "x-ms-client-request-id": "062c6ec3-067e-48fb-8241-5c9dc51992ed",
        "x-ms-content-sha256": "dIdQxkcNxZ3SRFAg/UUb3PxcPr5Nz535zA8W1fv5rI4=",
        "x-ms-return-client-request-id": "true"
      },
      "RequestBody": {
        "key": "key8954394401e",
        "label": "c98f4514107003",
        "value": "myNewValue",
        "tags": {},
        "locked": false,
        "etag": "badEtag"
      },
      "StatusCode": 200,
      "ResponseHeaders": {
        "Access-Control-Allow-Credentials": "true",
        "Access-Control-Allow-Origin": "*",
        "Access-Control-Expose-Headers": "DNT, X-CustomHeader, Keep-Alive, User-Agent, X-Requested-With, If-Modified-Since, Cache-Control, Content-Type, Authorization, x-ms-client-request-id, x-ms-useragent, x-ms-content-sha256, x-ms-date, host, Accept, Accept-Datetime, Date, If-Match, If-None-Match, Sync-Token, x-ms-return-client-request-id, ETag, Last-Modified, Link, Memento-Datetime, retry-after-ms, x-ms-request-id, x-ms-client-session-id, x-ms-effective-locale, WWW-Authenticate, traceparent, tracestate",
        "Connection": "keep-alive",
        "Content-Type": "application/vnd.microsoft.appconfig.kv\u002Bjson; charset=utf-8",
        "Date": "Wed, 05 Apr 2023 02:25:42 GMT",
        "ETag": "\u0022MnKQGXbgCBlPlwYvQ267EUOYkKp6NlAPvC_M-DOLRRw\u0022",
        "Last-Modified": "Wed, 05 Apr 2023 02:25:42 GMT",
        "Server": "openresty/1.21.4.1",
        "Strict-Transport-Security": "max-age=15724800; includeSubDomains",
        "Sync-Token": "zAJw6V16=MjoyMCM0MjgxNDQ3;sn=4281447",
        "Transfer-Encoding": "chunked",
        "x-ms-client-request-id": "062c6ec3-067e-48fb-8241-5c9dc51992ed",
        "x-ms-correlation-request-id": "3275ad4f-27d8-4e4f-8bd0-933cc00dacac",
        "x-ms-request-id": "3275ad4f-27d8-4e4f-8bd0-933cc00dacac"
      },
      "ResponseBody": {
        "etag": "MnKQGXbgCBlPlwYvQ267EUOYkKp6NlAPvC_M-DOLRRw",
        "key": "key8954394401e",
        "label": "c98f4514107003",
        "content_type": null,
        "value": "myNewValue",
        "tags": {},
        "locked": false,
        "last_modified": "2023-04-05T02:25:42\u002B00:00"
      }
    },
    {
      "RequestUri": "https://REDACTED/kv/key8954394401e?label=c98f4514107003\u0026api-version=1.0",
      "RequestMethod": "PUT",
      "RequestHeaders": {
        "Accept": "application/vnd.microsoft.azconfig.kv\u002Bjson",
        "Authorization": "Sanitized",
        "Content-Length": "151",
        "Content-Type": "application/json",
        "Date": "Wed, 5 Apr 2023 02:25:41 GMT",
        "If-Match": "\u0022MnKQGXbgCBlPlwYvQ267EUOYkKp6NlAPvC_M-DOLRRw\u0022",
        "Sync-Token": "zAJw6V16=MjoyMCM0MjgxNDQ3",
        "User-Agent": "azsdk-java-azure-data-appconfiguration/1.5.0-beta.1 (17.0.1; Windows 11; 10.0)",
        "x-ms-client-request-id": "928d2c3d-3ee5-4818-b6c7-9d9e663db40d",
        "x-ms-content-sha256": "H3RM3BsrjWwuxvRLhoxA3Ggan1eec0cTIS5AjkuEwjw=",
        "x-ms-return-client-request-id": "true"
      },
      "RequestBody": {
        "key": "key8954394401e",
        "label": "c98f4514107003",
        "value": "myUpdateValue",
        "tags": {},
        "locked": false,
        "etag": "MnKQGXbgCBlPlwYvQ267EUOYkKp6NlAPvC_M-DOLRRw"
      },
      "StatusCode": 200,
      "ResponseHeaders": {
        "Access-Control-Allow-Credentials": "true",
        "Access-Control-Allow-Origin": "*",
        "Access-Control-Expose-Headers": "DNT, X-CustomHeader, Keep-Alive, User-Agent, X-Requested-With, If-Modified-Since, Cache-Control, Content-Type, Authorization, x-ms-client-request-id, x-ms-useragent, x-ms-content-sha256, x-ms-date, host, Accept, Accept-Datetime, Date, If-Match, If-None-Match, Sync-Token, x-ms-return-client-request-id, ETag, Last-Modified, Link, Memento-Datetime, retry-after-ms, x-ms-request-id, x-ms-client-session-id, x-ms-effective-locale, WWW-Authenticate, traceparent, tracestate",
        "Connection": "keep-alive",
        "Content-Type": "application/vnd.microsoft.appconfig.kv\u002Bjson; charset=utf-8",
        "Date": "Wed, 05 Apr 2023 02:25:42 GMT",
        "ETag": "\u00228K7hVXucszhRBhNYpTPTjiqTDKyJeoHp6OAS7M9YTm0\u0022",
        "Last-Modified": "Wed, 05 Apr 2023 02:25:42 GMT",
        "Server": "openresty/1.21.4.1",
        "Strict-Transport-Security": "max-age=15724800; includeSubDomains",
        "Sync-Token": "zAJw6V16=MjoyMCM0MjgxNDUw;sn=4281450",
        "Transfer-Encoding": "chunked",
        "x-ms-client-request-id": "928d2c3d-3ee5-4818-b6c7-9d9e663db40d",
        "x-ms-correlation-request-id": "c8ce8a2f-2748-431f-b6d4-09a5f0e2ddc2",
        "x-ms-request-id": "c8ce8a2f-2748-431f-b6d4-09a5f0e2ddc2"
      },
      "ResponseBody": {
        "etag": "8K7hVXucszhRBhNYpTPTjiqTDKyJeoHp6OAS7M9YTm0",
        "key": "key8954394401e",
        "label": "c98f4514107003",
        "content_type": null,
        "value": "myUpdateValue",
        "tags": {},
        "locked": false,
        "last_modified": "2023-04-05T02:25:42\u002B00:00"
      }
    },
    {
      "RequestUri": "https://REDACTED/kv/key8954394401e?label=c98f4514107003\u0026api-version=1.0",
      "RequestMethod": "PUT",
      "RequestHeaders": {
        "Accept": "application/vnd.microsoft.azconfig.kv\u002Bjson",
        "Authorization": "Sanitized",
        "Content-Length": "112",
        "Content-Type": "application/json",
        "Date": "Wed, 5 Apr 2023 02:25:41 GMT",
        "If-Match": "\u0022badEtag\u0022",
        "Sync-Token": "zAJw6V16=MjoyMCM0MjgxNDUw",
        "User-Agent": "azsdk-java-azure-data-appconfiguration/1.5.0-beta.1 (17.0.1; Windows 11; 10.0)",
        "x-ms-client-request-id": "706eeb3c-6f57-4eda-a720-ae79a46ddcd4",
        "x-ms-content-sha256": "dIdQxkcNxZ3SRFAg/UUb3PxcPr5Nz535zA8W1fv5rI4=",
        "x-ms-return-client-request-id": "true"
      },
      "RequestBody": {
        "key": "key8954394401e",
        "label": "c98f4514107003",
        "value": "myNewValue",
        "tags": {},
        "locked": false,
        "etag": "badEtag"
      },
      "StatusCode": 412,
      "ResponseHeaders": {
        "Access-Control-Allow-Credentials": "true",
        "Access-Control-Allow-Origin": "*",
        "Access-Control-Expose-Headers": "DNT, X-CustomHeader, Keep-Alive, User-Agent, X-Requested-With, If-Modified-Since, Cache-Control, Content-Type, Authorization, x-ms-client-request-id, x-ms-useragent, x-ms-content-sha256, x-ms-date, host, Accept, Accept-Datetime, Date, If-Match, If-None-Match, Sync-Token, x-ms-return-client-request-id, ETag, Last-Modified, Link, Memento-Datetime, retry-after-ms, x-ms-request-id, x-ms-client-session-id, x-ms-effective-locale, WWW-Authenticate, traceparent, tracestate",
        "Connection": "keep-alive",
        "Content-Length": "0",
        "Date": "Wed, 05 Apr 2023 02:25:42 GMT",
        "Server": "openresty/1.21.4.1",
        "Strict-Transport-Security": "max-age=15724800; includeSubDomains",
        "Sync-Token": "zAJw6V16=MjoyMCM0MjgxNDU4;sn=4281458",
        "x-ms-client-request-id": "706eeb3c-6f57-4eda-a720-ae79a46ddcd4",
        "x-ms-correlation-request-id": "3bb5fdfd-d535-46a9-93f0-6ab2fbd6773e",
        "x-ms-request-id": "3bb5fdfd-d535-46a9-93f0-6ab2fbd6773e"
      },
      "ResponseBody": null
    },
    {
      "RequestUri": "https://REDACTED/kv/key8954394401e?label=c98f4514107003\u0026api-version=1.0",
      "RequestMethod": "GET",
      "RequestHeaders": {
        "Accept": "application/vnd.microsoft.azconfig.kv\u002Bjson",
        "Authorization": "Sanitized",
        "Content-Length": "0",
        "Content-Type": "application/json",
        "Date": "Wed, 5 Apr 2023 02:25:41 GMT",
        "Sync-Token": "zAJw6V16=MjoyMCM0MjgxNDU4",
        "User-Agent": "azsdk-java-azure-data-appconfiguration/1.5.0-beta.1 (17.0.1; Windows 11; 10.0)",
        "x-ms-client-request-id": "81f33d16-8d73-452f-b2f1-0f30aa8f942b",
        "x-ms-content-sha256": "47DEQpj8HBSa\u002B/TImW\u002B5JCeuQeRkm5NMpJWZG3hSuFU=",
        "x-ms-return-client-request-id": "true"
      },
      "RequestBody": null,
      "StatusCode": 200,
      "ResponseHeaders": {
        "Access-Control-Allow-Credentials": "true",
        "Access-Control-Allow-Origin": "*",
        "Access-Control-Expose-Headers": "DNT, X-CustomHeader, Keep-Alive, User-Agent, X-Requested-With, If-Modified-Since, Cache-Control, Content-Type, Authorization, x-ms-client-request-id, x-ms-useragent, x-ms-content-sha256, x-ms-date, host, Accept, Accept-Datetime, Date, If-Match, If-None-Match, Sync-Token, x-ms-return-client-request-id, ETag, Last-Modified, Link, Memento-Datetime, retry-after-ms, x-ms-request-id, x-ms-client-session-id, x-ms-effective-locale, WWW-Authenticate, traceparent, tracestate",
        "Connection": "keep-alive",
        "Content-Type": "application/vnd.microsoft.appconfig.kv\u002Bjson; charset=utf-8",
        "Date": "Wed, 05 Apr 2023 02:25:42 GMT",
        "ETag": "\u00228K7hVXucszhRBhNYpTPTjiqTDKyJeoHp6OAS7M9YTm0\u0022",
        "Last-Modified": "Wed, 05 Apr 2023 02:25:42 GMT",
        "Server": "openresty/1.21.4.1",
        "Strict-Transport-Security": "max-age=15724800; includeSubDomains",
        "Sync-Token": "zAJw6V16=MjoyMCM0MjgxNDY4;sn=4281468",
        "Transfer-Encoding": "chunked",
        "x-ms-client-request-id": "81f33d16-8d73-452f-b2f1-0f30aa8f942b",
        "x-ms-correlation-request-id": "e237fc73-b593-469f-9ead-eb771df278eb",
        "x-ms-request-id": "e237fc73-b593-469f-9ead-eb771df278eb"
      },
      "ResponseBody": {
        "etag": "8K7hVXucszhRBhNYpTPTjiqTDKyJeoHp6OAS7M9YTm0",
        "key": "key8954394401e",
        "label": "c98f4514107003",
        "content_type": null,
        "value": "myUpdateValue",
        "tags": {},
        "locked": false,
        "last_modified": "2023-04-05T02:25:42\u002B00:00"
      }
    },
    {
      "RequestUri": "https://REDACTED/kv?key=key89543%2A\u0026api-version=1.0\u0026$Select=",
      "RequestMethod": "GET",
      "RequestHeaders": {
        "Accept": "application/vnd.microsoft.azconfig.kv\u002Bjson",
        "Authorization": "Sanitized",
        "Content-Length": "0",
        "Content-Type": "application/json",
        "Date": "Wed, 5 Apr 2023 02:25:41 GMT",
        "Sync-Token": "zAJw6V16=MjoyMCM0MjgxNDY4",
        "User-Agent": "azsdk-java-azure-data-appconfiguration/1.5.0-beta.1 (17.0.1; Windows 11; 10.0)",
        "x-ms-client-request-id": "0ff2aeeb-9222-4352-a2f1-f332a6c33fb1",
        "x-ms-content-sha256": "47DEQpj8HBSa\u002B/TImW\u002B5JCeuQeRkm5NMpJWZG3hSuFU=",
        "x-ms-return-client-request-id": "true"
      },
      "RequestBody": null,
      "StatusCode": 200,
      "ResponseHeaders": {
        "Access-Control-Allow-Credentials": "true",
        "Access-Control-Allow-Origin": "*",
        "Access-Control-Expose-Headers": "DNT, X-CustomHeader, Keep-Alive, User-Agent, X-Requested-With, If-Modified-Since, Cache-Control, Content-Type, Authorization, x-ms-client-request-id, x-ms-useragent, x-ms-content-sha256, x-ms-date, host, Accept, Accept-Datetime, Date, If-Match, If-None-Match, Sync-Token, x-ms-return-client-request-id, ETag, Last-Modified, Link, Memento-Datetime, retry-after-ms, x-ms-request-id, x-ms-client-session-id, x-ms-effective-locale, WWW-Authenticate, traceparent, tracestate",
        "Connection": "keep-alive",
        "Content-Type": "application/vnd.microsoft.appconfig.kvset\u002Bjson; charset=utf-8",
        "Date": "Wed, 05 Apr 2023 02:25:42 GMT",
        "Server": "openresty/1.21.4.1",
        "Strict-Transport-Security": "max-age=15724800; includeSubDomains",
        "Sync-Token": "zAJw6V16=MjoyMCM0MjgxNDcy;sn=4281472",
        "Transfer-Encoding": "chunked",
        "x-ms-client-request-id": "0ff2aeeb-9222-4352-a2f1-f332a6c33fb1",
        "x-ms-correlation-request-id": "4e81de87-907e-4433-b155-7a22294c83e5",
        "x-ms-request-id": "4e81de87-907e-4433-b155-7a22294c83e5"
      },
      "ResponseBody": {
        "items": [
          {
            "etag": "Yo7sDZGxH8MF5yoSmfzOJDzY3xU_bC1R2CneH3m545Q",
            "key": "key8954394401e",
            "label": null,
            "content_type": null,
            "value": "myUpdateValue",
            "tags": {},
            "locked": false,
            "last_modified": "2023-04-05T02:25:42\u002B00:00"
          },
          {
            "etag": "8K7hVXucszhRBhNYpTPTjiqTDKyJeoHp6OAS7M9YTm0",
            "key": "key8954394401e",
            "label": "c98f4514107003",
            "content_type": null,
            "value": "myUpdateValue",
            "tags": {},
            "locked": false,
            "last_modified": "2023-04-05T02:25:42\u002B00:00"
          }
        ]
      }
    },
    {
      "RequestUri": "https://REDACTED/kv/key8954394401e?label=c98f4514107003\u0026api-version=1.0",
      "RequestMethod": "DELETE",
      "RequestHeaders": {
        "Accept": "application/vnd.microsoft.azconfig.kv\u002Bjson",
        "Authorization": "Sanitized",
        "Content-Length": "0",
        "Content-Type": "application/json",
        "Date": "Wed, 5 Apr 2023 02:25:41 GMT",
        "Sync-Token": "zAJw6V16=MjoyMCM0MjgxNDcy",
        "User-Agent": "azsdk-java-azure-data-appconfiguration/1.5.0-beta.1 (17.0.1; Windows 11; 10.0)",
        "x-ms-client-request-id": "a36b8789-a642-4208-a7c5-fe1b813434ab",
        "x-ms-content-sha256": "47DEQpj8HBSa\u002B/TImW\u002B5JCeuQeRkm5NMpJWZG3hSuFU=",
        "x-ms-return-client-request-id": "true"
      },
      "RequestBody": null,
      "StatusCode": 200,
      "ResponseHeaders": {
        "Access-Control-Allow-Credentials": "true",
        "Access-Control-Allow-Origin": "*",
        "Access-Control-Expose-Headers": "DNT, X-CustomHeader, Keep-Alive, User-Agent, X-Requested-With, If-Modified-Since, Cache-Control, Content-Type, Authorization, x-ms-client-request-id, x-ms-useragent, x-ms-content-sha256, x-ms-date, host, Accept, Accept-Datetime, Date, If-Match, If-None-Match, Sync-Token, x-ms-return-client-request-id, ETag, Last-Modified, Link, Memento-Datetime, retry-after-ms, x-ms-request-id, x-ms-client-session-id, x-ms-effective-locale, WWW-Authenticate, traceparent, tracestate",
        "Connection": "keep-alive",
        "Content-Type": "application/vnd.microsoft.appconfig.kv\u002Bjson; charset=utf-8",
        "Date": "Wed, 05 Apr 2023 02:25:42 GMT",
        "ETag": "\u00228K7hVXucszhRBhNYpTPTjiqTDKyJeoHp6OAS7M9YTm0\u0022",
        "Last-Modified": "Wed, 05 Apr 2023 02:25:42 GMT",
        "Server": "openresty/1.21.4.1",
        "Strict-Transport-Security": "max-age=15724800; includeSubDomains",
        "Sync-Token": "zAJw6V16=MjoyMCM0MjgxNDc5;sn=4281479",
        "Transfer-Encoding": "chunked",
        "x-ms-client-request-id": "a36b8789-a642-4208-a7c5-fe1b813434ab",
        "x-ms-correlation-request-id": "f819a5d7-c249-4556-8e58-cbb4b4ab0cf4",
        "x-ms-request-id": "f819a5d7-c249-4556-8e58-cbb4b4ab0cf4"
      },
      "ResponseBody": {
        "etag": "8K7hVXucszhRBhNYpTPTjiqTDKyJeoHp6OAS7M9YTm0",
        "key": "key8954394401e",
        "label": "c98f4514107003",
        "content_type": null,
        "value": "myUpdateValue",
        "tags": {},
        "locked": false,
        "last_modified": "2023-04-05T02:25:42\u002B00:00"
      }
    },
    {
      "RequestUri": "https://REDACTED/kv/key8954394401e?api-version=1.0",
      "RequestMethod": "DELETE",
      "RequestHeaders": {
        "Accept": "application/vnd.microsoft.azconfig.kv\u002Bjson",
        "Authorization": "Sanitized",
        "Content-Length": "0",
        "Content-Type": "application/json",
        "Date": "Wed, 5 Apr 2023 02:25:41 GMT",
        "Sync-Token": "zAJw6V16=MjoyMCM0MjgxNDcy",
        "User-Agent": "azsdk-java-azure-data-appconfiguration/1.5.0-beta.1 (17.0.1; Windows 11; 10.0)",
        "x-ms-client-request-id": "0f9d44a7-fe9f-410d-aad9-4e946cb3b3fe",
        "x-ms-content-sha256": "47DEQpj8HBSa\u002B/TImW\u002B5JCeuQeRkm5NMpJWZG3hSuFU=",
        "x-ms-return-client-request-id": "true"
      },
      "RequestBody": null,
      "StatusCode": 200,
      "ResponseHeaders": {
        "Access-Control-Allow-Credentials": "true",
        "Access-Control-Allow-Origin": "*",
        "Access-Control-Expose-Headers": "DNT, X-CustomHeader, Keep-Alive, User-Agent, X-Requested-With, If-Modified-Since, Cache-Control, Content-Type, Authorization, x-ms-client-request-id, x-ms-useragent, x-ms-content-sha256, x-ms-date, host, Accept, Accept-Datetime, Date, If-Match, If-None-Match, Sync-Token, x-ms-return-client-request-id, ETag, Last-Modified, Link, Memento-Datetime, retry-after-ms, x-ms-request-id, x-ms-client-session-id, x-ms-effective-locale, WWW-Authenticate, traceparent, tracestate",
        "Connection": "keep-alive",
        "Content-Type": "application/vnd.microsoft.appconfig.kv\u002Bjson; charset=utf-8",
        "Date": "Wed, 05 Apr 2023 02:25:42 GMT",
        "ETag": "\u0022Yo7sDZGxH8MF5yoSmfzOJDzY3xU_bC1R2CneH3m545Q\u0022",
        "Last-Modified": "Wed, 05 Apr 2023 02:25:42 GMT",
        "Server": "openresty/1.21.4.1",
        "Strict-Transport-Security": "max-age=15724800; includeSubDomains",
        "Sync-Token": "zAJw6V16=MjoyMCM0MjgxNDgx;sn=4281481",
        "Transfer-Encoding": "chunked",
        "x-ms-client-request-id": "0f9d44a7-fe9f-410d-aad9-4e946cb3b3fe",
        "x-ms-correlation-request-id": "dbcce6b3-0e43-4e98-bfb3-e2ab40923977",
        "x-ms-request-id": "dbcce6b3-0e43-4e98-bfb3-e2ab40923977"
      },
      "ResponseBody": {
        "etag": "Yo7sDZGxH8MF5yoSmfzOJDzY3xU_bC1R2CneH3m545Q",
        "key": "key8954394401e",
        "label": null,
        "content_type": null,
        "value": "myUpdateValue",
        "tags": {},
        "locked": false,
        "last_modified": "2023-04-05T02:25:42\u002B00:00"
      }
    }
  ],
  "Variables": {
    "0": "key89543",
    "1": "c98f4514",
    "2": "key8954394401e",
    "3": "c98f4514107003"
  }
}
