{
  "Entries": [
    {
      "RequestUri": "https://REDACTED/kv/key3301386283b?api-version=1.0",
      "RequestMethod": "PUT",
      "RequestHeaders": {
        "Accept": "application/vnd.microsoft.azconfig.kv\u002Bjson",
        "Authorization": "Sanitized",
        "Content-Length": "67",
        "Content-Type": "application/json",
        "Date": "Wed, 5 Apr 2023 02:25:39 GMT",
        "If-None-Match": "*",
        "Sync-Token": "",
        "User-Agent": "azsdk-java-azure-data-appconfiguration/1.5.0-beta.1 (17.0.1; Windows 11; 10.0)",
        "x-ms-client-request-id": "c76d3b45-52a9-4496-a3c1-6fd8fdfacea3",
        "x-ms-content-sha256": "7CtVFHXrNTBOd8jGRRQRvQVfQtWPmfmQNE9z4eDuANc=",
        "x-ms-return-client-request-id": "true"
      },
      "RequestBody": {
        "key": "key3301386283b",
        "value": "myValue",
        "tags": {},
        "locked": false
      },
      "StatusCode": 200,
      "ResponseHeaders": {
        "Access-Control-Allow-Credentials": "true",
        "Access-Control-Allow-Origin": "*",
        "Access-Control-Expose-Headers": "DNT, X-CustomHeader, Keep-Alive, User-Agent, X-Requested-With, If-Modified-Since, Cache-Control, Content-Type, Authorization, x-ms-client-request-id, x-ms-useragent, x-ms-content-sha256, x-ms-date, host, Accept, Accept-Datetime, Date, If-Match, If-None-Match, Sync-Token, x-ms-return-client-request-id, ETag, Last-Modified, Link, Memento-Datetime, retry-after-ms, x-ms-request-id, x-ms-client-session-id, x-ms-effective-locale, WWW-Authenticate, traceparent, tracestate",
        "Connection": "keep-alive",
        "Content-Type": "application/vnd.microsoft.appconfig.kv\u002Bjson; charset=utf-8",
        "Date": "Wed, 05 Apr 2023 02:25:40 GMT",
        "ETag": "\u0022qHyRC_lOyet21ADjoaPkOhkaoVzXUmpi5siQGjmQBbg\u0022",
        "Last-Modified": "Wed, 05 Apr 2023 02:25:40 GMT",
        "Server": "openresty/1.21.4.1",
        "Strict-Transport-Security": "max-age=15724800; includeSubDomains",
        "Sync-Token": "zAJw6V16=MjoyMCM0MjgxMzI5;sn=4281329",
        "Transfer-Encoding": "chunked",
        "x-ms-client-request-id": "c76d3b45-52a9-4496-a3c1-6fd8fdfacea3",
        "x-ms-correlation-request-id": "d8bf84bc-a61a-42f4-a03a-03ad1aa29fd6",
        "x-ms-request-id": "d8bf84bc-a61a-42f4-a03a-03ad1aa29fd6"
      },
      "ResponseBody": {
        "etag": "qHyRC_lOyet21ADjoaPkOhkaoVzXUmpi5siQGjmQBbg",
        "key": "key3301386283b",
        "label": null,
        "content_type": null,
        "value": "myValue",
        "tags": {},
        "locked": false,
        "last_modified": "2023-04-05T02:25:40\u002B00:00"
      }
    },
    {
      "RequestUri": "https://REDACTED/locks/key3301386283b?api-version=1.0",
      "RequestMethod": "PUT",
      "RequestHeaders": {
        "Accept": "application/vnd.microsoft.azconfig.kv\u002Bjson",
        "Authorization": "Sanitized",
        "Content-Length": "0",
        "Content-Type": "application/json",
        "Date": "Wed, 5 Apr 2023 02:25:39 GMT",
        "Sync-Token": "zAJw6V16=MjoyMCM0MjgxMzI5",
        "User-Agent": "azsdk-java-azure-data-appconfiguration/1.5.0-beta.1 (17.0.1; Windows 11; 10.0)",
        "x-ms-client-request-id": "c1656750-8733-4552-996c-271659272503",
        "x-ms-content-sha256": "47DEQpj8HBSa\u002B/TImW\u002B5JCeuQeRkm5NMpJWZG3hSuFU=",
        "x-ms-return-client-request-id": "true"
      },
      "RequestBody": null,
      "StatusCode": 200,
      "ResponseHeaders": {
        "Access-Control-Allow-Credentials": "true",
        "Access-Control-Allow-Origin": "*",
        "Access-Control-Expose-Headers": "DNT, X-CustomHeader, Keep-Alive, User-Agent, X-Requested-With, If-Modified-Since, Cache-Control, Content-Type, Authorization, x-ms-client-request-id, x-ms-useragent, x-ms-content-sha256, x-ms-date, host, Accept, Accept-Datetime, Date, If-Match, If-None-Match, Sync-Token, x-ms-return-client-request-id, ETag, Last-Modified, Link, Memento-Datetime, retry-after-ms, x-ms-request-id, x-ms-client-session-id, x-ms-effective-locale, WWW-Authenticate, traceparent, tracestate",
        "Connection": "keep-alive",
        "Content-Type": "application/vnd.microsoft.appconfig.kv\u002Bjson; charset=utf-8",
        "Date": "Wed, 05 Apr 2023 02:25:40 GMT",
        "ETag": "\u00225GIEhgcE6ELUImFbL_aCzsaQjWSr6IsGgO8f8yfNVCc\u0022",
        "Last-Modified": "Wed, 05 Apr 2023 02:25:40 GMT",
        "Server": "openresty/1.21.4.1",
        "Strict-Transport-Security": "max-age=15724800; includeSubDomains",
        "Sync-Token": "zAJw6V16=MjoyMCM0MjgxMzM1;sn=4281335",
        "Transfer-Encoding": "chunked",
        "x-ms-client-request-id": "c1656750-8733-4552-996c-271659272503",
        "x-ms-correlation-request-id": "6a843eae-f9ca-4bd3-b85d-835ae255263c",
        "x-ms-request-id": "6a843eae-f9ca-4bd3-b85d-835ae255263c"
      },
      "ResponseBody": {
        "etag": "5GIEhgcE6ELUImFbL_aCzsaQjWSr6IsGgO8f8yfNVCc",
        "key": "key3301386283b",
        "label": null,
        "content_type": null,
        "value": "myValue",
        "tags": {},
        "locked": true,
        "last_modified": "2023-04-05T02:25:40\u002B00:00"
      }
    },
    {
      "RequestUri": "https://REDACTED/kv/key3301386283b?api-version=1.0",
      "RequestMethod": "DELETE",
      "RequestHeaders": {
        "Accept": "application/vnd.microsoft.azconfig.kv\u002Bjson",
        "Authorization": "Sanitized",
        "Content-Length": "0",
        "Content-Type": "application/json",
        "Date": "Wed, 5 Apr 2023 02:25:39 GMT",
        "Sync-Token": "zAJw6V16=MjoyMCM0MjgxMzM1",
        "User-Agent": "azsdk-java-azure-data-appconfiguration/1.5.0-beta.1 (17.0.1; Windows 11; 10.0)",
        "x-ms-client-request-id": "0850c9c8-ecc9-4037-9079-9913aef0fbf5",
        "x-ms-content-sha256": "47DEQpj8HBSa\u002B/TImW\u002B5JCeuQeRkm5NMpJWZG3hSuFU=",
        "x-ms-return-client-request-id": "true"
      },
      "RequestBody": null,
      "StatusCode": 409,
      "ResponseHeaders": {
        "Access-Control-Allow-Credentials": "true",
        "Access-Control-Allow-Origin": "*",
        "Access-Control-Expose-Headers": "DNT, X-CustomHeader, Keep-Alive, User-Agent, X-Requested-With, If-Modified-Since, Cache-Control, Content-Type, Authorization, x-ms-client-request-id, x-ms-useragent, x-ms-content-sha256, x-ms-date, host, Accept, Accept-Datetime, Date, If-Match, If-None-Match, Sync-Token, x-ms-return-client-request-id, ETag, Last-Modified, Link, Memento-Datetime, retry-after-ms, x-ms-request-id, x-ms-client-session-id, x-ms-effective-locale, WWW-Authenticate, traceparent, tracestate",
        "Connection": "keep-alive",
        "Content-Type": "application/problem\u002Bjson; charset=utf-8",
        "Date": "Wed, 05 Apr 2023 02:25:40 GMT",
        "Server": "openresty/1.21.4.1",
        "Strict-Transport-Security": "max-age=15724800; includeSubDomains",
        "Sync-Token": "zAJw6V16=MjoyMCM0MjgxMzM3;sn=4281337",
        "Transfer-Encoding": "chunked",
        "x-ms-client-request-id": "0850c9c8-ecc9-4037-9079-9913aef0fbf5",
        "x-ms-correlation-request-id": "42a3b888-5a15-42ba-8b65-3829a8a2f584",
        "x-ms-request-id": "42a3b888-5a15-42ba-8b65-3829a8a2f584"
      },
      "ResponseBody": {
        "type": "https://azconfig.io/errors/key-locked",
        "title": "Modifing key \u0027key3301386283b\u0027 is not allowed",
        "name": "key3301386283b",
        "detail": "The key is read-only. To allow modification unlock it first.",
        "status": 409
      }
    },
    {
      "RequestUri": "https://REDACTED/locks/key3301386283b?api-version=1.0",
      "RequestMethod": "DELETE",
      "RequestHeaders": {
        "Accept": "application/vnd.microsoft.azconfig.kv\u002Bjson",
        "Authorization": "Sanitized",
        "Content-Length": "0",
        "Content-Type": "application/json",
        "Date": "Wed, 5 Apr 2023 02:25:39 GMT",
        "Sync-Token": "zAJw6V16=MjoyMCM0MjgxMzM3",
        "User-Agent": "azsdk-java-azure-data-appconfiguration/1.5.0-beta.1 (17.0.1; Windows 11; 10.0)",
        "x-ms-client-request-id": "9f098a36-0417-4885-97d9-166041d869e4",
        "x-ms-content-sha256": "47DEQpj8HBSa\u002B/TImW\u002B5JCeuQeRkm5NMpJWZG3hSuFU=",
        "x-ms-return-client-request-id": "true"
      },
      "RequestBody": null,
      "StatusCode": 200,
      "ResponseHeaders": {
        "Access-Control-Allow-Credentials": "true",
        "Access-Control-Allow-Origin": "*",
        "Access-Control-Expose-Headers": "DNT, X-CustomHeader, Keep-Alive, User-Agent, X-Requested-With, If-Modified-Since, Cache-Control, Content-Type, Authorization, x-ms-client-request-id, x-ms-useragent, x-ms-content-sha256, x-ms-date, host, Accept, Accept-Datetime, Date, If-Match, If-None-Match, Sync-Token, x-ms-return-client-request-id, ETag, Last-Modified, Link, Memento-Datetime, retry-after-ms, x-ms-request-id, x-ms-client-session-id, x-ms-effective-locale, WWW-Authenticate, traceparent, tracestate",
        "Connection": "keep-alive",
        "Content-Type": "application/vnd.microsoft.appconfig.kv\u002Bjson; charset=utf-8",
        "Date": "Wed, 05 Apr 2023 02:25:41 GMT",
        "ETag": "\u0022o0hi2rm0scsJtaY-tt7p4C6lGJ5lW_zXcyZZyVleO-I\u0022",
        "Last-Modified": "Wed, 05 Apr 2023 02:25:41 GMT",
        "Server": "openresty/1.21.4.1",
        "Strict-Transport-Security": "max-age=15724800; includeSubDomains",
        "Sync-Token": "zAJw6V16=MjoyMCM0MjgxMzQ3;sn=4281347",
        "Transfer-Encoding": "chunked",
        "x-ms-client-request-id": "9f098a36-0417-4885-97d9-166041d869e4",
        "x-ms-correlation-request-id": "29944a11-857f-41ec-a818-078591a76135",
        "x-ms-request-id": "29944a11-857f-41ec-a818-078591a76135"
      },
      "ResponseBody": {
        "etag": "o0hi2rm0scsJtaY-tt7p4C6lGJ5lW_zXcyZZyVleO-I",
        "key": "key3301386283b",
        "label": null,
        "content_type": null,
        "value": "myValue",
        "tags": {},
        "locked": false,
        "last_modified": "2023-04-05T02:25:41\u002B00:00"
      }
    },
    {
      "RequestUri": "https://REDACTED/kv/key3301386283b?api-version=1.0",
      "RequestMethod": "DELETE",
      "RequestHeaders": {
        "Accept": "application/vnd.microsoft.azconfig.kv\u002Bjson",
        "Authorization": "Sanitized",
        "Content-Length": "0",
        "Content-Type": "application/json",
        "Date": "Wed, 5 Apr 2023 02:25:40 GMT",
        "Sync-Token": "zAJw6V16=MjoyMCM0MjgxMzQ3",
        "User-Agent": "azsdk-java-azure-data-appconfiguration/1.5.0-beta.1 (17.0.1; Windows 11; 10.0)",
        "x-ms-client-request-id": "18f68b3b-5cd4-44f1-a9fb-79731d213917",
        "x-ms-content-sha256": "47DEQpj8HBSa\u002B/TImW\u002B5JCeuQeRkm5NMpJWZG3hSuFU=",
        "x-ms-return-client-request-id": "true"
      },
      "RequestBody": null,
      "StatusCode": 200,
      "ResponseHeaders": {
        "Access-Control-Allow-Credentials": "true",
        "Access-Control-Allow-Origin": "*",
        "Access-Control-Expose-Headers": "DNT, X-CustomHeader, Keep-Alive, User-Agent, X-Requested-With, If-Modified-Since, Cache-Control, Content-Type, Authorization, x-ms-client-request-id, x-ms-useragent, x-ms-content-sha256, x-ms-date, host, Accept, Accept-Datetime, Date, If-Match, If-None-Match, Sync-Token, x-ms-return-client-request-id, ETag, Last-Modified, Link, Memento-Datetime, retry-after-ms, x-ms-request-id, x-ms-client-session-id, x-ms-effective-locale, WWW-Authenticate, traceparent, tracestate",
        "Connection": "keep-alive",
        "Content-Type": "application/vnd.microsoft.appconfig.kv\u002Bjson; charset=utf-8",
        "Date": "Wed, 05 Apr 2023 02:25:41 GMT",
        "ETag": "\u0022o0hi2rm0scsJtaY-tt7p4C6lGJ5lW_zXcyZZyVleO-I\u0022",
        "Last-Modified": "Wed, 05 Apr 2023 02:25:41 GMT",
        "Server": "openresty/1.21.4.1",
        "Strict-Transport-Security": "max-age=15724800; includeSubDomains",
        "Sync-Token": "zAJw6V16=MjoyMCM0MjgxMzUz;sn=4281353",
        "Transfer-Encoding": "chunked",
        "x-ms-client-request-id": "18f68b3b-5cd4-44f1-a9fb-79731d213917",
        "x-ms-correlation-request-id": "f031e48f-7d0b-428f-abe5-23e53f9fcb8d",
        "x-ms-request-id": "f031e48f-7d0b-428f-abe5-23e53f9fcb8d"
      },
      "ResponseBody": {
        "etag": "o0hi2rm0scsJtaY-tt7p4C6lGJ5lW_zXcyZZyVleO-I",
        "key": "key3301386283b",
        "label": null,
        "content_type": null,
        "value": "myValue",
        "tags": {},
        "locked": false,
        "last_modified": "2023-04-05T02:25:41\u002B00:00"
      }
    },
    {
      "RequestUri": "https://REDACTED/kv?key=key33013%2A\u0026api-version=1.0\u0026$Select=",
      "RequestMethod": "GET",
      "RequestHeaders": {
        "Accept": "application/vnd.microsoft.azconfig.kv\u002Bjson",
        "Authorization": "Sanitized",
        "Content-Length": "0",
        "Content-Type": "application/json",
        "Date": "Wed, 5 Apr 2023 02:25:40 GMT",
        "Sync-Token": "zAJw6V16=MjoyMCM0MjgxMzUz",
        "User-Agent": "azsdk-java-azure-data-appconfiguration/1.5.0-beta.1 (17.0.1; Windows 11; 10.0)",
        "x-ms-client-request-id": "6a0534aa-d663-423b-a049-4376abc05e5f",
        "x-ms-content-sha256": "47DEQpj8HBSa\u002B/TImW\u002B5JCeuQeRkm5NMpJWZG3hSuFU=",
        "x-ms-return-client-request-id": "true"
      },
      "RequestBody": null,
      "StatusCode": 200,
      "ResponseHeaders": {
        "Access-Control-Allow-Credentials": "true",
        "Access-Control-Allow-Origin": "*",
        "Access-Control-Expose-Headers": "DNT, X-CustomHeader, Keep-Alive, User-Agent, X-Requested-With, If-Modified-Since, Cache-Control, Content-Type, Authorization, x-ms-client-request-id, x-ms-useragent, x-ms-content-sha256, x-ms-date, host, Accept, Accept-Datetime, Date, If-Match, If-None-Match, Sync-Token, x-ms-return-client-request-id, ETag, Last-Modified, Link, Memento-Datetime, retry-after-ms, x-ms-request-id, x-ms-client-session-id, x-ms-effective-locale, WWW-Authenticate, traceparent, tracestate",
        "Connection": "keep-alive",
        "Content-Type": "application/vnd.microsoft.appconfig.kvset\u002Bjson; charset=utf-8",
        "Date": "Wed, 05 Apr 2023 02:25:41 GMT",
        "Server": "openresty/1.21.4.1",
        "Strict-Transport-Security": "max-age=15724800; includeSubDomains",
        "Sync-Token": "zAJw6V16=MjoyMCM0MjgxMzU3;sn=4281357",
        "Transfer-Encoding": "chunked",
        "x-ms-client-request-id": "6a0534aa-d663-423b-a049-4376abc05e5f",
        "x-ms-correlation-request-id": "a190a1e9-d0e5-4b4b-93de-53aab901166c",
        "x-ms-request-id": "a190a1e9-d0e5-4b4b-93de-53aab901166c"
      },
      "ResponseBody": {
        "items": []
      }
    }
  ],
  "Variables": {
    "0": "key33013",
    "1": "61bb9a20",
    "2": "key3301386283b"
  }
}
