{
  "Entries": [
    {
      "RequestUri": "https://REDACTED/kv/key92554?label=76654f9d\u0026api-version=1.0",
      "RequestMethod": "PUT",
      "RequestHeaders": {
        "Accept": "application/vnd.microsoft.azconfig.kv\u002Bjson",
        "Authorization": "Sanitized",
        "Content-Length": "81",
        "Content-Type": "application/json",
        "Date": "Wed, 5 Apr 2023 02:25:37 GMT",
        "Sync-Token": "",
        "User-Agent": "azsdk-java-azure-data-appconfiguration/1.5.0-beta.1 (17.0.1; Windows 11; 10.0)",
        "x-ms-client-request-id": "198975c3-0f95-443e-9c8e-0ce7f62a02e0",
        "x-ms-content-sha256": "pn7yCHMCcBf6CYAQS9drXxHi7rnctV2NQGscxYwFzPo=",
        "x-ms-return-client-request-id": "true"
      },
      "RequestBody": {
        "key": "key92554",
        "label": "76654f9d",
        "value": "myValue0",
        "tags": {},
        "locked": false
      },
      "StatusCode": 200,
      "ResponseHeaders": {
        "Access-Control-Allow-Credentials": "true",
        "Access-Control-Allow-Origin": "*",
        "Access-Control-Expose-Headers": "DNT, X-CustomHeader, Keep-Alive, User-Agent, X-Requested-With, If-Modified-Since, Cache-Control, Content-Type, Authorization, x-ms-client-request-id, x-ms-useragent, x-ms-content-sha256, x-ms-date, host, Accept, Accept-Datetime, Date, If-Match, If-None-Match, Sync-Token, x-ms-return-client-request-id, ETag, Last-Modified, Link, Memento-Datetime, retry-after-ms, x-ms-request-id, x-ms-client-session-id, x-ms-effective-locale, WWW-Authenticate, traceparent, tracestate",
        "Connection": "keep-alive",
        "Content-Type": "application/vnd.microsoft.appconfig.kv\u002Bjson; charset=utf-8",
        "Date": "Wed, 05 Apr 2023 02:25:38 GMT",
        "ETag": "\u00227Q13RzFaMBen_A6d2fZG6jj_KOiZ5muxyKBA25Mrrhc\u0022",
        "Last-Modified": "Wed, 05 Apr 2023 02:25:38 GMT",
        "Server": "openresty/1.21.4.1",
        "Strict-Transport-Security": "max-age=15724800; includeSubDomains",
        "Sync-Token": "zAJw6V16=MjoyMCM0MjgxMjE0;sn=4281214",
        "Transfer-Encoding": "chunked",
        "x-ms-client-request-id": "198975c3-0f95-443e-9c8e-0ce7f62a02e0",
        "x-ms-correlation-request-id": "96444596-31e2-43f9-ad9b-242c8d79c894",
        "x-ms-request-id": "96444596-31e2-43f9-ad9b-242c8d79c894"
      },
      "ResponseBody": {
        "etag": "7Q13RzFaMBen_A6d2fZG6jj_KOiZ5muxyKBA25Mrrhc",
        "key": "key92554",
        "label": "76654f9d",
        "content_type": null,
        "value": "myValue0",
        "tags": {},
        "locked": false,
        "last_modified": "2023-04-05T02:25:38\u002B00:00"
      }
    },
    {
      "RequestUri": "https://REDACTED/kv/key92554?label=76654f9d\u0026api-version=1.0",
      "RequestMethod": "PUT",
      "RequestHeaders": {
        "Accept": "application/vnd.microsoft.azconfig.kv\u002Bjson",
        "Authorization": "Sanitized",
        "Content-Length": "81",
        "Content-Type": "application/json",
        "Date": "Wed, 5 Apr 2023 02:25:38 GMT",
        "Sync-Token": "zAJw6V16=MjoyMCM0MjgxMjE0",
        "User-Agent": "azsdk-java-azure-data-appconfiguration/1.5.0-beta.1 (17.0.1; Windows 11; 10.0)",
        "x-ms-client-request-id": "2896d688-dd87-4862-be50-42a13fa9dcf7",
        "x-ms-content-sha256": "PgqF3HkwYCvPkmYuu/Aul2c6dUEBlewxXyuWXAtnBN8=",
        "x-ms-return-client-request-id": "true"
      },
      "RequestBody": {
        "key": "key92554",
        "label": "76654f9d",
        "value": "myValue1",
        "tags": {},
        "locked": false
      },
      "StatusCode": 200,
      "ResponseHeaders": {
        "Access-Control-Allow-Credentials": "true",
        "Access-Control-Allow-Origin": "*",
        "Access-Control-Expose-Headers": "DNT, X-CustomHeader, Keep-Alive, User-Agent, X-Requested-With, If-Modified-Since, Cache-Control, Content-Type, Authorization, x-ms-client-request-id, x-ms-useragent, x-ms-content-sha256, x-ms-date, host, Accept, Accept-Datetime, Date, If-Match, If-None-Match, Sync-Token, x-ms-return-client-request-id, ETag, Last-Modified, Link, Memento-Datetime, retry-after-ms, x-ms-request-id, x-ms-client-session-id, x-ms-effective-locale, WWW-Authenticate, traceparent, tracestate",
        "Connection": "keep-alive",
        "Content-Type": "application/vnd.microsoft.appconfig.kv\u002Bjson; charset=utf-8",
        "Date": "Wed, 05 Apr 2023 02:25:39 GMT",
        "ETag": "\u0022X2-5gP9Ho1kBLddHtPapfm95R7DZUfqoTR_TUgmV75I\u0022",
        "Last-Modified": "Wed, 05 Apr 2023 02:25:39 GMT",
        "Server": "openresty/1.21.4.1",
        "Strict-Transport-Security": "max-age=15724800; includeSubDomains",
        "Sync-Token": "zAJw6V16=MjoyMCM0MjgxMjE5;sn=4281219",
        "Transfer-Encoding": "chunked",
        "x-ms-client-request-id": "2896d688-dd87-4862-be50-42a13fa9dcf7",
        "x-ms-correlation-request-id": "b38d5a69-90d3-4c30-bf4e-1cb4bf79c0ab",
        "x-ms-request-id": "b38d5a69-90d3-4c30-bf4e-1cb4bf79c0ab"
      },
      "ResponseBody": {
        "etag": "X2-5gP9Ho1kBLddHtPapfm95R7DZUfqoTR_TUgmV75I",
        "key": "key92554",
        "label": "76654f9d",
        "content_type": null,
        "value": "myValue1",
        "tags": {},
        "locked": false,
        "last_modified": "2023-04-05T02:25:39\u002B00:00"
      }
    },
    {
      "RequestUri": "https://REDACTED/kv/key92554?label=76654f9d\u0026api-version=1.0",
      "RequestMethod": "PUT",
      "RequestHeaders": {
        "Accept": "application/vnd.microsoft.azconfig.kv\u002Bjson",
        "Authorization": "Sanitized",
        "Content-Length": "81",
        "Content-Type": "application/json",
        "Date": "Wed, 5 Apr 2023 02:25:38 GMT",
        "Sync-Token": "zAJw6V16=MjoyMCM0MjgxMjE5",
        "User-Agent": "azsdk-java-azure-data-appconfiguration/1.5.0-beta.1 (17.0.1; Windows 11; 10.0)",
        "x-ms-client-request-id": "5f6d45d9-82f9-441a-8c02-0ea1a4a61d22",
        "x-ms-content-sha256": "wNXzk1NX0kFkhBSkXWQfYlN4Ch1W7h3QSQelK3dbBk0=",
        "x-ms-return-client-request-id": "true"
      },
      "RequestBody": {
        "key": "key92554",
        "label": "76654f9d",
        "value": "myValue2",
        "tags": {},
        "locked": false
      },
      "StatusCode": 200,
      "ResponseHeaders": {
        "Access-Control-Allow-Credentials": "true",
        "Access-Control-Allow-Origin": "*",
        "Access-Control-Expose-Headers": "DNT, X-CustomHeader, Keep-Alive, User-Agent, X-Requested-With, If-Modified-Since, Cache-Control, Content-Type, Authorization, x-ms-client-request-id, x-ms-useragent, x-ms-content-sha256, x-ms-date, host, Accept, Accept-Datetime, Date, If-Match, If-None-Match, Sync-Token, x-ms-return-client-request-id, ETag, Last-Modified, Link, Memento-Datetime, retry-after-ms, x-ms-request-id, x-ms-client-session-id, x-ms-effective-locale, WWW-Authenticate, traceparent, tracestate",
        "Connection": "keep-alive",
        "Content-Type": "application/vnd.microsoft.appconfig.kv\u002Bjson; charset=utf-8",
        "Date": "Wed, 05 Apr 2023 02:25:39 GMT",
        "ETag": "\u0022HSG17LW4GoqCDrUxz6lDM4MJMFrskGRp55e2AepFfMw\u0022",
        "Last-Modified": "Wed, 05 Apr 2023 02:25:39 GMT",
        "Server": "openresty/1.21.4.1",
        "Strict-Transport-Security": "max-age=15724800; includeSubDomains",
        "Sync-Token": "zAJw6V16=MjoyMCM0MjgxMjI2;sn=4281226",
        "Transfer-Encoding": "chunked",
        "x-ms-client-request-id": "5f6d45d9-82f9-441a-8c02-0ea1a4a61d22",
        "x-ms-correlation-request-id": "2f584063-5681-4267-915a-35617afa2dcb",
        "x-ms-request-id": "2f584063-5681-4267-915a-35617afa2dcb"
      },
      "ResponseBody": {
        "etag": "HSG17LW4GoqCDrUxz6lDM4MJMFrskGRp55e2AepFfMw",
        "key": "key92554",
        "label": "76654f9d",
        "content_type": null,
        "value": "myValue2",
        "tags": {},
        "locked": false,
        "last_modified": "2023-04-05T02:25:39\u002B00:00"
      }
    },
    {
      "RequestUri": "https://REDACTED/kv/key92554?label=76654f9d\u0026api-version=1.0",
      "RequestMethod": "PUT",
      "RequestHeaders": {
        "Accept": "application/vnd.microsoft.azconfig.kv\u002Bjson",
        "Authorization": "Sanitized",
        "Content-Length": "81",
        "Content-Type": "application/json",
        "Date": "Wed, 5 Apr 2023 02:25:38 GMT",
        "Sync-Token": "zAJw6V16=MjoyMCM0MjgxMjI2",
        "User-Agent": "azsdk-java-azure-data-appconfiguration/1.5.0-beta.1 (17.0.1; Windows 11; 10.0)",
        "x-ms-client-request-id": "eb9a2923-786d-4a0b-a69b-c45082b8c0a0",
        "x-ms-content-sha256": "9oTj/dePQVaCXyArMIwNQYrL0uTsaXkSvMdi69qSVlY=",
        "x-ms-return-client-request-id": "true"
      },
      "RequestBody": {
        "key": "key92554",
        "label": "76654f9d",
        "value": "myValue3",
        "tags": {},
        "locked": false
      },
      "StatusCode": 200,
      "ResponseHeaders": {
        "Access-Control-Allow-Credentials": "true",
        "Access-Control-Allow-Origin": "*",
        "Access-Control-Expose-Headers": "DNT, X-CustomHeader, Keep-Alive, User-Agent, X-Requested-With, If-Modified-Since, Cache-Control, Content-Type, Authorization, x-ms-client-request-id, x-ms-useragent, x-ms-content-sha256, x-ms-date, host, Accept, Accept-Datetime, Date, If-Match, If-None-Match, Sync-Token, x-ms-return-client-request-id, ETag, Last-Modified, Link, Memento-Datetime, retry-after-ms, x-ms-request-id, x-ms-client-session-id, x-ms-effective-locale, WWW-Authenticate, traceparent, tracestate",
        "Connection": "keep-alive",
        "Content-Type": "application/vnd.microsoft.appconfig.kv\u002Bjson; charset=utf-8",
        "Date": "Wed, 05 Apr 2023 02:25:39 GMT",
        "ETag": "\u0022cdoUVKwSYT5lPpN4-tZ6-7OMvLLIK-BPahVkVutr16w\u0022",
        "Last-Modified": "Wed, 05 Apr 2023 02:25:39 GMT",
        "Server": "openresty/1.21.4.1",
        "Strict-Transport-Security": "max-age=15724800; includeSubDomains",
        "Sync-Token": "zAJw6V16=MjoyMCM0MjgxMjMz;sn=4281233",
        "Transfer-Encoding": "chunked",
        "x-ms-client-request-id": "eb9a2923-786d-4a0b-a69b-c45082b8c0a0",
        "x-ms-correlation-request-id": "0848a7fb-6d1d-4948-8738-0278eb44f3e2",
        "x-ms-request-id": "0848a7fb-6d1d-4948-8738-0278eb44f3e2"
      },
      "ResponseBody": {
        "etag": "cdoUVKwSYT5lPpN4-tZ6-7OMvLLIK-BPahVkVutr16w",
        "key": "key92554",
        "label": "76654f9d",
        "content_type": null,
        "value": "myValue3",
        "tags": {},
        "locked": false,
        "last_modified": "2023-04-05T02:25:39\u002B00:00"
      }
    },
    {
      "RequestUri": "https://REDACTED/kv/key92554?label=76654f9d\u0026api-version=1.0",
      "RequestMethod": "PUT",
      "RequestHeaders": {
        "Accept": "application/vnd.microsoft.azconfig.kv\u002Bjson",
        "Authorization": "Sanitized",
        "Content-Length": "81",
        "Content-Type": "application/json",
        "Date": "Wed, 5 Apr 2023 02:25:38 GMT",
        "Sync-Token": "zAJw6V16=MjoyMCM0MjgxMjMz",
        "User-Agent": "azsdk-java-azure-data-appconfiguration/1.5.0-beta.1 (17.0.1; Windows 11; 10.0)",
        "x-ms-client-request-id": "80d17299-5a6a-466c-92a3-ba2850fd90c1",
        "x-ms-content-sha256": "fDSBBOJRvrHFLRsODuQIk8NqFzr2MvTUIDeDlMAa7NM=",
        "x-ms-return-client-request-id": "true"
      },
      "RequestBody": {
        "key": "key92554",
        "label": "76654f9d",
        "value": "myValue4",
        "tags": {},
        "locked": false
      },
      "StatusCode": 200,
      "ResponseHeaders": {
        "Access-Control-Allow-Credentials": "true",
        "Access-Control-Allow-Origin": "*",
        "Access-Control-Expose-Headers": "DNT, X-CustomHeader, Keep-Alive, User-Agent, X-Requested-With, If-Modified-Since, Cache-Control, Content-Type, Authorization, x-ms-client-request-id, x-ms-useragent, x-ms-content-sha256, x-ms-date, host, Accept, Accept-Datetime, Date, If-Match, If-None-Match, Sync-Token, x-ms-return-client-request-id, ETag, Last-Modified, Link, Memento-Datetime, retry-after-ms, x-ms-request-id, x-ms-client-session-id, x-ms-effective-locale, WWW-Authenticate, traceparent, tracestate",
        "Connection": "keep-alive",
        "Content-Type": "application/vnd.microsoft.appconfig.kv\u002Bjson; charset=utf-8",
        "Date": "Wed, 05 Apr 2023 02:25:39 GMT",
        "ETag": "\u0022mBSvxV67M4TkyqgyJgKYdfDcYu0AwvjEvXbhh2XTo0w\u0022",
        "Last-Modified": "Wed, 05 Apr 2023 02:25:39 GMT",
        "Server": "openresty/1.21.4.1",
        "Strict-Transport-Security": "max-age=15724800; includeSubDomains",
        "Sync-Token": "zAJw6V16=MjoyMCM0MjgxMjQy;sn=4281242",
        "Transfer-Encoding": "chunked",
        "x-ms-client-request-id": "80d17299-5a6a-466c-92a3-ba2850fd90c1",
        "x-ms-correlation-request-id": "31885ef2-f2f4-435a-96c7-e995b610aafc",
        "x-ms-request-id": "31885ef2-f2f4-435a-96c7-e995b610aafc"
      },
      "ResponseBody": {
        "etag": "mBSvxV67M4TkyqgyJgKYdfDcYu0AwvjEvXbhh2XTo0w",
        "key": "key92554",
        "label": "76654f9d",
        "content_type": null,
        "value": "myValue4",
        "tags": {},
        "locked": false,
        "last_modified": "2023-04-05T02:25:39\u002B00:00"
      }
    },
    {
      "RequestUri": "https://REDACTED/kv/key92554?label=76654f9d\u0026api-version=1.0",
      "RequestMethod": "PUT",
      "RequestHeaders": {
        "Accept": "application/vnd.microsoft.azconfig.kv\u002Bjson",
        "Authorization": "Sanitized",
        "Content-Length": "81",
        "Content-Type": "application/json",
        "Date": "Wed, 5 Apr 2023 02:25:38 GMT",
        "Sync-Token": "zAJw6V16=MjoyMCM0MjgxMjQy",
        "User-Agent": "azsdk-java-azure-data-appconfiguration/1.5.0-beta.1 (17.0.1; Windows 11; 10.0)",
        "x-ms-client-request-id": "b7310401-e130-4bd4-b2b6-2e1c844e3342",
        "x-ms-content-sha256": "oFRraxg\u002Bo2yXjxDlQYXcvUZ1Tlwvpyc2VWVMchbt0Xg=",
        "x-ms-return-client-request-id": "true"
      },
      "RequestBody": {
        "key": "key92554",
        "label": "76654f9d",
        "value": "myValue5",
        "tags": {},
        "locked": false
      },
      "StatusCode": 200,
      "ResponseHeaders": {
        "Access-Control-Allow-Credentials": "true",
        "Access-Control-Allow-Origin": "*",
        "Access-Control-Expose-Headers": "DNT, X-CustomHeader, Keep-Alive, User-Agent, X-Requested-With, If-Modified-Since, Cache-Control, Content-Type, Authorization, x-ms-client-request-id, x-ms-useragent, x-ms-content-sha256, x-ms-date, host, Accept, Accept-Datetime, Date, If-Match, If-None-Match, Sync-Token, x-ms-return-client-request-id, ETag, Last-Modified, Link, Memento-Datetime, retry-after-ms, x-ms-request-id, x-ms-client-session-id, x-ms-effective-locale, WWW-Authenticate, traceparent, tracestate",
        "Connection": "keep-alive",
        "Content-Type": "application/vnd.microsoft.appconfig.kv\u002Bjson; charset=utf-8",
        "Date": "Wed, 05 Apr 2023 02:25:39 GMT",
        "ETag": "\u0022gb5FpxTeoigTzWBzdAL4sYk49xeMKs8DzFIp7H5wo80\u0022",
        "Last-Modified": "Wed, 05 Apr 2023 02:25:39 GMT",
        "Server": "openresty/1.21.4.1",
        "Strict-Transport-Security": "max-age=15724800; includeSubDomains",
        "Sync-Token": "zAJw6V16=MjoyMCM0MjgxMjQ2;sn=4281246",
        "Transfer-Encoding": "chunked",
        "x-ms-client-request-id": "b7310401-e130-4bd4-b2b6-2e1c844e3342",
        "x-ms-correlation-request-id": "b79fc118-49e3-46c1-94d0-cad81dfc13b3",
        "x-ms-request-id": "b79fc118-49e3-46c1-94d0-cad81dfc13b3"
      },
      "ResponseBody": {
        "etag": "gb5FpxTeoigTzWBzdAL4sYk49xeMKs8DzFIp7H5wo80",
        "key": "key92554",
        "label": "76654f9d",
        "content_type": null,
        "value": "myValue5",
        "tags": {},
        "locked": false,
        "last_modified": "2023-04-05T02:25:39\u002B00:00"
      }
    },
    {
      "RequestUri": "https://REDACTED/kv/key92554?label=76654f9d\u0026api-version=1.0",
      "RequestMethod": "PUT",
      "RequestHeaders": {
        "Accept": "application/vnd.microsoft.azconfig.kv\u002Bjson",
        "Authorization": "Sanitized",
        "Content-Length": "81",
        "Content-Type": "application/json",
        "Date": "Wed, 5 Apr 2023 02:25:38 GMT",
        "Sync-Token": "zAJw6V16=MjoyMCM0MjgxMjQ2",
        "User-Agent": "azsdk-java-azure-data-appconfiguration/1.5.0-beta.1 (17.0.1; Windows 11; 10.0)",
        "x-ms-client-request-id": "665fa8c0-24cc-4f49-a07b-0b84ba759157",
        "x-ms-content-sha256": "F1N25Bgv\u002BbjRCoLQ/wyqARfADhjDFoT5ex4vYwosfrE=",
        "x-ms-return-client-request-id": "true"
      },
      "RequestBody": {
        "key": "key92554",
        "label": "76654f9d",
        "value": "myValue6",
        "tags": {},
        "locked": false
      },
      "StatusCode": 200,
      "ResponseHeaders": {
        "Access-Control-Allow-Credentials": "true",
        "Access-Control-Allow-Origin": "*",
        "Access-Control-Expose-Headers": "DNT, X-CustomHeader, Keep-Alive, User-Agent, X-Requested-With, If-Modified-Since, Cache-Control, Content-Type, Authorization, x-ms-client-request-id, x-ms-useragent, x-ms-content-sha256, x-ms-date, host, Accept, Accept-Datetime, Date, If-Match, If-None-Match, Sync-Token, x-ms-return-client-request-id, ETag, Last-Modified, Link, Memento-Datetime, retry-after-ms, x-ms-request-id, x-ms-client-session-id, x-ms-effective-locale, WWW-Authenticate, traceparent, tracestate",
        "Connection": "keep-alive",
        "Content-Type": "application/vnd.microsoft.appconfig.kv\u002Bjson; charset=utf-8",
        "Date": "Wed, 05 Apr 2023 02:25:39 GMT",
        "ETag": "\u00221-5CIQuTLpNpe9Q_iuz38504UdOqYQWhCQ4LdsKOJF8\u0022",
        "Last-Modified": "Wed, 05 Apr 2023 02:25:39 GMT",
        "Server": "openresty/1.21.4.1",
        "Strict-Transport-Security": "max-age=15724800; includeSubDomains",
        "Sync-Token": "zAJw6V16=MjoyMCM0MjgxMjUz;sn=4281253",
        "Transfer-Encoding": "chunked",
        "x-ms-client-request-id": "665fa8c0-24cc-4f49-a07b-0b84ba759157",
        "x-ms-correlation-request-id": "8a14add1-f5ea-4284-84c8-0f62ec033779",
        "x-ms-request-id": "8a14add1-f5ea-4284-84c8-0f62ec033779"
      },
      "ResponseBody": {
        "etag": "1-5CIQuTLpNpe9Q_iuz38504UdOqYQWhCQ4LdsKOJF8",
        "key": "key92554",
        "label": "76654f9d",
        "content_type": null,
        "value": "myValue6",
        "tags": {},
        "locked": false,
        "last_modified": "2023-04-05T02:25:39\u002B00:00"
      }
    },
    {
      "RequestUri": "https://REDACTED/kv/key92554?label=76654f9d\u0026api-version=1.0",
      "RequestMethod": "PUT",
      "RequestHeaders": {
        "Accept": "application/vnd.microsoft.azconfig.kv\u002Bjson",
        "Authorization": "Sanitized",
        "Content-Length": "81",
        "Content-Type": "application/json",
        "Date": "Wed, 5 Apr 2023 02:25:38 GMT",
        "Sync-Token": "zAJw6V16=MjoyMCM0MjgxMjUz",
        "User-Agent": "azsdk-java-azure-data-appconfiguration/1.5.0-beta.1 (17.0.1; Windows 11; 10.0)",
        "x-ms-client-request-id": "3544db64-1611-4118-ac52-36a36f02cae1",
        "x-ms-content-sha256": "yk8FmWXq6kAr\u002BEvJ\u002BiDXpr3VmvBrrYy5/wjY1/qWJNI=",
        "x-ms-return-client-request-id": "true"
      },
      "RequestBody": {
        "key": "key92554",
        "label": "76654f9d",
        "value": "myValue7",
        "tags": {},
        "locked": false
      },
      "StatusCode": 200,
      "ResponseHeaders": {
        "Access-Control-Allow-Credentials": "true",
        "Access-Control-Allow-Origin": "*",
        "Access-Control-Expose-Headers": "DNT, X-CustomHeader, Keep-Alive, User-Agent, X-Requested-With, If-Modified-Since, Cache-Control, Content-Type, Authorization, x-ms-client-request-id, x-ms-useragent, x-ms-content-sha256, x-ms-date, host, Accept, Accept-Datetime, Date, If-Match, If-None-Match, Sync-Token, x-ms-return-client-request-id, ETag, Last-Modified, Link, Memento-Datetime, retry-after-ms, x-ms-request-id, x-ms-client-session-id, x-ms-effective-locale, WWW-Authenticate, traceparent, tracestate",
        "Connection": "keep-alive",
        "Content-Type": "application/vnd.microsoft.appconfig.kv\u002Bjson; charset=utf-8",
        "Date": "Wed, 05 Apr 2023 02:25:39 GMT",
        "ETag": "\u0022mlUrg7-tsdaHkuXAMhEyea_riaMYpfzIRgHjsIa3b6s\u0022",
        "Last-Modified": "Wed, 05 Apr 2023 02:25:39 GMT",
        "Server": "openresty/1.21.4.1",
        "Strict-Transport-Security": "max-age=15724800; includeSubDomains",
        "Sync-Token": "zAJw6V16=MjoyMCM0MjgxMjYw;sn=4281260",
        "Transfer-Encoding": "chunked",
        "x-ms-client-request-id": "3544db64-1611-4118-ac52-36a36f02cae1",
        "x-ms-correlation-request-id": "ef87a97a-2573-4eb3-ae3f-a816b0c6bb77",
        "x-ms-request-id": "ef87a97a-2573-4eb3-ae3f-a816b0c6bb77"
      },
      "ResponseBody": {
        "etag": "mlUrg7-tsdaHkuXAMhEyea_riaMYpfzIRgHjsIa3b6s",
        "key": "key92554",
        "label": "76654f9d",
        "content_type": null,
        "value": "myValue7",
        "tags": {},
        "locked": false,
        "last_modified": "2023-04-05T02:25:39\u002B00:00"
      }
    },
    {
      "RequestUri": "https://REDACTED/kv/key92554?label=76654f9d\u0026api-version=1.0",
      "RequestMethod": "PUT",
      "RequestHeaders": {
        "Accept": "application/vnd.microsoft.azconfig.kv\u002Bjson",
        "Authorization": "Sanitized",
        "Content-Length": "81",
        "Content-Type": "application/json",
        "Date": "Wed, 5 Apr 2023 02:25:39 GMT",
        "Sync-Token": "zAJw6V16=MjoyMCM0MjgxMjYw",
        "User-Agent": "azsdk-java-azure-data-appconfiguration/1.5.0-beta.1 (17.0.1; Windows 11; 10.0)",
        "x-ms-client-request-id": "fc370c6a-624e-4784-a2f1-6e5f23c63f3c",
        "x-ms-content-sha256": "sJuW9bzrtyrLKsdOlMmGBthZvpIR5BXD\u002Bys/r/HEt1Y=",
        "x-ms-return-client-request-id": "true"
      },
      "RequestBody": {
        "key": "key92554",
        "label": "76654f9d",
        "value": "myValue8",
        "tags": {},
        "locked": false
      },
      "StatusCode": 200,
      "ResponseHeaders": {
        "Access-Control-Allow-Credentials": "true",
        "Access-Control-Allow-Origin": "*",
        "Access-Control-Expose-Headers": "DNT, X-CustomHeader, Keep-Alive, User-Agent, X-Requested-With, If-Modified-Since, Cache-Control, Content-Type, Authorization, x-ms-client-request-id, x-ms-useragent, x-ms-content-sha256, x-ms-date, host, Accept, Accept-Datetime, Date, If-Match, If-None-Match, Sync-Token, x-ms-return-client-request-id, ETag, Last-Modified, Link, Memento-Datetime, retry-after-ms, x-ms-request-id, x-ms-client-session-id, x-ms-effective-locale, WWW-Authenticate, traceparent, tracestate",
        "Connection": "keep-alive",
        "Content-Type": "application/vnd.microsoft.appconfig.kv\u002Bjson; charset=utf-8",
        "Date": "Wed, 05 Apr 2023 02:25:40 GMT",
        "ETag": "\u00227T19uicHG7WAfysqiEcAj7i7xfeF2Zx9DKiWWmJWXeg\u0022",
        "Last-Modified": "Wed, 05 Apr 2023 02:25:40 GMT",
        "Server": "openresty/1.21.4.1",
        "Strict-Transport-Security": "max-age=15724800; includeSubDomains",
        "Sync-Token": "zAJw6V16=MjoyMCM0MjgxMjc1;sn=4281275",
        "Transfer-Encoding": "chunked",
        "x-ms-client-request-id": "fc370c6a-624e-4784-a2f1-6e5f23c63f3c",
        "x-ms-correlation-request-id": "38f48f15-aa03-4a66-83a4-5be7e8ede586",
        "x-ms-request-id": "38f48f15-aa03-4a66-83a4-5be7e8ede586"
      },
      "ResponseBody": {
        "etag": "7T19uicHG7WAfysqiEcAj7i7xfeF2Zx9DKiWWmJWXeg",
        "key": "key92554",
        "label": "76654f9d",
        "content_type": null,
        "value": "myValue8",
        "tags": {},
        "locked": false,
        "last_modified": "2023-04-05T02:25:40\u002B00:00"
      }
    },
    {
      "RequestUri": "https://REDACTED/kv/key92554?label=76654f9d\u0026api-version=1.0",
      "RequestMethod": "PUT",
      "RequestHeaders": {
        "Accept": "application/vnd.microsoft.azconfig.kv\u002Bjson",
        "Authorization": "Sanitized",
        "Content-Length": "81",
        "Content-Type": "application/json",
        "Date": "Wed, 5 Apr 2023 02:25:39 GMT",
        "Sync-Token": "zAJw6V16=MjoyMCM0MjgxMjc1",
        "User-Agent": "azsdk-java-azure-data-appconfiguration/1.5.0-beta.1 (17.0.1; Windows 11; 10.0)",
        "x-ms-client-request-id": "fdaf00a3-4a9a-4a4b-bb37-607f52b199c9",
        "x-ms-content-sha256": "7stVUD0QoiCwsdD9ItxCClQFHM76yHTl/58kMmR/WDY=",
        "x-ms-return-client-request-id": "true"
      },
      "RequestBody": {
        "key": "key92554",
        "label": "76654f9d",
        "value": "myValue9",
        "tags": {},
        "locked": false
      },
      "StatusCode": 200,
      "ResponseHeaders": {
        "Access-Control-Allow-Credentials": "true",
        "Access-Control-Allow-Origin": "*",
        "Access-Control-Expose-Headers": "DNT, X-CustomHeader, Keep-Alive, User-Agent, X-Requested-With, If-Modified-Since, Cache-Control, Content-Type, Authorization, x-ms-client-request-id, x-ms-useragent, x-ms-content-sha256, x-ms-date, host, Accept, Accept-Datetime, Date, If-Match, If-None-Match, Sync-Token, x-ms-return-client-request-id, ETag, Last-Modified, Link, Memento-Datetime, retry-after-ms, x-ms-request-id, x-ms-client-session-id, x-ms-effective-locale, WWW-Authenticate, traceparent, tracestate",
        "Connection": "keep-alive",
        "Content-Type": "application/vnd.microsoft.appconfig.kv\u002Bjson; charset=utf-8",
        "Date": "Wed, 05 Apr 2023 02:25:40 GMT",
        "ETag": "\u0022OFIMO4Xho1KPmBkdYqMU_FEcXnSZcQjY_sjIafUWuqs\u0022",
        "Last-Modified": "Wed, 05 Apr 2023 02:25:40 GMT",
        "Server": "openresty/1.21.4.1",
        "Strict-Transport-Security": "max-age=15724800; includeSubDomains",
        "Sync-Token": "zAJw6V16=MjoyMCM0MjgxMjgy;sn=4281282",
        "Transfer-Encoding": "chunked",
        "x-ms-client-request-id": "fdaf00a3-4a9a-4a4b-bb37-607f52b199c9",
        "x-ms-correlation-request-id": "3b3115ce-bb3b-4c5a-9c51-ca816882c6b8",
        "x-ms-request-id": "3b3115ce-bb3b-4c5a-9c51-ca816882c6b8"
      },
      "ResponseBody": {
        "etag": "OFIMO4Xho1KPmBkdYqMU_FEcXnSZcQjY_sjIafUWuqs",
        "key": "key92554",
        "label": "76654f9d",
        "content_type": null,
        "value": "myValue9",
        "tags": {},
        "locked": false,
        "last_modified": "2023-04-05T02:25:40\u002B00:00"
      }
    },
    {
      "RequestUri": "https://REDACTED/kv/key92554?label=76654f9d\u0026api-version=1.0",
      "RequestMethod": "PUT",
      "RequestHeaders": {
        "Accept": "application/vnd.microsoft.azconfig.kv\u002Bjson",
        "Authorization": "Sanitized",
        "Content-Length": "82",
        "Content-Type": "application/json",
        "Date": "Wed, 5 Apr 2023 02:25:39 GMT",
        "Sync-Token": "zAJw6V16=MjoyMCM0MjgxMjgy",
        "User-Agent": "azsdk-java-azure-data-appconfiguration/1.5.0-beta.1 (17.0.1; Windows 11; 10.0)",
        "x-ms-client-request-id": "ef1aaa08-b2a8-42ec-b9b8-260954cb206e",
        "x-ms-content-sha256": "FBXKc/ETrkKQ4kZQCeUlR\u002B4Ten4qxYY66OtzeZHLIHM=",
        "x-ms-return-client-request-id": "true"
      },
      "RequestBody": {
        "key": "key92554",
        "label": "76654f9d",
        "value": "myValue10",
        "tags": {},
        "locked": false
      },
      "StatusCode": 200,
      "ResponseHeaders": {
        "Access-Control-Allow-Credentials": "true",
        "Access-Control-Allow-Origin": "*",
        "Access-Control-Expose-Headers": "DNT, X-CustomHeader, Keep-Alive, User-Agent, X-Requested-With, If-Modified-Since, Cache-Control, Content-Type, Authorization, x-ms-client-request-id, x-ms-useragent, x-ms-content-sha256, x-ms-date, host, Accept, Accept-Datetime, Date, If-Match, If-None-Match, Sync-Token, x-ms-return-client-request-id, ETag, Last-Modified, Link, Memento-Datetime, retry-after-ms, x-ms-request-id, x-ms-client-session-id, x-ms-effective-locale, WWW-Authenticate, traceparent, tracestate",
        "Connection": "keep-alive",
        "Content-Type": "application/vnd.microsoft.appconfig.kv\u002Bjson; charset=utf-8",
        "Date": "Wed, 05 Apr 2023 02:25:40 GMT",
        "ETag": "\u0022Hi5SAx6QaE7GFDUtEE_7W4GkoA7ZXv9KhUfN2eDBj8c\u0022",
        "Last-Modified": "Wed, 05 Apr 2023 02:25:40 GMT",
        "Server": "openresty/1.21.4.1",
        "Strict-Transport-Security": "max-age=15724800; includeSubDomains",
        "Sync-Token": "zAJw6V16=MjoyMCM0MjgxMjkx;sn=4281291",
        "Transfer-Encoding": "chunked",
        "x-ms-client-request-id": "ef1aaa08-b2a8-42ec-b9b8-260954cb206e",
        "x-ms-correlation-request-id": "ffd5df55-b8e6-45c5-b99d-d2ee73e4575e",
        "x-ms-request-id": "ffd5df55-b8e6-45c5-b99d-d2ee73e4575e"
      },
      "ResponseBody": {
        "etag": "Hi5SAx6QaE7GFDUtEE_7W4GkoA7ZXv9KhUfN2eDBj8c",
        "key": "key92554",
        "label": "76654f9d",
        "content_type": null,
        "value": "myValue10",
        "tags": {},
        "locked": false,
        "last_modified": "2023-04-05T02:25:40\u002B00:00"
      }
    },
    {
      "RequestUri": "https://REDACTED/kv/key92554?label=76654f9d\u0026api-version=1.0",
      "RequestMethod": "PUT",
      "RequestHeaders": {
        "Accept": "application/vnd.microsoft.azconfig.kv\u002Bjson",
        "Authorization": "Sanitized",
        "Content-Length": "82",
        "Content-Type": "application/json",
        "Date": "Wed, 5 Apr 2023 02:25:39 GMT",
        "Sync-Token": "zAJw6V16=MjoyMCM0MjgxMjkx",
        "User-Agent": "azsdk-java-azure-data-appconfiguration/1.5.0-beta.1 (17.0.1; Windows 11; 10.0)",
        "x-ms-client-request-id": "6b9e0d9f-030a-4139-bbda-8e37ac70c75a",
        "x-ms-content-sha256": "CYsCgZu9btUMdSx/YDj4fttGKs1bc\u002BpandK/Th3wBC4=",
        "x-ms-return-client-request-id": "true"
      },
      "RequestBody": {
        "key": "key92554",
        "label": "76654f9d",
        "value": "myValue11",
        "tags": {},
        "locked": false
      },
      "StatusCode": 200,
      "ResponseHeaders": {
        "Access-Control-Allow-Credentials": "true",
        "Access-Control-Allow-Origin": "*",
        "Access-Control-Expose-Headers": "DNT, X-CustomHeader, Keep-Alive, User-Agent, X-Requested-With, If-Modified-Since, Cache-Control, Content-Type, Authorization, x-ms-client-request-id, x-ms-useragent, x-ms-content-sha256, x-ms-date, host, Accept, Accept-Datetime, Date, If-Match, If-None-Match, Sync-Token, x-ms-return-client-request-id, ETag, Last-Modified, Link, Memento-Datetime, retry-after-ms, x-ms-request-id, x-ms-client-session-id, x-ms-effective-locale, WWW-Authenticate, traceparent, tracestate",
        "Connection": "keep-alive",
        "Content-Type": "application/vnd.microsoft.appconfig.kv\u002Bjson; charset=utf-8",
        "Date": "Wed, 05 Apr 2023 02:25:40 GMT",
        "ETag": "\u0022Iq_5fwx2RBSUSjcniMiSHPh9MrOtMKj347dVgf7J83w\u0022",
        "Last-Modified": "Wed, 05 Apr 2023 02:25:40 GMT",
        "Server": "openresty/1.21.4.1",
        "Strict-Transport-Security": "max-age=15724800; includeSubDomains",
        "Sync-Token": "zAJw6V16=MjoyMCM0MjgxMjk4;sn=4281298",
        "Transfer-Encoding": "chunked",
        "x-ms-client-request-id": "6b9e0d9f-030a-4139-bbda-8e37ac70c75a",
        "x-ms-correlation-request-id": "9dac051c-76a5-4f53-8deb-ce4fb583fcb7",
        "x-ms-request-id": "9dac051c-76a5-4f53-8deb-ce4fb583fcb7"
      },
      "ResponseBody": {
        "etag": "Iq_5fwx2RBSUSjcniMiSHPh9MrOtMKj347dVgf7J83w",
        "key": "key92554",
        "label": "76654f9d",
        "content_type": null,
        "value": "myValue11",
        "tags": {},
        "locked": false,
        "last_modified": "2023-04-05T02:25:40\u002B00:00"
      }
    },
    {
      "RequestUri": "https://REDACTED/kv/key92554?label=76654f9d\u0026api-version=1.0",
      "RequestMethod": "PUT",
      "RequestHeaders": {
        "Accept": "application/vnd.microsoft.azconfig.kv\u002Bjson",
        "Authorization": "Sanitized",
        "Content-Length": "82",
        "Content-Type": "application/json",
        "Date": "Wed, 5 Apr 2023 02:25:39 GMT",
        "Sync-Token": "zAJw6V16=MjoyMCM0MjgxMjk4",
        "User-Agent": "azsdk-java-azure-data-appconfiguration/1.5.0-beta.1 (17.0.1; Windows 11; 10.0)",
        "x-ms-client-request-id": "8fba7bef-b94a-4bc0-af79-0a5e6388d0c2",
        "x-ms-content-sha256": "ccXfteUvcg0n3ZsWCUpGCgOktSJLlLRbmi/yKp8WKyY=",
        "x-ms-return-client-request-id": "true"
      },
      "RequestBody": {
        "key": "key92554",
        "label": "76654f9d",
        "value": "myValue12",
        "tags": {},
        "locked": false
      },
      "StatusCode": 200,
      "ResponseHeaders": {
        "Access-Control-Allow-Credentials": "true",
        "Access-Control-Allow-Origin": "*",
        "Access-Control-Expose-Headers": "DNT, X-CustomHeader, Keep-Alive, User-Agent, X-Requested-With, If-Modified-Since, Cache-Control, Content-Type, Authorization, x-ms-client-request-id, x-ms-useragent, x-ms-content-sha256, x-ms-date, host, Accept, Accept-Datetime, Date, If-Match, If-None-Match, Sync-Token, x-ms-return-client-request-id, ETag, Last-Modified, Link, Memento-Datetime, retry-after-ms, x-ms-request-id, x-ms-client-session-id, x-ms-effective-locale, WWW-Authenticate, traceparent, tracestate",
        "Connection": "keep-alive",
        "Content-Type": "application/vnd.microsoft.appconfig.kv\u002Bjson; charset=utf-8",
        "Date": "Wed, 05 Apr 2023 02:25:40 GMT",
        "ETag": "\u0022SNZMX2NhfvSdKz103McsYXLv4sOO6Dne_ETV7leperg\u0022",
        "Last-Modified": "Wed, 05 Apr 2023 02:25:40 GMT",
        "Server": "openresty/1.21.4.1",
        "Strict-Transport-Security": "max-age=15724800; includeSubDomains",
        "Sync-Token": "zAJw6V16=MjoyMCM0MjgxMzA1;sn=4281305",
        "Transfer-Encoding": "chunked",
        "x-ms-client-request-id": "8fba7bef-b94a-4bc0-af79-0a5e6388d0c2",
        "x-ms-correlation-request-id": "49e1d150-f64e-40b3-8ce6-90f976656658",
        "x-ms-request-id": "49e1d150-f64e-40b3-8ce6-90f976656658"
      },
      "ResponseBody": {
        "etag": "SNZMX2NhfvSdKz103McsYXLv4sOO6Dne_ETV7leperg",
        "key": "key92554",
        "label": "76654f9d",
        "content_type": null,
        "value": "myValue12",
        "tags": {},
        "locked": false,
        "last_modified": "2023-04-05T02:25:40\u002B00:00"
      }
    },
    {
      "RequestUri": "https://REDACTED/kv/key92554?label=76654f9d\u0026api-version=1.0",
      "RequestMethod": "PUT",
      "RequestHeaders": {
        "Accept": "application/vnd.microsoft.azconfig.kv\u002Bjson",
        "Authorization": "Sanitized",
        "Content-Length": "82",
        "Content-Type": "application/json",
        "Date": "Wed, 5 Apr 2023 02:25:39 GMT",
        "Sync-Token": "zAJw6V16=MjoyMCM0MjgxMzA1",
        "User-Agent": "azsdk-java-azure-data-appconfiguration/1.5.0-beta.1 (17.0.1; Windows 11; 10.0)",
        "x-ms-client-request-id": "a907e6ea-478c-4845-89a7-8a87c1bd0742",
        "x-ms-content-sha256": "8oGAnEDG9l2FN4q652yNjyw1O6Rb7gjHElJ/F6Bs1c8=",
        "x-ms-return-client-request-id": "true"
      },
      "RequestBody": {
        "key": "key92554",
        "label": "76654f9d",
        "value": "myValue13",
        "tags": {},
        "locked": false
      },
      "StatusCode": 200,
      "ResponseHeaders": {
        "Access-Control-Allow-Credentials": "true",
        "Access-Control-Allow-Origin": "*",
        "Access-Control-Expose-Headers": "DNT, X-CustomHeader, Keep-Alive, User-Agent, X-Requested-With, If-Modified-Since, Cache-Control, Content-Type, Authorization, x-ms-client-request-id, x-ms-useragent, x-ms-content-sha256, x-ms-date, host, Accept, Accept-Datetime, Date, If-Match, If-None-Match, Sync-Token, x-ms-return-client-request-id, ETag, Last-Modified, Link, Memento-Datetime, retry-after-ms, x-ms-request-id, x-ms-client-session-id, x-ms-effective-locale, WWW-Authenticate, traceparent, tracestate",
        "Connection": "keep-alive",
        "Content-Type": "application/vnd.microsoft.appconfig.kv\u002Bjson; charset=utf-8",
        "Date": "Wed, 05 Apr 2023 02:25:40 GMT",
        "ETag": "\u0022iJLMTRyOHFEvTYdTbV5M6eZcPa4He1GCRslZzGpTD7c\u0022",
        "Last-Modified": "Wed, 05 Apr 2023 02:25:40 GMT",
        "Server": "openresty/1.21.4.1",
        "Strict-Transport-Security": "max-age=15724800; includeSubDomains",
        "Sync-Token": "zAJw6V16=MjoyMCM0MjgxMzEy;sn=4281312",
        "Transfer-Encoding": "chunked",
        "x-ms-client-request-id": "a907e6ea-478c-4845-89a7-8a87c1bd0742",
        "x-ms-correlation-request-id": "71c3e110-a7e7-4750-af04-b64f9bd2404f",
        "x-ms-request-id": "71c3e110-a7e7-4750-af04-b64f9bd2404f"
      },
      "ResponseBody": {
        "etag": "iJLMTRyOHFEvTYdTbV5M6eZcPa4He1GCRslZzGpTD7c",
        "key": "key92554",
        "label": "76654f9d",
        "content_type": null,
        "value": "myValue13",
        "tags": {},
        "locked": false,
        "last_modified": "2023-04-05T02:25:40\u002B00:00"
      }
    },
    {
      "RequestUri": "https://REDACTED/kv/key92554?label=76654f9d\u0026api-version=1.0",
      "RequestMethod": "PUT",
      "RequestHeaders": {
        "Accept": "application/vnd.microsoft.azconfig.kv\u002Bjson",
        "Authorization": "Sanitized",
        "Content-Length": "82",
        "Content-Type": "application/json",
        "Date": "Wed, 5 Apr 2023 02:25:39 GMT",
        "Sync-Token": "zAJw6V16=MjoyMCM0MjgxMzEy",
        "User-Agent": "azsdk-java-azure-data-appconfiguration/1.5.0-beta.1 (17.0.1; Windows 11; 10.0)",
        "x-ms-client-request-id": "a1bec090-35f8-47df-99f0-ea3e3a5ee37b",
        "x-ms-content-sha256": "Dvwf4XpeGmiKXSzE3KbqHhEXELjuHiJzHgnSCuPH6L4=",
        "x-ms-return-client-request-id": "true"
      },
      "RequestBody": {
        "key": "key92554",
        "label": "76654f9d",
        "value": "myValue14",
        "tags": {},
        "locked": false
      },
      "StatusCode": 200,
      "ResponseHeaders": {
        "Access-Control-Allow-Credentials": "true",
        "Access-Control-Allow-Origin": "*",
        "Access-Control-Expose-Headers": "DNT, X-CustomHeader, Keep-Alive, User-Agent, X-Requested-With, If-Modified-Since, Cache-Control, Content-Type, Authorization, x-ms-client-request-id, x-ms-useragent, x-ms-content-sha256, x-ms-date, host, Accept, Accept-Datetime, Date, If-Match, If-None-Match, Sync-Token, x-ms-return-client-request-id, ETag, Last-Modified, Link, Memento-Datetime, retry-after-ms, x-ms-request-id, x-ms-client-session-id, x-ms-effective-locale, WWW-Authenticate, traceparent, tracestate",
        "Connection": "keep-alive",
        "Content-Type": "application/vnd.microsoft.appconfig.kv\u002Bjson; charset=utf-8",
        "Date": "Wed, 05 Apr 2023 02:25:40 GMT",
        "ETag": "\u00223UZU12a4Cd7nEXg2EU8HhG4Ek-m9b9BRtG3M5qcV9Zc\u0022",
        "Last-Modified": "Wed, 05 Apr 2023 02:25:40 GMT",
        "Server": "openresty/1.21.4.1",
        "Strict-Transport-Security": "max-age=15724800; includeSubDomains",
        "Sync-Token": "zAJw6V16=MjoyMCM0MjgxMzE5;sn=4281319",
        "Transfer-Encoding": "chunked",
        "x-ms-client-request-id": "a1bec090-35f8-47df-99f0-ea3e3a5ee37b",
        "x-ms-correlation-request-id": "0166161e-d836-4d51-bd3f-66ffa0bc90de",
        "x-ms-request-id": "0166161e-d836-4d51-bd3f-66ffa0bc90de"
      },
      "ResponseBody": {
        "etag": "3UZU12a4Cd7nEXg2EU8HhG4Ek-m9b9BRtG3M5qcV9Zc",
        "key": "key92554",
        "label": "76654f9d",
        "content_type": null,
        "value": "myValue14",
        "tags": {},
        "locked": false,
        "last_modified": "2023-04-05T02:25:40\u002B00:00"
      }
    },
    {
      "RequestUri": "https://REDACTED/kv/key92554?label=76654f9d\u0026api-version=1.0",
      "RequestMethod": "PUT",
      "RequestHeaders": {
        "Accept": "application/vnd.microsoft.azconfig.kv\u002Bjson",
        "Authorization": "Sanitized",
        "Content-Length": "82",
        "Content-Type": "application/json",
        "Date": "Wed, 5 Apr 2023 02:25:39 GMT",
        "Sync-Token": "zAJw6V16=MjoyMCM0MjgxMzE5",
        "User-Agent": "azsdk-java-azure-data-appconfiguration/1.5.0-beta.1 (17.0.1; Windows 11; 10.0)",
        "x-ms-client-request-id": "1a55f502-42d6-4b5d-ae8f-0952d709e208",
        "x-ms-content-sha256": "hpRXd85zi11IPkZQj\u002BFeWac2YKHZLilqt57aFOGr7G0=",
        "x-ms-return-client-request-id": "true"
      },
      "RequestBody": {
        "key": "key92554",
        "label": "76654f9d",
        "value": "myValue15",
        "tags": {},
        "locked": false
      },
      "StatusCode": 200,
      "ResponseHeaders": {
        "Access-Control-Allow-Credentials": "true",
        "Access-Control-Allow-Origin": "*",
        "Access-Control-Expose-Headers": "DNT, X-CustomHeader, Keep-Alive, User-Agent, X-Requested-With, If-Modified-Since, Cache-Control, Content-Type, Authorization, x-ms-client-request-id, x-ms-useragent, x-ms-content-sha256, x-ms-date, host, Accept, Accept-Datetime, Date, If-Match, If-None-Match, Sync-Token, x-ms-return-client-request-id, ETag, Last-Modified, Link, Memento-Datetime, retry-after-ms, x-ms-request-id, x-ms-client-session-id, x-ms-effective-locale, WWW-Authenticate, traceparent, tracestate",
        "Connection": "keep-alive",
        "Content-Type": "application/vnd.microsoft.appconfig.kv\u002Bjson; charset=utf-8",
        "Date": "Wed, 05 Apr 2023 02:25:40 GMT",
        "ETag": "\u0022vxL7gy-vHWuxMT8teX7tS8W6_Lm09Wa8ia8l8Vb7fe4\u0022",
        "Last-Modified": "Wed, 05 Apr 2023 02:25:40 GMT",
        "Server": "openresty/1.21.4.1",
        "Strict-Transport-Security": "max-age=15724800; includeSubDomains",
        "Sync-Token": "zAJw6V16=MjoyMCM0MjgxMzI0;sn=4281324",
        "Transfer-Encoding": "chunked",
        "x-ms-client-request-id": "1a55f502-42d6-4b5d-ae8f-0952d709e208",
        "x-ms-correlation-request-id": "eff2d996-bbd1-4e86-9c2e-b9324815dff6",
        "x-ms-request-id": "eff2d996-bbd1-4e86-9c2e-b9324815dff6"
      },
      "ResponseBody": {
        "etag": "vxL7gy-vHWuxMT8teX7tS8W6_Lm09Wa8ia8l8Vb7fe4",
        "key": "key92554",
        "label": "76654f9d",
        "content_type": null,
        "value": "myValue15",
        "tags": {},
        "locked": false,
        "last_modified": "2023-04-05T02:25:40\u002B00:00"
      }
    },
    {
      "RequestUri": "https://REDACTED/kv/key92554?label=76654f9d\u0026api-version=1.0",
      "RequestMethod": "PUT",
      "RequestHeaders": {
        "Accept": "application/vnd.microsoft.azconfig.kv\u002Bjson",
        "Authorization": "Sanitized",
        "Content-Length": "82",
        "Content-Type": "application/json",
        "Date": "Wed, 5 Apr 2023 02:25:39 GMT",
        "Sync-Token": "zAJw6V16=MjoyMCM0MjgxMzI0",
        "User-Agent": "azsdk-java-azure-data-appconfiguration/1.5.0-beta.1 (17.0.1; Windows 11; 10.0)",
        "x-ms-client-request-id": "2ada1ab7-9b4c-4dd2-8db8-bf55654df2b0",
        "x-ms-content-sha256": "TbQN32PKcPN95lldqzBDOJj7WCK4q1T2SJcCzaaHG/I=",
        "x-ms-return-client-request-id": "true"
      },
      "RequestBody": {
        "key": "key92554",
        "label": "76654f9d",
        "value": "myValue16",
        "tags": {},
        "locked": false
      },
      "StatusCode": 200,
      "ResponseHeaders": {
        "Access-Control-Allow-Credentials": "true",
        "Access-Control-Allow-Origin": "*",
        "Access-Control-Expose-Headers": "DNT, X-CustomHeader, Keep-Alive, User-Agent, X-Requested-With, If-Modified-Since, Cache-Control, Content-Type, Authorization, x-ms-client-request-id, x-ms-useragent, x-ms-content-sha256, x-ms-date, host, Accept, Accept-Datetime, Date, If-Match, If-None-Match, Sync-Token, x-ms-return-client-request-id, ETag, Last-Modified, Link, Memento-Datetime, retry-after-ms, x-ms-request-id, x-ms-client-session-id, x-ms-effective-locale, WWW-Authenticate, traceparent, tracestate",
        "Connection": "keep-alive",
        "Content-Type": "application/vnd.microsoft.appconfig.kv\u002Bjson; charset=utf-8",
        "Date": "Wed, 05 Apr 2023 02:25:40 GMT",
        "ETag": "\u0022vkx32JPVAu5PwhyTZiyVSu-PMaLe29H00Jk6N8Ha9OA\u0022",
        "Last-Modified": "Wed, 05 Apr 2023 02:25:40 GMT",
        "Server": "openresty/1.21.4.1",
        "Strict-Transport-Security": "max-age=15724800; includeSubDomains",
        "Sync-Token": "zAJw6V16=MjoyMCM0MjgxMzMy;sn=4281332",
        "Transfer-Encoding": "chunked",
        "x-ms-client-request-id": "2ada1ab7-9b4c-4dd2-8db8-bf55654df2b0",
        "x-ms-correlation-request-id": "1e33996c-8a7b-4d55-8789-d50294bb92b5",
        "x-ms-request-id": "1e33996c-8a7b-4d55-8789-d50294bb92b5"
      },
      "ResponseBody": {
        "etag": "vkx32JPVAu5PwhyTZiyVSu-PMaLe29H00Jk6N8Ha9OA",
        "key": "key92554",
        "label": "76654f9d",
        "content_type": null,
        "value": "myValue16",
        "tags": {},
        "locked": false,
        "last_modified": "2023-04-05T02:25:40\u002B00:00"
      }
    },
    {
      "RequestUri": "https://REDACTED/kv/key92554?label=76654f9d\u0026api-version=1.0",
      "RequestMethod": "PUT",
      "RequestHeaders": {
        "Accept": "application/vnd.microsoft.azconfig.kv\u002Bjson",
        "Authorization": "Sanitized",
        "Content-Length": "82",
        "Content-Type": "application/json",
        "Date": "Wed, 5 Apr 2023 02:25:39 GMT",
        "Sync-Token": "zAJw6V16=MjoyMCM0MjgxMzMy",
        "User-Agent": "azsdk-java-azure-data-appconfiguration/1.5.0-beta.1 (17.0.1; Windows 11; 10.0)",
        "x-ms-client-request-id": "36883874-72bc-421d-8e71-50bd8c7801a5",
        "x-ms-content-sha256": "92Y0\u002BHqRaXvDisCPIMaJKk8OF9W7YSoyM6KRp0VzEEU=",
        "x-ms-return-client-request-id": "true"
      },
      "RequestBody": {
        "key": "key92554",
        "label": "76654f9d",
        "value": "myValue17",
        "tags": {},
        "locked": false
      },
      "StatusCode": 200,
      "ResponseHeaders": {
        "Access-Control-Allow-Credentials": "true",
        "Access-Control-Allow-Origin": "*",
        "Access-Control-Expose-Headers": "DNT, X-CustomHeader, Keep-Alive, User-Agent, X-Requested-With, If-Modified-Since, Cache-Control, Content-Type, Authorization, x-ms-client-request-id, x-ms-useragent, x-ms-content-sha256, x-ms-date, host, Accept, Accept-Datetime, Date, If-Match, If-None-Match, Sync-Token, x-ms-return-client-request-id, ETag, Last-Modified, Link, Memento-Datetime, retry-after-ms, x-ms-request-id, x-ms-client-session-id, x-ms-effective-locale, WWW-Authenticate, traceparent, tracestate",
        "Connection": "keep-alive",
        "Content-Type": "application/vnd.microsoft.appconfig.kv\u002Bjson; charset=utf-8",
        "Date": "Wed, 05 Apr 2023 02:25:40 GMT",
        "ETag": "\u00222VZPKcVtRkAYqxVcA9IanxbeE4j0FsgRy9XWftqekT8\u0022",
        "Last-Modified": "Wed, 05 Apr 2023 02:25:40 GMT",
        "Server": "openresty/1.21.4.1",
        "Strict-Transport-Security": "max-age=15724800; includeSubDomains",
        "Sync-Token": "zAJw6V16=MjoyMCM0MjgxMzM4;sn=4281338",
        "Transfer-Encoding": "chunked",
        "x-ms-client-request-id": "36883874-72bc-421d-8e71-50bd8c7801a5",
        "x-ms-correlation-request-id": "e91640d3-4aef-4e94-806a-dd282945bd6d",
        "x-ms-request-id": "e91640d3-4aef-4e94-806a-dd282945bd6d"
      },
      "ResponseBody": {
        "etag": "2VZPKcVtRkAYqxVcA9IanxbeE4j0FsgRy9XWftqekT8",
        "key": "key92554",
        "label": "76654f9d",
        "content_type": null,
        "value": "myValue17",
        "tags": {},
        "locked": false,
        "last_modified": "2023-04-05T02:25:40\u002B00:00"
      }
    },
    {
      "RequestUri": "https://REDACTED/kv/key92554?label=76654f9d\u0026api-version=1.0",
      "RequestMethod": "PUT",
      "RequestHeaders": {
        "Accept": "application/vnd.microsoft.azconfig.kv\u002Bjson",
        "Authorization": "Sanitized",
        "Content-Length": "82",
        "Content-Type": "application/json",
        "Date": "Wed, 5 Apr 2023 02:25:40 GMT",
        "Sync-Token": "zAJw6V16=MjoyMCM0MjgxMzM4",
        "User-Agent": "azsdk-java-azure-data-appconfiguration/1.5.0-beta.1 (17.0.1; Windows 11; 10.0)",
        "x-ms-client-request-id": "368f9568-3ad2-4214-b880-56bd354d9adb",
        "x-ms-content-sha256": "\u002Bcj/5BJ9lw4YdrIZcyq0bVKKXLKryKLLLzN\u002Bf3idStg=",
        "x-ms-return-client-request-id": "true"
      },
      "RequestBody": {
        "key": "key92554",
        "label": "76654f9d",
        "value": "myValue18",
        "tags": {},
        "locked": false
      },
      "StatusCode": 200,
      "ResponseHeaders": {
        "Access-Control-Allow-Credentials": "true",
        "Access-Control-Allow-Origin": "*",
        "Access-Control-Expose-Headers": "DNT, X-CustomHeader, Keep-Alive, User-Agent, X-Requested-With, If-Modified-Since, Cache-Control, Content-Type, Authorization, x-ms-client-request-id, x-ms-useragent, x-ms-content-sha256, x-ms-date, host, Accept, Accept-Datetime, Date, If-Match, If-None-Match, Sync-Token, x-ms-return-client-request-id, ETag, Last-Modified, Link, Memento-Datetime, retry-after-ms, x-ms-request-id, x-ms-client-session-id, x-ms-effective-locale, WWW-Authenticate, traceparent, tracestate",
        "Connection": "keep-alive",
        "Content-Type": "application/vnd.microsoft.appconfig.kv\u002Bjson; charset=utf-8",
        "Date": "Wed, 05 Apr 2023 02:25:41 GMT",
        "ETag": "\u0022rqEi0we-AWzFLYTHLkZoCa7G4W41WQahPpMJ-orEhW4\u0022",
        "Last-Modified": "Wed, 05 Apr 2023 02:25:41 GMT",
        "Server": "openresty/1.21.4.1",
        "Strict-Transport-Security": "max-age=15724800; includeSubDomains",
        "Sync-Token": "zAJw6V16=MjoyMCM0MjgxMzY1;sn=4281365",
        "Transfer-Encoding": "chunked",
        "x-ms-client-request-id": "368f9568-3ad2-4214-b880-56bd354d9adb",
        "x-ms-correlation-request-id": "f2c016d4-a9f2-4b9d-99dd-c93899bb8efd",
        "x-ms-request-id": "f2c016d4-a9f2-4b9d-99dd-c93899bb8efd"
      },
      "ResponseBody": {
        "etag": "rqEi0we-AWzFLYTHLkZoCa7G4W41WQahPpMJ-orEhW4",
        "key": "key92554",
        "label": "76654f9d",
        "content_type": null,
        "value": "myValue18",
        "tags": {},
        "locked": false,
        "last_modified": "2023-04-05T02:25:41\u002B00:00"
      }
    },
    {
      "RequestUri": "https://REDACTED/kv/key92554?label=76654f9d\u0026api-version=1.0",
      "RequestMethod": "PUT",
      "RequestHeaders": {
        "Accept": "application/vnd.microsoft.azconfig.kv\u002Bjson",
        "Authorization": "Sanitized",
        "Content-Length": "82",
        "Content-Type": "application/json",
        "Date": "Wed, 5 Apr 2023 02:25:40 GMT",
        "Sync-Token": "zAJw6V16=MjoyMCM0MjgxMzY1",
        "User-Agent": "azsdk-java-azure-data-appconfiguration/1.5.0-beta.1 (17.0.1; Windows 11; 10.0)",
        "x-ms-client-request-id": "6d09ae65-76b0-45a1-8af8-4a4ee2124d7d",
        "x-ms-content-sha256": "GfbCnoBkJ7WCR3G4K9ZtX4QFJARikFQ7IoWaVDAKRYM=",
        "x-ms-return-client-request-id": "true"
      },
      "RequestBody": {
        "key": "key92554",
        "label": "76654f9d",
        "value": "myValue19",
        "tags": {},
        "locked": false
      },
      "StatusCode": 200,
      "ResponseHeaders": {
        "Access-Control-Allow-Credentials": "true",
        "Access-Control-Allow-Origin": "*",
        "Access-Control-Expose-Headers": "DNT, X-CustomHeader, Keep-Alive, User-Agent, X-Requested-With, If-Modified-Since, Cache-Control, Content-Type, Authorization, x-ms-client-request-id, x-ms-useragent, x-ms-content-sha256, x-ms-date, host, Accept, Accept-Datetime, Date, If-Match, If-None-Match, Sync-Token, x-ms-return-client-request-id, ETag, Last-Modified, Link, Memento-Datetime, retry-after-ms, x-ms-request-id, x-ms-client-session-id, x-ms-effective-locale, WWW-Authenticate, traceparent, tracestate",
        "Connection": "keep-alive",
        "Content-Type": "application/vnd.microsoft.appconfig.kv\u002Bjson; charset=utf-8",
        "Date": "Wed, 05 Apr 2023 02:25:41 GMT",
        "ETag": "\u0022EdzjuVmrETqIuVnkEqVQKw7rMl941tqhNTu9ZmUwn_U\u0022",
        "Last-Modified": "Wed, 05 Apr 2023 02:25:41 GMT",
        "Server": "openresty/1.21.4.1",
        "Strict-Transport-Security": "max-age=15724800; includeSubDomains",
        "Sync-Token": "zAJw6V16=MjoyMCM0MjgxMzcw;sn=4281370",
        "Transfer-Encoding": "chunked",
        "x-ms-client-request-id": "6d09ae65-76b0-45a1-8af8-4a4ee2124d7d",
        "x-ms-correlation-request-id": "81895074-d237-416a-89d3-769908b4bb7c",
        "x-ms-request-id": "81895074-d237-416a-89d3-769908b4bb7c"
      },
      "ResponseBody": {
        "etag": "EdzjuVmrETqIuVnkEqVQKw7rMl941tqhNTu9ZmUwn_U",
        "key": "key92554",
        "label": "76654f9d",
        "content_type": null,
        "value": "myValue19",
        "tags": {},
        "locked": false,
        "last_modified": "2023-04-05T02:25:41\u002B00:00"
      }
    },
    {
      "RequestUri": "https://REDACTED/kv/key92554?label=76654f9d\u0026api-version=1.0",
      "RequestMethod": "PUT",
      "RequestHeaders": {
        "Accept": "application/vnd.microsoft.azconfig.kv\u002Bjson",
        "Authorization": "Sanitized",
        "Content-Length": "82",
        "Content-Type": "application/json",
        "Date": "Wed, 5 Apr 2023 02:25:40 GMT",
        "Sync-Token": "zAJw6V16=MjoyMCM0MjgxMzcw",
        "User-Agent": "azsdk-java-azure-data-appconfiguration/1.5.0-beta.1 (17.0.1; Windows 11; 10.0)",
        "x-ms-client-request-id": "5ba5f2b1-4c92-4085-9d29-7bb370d8bd98",
        "x-ms-content-sha256": "0GGB23sZ\u002BN3QzMfQwEtIIlmE3ZchdTcGC4cd2sgIDxo=",
        "x-ms-return-client-request-id": "true"
      },
      "RequestBody": {
        "key": "key92554",
        "label": "76654f9d",
        "value": "myValue20",
        "tags": {},
        "locked": false
      },
      "StatusCode": 200,
      "ResponseHeaders": {
        "Access-Control-Allow-Credentials": "true",
        "Access-Control-Allow-Origin": "*",
        "Access-Control-Expose-Headers": "DNT, X-CustomHeader, Keep-Alive, User-Agent, X-Requested-With, If-Modified-Since, Cache-Control, Content-Type, Authorization, x-ms-client-request-id, x-ms-useragent, x-ms-content-sha256, x-ms-date, host, Accept, Accept-Datetime, Date, If-Match, If-None-Match, Sync-Token, x-ms-return-client-request-id, ETag, Last-Modified, Link, Memento-Datetime, retry-after-ms, x-ms-request-id, x-ms-client-session-id, x-ms-effective-locale, WWW-Authenticate, traceparent, tracestate",
        "Connection": "keep-alive",
        "Content-Type": "application/vnd.microsoft.appconfig.kv\u002Bjson; charset=utf-8",
        "Date": "Wed, 05 Apr 2023 02:25:41 GMT",
        "ETag": "\u0022Vvu6ipKB6x0S94rRxe8vL9MSPPKYiRrH74csow0gh1E\u0022",
        "Last-Modified": "Wed, 05 Apr 2023 02:25:41 GMT",
        "Server": "openresty/1.21.4.1",
        "Strict-Transport-Security": "max-age=15724800; includeSubDomains",
        "Sync-Token": "zAJw6V16=MjoyMCM0MjgxMzc2;sn=4281376",
        "Transfer-Encoding": "chunked",
        "x-ms-client-request-id": "5ba5f2b1-4c92-4085-9d29-7bb370d8bd98",
        "x-ms-correlation-request-id": "30aaf9c0-80f9-44e9-81a1-a5a5826970d0",
        "x-ms-request-id": "30aaf9c0-80f9-44e9-81a1-a5a5826970d0"
      },
      "ResponseBody": {
        "etag": "Vvu6ipKB6x0S94rRxe8vL9MSPPKYiRrH74csow0gh1E",
        "key": "key92554",
        "label": "76654f9d",
        "content_type": null,
        "value": "myValue20",
        "tags": {},
        "locked": false,
        "last_modified": "2023-04-05T02:25:41\u002B00:00"
      }
    },
    {
      "RequestUri": "https://REDACTED/kv/key92554?label=76654f9d\u0026api-version=1.0",
      "RequestMethod": "PUT",
      "RequestHeaders": {
        "Accept": "application/vnd.microsoft.azconfig.kv\u002Bjson",
        "Authorization": "Sanitized",
        "Content-Length": "82",
        "Content-Type": "application/json",
        "Date": "Wed, 5 Apr 2023 02:25:40 GMT",
        "Sync-Token": "zAJw6V16=MjoyMCM0MjgxMzc2",
        "User-Agent": "azsdk-java-azure-data-appconfiguration/1.5.0-beta.1 (17.0.1; Windows 11; 10.0)",
        "x-ms-client-request-id": "3a9977ab-515f-4819-9743-8d973925c0b6",
        "x-ms-content-sha256": "SUNpmT16j2sfVINv/olzOMD30VHqDr5XUKsWl1vaRTw=",
        "x-ms-return-client-request-id": "true"
      },
      "RequestBody": {
        "key": "key92554",
        "label": "76654f9d",
        "value": "myValue21",
        "tags": {},
        "locked": false
      },
      "StatusCode": 200,
      "ResponseHeaders": {
        "Access-Control-Allow-Credentials": "true",
        "Access-Control-Allow-Origin": "*",
        "Access-Control-Expose-Headers": "DNT, X-CustomHeader, Keep-Alive, User-Agent, X-Requested-With, If-Modified-Since, Cache-Control, Content-Type, Authorization, x-ms-client-request-id, x-ms-useragent, x-ms-content-sha256, x-ms-date, host, Accept, Accept-Datetime, Date, If-Match, If-None-Match, Sync-Token, x-ms-return-client-request-id, ETag, Last-Modified, Link, Memento-Datetime, retry-after-ms, x-ms-request-id, x-ms-client-session-id, x-ms-effective-locale, WWW-Authenticate, traceparent, tracestate",
        "Connection": "keep-alive",
        "Content-Type": "application/vnd.microsoft.appconfig.kv\u002Bjson; charset=utf-8",
        "Date": "Wed, 05 Apr 2023 02:25:41 GMT",
        "ETag": "\u0022YGs5Ge6Kku_Wzxbk9Prf0uompT5m9IYdDMwOnMPhzUs\u0022",
        "Last-Modified": "Wed, 05 Apr 2023 02:25:41 GMT",
        "Server": "openresty/1.21.4.1",
        "Strict-Transport-Security": "max-age=15724800; includeSubDomains",
        "Sync-Token": "zAJw6V16=MjoyMCM0MjgxMzg2;sn=4281386",
        "Transfer-Encoding": "chunked",
        "x-ms-client-request-id": "3a9977ab-515f-4819-9743-8d973925c0b6",
        "x-ms-correlation-request-id": "02719c3a-1746-4c20-8390-2c0eb73679d6",
        "x-ms-request-id": "02719c3a-1746-4c20-8390-2c0eb73679d6"
      },
      "ResponseBody": {
        "etag": "YGs5Ge6Kku_Wzxbk9Prf0uompT5m9IYdDMwOnMPhzUs",
        "key": "key92554",
        "label": "76654f9d",
        "content_type": null,
        "value": "myValue21",
        "tags": {},
        "locked": false,
        "last_modified": "2023-04-05T02:25:41\u002B00:00"
      }
    },
    {
      "RequestUri": "https://REDACTED/kv/key92554?label=76654f9d\u0026api-version=1.0",
      "RequestMethod": "PUT",
      "RequestHeaders": {
        "Accept": "application/vnd.microsoft.azconfig.kv\u002Bjson",
        "Authorization": "Sanitized",
        "Content-Length": "82",
        "Content-Type": "application/json",
        "Date": "Wed, 5 Apr 2023 02:25:40 GMT",
        "Sync-Token": "zAJw6V16=MjoyMCM0MjgxMzg2",
        "User-Agent": "azsdk-java-azure-data-appconfiguration/1.5.0-beta.1 (17.0.1; Windows 11; 10.0)",
        "x-ms-client-request-id": "5db11e24-c286-4fbc-9607-86ec320c14f2",
        "x-ms-content-sha256": "emiQLBeGgsAU3N6ESdSX8lhm9EftzafNWREhCpeILvI=",
        "x-ms-return-client-request-id": "true"
      },
      "RequestBody": {
        "key": "key92554",
        "label": "76654f9d",
        "value": "myValue22",
        "tags": {},
        "locked": false
      },
      "StatusCode": 200,
      "ResponseHeaders": {
        "Access-Control-Allow-Credentials": "true",
        "Access-Control-Allow-Origin": "*",
        "Access-Control-Expose-Headers": "DNT, X-CustomHeader, Keep-Alive, User-Agent, X-Requested-With, If-Modified-Since, Cache-Control, Content-Type, Authorization, x-ms-client-request-id, x-ms-useragent, x-ms-content-sha256, x-ms-date, host, Accept, Accept-Datetime, Date, If-Match, If-None-Match, Sync-Token, x-ms-return-client-request-id, ETag, Last-Modified, Link, Memento-Datetime, retry-after-ms, x-ms-request-id, x-ms-client-session-id, x-ms-effective-locale, WWW-Authenticate, traceparent, tracestate",
        "Connection": "keep-alive",
        "Content-Type": "application/vnd.microsoft.appconfig.kv\u002Bjson; charset=utf-8",
        "Date": "Wed, 05 Apr 2023 02:25:41 GMT",
        "ETag": "\u00224ZW4X1ZfW53eZVq2oC6rzDH-p4W7vkdAmkH_iHuzDQU\u0022",
        "Last-Modified": "Wed, 05 Apr 2023 02:25:41 GMT",
        "Server": "openresty/1.21.4.1",
        "Strict-Transport-Security": "max-age=15724800; includeSubDomains",
        "Sync-Token": "zAJw6V16=MjoyMCM0MjgxMzk0;sn=4281394",
        "Transfer-Encoding": "chunked",
        "x-ms-client-request-id": "5db11e24-c286-4fbc-9607-86ec320c14f2",
        "x-ms-correlation-request-id": "cf7966a8-cfcd-47b5-89e5-52296507560c",
        "x-ms-request-id": "cf7966a8-cfcd-47b5-89e5-52296507560c"
      },
      "ResponseBody": {
        "etag": "4ZW4X1ZfW53eZVq2oC6rzDH-p4W7vkdAmkH_iHuzDQU",
        "key": "key92554",
        "label": "76654f9d",
        "content_type": null,
        "value": "myValue22",
        "tags": {},
        "locked": false,
        "last_modified": "2023-04-05T02:25:41\u002B00:00"
      }
    },
    {
      "RequestUri": "https://REDACTED/kv/key92554?label=76654f9d\u0026api-version=1.0",
      "RequestMethod": "PUT",
      "RequestHeaders": {
        "Accept": "application/vnd.microsoft.azconfig.kv\u002Bjson",
        "Authorization": "Sanitized",
        "Content-Length": "82",
        "Content-Type": "application/json",
        "Date": "Wed, 5 Apr 2023 02:25:40 GMT",
        "Sync-Token": "zAJw6V16=MjoyMCM0MjgxMzk0",
        "User-Agent": "azsdk-java-azure-data-appconfiguration/1.5.0-beta.1 (17.0.1; Windows 11; 10.0)",
        "x-ms-client-request-id": "50ecafb2-10e4-490a-b2a4-4a68dc335204",
        "x-ms-content-sha256": "WY96DJnwzQDV\u002BDbYrSaUtFRsoJY3bdJ3VkFCUjPexVQ=",
        "x-ms-return-client-request-id": "true"
      },
      "RequestBody": {
        "key": "key92554",
        "label": "76654f9d",
        "value": "myValue23",
        "tags": {},
        "locked": false
      },
      "StatusCode": 200,
      "ResponseHeaders": {
        "Access-Control-Allow-Credentials": "true",
        "Access-Control-Allow-Origin": "*",
        "Access-Control-Expose-Headers": "DNT, X-CustomHeader, Keep-Alive, User-Agent, X-Requested-With, If-Modified-Since, Cache-Control, Content-Type, Authorization, x-ms-client-request-id, x-ms-useragent, x-ms-content-sha256, x-ms-date, host, Accept, Accept-Datetime, Date, If-Match, If-None-Match, Sync-Token, x-ms-return-client-request-id, ETag, Last-Modified, Link, Memento-Datetime, retry-after-ms, x-ms-request-id, x-ms-client-session-id, x-ms-effective-locale, WWW-Authenticate, traceparent, tracestate",
        "Connection": "keep-alive",
        "Content-Type": "application/vnd.microsoft.appconfig.kv\u002Bjson; charset=utf-8",
        "Date": "Wed, 05 Apr 2023 02:25:41 GMT",
        "ETag": "\u0022hQOOL3s955CXiSeq2sfZYU_KLyKaYg-eAUD51rFxsNc\u0022",
        "Last-Modified": "Wed, 05 Apr 2023 02:25:41 GMT",
        "Server": "openresty/1.21.4.1",
        "Strict-Transport-Security": "max-age=15724800; includeSubDomains",
        "Sync-Token": "zAJw6V16=MjoyMCM0MjgxNDAw;sn=4281400",
        "Transfer-Encoding": "chunked",
        "x-ms-client-request-id": "50ecafb2-10e4-490a-b2a4-4a68dc335204",
        "x-ms-correlation-request-id": "63269ed6-08cd-4405-abef-2755d60d1d60",
        "x-ms-request-id": "63269ed6-08cd-4405-abef-2755d60d1d60"
      },
      "ResponseBody": {
        "etag": "hQOOL3s955CXiSeq2sfZYU_KLyKaYg-eAUD51rFxsNc",
        "key": "key92554",
        "label": "76654f9d",
        "content_type": null,
        "value": "myValue23",
        "tags": {},
        "locked": false,
        "last_modified": "2023-04-05T02:25:41\u002B00:00"
      }
    },
    {
      "RequestUri": "https://REDACTED/kv/key92554?label=76654f9d\u0026api-version=1.0",
      "RequestMethod": "PUT",
      "RequestHeaders": {
        "Accept": "application/vnd.microsoft.azconfig.kv\u002Bjson",
        "Authorization": "Sanitized",
        "Content-Length": "82",
        "Content-Type": "application/json",
        "Date": "Wed, 5 Apr 2023 02:25:40 GMT",
        "Sync-Token": "zAJw6V16=MjoyMCM0MjgxNDAw",
        "User-Agent": "azsdk-java-azure-data-appconfiguration/1.5.0-beta.1 (17.0.1; Windows 11; 10.0)",
        "x-ms-client-request-id": "8b09890d-cf57-4321-8ae8-f3a8bb0df9d6",
        "x-ms-content-sha256": "o8pagrysKpp1jbQIpeAvkAptaiT7afIQ2Qv1tg/2ZuU=",
        "x-ms-return-client-request-id": "true"
      },
      "RequestBody": {
        "key": "key92554",
        "label": "76654f9d",
        "value": "myValue24",
        "tags": {},
        "locked": false
      },
      "StatusCode": 200,
      "ResponseHeaders": {
        "Access-Control-Allow-Credentials": "true",
        "Access-Control-Allow-Origin": "*",
        "Access-Control-Expose-Headers": "DNT, X-CustomHeader, Keep-Alive, User-Agent, X-Requested-With, If-Modified-Since, Cache-Control, Content-Type, Authorization, x-ms-client-request-id, x-ms-useragent, x-ms-content-sha256, x-ms-date, host, Accept, Accept-Datetime, Date, If-Match, If-None-Match, Sync-Token, x-ms-return-client-request-id, ETag, Last-Modified, Link, Memento-Datetime, retry-after-ms, x-ms-request-id, x-ms-client-session-id, x-ms-effective-locale, WWW-Authenticate, traceparent, tracestate",
        "Connection": "keep-alive",
        "Content-Type": "application/vnd.microsoft.appconfig.kv\u002Bjson; charset=utf-8",
        "Date": "Wed, 05 Apr 2023 02:25:41 GMT",
        "ETag": "\u0022j3DzfUiKj7xagEgoFTBv92_yqevja2sb-HS3JsypXk8\u0022",
        "Last-Modified": "Wed, 05 Apr 2023 02:25:41 GMT",
        "Server": "openresty/1.21.4.1",
        "Strict-Transport-Security": "max-age=15724800; includeSubDomains",
        "Sync-Token": "zAJw6V16=MjoyMCM0MjgxNDA3;sn=4281407",
        "Transfer-Encoding": "chunked",
        "x-ms-client-request-id": "8b09890d-cf57-4321-8ae8-f3a8bb0df9d6",
        "x-ms-correlation-request-id": "c4bc6aa5-82aa-43ad-9d1b-9c431f309880",
        "x-ms-request-id": "c4bc6aa5-82aa-43ad-9d1b-9c431f309880"
      },
      "ResponseBody": {
        "etag": "j3DzfUiKj7xagEgoFTBv92_yqevja2sb-HS3JsypXk8",
        "key": "key92554",
        "label": "76654f9d",
        "content_type": null,
        "value": "myValue24",
        "tags": {},
        "locked": false,
        "last_modified": "2023-04-05T02:25:41\u002B00:00"
      }
    },
    {
      "RequestUri": "https://REDACTED/kv/key92554?label=76654f9d\u0026api-version=1.0",
      "RequestMethod": "PUT",
      "RequestHeaders": {
        "Accept": "application/vnd.microsoft.azconfig.kv\u002Bjson",
        "Authorization": "Sanitized",
        "Content-Length": "82",
        "Content-Type": "application/json",
        "Date": "Wed, 5 Apr 2023 02:25:40 GMT",
        "Sync-Token": "zAJw6V16=MjoyMCM0MjgxNDA3",
        "User-Agent": "azsdk-java-azure-data-appconfiguration/1.5.0-beta.1 (17.0.1; Windows 11; 10.0)",
        "x-ms-client-request-id": "e3c1e498-adc2-444c-8d5c-4cb9a1215f0c",
        "x-ms-content-sha256": "JIfGFi39gr1xQbxx3xoYfYIKTLK0Qv8pT\u002BdOcVLUvSo=",
        "x-ms-return-client-request-id": "true"
      },
      "RequestBody": {
        "key": "key92554",
        "label": "76654f9d",
        "value": "myValue25",
        "tags": {},
        "locked": false
      },
      "StatusCode": 200,
      "ResponseHeaders": {
        "Access-Control-Allow-Credentials": "true",
        "Access-Control-Allow-Origin": "*",
        "Access-Control-Expose-Headers": "DNT, X-CustomHeader, Keep-Alive, User-Agent, X-Requested-With, If-Modified-Since, Cache-Control, Content-Type, Authorization, x-ms-client-request-id, x-ms-useragent, x-ms-content-sha256, x-ms-date, host, Accept, Accept-Datetime, Date, If-Match, If-None-Match, Sync-Token, x-ms-return-client-request-id, ETag, Last-Modified, Link, Memento-Datetime, retry-after-ms, x-ms-request-id, x-ms-client-session-id, x-ms-effective-locale, WWW-Authenticate, traceparent, tracestate",
        "Connection": "keep-alive",
        "Content-Type": "application/vnd.microsoft.appconfig.kv\u002Bjson; charset=utf-8",
        "Date": "Wed, 05 Apr 2023 02:25:41 GMT",
        "ETag": "\u0022jnIZWQdqGMD2UezKakdpOMSNPTsytLotl2Yx5JUUpf4\u0022",
        "Last-Modified": "Wed, 05 Apr 2023 02:25:41 GMT",
        "Server": "openresty/1.21.4.1",
        "Strict-Transport-Security": "max-age=15724800; includeSubDomains",
        "Sync-Token": "zAJw6V16=MjoyMCM0MjgxNDE1;sn=4281415",
        "Transfer-Encoding": "chunked",
        "x-ms-client-request-id": "e3c1e498-adc2-444c-8d5c-4cb9a1215f0c",
        "x-ms-correlation-request-id": "72627c2b-56b8-4853-abdc-9979d09cbfa5",
        "x-ms-request-id": "72627c2b-56b8-4853-abdc-9979d09cbfa5"
      },
      "ResponseBody": {
        "etag": "jnIZWQdqGMD2UezKakdpOMSNPTsytLotl2Yx5JUUpf4",
        "key": "key92554",
        "label": "76654f9d",
        "content_type": null,
        "value": "myValue25",
        "tags": {},
        "locked": false,
        "last_modified": "2023-04-05T02:25:41\u002B00:00"
      }
    },
    {
      "RequestUri": "https://REDACTED/kv/key92554?label=76654f9d\u0026api-version=1.0",
      "RequestMethod": "PUT",
      "RequestHeaders": {
        "Accept": "application/vnd.microsoft.azconfig.kv\u002Bjson",
        "Authorization": "Sanitized",
        "Content-Length": "82",
        "Content-Type": "application/json",
        "Date": "Wed, 5 Apr 2023 02:25:40 GMT",
        "Sync-Token": "zAJw6V16=MjoyMCM0MjgxNDE1",
        "User-Agent": "azsdk-java-azure-data-appconfiguration/1.5.0-beta.1 (17.0.1; Windows 11; 10.0)",
        "x-ms-client-request-id": "909cda87-8760-4987-a119-35bc9ddbafa9",
        "x-ms-content-sha256": "DdvsSmqWyma0vez0I4FD27H9XryYKP2VGygvS3HKXZ8=",
        "x-ms-return-client-request-id": "true"
      },
      "RequestBody": {
        "key": "key92554",
        "label": "76654f9d",
        "value": "myValue26",
        "tags": {},
        "locked": false
      },
      "StatusCode": 200,
      "ResponseHeaders": {
        "Access-Control-Allow-Credentials": "true",
        "Access-Control-Allow-Origin": "*",
        "Access-Control-Expose-Headers": "DNT, X-CustomHeader, Keep-Alive, User-Agent, X-Requested-With, If-Modified-Since, Cache-Control, Content-Type, Authorization, x-ms-client-request-id, x-ms-useragent, x-ms-content-sha256, x-ms-date, host, Accept, Accept-Datetime, Date, If-Match, If-None-Match, Sync-Token, x-ms-return-client-request-id, ETag, Last-Modified, Link, Memento-Datetime, retry-after-ms, x-ms-request-id, x-ms-client-session-id, x-ms-effective-locale, WWW-Authenticate, traceparent, tracestate",
        "Connection": "keep-alive",
        "Content-Type": "application/vnd.microsoft.appconfig.kv\u002Bjson; charset=utf-8",
        "Date": "Wed, 05 Apr 2023 02:25:41 GMT",
        "ETag": "\u0022Z2EkcgHPLPiXBHUGfj0srArsSyFCEIczn9NHcpsep7o\u0022",
        "Last-Modified": "Wed, 05 Apr 2023 02:25:41 GMT",
        "Server": "openresty/1.21.4.1",
        "Strict-Transport-Security": "max-age=15724800; includeSubDomains",
        "Sync-Token": "zAJw6V16=MjoyMCM0MjgxNDIz;sn=4281423",
        "Transfer-Encoding": "chunked",
        "x-ms-client-request-id": "909cda87-8760-4987-a119-35bc9ddbafa9",
        "x-ms-correlation-request-id": "cd4ac5ad-3d51-4a23-a6db-14faa9490805",
        "x-ms-request-id": "cd4ac5ad-3d51-4a23-a6db-14faa9490805"
      },
      "ResponseBody": {
        "etag": "Z2EkcgHPLPiXBHUGfj0srArsSyFCEIczn9NHcpsep7o",
        "key": "key92554",
        "label": "76654f9d",
        "content_type": null,
        "value": "myValue26",
        "tags": {},
        "locked": false,
        "last_modified": "2023-04-05T02:25:41\u002B00:00"
      }
    },
    {
      "RequestUri": "https://REDACTED/kv/key92554?label=76654f9d\u0026api-version=1.0",
      "RequestMethod": "PUT",
      "RequestHeaders": {
        "Accept": "application/vnd.microsoft.azconfig.kv\u002Bjson",
        "Authorization": "Sanitized",
        "Content-Length": "82",
        "Content-Type": "application/json",
        "Date": "Wed, 5 Apr 2023 02:25:41 GMT",
        "Sync-Token": "zAJw6V16=MjoyMCM0MjgxNDIz",
        "User-Agent": "azsdk-java-azure-data-appconfiguration/1.5.0-beta.1 (17.0.1; Windows 11; 10.0)",
        "x-ms-client-request-id": "d2cef800-d171-43b6-b168-69ff08853c84",
        "x-ms-content-sha256": "rf4voFGorA2uzTDULw9TCp4Ttm7cEpr4CJ42KzQG2aE=",
        "x-ms-return-client-request-id": "true"
      },
      "RequestBody": {
        "key": "key92554",
        "label": "76654f9d",
        "value": "myValue27",
        "tags": {},
        "locked": false
      },
      "StatusCode": 200,
      "ResponseHeaders": {
        "Access-Control-Allow-Credentials": "true",
        "Access-Control-Allow-Origin": "*",
        "Access-Control-Expose-Headers": "DNT, X-CustomHeader, Keep-Alive, User-Agent, X-Requested-With, If-Modified-Since, Cache-Control, Content-Type, Authorization, x-ms-client-request-id, x-ms-useragent, x-ms-content-sha256, x-ms-date, host, Accept, Accept-Datetime, Date, If-Match, If-None-Match, Sync-Token, x-ms-return-client-request-id, ETag, Last-Modified, Link, Memento-Datetime, retry-after-ms, x-ms-request-id, x-ms-client-session-id, x-ms-effective-locale, WWW-Authenticate, traceparent, tracestate",
        "Connection": "keep-alive",
        "Content-Type": "application/vnd.microsoft.appconfig.kv\u002Bjson; charset=utf-8",
        "Date": "Wed, 05 Apr 2023 02:25:42 GMT",
        "ETag": "\u0022xLJYIZCWDLJ3SjTjd5k8e4uiT4quvKv9QFpdgirSosk\u0022",
        "Last-Modified": "Wed, 05 Apr 2023 02:25:42 GMT",
        "Server": "openresty/1.21.4.1",
        "Strict-Transport-Security": "max-age=15724800; includeSubDomains",
        "Sync-Token": "zAJw6V16=MjoyMCM0MjgxNDMx;sn=4281431",
        "Transfer-Encoding": "chunked",
        "x-ms-client-request-id": "d2cef800-d171-43b6-b168-69ff08853c84",
        "x-ms-correlation-request-id": "6ab4853f-4bea-4655-8af2-268bfe5467fa",
        "x-ms-request-id": "6ab4853f-4bea-4655-8af2-268bfe5467fa"
      },
      "ResponseBody": {
        "etag": "xLJYIZCWDLJ3SjTjd5k8e4uiT4quvKv9QFpdgirSosk",
        "key": "key92554",
        "label": "76654f9d",
        "content_type": null,
        "value": "myValue27",
        "tags": {},
        "locked": false,
        "last_modified": "2023-04-05T02:25:42\u002B00:00"
      }
    },
    {
      "RequestUri": "https://REDACTED/kv/key92554?label=76654f9d\u0026api-version=1.0",
      "RequestMethod": "PUT",
      "RequestHeaders": {
        "Accept": "application/vnd.microsoft.azconfig.kv\u002Bjson",
        "Authorization": "Sanitized",
        "Content-Length": "82",
        "Content-Type": "application/json",
        "Date": "Wed, 5 Apr 2023 02:25:41 GMT",
        "Sync-Token": "zAJw6V16=MjoyMCM0MjgxNDMx",
        "User-Agent": "azsdk-java-azure-data-appconfiguration/1.5.0-beta.1 (17.0.1; Windows 11; 10.0)",
        "x-ms-client-request-id": "54c1d398-fa94-42a9-a130-b648d945c0e4",
        "x-ms-content-sha256": "NhInGd6pDb/Hj8QAGKaVUo0SEr1JVVYde83mFvIaHxg=",
        "x-ms-return-client-request-id": "true"
      },
      "RequestBody": {
        "key": "key92554",
        "label": "76654f9d",
        "value": "myValue28",
        "tags": {},
        "locked": false
      },
      "StatusCode": 200,
      "ResponseHeaders": {
        "Access-Control-Allow-Credentials": "true",
        "Access-Control-Allow-Origin": "*",
        "Access-Control-Expose-Headers": "DNT, X-CustomHeader, Keep-Alive, User-Agent, X-Requested-With, If-Modified-Since, Cache-Control, Content-Type, Authorization, x-ms-client-request-id, x-ms-useragent, x-ms-content-sha256, x-ms-date, host, Accept, Accept-Datetime, Date, If-Match, If-None-Match, Sync-Token, x-ms-return-client-request-id, ETag, Last-Modified, Link, Memento-Datetime, retry-after-ms, x-ms-request-id, x-ms-client-session-id, x-ms-effective-locale, WWW-Authenticate, traceparent, tracestate",
        "Connection": "keep-alive",
        "Content-Type": "application/vnd.microsoft.appconfig.kv\u002Bjson; charset=utf-8",
        "Date": "Wed, 05 Apr 2023 02:25:42 GMT",
        "ETag": "\u0022gni1AekNRYrSp-lQXxPyRTjmA7xUQi2AHQ5lcSwMfXI\u0022",
        "Last-Modified": "Wed, 05 Apr 2023 02:25:42 GMT",
        "Server": "openresty/1.21.4.1",
        "Strict-Transport-Security": "max-age=15724800; includeSubDomains",
        "Sync-Token": "zAJw6V16=MjoyMCM0MjgxNDM1;sn=4281435",
        "Transfer-Encoding": "chunked",
        "x-ms-client-request-id": "54c1d398-fa94-42a9-a130-b648d945c0e4",
        "x-ms-correlation-request-id": "ca7d549b-d02c-47ba-955d-b9677aced9d8",
        "x-ms-request-id": "ca7d549b-d02c-47ba-955d-b9677aced9d8"
      },
      "ResponseBody": {
        "etag": "gni1AekNRYrSp-lQXxPyRTjmA7xUQi2AHQ5lcSwMfXI",
        "key": "key92554",
        "label": "76654f9d",
        "content_type": null,
        "value": "myValue28",
        "tags": {},
        "locked": false,
        "last_modified": "2023-04-05T02:25:42\u002B00:00"
      }
    },
    {
      "RequestUri": "https://REDACTED/kv/key92554?label=76654f9d\u0026api-version=1.0",
      "RequestMethod": "PUT",
      "RequestHeaders": {
        "Accept": "application/vnd.microsoft.azconfig.kv\u002Bjson",
        "Authorization": "Sanitized",
        "Content-Length": "82",
        "Content-Type": "application/json",
        "Date": "Wed, 5 Apr 2023 02:25:41 GMT",
        "Sync-Token": "zAJw6V16=MjoyMCM0MjgxNDM1",
        "User-Agent": "azsdk-java-azure-data-appconfiguration/1.5.0-beta.1 (17.0.1; Windows 11; 10.0)",
        "x-ms-client-request-id": "2eee273c-ab58-4152-a967-77c8cd843a6c",
        "x-ms-content-sha256": "R\u002BNKwT06fltia5nGkxVcgAoukt4JTgCzuhVYF4AtQOk=",
        "x-ms-return-client-request-id": "true"
      },
      "RequestBody": {
        "key": "key92554",
        "label": "76654f9d",
        "value": "myValue29",
        "tags": {},
        "locked": false
      },
      "StatusCode": 200,
      "ResponseHeaders": {
        "Access-Control-Allow-Credentials": "true",
        "Access-Control-Allow-Origin": "*",
        "Access-Control-Expose-Headers": "DNT, X-CustomHeader, Keep-Alive, User-Agent, X-Requested-With, If-Modified-Since, Cache-Control, Content-Type, Authorization, x-ms-client-request-id, x-ms-useragent, x-ms-content-sha256, x-ms-date, host, Accept, Accept-Datetime, Date, If-Match, If-None-Match, Sync-Token, x-ms-return-client-request-id, ETag, Last-Modified, Link, Memento-Datetime, retry-after-ms, x-ms-request-id, x-ms-client-session-id, x-ms-effective-locale, WWW-Authenticate, traceparent, tracestate",
        "Connection": "keep-alive",
        "Content-Type": "application/vnd.microsoft.appconfig.kv\u002Bjson; charset=utf-8",
        "Date": "Wed, 05 Apr 2023 02:25:42 GMT",
        "ETag": "\u0022Ad4D229BeKGqDCQAFn2PzM5oYfF0AL-7OdhqYQHQGOA\u0022",
        "Last-Modified": "Wed, 05 Apr 2023 02:25:42 GMT",
        "Server": "openresty/1.21.4.1",
        "Strict-Transport-Security": "max-age=15724800; includeSubDomains",
        "Sync-Token": "zAJw6V16=MjoyMCM0MjgxNDUz;sn=4281453",
        "Transfer-Encoding": "chunked",
        "x-ms-client-request-id": "2eee273c-ab58-4152-a967-77c8cd843a6c",
        "x-ms-correlation-request-id": "777d0788-6d1d-4c24-826f-e2cfeb3ab221",
        "x-ms-request-id": "777d0788-6d1d-4c24-826f-e2cfeb3ab221"
      },
      "ResponseBody": {
        "etag": "Ad4D229BeKGqDCQAFn2PzM5oYfF0AL-7OdhqYQHQGOA",
        "key": "key92554",
        "label": "76654f9d",
        "content_type": null,
        "value": "myValue29",
        "tags": {},
        "locked": false,
        "last_modified": "2023-04-05T02:25:42\u002B00:00"
      }
    },
    {
      "RequestUri": "https://REDACTED/kv/key92554?label=76654f9d\u0026api-version=1.0",
      "RequestMethod": "PUT",
      "RequestHeaders": {
        "Accept": "application/vnd.microsoft.azconfig.kv\u002Bjson",
        "Authorization": "Sanitized",
        "Content-Length": "82",
        "Content-Type": "application/json",
        "Date": "Wed, 5 Apr 2023 02:25:41 GMT",
        "Sync-Token": "zAJw6V16=MjoyMCM0MjgxNDUz",
        "User-Agent": "azsdk-java-azure-data-appconfiguration/1.5.0-beta.1 (17.0.1; Windows 11; 10.0)",
        "x-ms-client-request-id": "9798b2d2-5e76-48a3-b095-fc0d6edc8e26",
        "x-ms-content-sha256": "ToRqMQ540a4fdbUX7yhYYnRB7VRlQN3wpr905d5MHfw=",
        "x-ms-return-client-request-id": "true"
      },
      "RequestBody": {
        "key": "key92554",
        "label": "76654f9d",
        "value": "myValue30",
        "tags": {},
        "locked": false
      },
      "StatusCode": 200,
      "ResponseHeaders": {
        "Access-Control-Allow-Credentials": "true",
        "Access-Control-Allow-Origin": "*",
        "Access-Control-Expose-Headers": "DNT, X-CustomHeader, Keep-Alive, User-Agent, X-Requested-With, If-Modified-Since, Cache-Control, Content-Type, Authorization, x-ms-client-request-id, x-ms-useragent, x-ms-content-sha256, x-ms-date, host, Accept, Accept-Datetime, Date, If-Match, If-None-Match, Sync-Token, x-ms-return-client-request-id, ETag, Last-Modified, Link, Memento-Datetime, retry-after-ms, x-ms-request-id, x-ms-client-session-id, x-ms-effective-locale, WWW-Authenticate, traceparent, tracestate",
        "Connection": "keep-alive",
        "Content-Type": "application/vnd.microsoft.appconfig.kv\u002Bjson; charset=utf-8",
        "Date": "Wed, 05 Apr 2023 02:25:42 GMT",
        "ETag": "\u0022wDh-cLoj41mPyptdEeK-Pej3xkX-FUxbBPLmf2RM2bc\u0022",
        "Last-Modified": "Wed, 05 Apr 2023 02:25:42 GMT",
        "Server": "openresty/1.21.4.1",
        "Strict-Transport-Security": "max-age=15724800; includeSubDomains",
        "Sync-Token": "zAJw6V16=MjoyMCM0MjgxNDYy;sn=4281462",
        "Transfer-Encoding": "chunked",
        "x-ms-client-request-id": "9798b2d2-5e76-48a3-b095-fc0d6edc8e26",
        "x-ms-correlation-request-id": "f090233a-938b-46bb-8dde-ea569b1dd4a9",
        "x-ms-request-id": "f090233a-938b-46bb-8dde-ea569b1dd4a9"
      },
      "ResponseBody": {
        "etag": "wDh-cLoj41mPyptdEeK-Pej3xkX-FUxbBPLmf2RM2bc",
        "key": "key92554",
        "label": "76654f9d",
        "content_type": null,
        "value": "myValue30",
        "tags": {},
        "locked": false,
        "last_modified": "2023-04-05T02:25:42\u002B00:00"
      }
    },
    {
      "RequestUri": "https://REDACTED/kv/key92554?label=76654f9d\u0026api-version=1.0",
      "RequestMethod": "PUT",
      "RequestHeaders": {
        "Accept": "application/vnd.microsoft.azconfig.kv\u002Bjson",
        "Authorization": "Sanitized",
        "Content-Length": "82",
        "Content-Type": "application/json",
        "Date": "Wed, 5 Apr 2023 02:25:41 GMT",
        "Sync-Token": "zAJw6V16=MjoyMCM0MjgxNDYy",
        "User-Agent": "azsdk-java-azure-data-appconfiguration/1.5.0-beta.1 (17.0.1; Windows 11; 10.0)",
        "x-ms-client-request-id": "d55ba826-88f7-4893-bd4b-887007a6a700",
        "x-ms-content-sha256": "/yMKwpPOuFpPYReG5CkwSvSWbUUiFyedfnRZSUeOR0s=",
        "x-ms-return-client-request-id": "true"
      },
      "RequestBody": {
        "key": "key92554",
        "label": "76654f9d",
        "value": "myValue31",
        "tags": {},
        "locked": false
      },
      "StatusCode": 200,
      "ResponseHeaders": {
        "Access-Control-Allow-Credentials": "true",
        "Access-Control-Allow-Origin": "*",
        "Access-Control-Expose-Headers": "DNT, X-CustomHeader, Keep-Alive, User-Agent, X-Requested-With, If-Modified-Since, Cache-Control, Content-Type, Authorization, x-ms-client-request-id, x-ms-useragent, x-ms-content-sha256, x-ms-date, host, Accept, Accept-Datetime, Date, If-Match, If-None-Match, Sync-Token, x-ms-return-client-request-id, ETag, Last-Modified, Link, Memento-Datetime, retry-after-ms, x-ms-request-id, x-ms-client-session-id, x-ms-effective-locale, WWW-Authenticate, traceparent, tracestate",
        "Connection": "keep-alive",
        "Content-Type": "application/vnd.microsoft.appconfig.kv\u002Bjson; charset=utf-8",
        "Date": "Wed, 05 Apr 2023 02:25:42 GMT",
        "ETag": "\u0022pNw-kbqa56YKX84Nbww-d_y6F9sXe8iIjySa6WnmbTM\u0022",
        "Last-Modified": "Wed, 05 Apr 2023 02:25:42 GMT",
        "Server": "openresty/1.21.4.1",
        "Strict-Transport-Security": "max-age=15724800; includeSubDomains",
        "Sync-Token": "zAJw6V16=MjoyMCM0MjgxNDY3;sn=4281467",
        "Transfer-Encoding": "chunked",
        "x-ms-client-request-id": "d55ba826-88f7-4893-bd4b-887007a6a700",
        "x-ms-correlation-request-id": "069e25b3-5d25-461c-809a-c08f3ce2e766",
        "x-ms-request-id": "069e25b3-5d25-461c-809a-c08f3ce2e766"
      },
      "ResponseBody": {
        "etag": "pNw-kbqa56YKX84Nbww-d_y6F9sXe8iIjySa6WnmbTM",
        "key": "key92554",
        "label": "76654f9d",
        "content_type": null,
        "value": "myValue31",
        "tags": {},
        "locked": false,
        "last_modified": "2023-04-05T02:25:42\u002B00:00"
      }
    },
    {
      "RequestUri": "https://REDACTED/kv/key92554?label=76654f9d\u0026api-version=1.0",
      "RequestMethod": "PUT",
      "RequestHeaders": {
        "Accept": "application/vnd.microsoft.azconfig.kv\u002Bjson",
        "Authorization": "Sanitized",
        "Content-Length": "82",
        "Content-Type": "application/json",
        "Date": "Wed, 5 Apr 2023 02:25:41 GMT",
        "Sync-Token": "zAJw6V16=MjoyMCM0MjgxNDY3",
        "User-Agent": "azsdk-java-azure-data-appconfiguration/1.5.0-beta.1 (17.0.1; Windows 11; 10.0)",
        "x-ms-client-request-id": "b1d9c33e-1177-4340-bd3b-8461d136a280",
        "x-ms-content-sha256": "LmnBIyI7DWPAspItTZe0NghM4P4aTFAzn0VkiZhPS2s=",
        "x-ms-return-client-request-id": "true"
      },
      "RequestBody": {
        "key": "key92554",
        "label": "76654f9d",
        "value": "myValue32",
        "tags": {},
        "locked": false
      },
      "StatusCode": 200,
      "ResponseHeaders": {
        "Access-Control-Allow-Credentials": "true",
        "Access-Control-Allow-Origin": "*",
        "Access-Control-Expose-Headers": "DNT, X-CustomHeader, Keep-Alive, User-Agent, X-Requested-With, If-Modified-Since, Cache-Control, Content-Type, Authorization, x-ms-client-request-id, x-ms-useragent, x-ms-content-sha256, x-ms-date, host, Accept, Accept-Datetime, Date, If-Match, If-None-Match, Sync-Token, x-ms-return-client-request-id, ETag, Last-Modified, Link, Memento-Datetime, retry-after-ms, x-ms-request-id, x-ms-client-session-id, x-ms-effective-locale, WWW-Authenticate, traceparent, tracestate",
        "Connection": "keep-alive",
        "Content-Type": "application/vnd.microsoft.appconfig.kv\u002Bjson; charset=utf-8",
        "Date": "Wed, 05 Apr 2023 02:25:42 GMT",
        "ETag": "\u0022BV5tbaUh6-olIqbk8833JCs7HsMB56p3Bw0xH9gG36o\u0022",
        "Last-Modified": "Wed, 05 Apr 2023 02:25:42 GMT",
        "Server": "openresty/1.21.4.1",
        "Strict-Transport-Security": "max-age=15724800; includeSubDomains",
        "Sync-Token": "zAJw6V16=MjoyMCM0MjgxNDcz;sn=4281473",
        "Transfer-Encoding": "chunked",
        "x-ms-client-request-id": "b1d9c33e-1177-4340-bd3b-8461d136a280",
        "x-ms-correlation-request-id": "2a349891-8a61-4337-8daa-d03f0bd010cb",
        "x-ms-request-id": "2a349891-8a61-4337-8daa-d03f0bd010cb"
      },
      "ResponseBody": {
        "etag": "BV5tbaUh6-olIqbk8833JCs7HsMB56p3Bw0xH9gG36o",
        "key": "key92554",
        "label": "76654f9d",
        "content_type": null,
        "value": "myValue32",
        "tags": {},
        "locked": false,
        "last_modified": "2023-04-05T02:25:42\u002B00:00"
      }
    },
    {
      "RequestUri": "https://REDACTED/kv/key92554?label=76654f9d\u0026api-version=1.0",
      "RequestMethod": "PUT",
      "RequestHeaders": {
        "Accept": "application/vnd.microsoft.azconfig.kv\u002Bjson",
        "Authorization": "Sanitized",
        "Content-Length": "82",
        "Content-Type": "application/json",
        "Date": "Wed, 5 Apr 2023 02:25:41 GMT",
        "Sync-Token": "zAJw6V16=MjoyMCM0MjgxNDcz",
        "User-Agent": "azsdk-java-azure-data-appconfiguration/1.5.0-beta.1 (17.0.1; Windows 11; 10.0)",
        "x-ms-client-request-id": "b3b63b4c-e5c8-4b5f-a7c2-e855d2dd2d48",
        "x-ms-content-sha256": "07c2T9cjRYkEYcOQxo8Yw6k/WnA5RqMsz9zYyxq7itQ=",
        "x-ms-return-client-request-id": "true"
      },
      "RequestBody": {
        "key": "key92554",
        "label": "76654f9d",
        "value": "myValue33",
        "tags": {},
        "locked": false
      },
      "StatusCode": 200,
      "ResponseHeaders": {
        "Access-Control-Allow-Credentials": "true",
        "Access-Control-Allow-Origin": "*",
        "Access-Control-Expose-Headers": "DNT, X-CustomHeader, Keep-Alive, User-Agent, X-Requested-With, If-Modified-Since, Cache-Control, Content-Type, Authorization, x-ms-client-request-id, x-ms-useragent, x-ms-content-sha256, x-ms-date, host, Accept, Accept-Datetime, Date, If-Match, If-None-Match, Sync-Token, x-ms-return-client-request-id, ETag, Last-Modified, Link, Memento-Datetime, retry-after-ms, x-ms-request-id, x-ms-client-session-id, x-ms-effective-locale, WWW-Authenticate, traceparent, tracestate",
        "Connection": "keep-alive",
        "Content-Type": "application/vnd.microsoft.appconfig.kv\u002Bjson; charset=utf-8",
        "Date": "Wed, 05 Apr 2023 02:25:42 GMT",
        "ETag": "\u0022iLUbzokC2vPP1sTuEGuhJROmJZDnnZ9k_X5ea7H4OZM\u0022",
        "Last-Modified": "Wed, 05 Apr 2023 02:25:42 GMT",
        "Server": "openresty/1.21.4.1",
        "Strict-Transport-Security": "max-age=15724800; includeSubDomains",
        "Sync-Token": "zAJw6V16=MjoyMCM0MjgxNDgy;sn=4281482",
        "Transfer-Encoding": "chunked",
        "x-ms-client-request-id": "b3b63b4c-e5c8-4b5f-a7c2-e855d2dd2d48",
        "x-ms-correlation-request-id": "01facc2d-b1c9-45ce-b911-ec09bad0c864",
        "x-ms-request-id": "01facc2d-b1c9-45ce-b911-ec09bad0c864"
      },
      "ResponseBody": {
        "etag": "iLUbzokC2vPP1sTuEGuhJROmJZDnnZ9k_X5ea7H4OZM",
        "key": "key92554",
        "label": "76654f9d",
        "content_type": null,
        "value": "myValue33",
        "tags": {},
        "locked": false,
        "last_modified": "2023-04-05T02:25:42\u002B00:00"
      }
    },
    {
      "RequestUri": "https://REDACTED/kv/key92554?label=76654f9d\u0026api-version=1.0",
      "RequestMethod": "PUT",
      "RequestHeaders": {
        "Accept": "application/vnd.microsoft.azconfig.kv\u002Bjson",
        "Authorization": "Sanitized",
        "Content-Length": "82",
        "Content-Type": "application/json",
        "Date": "Wed, 5 Apr 2023 02:25:42 GMT",
        "Sync-Token": "zAJw6V16=MjoyMCM0MjgxNDgy",
        "User-Agent": "azsdk-java-azure-data-appconfiguration/1.5.0-beta.1 (17.0.1; Windows 11; 10.0)",
        "x-ms-client-request-id": "ca5fee36-84e6-468e-99c7-6f2e31f9ec1e",
        "x-ms-content-sha256": "NvaZjgKr3/KDw\u002B4igoQzeHnzgHIa5deMiBKhJIKmzao=",
        "x-ms-return-client-request-id": "true"
      },
      "RequestBody": {
        "key": "key92554",
        "label": "76654f9d",
        "value": "myValue34",
        "tags": {},
        "locked": false
      },
      "StatusCode": 200,
      "ResponseHeaders": {
        "Access-Control-Allow-Credentials": "true",
        "Access-Control-Allow-Origin": "*",
        "Access-Control-Expose-Headers": "DNT, X-CustomHeader, Keep-Alive, User-Agent, X-Requested-With, If-Modified-Since, Cache-Control, Content-Type, Authorization, x-ms-client-request-id, x-ms-useragent, x-ms-content-sha256, x-ms-date, host, Accept, Accept-Datetime, Date, If-Match, If-None-Match, Sync-Token, x-ms-return-client-request-id, ETag, Last-Modified, Link, Memento-Datetime, retry-after-ms, x-ms-request-id, x-ms-client-session-id, x-ms-effective-locale, WWW-Authenticate, traceparent, tracestate",
        "Connection": "keep-alive",
        "Content-Type": "application/vnd.microsoft.appconfig.kv\u002Bjson; charset=utf-8",
        "Date": "Wed, 05 Apr 2023 02:25:43 GMT",
        "ETag": "\u0022TLpdpPK-2Tk0MNhsS3eLnnl69lMCxa5bDC5onxgF294\u0022",
        "Last-Modified": "Wed, 05 Apr 2023 02:25:43 GMT",
        "Server": "openresty/1.21.4.1",
        "Strict-Transport-Security": "max-age=15724800; includeSubDomains",
        "Sync-Token": "zAJw6V16=MjoyMCM0MjgxNDg3;sn=4281487",
        "Transfer-Encoding": "chunked",
        "x-ms-client-request-id": "ca5fee36-84e6-468e-99c7-6f2e31f9ec1e",
        "x-ms-correlation-request-id": "913dbb9e-e85a-4911-84e0-f53c0db0c73f",
        "x-ms-request-id": "913dbb9e-e85a-4911-84e0-f53c0db0c73f"
      },
      "ResponseBody": {
        "etag": "TLpdpPK-2Tk0MNhsS3eLnnl69lMCxa5bDC5onxgF294",
        "key": "key92554",
        "label": "76654f9d",
        "content_type": null,
        "value": "myValue34",
        "tags": {},
        "locked": false,
        "last_modified": "2023-04-05T02:25:43\u002B00:00"
      }
    },
    {
      "RequestUri": "https://REDACTED/kv/key92554?label=76654f9d\u0026api-version=1.0",
      "RequestMethod": "PUT",
      "RequestHeaders": {
        "Accept": "application/vnd.microsoft.azconfig.kv\u002Bjson",
        "Authorization": "Sanitized",
        "Content-Length": "82",
        "Content-Type": "application/json",
        "Date": "Wed, 5 Apr 2023 02:25:42 GMT",
        "Sync-Token": "zAJw6V16=MjoyMCM0MjgxNDg3",
        "User-Agent": "azsdk-java-azure-data-appconfiguration/1.5.0-beta.1 (17.0.1; Windows 11; 10.0)",
        "x-ms-client-request-id": "7d40e0ac-a7b8-4330-8b29-21a81d87b998",
        "x-ms-content-sha256": "CaiScOa8hqriWKUrUIJBITGyUd/MkejNqfg\u002B1IxN2sA=",
        "x-ms-return-client-request-id": "true"
      },
      "RequestBody": {
        "key": "key92554",
        "label": "76654f9d",
        "value": "myValue35",
        "tags": {},
        "locked": false
      },
      "StatusCode": 200,
      "ResponseHeaders": {
        "Access-Control-Allow-Credentials": "true",
        "Access-Control-Allow-Origin": "*",
        "Access-Control-Expose-Headers": "DNT, X-CustomHeader, Keep-Alive, User-Agent, X-Requested-With, If-Modified-Since, Cache-Control, Content-Type, Authorization, x-ms-client-request-id, x-ms-useragent, x-ms-content-sha256, x-ms-date, host, Accept, Accept-Datetime, Date, If-Match, If-None-Match, Sync-Token, x-ms-return-client-request-id, ETag, Last-Modified, Link, Memento-Datetime, retry-after-ms, x-ms-request-id, x-ms-client-session-id, x-ms-effective-locale, WWW-Authenticate, traceparent, tracestate",
        "Connection": "keep-alive",
        "Content-Type": "application/vnd.microsoft.appconfig.kv\u002Bjson; charset=utf-8",
        "Date": "Wed, 05 Apr 2023 02:25:43 GMT",
        "ETag": "\u0022z3hEWGFRtD8z6Ale3N_i_vG05sLvBFZyYG_kgk2GlTA\u0022",
        "Last-Modified": "Wed, 05 Apr 2023 02:25:43 GMT",
        "Server": "openresty/1.21.4.1",
        "Strict-Transport-Security": "max-age=15724800; includeSubDomains",
        "Sync-Token": "zAJw6V16=MjoyMCM0MjgxNDky;sn=4281492",
        "Transfer-Encoding": "chunked",
        "x-ms-client-request-id": "7d40e0ac-a7b8-4330-8b29-21a81d87b998",
        "x-ms-correlation-request-id": "371d222f-408d-4ef3-a98c-eb4d57cdb40a",
        "x-ms-request-id": "371d222f-408d-4ef3-a98c-eb4d57cdb40a"
      },
      "ResponseBody": {
        "etag": "z3hEWGFRtD8z6Ale3N_i_vG05sLvBFZyYG_kgk2GlTA",
        "key": "key92554",
        "label": "76654f9d",
        "content_type": null,
        "value": "myValue35",
        "tags": {},
        "locked": false,
        "last_modified": "2023-04-05T02:25:43\u002B00:00"
      }
    },
    {
      "RequestUri": "https://REDACTED/kv/key92554?label=76654f9d\u0026api-version=1.0",
      "RequestMethod": "PUT",
      "RequestHeaders": {
        "Accept": "application/vnd.microsoft.azconfig.kv\u002Bjson",
        "Authorization": "Sanitized",
        "Content-Length": "82",
        "Content-Type": "application/json",
        "Date": "Wed, 5 Apr 2023 02:25:42 GMT",
        "Sync-Token": "zAJw6V16=MjoyMCM0MjgxNDky",
        "User-Agent": "azsdk-java-azure-data-appconfiguration/1.5.0-beta.1 (17.0.1; Windows 11; 10.0)",
        "x-ms-client-request-id": "8b45594b-f45b-49e5-87e2-e286c3cdb809",
        "x-ms-content-sha256": "lPDs1S31rys9s4e9rMU6HY1Nl1ERPwl/jKgZmJGeDlI=",
        "x-ms-return-client-request-id": "true"
      },
      "RequestBody": {
        "key": "key92554",
        "label": "76654f9d",
        "value": "myValue36",
        "tags": {},
        "locked": false
      },
      "StatusCode": 200,
      "ResponseHeaders": {
        "Access-Control-Allow-Credentials": "true",
        "Access-Control-Allow-Origin": "*",
        "Access-Control-Expose-Headers": "DNT, X-CustomHeader, Keep-Alive, User-Agent, X-Requested-With, If-Modified-Since, Cache-Control, Content-Type, Authorization, x-ms-client-request-id, x-ms-useragent, x-ms-content-sha256, x-ms-date, host, Accept, Accept-Datetime, Date, If-Match, If-None-Match, Sync-Token, x-ms-return-client-request-id, ETag, Last-Modified, Link, Memento-Datetime, retry-after-ms, x-ms-request-id, x-ms-client-session-id, x-ms-effective-locale, WWW-Authenticate, traceparent, tracestate",
        "Connection": "keep-alive",
        "Content-Type": "application/vnd.microsoft.appconfig.kv\u002Bjson; charset=utf-8",
        "Date": "Wed, 05 Apr 2023 02:25:43 GMT",
        "ETag": "\u00226MVAnNLa7r9rSayZ7jTXBn1b4GFsImMY3CgGLUq1gug\u0022",
        "Last-Modified": "Wed, 05 Apr 2023 02:25:43 GMT",
        "Server": "openresty/1.21.4.1",
        "Strict-Transport-Security": "max-age=15724800; includeSubDomains",
        "Sync-Token": "zAJw6V16=MjoyMCM0MjgxNDk4;sn=4281498",
        "Transfer-Encoding": "chunked",
        "x-ms-client-request-id": "8b45594b-f45b-49e5-87e2-e286c3cdb809",
        "x-ms-correlation-request-id": "aa1c909b-eb11-4fd1-a60f-dc671b4b4c28",
        "x-ms-request-id": "aa1c909b-eb11-4fd1-a60f-dc671b4b4c28"
      },
      "ResponseBody": {
        "etag": "6MVAnNLa7r9rSayZ7jTXBn1b4GFsImMY3CgGLUq1gug",
        "key": "key92554",
        "label": "76654f9d",
        "content_type": null,
        "value": "myValue36",
        "tags": {},
        "locked": false,
        "last_modified": "2023-04-05T02:25:43\u002B00:00"
      }
    },
    {
      "RequestUri": "https://REDACTED/kv/key92554?label=76654f9d\u0026api-version=1.0",
      "RequestMethod": "PUT",
      "RequestHeaders": {
        "Accept": "application/vnd.microsoft.azconfig.kv\u002Bjson",
        "Authorization": "Sanitized",
        "Content-Length": "82",
        "Content-Type": "application/json",
        "Date": "Wed, 5 Apr 2023 02:25:42 GMT",
        "Sync-Token": "zAJw6V16=MjoyMCM0MjgxNDk4",
        "User-Agent": "azsdk-java-azure-data-appconfiguration/1.5.0-beta.1 (17.0.1; Windows 11; 10.0)",
        "x-ms-client-request-id": "0e4db24a-d115-4394-9d63-a2f62a27d099",
        "x-ms-content-sha256": "v0lhLdm0boMKnC3jnThCqsup6laFhOnGvuYmlSA4DRs=",
        "x-ms-return-client-request-id": "true"
      },
      "RequestBody": {
        "key": "key92554",
        "label": "76654f9d",
        "value": "myValue37",
        "tags": {},
        "locked": false
      },
      "StatusCode": 200,
      "ResponseHeaders": {
        "Access-Control-Allow-Credentials": "true",
        "Access-Control-Allow-Origin": "*",
        "Access-Control-Expose-Headers": "DNT, X-CustomHeader, Keep-Alive, User-Agent, X-Requested-With, If-Modified-Since, Cache-Control, Content-Type, Authorization, x-ms-client-request-id, x-ms-useragent, x-ms-content-sha256, x-ms-date, host, Accept, Accept-Datetime, Date, If-Match, If-None-Match, Sync-Token, x-ms-return-client-request-id, ETag, Last-Modified, Link, Memento-Datetime, retry-after-ms, x-ms-request-id, x-ms-client-session-id, x-ms-effective-locale, WWW-Authenticate, traceparent, tracestate",
        "Connection": "keep-alive",
        "Content-Type": "application/vnd.microsoft.appconfig.kv\u002Bjson; charset=utf-8",
        "Date": "Wed, 05 Apr 2023 02:25:43 GMT",
        "ETag": "\u0022we3vUgbx2aEryeh0l_MAMLMUZkaytZ83CVVpeHvdXsE\u0022",
        "Last-Modified": "Wed, 05 Apr 2023 02:25:43 GMT",
        "Server": "openresty/1.21.4.1",
        "Strict-Transport-Security": "max-age=15724800; includeSubDomains",
        "Sync-Token": "zAJw6V16=MjoyMCM0MjgxNTA1;sn=4281505",
        "Transfer-Encoding": "chunked",
        "x-ms-client-request-id": "0e4db24a-d115-4394-9d63-a2f62a27d099",
        "x-ms-correlation-request-id": "a11934de-3b53-4b69-87c2-1b781f8ff3d2",
        "x-ms-request-id": "a11934de-3b53-4b69-87c2-1b781f8ff3d2"
      },
      "ResponseBody": {
        "etag": "we3vUgbx2aEryeh0l_MAMLMUZkaytZ83CVVpeHvdXsE",
        "key": "key92554",
        "label": "76654f9d",
        "content_type": null,
        "value": "myValue37",
        "tags": {},
        "locked": false,
        "last_modified": "2023-04-05T02:25:43\u002B00:00"
      }
    },
    {
      "RequestUri": "https://REDACTED/kv/key92554?label=76654f9d\u0026api-version=1.0",
      "RequestMethod": "PUT",
      "RequestHeaders": {
        "Accept": "application/vnd.microsoft.azconfig.kv\u002Bjson",
        "Authorization": "Sanitized",
        "Content-Length": "82",
        "Content-Type": "application/json",
        "Date": "Wed, 5 Apr 2023 02:25:42 GMT",
        "Sync-Token": "zAJw6V16=MjoyMCM0MjgxNTA1",
        "User-Agent": "azsdk-java-azure-data-appconfiguration/1.5.0-beta.1 (17.0.1; Windows 11; 10.0)",
        "x-ms-client-request-id": "b3677d1c-cbc1-4c85-a2ec-faac093b9b55",
        "x-ms-content-sha256": "Yb8F4UjEzrKdjbtjrTvst6RRliiCsg9hHBBfV8EFoKM=",
        "x-ms-return-client-request-id": "true"
      },
      "RequestBody": {
        "key": "key92554",
        "label": "76654f9d",
        "value": "myValue38",
        "tags": {},
        "locked": false
      },
      "StatusCode": 200,
      "ResponseHeaders": {
        "Access-Control-Allow-Credentials": "true",
        "Access-Control-Allow-Origin": "*",
        "Access-Control-Expose-Headers": "DNT, X-CustomHeader, Keep-Alive, User-Agent, X-Requested-With, If-Modified-Since, Cache-Control, Content-Type, Authorization, x-ms-client-request-id, x-ms-useragent, x-ms-content-sha256, x-ms-date, host, Accept, Accept-Datetime, Date, If-Match, If-None-Match, Sync-Token, x-ms-return-client-request-id, ETag, Last-Modified, Link, Memento-Datetime, retry-after-ms, x-ms-request-id, x-ms-client-session-id, x-ms-effective-locale, WWW-Authenticate, traceparent, tracestate",
        "Connection": "keep-alive",
        "Content-Type": "application/vnd.microsoft.appconfig.kv\u002Bjson; charset=utf-8",
        "Date": "Wed, 05 Apr 2023 02:25:43 GMT",
        "ETag": "\u0022R82Pt55t6ejt67Kxd1aUUZKSTWF6_1Ik3ZZRdfLJYmI\u0022",
        "Last-Modified": "Wed, 05 Apr 2023 02:25:43 GMT",
        "Server": "openresty/1.21.4.1",
        "Strict-Transport-Security": "max-age=15724800; includeSubDomains",
        "Sync-Token": "zAJw6V16=MjoyMCM0MjgxNTEz;sn=4281513",
        "Transfer-Encoding": "chunked",
        "x-ms-client-request-id": "b3677d1c-cbc1-4c85-a2ec-faac093b9b55",
        "x-ms-correlation-request-id": "5bee3628-cb39-42d8-ac9c-2ceb37967701",
        "x-ms-request-id": "5bee3628-cb39-42d8-ac9c-2ceb37967701"
      },
      "ResponseBody": {
        "etag": "R82Pt55t6ejt67Kxd1aUUZKSTWF6_1Ik3ZZRdfLJYmI",
        "key": "key92554",
        "label": "76654f9d",
        "content_type": null,
        "value": "myValue38",
        "tags": {},
        "locked": false,
        "last_modified": "2023-04-05T02:25:43\u002B00:00"
      }
    },
    {
      "RequestUri": "https://REDACTED/kv/key92554?label=76654f9d\u0026api-version=1.0",
      "RequestMethod": "PUT",
      "RequestHeaders": {
        "Accept": "application/vnd.microsoft.azconfig.kv\u002Bjson",
        "Authorization": "Sanitized",
        "Content-Length": "82",
        "Content-Type": "application/json",
        "Date": "Wed, 5 Apr 2023 02:25:42 GMT",
        "Sync-Token": "zAJw6V16=MjoyMCM0MjgxNTEz",
        "User-Agent": "azsdk-java-azure-data-appconfiguration/1.5.0-beta.1 (17.0.1; Windows 11; 10.0)",
        "x-ms-client-request-id": "b36231d3-3cd3-4773-afa2-280793605811",
        "x-ms-content-sha256": "rcZM2zEBfkxg7GHUC6\u002BVIhQnf\u002BSukFlwE9yJIArBwBw=",
        "x-ms-return-client-request-id": "true"
      },
      "RequestBody": {
        "key": "key92554",
        "label": "76654f9d",
        "value": "myValue39",
        "tags": {},
        "locked": false
      },
      "StatusCode": 200,
      "ResponseHeaders": {
        "Access-Control-Allow-Credentials": "true",
        "Access-Control-Allow-Origin": "*",
        "Access-Control-Expose-Headers": "DNT, X-CustomHeader, Keep-Alive, User-Agent, X-Requested-With, If-Modified-Since, Cache-Control, Content-Type, Authorization, x-ms-client-request-id, x-ms-useragent, x-ms-content-sha256, x-ms-date, host, Accept, Accept-Datetime, Date, If-Match, If-None-Match, Sync-Token, x-ms-return-client-request-id, ETag, Last-Modified, Link, Memento-Datetime, retry-after-ms, x-ms-request-id, x-ms-client-session-id, x-ms-effective-locale, WWW-Authenticate, traceparent, tracestate",
        "Connection": "keep-alive",
        "Content-Type": "application/vnd.microsoft.appconfig.kv\u002Bjson; charset=utf-8",
        "Date": "Wed, 05 Apr 2023 02:25:43 GMT",
        "ETag": "\u0022nlXlsOXkVFfnvR28eCr10iyJp5gt5YpMwBo0WPcf528\u0022",
        "Last-Modified": "Wed, 05 Apr 2023 02:25:43 GMT",
        "Server": "openresty/1.21.4.1",
        "Strict-Transport-Security": "max-age=15724800; includeSubDomains",
        "Sync-Token": "zAJw6V16=MjoyMCM0MjgxNTIx;sn=4281521",
        "Transfer-Encoding": "chunked",
        "x-ms-client-request-id": "b36231d3-3cd3-4773-afa2-280793605811",
        "x-ms-correlation-request-id": "5535d218-6b14-470b-b996-b3ba50c09a97",
        "x-ms-request-id": "5535d218-6b14-470b-b996-b3ba50c09a97"
      },
      "ResponseBody": {
        "etag": "nlXlsOXkVFfnvR28eCr10iyJp5gt5YpMwBo0WPcf528",
        "key": "key92554",
        "label": "76654f9d",
        "content_type": null,
        "value": "myValue39",
        "tags": {},
        "locked": false,
        "last_modified": "2023-04-05T02:25:43\u002B00:00"
      }
    },
    {
      "RequestUri": "https://REDACTED/kv/key92554?label=76654f9d\u0026api-version=1.0",
      "RequestMethod": "PUT",
      "RequestHeaders": {
        "Accept": "application/vnd.microsoft.azconfig.kv\u002Bjson",
        "Authorization": "Sanitized",
        "Content-Length": "82",
        "Content-Type": "application/json",
        "Date": "Wed, 5 Apr 2023 02:25:42 GMT",
        "Sync-Token": "zAJw6V16=MjoyMCM0MjgxNTIx",
        "User-Agent": "azsdk-java-azure-data-appconfiguration/1.5.0-beta.1 (17.0.1; Windows 11; 10.0)",
        "x-ms-client-request-id": "1b221a93-3f5c-4073-b2bb-156529de501d",
        "x-ms-content-sha256": "5eHK\u002B\u002BUJ89M8z9j377nMsNQ2OG82TxzXvo54226l5Tw=",
        "x-ms-return-client-request-id": "true"
      },
      "RequestBody": {
        "key": "key92554",
        "label": "76654f9d",
        "value": "myValue40",
        "tags": {},
        "locked": false
      },
      "StatusCode": 200,
      "ResponseHeaders": {
        "Access-Control-Allow-Credentials": "true",
        "Access-Control-Allow-Origin": "*",
        "Access-Control-Expose-Headers": "DNT, X-CustomHeader, Keep-Alive, User-Agent, X-Requested-With, If-Modified-Since, Cache-Control, Content-Type, Authorization, x-ms-client-request-id, x-ms-useragent, x-ms-content-sha256, x-ms-date, host, Accept, Accept-Datetime, Date, If-Match, If-None-Match, Sync-Token, x-ms-return-client-request-id, ETag, Last-Modified, Link, Memento-Datetime, retry-after-ms, x-ms-request-id, x-ms-client-session-id, x-ms-effective-locale, WWW-Authenticate, traceparent, tracestate",
        "Connection": "keep-alive",
        "Content-Type": "application/vnd.microsoft.appconfig.kv\u002Bjson; charset=utf-8",
        "Date": "Wed, 05 Apr 2023 02:25:43 GMT",
        "ETag": "\u0022uDsY-i_FMPxWavPx6qOxQZt9ghGq3OYOlLU0K4xmvT8\u0022",
        "Last-Modified": "Wed, 05 Apr 2023 02:25:43 GMT",
        "Server": "openresty/1.21.4.1",
        "Strict-Transport-Security": "max-age=15724800; includeSubDomains",
        "Sync-Token": "zAJw6V16=MjoyMCM0MjgxNTIz;sn=4281523",
        "Transfer-Encoding": "chunked",
        "x-ms-client-request-id": "1b221a93-3f5c-4073-b2bb-156529de501d",
        "x-ms-correlation-request-id": "c3409004-1bfd-4232-a6e3-9ec22710b541",
        "x-ms-request-id": "c3409004-1bfd-4232-a6e3-9ec22710b541"
      },
      "ResponseBody": {
        "etag": "uDsY-i_FMPxWavPx6qOxQZt9ghGq3OYOlLU0K4xmvT8",
        "key": "key92554",
        "label": "76654f9d",
        "content_type": null,
        "value": "myValue40",
        "tags": {},
        "locked": false,
        "last_modified": "2023-04-05T02:25:43\u002B00:00"
      }
    },
    {
      "RequestUri": "https://REDACTED/kv/key92554?label=76654f9d\u0026api-version=1.0",
      "RequestMethod": "PUT",
      "RequestHeaders": {
        "Accept": "application/vnd.microsoft.azconfig.kv\u002Bjson",
        "Authorization": "Sanitized",
        "Content-Length": "82",
        "Content-Type": "application/json",
        "Date": "Wed, 5 Apr 2023 02:25:42 GMT",
        "Sync-Token": "zAJw6V16=MjoyMCM0MjgxNTIz",
        "User-Agent": "azsdk-java-azure-data-appconfiguration/1.5.0-beta.1 (17.0.1; Windows 11; 10.0)",
        "x-ms-client-request-id": "f3ded7a7-922c-4132-9fa3-26aa7ee9d66b",
        "x-ms-content-sha256": "yghPlAsIxZaWWmzuCtMinnBjPC492uAEj2AKPw5mO88=",
        "x-ms-return-client-request-id": "true"
      },
      "RequestBody": {
        "key": "key92554",
        "label": "76654f9d",
        "value": "myValue41",
        "tags": {},
        "locked": false
      },
      "StatusCode": 200,
      "ResponseHeaders": {
        "Access-Control-Allow-Credentials": "true",
        "Access-Control-Allow-Origin": "*",
        "Access-Control-Expose-Headers": "DNT, X-CustomHeader, Keep-Alive, User-Agent, X-Requested-With, If-Modified-Since, Cache-Control, Content-Type, Authorization, x-ms-client-request-id, x-ms-useragent, x-ms-content-sha256, x-ms-date, host, Accept, Accept-Datetime, Date, If-Match, If-None-Match, Sync-Token, x-ms-return-client-request-id, ETag, Last-Modified, Link, Memento-Datetime, retry-after-ms, x-ms-request-id, x-ms-client-session-id, x-ms-effective-locale, WWW-Authenticate, traceparent, tracestate",
        "Connection": "keep-alive",
        "Content-Type": "application/vnd.microsoft.appconfig.kv\u002Bjson; charset=utf-8",
        "Date": "Wed, 05 Apr 2023 02:25:43 GMT",
        "ETag": "\u00229Un9KeHjDzddXSp-7Wk_CwU2yKUfNUKnFU0kMAOczRM\u0022",
        "Last-Modified": "Wed, 05 Apr 2023 02:25:43 GMT",
        "Server": "openresty/1.21.4.1",
        "Strict-Transport-Security": "max-age=15724800; includeSubDomains",
        "Sync-Token": "zAJw6V16=MjoyMCM0MjgxNTMz;sn=4281533",
        "Transfer-Encoding": "chunked",
        "x-ms-client-request-id": "f3ded7a7-922c-4132-9fa3-26aa7ee9d66b",
        "x-ms-correlation-request-id": "94f5ab72-430d-4077-86b9-c69f18d89043",
        "x-ms-request-id": "94f5ab72-430d-4077-86b9-c69f18d89043"
      },
      "ResponseBody": {
        "etag": "9Un9KeHjDzddXSp-7Wk_CwU2yKUfNUKnFU0kMAOczRM",
        "key": "key92554",
        "label": "76654f9d",
        "content_type": null,
        "value": "myValue41",
        "tags": {},
        "locked": false,
        "last_modified": "2023-04-05T02:25:43\u002B00:00"
      }
    },
    {
      "RequestUri": "https://REDACTED/kv/key92554?label=76654f9d\u0026api-version=1.0",
      "RequestMethod": "PUT",
      "RequestHeaders": {
        "Accept": "application/vnd.microsoft.azconfig.kv\u002Bjson",
        "Authorization": "Sanitized",
        "Content-Length": "82",
        "Content-Type": "application/json",
        "Date": "Wed, 5 Apr 2023 02:25:42 GMT",
        "Sync-Token": "zAJw6V16=MjoyMCM0MjgxNTMz",
        "User-Agent": "azsdk-java-azure-data-appconfiguration/1.5.0-beta.1 (17.0.1; Windows 11; 10.0)",
        "x-ms-client-request-id": "c6845a70-5d03-461c-a6c0-613522adb331",
        "x-ms-content-sha256": "EyL5FIy4gzQ3FXDt\u002BtV1C42yiFLX8OmXv/VaGfDMhRs=",
        "x-ms-return-client-request-id": "true"
      },
      "RequestBody": {
        "key": "key92554",
        "label": "76654f9d",
        "value": "myValue42",
        "tags": {},
        "locked": false
      },
      "StatusCode": 200,
      "ResponseHeaders": {
        "Access-Control-Allow-Credentials": "true",
        "Access-Control-Allow-Origin": "*",
        "Access-Control-Expose-Headers": "DNT, X-CustomHeader, Keep-Alive, User-Agent, X-Requested-With, If-Modified-Since, Cache-Control, Content-Type, Authorization, x-ms-client-request-id, x-ms-useragent, x-ms-content-sha256, x-ms-date, host, Accept, Accept-Datetime, Date, If-Match, If-None-Match, Sync-Token, x-ms-return-client-request-id, ETag, Last-Modified, Link, Memento-Datetime, retry-after-ms, x-ms-request-id, x-ms-client-session-id, x-ms-effective-locale, WWW-Authenticate, traceparent, tracestate",
        "Connection": "keep-alive",
        "Content-Type": "application/vnd.microsoft.appconfig.kv\u002Bjson; charset=utf-8",
        "Date": "Wed, 05 Apr 2023 02:25:43 GMT",
        "ETag": "\u0022fypJPV67iXUWsFRq6fZfNjzDHEgEOAJv_dPfOhE9SMQ\u0022",
        "Last-Modified": "Wed, 05 Apr 2023 02:25:43 GMT",
        "Server": "openresty/1.21.4.1",
        "Strict-Transport-Security": "max-age=15724800; includeSubDomains",
        "Sync-Token": "zAJw6V16=MjoyMCM0MjgxNTQw;sn=4281540",
        "Transfer-Encoding": "chunked",
        "x-ms-client-request-id": "c6845a70-5d03-461c-a6c0-613522adb331",
        "x-ms-correlation-request-id": "b1ba0b5a-894d-4f1b-b796-35530946c24d",
        "x-ms-request-id": "b1ba0b5a-894d-4f1b-b796-35530946c24d"
      },
      "ResponseBody": {
        "etag": "fypJPV67iXUWsFRq6fZfNjzDHEgEOAJv_dPfOhE9SMQ",
        "key": "key92554",
        "label": "76654f9d",
        "content_type": null,
        "value": "myValue42",
        "tags": {},
        "locked": false,
        "last_modified": "2023-04-05T02:25:43\u002B00:00"
      }
    },
    {
      "RequestUri": "https://REDACTED/kv/key92554?label=76654f9d\u0026api-version=1.0",
      "RequestMethod": "PUT",
      "RequestHeaders": {
        "Accept": "application/vnd.microsoft.azconfig.kv\u002Bjson",
        "Authorization": "Sanitized",
        "Content-Length": "82",
        "Content-Type": "application/json",
        "Date": "Wed, 5 Apr 2023 02:25:42 GMT",
        "Sync-Token": "zAJw6V16=MjoyMCM0MjgxNTQw",
        "User-Agent": "azsdk-java-azure-data-appconfiguration/1.5.0-beta.1 (17.0.1; Windows 11; 10.0)",
        "x-ms-client-request-id": "e6958381-cdf7-4319-bb1a-a6bbbdec937b",
        "x-ms-content-sha256": "EG03aOZ7utW\u002Bk2syNTUdseZ7gDyaok6vwqZdep0RGI8=",
        "x-ms-return-client-request-id": "true"
      },
      "RequestBody": {
        "key": "key92554",
        "label": "76654f9d",
        "value": "myValue43",
        "tags": {},
        "locked": false
      },
      "StatusCode": 200,
      "ResponseHeaders": {
        "Access-Control-Allow-Credentials": "true",
        "Access-Control-Allow-Origin": "*",
        "Access-Control-Expose-Headers": "DNT, X-CustomHeader, Keep-Alive, User-Agent, X-Requested-With, If-Modified-Since, Cache-Control, Content-Type, Authorization, x-ms-client-request-id, x-ms-useragent, x-ms-content-sha256, x-ms-date, host, Accept, Accept-Datetime, Date, If-Match, If-None-Match, Sync-Token, x-ms-return-client-request-id, ETag, Last-Modified, Link, Memento-Datetime, retry-after-ms, x-ms-request-id, x-ms-client-session-id, x-ms-effective-locale, WWW-Authenticate, traceparent, tracestate",
        "Connection": "keep-alive",
        "Content-Type": "application/vnd.microsoft.appconfig.kv\u002Bjson; charset=utf-8",
        "Date": "Wed, 05 Apr 2023 02:25:43 GMT",
        "ETag": "\u0022juW0oj5kPhQ5hKyvD4NXncCaP94IFbPkc1OVtUBnG7c\u0022",
        "Last-Modified": "Wed, 05 Apr 2023 02:25:43 GMT",
        "Server": "openresty/1.21.4.1",
        "Strict-Transport-Security": "max-age=15724800; includeSubDomains",
        "Sync-Token": "zAJw6V16=MjoyMCM0MjgxNTQ5;sn=4281549",
        "Transfer-Encoding": "chunked",
        "x-ms-client-request-id": "e6958381-cdf7-4319-bb1a-a6bbbdec937b",
        "x-ms-correlation-request-id": "b9eefe9f-7dcf-4890-93e3-c6e3e01abe4e",
        "x-ms-request-id": "b9eefe9f-7dcf-4890-93e3-c6e3e01abe4e"
      },
      "ResponseBody": {
        "etag": "juW0oj5kPhQ5hKyvD4NXncCaP94IFbPkc1OVtUBnG7c",
        "key": "key92554",
        "label": "76654f9d",
        "content_type": null,
        "value": "myValue43",
        "tags": {},
        "locked": false,
        "last_modified": "2023-04-05T02:25:43\u002B00:00"
      }
    },
    {
      "RequestUri": "https://REDACTED/kv/key92554?label=76654f9d\u0026api-version=1.0",
      "RequestMethod": "PUT",
      "RequestHeaders": {
        "Accept": "application/vnd.microsoft.azconfig.kv\u002Bjson",
        "Authorization": "Sanitized",
        "Content-Length": "82",
        "Content-Type": "application/json",
        "Date": "Wed, 5 Apr 2023 02:25:42 GMT",
        "Sync-Token": "zAJw6V16=MjoyMCM0MjgxNTQ5",
        "User-Agent": "azsdk-java-azure-data-appconfiguration/1.5.0-beta.1 (17.0.1; Windows 11; 10.0)",
        "x-ms-client-request-id": "05517a88-f1d1-41da-89b8-845f5126fc5d",
        "x-ms-content-sha256": "vJtkSh0nioVjrc8c5gkUX4Qyxj8k0utC2rtfbWYAw/E=",
        "x-ms-return-client-request-id": "true"
      },
      "RequestBody": {
        "key": "key92554",
        "label": "76654f9d",
        "value": "myValue44",
        "tags": {},
        "locked": false
      },
      "StatusCode": 200,
      "ResponseHeaders": {
        "Access-Control-Allow-Credentials": "true",
        "Access-Control-Allow-Origin": "*",
        "Access-Control-Expose-Headers": "DNT, X-CustomHeader, Keep-Alive, User-Agent, X-Requested-With, If-Modified-Since, Cache-Control, Content-Type, Authorization, x-ms-client-request-id, x-ms-useragent, x-ms-content-sha256, x-ms-date, host, Accept, Accept-Datetime, Date, If-Match, If-None-Match, Sync-Token, x-ms-return-client-request-id, ETag, Last-Modified, Link, Memento-Datetime, retry-after-ms, x-ms-request-id, x-ms-client-session-id, x-ms-effective-locale, WWW-Authenticate, traceparent, tracestate",
        "Connection": "keep-alive",
        "Content-Type": "application/vnd.microsoft.appconfig.kv\u002Bjson; charset=utf-8",
        "Date": "Wed, 05 Apr 2023 02:25:43 GMT",
        "ETag": "\u0022yhc5CXCE3vE36M53LG_PCBvpPpgA3XNXCHXlhWu5l4M\u0022",
        "Last-Modified": "Wed, 05 Apr 2023 02:25:43 GMT",
        "Server": "openresty/1.21.4.1",
        "Strict-Transport-Security": "max-age=15724800; includeSubDomains",
        "Sync-Token": "zAJw6V16=MjoyMCM0MjgxNTUz;sn=4281553",
        "Transfer-Encoding": "chunked",
        "x-ms-client-request-id": "05517a88-f1d1-41da-89b8-845f5126fc5d",
        "x-ms-correlation-request-id": "a20d3279-6a1d-4ef7-ba0b-2f6c75b30f9d",
        "x-ms-request-id": "a20d3279-6a1d-4ef7-ba0b-2f6c75b30f9d"
      },
      "ResponseBody": {
        "etag": "yhc5CXCE3vE36M53LG_PCBvpPpgA3XNXCHXlhWu5l4M",
        "key": "key92554",
        "label": "76654f9d",
        "content_type": null,
        "value": "myValue44",
        "tags": {},
        "locked": false,
        "last_modified": "2023-04-05T02:25:43\u002B00:00"
      }
    },
    {
      "RequestUri": "https://REDACTED/kv/key92554?label=76654f9d\u0026api-version=1.0",
      "RequestMethod": "PUT",
      "RequestHeaders": {
        "Accept": "application/vnd.microsoft.azconfig.kv\u002Bjson",
        "Authorization": "Sanitized",
        "Content-Length": "82",
        "Content-Type": "application/json",
        "Date": "Wed, 5 Apr 2023 02:25:42 GMT",
        "Sync-Token": "zAJw6V16=MjoyMCM0MjgxNTUz",
        "User-Agent": "azsdk-java-azure-data-appconfiguration/1.5.0-beta.1 (17.0.1; Windows 11; 10.0)",
        "x-ms-client-request-id": "0bd83afb-e484-499a-a584-c180d5c910b1",
        "x-ms-content-sha256": "zdUkOGGTIWiNY4gNISEikhAAUl/WEVY9A7ejXyXv10Y=",
        "x-ms-return-client-request-id": "true"
      },
      "RequestBody": {
        "key": "key92554",
        "label": "76654f9d",
        "value": "myValue45",
        "tags": {},
        "locked": false
      },
      "StatusCode": 200,
      "ResponseHeaders": {
        "Access-Control-Allow-Credentials": "true",
        "Access-Control-Allow-Origin": "*",
        "Access-Control-Expose-Headers": "DNT, X-CustomHeader, Keep-Alive, User-Agent, X-Requested-With, If-Modified-Since, Cache-Control, Content-Type, Authorization, x-ms-client-request-id, x-ms-useragent, x-ms-content-sha256, x-ms-date, host, Accept, Accept-Datetime, Date, If-Match, If-None-Match, Sync-Token, x-ms-return-client-request-id, ETag, Last-Modified, Link, Memento-Datetime, retry-after-ms, x-ms-request-id, x-ms-client-session-id, x-ms-effective-locale, WWW-Authenticate, traceparent, tracestate",
        "Connection": "keep-alive",
        "Content-Type": "application/vnd.microsoft.appconfig.kv\u002Bjson; charset=utf-8",
        "Date": "Wed, 05 Apr 2023 02:25:43 GMT",
        "ETag": "\u0022ZupT1MM9l-yzjflDhfePswRHSu6IeKP4fDMHsTILgjk\u0022",
        "Last-Modified": "Wed, 05 Apr 2023 02:25:43 GMT",
        "Server": "openresty/1.21.4.1",
        "Strict-Transport-Security": "max-age=15724800; includeSubDomains",
        "Sync-Token": "zAJw6V16=MjoyMCM0MjgxNTYx;sn=4281561",
        "Transfer-Encoding": "chunked",
        "x-ms-client-request-id": "0bd83afb-e484-499a-a584-c180d5c910b1",
        "x-ms-correlation-request-id": "6a0e0e41-3e90-4334-989e-ef19d4c9e3ff",
        "x-ms-request-id": "6a0e0e41-3e90-4334-989e-ef19d4c9e3ff"
      },
      "ResponseBody": {
        "etag": "ZupT1MM9l-yzjflDhfePswRHSu6IeKP4fDMHsTILgjk",
        "key": "key92554",
        "label": "76654f9d",
        "content_type": null,
        "value": "myValue45",
        "tags": {},
        "locked": false,
        "last_modified": "2023-04-05T02:25:43\u002B00:00"
      }
    },
    {
      "RequestUri": "https://REDACTED/kv/key92554?label=76654f9d\u0026api-version=1.0",
      "RequestMethod": "PUT",
      "RequestHeaders": {
        "Accept": "application/vnd.microsoft.azconfig.kv\u002Bjson",
        "Authorization": "Sanitized",
        "Content-Length": "82",
        "Content-Type": "application/json",
        "Date": "Wed, 5 Apr 2023 02:25:42 GMT",
        "Sync-Token": "zAJw6V16=MjoyMCM0MjgxNTYx",
        "User-Agent": "azsdk-java-azure-data-appconfiguration/1.5.0-beta.1 (17.0.1; Windows 11; 10.0)",
        "x-ms-client-request-id": "b5a127a7-4419-438a-88bd-8c4ba8dba7ce",
        "x-ms-content-sha256": "dviAkA76PK70K1s\u002B\u002BRi58xn4n3xxmQnnLMDKU784w2c=",
        "x-ms-return-client-request-id": "true"
      },
      "RequestBody": {
        "key": "key92554",
        "label": "76654f9d",
        "value": "myValue46",
        "tags": {},
        "locked": false
      },
      "StatusCode": 200,
      "ResponseHeaders": {
        "Access-Control-Allow-Credentials": "true",
        "Access-Control-Allow-Origin": "*",
        "Access-Control-Expose-Headers": "DNT, X-CustomHeader, Keep-Alive, User-Agent, X-Requested-With, If-Modified-Since, Cache-Control, Content-Type, Authorization, x-ms-client-request-id, x-ms-useragent, x-ms-content-sha256, x-ms-date, host, Accept, Accept-Datetime, Date, If-Match, If-None-Match, Sync-Token, x-ms-return-client-request-id, ETag, Last-Modified, Link, Memento-Datetime, retry-after-ms, x-ms-request-id, x-ms-client-session-id, x-ms-effective-locale, WWW-Authenticate, traceparent, tracestate",
        "Connection": "keep-alive",
        "Content-Type": "application/vnd.microsoft.appconfig.kv\u002Bjson; charset=utf-8",
        "Date": "Wed, 05 Apr 2023 02:25:43 GMT",
        "ETag": "\u0022qY4krp5_w6FXtbuZZ56Pw9AEVBHLWDpe7v2Yf2i2-cc\u0022",
        "Last-Modified": "Wed, 05 Apr 2023 02:25:43 GMT",
        "Server": "openresty/1.21.4.1",
        "Strict-Transport-Security": "max-age=15724800; includeSubDomains",
        "Sync-Token": "zAJw6V16=MjoyMCM0MjgxNTY4;sn=4281568",
        "Transfer-Encoding": "chunked",
        "x-ms-client-request-id": "b5a127a7-4419-438a-88bd-8c4ba8dba7ce",
        "x-ms-correlation-request-id": "edeb1612-caf7-4e83-8058-b7e2f5744624",
        "x-ms-request-id": "edeb1612-caf7-4e83-8058-b7e2f5744624"
      },
      "ResponseBody": {
        "etag": "qY4krp5_w6FXtbuZZ56Pw9AEVBHLWDpe7v2Yf2i2-cc",
        "key": "key92554",
        "label": "76654f9d",
        "content_type": null,
        "value": "myValue46",
        "tags": {},
        "locked": false,
        "last_modified": "2023-04-05T02:25:43\u002B00:00"
      }
    },
    {
      "RequestUri": "https://REDACTED/kv/key92554?label=76654f9d\u0026api-version=1.0",
      "RequestMethod": "PUT",
      "RequestHeaders": {
        "Accept": "application/vnd.microsoft.azconfig.kv\u002Bjson",
        "Authorization": "Sanitized",
        "Content-Length": "82",
        "Content-Type": "application/json",
        "Date": "Wed, 5 Apr 2023 02:25:43 GMT",
        "Sync-Token": "zAJw6V16=MjoyMCM0MjgxNTY4",
        "User-Agent": "azsdk-java-azure-data-appconfiguration/1.5.0-beta.1 (17.0.1; Windows 11; 10.0)",
        "x-ms-client-request-id": "2d39ffb8-d80f-46b7-acc9-8f6d5567ce6a",
        "x-ms-content-sha256": "wTrl1EIcytjVBolbIAIa6KF2k/q7R0mcCiDr3tqONxY=",
        "x-ms-return-client-request-id": "true"
      },
      "RequestBody": {
        "key": "key92554",
        "label": "76654f9d",
        "value": "myValue47",
        "tags": {},
        "locked": false
      },
      "StatusCode": 200,
      "ResponseHeaders": {
        "Access-Control-Allow-Credentials": "true",
        "Access-Control-Allow-Origin": "*",
        "Access-Control-Expose-Headers": "DNT, X-CustomHeader, Keep-Alive, User-Agent, X-Requested-With, If-Modified-Since, Cache-Control, Content-Type, Authorization, x-ms-client-request-id, x-ms-useragent, x-ms-content-sha256, x-ms-date, host, Accept, Accept-Datetime, Date, If-Match, If-None-Match, Sync-Token, x-ms-return-client-request-id, ETag, Last-Modified, Link, Memento-Datetime, retry-after-ms, x-ms-request-id, x-ms-client-session-id, x-ms-effective-locale, WWW-Authenticate, traceparent, tracestate",
        "Connection": "keep-alive",
        "Content-Type": "application/vnd.microsoft.appconfig.kv\u002Bjson; charset=utf-8",
        "Date": "Wed, 05 Apr 2023 02:25:44 GMT",
        "ETag": "\u0022soIIb2wWA63-sKXr5GHXrQiVV6bBDbA7cA7PJFp5jw0\u0022",
        "Last-Modified": "Wed, 05 Apr 2023 02:25:44 GMT",
        "Server": "openresty/1.21.4.1",
        "Strict-Transport-Security": "max-age=15724800; includeSubDomains",
        "Sync-Token": "zAJw6V16=MjoyMCM0MjgxNTc4;sn=4281578",
        "Transfer-Encoding": "chunked",
        "x-ms-client-request-id": "2d39ffb8-d80f-46b7-acc9-8f6d5567ce6a",
        "x-ms-correlation-request-id": "39b395a7-7d11-43ac-b4b2-e3154f455a77",
        "x-ms-request-id": "39b395a7-7d11-43ac-b4b2-e3154f455a77"
      },
      "ResponseBody": {
        "etag": "soIIb2wWA63-sKXr5GHXrQiVV6bBDbA7cA7PJFp5jw0",
        "key": "key92554",
        "label": "76654f9d",
        "content_type": null,
        "value": "myValue47",
        "tags": {},
        "locked": false,
        "last_modified": "2023-04-05T02:25:44\u002B00:00"
      }
    },
    {
      "RequestUri": "https://REDACTED/kv/key92554?label=76654f9d\u0026api-version=1.0",
      "RequestMethod": "PUT",
      "RequestHeaders": {
        "Accept": "application/vnd.microsoft.azconfig.kv\u002Bjson",
        "Authorization": "Sanitized",
        "Content-Length": "82",
        "Content-Type": "application/json",
        "Date": "Wed, 5 Apr 2023 02:25:43 GMT",
        "Sync-Token": "zAJw6V16=MjoyMCM0MjgxNTc4",
        "User-Agent": "azsdk-java-azure-data-appconfiguration/1.5.0-beta.1 (17.0.1; Windows 11; 10.0)",
        "x-ms-client-request-id": "d2e344d7-1698-48e5-9caa-c64062cebcc1",
        "x-ms-content-sha256": "Ew0KmgxI\u002B39TR9a1LgKPavf1qXVPQeaZBysxpo1YUis=",
        "x-ms-return-client-request-id": "true"
      },
      "RequestBody": {
        "key": "key92554",
        "label": "76654f9d",
        "value": "myValue48",
        "tags": {},
        "locked": false
      },
      "StatusCode": 200,
      "ResponseHeaders": {
        "Access-Control-Allow-Credentials": "true",
        "Access-Control-Allow-Origin": "*",
        "Access-Control-Expose-Headers": "DNT, X-CustomHeader, Keep-Alive, User-Agent, X-Requested-With, If-Modified-Since, Cache-Control, Content-Type, Authorization, x-ms-client-request-id, x-ms-useragent, x-ms-content-sha256, x-ms-date, host, Accept, Accept-Datetime, Date, If-Match, If-None-Match, Sync-Token, x-ms-return-client-request-id, ETag, Last-Modified, Link, Memento-Datetime, retry-after-ms, x-ms-request-id, x-ms-client-session-id, x-ms-effective-locale, WWW-Authenticate, traceparent, tracestate",
        "Connection": "keep-alive",
        "Content-Type": "application/vnd.microsoft.appconfig.kv\u002Bjson; charset=utf-8",
        "Date": "Wed, 05 Apr 2023 02:25:44 GMT",
        "ETag": "\u0022cQgdpi1jswlQvA9r4aq6Wz03sVoTvVt-j_OBnjN3EiE\u0022",
        "Last-Modified": "Wed, 05 Apr 2023 02:25:44 GMT",
        "Server": "openresty/1.21.4.1",
        "Strict-Transport-Security": "max-age=15724800; includeSubDomains",
        "Sync-Token": "zAJw6V16=MjoyMCM0MjgxNTg1;sn=4281585",
        "Transfer-Encoding": "chunked",
        "x-ms-client-request-id": "d2e344d7-1698-48e5-9caa-c64062cebcc1",
        "x-ms-correlation-request-id": "9a28bc71-bc95-42f8-a6ca-0f3a547d21f0",
        "x-ms-request-id": "9a28bc71-bc95-42f8-a6ca-0f3a547d21f0"
      },
      "ResponseBody": {
        "etag": "cQgdpi1jswlQvA9r4aq6Wz03sVoTvVt-j_OBnjN3EiE",
        "key": "key92554",
        "label": "76654f9d",
        "content_type": null,
        "value": "myValue48",
        "tags": {},
        "locked": false,
        "last_modified": "2023-04-05T02:25:44\u002B00:00"
      }
    },
    {
      "RequestUri": "https://REDACTED/kv/key92554?label=76654f9d\u0026api-version=1.0",
      "RequestMethod": "PUT",
      "RequestHeaders": {
        "Accept": "application/vnd.microsoft.azconfig.kv\u002Bjson",
        "Authorization": "Sanitized",
        "Content-Length": "82",
        "Content-Type": "application/json",
        "Date": "Wed, 5 Apr 2023 02:25:43 GMT",
        "Sync-Token": "zAJw6V16=MjoyMCM0MjgxNTg1",
        "User-Agent": "azsdk-java-azure-data-appconfiguration/1.5.0-beta.1 (17.0.1; Windows 11; 10.0)",
        "x-ms-client-request-id": "a2d3dd99-3e4e-4f88-9953-00bfcf30a010",
        "x-ms-content-sha256": "FTnsWdtOzCUm8gZ2rx/W\u002BscWrMtqwW5JlMGlAsh0fD4=",
        "x-ms-return-client-request-id": "true"
      },
      "RequestBody": {
        "key": "key92554",
        "label": "76654f9d",
        "value": "myValue49",
        "tags": {},
        "locked": false
      },
      "StatusCode": 200,
      "ResponseHeaders": {
        "Access-Control-Allow-Credentials": "true",
        "Access-Control-Allow-Origin": "*",
        "Access-Control-Expose-Headers": "DNT, X-CustomHeader, Keep-Alive, User-Agent, X-Requested-With, If-Modified-Since, Cache-Control, Content-Type, Authorization, x-ms-client-request-id, x-ms-useragent, x-ms-content-sha256, x-ms-date, host, Accept, Accept-Datetime, Date, If-Match, If-None-Match, Sync-Token, x-ms-return-client-request-id, ETag, Last-Modified, Link, Memento-Datetime, retry-after-ms, x-ms-request-id, x-ms-client-session-id, x-ms-effective-locale, WWW-Authenticate, traceparent, tracestate",
        "Connection": "keep-alive",
        "Content-Type": "application/vnd.microsoft.appconfig.kv\u002Bjson; charset=utf-8",
        "Date": "Wed, 05 Apr 2023 02:25:44 GMT",
        "ETag": "\u00225JaQqizLhH7uw_jwi5WojY5Y7i7JILdDTgxvI3PqaPA\u0022",
        "Last-Modified": "Wed, 05 Apr 2023 02:25:44 GMT",
        "Server": "openresty/1.21.4.1",
        "Strict-Transport-Security": "max-age=15724800; includeSubDomains",
        "Sync-Token": "zAJw6V16=MjoyMCM0MjgxNTky;sn=4281592",
        "Transfer-Encoding": "chunked",
        "x-ms-client-request-id": "a2d3dd99-3e4e-4f88-9953-00bfcf30a010",
        "x-ms-correlation-request-id": "fa650316-c345-4d91-ac75-734bcea6b8e3",
        "x-ms-request-id": "fa650316-c345-4d91-ac75-734bcea6b8e3"
      },
      "ResponseBody": {
        "etag": "5JaQqizLhH7uw_jwi5WojY5Y7i7JILdDTgxvI3PqaPA",
        "key": "key92554",
        "label": "76654f9d",
        "content_type": null,
        "value": "myValue49",
        "tags": {},
        "locked": false,
        "last_modified": "2023-04-05T02:25:44\u002B00:00"
      }
    },
    {
      "RequestUri": "https://REDACTED/revisions?key=key92554\u0026label=76654f9d\u0026api-version=1.0\u0026$Select=",
      "RequestMethod": "GET",
      "RequestHeaders": {
        "Accept": "application/vnd.microsoft.azconfig.kv\u002Bjson",
        "Authorization": "Sanitized",
        "Content-Length": "0",
        "Content-Type": "application/json",
        "Date": "Wed, 5 Apr 2023 02:25:43 GMT",
        "Sync-Token": "zAJw6V16=MjoyMCM0MjgxNTky",
        "User-Agent": "azsdk-java-azure-data-appconfiguration/1.5.0-beta.1 (17.0.1; Windows 11; 10.0)",
        "x-ms-client-request-id": "d6c5880f-e08b-431d-9b2f-e47a30a86eb3",
        "x-ms-content-sha256": "47DEQpj8HBSa\u002B/TImW\u002B5JCeuQeRkm5NMpJWZG3hSuFU=",
        "x-ms-return-client-request-id": "true"
      },
      "RequestBody": null,
      "StatusCode": 200,
      "ResponseHeaders": {
        "Accept-Ranges": "items",
        "Access-Control-Allow-Credentials": "true",
        "Access-Control-Allow-Origin": "*",
        "Access-Control-Expose-Headers": "DNT, X-CustomHeader, Keep-Alive, User-Agent, X-Requested-With, If-Modified-Since, Cache-Control, Content-Type, Authorization, x-ms-client-request-id, x-ms-useragent, x-ms-content-sha256, x-ms-date, host, Accept, Accept-Datetime, Date, If-Match, If-None-Match, Sync-Token, x-ms-return-client-request-id, ETag, Last-Modified, Link, Memento-Datetime, retry-after-ms, x-ms-request-id, x-ms-client-session-id, x-ms-effective-locale, WWW-Authenticate, traceparent, tracestate",
        "Connection": "keep-alive",
        "Content-Type": "application/vnd.microsoft.appconfig.kvset\u002Bjson; charset=utf-8",
        "Date": "Wed, 05 Apr 2023 02:25:44 GMT",
        "Server": "openresty/1.21.4.1",
        "Strict-Transport-Security": "max-age=15724800; includeSubDomains",
        "Sync-Token": "zAJw6V16=MjoyMCM0MjgxNTk4;sn=4281598",
        "Transfer-Encoding": "chunked",
        "x-ms-client-request-id": "d6c5880f-e08b-431d-9b2f-e47a30a86eb3",
        "x-ms-correlation-request-id": "979091bf-d2e1-4fad-aa8b-8fc21a5be05d",
        "x-ms-request-id": "979091bf-d2e1-4fad-aa8b-8fc21a5be05d"
      },
      "ResponseBody": {
        "items": [
          {
            "etag": "5JaQqizLhH7uw_jwi5WojY5Y7i7JILdDTgxvI3PqaPA",
            "key": "key92554",
            "label": "76654f9d",
            "content_type": null,
            "value": "myValue49",
            "tags": {},
            "locked": false,
            "last_modified": "2023-04-05T02:25:44\u002B00:00"
          },
          {
            "etag": "cQgdpi1jswlQvA9r4aq6Wz03sVoTvVt-j_OBnjN3EiE",
            "key": "key92554",
            "label": "76654f9d",
            "content_type": null,
            "value": "myValue48",
            "tags": {},
            "locked": false,
            "last_modified": "2023-04-05T02:25:44\u002B00:00"
          },
          {
            "etag": "soIIb2wWA63-sKXr5GHXrQiVV6bBDbA7cA7PJFp5jw0",
            "key": "key92554",
            "label": "76654f9d",
            "content_type": null,
            "value": "myValue47",
            "tags": {},
            "locked": false,
            "last_modified": "2023-04-05T02:25:44\u002B00:00"
          },
          {
            "etag": "6MVAnNLa7r9rSayZ7jTXBn1b4GFsImMY3CgGLUq1gug",
            "key": "key92554",
            "label": "76654f9d",
            "content_type": null,
            "value": "myValue36",
            "tags": {},
            "locked": false,
            "last_modified": "2023-04-05T02:25:43\u002B00:00"
          },
          {
            "etag": "9Un9KeHjDzddXSp-7Wk_CwU2yKUfNUKnFU0kMAOczRM",
            "key": "key92554",
            "label": "76654f9d",
            "content_type": null,
            "value": "myValue41",
            "tags": {},
            "locked": false,
            "last_modified": "2023-04-05T02:25:43\u002B00:00"
          },
          {
            "etag": "fypJPV67iXUWsFRq6fZfNjzDHEgEOAJv_dPfOhE9SMQ",
            "key": "key92554",
            "label": "76654f9d",
            "content_type": null,
            "value": "myValue42",
            "tags": {},
            "locked": false,
            "last_modified": "2023-04-05T02:25:43\u002B00:00"
          },
          {
            "etag": "juW0oj5kPhQ5hKyvD4NXncCaP94IFbPkc1OVtUBnG7c",
            "key": "key92554",
            "label": "76654f9d",
            "content_type": null,
            "value": "myValue43",
            "tags": {},
            "locked": false,
            "last_modified": "2023-04-05T02:25:43\u002B00:00"
          },
          {
            "etag": "nlXlsOXkVFfnvR28eCr10iyJp5gt5YpMwBo0WPcf528",
            "key": "key92554",
            "label": "76654f9d",
            "content_type": null,
            "value": "myValue39",
            "tags": {},
            "locked": false,
            "last_modified": "2023-04-05T02:25:43\u002B00:00"
          },
          {
            "etag": "qY4krp5_w6FXtbuZZ56Pw9AEVBHLWDpe7v2Yf2i2-cc",
            "key": "key92554",
            "label": "76654f9d",
            "content_type": null,
            "value": "myValue46",
            "tags": {},
            "locked": false,
            "last_modified": "2023-04-05T02:25:43\u002B00:00"
          },
          {
            "etag": "R82Pt55t6ejt67Kxd1aUUZKSTWF6_1Ik3ZZRdfLJYmI",
            "key": "key92554",
            "label": "76654f9d",
            "content_type": null,
            "value": "myValue38",
            "tags": {},
            "locked": false,
            "last_modified": "2023-04-05T02:25:43\u002B00:00"
          },
          {
            "etag": "TLpdpPK-2Tk0MNhsS3eLnnl69lMCxa5bDC5onxgF294",
            "key": "key92554",
            "label": "76654f9d",
            "content_type": null,
            "value": "myValue34",
            "tags": {},
            "locked": false,
            "last_modified": "2023-04-05T02:25:43\u002B00:00"
          },
          {
            "etag": "uDsY-i_FMPxWavPx6qOxQZt9ghGq3OYOlLU0K4xmvT8",
            "key": "key92554",
            "label": "76654f9d",
            "content_type": null,
            "value": "myValue40",
            "tags": {},
            "locked": false,
            "last_modified": "2023-04-05T02:25:43\u002B00:00"
          },
          {
            "etag": "we3vUgbx2aEryeh0l_MAMLMUZkaytZ83CVVpeHvdXsE",
            "key": "key92554",
            "label": "76654f9d",
            "content_type": null,
            "value": "myValue37",
            "tags": {},
            "locked": false,
            "last_modified": "2023-04-05T02:25:43\u002B00:00"
          },
          {
            "etag": "yhc5CXCE3vE36M53LG_PCBvpPpgA3XNXCHXlhWu5l4M",
            "key": "key92554",
            "label": "76654f9d",
            "content_type": null,
            "value": "myValue44",
            "tags": {},
            "locked": false,
            "last_modified": "2023-04-05T02:25:43\u002B00:00"
          },
          {
            "etag": "z3hEWGFRtD8z6Ale3N_i_vG05sLvBFZyYG_kgk2GlTA",
            "key": "key92554",
            "label": "76654f9d",
            "content_type": null,
            "value": "myValue35",
            "tags": {},
            "locked": false,
            "last_modified": "2023-04-05T02:25:43\u002B00:00"
          },
          {
            "etag": "ZupT1MM9l-yzjflDhfePswRHSu6IeKP4fDMHsTILgjk",
            "key": "key92554",
            "label": "76654f9d",
            "content_type": null,
            "value": "myValue45",
            "tags": {},
            "locked": false,
            "last_modified": "2023-04-05T02:25:43\u002B00:00"
          },
          {
            "etag": "Ad4D229BeKGqDCQAFn2PzM5oYfF0AL-7OdhqYQHQGOA",
            "key": "key92554",
            "label": "76654f9d",
            "content_type": null,
            "value": "myValue29",
            "tags": {},
            "locked": false,
            "last_modified": "2023-04-05T02:25:42\u002B00:00"
          },
          {
            "etag": "BV5tbaUh6-olIqbk8833JCs7HsMB56p3Bw0xH9gG36o",
            "key": "key92554",
            "label": "76654f9d",
            "content_type": null,
            "value": "myValue32",
            "tags": {},
            "locked": false,
            "last_modified": "2023-04-05T02:25:42\u002B00:00"
          },
          {
            "etag": "gni1AekNRYrSp-lQXxPyRTjmA7xUQi2AHQ5lcSwMfXI",
            "key": "key92554",
            "label": "76654f9d",
            "content_type": null,
            "value": "myValue28",
            "tags": {},
            "locked": false,
            "last_modified": "2023-04-05T02:25:42\u002B00:00"
          },
          {
            "etag": "iLUbzokC2vPP1sTuEGuhJROmJZDnnZ9k_X5ea7H4OZM",
            "key": "key92554",
            "label": "76654f9d",
            "content_type": null,
            "value": "myValue33",
            "tags": {},
            "locked": false,
            "last_modified": "2023-04-05T02:25:42\u002B00:00"
          },
          {
            "etag": "pNw-kbqa56YKX84Nbww-d_y6F9sXe8iIjySa6WnmbTM",
            "key": "key92554",
            "label": "76654f9d",
            "content_type": null,
            "value": "myValue31",
            "tags": {},
            "locked": false,
            "last_modified": "2023-04-05T02:25:42\u002B00:00"
          },
          {
            "etag": "wDh-cLoj41mPyptdEeK-Pej3xkX-FUxbBPLmf2RM2bc",
            "key": "key92554",
            "label": "76654f9d",
            "content_type": null,
            "value": "myValue30",
            "tags": {},
            "locked": false,
            "last_modified": "2023-04-05T02:25:42\u002B00:00"
          },
          {
            "etag": "xLJYIZCWDLJ3SjTjd5k8e4uiT4quvKv9QFpdgirSosk",
            "key": "key92554",
            "label": "76654f9d",
            "content_type": null,
            "value": "myValue27",
            "tags": {},
            "locked": false,
            "last_modified": "2023-04-05T02:25:42\u002B00:00"
          },
          {
            "etag": "4ZW4X1ZfW53eZVq2oC6rzDH-p4W7vkdAmkH_iHuzDQU",
            "key": "key92554",
            "label": "76654f9d",
            "content_type": null,
            "value": "myValue22",
            "tags": {},
            "locked": false,
            "last_modified": "2023-04-05T02:25:41\u002B00:00"
          },
          {
            "etag": "EdzjuVmrETqIuVnkEqVQKw7rMl941tqhNTu9ZmUwn_U",
            "key": "key92554",
            "label": "76654f9d",
            "content_type": null,
            "value": "myValue19",
            "tags": {},
            "locked": false,
            "last_modified": "2023-04-05T02:25:41\u002B00:00"
          },
          {
            "etag": "hQOOL3s955CXiSeq2sfZYU_KLyKaYg-eAUD51rFxsNc",
            "key": "key92554",
            "label": "76654f9d",
            "content_type": null,
            "value": "myValue23",
            "tags": {},
            "locked": false,
            "last_modified": "2023-04-05T02:25:41\u002B00:00"
          },
          {
            "etag": "j3DzfUiKj7xagEgoFTBv92_yqevja2sb-HS3JsypXk8",
            "key": "key92554",
            "label": "76654f9d",
            "content_type": null,
            "value": "myValue24",
            "tags": {},
            "locked": false,
            "last_modified": "2023-04-05T02:25:41\u002B00:00"
          },
          {
            "etag": "jnIZWQdqGMD2UezKakdpOMSNPTsytLotl2Yx5JUUpf4",
            "key": "key92554",
            "label": "76654f9d",
            "content_type": null,
            "value": "myValue25",
            "tags": {},
            "locked": false,
            "last_modified": "2023-04-05T02:25:41\u002B00:00"
          },
          {
            "etag": "rqEi0we-AWzFLYTHLkZoCa7G4W41WQahPpMJ-orEhW4",
            "key": "key92554",
            "label": "76654f9d",
            "content_type": null,
            "value": "myValue18",
            "tags": {},
            "locked": false,
            "last_modified": "2023-04-05T02:25:41\u002B00:00"
          },
          {
            "etag": "Vvu6ipKB6x0S94rRxe8vL9MSPPKYiRrH74csow0gh1E",
            "key": "key92554",
            "label": "76654f9d",
            "content_type": null,
            "value": "myValue20",
            "tags": {},
            "locked": false,
            "last_modified": "2023-04-05T02:25:41\u002B00:00"
          },
          {
            "etag": "YGs5Ge6Kku_Wzxbk9Prf0uompT5m9IYdDMwOnMPhzUs",
            "key": "key92554",
            "label": "76654f9d",
            "content_type": null,
            "value": "myValue21",
            "tags": {},
            "locked": false,
            "last_modified": "2023-04-05T02:25:41\u002B00:00"
          },
          {
            "etag": "Z2EkcgHPLPiXBHUGfj0srArsSyFCEIczn9NHcpsep7o",
            "key": "key92554",
            "label": "76654f9d",
            "content_type": null,
            "value": "myValue26",
            "tags": {},
            "locked": false,
            "last_modified": "2023-04-05T02:25:41\u002B00:00"
          },
          {
            "etag": "2VZPKcVtRkAYqxVcA9IanxbeE4j0FsgRy9XWftqekT8",
            "key": "key92554",
            "label": "76654f9d",
            "content_type": null,
            "value": "myValue17",
            "tags": {},
            "locked": false,
            "last_modified": "2023-04-05T02:25:40\u002B00:00"
          },
          {
            "etag": "3UZU12a4Cd7nEXg2EU8HhG4Ek-m9b9BRtG3M5qcV9Zc",
            "key": "key92554",
            "label": "76654f9d",
            "content_type": null,
            "value": "myValue14",
            "tags": {},
            "locked": false,
            "last_modified": "2023-04-05T02:25:40\u002B00:00"
          },
          {
            "etag": "7T19uicHG7WAfysqiEcAj7i7xfeF2Zx9DKiWWmJWXeg",
            "key": "key92554",
            "label": "76654f9d",
            "content_type": null,
            "value": "myValue8",
            "tags": {},
            "locked": false,
            "last_modified": "2023-04-05T02:25:40\u002B00:00"
          },
          {
            "etag": "Hi5SAx6QaE7GFDUtEE_7W4GkoA7ZXv9KhUfN2eDBj8c",
            "key": "key92554",
            "label": "76654f9d",
            "content_type": null,
            "value": "myValue10",
            "tags": {},
            "locked": false,
            "last_modified": "2023-04-05T02:25:40\u002B00:00"
          },
          {
            "etag": "iJLMTRyOHFEvTYdTbV5M6eZcPa4He1GCRslZzGpTD7c",
            "key": "key92554",
            "label": "76654f9d",
            "content_type": null,
            "value": "myValue13",
            "tags": {},
            "locked": false,
            "last_modified": "2023-04-05T02:25:40\u002B00:00"
          },
          {
            "etag": "Iq_5fwx2RBSUSjcniMiSHPh9MrOtMKj347dVgf7J83w",
            "key": "key92554",
            "label": "76654f9d",
            "content_type": null,
            "value": "myValue11",
            "tags": {},
            "locked": false,
            "last_modified": "2023-04-05T02:25:40\u002B00:00"
          },
          {
            "etag": "OFIMO4Xho1KPmBkdYqMU_FEcXnSZcQjY_sjIafUWuqs",
            "key": "key92554",
            "label": "76654f9d",
            "content_type": null,
            "value": "myValue9",
            "tags": {},
            "locked": false,
            "last_modified": "2023-04-05T02:25:40\u002B00:00"
          },
          {
            "etag": "SNZMX2NhfvSdKz103McsYXLv4sOO6Dne_ETV7leperg",
            "key": "key92554",
            "label": "76654f9d",
            "content_type": null,
            "value": "myValue12",
            "tags": {},
            "locked": false,
            "last_modified": "2023-04-05T02:25:40\u002B00:00"
          },
          {
            "etag": "vkx32JPVAu5PwhyTZiyVSu-PMaLe29H00Jk6N8Ha9OA",
            "key": "key92554",
            "label": "76654f9d",
            "content_type": null,
            "value": "myValue16",
            "tags": {},
            "locked": false,
            "last_modified": "2023-04-05T02:25:40\u002B00:00"
          },
          {
            "etag": "vxL7gy-vHWuxMT8teX7tS8W6_Lm09Wa8ia8l8Vb7fe4",
            "key": "key92554",
            "label": "76654f9d",
            "content_type": null,
            "value": "myValue15",
            "tags": {},
            "locked": false,
            "last_modified": "2023-04-05T02:25:40\u002B00:00"
          },
          {
            "etag": "1-5CIQuTLpNpe9Q_iuz38504UdOqYQWhCQ4LdsKOJF8",
            "key": "key92554",
            "label": "76654f9d",
            "content_type": null,
            "value": "myValue6",
            "tags": {},
            "locked": false,
            "last_modified": "2023-04-05T02:25:39\u002B00:00"
          },
          {
            "etag": "cdoUVKwSYT5lPpN4-tZ6-7OMvLLIK-BPahVkVutr16w",
            "key": "key92554",
            "label": "76654f9d",
            "content_type": null,
            "value": "myValue3",
            "tags": {},
            "locked": false,
            "last_modified": "2023-04-05T02:25:39\u002B00:00"
          },
          {
            "etag": "gb5FpxTeoigTzWBzdAL4sYk49xeMKs8DzFIp7H5wo80",
            "key": "key92554",
            "label": "76654f9d",
            "content_type": null,
            "value": "myValue5",
            "tags": {},
            "locked": false,
            "last_modified": "2023-04-05T02:25:39\u002B00:00"
          },
          {
            "etag": "HSG17LW4GoqCDrUxz6lDM4MJMFrskGRp55e2AepFfMw",
            "key": "key92554",
            "label": "76654f9d",
            "content_type": null,
            "value": "myValue2",
            "tags": {},
            "locked": false,
            "last_modified": "2023-04-05T02:25:39\u002B00:00"
          },
          {
            "etag": "mBSvxV67M4TkyqgyJgKYdfDcYu0AwvjEvXbhh2XTo0w",
            "key": "key92554",
            "label": "76654f9d",
            "content_type": null,
            "value": "myValue4",
            "tags": {},
            "locked": false,
            "last_modified": "2023-04-05T02:25:39\u002B00:00"
          },
          {
            "etag": "mlUrg7-tsdaHkuXAMhEyea_riaMYpfzIRgHjsIa3b6s",
            "key": "key92554",
            "label": "76654f9d",
            "content_type": null,
            "value": "myValue7",
            "tags": {},
            "locked": false,
            "last_modified": "2023-04-05T02:25:39\u002B00:00"
          },
          {
            "etag": "X2-5gP9Ho1kBLddHtPapfm95R7DZUfqoTR_TUgmV75I",
            "key": "key92554",
            "label": "76654f9d",
            "content_type": null,
            "value": "myValue1",
            "tags": {},
            "locked": false,
            "last_modified": "2023-04-05T02:25:39\u002B00:00"
          },
          {
            "etag": "7Q13RzFaMBen_A6d2fZG6jj_KOiZ5muxyKBA25Mrrhc",
            "key": "key92554",
            "label": "76654f9d",
            "content_type": null,
            "value": "myValue0",
            "tags": {},
            "locked": false,
            "last_modified": "2023-04-05T02:25:38\u002B00:00"
          }
        ]
      }
    },
    {
      "RequestUri": "https://REDACTED/revisions?key=key92554\u0026label=76654f9d\u0026api-version=1.0\u0026$Select=",
      "RequestMethod": "GET",
      "RequestHeaders": {
        "Accept": "application/vnd.microsoft.azconfig.kv\u002Bjson",
        "Authorization": "Sanitized",
        "Content-Length": "0",
        "Content-Type": "application/json",
        "Date": "Wed, 5 Apr 2023 02:25:43 GMT",
        "Sync-Token": "zAJw6V16=MjoyMCM0MjgxNTk4",
        "User-Agent": "azsdk-java-azure-data-appconfiguration/1.5.0-beta.1 (17.0.1; Windows 11; 10.0)",
        "x-ms-client-request-id": "a1fca520-45e1-4a99-ba98-7207bba0d5d7",
        "x-ms-content-sha256": "47DEQpj8HBSa\u002B/TImW\u002B5JCeuQeRkm5NMpJWZG3hSuFU=",
        "x-ms-return-client-request-id": "true"
      },
      "RequestBody": null,
      "StatusCode": 200,
      "ResponseHeaders": {
        "Accept-Ranges": "items",
        "Access-Control-Allow-Credentials": "true",
        "Access-Control-Allow-Origin": "*",
        "Access-Control-Expose-Headers": "DNT, X-CustomHeader, Keep-Alive, User-Agent, X-Requested-With, If-Modified-Since, Cache-Control, Content-Type, Authorization, x-ms-client-request-id, x-ms-useragent, x-ms-content-sha256, x-ms-date, host, Accept, Accept-Datetime, Date, If-Match, If-None-Match, Sync-Token, x-ms-return-client-request-id, ETag, Last-Modified, Link, Memento-Datetime, retry-after-ms, x-ms-request-id, x-ms-client-session-id, x-ms-effective-locale, WWW-Authenticate, traceparent, tracestate",
        "Connection": "keep-alive",
        "Content-Type": "application/vnd.microsoft.appconfig.kvset\u002Bjson; charset=utf-8",
        "Date": "Wed, 05 Apr 2023 02:25:44 GMT",
        "Server": "openresty/1.21.4.1",
        "Strict-Transport-Security": "max-age=15724800; includeSubDomains",
        "Sync-Token": "zAJw6V16=MjoyMCM0MjgxNjAz;sn=4281603",
        "Transfer-Encoding": "chunked",
        "x-ms-client-request-id": "a1fca520-45e1-4a99-ba98-7207bba0d5d7",
        "x-ms-correlation-request-id": "dbe90319-1f6d-425d-82fc-12906e026087",
        "x-ms-request-id": "dbe90319-1f6d-425d-82fc-12906e026087"
      },
      "ResponseBody": {
        "items": [
          {
            "etag": "5JaQqizLhH7uw_jwi5WojY5Y7i7JILdDTgxvI3PqaPA",
            "key": "key92554",
            "label": "76654f9d",
            "content_type": null,
            "value": "myValue49",
            "tags": {},
            "locked": false,
            "last_modified": "2023-04-05T02:25:44\u002B00:00"
          },
          {
            "etag": "cQgdpi1jswlQvA9r4aq6Wz03sVoTvVt-j_OBnjN3EiE",
            "key": "key92554",
            "label": "76654f9d",
            "content_type": null,
            "value": "myValue48",
            "tags": {},
            "locked": false,
            "last_modified": "2023-04-05T02:25:44\u002B00:00"
          },
          {
            "etag": "soIIb2wWA63-sKXr5GHXrQiVV6bBDbA7cA7PJFp5jw0",
            "key": "key92554",
            "label": "76654f9d",
            "content_type": null,
            "value": "myValue47",
            "tags": {},
            "locked": false,
            "last_modified": "2023-04-05T02:25:44\u002B00:00"
          },
          {
            "etag": "6MVAnNLa7r9rSayZ7jTXBn1b4GFsImMY3CgGLUq1gug",
            "key": "key92554",
            "label": "76654f9d",
            "content_type": null,
            "value": "myValue36",
            "tags": {},
            "locked": false,
            "last_modified": "2023-04-05T02:25:43\u002B00:00"
          },
          {
            "etag": "9Un9KeHjDzddXSp-7Wk_CwU2yKUfNUKnFU0kMAOczRM",
            "key": "key92554",
            "label": "76654f9d",
            "content_type": null,
            "value": "myValue41",
            "tags": {},
            "locked": false,
            "last_modified": "2023-04-05T02:25:43\u002B00:00"
          },
          {
            "etag": "fypJPV67iXUWsFRq6fZfNjzDHEgEOAJv_dPfOhE9SMQ",
            "key": "key92554",
            "label": "76654f9d",
            "content_type": null,
            "value": "myValue42",
            "tags": {},
            "locked": false,
            "last_modified": "2023-04-05T02:25:43\u002B00:00"
          },
          {
            "etag": "juW0oj5kPhQ5hKyvD4NXncCaP94IFbPkc1OVtUBnG7c",
            "key": "key92554",
            "label": "76654f9d",
            "content_type": null,
            "value": "myValue43",
            "tags": {},
            "locked": false,
            "last_modified": "2023-04-05T02:25:43\u002B00:00"
          },
          {
            "etag": "nlXlsOXkVFfnvR28eCr10iyJp5gt5YpMwBo0WPcf528",
            "key": "key92554",
            "label": "76654f9d",
            "content_type": null,
            "value": "myValue39",
            "tags": {},
            "locked": false,
            "last_modified": "2023-04-05T02:25:43\u002B00:00"
          },
          {
            "etag": "qY4krp5_w6FXtbuZZ56Pw9AEVBHLWDpe7v2Yf2i2-cc",
            "key": "key92554",
            "label": "76654f9d",
            "content_type": null,
            "value": "myValue46",
            "tags": {},
            "locked": false,
            "last_modified": "2023-04-05T02:25:43\u002B00:00"
          },
          {
            "etag": "R82Pt55t6ejt67Kxd1aUUZKSTWF6_1Ik3ZZRdfLJYmI",
            "key": "key92554",
            "label": "76654f9d",
            "content_type": null,
            "value": "myValue38",
            "tags": {},
            "locked": false,
            "last_modified": "2023-04-05T02:25:43\u002B00:00"
          },
          {
            "etag": "TLpdpPK-2Tk0MNhsS3eLnnl69lMCxa5bDC5onxgF294",
            "key": "key92554",
            "label": "76654f9d",
            "content_type": null,
            "value": "myValue34",
            "tags": {},
            "locked": false,
            "last_modified": "2023-04-05T02:25:43\u002B00:00"
          },
          {
            "etag": "uDsY-i_FMPxWavPx6qOxQZt9ghGq3OYOlLU0K4xmvT8",
            "key": "key92554",
            "label": "76654f9d",
            "content_type": null,
            "value": "myValue40",
            "tags": {},
            "locked": false,
            "last_modified": "2023-04-05T02:25:43\u002B00:00"
          },
          {
            "etag": "we3vUgbx2aEryeh0l_MAMLMUZkaytZ83CVVpeHvdXsE",
            "key": "key92554",
            "label": "76654f9d",
            "content_type": null,
            "value": "myValue37",
            "tags": {},
            "locked": false,
            "last_modified": "2023-04-05T02:25:43\u002B00:00"
          },
          {
            "etag": "yhc5CXCE3vE36M53LG_PCBvpPpgA3XNXCHXlhWu5l4M",
            "key": "key92554",
            "label": "76654f9d",
            "content_type": null,
            "value": "myValue44",
            "tags": {},
            "locked": false,
            "last_modified": "2023-04-05T02:25:43\u002B00:00"
          },
          {
            "etag": "z3hEWGFRtD8z6Ale3N_i_vG05sLvBFZyYG_kgk2GlTA",
            "key": "key92554",
            "label": "76654f9d",
            "content_type": null,
            "value": "myValue35",
            "tags": {},
            "locked": false,
            "last_modified": "2023-04-05T02:25:43\u002B00:00"
          },
          {
            "etag": "ZupT1MM9l-yzjflDhfePswRHSu6IeKP4fDMHsTILgjk",
            "key": "key92554",
            "label": "76654f9d",
            "content_type": null,
            "value": "myValue45",
            "tags": {},
            "locked": false,
            "last_modified": "2023-04-05T02:25:43\u002B00:00"
          },
          {
            "etag": "Ad4D229BeKGqDCQAFn2PzM5oYfF0AL-7OdhqYQHQGOA",
            "key": "key92554",
            "label": "76654f9d",
            "content_type": null,
            "value": "myValue29",
            "tags": {},
            "locked": false,
            "last_modified": "2023-04-05T02:25:42\u002B00:00"
          },
          {
            "etag": "BV5tbaUh6-olIqbk8833JCs7HsMB56p3Bw0xH9gG36o",
            "key": "key92554",
            "label": "76654f9d",
            "content_type": null,
            "value": "myValue32",
            "tags": {},
            "locked": false,
            "last_modified": "2023-04-05T02:25:42\u002B00:00"
          },
          {
            "etag": "gni1AekNRYrSp-lQXxPyRTjmA7xUQi2AHQ5lcSwMfXI",
            "key": "key92554",
            "label": "76654f9d",
            "content_type": null,
            "value": "myValue28",
            "tags": {},
            "locked": false,
            "last_modified": "2023-04-05T02:25:42\u002B00:00"
          },
          {
            "etag": "iLUbzokC2vPP1sTuEGuhJROmJZDnnZ9k_X5ea7H4OZM",
            "key": "key92554",
            "label": "76654f9d",
            "content_type": null,
            "value": "myValue33",
            "tags": {},
            "locked": false,
            "last_modified": "2023-04-05T02:25:42\u002B00:00"
          },
          {
            "etag": "pNw-kbqa56YKX84Nbww-d_y6F9sXe8iIjySa6WnmbTM",
            "key": "key92554",
            "label": "76654f9d",
            "content_type": null,
            "value": "myValue31",
            "tags": {},
            "locked": false,
            "last_modified": "2023-04-05T02:25:42\u002B00:00"
          },
          {
            "etag": "wDh-cLoj41mPyptdEeK-Pej3xkX-FUxbBPLmf2RM2bc",
            "key": "key92554",
            "label": "76654f9d",
            "content_type": null,
            "value": "myValue30",
            "tags": {},
            "locked": false,
            "last_modified": "2023-04-05T02:25:42\u002B00:00"
          },
          {
            "etag": "xLJYIZCWDLJ3SjTjd5k8e4uiT4quvKv9QFpdgirSosk",
            "key": "key92554",
            "label": "76654f9d",
            "content_type": null,
            "value": "myValue27",
            "tags": {},
            "locked": false,
            "last_modified": "2023-04-05T02:25:42\u002B00:00"
          },
          {
            "etag": "4ZW4X1ZfW53eZVq2oC6rzDH-p4W7vkdAmkH_iHuzDQU",
            "key": "key92554",
            "label": "76654f9d",
            "content_type": null,
            "value": "myValue22",
            "tags": {},
            "locked": false,
            "last_modified": "2023-04-05T02:25:41\u002B00:00"
          },
          {
            "etag": "EdzjuVmrETqIuVnkEqVQKw7rMl941tqhNTu9ZmUwn_U",
            "key": "key92554",
            "label": "76654f9d",
            "content_type": null,
            "value": "myValue19",
            "tags": {},
            "locked": false,
            "last_modified": "2023-04-05T02:25:41\u002B00:00"
          },
          {
            "etag": "hQOOL3s955CXiSeq2sfZYU_KLyKaYg-eAUD51rFxsNc",
            "key": "key92554",
            "label": "76654f9d",
            "content_type": null,
            "value": "myValue23",
            "tags": {},
            "locked": false,
            "last_modified": "2023-04-05T02:25:41\u002B00:00"
          },
          {
            "etag": "j3DzfUiKj7xagEgoFTBv92_yqevja2sb-HS3JsypXk8",
            "key": "key92554",
            "label": "76654f9d",
            "content_type": null,
            "value": "myValue24",
            "tags": {},
            "locked": false,
            "last_modified": "2023-04-05T02:25:41\u002B00:00"
          },
          {
            "etag": "jnIZWQdqGMD2UezKakdpOMSNPTsytLotl2Yx5JUUpf4",
            "key": "key92554",
            "label": "76654f9d",
            "content_type": null,
            "value": "myValue25",
            "tags": {},
            "locked": false,
            "last_modified": "2023-04-05T02:25:41\u002B00:00"
          },
          {
            "etag": "rqEi0we-AWzFLYTHLkZoCa7G4W41WQahPpMJ-orEhW4",
            "key": "key92554",
            "label": "76654f9d",
            "content_type": null,
            "value": "myValue18",
            "tags": {},
            "locked": false,
            "last_modified": "2023-04-05T02:25:41\u002B00:00"
          },
          {
            "etag": "Vvu6ipKB6x0S94rRxe8vL9MSPPKYiRrH74csow0gh1E",
            "key": "key92554",
            "label": "76654f9d",
            "content_type": null,
            "value": "myValue20",
            "tags": {},
            "locked": false,
            "last_modified": "2023-04-05T02:25:41\u002B00:00"
          },
          {
            "etag": "YGs5Ge6Kku_Wzxbk9Prf0uompT5m9IYdDMwOnMPhzUs",
            "key": "key92554",
            "label": "76654f9d",
            "content_type": null,
            "value": "myValue21",
            "tags": {},
            "locked": false,
            "last_modified": "2023-04-05T02:25:41\u002B00:00"
          },
          {
            "etag": "Z2EkcgHPLPiXBHUGfj0srArsSyFCEIczn9NHcpsep7o",
            "key": "key92554",
            "label": "76654f9d",
            "content_type": null,
            "value": "myValue26",
            "tags": {},
            "locked": false,
            "last_modified": "2023-04-05T02:25:41\u002B00:00"
          },
          {
            "etag": "2VZPKcVtRkAYqxVcA9IanxbeE4j0FsgRy9XWftqekT8",
            "key": "key92554",
            "label": "76654f9d",
            "content_type": null,
            "value": "myValue17",
            "tags": {},
            "locked": false,
            "last_modified": "2023-04-05T02:25:40\u002B00:00"
          },
          {
            "etag": "3UZU12a4Cd7nEXg2EU8HhG4Ek-m9b9BRtG3M5qcV9Zc",
            "key": "key92554",
            "label": "76654f9d",
            "content_type": null,
            "value": "myValue14",
            "tags": {},
            "locked": false,
            "last_modified": "2023-04-05T02:25:40\u002B00:00"
          },
          {
            "etag": "7T19uicHG7WAfysqiEcAj7i7xfeF2Zx9DKiWWmJWXeg",
            "key": "key92554",
            "label": "76654f9d",
            "content_type": null,
            "value": "myValue8",
            "tags": {},
            "locked": false,
            "last_modified": "2023-04-05T02:25:40\u002B00:00"
          },
          {
            "etag": "Hi5SAx6QaE7GFDUtEE_7W4GkoA7ZXv9KhUfN2eDBj8c",
            "key": "key92554",
            "label": "76654f9d",
            "content_type": null,
            "value": "myValue10",
            "tags": {},
            "locked": false,
            "last_modified": "2023-04-05T02:25:40\u002B00:00"
          },
          {
            "etag": "iJLMTRyOHFEvTYdTbV5M6eZcPa4He1GCRslZzGpTD7c",
            "key": "key92554",
            "label": "76654f9d",
            "content_type": null,
            "value": "myValue13",
            "tags": {},
            "locked": false,
            "last_modified": "2023-04-05T02:25:40\u002B00:00"
          },
          {
            "etag": "Iq_5fwx2RBSUSjcniMiSHPh9MrOtMKj347dVgf7J83w",
            "key": "key92554",
            "label": "76654f9d",
            "content_type": null,
            "value": "myValue11",
            "tags": {},
            "locked": false,
            "last_modified": "2023-04-05T02:25:40\u002B00:00"
          },
          {
            "etag": "OFIMO4Xho1KPmBkdYqMU_FEcXnSZcQjY_sjIafUWuqs",
            "key": "key92554",
            "label": "76654f9d",
            "content_type": null,
            "value": "myValue9",
            "tags": {},
            "locked": false,
            "last_modified": "2023-04-05T02:25:40\u002B00:00"
          },
          {
            "etag": "SNZMX2NhfvSdKz103McsYXLv4sOO6Dne_ETV7leperg",
            "key": "key92554",
            "label": "76654f9d",
            "content_type": null,
            "value": "myValue12",
            "tags": {},
            "locked": false,
            "last_modified": "2023-04-05T02:25:40\u002B00:00"
          },
          {
            "etag": "vkx32JPVAu5PwhyTZiyVSu-PMaLe29H00Jk6N8Ha9OA",
            "key": "key92554",
            "label": "76654f9d",
            "content_type": null,
            "value": "myValue16",
            "tags": {},
            "locked": false,
            "last_modified": "2023-04-05T02:25:40\u002B00:00"
          },
          {
            "etag": "vxL7gy-vHWuxMT8teX7tS8W6_Lm09Wa8ia8l8Vb7fe4",
            "key": "key92554",
            "label": "76654f9d",
            "content_type": null,
            "value": "myValue15",
            "tags": {},
            "locked": false,
            "last_modified": "2023-04-05T02:25:40\u002B00:00"
          },
          {
            "etag": "1-5CIQuTLpNpe9Q_iuz38504UdOqYQWhCQ4LdsKOJF8",
            "key": "key92554",
            "label": "76654f9d",
            "content_type": null,
            "value": "myValue6",
            "tags": {},
            "locked": false,
            "last_modified": "2023-04-05T02:25:39\u002B00:00"
          },
          {
            "etag": "cdoUVKwSYT5lPpN4-tZ6-7OMvLLIK-BPahVkVutr16w",
            "key": "key92554",
            "label": "76654f9d",
            "content_type": null,
            "value": "myValue3",
            "tags": {},
            "locked": false,
            "last_modified": "2023-04-05T02:25:39\u002B00:00"
          },
          {
            "etag": "gb5FpxTeoigTzWBzdAL4sYk49xeMKs8DzFIp7H5wo80",
            "key": "key92554",
            "label": "76654f9d",
            "content_type": null,
            "value": "myValue5",
            "tags": {},
            "locked": false,
            "last_modified": "2023-04-05T02:25:39\u002B00:00"
          },
          {
            "etag": "HSG17LW4GoqCDrUxz6lDM4MJMFrskGRp55e2AepFfMw",
            "key": "key92554",
            "label": "76654f9d",
            "content_type": null,
            "value": "myValue2",
            "tags": {},
            "locked": false,
            "last_modified": "2023-04-05T02:25:39\u002B00:00"
          },
          {
            "etag": "mBSvxV67M4TkyqgyJgKYdfDcYu0AwvjEvXbhh2XTo0w",
            "key": "key92554",
            "label": "76654f9d",
            "content_type": null,
            "value": "myValue4",
            "tags": {},
            "locked": false,
            "last_modified": "2023-04-05T02:25:39\u002B00:00"
          },
          {
            "etag": "mlUrg7-tsdaHkuXAMhEyea_riaMYpfzIRgHjsIa3b6s",
            "key": "key92554",
            "label": "76654f9d",
            "content_type": null,
            "value": "myValue7",
            "tags": {},
            "locked": false,
            "last_modified": "2023-04-05T02:25:39\u002B00:00"
          },
          {
            "etag": "X2-5gP9Ho1kBLddHtPapfm95R7DZUfqoTR_TUgmV75I",
            "key": "key92554",
            "label": "76654f9d",
            "content_type": null,
            "value": "myValue1",
            "tags": {},
            "locked": false,
            "last_modified": "2023-04-05T02:25:39\u002B00:00"
          },
          {
            "etag": "7Q13RzFaMBen_A6d2fZG6jj_KOiZ5muxyKBA25Mrrhc",
            "key": "key92554",
            "label": "76654f9d",
            "content_type": null,
            "value": "myValue0",
            "tags": {},
            "locked": false,
            "last_modified": "2023-04-05T02:25:38\u002B00:00"
          }
        ]
      }
    },
    {
      "RequestUri": "https://REDACTED/kv?key=key92554%2A\u0026api-version=1.0\u0026$Select=",
      "RequestMethod": "GET",
      "RequestHeaders": {
        "Accept": "application/vnd.microsoft.azconfig.kv\u002Bjson",
        "Authorization": "Sanitized",
        "Content-Length": "0",
        "Content-Type": "application/json",
        "Date": "Wed, 5 Apr 2023 02:25:43 GMT",
        "Sync-Token": "zAJw6V16=MjoyMCM0MjgxNjAz",
        "User-Agent": "azsdk-java-azure-data-appconfiguration/1.5.0-beta.1 (17.0.1; Windows 11; 10.0)",
        "x-ms-client-request-id": "c4f3a12e-6513-422b-9111-2c17f400c934",
        "x-ms-content-sha256": "47DEQpj8HBSa\u002B/TImW\u002B5JCeuQeRkm5NMpJWZG3hSuFU=",
        "x-ms-return-client-request-id": "true"
      },
      "RequestBody": null,
      "StatusCode": 200,
      "ResponseHeaders": {
        "Access-Control-Allow-Credentials": "true",
        "Access-Control-Allow-Origin": "*",
        "Access-Control-Expose-Headers": "DNT, X-CustomHeader, Keep-Alive, User-Agent, X-Requested-With, If-Modified-Since, Cache-Control, Content-Type, Authorization, x-ms-client-request-id, x-ms-useragent, x-ms-content-sha256, x-ms-date, host, Accept, Accept-Datetime, Date, If-Match, If-None-Match, Sync-Token, x-ms-return-client-request-id, ETag, Last-Modified, Link, Memento-Datetime, retry-after-ms, x-ms-request-id, x-ms-client-session-id, x-ms-effective-locale, WWW-Authenticate, traceparent, tracestate",
        "Connection": "keep-alive",
        "Content-Type": "application/vnd.microsoft.appconfig.kvset\u002Bjson; charset=utf-8",
        "Date": "Wed, 05 Apr 2023 02:25:44 GMT",
        "Server": "openresty/1.21.4.1",
        "Strict-Transport-Security": "max-age=15724800; includeSubDomains",
        "Sync-Token": "zAJw6V16=MjoyMCM0MjgxNjE0;sn=4281614",
        "Transfer-Encoding": "chunked",
        "x-ms-client-request-id": "c4f3a12e-6513-422b-9111-2c17f400c934",
        "x-ms-correlation-request-id": "cfca92f3-467a-4020-bd72-a5ea197d7559",
        "x-ms-request-id": "cfca92f3-467a-4020-bd72-a5ea197d7559"
      },
      "ResponseBody": {
        "items": [
          {
            "etag": "5JaQqizLhH7uw_jwi5WojY5Y7i7JILdDTgxvI3PqaPA",
            "key": "key92554",
            "label": "76654f9d",
            "content_type": null,
            "value": "myValue49",
            "tags": {},
            "locked": false,
            "last_modified": "2023-04-05T02:25:44\u002B00:00"
          }
        ]
      }
    },
    {
      "RequestUri": "https://REDACTED/kv/key92554?label=76654f9d\u0026api-version=1.0",
      "RequestMethod": "DELETE",
      "RequestHeaders": {
        "Accept": "application/vnd.microsoft.azconfig.kv\u002Bjson",
        "Authorization": "Sanitized",
        "Content-Length": "0",
        "Content-Type": "application/json",
        "Date": "Wed, 5 Apr 2023 02:25:43 GMT",
        "Sync-Token": "zAJw6V16=MjoyMCM0MjgxNjE0",
        "User-Agent": "azsdk-java-azure-data-appconfiguration/1.5.0-beta.1 (17.0.1; Windows 11; 10.0)",
        "x-ms-client-request-id": "d387962d-1e05-42f0-b028-54d22ed3dc22",
        "x-ms-content-sha256": "47DEQpj8HBSa\u002B/TImW\u002B5JCeuQeRkm5NMpJWZG3hSuFU=",
        "x-ms-return-client-request-id": "true"
      },
      "RequestBody": null,
      "StatusCode": 200,
      "ResponseHeaders": {
        "Access-Control-Allow-Credentials": "true",
        "Access-Control-Allow-Origin": "*",
        "Access-Control-Expose-Headers": "DNT, X-CustomHeader, Keep-Alive, User-Agent, X-Requested-With, If-Modified-Since, Cache-Control, Content-Type, Authorization, x-ms-client-request-id, x-ms-useragent, x-ms-content-sha256, x-ms-date, host, Accept, Accept-Datetime, Date, If-Match, If-None-Match, Sync-Token, x-ms-return-client-request-id, ETag, Last-Modified, Link, Memento-Datetime, retry-after-ms, x-ms-request-id, x-ms-client-session-id, x-ms-effective-locale, WWW-Authenticate, traceparent, tracestate",
        "Connection": "keep-alive",
        "Content-Type": "application/vnd.microsoft.appconfig.kv\u002Bjson; charset=utf-8",
        "Date": "Wed, 05 Apr 2023 02:25:44 GMT",
        "ETag": "\u00225JaQqizLhH7uw_jwi5WojY5Y7i7JILdDTgxvI3PqaPA\u0022",
        "Last-Modified": "Wed, 05 Apr 2023 02:25:44 GMT",
        "Server": "openresty/1.21.4.1",
        "Strict-Transport-Security": "max-age=15724800; includeSubDomains",
        "Sync-Token": "zAJw6V16=MjoyMCM0MjgxNjIx;sn=4281621",
        "Transfer-Encoding": "chunked",
        "x-ms-client-request-id": "d387962d-1e05-42f0-b028-54d22ed3dc22",
        "x-ms-correlation-request-id": "3a334581-9a19-4252-9687-a13077d0b072",
        "x-ms-request-id": "3a334581-9a19-4252-9687-a13077d0b072"
      },
      "ResponseBody": {
        "etag": "5JaQqizLhH7uw_jwi5WojY5Y7i7JILdDTgxvI3PqaPA",
        "key": "key92554",
        "label": "76654f9d",
        "content_type": null,
        "value": "myValue49",
        "tags": {},
        "locked": false,
        "last_modified": "2023-04-05T02:25:44\u002B00:00"
      }
    }
  ],
  "Variables": {
    "0": "key92554",
    "1": "76654f9d"
  }
}
