{
  "Entries": [
    {
      "RequestUri": "https://REDACTED/secrets/60e262079a4a4779b527?api-version=7.4",
      "RequestMethod": "PUT",
      "RequestHeaders": {
        "Accept": "*/*",
        "Accept-Language": "en-US",
        "Content-Length": "0",
        "Content-Type": "application/json",
        "User-Agent": "azsdk-java-client_name/client_version (11.0.6; Windows 10; 10.0)"
      },
      "RequestBody": null,
      "StatusCode": 401,
      "ResponseHeaders": {
        "Cache-Control": "no-cache",
        "Content-Length": "97",
        "Content-Type": "application/json; charset=utf-8",
        "Date": "Tue, 04 Apr 2023 00:03:57 GMT",
        "Expires": "-1",
        "Pragma": "no-cache",
        "Strict-Transport-Security": "max-age=31536000;includeSubDomains",
        "WWW-Authenticate": "Bearer authorization=\u0022https://login.windows.net/72f988bf-86f1-41af-91ab-2d7cd011db47\u0022, resource=\u0022https://vault.azure.net\u0022",
        "X-Content-Type-Options": "nosniff",
        "x-ms-keyvault-network-info": "conn_type=Ipv4;addr=172.92.148.195;act_addr_fam=InterNetwork;",
        "x-ms-keyvault-region": "westus",
        "x-ms-keyvault-service-version": "1.9.749.1",
        "x-ms-request-id": "0ee92bd4-f9e6-46a5-8ab7-49450b17c786"
      },
      "ResponseBody": {
        "error": {
          "code": "Unauthorized",
          "message": "AKV10000: Request is missing a Bearer or PoP token."
        }
      }
    },
    {
      "RequestUri": "https://REDACTED/secrets/60e262079a4a4779b527?api-version=7.4",
      "RequestMethod": "DELETE",
      "RequestHeaders": {
        "Accept": "*/*",
        "Accept-Language": "en-US",
        "Authorization": "Sanitized",
        "Content-Length": "0",
        "Content-Type": "application/json",
        "User-Agent": "azsdk-java-client_name/client_version (11.0.6; Windows 10; 10.0)"
      },
      "RequestBody": null,
      "StatusCode": 200,
      "ResponseHeaders": {
        "Cache-Control": "no-cache",
        "Content-Length": "417",
        "Content-Type": "application/json; charset=utf-8",
        "Date": "Tue, 04 Apr 2023 00:03:58 GMT",
        "Expires": "-1",
        "Pragma": "no-cache",
        "Strict-Transport-Security": "max-age=31536000;includeSubDomains",
        "X-Content-Type-Options": "nosniff",
        "x-ms-keyvault-network-info": "conn_type=Ipv4;addr=172.92.148.195;act_addr_fam=InterNetwork;",
        "x-ms-keyvault-region": "westus",
        "x-ms-keyvault-service-version": "1.9.749.1",
        "x-ms-request-id": "f10c1ade-44c7-41e3-a2a0-61d895d9c7f7"
      },
      "ResponseBody": {
        "recoveryId": "https://azkvrecordtests.vault.azure.net/deletedsecrets/60e262079a4a4779b527",
        "deletedDate": 1680566638,
        "scheduledPurgeDate": 1681171438,
        "id": "https://azkvrecordtests.vault.azure.net/secrets/60e262079a4a4779b527/f42da4d41ed1421e85b8b00318706ffe",
        "attributes": {
          "enabled": true,
          "exp": 2537049600,
          "created": 1680566638,
          "updated": 1680566638,
          "recoveryLevel": "CustomizedRecoverable\u002BPurgeable",
          "recoverableDays": 7
        }
      }
    },
    {
      "RequestUri": "https://REDACTED/deletedsecrets/60e262079a4a4779b527?api-version=7.4",
      "RequestMethod": "GET",
      "RequestHeaders": {
        "Accept": "*/*",
        "Accept-Language": "en-US",
        "Authorization": "Sanitized",
        "Content-Length": "0",
        "Content-Type": "application/json",
        "User-Agent": "azsdk-java-client_name/client_version (11.0.6; Windows 10; 10.0)"
      },
      "RequestBody": null,
      "StatusCode": 404,
      "ResponseHeaders": {
        "Cache-Control": "no-cache",
        "Content-Length": "94",
        "Content-Type": "application/json; charset=utf-8",
        "Date": "Tue, 04 Apr 2023 00:03:58 GMT",
        "Expires": "-1",
        "Pragma": "no-cache",
        "Strict-Transport-Security": "max-age=31536000;includeSubDomains",
        "X-Content-Type-Options": "nosniff",
        "x-ms-keyvault-network-info": "conn_type=Ipv4;addr=172.92.148.195;act_addr_fam=InterNetwork;",
        "x-ms-keyvault-region": "westus",
        "x-ms-keyvault-service-version": "1.9.749.1",
        "x-ms-request-id": "dcd28aa5-8d00-4e0b-90fd-d0f7e43a5784"
      },
      "ResponseBody": {
        "error": {
          "code": "SecretNotFound",
          "message": "Deleted Secret not found: 60e262079a4a4779b527"
        }
      }
    },
    {
      "RequestUri": "https://REDACTED/deletedsecrets/60e262079a4a4779b527?api-version=7.4",
      "RequestMethod": "GET",
      "RequestHeaders": {
        "Accept": "*/*",
        "Accept-Language": "en-US",
        "Authorization": "Sanitized",
        "Content-Length": "0",
        "Content-Type": "application/json",
        "User-Agent": "azsdk-java-client_name/client_version (11.0.6; Windows 10; 10.0)"
      },
      "RequestBody": null,
      "StatusCode": 404,
      "ResponseHeaders": {
        "Cache-Control": "no-cache",
        "Content-Length": "94",
        "Content-Type": "application/json; charset=utf-8",
        "Date": "Tue, 04 Apr 2023 00:03:59 GMT",
        "Expires": "-1",
        "Pragma": "no-cache",
        "Strict-Transport-Security": "max-age=31536000;includeSubDomains",
        "X-Content-Type-Options": "nosniff",
        "x-ms-keyvault-network-info": "conn_type=Ipv4;addr=172.92.148.195;act_addr_fam=InterNetwork;",
        "x-ms-keyvault-region": "westus",
        "x-ms-keyvault-service-version": "1.9.749.1",
        "x-ms-request-id": "904eb2cd-5668-41e7-a683-f189b101357c"
      },
      "ResponseBody": {
        "error": {
          "code": "SecretNotFound",
          "message": "Deleted Secret not found: 60e262079a4a4779b527"
        }
      }
    },
    {
      "RequestUri": "https://REDACTED/deletedsecrets/60e262079a4a4779b527?api-version=7.4",
      "RequestMethod": "GET",
      "RequestHeaders": {
        "Accept": "*/*",
        "Accept-Language": "en-US",
        "Authorization": "Sanitized",
        "Content-Length": "0",
        "Content-Type": "application/json",
        "User-Agent": "azsdk-java-client_name/client_version (11.0.6; Windows 10; 10.0)"
      },
      "RequestBody": null,
      "StatusCode": 200,
      "ResponseHeaders": {
        "Cache-Control": "no-cache",
        "Content-Length": "417",
        "Content-Type": "application/json; charset=utf-8",
        "Date": "Tue, 04 Apr 2023 00:04:00 GMT",
        "Expires": "-1",
        "Pragma": "no-cache",
        "Strict-Transport-Security": "max-age=31536000;includeSubDomains",
        "X-Content-Type-Options": "nosniff",
        "x-ms-keyvault-network-info": "conn_type=Ipv4;addr=172.92.148.195;act_addr_fam=InterNetwork;",
        "x-ms-keyvault-region": "westus",
        "x-ms-keyvault-service-version": "1.9.749.1",
        "x-ms-request-id": "49904666-291c-4da9-8683-4198d67e6553"
      },
      "ResponseBody": {
        "recoveryId": "https://azkvrecordtests.vault.azure.net/deletedsecrets/60e262079a4a4779b527",
        "deletedDate": 1680566638,
        "scheduledPurgeDate": 1681171438,
        "id": "https://azkvrecordtests.vault.azure.net/secrets/60e262079a4a4779b527/f42da4d41ed1421e85b8b00318706ffe",
        "attributes": {
          "enabled": true,
          "exp": 2537049600,
          "created": 1680566638,
          "updated": 1680566638,
          "recoveryLevel": "CustomizedRecoverable\u002BPurgeable",
          "recoverableDays": 7
        }
      }
    }
  ],
  "Variables": {
    "0": "60e262079a4a4779b527"
  }
}
