{
  "Entries": [
    {
      "RequestUri": "https://REDACTED/secrets/listsecret33101b1?api-version=7.4",
      "RequestMethod": "PUT",
      "RequestHeaders": {
        "Accept": "*/*",
        "Accept-Language": "en-US",
        "Content-Length": "0",
        "Content-Type": "application/json",
        "User-Agent": "azsdk-java-client_name/client_version (11.0.6; Windows 10; 10.0)"
      },
      "RequestBody": null,
      "StatusCode": 401,
      "ResponseHeaders": {
        "Cache-Control": "no-cache",
        "Content-Length": "97",
        "Content-Type": "application/json; charset=utf-8",
        "Date": "Wed, 12 Apr 2023 02:48:52 GMT",
        "Expires": "-1",
        "Pragma": "no-cache",
        "Strict-Transport-Security": "max-age=31536000;includeSubDomains",
        "WWW-Authenticate": "Bearer authorization=\u0022https://login.windows.net/72f988bf-86f1-41af-91ab-2d7cd011db47\u0022, resource=\u0022https://vault.azure.net\u0022",
        "X-Content-Type-Options": "nosniff",
        "x-ms-keyvault-network-info": "conn_type=Ipv4;addr=172.92.148.195;act_addr_fam=InterNetwork;",
        "x-ms-keyvault-region": "westus",
        "x-ms-keyvault-service-version": "1.9.749.1",
        "x-ms-request-id": "1ec21dab-78f5-4ac0-8bdf-528e623f3a78"
      },
      "ResponseBody": {
        "error": {
          "code": "Unauthorized",
          "message": "AKV10000: Request is missing a Bearer or PoP token."
        }
      }
    },
    {
      "RequestUri": "https://REDACTED/secrets/listsecret33101b1?api-version=7.4",
      "RequestMethod": "PUT",
      "RequestHeaders": {
        "Accept": "*/*",
        "Accept-Language": "en-US",
        "Authorization": "Sanitized",
        "Content-Length": "58",
        "Content-Type": "application/json",
        "User-Agent": "azsdk-java-client_name/client_version (11.0.6; Windows 10; 10.0)"
      },
      "RequestBody": {
        "value": "listSecretVal0",
        "attributes": {
          "exp": 2537049600
        }
      },
      "StatusCode": 200,
      "ResponseHeaders": {
        "Cache-Control": "no-cache",
        "Content-Length": "291",
        "Content-Type": "application/json; charset=utf-8",
        "Date": "Wed, 12 Apr 2023 02:48:53 GMT",
        "Expires": "-1",
        "Pragma": "no-cache",
        "Strict-Transport-Security": "max-age=31536000;includeSubDomains",
        "X-Content-Type-Options": "nosniff",
        "x-ms-keyvault-network-info": "conn_type=Ipv4;addr=172.92.148.195;act_addr_fam=InterNetwork;",
        "x-ms-keyvault-region": "westus",
        "x-ms-keyvault-service-version": "1.9.749.1",
        "x-ms-request-id": "e085db3c-0a78-406e-b8ac-badfdb8721c1"
      },
      "ResponseBody": {
        "value": "listSecretVal0",
        "id": "https://azkvrecordtests.vault.azure.net/secrets/listsecret33101b1/087ad184eb5849b09bb75ea1f40bb65e",
        "attributes": {
          "enabled": true,
          "exp": 2537049600,
          "created": 1681267734,
          "updated": 1681267734,
          "recoveryLevel": "CustomizedRecoverable\u002BPurgeable",
          "recoverableDays": 7
        }
      }
    },
    {
      "RequestUri": "https://REDACTED/secrets/listsecret75176c9?api-version=7.4",
      "RequestMethod": "PUT",
      "RequestHeaders": {
        "Accept": "*/*",
        "Accept-Language": "en-US",
        "Authorization": "Sanitized",
        "Content-Length": "58",
        "Content-Type": "application/json",
        "User-Agent": "azsdk-java-client_name/client_version (11.0.6; Windows 10; 10.0)"
      },
      "RequestBody": {
        "value": "listSecretVal1",
        "attributes": {
          "exp": 2537049600
        }
      },
      "StatusCode": 200,
      "ResponseHeaders": {
        "Cache-Control": "no-cache",
        "Content-Length": "291",
        "Content-Type": "application/json; charset=utf-8",
        "Date": "Wed, 12 Apr 2023 02:48:53 GMT",
        "Expires": "-1",
        "Pragma": "no-cache",
        "Strict-Transport-Security": "max-age=31536000;includeSubDomains",
        "X-Content-Type-Options": "nosniff",
        "x-ms-keyvault-network-info": "conn_type=Ipv4;addr=172.92.148.195;act_addr_fam=InterNetwork;",
        "x-ms-keyvault-region": "westus",
        "x-ms-keyvault-service-version": "1.9.749.1",
        "x-ms-request-id": "c375d836-3250-4576-b83d-b1ed5b056846"
      },
      "ResponseBody": {
        "value": "listSecretVal1",
        "id": "https://azkvrecordtests.vault.azure.net/secrets/listsecret75176c9/1691cab8cdd440b88538bfcebaf07e1e",
        "attributes": {
          "enabled": true,
          "exp": 2537049600,
          "created": 1681267734,
          "updated": 1681267734,
          "recoveryLevel": "CustomizedRecoverable\u002BPurgeable",
          "recoverableDays": 7
        }
      }
    },
    {
      "RequestUri": "https://REDACTED/secrets?maxresults=25\u0026api-version=7.4",
      "RequestMethod": "GET",
      "RequestHeaders": {
        "Accept": "*/*",
        "Accept-Language": "en-US",
        "Authorization": "Sanitized",
        "Content-Length": "0",
        "Content-Type": "application/json",
        "User-Agent": "azsdk-java-client_name/client_version (11.0.6; Windows 10; 10.0)"
      },
      "RequestBody": null,
      "StatusCode": 200,
      "ResponseHeaders": {
        "Cache-Control": "no-cache",
        "Content-Length": "5459",
        "Content-Type": "application/json; charset=utf-8",
        "Date": "Wed, 12 Apr 2023 02:49:03 GMT",
        "Expires": "-1",
        "Pragma": "no-cache",
        "Strict-Transport-Security": "max-age=31536000;includeSubDomains",
        "X-Content-Type-Options": "nosniff",
        "x-ms-keyvault-network-info": "conn_type=Ipv4;addr=172.92.148.195;act_addr_fam=InterNetwork;",
        "x-ms-keyvault-region": "westus",
        "x-ms-keyvault-service-version": "1.9.749.1",
        "x-ms-request-id": "7597e805-4941-46bf-9f21-241538c490c0"
      },
      "ResponseBody": {
        "value": [
          {
            "id": "https://azkvrecordtests.vault.azure.net/secrets/2cf31612958e4cf0878f",
            "attributes": {
              "enabled": true,
              "exp": 2852668800,
              "created": 1681267734,
              "updated": 1681267734,
              "recoveryLevel": "CustomizedRecoverable\u002BPurgeable",
              "recoverableDays": 7
            },
            "tags": {
              "second tag": "second value",
              "first tag": "first value"
            }
          },
          {
            "id": "https://azkvrecordtests.vault.azure.net/secrets/37479b25348843799e32",
            "attributes": {
              "enabled": true,
              "exp": 3799353600,
              "created": 1681267734,
              "updated": 1681267734,
              "recoveryLevel": "CustomizedRecoverable\u002BPurgeable",
              "recoverableDays": 7
            }
          },
          {
            "id": "https://azkvrecordtests.vault.azure.net/secrets/4c6e3c44e0584bd8b10d",
            "attributes": {
              "enabled": true,
              "exp": 3797539200,
              "created": 1681267734,
              "updated": 1681267734,
              "recoveryLevel": "CustomizedRecoverable\u002BPurgeable",
              "recoverableDays": 7
            }
          },
          {
            "id": "https://azkvrecordtests.vault.azure.net/secrets/6d57762bfcfe4f919719",
            "attributes": {
              "enabled": true,
              "exp": 2852668800,
              "created": 1681267734,
              "updated": 1681267734,
              "recoveryLevel": "CustomizedRecoverable\u002BPurgeable",
              "recoverableDays": 7
            },
            "tags": {
              "second tag": "second value",
              "first tag": "first value"
            }
          },
          {
            "id": "https://azkvrecordtests.vault.azure.net/secrets/70e66709020c4163afd0",
            "attributes": {
              "enabled": true,
              "exp": 3797539200,
              "created": 1681267734,
              "updated": 1681267734,
              "recoveryLevel": "CustomizedRecoverable\u002BPurgeable",
              "recoverableDays": 7
            }
          },
          {
            "id": "https://azkvrecordtests.vault.azure.net/secrets/9b060325716346f4b897",
            "attributes": {
              "enabled": true,
              "exp": 3799353600,
              "created": 1681267734,
              "updated": 1681267734,
              "recoveryLevel": "CustomizedRecoverable\u002BPurgeable",
              "recoverableDays": 7
            }
          },
          {
            "id": "https://azkvrecordtests.vault.azure.net/secrets/a6751e493ee544259da1",
            "attributes": {
              "enabled": true,
              "exp": 2852668800,
              "created": 1681267734,
              "updated": 1681267734,
              "recoveryLevel": "CustomizedRecoverable\u002BPurgeable",
              "recoverableDays": 7
            }
          },
          {
            "id": "https://azkvrecordtests.vault.azure.net/secrets/af052f73b6a74bd8ad36",
            "attributes": {
              "enabled": true,
              "exp": 2852668800,
              "created": 1681267734,
              "updated": 1681267734,
              "recoveryLevel": "CustomizedRecoverable\u002BPurgeable",
              "recoverableDays": 7
            }
          },
          {
            "id": "https://azkvrecordtests.vault.azure.net/secrets/db7b6ca68ebe4f1291ab",
            "attributes": {
              "enabled": true,
              "exp": 3799353600,
              "created": 1681267734,
              "updated": 1681267734,
              "recoveryLevel": "CustomizedRecoverable\u002BPurgeable",
              "recoverableDays": 7
            }
          },
          {
            "id": "https://azkvrecordtests.vault.azure.net/secrets/javasecrettemp03197",
            "attributes": {
              "enabled": true,
              "created": 1681267734,
              "updated": 1681267734,
              "recoveryLevel": "CustomizedRecoverable\u002BPurgeable",
              "recoverableDays": 7
            }
          },
          {
            "contentType": "text",
            "id": "https://azkvrecordtests.vault.azure.net/secrets/javasecrettemp13611",
            "attributes": {
              "enabled": true,
              "nbf": 949237199,
              "exp": 2527113600,
              "created": 1681267734,
              "updated": 1681267734,
              "recoveryLevel": "CustomizedRecoverable\u002BPurgeable",
              "recoverableDays": 7
            },
            "tags": {
              "foo": "baz"
            }
          },
          {
            "contentType": "text",
            "id": "https://azkvrecordtests.vault.azure.net/secrets/javasecrettemp29629",
            "attributes": {
              "enabled": true,
              "nbf": 949237199,
              "exp": 2527113600,
              "created": 1681267734,
              "updated": 1681267734,
              "recoveryLevel": "CustomizedRecoverable\u002BPurgeable",
              "recoverableDays": 7
            },
            "tags": {
              "foo": "baz"
            }
          },
          {
            "contentType": "text",
            "id": "https://azkvrecordtests.vault.azure.net/secrets/javasecrettemp33572",
            "attributes": {
              "enabled": true,
              "nbf": 949237199,
              "exp": 2527113600,
              "created": 1681267734,
              "updated": 1681267734,
              "recoveryLevel": "CustomizedRecoverable\u002BPurgeable",
              "recoverableDays": 7
            },
            "tags": {
              "foo": "baz"
            }
          },
          {
            "contentType": "text",
            "id": "https://azkvrecordtests.vault.azure.net/secrets/javasecrettemp41437",
            "attributes": {
              "enabled": true,
              "nbf": 949237199,
              "exp": 2527113600,
              "created": 1681267734,
              "updated": 1681267734,
              "recoveryLevel": "CustomizedRecoverable\u002BPurgeable",
              "recoverableDays": 7
            },
            "tags": {
              "foo": "baz"
            }
          },
          {
            "contentType": "text",
            "id": "https://azkvrecordtests.vault.azure.net/secrets/javasecrettemp43964",
            "attributes": {
              "enabled": true,
              "nbf": 949237199,
              "exp": 2527113600,
              "created": 1681267735,
              "updated": 1681267735,
              "recoveryLevel": "CustomizedRecoverable\u002BPurgeable",
              "recoverableDays": 7
            },
            "tags": {
              "foo": "baz"
            }
          },
          {
            "contentType": "text",
            "id": "https://azkvrecordtests.vault.azure.net/secrets/javasecrettemp53529",
            "attributes": {
              "enabled": true,
              "nbf": 949237199,
              "exp": 2527113600,
              "created": 1681267734,
              "updated": 1681267734,
              "recoveryLevel": "CustomizedRecoverable\u002BPurgeable",
              "recoverableDays": 7
            },
            "tags": {
              "foo": "baz"
            }
          },
          {
            "id": "https://azkvrecordtests.vault.azure.net/secrets/javasecrettemp59406",
            "attributes": {
              "enabled": true,
              "created": 1681267734,
              "updated": 1681267734,
              "recoveryLevel": "CustomizedRecoverable\u002BPurgeable",
              "recoverableDays": 7
            }
          },
          {
            "id": "https://azkvrecordtests.vault.azure.net/secrets/listsecret33101b1",
            "attributes": {
              "enabled": true,
              "exp": 2537049600,
              "created": 1681267734,
              "updated": 1681267734,
              "recoveryLevel": "CustomizedRecoverable\u002BPurgeable",
              "recoverableDays": 7
            }
          },
          {
            "id": "https://azkvrecordtests.vault.azure.net/secrets/listsecret695835b",
            "attributes": {
              "enabled": true,
              "exp": 2537049600,
              "created": 1681267734,
              "updated": 1681267734,
              "recoveryLevel": "CustomizedRecoverable\u002BPurgeable",
              "recoverableDays": 7
            }
          },
          {
            "id": "https://azkvrecordtests.vault.azure.net/secrets/listsecret75176c9",
            "attributes": {
              "enabled": true,
              "exp": 2537049600,
              "created": 1681267734,
              "updated": 1681267734,
              "recoveryLevel": "CustomizedRecoverable\u002BPurgeable",
              "recoverableDays": 7
            }
          }
        ],
        "nextLink": "https://azkvrecordtests.vault.azure.net:443/secrets?api-version=7.4\u0026$skiptoken=eyJOZXh0TWFya2VyIjoiMiE5MiFNREF3TURJMElYTmxZM0psZEM5TVNWTlVVMFZEVWtWVU9UY3pPVFV6T0NFd01EQXdNamdoT1RrNU9TMHhNaTB6TVZReU16bzFPVG8xT1M0NU9UazVPVGs1V2lFLSIsIlRhcmdldExvY2F0aW9uIjowfQ\u0026maxresults=25"
      }
    },
    {
      "RequestUri": "https://REDACTED/secrets?api-version=7.4\u0026$skiptoken=eyJOZXh0TWFya2VyIjoiMiE5MiFNREF3TURJMElYTmxZM0psZEM5TVNWTlVVMFZEVWtWVU9UY3pPVFV6T0NFd01EQXdNamdoT1RrNU9TMHhNaTB6TVZReU16bzFPVG8xT1M0NU9UazVPVGs1V2lFLSIsIlRhcmdldExvY2F0aW9uIjowfQ\u0026maxresults=25",
      "RequestMethod": "GET",
      "RequestHeaders": {
        "Accept": "*/*",
        "Accept-Language": "en-US",
        "Authorization": "Sanitized",
        "Content-Length": "0",
        "Content-Type": "application/json",
        "User-Agent": "azsdk-java-client_name/client_version (11.0.6; Windows 10; 10.0)"
      },
      "RequestBody": null,
      "StatusCode": 200,
      "ResponseHeaders": {
        "Cache-Control": "no-cache",
        "Content-Length": "2496",
        "Content-Type": "application/json; charset=utf-8",
        "Date": "Wed, 12 Apr 2023 02:49:03 GMT",
        "Expires": "-1",
        "Pragma": "no-cache",
        "Strict-Transport-Security": "max-age=31536000;includeSubDomains",
        "X-Content-Type-Options": "nosniff",
        "x-ms-keyvault-network-info": "conn_type=Ipv4;addr=172.92.148.195;act_addr_fam=InterNetwork;",
        "x-ms-keyvault-region": "westus",
        "x-ms-keyvault-service-version": "1.9.749.1",
        "x-ms-request-id": "dfed8b87-3a09-4d0e-9989-a592a954f7a2"
      },
      "ResponseBody": {
        "value": [
          {
            "id": "https://azkvrecordtests.vault.azure.net/secrets/listsecret9739538",
            "attributes": {
              "enabled": true,
              "exp": 2537049600,
              "created": 1681267734,
              "updated": 1681267734,
              "recoveryLevel": "CustomizedRecoverable\u002BPurgeable",
              "recoverableDays": 7
            }
          },
          {
            "contentType": "application/x-pkcs12",
            "id": "https://azkvrecordtests.vault.azure.net/secrets/myalias",
            "managed": true,
            "attributes": {
              "enabled": true,
              "nbf": 1681262971,
              "exp": 1712885971,
              "created": 1681263571,
              "updated": 1681263571,
              "recoveryLevel": "CustomizedRecoverable\u002BPurgeable",
              "recoverableDays": 7
            }
          },
          {
            "id": "https://azkvrecordtests.vault.azure.net/secrets/testsecretget28163e",
            "attributes": {
              "enabled": true,
              "exp": 2537049600,
              "created": 1681267735,
              "updated": 1681267735,
              "recoveryLevel": "CustomizedRecoverable\u002BPurgeable",
              "recoverableDays": 7
            }
          },
          {
            "id": "https://azkvrecordtests.vault.azure.net/secrets/testsecretget92942d",
            "attributes": {
              "enabled": true,
              "exp": 2537049600,
              "created": 1681267734,
              "updated": 1681267734,
              "recoveryLevel": "CustomizedRecoverable\u002BPurgeable",
              "recoverableDays": 7
            }
          },
          {
            "id": "https://azkvrecordtests.vault.azure.net/secrets/testsecretgetversion6928176",
            "attributes": {
              "enabled": true,
              "exp": 2537049600,
              "created": 1681267734,
              "updated": 1681267734,
              "recoveryLevel": "CustomizedRecoverable\u002BPurgeable",
              "recoverableDays": 7
            }
          },
          {
            "id": "https://azkvrecordtests.vault.azure.net/secrets/testsecretgetversion96622fc",
            "attributes": {
              "enabled": true,
              "exp": 2537049600,
              "created": 1681267734,
              "updated": 1681267734,
              "recoveryLevel": "CustomizedRecoverable\u002BPurgeable",
              "recoverableDays": 7
            }
          },
          {
            "id": "https://azkvrecordtests.vault.azure.net/secrets/testsecretrecover06114c",
            "attributes": {
              "enabled": true,
              "exp": 2537049600,
              "created": 1681267735,
              "updated": 1681267735,
              "recoveryLevel": "CustomizedRecoverable\u002BPurgeable",
              "recoverableDays": 7
            }
          },
          {
            "id": "https://azkvrecordtests.vault.azure.net/secrets/testsecretrecover308559",
            "attributes": {
              "enabled": true,
              "exp": 2537049600,
              "created": 1681267735,
              "updated": 1681267735,
              "recoveryLevel": "CustomizedRecoverable\u002BPurgeable",
              "recoverableDays": 7
            }
          },
          {
            "id": "https://azkvrecordtests.vault.azure.net/secrets/testupdateofdisabledsecret80533ef",
            "attributes": {
              "enabled": false,
              "exp": 2537049600,
              "created": 1681267734,
              "updated": 1681267734,
              "recoveryLevel": "CustomizedRecoverable\u002BPurgeable",
              "recoverableDays": 7
            }
          },
          {
            "id": "https://azkvrecordtests.vault.azure.net/secrets/testupdateofdisabledsecret9466440",
            "attributes": {
              "enabled": false,
              "exp": 2537049600,
              "created": 1681267734,
              "updated": 1681267734,
              "recoveryLevel": "CustomizedRecoverable\u002BPurgeable",
              "recoverableDays": 7
            }
          }
        ],
        "nextLink": null
      }
    }
  ],
  "Variables": {
    "0": "listsecret33101b1",
    "1": "listsecret75176c9"
  }
}
