{
  "Entries": [
    {
      "RequestUri": "https://REDACTED/secrets/deb2a2157bf14392bf4f?api-version=7.4",
      "RequestMethod": "PUT",
      "RequestHeaders": {
        "Accept": "*/*",
        "Accept-Language": "en-US",
        "Content-Length": "0",
        "Content-Type": "application/json",
        "User-Agent": "azsdk-java-client_name/client_version (11.0.6; Windows 10; 10.0)"
      },
      "RequestBody": null,
      "StatusCode": 401,
      "ResponseHeaders": {
        "Cache-Control": "no-cache",
        "Content-Length": "97",
        "Content-Type": "application/json; charset=utf-8",
        "Date": "Tue, 04 Apr 2023 00:03:57 GMT",
        "Expires": "-1",
        "Pragma": "no-cache",
        "Strict-Transport-Security": "max-age=31536000;includeSubDomains",
        "WWW-Authenticate": "Bearer authorization=\u0022https://login.windows.net/72f988bf-86f1-41af-91ab-2d7cd011db47\u0022, resource=\u0022https://vault.azure.net\u0022",
        "X-Content-Type-Options": "nosniff",
        "x-ms-keyvault-network-info": "conn_type=Ipv4;addr=172.92.148.195;act_addr_fam=InterNetwork;",
        "x-ms-keyvault-region": "westus",
        "x-ms-keyvault-service-version": "1.9.749.1",
        "x-ms-request-id": "7d0496bb-d2bc-412b-950c-870f5e7a1e83"
      },
      "ResponseBody": {
        "error": {
          "code": "Unauthorized",
          "message": "AKV10000: Request is missing a Bearer or PoP token."
        }
      }
    },
    {
      "RequestUri": "https://REDACTED/secrets/deb2a2157bf14392bf4f?api-version=7.4",
      "RequestMethod": "PUT",
      "RequestHeaders": {
        "Accept": "*/*",
        "Accept-Language": "en-US",
        "Authorization": "Sanitized",
        "Content-Length": "65",
        "Content-Type": "application/json",
        "User-Agent": "azsdk-java-client_name/client_version (11.0.6; Windows 10; 10.0)"
      },
      "RequestBody": {
        "value": "listSecretVersionVal2",
        "attributes": {
          "exp": 3797366400
        }
      },
      "StatusCode": 200,
      "ResponseHeaders": {
        "Cache-Control": "no-cache",
        "Content-Length": "301",
        "Content-Type": "application/json; charset=utf-8",
        "Date": "Tue, 04 Apr 2023 00:03:58 GMT",
        "Expires": "-1",
        "Pragma": "no-cache",
        "Strict-Transport-Security": "max-age=31536000;includeSubDomains",
        "X-Content-Type-Options": "nosniff",
        "x-ms-keyvault-network-info": "conn_type=Ipv4;addr=172.92.148.195;act_addr_fam=InterNetwork;",
        "x-ms-keyvault-region": "westus",
        "x-ms-keyvault-service-version": "1.9.749.1",
        "x-ms-request-id": "3f639a40-6c9a-4fa7-80b8-5d6f5df1c2b3"
      },
      "ResponseBody": {
        "value": "listSecretVersionVal2",
        "id": "https://azkvrecordtests.vault.azure.net/secrets/deb2a2157bf14392bf4f/32f899c9a089484a9165f81a2a3ef799",
        "attributes": {
          "enabled": true,
          "exp": 3797366400,
          "created": 1680566638,
          "updated": 1680566638,
          "recoveryLevel": "CustomizedRecoverable\u002BPurgeable",
          "recoverableDays": 7
        }
      }
    },
    {
      "RequestUri": "https://REDACTED/secrets/deb2a2157bf14392bf4f?api-version=7.4",
      "RequestMethod": "PUT",
      "RequestHeaders": {
        "Accept": "*/*",
        "Accept-Language": "en-US",
        "Authorization": "Sanitized",
        "Content-Length": "65",
        "Content-Type": "application/json",
        "User-Agent": "azsdk-java-client_name/client_version (11.0.6; Windows 10; 10.0)"
      },
      "RequestBody": {
        "value": "listSecretVersionVal3",
        "attributes": {
          "exp": 3797452800
        }
      },
      "StatusCode": 200,
      "ResponseHeaders": {
        "Cache-Control": "no-cache",
        "Content-Length": "301",
        "Content-Type": "application/json; charset=utf-8",
        "Date": "Tue, 04 Apr 2023 00:03:58 GMT",
        "Expires": "-1",
        "Pragma": "no-cache",
        "Strict-Transport-Security": "max-age=31536000;includeSubDomains",
        "X-Content-Type-Options": "nosniff",
        "x-ms-keyvault-network-info": "conn_type=Ipv4;addr=172.92.148.195;act_addr_fam=InterNetwork;",
        "x-ms-keyvault-region": "westus",
        "x-ms-keyvault-service-version": "1.9.749.1",
        "x-ms-request-id": "11fd3db4-e337-4fcd-8cab-ba7c29a50e9e"
      },
      "ResponseBody": {
        "value": "listSecretVersionVal3",
        "id": "https://azkvrecordtests.vault.azure.net/secrets/deb2a2157bf14392bf4f/c55bbba568c743d7b3ac9847023718dd",
        "attributes": {
          "enabled": true,
          "exp": 3797452800,
          "created": 1680566639,
          "updated": 1680566639,
          "recoveryLevel": "CustomizedRecoverable\u002BPurgeable",
          "recoverableDays": 7
        }
      }
    },
    {
      "RequestUri": "https://REDACTED/secrets/deb2a2157bf14392bf4f?api-version=7.4",
      "RequestMethod": "PUT",
      "RequestHeaders": {
        "Accept": "*/*",
        "Accept-Language": "en-US",
        "Authorization": "Sanitized",
        "Content-Length": "65",
        "Content-Type": "application/json",
        "User-Agent": "azsdk-java-client_name/client_version (11.0.6; Windows 10; 10.0)"
      },
      "RequestBody": {
        "value": "listSecretVersionVal4",
        "attributes": {
          "exp": 3797539200
        }
      },
      "StatusCode": 200,
      "ResponseHeaders": {
        "Cache-Control": "no-cache",
        "Content-Length": "301",
        "Content-Type": "application/json; charset=utf-8",
        "Date": "Tue, 04 Apr 2023 00:03:58 GMT",
        "Expires": "-1",
        "Pragma": "no-cache",
        "Strict-Transport-Security": "max-age=31536000;includeSubDomains",
        "X-Content-Type-Options": "nosniff",
        "x-ms-keyvault-network-info": "conn_type=Ipv4;addr=172.92.148.195;act_addr_fam=InterNetwork;",
        "x-ms-keyvault-region": "westus",
        "x-ms-keyvault-service-version": "1.9.749.1",
        "x-ms-request-id": "6f547e61-33e9-4124-ba08-186ebcc2a1d9"
      },
      "ResponseBody": {
        "value": "listSecretVersionVal4",
        "id": "https://azkvrecordtests.vault.azure.net/secrets/deb2a2157bf14392bf4f/6fe472a8c78c4404bef454c05b48ed3d",
        "attributes": {
          "enabled": true,
          "exp": 3797539200,
          "created": 1680566639,
          "updated": 1680566639,
          "recoveryLevel": "CustomizedRecoverable\u002BPurgeable",
          "recoverableDays": 7
        }
      }
    },
    {
      "RequestUri": "https://REDACTED/secrets/deb2a2157bf14392bf4f/versions?maxresults=25\u0026api-version=7.4",
      "RequestMethod": "GET",
      "RequestHeaders": {
        "Accept": "*/*",
        "Accept-Language": "en-US",
        "Authorization": "Sanitized",
        "Content-Length": "0",
        "Content-Type": "application/json",
        "User-Agent": "azsdk-java-client_name/client_version (11.0.6; Windows 10; 10.0)"
      },
      "RequestBody": null,
      "StatusCode": 200,
      "ResponseHeaders": {
        "Cache-Control": "no-cache",
        "Content-Length": "1107",
        "Content-Type": "application/json; charset=utf-8",
        "Date": "Tue, 04 Apr 2023 00:03:58 GMT",
        "Expires": "-1",
        "Pragma": "no-cache",
        "Strict-Transport-Security": "max-age=31536000;includeSubDomains",
        "X-Content-Type-Options": "nosniff",
        "x-ms-keyvault-network-info": "conn_type=Ipv4;addr=172.92.148.195;act_addr_fam=InterNetwork;",
        "x-ms-keyvault-region": "westus",
        "x-ms-keyvault-service-version": "1.9.749.1",
        "x-ms-request-id": "724d63c4-dad4-4d45-b926-88c30831406a"
      },
      "ResponseBody": {
        "value": [
          {
            "id": "https://azkvrecordtests.vault.azure.net/secrets/deb2a2157bf14392bf4f/32f899c9a089484a9165f81a2a3ef799",
            "attributes": {
              "enabled": true,
              "exp": 3797366400,
              "created": 1680566638,
              "updated": 1680566638,
              "recoveryLevel": "CustomizedRecoverable\u002BPurgeable",
              "recoverableDays": 7
            }
          },
          {
            "id": "https://azkvrecordtests.vault.azure.net/secrets/deb2a2157bf14392bf4f/5ccdcc98c7784769915b692459c1238d",
            "attributes": {
              "enabled": true,
              "exp": 3797280000,
              "created": 1680566638,
              "updated": 1680566638,
              "recoveryLevel": "CustomizedRecoverable\u002BPurgeable",
              "recoverableDays": 7
            }
          },
          {
            "id": "https://azkvrecordtests.vault.azure.net/secrets/deb2a2157bf14392bf4f/6fe472a8c78c4404bef454c05b48ed3d",
            "attributes": {
              "enabled": true,
              "exp": 3797539200,
              "created": 1680566639,
              "updated": 1680566639,
              "recoveryLevel": "CustomizedRecoverable\u002BPurgeable",
              "recoverableDays": 7
            }
          },
          {
            "id": "https://azkvrecordtests.vault.azure.net/secrets/deb2a2157bf14392bf4f/c55bbba568c743d7b3ac9847023718dd",
            "attributes": {
              "enabled": true,
              "exp": 3797452800,
              "created": 1680566639,
              "updated": 1680566639,
              "recoveryLevel": "CustomizedRecoverable\u002BPurgeable",
              "recoverableDays": 7
            }
          }
        ],
        "nextLink": null
      }
    }
  ],
  "Variables": {
    "0": "deb2a2157bf14392bf4f"
  }
}
