{
  "Entries": [
    {
      "RequestUri": "https://REDACTED/secrets/02d3a234b05b4ca8a1a5?api-version=7.4",
      "RequestMethod": "PUT",
      "RequestHeaders": {
        "Accept": "*/*",
        "Accept-Language": "en-US",
        "Content-Length": "0",
        "Content-Type": "application/json",
        "User-Agent": "azsdk-java-client_name/client_version (11.0.6; Windows 10; 10.0)"
      },
      "RequestBody": null,
      "StatusCode": 401,
      "ResponseHeaders": {
        "Cache-Control": "no-cache",
        "Content-Length": "97",
        "Content-Type": "application/json; charset=utf-8",
        "Date": "Tue, 04 Apr 2023 00:12:20 GMT",
        "Expires": "-1",
        "Pragma": "no-cache",
        "Strict-Transport-Security": "max-age=31536000;includeSubDomains",
        "WWW-Authenticate": "Bearer authorization=\u0022https://login.windows.net/72f988bf-86f1-41af-91ab-2d7cd011db47\u0022, resource=\u0022https://vault.azure.net\u0022",
        "X-Content-Type-Options": "nosniff",
        "x-ms-keyvault-network-info": "conn_type=Ipv4;addr=172.92.148.195;act_addr_fam=InterNetwork;",
        "x-ms-keyvault-region": "westus",
        "x-ms-keyvault-service-version": "1.9.749.1",
        "x-ms-request-id": "c659b615-22ba-4158-88ec-959a0ce27846"
      },
      "ResponseBody": {
        "error": {
          "code": "Unauthorized",
          "message": "AKV10000: Request is missing a Bearer or PoP token."
        }
      }
    },
    {
      "RequestUri": "https://REDACTED/secrets/02d3a234b05b4ca8a1a5?api-version=7.4",
      "RequestMethod": "PUT",
      "RequestHeaders": {
        "Accept": "*/*",
        "Accept-Language": "en-US",
        "Authorization": "Sanitized",
        "Content-Length": "65",
        "Content-Type": "application/json",
        "User-Agent": "azsdk-java-client_name/client_version (11.0.6; Windows 10; 10.0)"
      },
      "RequestBody": {
        "value": "listSecretVersionVal3",
        "attributes": {
          "exp": 3797452800
        }
      },
      "StatusCode": 200,
      "ResponseHeaders": {
        "Cache-Control": "no-cache",
        "Content-Length": "301",
        "Content-Type": "application/json; charset=utf-8",
        "Date": "Tue, 04 Apr 2023 00:12:23 GMT",
        "Expires": "-1",
        "Pragma": "no-cache",
        "Strict-Transport-Security": "max-age=31536000;includeSubDomains",
        "X-Content-Type-Options": "nosniff",
        "x-ms-keyvault-network-info": "conn_type=Ipv4;addr=172.92.148.195;act_addr_fam=InterNetwork;",
        "x-ms-keyvault-region": "westus",
        "x-ms-keyvault-service-version": "1.9.749.1",
        "x-ms-request-id": "7114bafd-9961-4dea-88c1-a3d88bd5f325"
      },
      "ResponseBody": {
        "value": "listSecretVersionVal3",
        "id": "https://azkvrecordtests.vault.azure.net/secrets/02d3a234b05b4ca8a1a5/6f8182205ac34533b3fce536ae67cf30",
        "attributes": {
          "enabled": true,
          "exp": 3797452800,
          "created": 1680567143,
          "updated": 1680567143,
          "recoveryLevel": "CustomizedRecoverable\u002BPurgeable",
          "recoverableDays": 7
        }
      }
    },
    {
      "RequestUri": "https://REDACTED/secrets/02d3a234b05b4ca8a1a5?api-version=7.4",
      "RequestMethod": "PUT",
      "RequestHeaders": {
        "Accept": "*/*",
        "Accept-Language": "en-US",
        "Authorization": "Sanitized",
        "Content-Length": "65",
        "Content-Type": "application/json",
        "User-Agent": "azsdk-java-client_name/client_version (11.0.6; Windows 10; 10.0)"
      },
      "RequestBody": {
        "value": "listSecretVersionVal4",
        "attributes": {
          "exp": 3797539200
        }
      },
      "StatusCode": 200,
      "ResponseHeaders": {
        "Cache-Control": "no-cache",
        "Content-Length": "301",
        "Content-Type": "application/json; charset=utf-8",
        "Date": "Tue, 04 Apr 2023 00:12:23 GMT",
        "Expires": "-1",
        "Pragma": "no-cache",
        "Strict-Transport-Security": "max-age=31536000;includeSubDomains",
        "X-Content-Type-Options": "nosniff",
        "x-ms-keyvault-network-info": "conn_type=Ipv4;addr=172.92.148.195;act_addr_fam=InterNetwork;",
        "x-ms-keyvault-region": "westus",
        "x-ms-keyvault-service-version": "1.9.749.1",
        "x-ms-request-id": "7b448463-04d7-418e-8f6a-95d02f51dbbd"
      },
      "ResponseBody": {
        "value": "listSecretVersionVal4",
        "id": "https://azkvrecordtests.vault.azure.net/secrets/02d3a234b05b4ca8a1a5/ca6ac0a4704843778a17dc9006a09a29",
        "attributes": {
          "enabled": true,
          "exp": 3797539200,
          "created": 1680567143,
          "updated": 1680567143,
          "recoveryLevel": "CustomizedRecoverable\u002BPurgeable",
          "recoverableDays": 7
        }
      }
    },
    {
      "RequestUri": "https://REDACTED/secrets/02d3a234b05b4ca8a1a5?api-version=7.4",
      "RequestMethod": "PUT",
      "RequestHeaders": {
        "Accept": "*/*",
        "Accept-Language": "en-US",
        "Authorization": "Sanitized",
        "Content-Length": "65",
        "Content-Type": "application/json",
        "User-Agent": "azsdk-java-client_name/client_version (11.0.6; Windows 10; 10.0)"
      },
      "RequestBody": {
        "value": "listSecretVersionVal2",
        "attributes": {
          "exp": 3797366400
        }
      },
      "StatusCode": 200,
      "ResponseHeaders": {
        "Cache-Control": "no-cache",
        "Content-Length": "301",
        "Content-Type": "application/json; charset=utf-8",
        "Date": "Tue, 04 Apr 2023 00:12:23 GMT",
        "Expires": "-1",
        "Pragma": "no-cache",
        "Strict-Transport-Security": "max-age=31536000;includeSubDomains",
        "X-Content-Type-Options": "nosniff",
        "x-ms-keyvault-network-info": "conn_type=Ipv4;addr=172.92.148.195;act_addr_fam=InterNetwork;",
        "x-ms-keyvault-region": "westus",
        "x-ms-keyvault-service-version": "1.9.749.1",
        "x-ms-request-id": "acce3172-7f23-44d7-ac47-a177b4c199aa"
      },
      "ResponseBody": {
        "value": "listSecretVersionVal2",
        "id": "https://azkvrecordtests.vault.azure.net/secrets/02d3a234b05b4ca8a1a5/d878adf596104b4eb2e23c3fc213963a",
        "attributes": {
          "enabled": true,
          "exp": 3797366400,
          "created": 1680567143,
          "updated": 1680567143,
          "recoveryLevel": "CustomizedRecoverable\u002BPurgeable",
          "recoverableDays": 7
        }
      }
    },
    {
      "RequestUri": "https://REDACTED/secrets/02d3a234b05b4ca8a1a5/versions?maxresults=25\u0026api-version=7.4",
      "RequestMethod": "GET",
      "RequestHeaders": {
        "Accept": "*/*",
        "Accept-Language": "en-US",
        "Authorization": "Sanitized",
        "Content-Length": "0",
        "Content-Type": "application/json",
        "User-Agent": "azsdk-java-client_name/client_version (11.0.6; Windows 10; 10.0)"
      },
      "RequestBody": null,
      "StatusCode": 200,
      "ResponseHeaders": {
        "Cache-Control": "no-cache",
        "Content-Length": "1107",
        "Content-Type": "application/json; charset=utf-8",
        "Date": "Tue, 04 Apr 2023 00:12:54 GMT",
        "Expires": "-1",
        "Pragma": "no-cache",
        "Strict-Transport-Security": "max-age=31536000;includeSubDomains",
        "X-Content-Type-Options": "nosniff",
        "x-ms-keyvault-network-info": "conn_type=Ipv4;addr=172.92.148.195;act_addr_fam=InterNetwork;",
        "x-ms-keyvault-region": "westus",
        "x-ms-keyvault-service-version": "1.9.749.1",
        "x-ms-request-id": "9377de1b-8a14-4bde-ada5-775002e1d89c"
      },
      "ResponseBody": {
        "value": [
          {
            "id": "https://azkvrecordtests.vault.azure.net/secrets/02d3a234b05b4ca8a1a5/6f8182205ac34533b3fce536ae67cf30",
            "attributes": {
              "enabled": true,
              "exp": 3797452800,
              "created": 1680567143,
              "updated": 1680567143,
              "recoveryLevel": "CustomizedRecoverable\u002BPurgeable",
              "recoverableDays": 7
            }
          },
          {
            "id": "https://azkvrecordtests.vault.azure.net/secrets/02d3a234b05b4ca8a1a5/767ae1765b46462486b97f1963979cd9",
            "attributes": {
              "enabled": true,
              "exp": 3797280000,
              "created": 1680567143,
              "updated": 1680567143,
              "recoveryLevel": "CustomizedRecoverable\u002BPurgeable",
              "recoverableDays": 7
            }
          },
          {
            "id": "https://azkvrecordtests.vault.azure.net/secrets/02d3a234b05b4ca8a1a5/ca6ac0a4704843778a17dc9006a09a29",
            "attributes": {
              "enabled": true,
              "exp": 3797539200,
              "created": 1680567143,
              "updated": 1680567143,
              "recoveryLevel": "CustomizedRecoverable\u002BPurgeable",
              "recoverableDays": 7
            }
          },
          {
            "id": "https://azkvrecordtests.vault.azure.net/secrets/02d3a234b05b4ca8a1a5/d878adf596104b4eb2e23c3fc213963a",
            "attributes": {
              "enabled": true,
              "exp": 3797366400,
              "created": 1680567143,
              "updated": 1680567143,
              "recoveryLevel": "CustomizedRecoverable\u002BPurgeable",
              "recoverableDays": 7
            }
          }
        ],
        "nextLink": null
      }
    }
  ],
  "Variables": {
    "0": "02d3a234b05b4ca8a1a5"
  }
}
