{
  "Entries": [
    {
      "RequestUri": "https://REDACTED/keys/testkey585510f07/create?api-version=7.4",
      "RequestMethod": "POST",
      "RequestHeaders": {
        "Accept": "*/*",
        "Accept-Language": "en-US",
        "Content-Length": "0",
        "Content-Type": "application/json",
        "User-Agent": "azsdk-java-client_name/client_version (11.0.6; Windows 10; 10.0)"
      },
      "RequestBody": null,
      "StatusCode": 401,
      "ResponseHeaders": {
        "Cache-Control": "no-cache",
        "Content-Length": "97",
        "Content-Type": "application/json; charset=utf-8",
        "Date": "Wed, 12 Apr 2023 03:21:16 GMT",
        "Expires": "-1",
        "Pragma": "no-cache",
        "Strict-Transport-Security": "max-age=31536000;includeSubDomains",
        "WWW-Authenticate": "Bearer authorization=\u0022https://login.windows.net/72f988bf-86f1-41af-91ab-2d7cd011db47\u0022, resource=\u0022https://vault.azure.net\u0022",
        "X-Content-Type-Options": "nosniff",
        "x-ms-keyvault-network-info": "conn_type=Ipv4;addr=172.92.148.195;act_addr_fam=InterNetwork;",
        "x-ms-keyvault-region": "westus",
        "x-ms-keyvault-service-version": "1.9.749.1",
        "x-ms-request-id": "6400d6d0-f479-4874-950d-88f2472f4ba0"
      },
      "ResponseBody": {
        "error": {
          "code": "Unauthorized",
          "message": "AKV10000: Request is missing a Bearer or PoP token."
        }
      }
    },
    {
      "RequestUri": "https://REDACTED/keys/testkey585510f07/create?api-version=7.4",
      "RequestMethod": "POST",
      "RequestHeaders": {
        "Accept": "*/*",
        "Accept-Language": "en-US",
        "Authorization": "Sanitized",
        "Content-Length": "65",
        "Content-Type": "application/json",
        "User-Agent": "azsdk-java-client_name/client_version (11.0.6; Windows 10; 10.0)"
      },
      "RequestBody": {
        "kty": "RSA",
        "attributes": {
          "exp": 2537049600
        },
        "public_exponent": 0
      },
      "StatusCode": 200,
      "ResponseHeaders": {
        "Cache-Control": "no-cache",
        "Content-Length": "732",
        "Content-Type": "application/json; charset=utf-8",
        "Date": "Wed, 12 Apr 2023 03:21:16 GMT",
        "Expires": "-1",
        "Pragma": "no-cache",
        "Strict-Transport-Security": "max-age=31536000;includeSubDomains",
        "X-Content-Type-Options": "nosniff",
        "x-ms-keyvault-network-info": "conn_type=Ipv4;addr=172.92.148.195;act_addr_fam=InterNetwork;",
        "x-ms-keyvault-region": "westus",
        "x-ms-keyvault-service-version": "1.9.749.1",
        "x-ms-request-id": "a2847d88-5f2e-4ae2-8bae-45fe13d76290"
      },
      "ResponseBody": {
        "key": {
          "kid": "https://azkvrecordtests.vault.azure.net/keys/testkey585510f07/9c780633e3a14dfb93a575865343fa9e",
          "kty": "RSA",
          "key_ops": [
            "encrypt",
            "decrypt",
            "sign",
            "verify",
            "wrapKey",
            "unwrapKey"
          ],
          "n": "4Cvkw3LUUtnZtcpAfUj-jH-cWFsRHGp5jeWtRU6WWK9ec0Uh2hmH_fpP62L3nPmiXIBoWLFey8FUStpB4K1b9K4YQBI6YfYV9dwklF89lvVzgeR_1rcG1-fbqRhHb_oxPwFkUIDX90vtKFromodHuZc8tB59Cg_irtXBZo5NvIKdvHjttgdetuQh5JJuT0JF1ipfLzMZIpehiTgiDioUfQ0ONUSNDwfKl-rZl7GgWFMt3j_Iwc_k1Am80_m-2wWca-9Vc3oPqINAVIY6zchJbDl_DSmutfav1HjK1OeU2f1UmYEOZWPiKePMu0envh7OOvYYN3QfBOL9vga2UHzktQ",
          "e": "AQAB"
        },
        "attributes": {
          "enabled": true,
          "exp": 2537049600,
          "created": 1681269677,
          "updated": 1681269677,
          "recoveryLevel": "CustomizedRecoverable\u002BPurgeable",
          "recoverableDays": 7,
          "exportable": false
        }
      }
    },
    {
      "RequestUri": "https://REDACTED/keys/testkey585510f07?api-version=7.4",
      "RequestMethod": "DELETE",
      "RequestHeaders": {
        "Accept": "*/*",
        "Accept-Language": "en-US",
        "Authorization": "Sanitized",
        "Content-Length": "0",
        "Content-Type": "application/json",
        "User-Agent": "azsdk-java-client_name/client_version (11.0.6; Windows 10; 10.0)"
      },
      "RequestBody": null,
      "StatusCode": 200,
      "ResponseHeaders": {
        "Cache-Control": "no-cache",
        "Content-Length": "873",
        "Content-Type": "application/json; charset=utf-8",
        "Date": "Wed, 12 Apr 2023 03:21:17 GMT",
        "Expires": "-1",
        "Pragma": "no-cache",
        "Strict-Transport-Security": "max-age=31536000;includeSubDomains",
        "X-Content-Type-Options": "nosniff",
        "x-ms-keyvault-network-info": "conn_type=Ipv4;addr=172.92.148.195;act_addr_fam=InterNetwork;",
        "x-ms-keyvault-region": "westus",
        "x-ms-keyvault-service-version": "1.9.749.1",
        "x-ms-request-id": "6f0b31c9-4818-4231-8c41-354599e2c3fd"
      },
      "ResponseBody": {
        "recoveryId": "https://azkvrecordtests.vault.azure.net/deletedkeys/testkey585510f07",
        "deletedDate": 1681269677,
        "scheduledPurgeDate": 1681874477,
        "key": {
          "kid": "https://azkvrecordtests.vault.azure.net/keys/testkey585510f07/9c780633e3a14dfb93a575865343fa9e",
          "kty": "RSA",
          "key_ops": [
            "encrypt",
            "decrypt",
            "sign",
            "verify",
            "wrapKey",
            "unwrapKey"
          ],
          "n": "4Cvkw3LUUtnZtcpAfUj-jH-cWFsRHGp5jeWtRU6WWK9ec0Uh2hmH_fpP62L3nPmiXIBoWLFey8FUStpB4K1b9K4YQBI6YfYV9dwklF89lvVzgeR_1rcG1-fbqRhHb_oxPwFkUIDX90vtKFromodHuZc8tB59Cg_irtXBZo5NvIKdvHjttgdetuQh5JJuT0JF1ipfLzMZIpehiTgiDioUfQ0ONUSNDwfKl-rZl7GgWFMt3j_Iwc_k1Am80_m-2wWca-9Vc3oPqINAVIY6zchJbDl_DSmutfav1HjK1OeU2f1UmYEOZWPiKePMu0envh7OOvYYN3QfBOL9vga2UHzktQ",
          "e": "AQAB"
        },
        "attributes": {
          "enabled": true,
          "exp": 2537049600,
          "created": 1681269677,
          "updated": 1681269677,
          "recoveryLevel": "CustomizedRecoverable\u002BPurgeable",
          "recoverableDays": 7,
          "exportable": false
        }
      }
    },
    {
      "RequestUri": "https://REDACTED/deletedkeys/testkey585510f07?api-version=7.4",
      "RequestMethod": "GET",
      "RequestHeaders": {
        "Accept": "*/*",
        "Accept-Language": "en-US",
        "Authorization": "Sanitized",
        "Content-Length": "0",
        "Content-Type": "application/json",
        "User-Agent": "azsdk-java-client_name/client_version (11.0.6; Windows 10; 10.0)"
      },
      "RequestBody": null,
      "StatusCode": 404,
      "ResponseHeaders": {
        "Cache-Control": "no-cache",
        "Content-Length": "84",
        "Content-Type": "application/json; charset=utf-8",
        "Date": "Wed, 12 Apr 2023 03:21:18 GMT",
        "Expires": "-1",
        "Pragma": "no-cache",
        "Strict-Transport-Security": "max-age=31536000;includeSubDomains",
        "X-Content-Type-Options": "nosniff",
        "x-ms-keyvault-network-info": "conn_type=Ipv4;addr=172.92.148.195;act_addr_fam=InterNetwork;",
        "x-ms-keyvault-region": "westus",
        "x-ms-keyvault-service-version": "1.9.749.1",
        "x-ms-request-id": "d5b59d0c-88d7-44a1-bc92-833f0592c8eb"
      },
      "ResponseBody": {
        "error": {
          "code": "KeyNotFound",
          "message": "Deleted Key not found: testkey585510f07"
        }
      }
    },
    {
      "RequestUri": "https://REDACTED/deletedkeys/testkey585510f07?api-version=7.4",
      "RequestMethod": "GET",
      "RequestHeaders": {
        "Accept": "*/*",
        "Accept-Language": "en-US",
        "Authorization": "Sanitized",
        "Content-Length": "0",
        "Content-Type": "application/json",
        "User-Agent": "azsdk-java-client_name/client_version (11.0.6; Windows 10; 10.0)"
      },
      "RequestBody": null,
      "StatusCode": 200,
      "ResponseHeaders": {
        "Cache-Control": "no-cache",
        "Content-Length": "873",
        "Content-Type": "application/json; charset=utf-8",
        "Date": "Wed, 12 Apr 2023 03:21:19 GMT",
        "Expires": "-1",
        "Pragma": "no-cache",
        "Strict-Transport-Security": "max-age=31536000;includeSubDomains",
        "X-Content-Type-Options": "nosniff",
        "x-ms-keyvault-network-info": "conn_type=Ipv4;addr=172.92.148.195;act_addr_fam=InterNetwork;",
        "x-ms-keyvault-region": "westus",
        "x-ms-keyvault-service-version": "1.9.749.1",
        "x-ms-request-id": "644dad35-3ff1-4939-9ccb-04ddc53036be"
      },
      "ResponseBody": {
        "recoveryId": "https://azkvrecordtests.vault.azure.net/deletedkeys/testkey585510f07",
        "deletedDate": 1681269677,
        "scheduledPurgeDate": 1681874477,
        "key": {
          "kid": "https://azkvrecordtests.vault.azure.net/keys/testkey585510f07/9c780633e3a14dfb93a575865343fa9e",
          "kty": "RSA",
          "key_ops": [
            "encrypt",
            "decrypt",
            "sign",
            "verify",
            "wrapKey",
            "unwrapKey"
          ],
          "n": "4Cvkw3LUUtnZtcpAfUj-jH-cWFsRHGp5jeWtRU6WWK9ec0Uh2hmH_fpP62L3nPmiXIBoWLFey8FUStpB4K1b9K4YQBI6YfYV9dwklF89lvVzgeR_1rcG1-fbqRhHb_oxPwFkUIDX90vtKFromodHuZc8tB59Cg_irtXBZo5NvIKdvHjttgdetuQh5JJuT0JF1ipfLzMZIpehiTgiDioUfQ0ONUSNDwfKl-rZl7GgWFMt3j_Iwc_k1Am80_m-2wWca-9Vc3oPqINAVIY6zchJbDl_DSmutfav1HjK1OeU2f1UmYEOZWPiKePMu0envh7OOvYYN3QfBOL9vga2UHzktQ",
          "e": "AQAB"
        },
        "attributes": {
          "enabled": true,
          "exp": 2537049600,
          "created": 1681269677,
          "updated": 1681269677,
          "recoveryLevel": "CustomizedRecoverable\u002BPurgeable",
          "recoverableDays": 7,
          "exportable": false
        }
      }
    }
  ],
  "Variables": {
    "0": "testkey585510f07"
  }
}
