{
  "Entries": [
    {
      "RequestUri": "https://REDACTED/keys/testkey56869963f/create?api-version=7.4",
      "RequestMethod": "POST",
      "RequestHeaders": {
        "Accept": "*/*",
        "Accept-Language": "en-US",
        "Content-Length": "0",
        "Content-Type": "application/json",
        "User-Agent": "azsdk-java-client_name/client_version (11.0.6; Windows 10; 10.0)"
      },
      "RequestBody": null,
      "StatusCode": 401,
      "ResponseHeaders": {
        "Cache-Control": "no-cache",
        "Content-Length": "97",
        "Content-Type": "application/json; charset=utf-8",
        "Date": "Tue, 04 Apr 2023 03:56:09 GMT",
        "Expires": "-1",
        "Pragma": "no-cache",
        "Strict-Transport-Security": "max-age=31536000;includeSubDomains",
        "WWW-Authenticate": "Bearer authorization=\u0022https://login.windows.net/72f988bf-86f1-41af-91ab-2d7cd011db47\u0022, resource=\u0022https://vault.azure.net\u0022",
        "X-Content-Type-Options": "nosniff",
        "x-ms-keyvault-network-info": "conn_type=Ipv4;addr=172.92.148.195;act_addr_fam=InterNetwork;",
        "x-ms-keyvault-region": "westus",
        "x-ms-keyvault-service-version": "1.9.749.1",
        "x-ms-request-id": "908cae23-6656-47c6-b2ba-9ee3aca21ede"
      },
      "ResponseBody": {
        "error": {
          "code": "Unauthorized",
          "message": "AKV10000: Request is missing a Bearer or PoP token."
        }
      }
    },
    {
      "RequestUri": "https://REDACTED/keys/testkey56869963f?api-version=7.4",
      "RequestMethod": "DELETE",
      "RequestHeaders": {
        "Accept": "*/*",
        "Accept-Language": "en-US",
        "Authorization": "Sanitized",
        "Content-Length": "0",
        "Content-Type": "application/json",
        "User-Agent": "azsdk-java-client_name/client_version (11.0.6; Windows 10; 10.0)"
      },
      "RequestBody": null,
      "StatusCode": 200,
      "ResponseHeaders": {
        "Cache-Control": "no-cache",
        "Content-Length": "873",
        "Content-Type": "application/json; charset=utf-8",
        "Date": "Tue, 04 Apr 2023 03:56:12 GMT",
        "Expires": "-1",
        "Pragma": "no-cache",
        "Strict-Transport-Security": "max-age=31536000;includeSubDomains",
        "X-Content-Type-Options": "nosniff",
        "x-ms-keyvault-network-info": "conn_type=Ipv4;addr=172.92.148.195;act_addr_fam=InterNetwork;",
        "x-ms-keyvault-region": "westus",
        "x-ms-keyvault-service-version": "1.9.749.1",
        "x-ms-request-id": "035ad178-ae7e-40d4-8ab4-56faec18e9bb"
      },
      "ResponseBody": {
        "recoveryId": "https://azkvrecordtests.vault.azure.net/deletedkeys/testkey56869963f",
        "deletedDate": 1680580572,
        "scheduledPurgeDate": 1681185372,
        "key": {
          "kid": "https://azkvrecordtests.vault.azure.net/keys/testkey56869963f/2e37afd246894bf89056a66e02d48683",
          "kty": "RSA",
          "key_ops": [
            "encrypt",
            "decrypt",
            "sign",
            "verify",
            "wrapKey",
            "unwrapKey"
          ],
          "n": "tCgq5f-b-uRvIGCttM_QLhb3OxVOif90pPBXwNJ_bjae6cFHYtA7v6upKJ1apXx8VEhjkf2WxiLu-m8KeiH0n_-HaSlaVMGpEDYThYOdjrTICqGJ7PJcr8Lg0aWF_8wYsCWWu64bw5f5hvz4-KRaUYAaeGvRgT55W9d3peBnJOokVr71RKcrx-hjdyFfZZ_3R9vd8eYPaK1lgaMTDGpd1Ee5ldTQ-Ta_HC3hZhf580fXz_qLB7ZmKpLXoI6JxPK1kbuvyH7WDhTcIda4F0VypNOtPQpgEz1EapeQwJfpmG7uhDrz5h3RbD4PShywJS0MX2lDpoViVW-H_UWqnEWB_Q",
          "e": "AQAB"
        },
        "attributes": {
          "enabled": true,
          "exp": 2537049600,
          "created": 1680580572,
          "updated": 1680580572,
          "recoveryLevel": "CustomizedRecoverable\u002BPurgeable",
          "recoverableDays": 7,
          "exportable": false
        }
      }
    },
    {
      "RequestUri": "https://REDACTED/deletedkeys/testkey56869963f?api-version=7.4",
      "RequestMethod": "GET",
      "RequestHeaders": {
        "Accept": "*/*",
        "Accept-Language": "en-US",
        "Authorization": "Sanitized",
        "Content-Length": "0",
        "Content-Type": "application/json",
        "User-Agent": "azsdk-java-client_name/client_version (11.0.6; Windows 10; 10.0)"
      },
      "RequestBody": null,
      "StatusCode": 200,
      "ResponseHeaders": {
        "Cache-Control": "no-cache",
        "Content-Length": "873",
        "Content-Type": "application/json; charset=utf-8",
        "Date": "Tue, 04 Apr 2023 03:56:13 GMT",
        "Expires": "-1",
        "Pragma": "no-cache",
        "Strict-Transport-Security": "max-age=31536000;includeSubDomains",
        "X-Content-Type-Options": "nosniff",
        "x-ms-keyvault-network-info": "conn_type=Ipv4;addr=172.92.148.195;act_addr_fam=InterNetwork;",
        "x-ms-keyvault-region": "westus",
        "x-ms-keyvault-service-version": "1.9.749.1",
        "x-ms-request-id": "1e6851bc-c1cd-4eb0-9ba2-3727bdcb4a0f"
      },
      "ResponseBody": {
        "recoveryId": "https://azkvrecordtests.vault.azure.net/deletedkeys/testkey56869963f",
        "deletedDate": 1680580572,
        "scheduledPurgeDate": 1681185372,
        "key": {
          "kid": "https://azkvrecordtests.vault.azure.net/keys/testkey56869963f/2e37afd246894bf89056a66e02d48683",
          "kty": "RSA",
          "key_ops": [
            "encrypt",
            "decrypt",
            "sign",
            "verify",
            "wrapKey",
            "unwrapKey"
          ],
          "n": "tCgq5f-b-uRvIGCttM_QLhb3OxVOif90pPBXwNJ_bjae6cFHYtA7v6upKJ1apXx8VEhjkf2WxiLu-m8KeiH0n_-HaSlaVMGpEDYThYOdjrTICqGJ7PJcr8Lg0aWF_8wYsCWWu64bw5f5hvz4-KRaUYAaeGvRgT55W9d3peBnJOokVr71RKcrx-hjdyFfZZ_3R9vd8eYPaK1lgaMTDGpd1Ee5ldTQ-Ta_HC3hZhf580fXz_qLB7ZmKpLXoI6JxPK1kbuvyH7WDhTcIda4F0VypNOtPQpgEz1EapeQwJfpmG7uhDrz5h3RbD4PShywJS0MX2lDpoViVW-H_UWqnEWB_Q",
          "e": "AQAB"
        },
        "attributes": {
          "enabled": true,
          "exp": 2537049600,
          "created": 1680580572,
          "updated": 1680580572,
          "recoveryLevel": "CustomizedRecoverable\u002BPurgeable",
          "recoverableDays": 7,
          "exportable": false
        }
      }
    }
  ],
  "Variables": {
    "0": "testkey56869963f"
  }
}
