{
  "Entries": [
    {
      "RequestUri": "https://REDACTED/datasources(\u0027azs-java-test-blob392296cb8\u0027)?api-version=2021-04-30-Preview",
      "RequestMethod": "PUT",
      "RequestHeaders": {
        "Accept": "application/json; odata.metadata=minimal",
        "api-key": "REDACTED",
        "Content-Length": "196",
        "Content-Type": "application/json",
        "Date": "Thu, 09 Mar 2023 20:08:10 GMT",
        "Prefer": "return=representation",
        "return-client-request-id": "true",
        "User-Agent": "azsdk-java-azure-search-documents/11.6.0-beta.6 (17.0.5; Windows 11; 10.0)",
        "x-ms-client-request-id": "16cccb8a-3e74-4158-9984-4ade71c37f57"
      },
      "RequestBody": {
        "name": "azs-java-test-blob392296cb8",
        "description": "Some data source",
        "type": "azureblob",
        "credentials": {
          "connectionString": "REDACTED"
        },
        "container": {
          "name": "fakecontainer",
          "query": "/fakefolder/"
        }
      },
      "StatusCode": 201,
      "ResponseHeaders": {
        "Cache-Control": "no-cache",
        "client-request-id": "16cccb8a-3e74-4158-9984-4ade71c37f57",
        "Content-Length": "451",
        "Content-Type": "application/json; odata.metadata=minimal",
        "Date": "Thu, 09 Mar 2023 20:08:08 GMT",
        "elapsed-time": "40",
        "ETag": "W/\u00220x8DB20DA01458344\u0022",
        "Expires": "-1",
        "Location": "https://azs-java-alzimmertestproxy.search.windows.net/datasources(\u0027azs-java-test-blob392296cb8\u0027)?api-version=2021-04-30-Preview",
        "OData-Version": "4.0",
        "Pragma": "no-cache",
        "Preference-Applied": "odata.include-annotations=\u0022*\u0022",
        "request-id": "16cccb8a-3e74-4158-9984-4ade71c37f57",
        "Strict-Transport-Security": "max-age=15724800; includeSubDomains",
        "x-ms-client-request-id": "16cccb8a-3e74-4158-9984-4ade71c37f57"
      },
      "ResponseBody": {
        "@odata.context": "https://azs-java-alzimmertestproxy.search.windows.net/$metadata#datasources/$entity",
        "@odata.etag": "\u00220x8DB20DA01458344\u0022",
        "name": "azs-java-test-blob392296cb8",
        "description": "Some data source",
        "type": "azureblob",
        "subtype": null,
        "credentials": {
          "connectionString": null
        },
        "container": {
          "name": "fakecontainer",
          "query": "/fakefolder/"
        },
        "dataChangeDetectionPolicy": null,
        "dataDeletionDetectionPolicy": null,
        "encryptionKey": null,
        "identity": null
      }
    },
    {
      "RequestUri": "https://REDACTED/datasources(\u0027azs-java-test-blob392296cb8\u0027)?api-version=2021-04-30-Preview",
      "RequestMethod": "PUT",
      "RequestHeaders": {
        "Accept": "application/json; odata.metadata=minimal",
        "api-key": "REDACTED",
        "Content-Length": "234",
        "Content-Type": "application/json",
        "Date": "Thu, 09 Mar 2023 20:08:10 GMT",
        "Prefer": "return=representation",
        "return-client-request-id": "true",
        "User-Agent": "azsdk-java-azure-search-documents/11.6.0-beta.6 (17.0.5; Windows 11; 10.0)",
        "x-ms-client-request-id": "2c2fab3c-916c-4cf7-a737-69b367e8f530"
      },
      "RequestBody": {
        "name": "azs-java-test-blob392296cb8",
        "description": "Some data source",
        "type": "azureblob",
        "credentials": {
          "connectionString": "REDACTED"
        },
        "container": {
          "name": "fakecontainer",
          "query": "/fakefolder/"
        },
        "@odata.etag": "\u00220x8DB20DA01458344\u0022"
      },
      "StatusCode": 200,
      "ResponseHeaders": {
        "Cache-Control": "no-cache",
        "client-request-id": "2c2fab3c-916c-4cf7-a737-69b367e8f530",
        "Content-Length": "451",
        "Content-Type": "application/json; odata.metadata=minimal",
        "Date": "Thu, 09 Mar 2023 20:08:10 GMT",
        "elapsed-time": "38",
        "ETag": "W/\u00220x8DB20DA0156E5D4\u0022",
        "Expires": "-1",
        "OData-Version": "4.0",
        "Pragma": "no-cache",
        "Preference-Applied": "odata.include-annotations=\u0022*\u0022",
        "request-id": "2c2fab3c-916c-4cf7-a737-69b367e8f530",
        "Strict-Transport-Security": "max-age=15724800; includeSubDomains",
        "x-ms-client-request-id": "2c2fab3c-916c-4cf7-a737-69b367e8f530"
      },
      "ResponseBody": {
        "@odata.context": "https://azs-java-alzimmertestproxy.search.windows.net/$metadata#datasources/$entity",
        "@odata.etag": "\u00220x8DB20DA0156E5D4\u0022",
        "name": "azs-java-test-blob392296cb8",
        "description": "Some data source",
        "type": "azureblob",
        "subtype": null,
        "credentials": {
          "connectionString": null
        },
        "container": {
          "name": "fakecontainer",
          "query": "/fakefolder/"
        },
        "dataChangeDetectionPolicy": null,
        "dataDeletionDetectionPolicy": null,
        "encryptionKey": null,
        "identity": null
      }
    },
    {
      "RequestUri": "https://REDACTED/datasources(\u0027azs-java-test-blob392296cb8\u0027)?api-version=2021-04-30-Preview",
      "RequestMethod": "DELETE",
      "RequestHeaders": {
        "Accept": "application/json; odata.metadata=minimal",
        "api-key": "REDACTED",
        "Content-Length": "0",
        "Date": "Thu, 09 Mar 2023 20:08:10 GMT",
        "If-Match": "\u00220x8DB20DA01458344\u0022",
        "return-client-request-id": "true",
        "User-Agent": "azsdk-java-azure-search-documents/11.6.0-beta.6 (17.0.5; Windows 11; 10.0)",
        "x-ms-client-request-id": "34ff9814-ad2a-4661-90a4-86fcbcb3efee"
      },
      "RequestBody": null,
      "StatusCode": 412,
      "ResponseHeaders": {
        "Cache-Control": "no-cache",
        "client-request-id": "34ff9814-ad2a-4661-90a4-86fcbcb3efee",
        "Content-Language": "en",
        "Content-Length": "160",
        "Content-Type": "application/json; charset=utf-8",
        "Date": "Thu, 09 Mar 2023 20:08:10 GMT",
        "elapsed-time": "7",
        "Expires": "-1",
        "Pragma": "no-cache",
        "Preference-Applied": "odata.include-annotations=\u0022*\u0022",
        "request-id": "34ff9814-ad2a-4661-90a4-86fcbcb3efee",
        "Strict-Transport-Security": "max-age=15724800; includeSubDomains",
        "x-ms-client-request-id": "34ff9814-ad2a-4661-90a4-86fcbcb3efee"
      },
      "ResponseBody": {
        "error": {
          "code": "",
          "message": "The precondition given in one of the request headers evaluated to false. No change was made to the resource from this request."
        }
      }
    },
    {
      "RequestUri": "https://REDACTED/datasources(\u0027azs-java-test-blob392296cb8\u0027)?api-version=2021-04-30-Preview",
      "RequestMethod": "DELETE",
      "RequestHeaders": {
        "Accept": "application/json; odata.metadata=minimal",
        "api-key": "REDACTED",
        "Content-Length": "0",
        "Date": "Thu, 09 Mar 2023 20:08:10 GMT",
        "If-Match": "\u00220x8DB20DA0156E5D4\u0022",
        "return-client-request-id": "true",
        "User-Agent": "azsdk-java-azure-search-documents/11.6.0-beta.6 (17.0.5; Windows 11; 10.0)",
        "x-ms-client-request-id": "c01fdd1d-8a37-4ab9-81f3-b345d7347493"
      },
      "RequestBody": null,
      "StatusCode": 204,
      "ResponseHeaders": {
        "Cache-Control": "no-cache",
        "client-request-id": "c01fdd1d-8a37-4ab9-81f3-b345d7347493",
        "Date": "Thu, 09 Mar 2023 20:08:10 GMT",
        "elapsed-time": "21",
        "Expires": "-1",
        "Pragma": "no-cache",
        "request-id": "c01fdd1d-8a37-4ab9-81f3-b345d7347493",
        "Strict-Transport-Security": "max-age=15724800; includeSubDomains",
        "x-ms-client-request-id": "c01fdd1d-8a37-4ab9-81f3-b345d7347493"
      },
      "ResponseBody": null
    }
  ],
  "Variables": {
    "0": "azs-java-test-blob392296cb8"
  }
}
