{
  "Entries": [
    {
      "RequestUri": "https://REDACTED/indexes?api-version=2021-04-30-Preview",
      "RequestMethod": "POST",
      "RequestHeaders": {
        "Accept": "application/json; odata.metadata=minimal",
        "api-key": "REDACTED",
        "Content-Length": "291",
        "Content-Type": "application/json",
        "Date": "Thu, 09 Mar 2023 20:15:48 GMT",
        "return-client-request-id": "true",
        "User-Agent": "azsdk-java-azure-search-documents/11.6.0-beta.6 (17.0.5; Windows 11; 10.0)",
        "x-ms-client-request-id": "e1320eed-11cd-415a-b478-f12be475566e"
      },
      "RequestBody": {
        "name": "indexforindexers26802ae690",
        "fields": [
          {
            "name": "county_name",
            "type": "Edm.String",
            "searchable": false,
            "filterable": true
          },
          {
            "name": "state",
            "type": "Edm.String",
            "searchable": true,
            "filterable": true
          },
          {
            "name": "feature_id",
            "type": "Edm.String",
            "key": true,
            "searchable": true,
            "filterable": false
          }
        ]
      },
      "StatusCode": 201,
      "ResponseHeaders": {
        "Cache-Control": "no-cache",
        "client-request-id": "e1320eed-11cd-415a-b478-f12be475566e",
        "Content-Length": "1184",
        "Content-Type": "application/json; odata.metadata=minimal",
        "Date": "Thu, 09 Mar 2023 20:15:49 GMT",
        "elapsed-time": "1087",
        "ETag": "W/\u00220x8DB20DB1301C027\u0022",
        "Expires": "-1",
        "Location": "https://azs-java-alzimmertestproxy.search.windows.net/indexes(\u0027indexforindexers26802ae690\u0027)?api-version=2021-04-30-Preview",
        "OData-Version": "4.0",
        "Pragma": "no-cache",
        "Preference-Applied": "odata.include-annotations=\u0022*\u0022",
        "request-id": "e1320eed-11cd-415a-b478-f12be475566e",
        "Strict-Transport-Security": "max-age=15724800; includeSubDomains",
        "x-ms-client-request-id": "e1320eed-11cd-415a-b478-f12be475566e"
      },
      "ResponseBody": {
        "@odata.context": "https://azs-java-alzimmertestproxy.search.windows.net/$metadata#indexes/$entity",
        "@odata.etag": "\u00220x8DB20DB1301C027\u0022",
        "name": "indexforindexers26802ae690",
        "defaultScoringProfile": null,
        "fields": [
          {
            "name": "county_name",
            "type": "Edm.String",
            "searchable": false,
            "filterable": true,
            "retrievable": true,
            "sortable": true,
            "facetable": true,
            "key": false,
            "indexAnalyzer": null,
            "searchAnalyzer": null,
            "analyzer": null,
            "normalizer": null,
            "synonymMaps": []
          },
          {
            "name": "state",
            "type": "Edm.String",
            "searchable": true,
            "filterable": true,
            "retrievable": true,
            "sortable": true,
            "facetable": true,
            "key": false,
            "indexAnalyzer": null,
            "searchAnalyzer": null,
            "analyzer": null,
            "normalizer": null,
            "synonymMaps": []
          },
          {
            "name": "feature_id",
            "type": "Edm.String",
            "searchable": true,
            "filterable": false,
            "retrievable": true,
            "sortable": true,
            "facetable": true,
            "key": true,
            "indexAnalyzer": null,
            "searchAnalyzer": null,
            "analyzer": null,
            "normalizer": null,
            "synonymMaps": []
          }
        ],
        "scoringProfiles": [],
        "corsOptions": null,
        "suggesters": [],
        "analyzers": [],
        "normalizers": [],
        "tokenizers": [],
        "tokenFilters": [],
        "charFilters": [],
        "encryptionKey": null,
        "similarity": {
          "@odata.type": "#Microsoft.Azure.Search.BM25Similarity",
          "k1": null,
          "b": null
        },
        "semantic": null
      }
    },
    {
      "RequestUri": "https://REDACTED/datasources(\u0027azs-java-live-blob35291a11a\u0027)?api-version=2021-04-30-Preview",
      "RequestMethod": "PUT",
      "RequestHeaders": {
        "Accept": "application/json; odata.metadata=minimal",
        "api-key": "REDACTED",
        "Content-Length": "382",
        "Content-Type": "application/json",
        "Date": "Thu, 09 Mar 2023 20:15:50 GMT",
        "Prefer": "return=representation",
        "return-client-request-id": "true",
        "User-Agent": "azsdk-java-azure-search-documents/11.6.0-beta.6 (17.0.5; Windows 11; 10.0)",
        "x-ms-client-request-id": "6b565382-be73-4971-8416-26098b1e0b7c"
      },
      "RequestBody": {
        "name": "azs-java-live-blob35291a11a",
        "description": "real live blob",
        "type": "azureblob",
        "credentials": {
          "connectionString": "REDACTED"
        },
        "container": {
          "name": "searchcontainer",
          "query": "/"
        },
        "dataDeletionDetectionPolicy": {
          "@odata.type": "#Microsoft.Azure.Search.SoftDeleteColumnDeletionDetectionPolicy",
          "softDeleteColumnName": "fieldName",
          "softDeleteMarkerValue": "someValue"
        }
      },
      "StatusCode": 201,
      "ResponseHeaders": {
        "Cache-Control": "no-cache",
        "client-request-id": "6b565382-be73-4971-8416-26098b1e0b7c",
        "Content-Length": "602",
        "Content-Type": "application/json; odata.metadata=minimal",
        "Date": "Thu, 09 Mar 2023 20:15:49 GMT",
        "elapsed-time": "39",
        "ETag": "W/\u00220x8DB20DB13145B0A\u0022",
        "Expires": "-1",
        "Location": "https://azs-java-alzimmertestproxy.search.windows.net/datasources(\u0027azs-java-live-blob35291a11a\u0027)?api-version=2021-04-30-Preview",
        "OData-Version": "4.0",
        "Pragma": "no-cache",
        "Preference-Applied": "odata.include-annotations=\u0022*\u0022",
        "request-id": "6b565382-be73-4971-8416-26098b1e0b7c",
        "Strict-Transport-Security": "max-age=15724800; includeSubDomains",
        "x-ms-client-request-id": "6b565382-be73-4971-8416-26098b1e0b7c"
      },
      "ResponseBody": {
        "@odata.context": "https://azs-java-alzimmertestproxy.search.windows.net/$metadata#datasources/$entity",
        "@odata.etag": "\u00220x8DB20DB13145B0A\u0022",
        "name": "azs-java-live-blob35291a11a",
        "description": "real live blob",
        "type": "azureblob",
        "subtype": null,
        "credentials": {
          "connectionString": null
        },
        "container": {
          "name": "searchcontainer",
          "query": "/"
        },
        "dataChangeDetectionPolicy": null,
        "dataDeletionDetectionPolicy": {
          "@odata.type": "#Microsoft.Azure.Search.SoftDeleteColumnDeletionDetectionPolicy",
          "softDeleteColumnName": "fieldName",
          "softDeleteMarkerValue": "someValue"
        },
        "encryptionKey": null,
        "identity": null
      }
    },
    {
      "RequestUri": "https://REDACTED/indexers?api-version=2021-04-30-Preview",
      "RequestMethod": "POST",
      "RequestHeaders": {
        "Accept": "application/json; odata.metadata=minimal",
        "api-key": "REDACTED",
        "Content-Length": "159",
        "Content-Type": "application/json",
        "Date": "Thu, 09 Mar 2023 20:15:50 GMT",
        "return-client-request-id": "true",
        "User-Agent": "azsdk-java-azure-search-documents/11.6.0-beta.6 (17.0.5; Windows 11; 10.0)",
        "x-ms-client-request-id": "e84c51b4-dd9e-4c4f-9e90-af207764200b"
      },
      "RequestBody": {
        "name": "indexer325260685a0ccc3",
        "dataSourceName": "azs-java-live-blob35291a11a",
        "targetIndexName": "indexforindexers26802ae690",
        "schedule": {
          "interval": "PT24H"
        }
      },
      "StatusCode": 201,
      "ResponseHeaders": {
        "Cache-Control": "no-cache",
        "client-request-id": "e84c51b4-dd9e-4c4f-9e90-af207764200b",
        "Content-Length": "489",
        "Content-Type": "application/json; odata.metadata=minimal",
        "Date": "Thu, 09 Mar 2023 20:15:49 GMT",
        "elapsed-time": "463",
        "ETag": "W/\u00220x8DB20DB133FF880\u0022",
        "Expires": "-1",
        "Location": "https://azs-java-alzimmertestproxy.search.windows.net/indexers(\u0027indexer325260685a0ccc3\u0027)?api-version=2021-04-30-Preview",
        "OData-Version": "4.0",
        "Pragma": "no-cache",
        "Preference-Applied": "odata.include-annotations=\u0022*\u0022",
        "request-id": "e84c51b4-dd9e-4c4f-9e90-af207764200b",
        "Strict-Transport-Security": "max-age=15724800; includeSubDomains",
        "x-ms-client-request-id": "e84c51b4-dd9e-4c4f-9e90-af207764200b"
      },
      "ResponseBody": {
        "@odata.context": "https://azs-java-alzimmertestproxy.search.windows.net/$metadata#indexers/$entity",
        "@odata.etag": "\u00220x8DB20DB133FF880\u0022",
        "name": "indexer325260685a0ccc3",
        "description": null,
        "dataSourceName": "azs-java-live-blob35291a11a",
        "skillsetName": null,
        "targetIndexName": "indexforindexers26802ae690",
        "disabled": null,
        "schedule": {
          "interval": "P1D",
          "startTime": "2023-03-09T20:15:49.3797796Z"
        },
        "parameters": null,
        "fieldMappings": [],
        "outputFieldMappings": [],
        "cache": null,
        "encryptionKey": null
      }
    },
    {
      "RequestUri": "https://REDACTED/indexers(\u0027indexer325260685a0ccc3\u0027)?api-version=2021-04-30-Preview",
      "RequestMethod": "DELETE",
      "RequestHeaders": {
        "Accept": "application/json; odata.metadata=minimal",
        "api-key": "REDACTED",
        "Content-Length": "0",
        "Date": "Thu, 09 Mar 2023 20:15:50 GMT",
        "return-client-request-id": "true",
        "User-Agent": "azsdk-java-azure-search-documents/11.6.0-beta.6 (17.0.5; Windows 11; 10.0)",
        "x-ms-client-request-id": "f310f283-0465-4108-842a-0a01f30cc67c"
      },
      "RequestBody": null,
      "StatusCode": 204,
      "ResponseHeaders": {
        "Cache-Control": "no-cache",
        "client-request-id": "f310f283-0465-4108-842a-0a01f30cc67c",
        "Date": "Thu, 09 Mar 2023 20:15:49 GMT",
        "elapsed-time": "40",
        "Expires": "-1",
        "Pragma": "no-cache",
        "request-id": "f310f283-0465-4108-842a-0a01f30cc67c",
        "Strict-Transport-Security": "max-age=15724800; includeSubDomains",
        "x-ms-client-request-id": "f310f283-0465-4108-842a-0a01f30cc67c"
      },
      "ResponseBody": null
    },
    {
      "RequestUri": "https://REDACTED/indexers(\u0027indexer325260685a0ccc3\u0027)?api-version=2021-04-30-Preview",
      "RequestMethod": "GET",
      "RequestHeaders": {
        "Accept": "application/json; odata.metadata=minimal",
        "api-key": "REDACTED",
        "Content-Length": "0",
        "Date": "Thu, 09 Mar 2023 20:15:50 GMT",
        "return-client-request-id": "true",
        "User-Agent": "azsdk-java-azure-search-documents/11.6.0-beta.6 (17.0.5; Windows 11; 10.0)",
        "x-ms-client-request-id": "238b92f1-fb70-4d88-aa85-907bd22cddfd"
      },
      "RequestBody": null,
      "StatusCode": 404,
      "ResponseHeaders": {
        "Cache-Control": "no-cache",
        "client-request-id": "238b92f1-fb70-4d88-aa85-907bd22cddfd",
        "Content-Language": "en",
        "Content-Length": "121",
        "Content-Type": "application/json; charset=utf-8",
        "Date": "Thu, 09 Mar 2023 20:15:49 GMT",
        "elapsed-time": "8",
        "Expires": "-1",
        "Pragma": "no-cache",
        "Preference-Applied": "odata.include-annotations=\u0022*\u0022",
        "request-id": "238b92f1-fb70-4d88-aa85-907bd22cddfd",
        "Strict-Transport-Security": "max-age=15724800; includeSubDomains",
        "x-ms-client-request-id": "238b92f1-fb70-4d88-aa85-907bd22cddfd"
      },
      "ResponseBody": {
        "error": {
          "code": "",
          "message": "Indexer \u0027indexer325260685a0ccc3\u0027 was not found in service \u0027azs-java-alzimmertestproxy\u0027."
        }
      }
    },
    {
      "RequestUri": "https://REDACTED/datasources(\u0027azs-java-live-blob35291a11a\u0027)?api-version=2021-04-30-Preview",
      "RequestMethod": "DELETE",
      "RequestHeaders": {
        "Accept": "application/json; odata.metadata=minimal",
        "api-key": "REDACTED",
        "Content-Length": "0",
        "Date": "Thu, 09 Mar 2023 20:15:50 GMT",
        "return-client-request-id": "true",
        "User-Agent": "azsdk-java-azure-search-documents/11.6.0-beta.6 (17.0.5; Windows 11; 10.0)",
        "x-ms-client-request-id": "00923cc9-8442-4d5f-ab3e-fdfb12d561dc"
      },
      "RequestBody": null,
      "StatusCode": 204,
      "ResponseHeaders": {
        "Cache-Control": "no-cache",
        "client-request-id": "00923cc9-8442-4d5f-ab3e-fdfb12d561dc",
        "Date": "Thu, 09 Mar 2023 20:15:49 GMT",
        "elapsed-time": "24",
        "Expires": "-1",
        "Pragma": "no-cache",
        "request-id": "00923cc9-8442-4d5f-ab3e-fdfb12d561dc",
        "Strict-Transport-Security": "max-age=15724800; includeSubDomains",
        "x-ms-client-request-id": "00923cc9-8442-4d5f-ab3e-fdfb12d561dc"
      },
      "ResponseBody": null
    },
    {
      "RequestUri": "https://REDACTED/indexes(\u0027indexforindexers26802ae690\u0027)?api-version=2021-04-30-Preview",
      "RequestMethod": "DELETE",
      "RequestHeaders": {
        "Accept": "application/json; odata.metadata=minimal",
        "api-key": "REDACTED",
        "Content-Length": "0",
        "Date": "Thu, 09 Mar 2023 20:15:50 GMT",
        "return-client-request-id": "true",
        "User-Agent": "azsdk-java-azure-search-documents/11.6.0-beta.6 (17.0.5; Windows 11; 10.0)",
        "x-ms-client-request-id": "87442beb-4865-4f3e-9cff-efa5362e73b7"
      },
      "RequestBody": null,
      "StatusCode": 204,
      "ResponseHeaders": {
        "Cache-Control": "no-cache",
        "client-request-id": "87442beb-4865-4f3e-9cff-efa5362e73b7",
        "Date": "Thu, 09 Mar 2023 20:15:50 GMT",
        "elapsed-time": "202",
        "Expires": "-1",
        "Pragma": "no-cache",
        "request-id": "87442beb-4865-4f3e-9cff-efa5362e73b7",
        "Strict-Transport-Security": "max-age=15724800; includeSubDomains",
        "x-ms-client-request-id": "87442beb-4865-4f3e-9cff-efa5362e73b7"
      },
      "ResponseBody": null
    }
  ],
  "Variables": {
    "0": "indexforindexers26802ae690",
    "1": "azs-java-live-blob35291a11a",
    "2": "indexer325260685a0ccc3"
  }
}
