{
  "Entries": [
    {
      "RequestUri": "https://REDACTED/indexes(\u0027azsearch-indexing-shared-hotel-instance\u0027)/docs/search.index?api-version=2021-04-30-Preview",
      "RequestMethod": "POST",
      "RequestHeaders": {
        "Accept": "application/json; odata.metadata=none",
        "api-key": "REDACTED",
        "Content-Length": "5146",
        "Content-Type": "application/json",
        "Date": "Thu, 09 Mar 2023 19:53:56 GMT",
        "return-client-request-id": "true",
        "User-Agent": "azsdk-java-azure-search-documents/11.6.0-beta.6 (17.0.5; Windows 11; 10.0)",
        "x-ms-client-request-id": "ae87ea3e-9a7e-4777-9988-2b07a6e869ca"
      },
      "RequestBody": {
        "value": [
          {
            "@search.action": "upload",
            "HotelId": "key9137436bf29eb1a18",
            "HotelName": "Fancy Stay",
            "Description": "Best hotel in town if you like luxury hotels. They have an amazing infinity pool, a spa, and a really helpful concierge. The location is perfect -- right downtown, close to all the tourist attractions. We highly recommend this hotel.",
            "Description_fr": "Meilleur h\u00F4tel en ville si vous aimez les h\u00F4tels de luxe. Ils ont une magnifique piscine \u00E0 d\u00E9bordement, un spa et un concierge tr\u00E8s utile. L\u0027emplacement est parfait \u2013 en plein centre, \u00E0 proximit\u00E9 de toutes les attractions touristiques. Nous recommandons fortement cet h\u00F4tel.",
            "Category": "Luxury",
            "Tags": [
              "pool",
              "view",
              "wifi",
              "concierge"
            ],
            "ParkingIncluded": false,
            "SmokingAllowed": false,
            "LastRenovationDate": "2010-06-27T00:00:00.000\u002B00:00",
            "Rating": 5,
            "Location": {
              "type": "Point",
              "coordinates": [
                -122.131577,
                47.678581
              ]
            },
            "Address": {
              "StreetAddress": "1 Microsoft Way",
              "City": "Redmond",
              "StateProvince": "Washington",
              "Country": "United States",
              "PostalCode": "98052"
            },
            "Rooms": []
          },
          {
            "@search.action": "delete",
            "HotelId": "randomId",
            "HotelName": "Fancy Stay",
            "Description": "Best hotel in town if you like luxury hotels. They have an amazing infinity pool, a spa, and a really helpful concierge. The location is perfect -- right downtown, close to all the tourist attractions. We highly recommend this hotel.",
            "Description_fr": "Meilleur h\u00F4tel en ville si vous aimez les h\u00F4tels de luxe. Ils ont une magnifique piscine \u00E0 d\u00E9bordement, un spa et un concierge tr\u00E8s utile. L\u0027emplacement est parfait \u2013 en plein centre, \u00E0 proximit\u00E9 de toutes les attractions touristiques. Nous recommandons fortement cet h\u00F4tel.",
            "Category": "Luxury",
            "Tags": [
              "pool",
              "view",
              "wifi",
              "concierge"
            ],
            "ParkingIncluded": false,
            "SmokingAllowed": false,
            "LastRenovationDate": "2010-06-27T00:00:00.000\u002B00:00",
            "Rating": 5,
            "Location": {
              "type": "Point",
              "coordinates": [
                -122.131577,
                47.678581
              ]
            },
            "Address": {
              "StreetAddress": "1 Microsoft Way",
              "City": "Redmond",
              "StateProvince": "Washington",
              "Country": "United States",
              "PostalCode": "98052"
            },
            "Rooms": []
          },
          {
            "@search.action": "merge",
            "HotelId": "nonExistingHotel",
            "HotelName": "Fancy Stay",
            "Description": "Best hotel in town if you like luxury hotels. They have an amazing infinity pool, a spa, and a really helpful concierge. The location is perfect -- right downtown, close to all the tourist attractions. We highly recommend this hotel.",
            "Description_fr": "Meilleur h\u00F4tel en ville si vous aimez les h\u00F4tels de luxe. Ils ont une magnifique piscine \u00E0 d\u00E9bordement, un spa et un concierge tr\u00E8s utile. L\u0027emplacement est parfait \u2013 en plein centre, \u00E0 proximit\u00E9 de toutes les attractions touristiques. Nous recommandons fortement cet h\u00F4tel.",
            "Category": "Luxury",
            "Tags": [
              "pool",
              "view",
              "wifi",
              "concierge"
            ],
            "ParkingIncluded": false,
            "SmokingAllowed": false,
            "LastRenovationDate": "2010-06-27T00:00:00.000\u002B00:00",
            "Rating": 5,
            "Location": {
              "type": "Point",
              "coordinates": [
                -122.131577,
                47.678581
              ]
            },
            "Address": {
              "StreetAddress": "1 Microsoft Way",
              "City": "Redmond",
              "StateProvince": "Washington",
              "Country": "United States",
              "PostalCode": "98052"
            },
            "Rooms": []
          },
          {
            "@search.action": "mergeOrUpload",
            "HotelId": "key45959db20db6ede30",
            "HotelName": "Fancy Stay",
            "Description": "Best hotel in town if you like luxury hotels. They have an amazing infinity pool, a spa, and a really helpful concierge. The location is perfect -- right downtown, close to all the tourist attractions. We highly recommend this hotel.",
            "Description_fr": "Meilleur h\u00F4tel en ville si vous aimez les h\u00F4tels de luxe. Ils ont une magnifique piscine \u00E0 d\u00E9bordement, un spa et un concierge tr\u00E8s utile. L\u0027emplacement est parfait \u2013 en plein centre, \u00E0 proximit\u00E9 de toutes les attractions touristiques. Nous recommandons fortement cet h\u00F4tel.",
            "Category": "Luxury",
            "Tags": [
              "pool",
              "view",
              "wifi",
              "concierge"
            ],
            "ParkingIncluded": false,
            "SmokingAllowed": false,
            "LastRenovationDate": "2010-06-27T00:00:00.000\u002B00:00",
            "Rating": 5,
            "Location": {
              "type": "Point",
              "coordinates": [
                -122.131577,
                47.678581
              ]
            },
            "Address": {
              "StreetAddress": "1 Microsoft Way",
              "City": "Redmond",
              "StateProvince": "Washington",
              "Country": "United States",
              "PostalCode": "98052"
            },
            "Rooms": []
          },
          {
            "@search.action": "upload",
            "HotelId": "key82983a82f766f9aaf",
            "HotelName": "Fancy Stay",
            "Description": "Best hotel in town if you like luxury hotels. They have an amazing infinity pool, a spa, and a really helpful concierge. The location is perfect -- right downtown, close to all the tourist attractions. We highly recommend this hotel.",
            "Description_fr": "Meilleur h\u00F4tel en ville si vous aimez les h\u00F4tels de luxe. Ils ont une magnifique piscine \u00E0 d\u00E9bordement, un spa et un concierge tr\u00E8s utile. L\u0027emplacement est parfait \u2013 en plein centre, \u00E0 proximit\u00E9 de toutes les attractions touristiques. Nous recommandons fortement cet h\u00F4tel.",
            "Category": "Luxury",
            "Tags": [
              "pool",
              "view",
              "wifi",
              "concierge"
            ],
            "ParkingIncluded": false,
            "SmokingAllowed": false,
            "LastRenovationDate": "2010-06-27T00:00:00.000\u002B00:00",
            "Rating": 5,
            "Location": {
              "type": "Point",
              "coordinates": [
                -122.131577,
                47.678581
              ]
            },
            "Address": {
              "StreetAddress": "1 Microsoft Way",
              "City": "Redmond",
              "StateProvince": "Washington",
              "Country": "United States",
              "PostalCode": "98052"
            },
            "Rooms": []
          }
        ]
      },
      "StatusCode": 207,
      "ResponseHeaders": {
        "Cache-Control": "no-cache",
        "client-request-id": "ae87ea3e-9a7e-4777-9988-2b07a6e869ca",
        "Content-Length": "423",
        "Content-Type": "application/json; odata.metadata=none",
        "Date": "Thu, 09 Mar 2023 19:53:55 GMT",
        "elapsed-time": "99",
        "Expires": "-1",
        "OData-Version": "4.0",
        "Pragma": "no-cache",
        "Preference-Applied": "odata.include-annotations=\u0022*\u0022",
        "request-id": "ae87ea3e-9a7e-4777-9988-2b07a6e869ca",
        "Strict-Transport-Security": "max-age=15724800; includeSubDomains",
        "x-ms-client-request-id": "ae87ea3e-9a7e-4777-9988-2b07a6e869ca"
      },
      "ResponseBody": {
        "value": [
          {
            "key": "key9137436bf29eb1a18",
            "status": true,
            "errorMessage": null,
            "statusCode": 201
          },
          {
            "key": "randomId",
            "status": true,
            "errorMessage": null,
            "statusCode": 200
          },
          {
            "key": "nonExistingHotel",
            "status": false,
            "errorMessage": "Document not found.",
            "statusCode": 404
          },
          {
            "key": "key45959db20db6ede30",
            "status": true,
            "errorMessage": null,
            "statusCode": 201
          },
          {
            "key": "key82983a82f766f9aaf",
            "status": true,
            "errorMessage": null,
            "statusCode": 201
          }
        ]
      }
    },
    {
      "RequestUri": "https://REDACTED/indexes(\u0027azsearch-indexing-shared-hotel-instance\u0027)/docs(\u0027key9137436bf29eb1a18\u0027)?api-version=2021-04-30-Preview",
      "RequestMethod": "GET",
      "RequestHeaders": {
        "Accept": "application/json; odata.metadata=none",
        "api-key": "REDACTED",
        "Content-Length": "0",
        "Date": "Thu, 09 Mar 2023 19:53:56 GMT",
        "return-client-request-id": "true",
        "User-Agent": "azsdk-java-azure-search-documents/11.6.0-beta.6 (17.0.5; Windows 11; 10.0)",
        "x-ms-client-request-id": "3ee6cac9-7792-43c2-8af8-87f109844b26"
      },
      "RequestBody": null,
      "StatusCode": 200,
      "ResponseHeaders": {
        "Cache-Control": "no-cache",
        "client-request-id": "3ee6cac9-7792-43c2-8af8-87f109844b26",
        "Content-Length": "1084",
        "Content-Type": "application/json; odata.metadata=none",
        "Date": "Thu, 09 Mar 2023 19:53:55 GMT",
        "elapsed-time": "16",
        "Expires": "-1",
        "OData-Version": "4.0",
        "Pragma": "no-cache",
        "Preference-Applied": "odata.include-annotations=\u0022*\u0022",
        "request-id": "3ee6cac9-7792-43c2-8af8-87f109844b26",
        "Strict-Transport-Security": "max-age=15724800; includeSubDomains",
        "x-ms-client-request-id": "3ee6cac9-7792-43c2-8af8-87f109844b26"
      },
      "ResponseBody": {
        "HotelId": "key9137436bf29eb1a18",
        "HotelName": "Fancy Stay",
        "Description": "Best hotel in town if you like luxury hotels. They have an amazing infinity pool, a spa, and a really helpful concierge. The location is perfect -- right downtown, close to all the tourist attractions. We highly recommend this hotel.",
        "Description_fr": "Meilleur h\u00F4tel en ville si vous aimez les h\u00F4tels de luxe. Ils ont une magnifique piscine \u00E0 d\u00E9bordement, un spa et un concierge tr\u00E8s utile. L\u0027emplacement est parfait \u2013 en plein centre, \u00E0 proximit\u00E9 de toutes les attractions touristiques. Nous recommandons fortement cet h\u00F4tel.",
        "Category": "Luxury",
        "Tags": [
          "pool",
          "view",
          "wifi",
          "concierge"
        ],
        "ParkingIncluded": false,
        "SmokingAllowed": false,
        "LastRenovationDate": "2010-06-27T00:00:00Z",
        "Rating": 5,
        "Location": {
          "type": "Point",
          "coordinates": [
            -122.131577,
            47.678581
          ],
          "crs": {
            "type": "name",
            "properties": {
              "name": "EPSG:4326"
            }
          }
        },
        "Address": {
          "StreetAddress": "1 Microsoft Way",
          "City": "Redmond",
          "StateProvince": "Washington",
          "PostalCode": "98052",
          "Country": "United States"
        },
        "Rooms": []
      }
    },
    {
      "RequestUri": "https://REDACTED/indexes(\u0027azsearch-indexing-shared-hotel-instance\u0027)/docs(\u0027key82983a82f766f9aaf\u0027)?api-version=2021-04-30-Preview",
      "RequestMethod": "GET",
      "RequestHeaders": {
        "Accept": "application/json; odata.metadata=none",
        "api-key": "REDACTED",
        "Content-Length": "0",
        "Date": "Thu, 09 Mar 2023 19:53:56 GMT",
        "return-client-request-id": "true",
        "User-Agent": "azsdk-java-azure-search-documents/11.6.0-beta.6 (17.0.5; Windows 11; 10.0)",
        "x-ms-client-request-id": "43603616-347a-4f39-afd9-5411cff83047"
      },
      "RequestBody": null,
      "StatusCode": 200,
      "ResponseHeaders": {
        "Cache-Control": "no-cache",
        "client-request-id": "43603616-347a-4f39-afd9-5411cff83047",
        "Content-Length": "1084",
        "Content-Type": "application/json; odata.metadata=none",
        "Date": "Thu, 09 Mar 2023 19:53:55 GMT",
        "elapsed-time": "14",
        "Expires": "-1",
        "OData-Version": "4.0",
        "Pragma": "no-cache",
        "Preference-Applied": "odata.include-annotations=\u0022*\u0022",
        "request-id": "43603616-347a-4f39-afd9-5411cff83047",
        "Strict-Transport-Security": "max-age=15724800; includeSubDomains",
        "x-ms-client-request-id": "43603616-347a-4f39-afd9-5411cff83047"
      },
      "ResponseBody": {
        "HotelId": "key82983a82f766f9aaf",
        "HotelName": "Fancy Stay",
        "Description": "Best hotel in town if you like luxury hotels. They have an amazing infinity pool, a spa, and a really helpful concierge. The location is perfect -- right downtown, close to all the tourist attractions. We highly recommend this hotel.",
        "Description_fr": "Meilleur h\u00F4tel en ville si vous aimez les h\u00F4tels de luxe. Ils ont une magnifique piscine \u00E0 d\u00E9bordement, un spa et un concierge tr\u00E8s utile. L\u0027emplacement est parfait \u2013 en plein centre, \u00E0 proximit\u00E9 de toutes les attractions touristiques. Nous recommandons fortement cet h\u00F4tel.",
        "Category": "Luxury",
        "Tags": [
          "pool",
          "view",
          "wifi",
          "concierge"
        ],
        "ParkingIncluded": false,
        "SmokingAllowed": false,
        "LastRenovationDate": "2010-06-27T00:00:00Z",
        "Rating": 5,
        "Location": {
          "type": "Point",
          "coordinates": [
            -122.131577,
            47.678581
          ],
          "crs": {
            "type": "name",
            "properties": {
              "name": "EPSG:4326"
            }
          }
        },
        "Address": {
          "StreetAddress": "1 Microsoft Way",
          "City": "Redmond",
          "StateProvince": "Washington",
          "PostalCode": "98052",
          "Country": "United States"
        },
        "Rooms": []
      }
    },
    {
      "RequestUri": "https://REDACTED/indexes(\u0027azsearch-indexing-shared-hotel-instance\u0027)/docs(\u0027key45959db20db6ede30\u0027)?api-version=2021-04-30-Preview",
      "RequestMethod": "GET",
      "RequestHeaders": {
        "Accept": "application/json; odata.metadata=none",
        "api-key": "REDACTED",
        "Content-Length": "0",
        "Date": "Thu, 09 Mar 2023 19:53:56 GMT",
        "return-client-request-id": "true",
        "User-Agent": "azsdk-java-azure-search-documents/11.6.0-beta.6 (17.0.5; Windows 11; 10.0)",
        "x-ms-client-request-id": "621cd301-2466-48c1-856e-15785e6f7d5c"
      },
      "RequestBody": null,
      "StatusCode": 200,
      "ResponseHeaders": {
        "Cache-Control": "no-cache",
        "client-request-id": "621cd301-2466-48c1-856e-15785e6f7d5c",
        "Content-Length": "1084",
        "Content-Type": "application/json; odata.metadata=none",
        "Date": "Thu, 09 Mar 2023 19:53:55 GMT",
        "elapsed-time": "16",
        "Expires": "-1",
        "OData-Version": "4.0",
        "Pragma": "no-cache",
        "Preference-Applied": "odata.include-annotations=\u0022*\u0022",
        "request-id": "621cd301-2466-48c1-856e-15785e6f7d5c",
        "Strict-Transport-Security": "max-age=15724800; includeSubDomains",
        "x-ms-client-request-id": "621cd301-2466-48c1-856e-15785e6f7d5c"
      },
      "ResponseBody": {
        "HotelId": "key45959db20db6ede30",
        "HotelName": "Fancy Stay",
        "Description": "Best hotel in town if you like luxury hotels. They have an amazing infinity pool, a spa, and a really helpful concierge. The location is perfect -- right downtown, close to all the tourist attractions. We highly recommend this hotel.",
        "Description_fr": "Meilleur h\u00F4tel en ville si vous aimez les h\u00F4tels de luxe. Ils ont une magnifique piscine \u00E0 d\u00E9bordement, un spa et un concierge tr\u00E8s utile. L\u0027emplacement est parfait \u2013 en plein centre, \u00E0 proximit\u00E9 de toutes les attractions touristiques. Nous recommandons fortement cet h\u00F4tel.",
        "Category": "Luxury",
        "Tags": [
          "pool",
          "view",
          "wifi",
          "concierge"
        ],
        "ParkingIncluded": false,
        "SmokingAllowed": false,
        "LastRenovationDate": "2010-06-27T00:00:00Z",
        "Rating": 5,
        "Location": {
          "type": "Point",
          "coordinates": [
            -122.131577,
            47.678581
          ],
          "crs": {
            "type": "name",
            "properties": {
              "name": "EPSG:4326"
            }
          }
        },
        "Address": {
          "StreetAddress": "1 Microsoft Way",
          "City": "Redmond",
          "StateProvince": "Washington",
          "PostalCode": "98052",
          "Country": "United States"
        },
        "Rooms": []
      }
    }
  ],
  "Variables": {
    "0": "key9137436bf29eb1a18",
    "1": "key82983a82f766f9aaf",
    "2": "key45959db20db6ede30"
  }
}
