{
  "Entries": [
    {
      "RequestUri": "https://REDACTED/aliases?api-version=2021-04-30-Preview",
      "RequestMethod": "POST",
      "RequestHeaders": {
        "Accept": "application/json; odata.metadata=minimal",
        "api-key": "REDACTED",
        "Content-Length": "89",
        "Content-Type": "application/json",
        "Date": "Thu, 09 Mar 2023 19:59:18 GMT",
        "return-client-request-id": "true",
        "User-Agent": "azsdk-java-azure-search-documents/11.6.0-beta.6 (17.0.5; Windows 11; 10.0)",
        "x-ms-client-request-id": "a708397b-2bf1-4752-ada2-11778a6b75d9"
      },
      "RequestBody": {
        "name": "my-alias95814c0af4de82",
        "indexes": [
          "azsearch-search-shared-hotel-instance-one"
        ]
      },
      "StatusCode": 201,
      "ResponseHeaders": {
        "Cache-Control": "no-cache",
        "client-request-id": "a708397b-2bf1-4752-ada2-11778a6b75d9",
        "Content-Length": "188",
        "Content-Type": "application/json; odata.metadata=minimal",
        "Date": "Thu, 09 Mar 2023 19:59:17 GMT",
        "elapsed-time": "49",
        "Expires": "-1",
        "Location": "https://azs-java-alzimmertestproxy.search.windows.net/aliases(\u0027my-alias95814c0af4de82\u0027)?api-version=2021-04-30-Preview",
        "OData-Version": "4.0",
        "Pragma": "no-cache",
        "Preference-Applied": "odata.include-annotations=\u0022*\u0022",
        "request-id": "a708397b-2bf1-4752-ada2-11778a6b75d9",
        "Strict-Transport-Security": "max-age=15724800; includeSubDomains",
        "x-ms-client-request-id": "a708397b-2bf1-4752-ada2-11778a6b75d9"
      },
      "ResponseBody": {
        "@odata.context": "https://azs-java-alzimmertestproxy.search.windows.net/$metadata#aliases/$entity",
        "name": "my-alias95814c0af4de82",
        "indexes": [
          "azsearch-search-shared-hotel-instance-one"
        ]
      }
    },
    {
      "RequestUri": "https://REDACTED/aliases?api-version=2021-04-30-Preview",
      "RequestMethod": "POST",
      "RequestHeaders": {
        "Accept": "application/json; odata.metadata=minimal",
        "api-key": "REDACTED",
        "Content-Length": "89",
        "Content-Type": "application/json",
        "Date": "Thu, 09 Mar 2023 19:59:18 GMT",
        "return-client-request-id": "true",
        "User-Agent": "azsdk-java-azure-search-documents/11.6.0-beta.6 (17.0.5; Windows 11; 10.0)",
        "x-ms-client-request-id": "523d9f10-dfa6-4872-82cc-5a1ba577167a"
      },
      "RequestBody": {
        "name": "my-alias9398299a48bc98",
        "indexes": [
          "azsearch-search-shared-hotel-instance-one"
        ]
      },
      "StatusCode": 201,
      "ResponseHeaders": {
        "Cache-Control": "no-cache",
        "client-request-id": "523d9f10-dfa6-4872-82cc-5a1ba577167a",
        "Content-Length": "188",
        "Content-Type": "application/json; odata.metadata=minimal",
        "Date": "Thu, 09 Mar 2023 19:59:17 GMT",
        "elapsed-time": "50",
        "Expires": "-1",
        "Location": "https://azs-java-alzimmertestproxy.search.windows.net/aliases(\u0027my-alias9398299a48bc98\u0027)?api-version=2021-04-30-Preview",
        "OData-Version": "4.0",
        "Pragma": "no-cache",
        "Preference-Applied": "odata.include-annotations=\u0022*\u0022",
        "request-id": "523d9f10-dfa6-4872-82cc-5a1ba577167a",
        "Strict-Transport-Security": "max-age=15724800; includeSubDomains",
        "x-ms-client-request-id": "523d9f10-dfa6-4872-82cc-5a1ba577167a"
      },
      "ResponseBody": {
        "@odata.context": "https://azs-java-alzimmertestproxy.search.windows.net/$metadata#aliases/$entity",
        "name": "my-alias9398299a48bc98",
        "indexes": [
          "azsearch-search-shared-hotel-instance-one"
        ]
      }
    },
    {
      "RequestUri": "https://REDACTED/aliases?api-version=2021-04-30-Preview",
      "RequestMethod": "POST",
      "RequestHeaders": {
        "Accept": "application/json; odata.metadata=minimal",
        "api-key": "REDACTED",
        "Content-Length": "89",
        "Content-Type": "application/json",
        "Date": "Thu, 09 Mar 2023 19:59:18 GMT",
        "return-client-request-id": "true",
        "User-Agent": "azsdk-java-azure-search-documents/11.6.0-beta.6 (17.0.5; Windows 11; 10.0)",
        "x-ms-client-request-id": "df1e18b5-5da6-46c2-984d-acc5d50d5d5f"
      },
      "RequestBody": {
        "name": "my-alias350140b3191911",
        "indexes": [
          "azsearch-search-shared-hotel-instance-one"
        ]
      },
      "StatusCode": 201,
      "ResponseHeaders": {
        "Cache-Control": "no-cache",
        "client-request-id": "df1e18b5-5da6-46c2-984d-acc5d50d5d5f",
        "Content-Length": "188",
        "Content-Type": "application/json; odata.metadata=minimal",
        "Date": "Thu, 09 Mar 2023 19:59:17 GMT",
        "elapsed-time": "47",
        "Expires": "-1",
        "Location": "https://azs-java-alzimmertestproxy.search.windows.net/aliases(\u0027my-alias350140b3191911\u0027)?api-version=2021-04-30-Preview",
        "OData-Version": "4.0",
        "Pragma": "no-cache",
        "Preference-Applied": "odata.include-annotations=\u0022*\u0022",
        "request-id": "df1e18b5-5da6-46c2-984d-acc5d50d5d5f",
        "Strict-Transport-Security": "max-age=15724800; includeSubDomains",
        "x-ms-client-request-id": "df1e18b5-5da6-46c2-984d-acc5d50d5d5f"
      },
      "ResponseBody": {
        "@odata.context": "https://azs-java-alzimmertestproxy.search.windows.net/$metadata#aliases/$entity",
        "name": "my-alias350140b3191911",
        "indexes": [
          "azsearch-search-shared-hotel-instance-one"
        ]
      }
    },
    {
      "RequestUri": "https://REDACTED/aliases?api-version=2021-04-30-Preview",
      "RequestMethod": "GET",
      "RequestHeaders": {
        "Accept": "application/json; odata.metadata=minimal",
        "api-key": "REDACTED",
        "Content-Length": "0",
        "Date": "Thu, 09 Mar 2023 19:59:18 GMT",
        "return-client-request-id": "true",
        "User-Agent": "azsdk-java-azure-search-documents/11.6.0-beta.6 (17.0.5; Windows 11; 10.0)",
        "x-ms-client-request-id": "535c4835-24bd-4c6a-bdee-5f79746cb003"
      },
      "RequestBody": null,
      "StatusCode": 200,
      "ResponseHeaders": {
        "Cache-Control": "no-cache",
        "client-request-id": "535c4835-24bd-4c6a-bdee-5f79746cb003",
        "Content-Length": "372",
        "Content-Type": "application/json; odata.metadata=minimal",
        "Date": "Thu, 09 Mar 2023 19:59:17 GMT",
        "elapsed-time": "4",
        "Expires": "-1",
        "OData-Version": "4.0",
        "Pragma": "no-cache",
        "Preference-Applied": "odata.include-annotations=\u0022*\u0022",
        "request-id": "535c4835-24bd-4c6a-bdee-5f79746cb003",
        "Strict-Transport-Security": "max-age=15724800; includeSubDomains",
        "x-ms-client-request-id": "535c4835-24bd-4c6a-bdee-5f79746cb003"
      },
      "ResponseBody": {
        "@odata.context": "https://azs-java-alzimmertestproxy.search.windows.net/$metadata#aliases",
        "value": [
          {
            "name": "my-alias350140b3191911",
            "indexes": [
              "azsearch-search-shared-hotel-instance-one"
            ]
          },
          {
            "name": "my-alias9398299a48bc98",
            "indexes": [
              "azsearch-search-shared-hotel-instance-one"
            ]
          },
          {
            "name": "my-alias95814c0af4de82",
            "indexes": [
              "azsearch-search-shared-hotel-instance-one"
            ]
          }
        ]
      }
    }
  ],
  "Variables": {
    "0": "my-alias95814c0af4de82",
    "1": "my-alias9398299a48bc98",
    "2": "my-alias350140b3191911"
  }
}
