{
  "Entries": [
    {
      "RequestUri": "https://REDACTED/skillsets(\u0027ocr-skillset38703a9c6632a9164430\u0027)?api-version=2021-04-30-Preview",
      "RequestMethod": "PUT",
      "RequestHeaders": {
        "Accept": "application/json; odata.metadata=minimal",
        "api-key": "REDACTED",
        "Content-Length": "418",
        "Content-Type": "application/json",
        "Date": "Thu, 09 Mar 2023 20:18:58 GMT",
        "Prefer": "return=representation",
        "return-client-request-id": "true",
        "User-Agent": "azsdk-java-azure-search-documents/11.6.0-beta.6 (17.0.5; Windows 11; 10.0)",
        "x-ms-client-request-id": "1ac5f032-0ba9-4b27-9877-b046a1ad1606"
      },
      "RequestBody": {
        "name": "ocr-skillset38703a9c6632a9164430",
        "description": "Skillset for testing default configuration",
        "skills": [
          {
            "@odata.type": "#Microsoft.Skills.Vision.OcrSkill",
            "inputs": [
              {
                "name": "url",
                "source": "/document/url"
              },
              {
                "name": "queryString",
                "source": "/document/queryString"
              }
            ],
            "outputs": [
              {
                "name": "text",
                "targetName": "mytext"
              }
            ],
            "name": "myocr",
            "description": "Tested OCR skill",
            "context": "/document",
            "detectOrientation": false
          }
        ]
      },
      "StatusCode": 201,
      "ResponseHeaders": {
        "Cache-Control": "no-cache",
        "client-request-id": "1ac5f032-0ba9-4b27-9877-b046a1ad1606",
        "Content-Length": "767",
        "Content-Type": "application/json; odata.metadata=minimal",
        "Date": "Thu, 09 Mar 2023 20:18:57 GMT",
        "elapsed-time": "45",
        "ETag": "W/\u00220x8DB20DB836C35E1\u0022",
        "Expires": "-1",
        "Location": "https://azs-java-alzimmertestproxy.search.windows.net/skillsets(\u0027ocr-skillset38703a9c6632a9164430\u0027)?api-version=2021-04-30-Preview",
        "OData-Version": "4.0",
        "Pragma": "no-cache",
        "Preference-Applied": "odata.include-annotations=\u0022*\u0022",
        "request-id": "1ac5f032-0ba9-4b27-9877-b046a1ad1606",
        "Strict-Transport-Security": "max-age=15724800; includeSubDomains",
        "x-ms-client-request-id": "1ac5f032-0ba9-4b27-9877-b046a1ad1606"
      },
      "ResponseBody": {
        "@odata.context": "https://azs-java-alzimmertestproxy.search.windows.net/$metadata#skillsets/$entity",
        "@odata.etag": "\u00220x8DB20DB836C35E1\u0022",
        "name": "ocr-skillset38703a9c6632a9164430",
        "description": "Skillset for testing default configuration",
        "skills": [
          {
            "@odata.type": "#Microsoft.Skills.Vision.OcrSkill",
            "name": "myocr",
            "description": "Tested OCR skill",
            "context": "/document",
            "textExtractionAlgorithm": null,
            "lineEnding": null,
            "defaultLanguageCode": null,
            "detectOrientation": false,
            "inputs": [
              {
                "name": "url",
                "source": "/document/url",
                "sourceContext": null,
                "inputs": []
              },
              {
                "name": "queryString",
                "source": "/document/queryString",
                "sourceContext": null,
                "inputs": []
              }
            ],
            "outputs": [
              {
                "name": "text",
                "targetName": "mytext"
              }
            ]
          }
        ],
        "cognitiveServices": null,
        "knowledgeStore": null,
        "encryptionKey": null
      }
    },
    {
      "RequestUri": "https://REDACTED/skillsets(\u0027ocr-skillset38703a9c6632a9164430\u0027)?api-version=2021-04-30-Preview",
      "RequestMethod": "PUT",
      "RequestHeaders": {
        "Accept": "application/json; odata.metadata=minimal",
        "api-key": "REDACTED",
        "Content-Length": "461",
        "Content-Type": "application/json",
        "Date": "Thu, 09 Mar 2023 20:18:58 GMT",
        "If-Match": "\u00220x8DB20DB836C35E1\u0022",
        "Prefer": "return=representation",
        "return-client-request-id": "true",
        "User-Agent": "azsdk-java-azure-search-documents/11.6.0-beta.6 (17.0.5; Windows 11; 10.0)",
        "x-ms-client-request-id": "0196b6ef-b340-47e5-8606-32bcd01d9dd7"
      },
      "RequestBody": {
        "name": "ocr-skillset38703a9c6632a9164430",
        "description": "Skillset for testing default configuration",
        "skills": [
          {
            "@odata.type": "#Microsoft.Skills.Text.KeyPhraseExtractionSkill",
            "inputs": [
              {
                "name": "text",
                "source": "/document/mydescription/*/Tags/*"
              }
            ],
            "outputs": [
              {
                "name": "keyPhrases",
                "targetName": "myKeyPhrases"
              }
            ],
            "name": "mykeyphrases",
            "description": "Tested Key Phrase skill",
            "context": "/document",
            "defaultLanguageCode": "en"
          }
        ],
        "@odata.etag": "\u00220x8DB20DB836C35E1\u0022"
      },
      "StatusCode": 200,
      "ResponseHeaders": {
        "Cache-Control": "no-cache",
        "client-request-id": "0196b6ef-b340-47e5-8606-32bcd01d9dd7",
        "Content-Length": "708",
        "Content-Type": "application/json; odata.metadata=minimal",
        "Date": "Thu, 09 Mar 2023 20:18:57 GMT",
        "elapsed-time": "47",
        "ETag": "W/\u00220x8DB20DB837FBB08\u0022",
        "Expires": "-1",
        "OData-Version": "4.0",
        "Pragma": "no-cache",
        "Preference-Applied": "odata.include-annotations=\u0022*\u0022",
        "request-id": "0196b6ef-b340-47e5-8606-32bcd01d9dd7",
        "Strict-Transport-Security": "max-age=15724800; includeSubDomains",
        "x-ms-client-request-id": "0196b6ef-b340-47e5-8606-32bcd01d9dd7"
      },
      "ResponseBody": {
        "@odata.context": "https://azs-java-alzimmertestproxy.search.windows.net/$metadata#skillsets/$entity",
        "@odata.etag": "\u00220x8DB20DB837FBB08\u0022",
        "name": "ocr-skillset38703a9c6632a9164430",
        "description": "Skillset for testing default configuration",
        "skills": [
          {
            "@odata.type": "#Microsoft.Skills.Text.KeyPhraseExtractionSkill",
            "name": "mykeyphrases",
            "description": "Tested Key Phrase skill",
            "context": "/document",
            "defaultLanguageCode": "en",
            "maxKeyPhraseCount": null,
            "modelVersion": null,
            "inputs": [
              {
                "name": "text",
                "source": "/document/mydescription/*/Tags/*",
                "sourceContext": null,
                "inputs": []
              }
            ],
            "outputs": [
              {
                "name": "keyPhrases",
                "targetName": "myKeyPhrases"
              }
            ]
          }
        ],
        "cognitiveServices": null,
        "knowledgeStore": null,
        "encryptionKey": null
      }
    },
    {
      "RequestUri": "https://REDACTED/skillsets(\u0027ocr-skillset38703a9c6632a9164430\u0027)?api-version=2021-04-30-Preview",
      "RequestMethod": "PUT",
      "RequestHeaders": {
        "Accept": "application/json; odata.metadata=minimal",
        "api-key": "REDACTED",
        "Content-Length": "461",
        "Content-Type": "application/json",
        "Date": "Thu, 09 Mar 2023 20:18:58 GMT",
        "If-Match": "\u00220x8DB20DB836C35E1\u0022",
        "Prefer": "return=representation",
        "return-client-request-id": "true",
        "User-Agent": "azsdk-java-azure-search-documents/11.6.0-beta.6 (17.0.5; Windows 11; 10.0)",
        "x-ms-client-request-id": "aa9297b2-85ef-40cc-b627-892b795fcd10"
      },
      "RequestBody": {
        "name": "ocr-skillset38703a9c6632a9164430",
        "description": "Skillset for testing default configuration",
        "skills": [
          {
            "@odata.type": "#Microsoft.Skills.Text.KeyPhraseExtractionSkill",
            "inputs": [
              {
                "name": "text",
                "source": "/document/mydescription/*/Tags/*"
              }
            ],
            "outputs": [
              {
                "name": "keyPhrases",
                "targetName": "myKeyPhrases"
              }
            ],
            "name": "mykeyphrases",
            "description": "Tested Key Phrase skill",
            "context": "/document",
            "defaultLanguageCode": "en"
          }
        ],
        "@odata.etag": "\u00220x8DB20DB836C35E1\u0022"
      },
      "StatusCode": 412,
      "ResponseHeaders": {
        "Cache-Control": "no-cache",
        "client-request-id": "aa9297b2-85ef-40cc-b627-892b795fcd10",
        "Content-Language": "en",
        "Content-Length": "160",
        "Content-Type": "application/json; charset=utf-8",
        "Date": "Thu, 09 Mar 2023 20:18:57 GMT",
        "elapsed-time": "13",
        "Expires": "-1",
        "Pragma": "no-cache",
        "Preference-Applied": "odata.include-annotations=\u0022*\u0022",
        "request-id": "aa9297b2-85ef-40cc-b627-892b795fcd10",
        "Strict-Transport-Security": "max-age=15724800; includeSubDomains",
        "x-ms-client-request-id": "aa9297b2-85ef-40cc-b627-892b795fcd10"
      },
      "ResponseBody": {
        "error": {
          "code": "",
          "message": "The precondition given in one of the request headers evaluated to false. No change was made to the resource from this request."
        }
      }
    },
    {
      "RequestUri": "https://REDACTED/skillsets(\u0027ocr-skillset38703a9c6632a9164430\u0027)?api-version=2021-04-30-Preview",
      "RequestMethod": "DELETE",
      "RequestHeaders": {
        "Accept": "application/json; odata.metadata=minimal",
        "api-key": "REDACTED",
        "Content-Length": "0",
        "Date": "Thu, 09 Mar 2023 20:18:58 GMT",
        "return-client-request-id": "true",
        "User-Agent": "azsdk-java-azure-search-documents/11.6.0-beta.6 (17.0.5; Windows 11; 10.0)",
        "x-ms-client-request-id": "423b73a6-4582-4dd9-bcdd-d21e6335d723"
      },
      "RequestBody": null,
      "StatusCode": 204,
      "ResponseHeaders": {
        "Cache-Control": "no-cache",
        "client-request-id": "423b73a6-4582-4dd9-bcdd-d21e6335d723",
        "Date": "Thu, 09 Mar 2023 20:18:57 GMT",
        "elapsed-time": "28",
        "Expires": "-1",
        "Pragma": "no-cache",
        "request-id": "423b73a6-4582-4dd9-bcdd-d21e6335d723",
        "Strict-Transport-Security": "max-age=15724800; includeSubDomains",
        "x-ms-client-request-id": "423b73a6-4582-4dd9-bcdd-d21e6335d723"
      },
      "ResponseBody": null
    }
  ],
  "Variables": {
    "0": "ocr-skillset38703a9c6632a9164430"
  }
}
