{
  "Entries": [
    {
      "RequestUri": "https://REDACTED/skillsets?api-version=2021-04-30-Preview",
      "RequestMethod": "POST",
      "RequestHeaders": {
        "Accept": "application/json; odata.metadata=minimal",
        "api-key": "REDACTED",
        "Content-Length": "494",
        "Content-Type": "application/json",
        "Date": "Thu, 09 Mar 2023 20:19:00 GMT",
        "return-client-request-id": "true",
        "User-Agent": "azsdk-java-azure-search-documents/11.6.0-beta.6 (17.0.5; Windows 11; 10.0)",
        "x-ms-client-request-id": "cb6b16fa-1121-4b24-8d90-bc6bfe3a59ae"
      },
      "RequestBody": {
        "name": "cognitive-services-key-skillset244507e1ca1",
        "description": "Skillset for testing",
        "skills": [
          {
            "@odata.type": "#Microsoft.Skills.Vision.OcrSkill",
            "inputs": [
              {
                "name": "url",
                "source": "/document/url"
              },
              {
                "name": "queryString",
                "source": "/document/queryString"
              }
            ],
            "outputs": [
              {
                "name": "text",
                "targetName": "mytext"
              }
            ],
            "name": "myocr",
            "description": "Tested OCR skill",
            "context": "/document",
            "defaultLanguageCode": "en"
          }
        ],
        "cognitiveServices": {
          "@odata.type": "#Microsoft.Azure.Search.DefaultCognitiveServices"
        }
      },
      "StatusCode": 201,
      "ResponseHeaders": {
        "Cache-Control": "no-cache",
        "client-request-id": "cb6b16fa-1121-4b24-8d90-bc6bfe3a59ae",
        "Content-Length": "835",
        "Content-Type": "application/json; odata.metadata=minimal",
        "Date": "Thu, 09 Mar 2023 20:18:58 GMT",
        "elapsed-time": "45",
        "ETag": "W/\u00220x8DB20DB846DA182\u0022",
        "Expires": "-1",
        "Location": "https://azs-java-alzimmertestproxy.search.windows.net/skillsets(\u0027cognitive-services-key-skillset244507e1ca1\u0027)?api-version=2021-04-30-Preview",
        "OData-Version": "4.0",
        "Pragma": "no-cache",
        "Preference-Applied": "odata.include-annotations=\u0022*\u0022",
        "request-id": "cb6b16fa-1121-4b24-8d90-bc6bfe3a59ae",
        "Strict-Transport-Security": "max-age=15724800; includeSubDomains",
        "x-ms-client-request-id": "cb6b16fa-1121-4b24-8d90-bc6bfe3a59ae"
      },
      "ResponseBody": {
        "@odata.context": "https://azs-java-alzimmertestproxy.search.windows.net/$metadata#skillsets/$entity",
        "@odata.etag": "\u00220x8DB20DB846DA182\u0022",
        "name": "cognitive-services-key-skillset244507e1ca1",
        "description": "Skillset for testing",
        "skills": [
          {
            "@odata.type": "#Microsoft.Skills.Vision.OcrSkill",
            "name": "myocr",
            "description": "Tested OCR skill",
            "context": "/document",
            "textExtractionAlgorithm": null,
            "lineEnding": null,
            "defaultLanguageCode": "en",
            "detectOrientation": null,
            "inputs": [
              {
                "name": "url",
                "source": "/document/url",
                "sourceContext": null,
                "inputs": []
              },
              {
                "name": "queryString",
                "source": "/document/queryString",
                "sourceContext": null,
                "inputs": []
              }
            ],
            "outputs": [
              {
                "name": "text",
                "targetName": "mytext"
              }
            ]
          }
        ],
        "cognitiveServices": {
          "@odata.type": "#Microsoft.Azure.Search.DefaultCognitiveServices",
          "description": null
        },
        "knowledgeStore": null,
        "encryptionKey": null
      }
    },
    {
      "RequestUri": "https://REDACTED/skillsets?api-version=2021-04-30-Preview",
      "RequestMethod": "POST",
      "RequestHeaders": {
        "Accept": "application/json; odata.metadata=minimal",
        "api-key": "REDACTED",
        "Content-Length": "298",
        "Content-Type": "application/json",
        "Date": "Thu, 09 Mar 2023 20:19:00 GMT",
        "return-client-request-id": "true",
        "User-Agent": "azsdk-java-azure-search-documents/11.6.0-beta.6 (17.0.5; Windows 11; 10.0)",
        "x-ms-client-request-id": "e2a8a385-df8d-4f40-a66b-c27cedd729a3"
      },
      "RequestBody": {
        "name": "entity-recognition-skillset6698106396116",
        "description": "Skillset for testing default configuration",
        "skills": [
          {
            "@odata.type": "#Microsoft.Skills.Text.EntityRecognitionSkill",
            "inputs": [
              {
                "name": "text",
                "source": "/document/mytext"
              }
            ],
            "outputs": [
              {
                "name": "entities",
                "targetName": "myEntities"
              }
            ]
          }
        ]
      },
      "StatusCode": 201,
      "ResponseHeaders": {
        "Cache-Control": "no-cache",
        "client-request-id": "e2a8a385-df8d-4f40-a66b-c27cedd729a3",
        "Content-Length": "682",
        "Content-Type": "application/json; odata.metadata=minimal",
        "Date": "Thu, 09 Mar 2023 20:18:58 GMT",
        "elapsed-time": "46",
        "ETag": "W/\u00220x8DB20DB8480636C\u0022",
        "Expires": "-1",
        "Location": "https://azs-java-alzimmertestproxy.search.windows.net/skillsets(\u0027entity-recognition-skillset6698106396116\u0027)?api-version=2021-04-30-Preview",
        "OData-Version": "4.0",
        "Pragma": "no-cache",
        "Preference-Applied": "odata.include-annotations=\u0022*\u0022",
        "request-id": "e2a8a385-df8d-4f40-a66b-c27cedd729a3",
        "Strict-Transport-Security": "max-age=15724800; includeSubDomains",
        "x-ms-client-request-id": "e2a8a385-df8d-4f40-a66b-c27cedd729a3"
      },
      "ResponseBody": {
        "@odata.context": "https://azs-java-alzimmertestproxy.search.windows.net/$metadata#skillsets/$entity",
        "@odata.etag": "\u00220x8DB20DB8480636C\u0022",
        "name": "entity-recognition-skillset6698106396116",
        "description": "Skillset for testing default configuration",
        "skills": [
          {
            "@odata.type": "#Microsoft.Skills.Text.EntityRecognitionSkill",
            "name": null,
            "description": null,
            "context": null,
            "categories": [],
            "defaultLanguageCode": null,
            "minimumPrecision": null,
            "includeTypelessEntities": null,
            "inputs": [
              {
                "name": "text",
                "source": "/document/mytext",
                "sourceContext": null,
                "inputs": []
              }
            ],
            "outputs": [
              {
                "name": "entities",
                "targetName": "myEntities"
              }
            ]
          }
        ],
        "cognitiveServices": null,
        "knowledgeStore": null,
        "encryptionKey": null
      }
    },
    {
      "RequestUri": "https://REDACTED/skillsets?$select=name\u0026api-version=2021-04-30-Preview",
      "RequestMethod": "GET",
      "RequestHeaders": {
        "Accept": "application/json; odata.metadata=minimal",
        "api-key": "REDACTED",
        "Content-Length": "0",
        "Date": "Thu, 09 Mar 2023 20:19:00 GMT",
        "return-client-request-id": "true",
        "User-Agent": "azsdk-java-azure-search-documents/11.6.0-beta.6 (17.0.5; Windows 11; 10.0)",
        "x-ms-client-request-id": "637276ab-8d13-448c-9e8a-90b9df4342af"
      },
      "RequestBody": null,
      "StatusCode": 200,
      "ResponseHeaders": {
        "Cache-Control": "no-cache",
        "client-request-id": "637276ab-8d13-448c-9e8a-90b9df4342af",
        "Content-Length": "216",
        "Content-Type": "application/json; odata.metadata=minimal",
        "Date": "Thu, 09 Mar 2023 20:18:58 GMT",
        "elapsed-time": "10",
        "Expires": "-1",
        "OData-Version": "4.0",
        "Pragma": "no-cache",
        "Preference-Applied": "odata.include-annotations=\u0022*\u0022",
        "request-id": "637276ab-8d13-448c-9e8a-90b9df4342af",
        "Strict-Transport-Security": "max-age=15724800; includeSubDomains",
        "x-ms-client-request-id": "637276ab-8d13-448c-9e8a-90b9df4342af"
      },
      "ResponseBody": {
        "@odata.context": "https://azs-java-alzimmertestproxy.search.windows.net/$metadata#skillsets(name)",
        "value": [
          {
            "name": "cognitive-services-key-skillset244507e1ca1"
          },
          {
            "name": "entity-recognition-skillset6698106396116"
          }
        ]
      }
    },
    {
      "RequestUri": "https://REDACTED/skillsets(\u0027cognitive-services-key-skillset244507e1ca1\u0027)?api-version=2021-04-30-Preview",
      "RequestMethod": "DELETE",
      "RequestHeaders": {
        "Accept": "application/json; odata.metadata=minimal",
        "api-key": "REDACTED",
        "Content-Length": "0",
        "Date": "Thu, 09 Mar 2023 20:19:00 GMT",
        "return-client-request-id": "true",
        "User-Agent": "azsdk-java-azure-search-documents/11.6.0-beta.6 (17.0.5; Windows 11; 10.0)",
        "x-ms-client-request-id": "fec61196-9df4-4472-9772-6b18ceac9375"
      },
      "RequestBody": null,
      "StatusCode": 204,
      "ResponseHeaders": {
        "Cache-Control": "no-cache",
        "client-request-id": "fec61196-9df4-4472-9772-6b18ceac9375",
        "Date": "Thu, 09 Mar 2023 20:18:59 GMT",
        "elapsed-time": "31",
        "Expires": "-1",
        "Pragma": "no-cache",
        "request-id": "fec61196-9df4-4472-9772-6b18ceac9375",
        "Strict-Transport-Security": "max-age=15724800; includeSubDomains",
        "x-ms-client-request-id": "fec61196-9df4-4472-9772-6b18ceac9375"
      },
      "ResponseBody": null
    },
    {
      "RequestUri": "https://REDACTED/skillsets(\u0027entity-recognition-skillset6698106396116\u0027)?api-version=2021-04-30-Preview",
      "RequestMethod": "DELETE",
      "RequestHeaders": {
        "Accept": "application/json; odata.metadata=minimal",
        "api-key": "REDACTED",
        "Content-Length": "0",
        "Date": "Thu, 09 Mar 2023 20:19:00 GMT",
        "return-client-request-id": "true",
        "User-Agent": "azsdk-java-azure-search-documents/11.6.0-beta.6 (17.0.5; Windows 11; 10.0)",
        "x-ms-client-request-id": "b4416b19-9318-4b51-969d-c551471d7d0f"
      },
      "RequestBody": null,
      "StatusCode": 204,
      "ResponseHeaders": {
        "Cache-Control": "no-cache",
        "client-request-id": "b4416b19-9318-4b51-969d-c551471d7d0f",
        "Date": "Thu, 09 Mar 2023 20:18:59 GMT",
        "elapsed-time": "30",
        "Expires": "-1",
        "Pragma": "no-cache",
        "request-id": "b4416b19-9318-4b51-969d-c551471d7d0f",
        "Strict-Transport-Security": "max-age=15724800; includeSubDomains",
        "x-ms-client-request-id": "b4416b19-9318-4b51-969d-c551471d7d0f"
      },
      "ResponseBody": null
    }
  ],
  "Variables": {
    "0": "cognitive-services-key-skillset244507e1ca1",
    "1": "entity-recognition-skillset6698106396116"
  }
}
