{
  "Entries": [
    {
      "RequestUri": "https://REDACTED/formrecognizer/documentModels:build?api-version=2023-02-28-preview",
      "RequestMethod": "POST",
      "RequestHeaders": {
        "Accept": "application/json",
        "Authorization": "Sanitized",
        "Content-Length": "119",
        "Content-Type": "application/json",
        "Date": "Fri, 14 Apr 2023 18:19:22 GMT",
        "User-Agent": "azsdk-java-azure-ai-formrecognizer/4.1.0-beta.1 (11.0.9; Windows 10; 10.0)",
        "x-ms-client-request-id": "6f8c14e8-792b-4ac4-8675-e25af23d9a07"
      },
      "RequestBody": {
        "modelId": "9be532d9-4992-474b-89ae-820e912aa1a4",
        "buildMode": "template",
        "azureBlobSource": {
          "containerUrl": "REDACTED"
        }
      },
      "StatusCode": 202,
      "ResponseHeaders": {
        "apim-request-id": "6c4132b4-f2d8-477a-9ed7-ba0eaff64ca6",
        "Content-Length": "0",
        "Date": "Fri, 14 Apr 2023 18:19:23 GMT",
        "operation-location": "https://REDACTED/formrecognizer/operations/31484871638_6c4132b4-f2d8-477a-9ed7-ba0eaff64ca6?api-version=2023-02-28-preview",
        "Strict-Transport-Security": "max-age=31536000; includeSubDomains; preload",
        "X-Content-Type-Options": "nosniff",
        "x-envoy-upstream-service-time": "2318",
        "x-ms-region": "East US"
      },
      "ResponseBody": null
    },
    {
      "RequestUri": "https://REDACTED/formrecognizer/operations/31484871638_6c4132b4-f2d8-477a-9ed7-ba0eaff64ca6?api-version=2023-02-28-preview",
      "RequestMethod": "GET",
      "RequestHeaders": {
        "Accept": "application/json",
        "Authorization": "Sanitized",
        "Content-Length": "0",
        "Date": "Fri, 14 Apr 2023 18:19:30 GMT",
        "User-Agent": "azsdk-java-azure-ai-formrecognizer/4.1.0-beta.1 (11.0.9; Windows 10; 10.0)",
        "x-ms-client-request-id": "17d8f39a-625f-4bca-859c-f0d2a35cec4e"
      },
      "RequestBody": null,
      "StatusCode": 200,
      "ResponseHeaders": {
        "apim-request-id": "7bcf463b-e9db-4947-aa07-2b3344f1fb09",
        "Content-Type": "application/json; charset=utf-8",
        "Date": "Fri, 14 Apr 2023 18:19:28 GMT",
        "Strict-Transport-Security": "max-age=31536000; includeSubDomains; preload",
        "Transfer-Encoding": "chunked",
        "X-Content-Type-Options": "nosniff",
        "x-envoy-upstream-service-time": "31",
        "x-ms-region": "East US"
      },
      "ResponseBody": {
        "operationId": "31484871638_6c4132b4-f2d8-477a-9ed7-ba0eaff64ca6",
        "kind": "documentModelBuild",
        "status": "succeeded",
        "createdDateTime": "2023-04-14T18:19:21Z",
        "lastUpdatedDateTime": "2023-04-14T18:19:25Z",
        "resourceLocation": "REDACTED",
        "percentCompleted": 100,
        "result": {
          "docTypes": {
            "9be532d9-4992-474b-89ae-820e912aa1a4": {
              "fieldSchema": {
                "Merchant": {
                  "type": "string"
                },
                "PhoneNumber": {
                  "type": "string"
                },
                "Website": {
                  "type": "string"
                },
                "Email": {
                  "type": "string"
                },
                "PurchaseOrderNumber": {
                  "type": "string"
                },
                "DatedAs": {
                  "type": "string"
                },
                "VendorName": {
                  "type": "string"
                },
                "CompanyName": {
                  "type": "string"
                },
                "CompanyAddress": {
                  "type": "string"
                },
                "CompanyPhoneNumber": {
                  "type": "string"
                },
                "Subtotal": {
                  "type": "string"
                },
                "Tax": {
                  "type": "string"
                },
                "Total": {
                  "type": "string"
                },
                "Signature": {
                  "type": "string"
                },
                "Quantity": {
                  "type": "number"
                }
              },
              "buildMode": "template",
              "fieldConfidence": {
                "CompanyAddress": 0.8,
                "CompanyName": 0.995,
                "CompanyPhoneNumber": 0.995,
                "DatedAs": 0.995,
                "Email": 0.8,
                "Merchant": 0.995,
                "PhoneNumber": 0.995,
                "PurchaseOrderNumber": 0.995,
                "Quantity": 0.995,
                "Signature": 0.8,
                "Subtotal": 0.995,
                "Tax": 0.995,
                "Total": 0.995,
                "VendorName": 0.995,
                "Website": 0.995
              }
            }
          },
          "modelId": "9be532d9-4992-474b-89ae-820e912aa1a4",
          "createdDateTime": "2023-04-14T18:19:25Z",
          "expirationDateTime": "2025-04-13T18:19:25Z",
          "apiVersion": "2023-02-28-preview"
        }
      }
    },
    {
      "RequestUri": "https://REDACTED/formrecognizer/operations/31484871638_6c4132b4-f2d8-477a-9ed7-ba0eaff64ca6?api-version=2023-02-28-preview",
      "RequestMethod": "GET",
      "RequestHeaders": {
        "Accept": "application/json",
        "Authorization": "Sanitized",
        "Content-Length": "0",
        "Date": "Fri, 14 Apr 2023 18:19:30 GMT",
        "User-Agent": "azsdk-java-azure-ai-formrecognizer/4.1.0-beta.1 (11.0.9; Windows 10; 10.0)",
        "x-ms-client-request-id": "b7da149b-1409-41ec-9e6d-66cb593670cb"
      },
      "RequestBody": null,
      "StatusCode": 200,
      "ResponseHeaders": {
        "apim-request-id": "d84bec8a-ad89-4c65-8a2e-e9db2e5798c2",
        "Content-Type": "application/json; charset=utf-8",
        "Date": "Fri, 14 Apr 2023 18:19:28 GMT",
        "Strict-Transport-Security": "max-age=31536000; includeSubDomains; preload",
        "Transfer-Encoding": "chunked",
        "X-Content-Type-Options": "nosniff",
        "x-envoy-upstream-service-time": "15",
        "x-ms-region": "East US"
      },
      "ResponseBody": {
        "operationId": "31484871638_6c4132b4-f2d8-477a-9ed7-ba0eaff64ca6",
        "kind": "documentModelBuild",
        "status": "succeeded",
        "createdDateTime": "2023-04-14T18:19:21Z",
        "lastUpdatedDateTime": "2023-04-14T18:19:25Z",
        "resourceLocation": "REDACTED",
        "percentCompleted": 100,
        "result": {
          "docTypes": {
            "9be532d9-4992-474b-89ae-820e912aa1a4": {
              "fieldSchema": {
                "Merchant": {
                  "type": "string"
                },
                "PhoneNumber": {
                  "type": "string"
                },
                "Website": {
                  "type": "string"
                },
                "Email": {
                  "type": "string"
                },
                "PurchaseOrderNumber": {
                  "type": "string"
                },
                "DatedAs": {
                  "type": "string"
                },
                "VendorName": {
                  "type": "string"
                },
                "CompanyName": {
                  "type": "string"
                },
                "CompanyAddress": {
                  "type": "string"
                },
                "CompanyPhoneNumber": {
                  "type": "string"
                },
                "Subtotal": {
                  "type": "string"
                },
                "Tax": {
                  "type": "string"
                },
                "Total": {
                  "type": "string"
                },
                "Signature": {
                  "type": "string"
                },
                "Quantity": {
                  "type": "number"
                }
              },
              "buildMode": "template",
              "fieldConfidence": {
                "CompanyAddress": 0.8,
                "CompanyName": 0.995,
                "CompanyPhoneNumber": 0.995,
                "DatedAs": 0.995,
                "Email": 0.8,
                "Merchant": 0.995,
                "PhoneNumber": 0.995,
                "PurchaseOrderNumber": 0.995,
                "Quantity": 0.995,
                "Signature": 0.8,
                "Subtotal": 0.995,
                "Tax": 0.995,
                "Total": 0.995,
                "VendorName": 0.995,
                "Website": 0.995
              }
            }
          },
          "modelId": "9be532d9-4992-474b-89ae-820e912aa1a4",
          "createdDateTime": "2023-04-14T18:19:25Z",
          "expirationDateTime": "2025-04-13T18:19:25Z",
          "apiVersion": "2023-02-28-preview"
        }
      }
    },
    {
      "RequestUri": "https://REDACTED/formrecognizer/documentModels:authorizeCopy?api-version=2023-02-28-preview",
      "RequestMethod": "POST",
      "RequestHeaders": {
        "Accept": "application/json",
        "Authorization": "Sanitized",
        "Content-Length": "95",
        "Content-Type": "application/json",
        "Date": "Fri, 14 Apr 2023 18:19:30 GMT",
        "User-Agent": "azsdk-java-azure-ai-formrecognizer/4.1.0-beta.1 (11.0.9; Windows 10; 10.0)",
        "x-ms-client-request-id": "63e3949b-127f-447b-adf4-f60f849729bc"
      },
      "RequestBody": {
        "modelId": "my-copied-model-id",
        "description": "optional desc",
        "tags": {
          "createdBy": "java_test"
        }
      },
      "StatusCode": 200,
      "ResponseHeaders": {
        "apim-request-id": "6fcecaab-28d8-431b-98b9-d2af0b47d53f",
        "Content-Type": "application/json; charset=utf-8",
        "Date": "Fri, 14 Apr 2023 18:19:29 GMT",
        "Strict-Transport-Security": "max-age=31536000; includeSubDomains; preload",
        "Transfer-Encoding": "chunked",
        "X-Content-Type-Options": "nosniff",
        "x-envoy-upstream-service-time": "487",
        "x-ms-region": "East US"
      },
      "ResponseBody": {
        "targetResourceId": "REDACTED",
        "targetResourceRegion": "eastus",
        "targetModelId": "my-copied-model-id",
        "targetModelLocation": "REDACTED",
        "accessToken": "REDACTED",
        "expirationDateTime": "2023-04-14T19:19:29Z"
      }
    },
    {
      "RequestUri": "https://REDACTED/formrecognizer/documentModels/9be532d9-4992-474b-89ae-820e912aa1a4:copyTo?api-version=2023-02-28-preview",
      "RequestMethod": "POST",
      "RequestHeaders": {
        "Accept": "application/json",
        "Authorization": "Sanitized",
        "Content-Length": "202",
        "Content-Type": "application/json",
        "Date": "Fri, 14 Apr 2023 18:19:31 GMT",
        "User-Agent": "azsdk-java-azure-ai-formrecognizer/4.1.0-beta.1 (11.0.9; Windows 10; 10.0)",
        "x-ms-client-request-id": "3a3bde51-3d14-4d2c-abd8-f82c6b266eed"
      },
      "RequestBody": {
        "targetResourceId": "REDACTED",
        "targetResourceRegion": "eastus",
        "targetModelId": "my-copied-model-id",
        "targetModelLocation": "REDACTED",
        "accessToken": "REDACTED",
        "expirationDateTime": "2023-04-14T19:19:29Z"
      },
      "StatusCode": 202,
      "ResponseHeaders": {
        "apim-request-id": "ffb87008-dca9-4bd7-80a8-09668a4dd050",
        "Content-Length": "0",
        "Date": "Fri, 14 Apr 2023 18:19:29 GMT",
        "Operation-Location": "https://REDACTED/formrecognizer/operations/31484871630_ffb87008-dca9-4bd7-80a8-09668a4dd050?api-version=2023-02-28-preview",
        "Strict-Transport-Security": "max-age=31536000; includeSubDomains; preload",
        "X-Content-Type-Options": "nosniff",
        "x-envoy-upstream-service-time": "140",
        "x-ms-region": "East US"
      },
      "ResponseBody": null
    },
    {
      "RequestUri": "https://REDACTED/formrecognizer/operations/31484871630_ffb87008-dca9-4bd7-80a8-09668a4dd050?api-version=2023-02-28-preview",
      "RequestMethod": "GET",
      "RequestHeaders": {
        "Accept": "application/json",
        "Authorization": "Sanitized",
        "Content-Length": "0",
        "Date": "Fri, 14 Apr 2023 18:19:36 GMT",
        "User-Agent": "azsdk-java-azure-ai-formrecognizer/4.1.0-beta.1 (11.0.9; Windows 10; 10.0)",
        "x-ms-client-request-id": "ee4ddf44-3402-406a-bcf7-212d82237499"
      },
      "RequestBody": null,
      "StatusCode": 200,
      "ResponseHeaders": {
        "apim-request-id": "bf043471-1686-407d-8176-ff1829a6c953",
        "Content-Type": "application/json; charset=utf-8",
        "Date": "Fri, 14 Apr 2023 18:19:35 GMT",
        "Strict-Transport-Security": "max-age=31536000; includeSubDomains; preload",
        "Transfer-Encoding": "chunked",
        "X-Content-Type-Options": "nosniff",
        "x-envoy-upstream-service-time": "16",
        "x-ms-region": "East US"
      },
      "ResponseBody": {
        "operationId": "31484871630_ffb87008-dca9-4bd7-80a8-09668a4dd050",
        "kind": "documentModelCopyTo",
        "status": "succeeded",
        "createdDateTime": "2023-04-14T18:19:30Z",
        "lastUpdatedDateTime": "2023-04-14T18:19:30Z",
        "resourceLocation": "REDACTED",
        "percentCompleted": 100,
        "result": {
          "docTypes": {
            "9be532d9-4992-474b-89ae-820e912aa1a4": {
              "fieldSchema": {
                "Merchant": {
                  "type": "string"
                },
                "PhoneNumber": {
                  "type": "string"
                },
                "Website": {
                  "type": "string"
                },
                "Email": {
                  "type": "string"
                },
                "PurchaseOrderNumber": {
                  "type": "string"
                },
                "DatedAs": {
                  "type": "string"
                },
                "VendorName": {
                  "type": "string"
                },
                "CompanyName": {
                  "type": "string"
                },
                "CompanyAddress": {
                  "type": "string"
                },
                "CompanyPhoneNumber": {
                  "type": "string"
                },
                "Subtotal": {
                  "type": "string"
                },
                "Tax": {
                  "type": "string"
                },
                "Total": {
                  "type": "string"
                },
                "Signature": {
                  "type": "string"
                },
                "Quantity": {
                  "type": "number"
                }
              },
              "buildMode": "template",
              "fieldConfidence": {
                "CompanyAddress": 0.8,
                "CompanyName": 0.995,
                "CompanyPhoneNumber": 0.995,
                "DatedAs": 0.995,
                "Email": 0.8,
                "Merchant": 0.995,
                "PhoneNumber": 0.995,
                "PurchaseOrderNumber": 0.995,
                "Quantity": 0.995,
                "Signature": 0.8,
                "Subtotal": 0.995,
                "Tax": 0.995,
                "Total": 0.995,
                "VendorName": 0.995,
                "Website": 0.995
              }
            }
          },
          "modelId": "my-copied-model-id",
          "createdDateTime": "2023-04-14T18:19:25Z",
          "expirationDateTime": "2025-04-13T18:19:25Z",
          "apiVersion": "2023-02-28-preview",
          "description": "optional desc",
          "tags": {
            "createdBy": "java_test"
          }
        }
      }
    },
    {
      "RequestUri": "https://REDACTED/formrecognizer/operations/31484871630_ffb87008-dca9-4bd7-80a8-09668a4dd050?api-version=2023-02-28-preview",
      "RequestMethod": "GET",
      "RequestHeaders": {
        "Accept": "application/json",
        "Authorization": "Sanitized",
        "Content-Length": "0",
        "Date": "Fri, 14 Apr 2023 18:19:36 GMT",
        "User-Agent": "azsdk-java-azure-ai-formrecognizer/4.1.0-beta.1 (11.0.9; Windows 10; 10.0)",
        "x-ms-client-request-id": "c42f5706-706e-4d4f-9f61-1899cd878ee0"
      },
      "RequestBody": null,
      "StatusCode": 200,
      "ResponseHeaders": {
        "apim-request-id": "115f1b58-591d-4709-a7d3-04d21a86e1a9",
        "Content-Type": "application/json; charset=utf-8",
        "Date": "Fri, 14 Apr 2023 18:19:35 GMT",
        "Strict-Transport-Security": "max-age=31536000; includeSubDomains; preload",
        "Transfer-Encoding": "chunked",
        "X-Content-Type-Options": "nosniff",
        "x-envoy-upstream-service-time": "15",
        "x-ms-region": "East US"
      },
      "ResponseBody": {
        "operationId": "31484871630_ffb87008-dca9-4bd7-80a8-09668a4dd050",
        "kind": "documentModelCopyTo",
        "status": "succeeded",
        "createdDateTime": "2023-04-14T18:19:30Z",
        "lastUpdatedDateTime": "2023-04-14T18:19:30Z",
        "resourceLocation": "REDACTED",
        "percentCompleted": 100,
        "result": {
          "docTypes": {
            "9be532d9-4992-474b-89ae-820e912aa1a4": {
              "fieldSchema": {
                "Merchant": {
                  "type": "string"
                },
                "PhoneNumber": {
                  "type": "string"
                },
                "Website": {
                  "type": "string"
                },
                "Email": {
                  "type": "string"
                },
                "PurchaseOrderNumber": {
                  "type": "string"
                },
                "DatedAs": {
                  "type": "string"
                },
                "VendorName": {
                  "type": "string"
                },
                "CompanyName": {
                  "type": "string"
                },
                "CompanyAddress": {
                  "type": "string"
                },
                "CompanyPhoneNumber": {
                  "type": "string"
                },
                "Subtotal": {
                  "type": "string"
                },
                "Tax": {
                  "type": "string"
                },
                "Total": {
                  "type": "string"
                },
                "Signature": {
                  "type": "string"
                },
                "Quantity": {
                  "type": "number"
                }
              },
              "buildMode": "template",
              "fieldConfidence": {
                "CompanyAddress": 0.8,
                "CompanyName": 0.995,
                "CompanyPhoneNumber": 0.995,
                "DatedAs": 0.995,
                "Email": 0.8,
                "Merchant": 0.995,
                "PhoneNumber": 0.995,
                "PurchaseOrderNumber": 0.995,
                "Quantity": 0.995,
                "Signature": 0.8,
                "Subtotal": 0.995,
                "Tax": 0.995,
                "Total": 0.995,
                "VendorName": 0.995,
                "Website": 0.995
              }
            }
          },
          "modelId": "my-copied-model-id",
          "createdDateTime": "2023-04-14T18:19:25Z",
          "expirationDateTime": "2025-04-13T18:19:25Z",
          "apiVersion": "2023-02-28-preview",
          "description": "optional desc",
          "tags": {
            "createdBy": "java_test"
          }
        }
      }
    },
    {
      "RequestUri": "https://REDACTED/formrecognizer/documentModels/9be532d9-4992-474b-89ae-820e912aa1a4?api-version=2023-02-28-preview",
      "RequestMethod": "DELETE",
      "RequestHeaders": {
        "Accept": "application/json",
        "Authorization": "Sanitized",
        "Content-Length": "0",
        "Date": "Fri, 14 Apr 2023 18:19:36 GMT",
        "User-Agent": "azsdk-java-azure-ai-formrecognizer/4.1.0-beta.1 (11.0.9; Windows 10; 10.0)",
        "x-ms-client-request-id": "7b37e62e-9a6c-45b6-a00f-6c917c64080a"
      },
      "RequestBody": null,
      "StatusCode": 204,
      "ResponseHeaders": {
        "apim-request-id": "2b44673a-6e59-4a02-aa1e-fe257adeb9d1",
        "Content-Length": "0",
        "Date": "Fri, 14 Apr 2023 18:19:35 GMT",
        "Strict-Transport-Security": "max-age=31536000; includeSubDomains; preload",
        "X-Content-Type-Options": "nosniff",
        "x-envoy-upstream-service-time": "70",
        "x-ms-region": "East US"
      },
      "ResponseBody": null
    },
    {
      "RequestUri": "https://REDACTED/formrecognizer/documentModels/my-copied-model-id?api-version=2023-02-28-preview",
      "RequestMethod": "DELETE",
      "RequestHeaders": {
        "Accept": "application/json",
        "Authorization": "Sanitized",
        "Content-Length": "0",
        "Date": "Fri, 14 Apr 2023 18:19:37 GMT",
        "User-Agent": "azsdk-java-azure-ai-formrecognizer/4.1.0-beta.1 (11.0.9; Windows 10; 10.0)",
        "x-ms-client-request-id": "2bd5dc52-9790-45aa-bf62-0b6b148369b3"
      },
      "RequestBody": null,
      "StatusCode": 204,
      "ResponseHeaders": {
        "apim-request-id": "72e23fc5-d7d8-4eed-bfe3-054eb20faa77",
        "Content-Length": "0",
        "Date": "Fri, 14 Apr 2023 18:19:35 GMT",
        "Strict-Transport-Security": "max-age=31536000; includeSubDomains; preload",
        "X-Content-Type-Options": "nosniff",
        "x-envoy-upstream-service-time": "66",
        "x-ms-region": "East US"
      },
      "ResponseBody": null
    }
  ],
  "Variables": {}
}
