{
  "Entries": [
    {
      "RequestUri": "https://REDACTED/formrecognizer/documentModels:build?api-version=2022-08-31",
      "RequestMethod": "POST",
      "RequestHeaders": {
        "Accept": "application/json",
        "Authorization": "Sanitized",
        "Content-Length": "312",
        "Content-Type": "application/json",
        "Date": "Wed, 08 Mar 2023 19:00:09 GMT",
        "User-Agent": "azsdk-java-azure-ai-formrecognizer/4.1.0-beta.1 (11.0.9; Windows 10; 10.0)",
        "x-ms-client-request-id": "2d863626-a9cf-4c08-ad51-f61cf77ac600"
      },
      "RequestBody": {
        "modelId": "89de31a4-6a93-4172-92a0-fa36168945d6",
        "buildMode": "template",
        "azureBlobSource": {
          "containerUrl": "https://azuresdktrainingdata.blob.core.windows.net/trainingdata?sp=rl\u0026st=2022-01-24T21:29:02Z\u0026se=2025-01-25T05:29:02Z\u0026spr=https\u0026sv=2020-08-04\u0026sr=c\u0026sig=q71NyEgO5ebO7aKW%2FcN2rzeVaCJP49O%2BRw9T9pGXhkE%3D"
        }
      },
      "StatusCode": 202,
      "ResponseHeaders": {
        "apim-request-id": "b53a8510-e6f6-44de-9cbc-f1e958b2bf11",
        "Content-Length": "0",
        "Date": "Wed, 08 Mar 2023 19:00:10 GMT",
        "operation-location": "https://shafangfr.cognitiveservices.azure.com/formrecognizer/operations/31488065991_b53a8510-e6f6-44de-9cbc-f1e958b2bf11?api-version=2022-08-31",
        "Strict-Transport-Security": "max-age=31536000; includeSubDomains; preload",
        "X-Content-Type-Options": "nosniff",
        "x-envoy-upstream-service-time": "2267",
        "x-ms-region": "East US"
      },
      "ResponseBody": null
    },
    {
      "RequestUri": "https://REDACTED/formrecognizer/operations/31488065991_b53a8510-e6f6-44de-9cbc-f1e958b2bf11?api-version=2022-08-31",
      "RequestMethod": "GET",
      "RequestHeaders": {
        "Accept": "application/json",
        "Authorization": "Sanitized",
        "Content-Length": "0",
        "Date": "Wed, 08 Mar 2023 19:00:12 GMT",
        "User-Agent": "azsdk-java-azure-ai-formrecognizer/4.1.0-beta.1 (11.0.9; Windows 10; 10.0)",
        "x-ms-client-request-id": "36995af8-3875-48fb-922c-f88bbb54d559"
      },
      "RequestBody": null,
      "StatusCode": 200,
      "ResponseHeaders": {
        "apim-request-id": "0cfb3ce2-a0da-48bb-8b6b-b14ac4a41ba4",
        "Content-Type": "application/json; charset=utf-8",
        "Date": "Wed, 08 Mar 2023 19:00:10 GMT",
        "Strict-Transport-Security": "max-age=31536000; includeSubDomains; preload",
        "Transfer-Encoding": "chunked",
        "X-Content-Type-Options": "nosniff",
        "x-envoy-upstream-service-time": "20",
        "x-ms-region": "East US"
      },
      "ResponseBody": {
        "operationId": "31488065991_b53a8510-e6f6-44de-9cbc-f1e958b2bf11",
        "kind": "documentModelBuild",
        "status": "notStarted",
        "createdDateTime": "2023-03-08T19:00:09Z",
        "lastUpdatedDateTime": "2023-03-08T19:00:09Z",
        "resourceLocation": "https://shafangfr.cognitiveservices.azure.com/formrecognizer/documentModels/89de31a4-6a93-4172-92a0-fa36168945d6?api-version=2022-08-31"
      }
    },
    {
      "RequestUri": "https://REDACTED/formrecognizer/operations/31488065991_b53a8510-e6f6-44de-9cbc-f1e958b2bf11?api-version=2022-08-31",
      "RequestMethod": "GET",
      "RequestHeaders": {
        "Accept": "application/json",
        "Authorization": "Sanitized",
        "Content-Length": "0",
        "Date": "Wed, 08 Mar 2023 19:00:17 GMT",
        "User-Agent": "azsdk-java-azure-ai-formrecognizer/4.1.0-beta.1 (11.0.9; Windows 10; 10.0)",
        "x-ms-client-request-id": "5f47fedc-042a-4463-90d1-037970f83cd5"
      },
      "RequestBody": null,
      "StatusCode": 200,
      "ResponseHeaders": {
        "apim-request-id": "9627225f-ab2f-4ba5-94e2-9ca9bb4269c4",
        "Content-Type": "application/json; charset=utf-8",
        "Date": "Wed, 08 Mar 2023 19:00:15 GMT",
        "Strict-Transport-Security": "max-age=31536000; includeSubDomains; preload",
        "Transfer-Encoding": "chunked",
        "X-Content-Type-Options": "nosniff",
        "x-envoy-upstream-service-time": "19",
        "x-ms-region": "East US"
      },
      "ResponseBody": {
        "operationId": "31488065991_b53a8510-e6f6-44de-9cbc-f1e958b2bf11",
        "kind": "documentModelBuild",
        "status": "succeeded",
        "createdDateTime": "2023-03-08T19:00:09Z",
        "lastUpdatedDateTime": "2023-03-08T19:00:12Z",
        "resourceLocation": "https://shafangfr.cognitiveservices.azure.com/formrecognizer/documentModels/89de31a4-6a93-4172-92a0-fa36168945d6?api-version=2022-08-31",
        "percentCompleted": 100,
        "result": {
          "docTypes": {
            "89de31a4-6a93-4172-92a0-fa36168945d6": {
              "fieldSchema": {
                "Merchant": {
                  "type": "string"
                },
                "PhoneNumber": {
                  "type": "string"
                },
                "Website": {
                  "type": "string"
                },
                "Email": {
                  "type": "string"
                },
                "PurchaseOrderNumber": {
                  "type": "string"
                },
                "DatedAs": {
                  "type": "string"
                },
                "VendorName": {
                  "type": "string"
                },
                "CompanyName": {
                  "type": "string"
                },
                "CompanyAddress": {
                  "type": "string"
                },
                "CompanyPhoneNumber": {
                  "type": "string"
                },
                "Subtotal": {
                  "type": "string"
                },
                "Tax": {
                  "type": "string"
                },
                "Total": {
                  "type": "string"
                },
                "Signature": {
                  "type": "string"
                },
                "Quantity": {
                  "type": "number"
                }
              },
              "buildMode": "template",
              "fieldConfidence": {
                "CompanyAddress": 0.8,
                "CompanyName": 0.995,
                "CompanyPhoneNumber": 0.995,
                "DatedAs": 0.995,
                "Email": 0.8,
                "Merchant": 0.995,
                "PhoneNumber": 0.995,
                "PurchaseOrderNumber": 0.995,
                "Quantity": 0.995,
                "Signature": 0.8,
                "Subtotal": 0.995,
                "Tax": 0.995,
                "Total": 0.995,
                "VendorName": 0.995,
                "Website": 0.995
              }
            }
          },
          "modelId": "89de31a4-6a93-4172-92a0-fa36168945d6",
          "createdDateTime": "2023-03-08T19:00:12Z",
          "expirationDateTime": "2025-03-07T19:00:12Z",
          "apiVersion": "2022-08-31"
        }
      }
    },
    {
      "RequestUri": "https://REDACTED/formrecognizer/operations/31488065991_b53a8510-e6f6-44de-9cbc-f1e958b2bf11?api-version=2022-08-31",
      "RequestMethod": "GET",
      "RequestHeaders": {
        "Accept": "application/json",
        "Authorization": "Sanitized",
        "Content-Length": "0",
        "Date": "Wed, 08 Mar 2023 19:00:17 GMT",
        "User-Agent": "azsdk-java-azure-ai-formrecognizer/4.1.0-beta.1 (11.0.9; Windows 10; 10.0)",
        "x-ms-client-request-id": "7859e62b-6e49-438e-bc10-6c9731299bfa"
      },
      "RequestBody": null,
      "StatusCode": 200,
      "ResponseHeaders": {
        "apim-request-id": "4c8e125d-4923-4389-965f-b4b1856448ab",
        "Content-Type": "application/json; charset=utf-8",
        "Date": "Wed, 08 Mar 2023 19:00:16 GMT",
        "Strict-Transport-Security": "max-age=31536000; includeSubDomains; preload",
        "Transfer-Encoding": "chunked",
        "X-Content-Type-Options": "nosniff",
        "x-envoy-upstream-service-time": "22",
        "x-ms-region": "East US"
      },
      "ResponseBody": {
        "operationId": "31488065991_b53a8510-e6f6-44de-9cbc-f1e958b2bf11",
        "kind": "documentModelBuild",
        "status": "succeeded",
        "createdDateTime": "2023-03-08T19:00:09Z",
        "lastUpdatedDateTime": "2023-03-08T19:00:12Z",
        "resourceLocation": "https://shafangfr.cognitiveservices.azure.com/formrecognizer/documentModels/89de31a4-6a93-4172-92a0-fa36168945d6?api-version=2022-08-31",
        "percentCompleted": 100,
        "result": {
          "docTypes": {
            "89de31a4-6a93-4172-92a0-fa36168945d6": {
              "fieldSchema": {
                "Merchant": {
                  "type": "string"
                },
                "PhoneNumber": {
                  "type": "string"
                },
                "Website": {
                  "type": "string"
                },
                "Email": {
                  "type": "string"
                },
                "PurchaseOrderNumber": {
                  "type": "string"
                },
                "DatedAs": {
                  "type": "string"
                },
                "VendorName": {
                  "type": "string"
                },
                "CompanyName": {
                  "type": "string"
                },
                "CompanyAddress": {
                  "type": "string"
                },
                "CompanyPhoneNumber": {
                  "type": "string"
                },
                "Subtotal": {
                  "type": "string"
                },
                "Tax": {
                  "type": "string"
                },
                "Total": {
                  "type": "string"
                },
                "Signature": {
                  "type": "string"
                },
                "Quantity": {
                  "type": "number"
                }
              },
              "buildMode": "template",
              "fieldConfidence": {
                "CompanyAddress": 0.8,
                "CompanyName": 0.995,
                "CompanyPhoneNumber": 0.995,
                "DatedAs": 0.995,
                "Email": 0.8,
                "Merchant": 0.995,
                "PhoneNumber": 0.995,
                "PurchaseOrderNumber": 0.995,
                "Quantity": 0.995,
                "Signature": 0.8,
                "Subtotal": 0.995,
                "Tax": 0.995,
                "Total": 0.995,
                "VendorName": 0.995,
                "Website": 0.995
              }
            }
          },
          "modelId": "89de31a4-6a93-4172-92a0-fa36168945d6",
          "createdDateTime": "2023-03-08T19:00:12Z",
          "expirationDateTime": "2025-03-07T19:00:12Z",
          "apiVersion": "2022-08-31"
        }
      }
    },
    {
      "RequestUri": "https://REDACTED/formrecognizer/documentModels/89de31a4-6a93-4172-92a0-fa36168945d6:analyze?stringIndexType=utf16CodeUnit\u0026api-version=2022-08-31",
      "RequestMethod": "POST",
      "RequestHeaders": {
        "Accept": "application/json",
        "Authorization": "Sanitized",
        "Content-Length": "7",
        "Content-Type": "application/octet-stream",
        "Date": "Wed, 08 Mar 2023 19:00:17 GMT",
        "User-Agent": "azsdk-java-azure-ai-formrecognizer/4.1.0-beta.1 (11.0.9; Windows 10; 10.0)",
        "x-ms-client-request-id": "ab59831e-a9c6-4e3f-9251-d8c599c33e25"
      },
      "RequestBody": "JVBERlVVVQ==",
      "StatusCode": 400,
      "ResponseHeaders": {
        "apim-request-id": "236949dd-6a4a-4dc0-b158-11ea1e26a90f",
        "Content-Length": "221",
        "Content-Type": "application/json; charset=utf-8",
        "Date": "Wed, 08 Mar 2023 19:00:17 GMT",
        "ms-azure-ai-errorcode": "InvalidRequest",
        "Strict-Transport-Security": "max-age=31536000; includeSubDomains; preload",
        "X-Content-Type-Options": "nosniff",
        "x-envoy-upstream-service-time": "4",
        "x-ms-region": "East US"
      },
      "ResponseBody": {
        "error": {
          "code": "InvalidRequest",
          "message": "Invalid request.",
          "innererror": {
            "code": "InvalidContent",
            "message": "The file is corrupted or format is unsupported. Refer to documentation for the list of supported formats."
          }
        }
      }
    },
    {
      "RequestUri": "https://REDACTED/formrecognizer/documentModels/89de31a4-6a93-4172-92a0-fa36168945d6?api-version=2022-08-31",
      "RequestMethod": "DELETE",
      "RequestHeaders": {
        "Accept": "application/json",
        "Authorization": "Sanitized",
        "Content-Length": "0",
        "Date": "Wed, 08 Mar 2023 19:00:18 GMT",
        "User-Agent": "azsdk-java-azure-ai-formrecognizer/4.1.0-beta.1 (11.0.9; Windows 10; 10.0)",
        "x-ms-client-request-id": "078d65ce-f52d-4ecb-97d9-05f085961526"
      },
      "RequestBody": null,
      "StatusCode": 204,
      "ResponseHeaders": {
        "apim-request-id": "2d80620b-8c5d-416b-b0e2-74397838f91f",
        "Content-Length": "0",
        "Date": "Wed, 08 Mar 2023 19:00:17 GMT",
        "Strict-Transport-Security": "max-age=31536000; includeSubDomains; preload",
        "X-Content-Type-Options": "nosniff",
        "x-envoy-upstream-service-time": "67",
        "x-ms-region": "East US"
      },
      "ResponseBody": null
    }
  ],
  "Variables": {}
}
