{
  "Entries": [
    {
      "RequestUri": "https://REDACTED/formrecognizer/documentModels:build?api-version=2023-02-28-preview",
      "RequestMethod": "POST",
      "RequestHeaders": {
        "Accept": "application/json",
        "Authorization": "Sanitized",
        "Content-Length": "312",
        "Content-Type": "application/json",
        "Date": "Thu, 13 Apr 2023 01:44:40 GMT",
        "User-Agent": "azsdk-java-azure-ai-formrecognizer/4.1.0-beta.1 (11.0.9; Windows 10; 10.0)",
        "x-ms-client-request-id": "620dea06-a84d-4ffd-8c7b-6adcff37d558"
      },
      "RequestBody": {
        "modelId": "1069b5f9-a7d4-4193-99db-511327fec805",
        "buildMode": "template",
        "azureBlobSource": {
          "containerUrl": "https://azuresdktrainingdata.blob.core.windows.net/trainingdata?sp=rl\u0026st=2022-01-24T21:29:02Z\u0026se=2025-01-25T05:29:02Z\u0026spr=https\u0026sv=2020-08-04\u0026sr=c\u0026sig=q71NyEgO5ebO7aKW%2FcN2rzeVaCJP49O%2BRw9T9pGXhkE%3D"
        }
      },
      "StatusCode": 202,
      "ResponseHeaders": {
        "apim-request-id": "29e23b33-bda8-41be-8ac6-09ada45ad908",
        "Content-Length": "0",
        "Date": "Thu, 13 Apr 2023 01:44:46 GMT",
        "operation-location": "https://REDACTED/formrecognizer/operations/31485017717_29e23b33-bda8-41be-8ac6-09ada45ad908?api-version=2023-02-28-preview",
        "Strict-Transport-Security": "max-age=31536000; includeSubDomains; preload",
        "X-Content-Type-Options": "nosniff",
        "x-envoy-upstream-service-time": "3198",
        "x-ms-region": "East US"
      },
      "ResponseBody": null
    },
    {
      "RequestUri": "https://REDACTED/formrecognizer/operations/31485017717_29e23b33-bda8-41be-8ac6-09ada45ad908?api-version=2023-02-28-preview",
      "RequestMethod": "GET",
      "RequestHeaders": {
        "Accept": "application/json",
        "Authorization": "Sanitized",
        "Content-Length": "0",
        "Date": "Thu, 13 Apr 2023 01:44:51 GMT",
        "User-Agent": "azsdk-java-azure-ai-formrecognizer/4.1.0-beta.1 (11.0.9; Windows 10; 10.0)",
        "x-ms-client-request-id": "2d99b5f7-a784-4390-8e18-82668b414991"
      },
      "RequestBody": null,
      "StatusCode": 200,
      "ResponseHeaders": {
        "apim-request-id": "b87aeb90-9064-4c97-a814-8fe312e3ff0b",
        "Content-Type": "application/json; charset=utf-8",
        "Date": "Thu, 13 Apr 2023 01:44:51 GMT",
        "Strict-Transport-Security": "max-age=31536000; includeSubDomains; preload",
        "Transfer-Encoding": "chunked",
        "X-Content-Type-Options": "nosniff",
        "x-envoy-upstream-service-time": "21",
        "x-ms-region": "East US"
      },
      "ResponseBody": {
        "operationId": "31485017717_29e23b33-bda8-41be-8ac6-09ada45ad908",
        "kind": "documentModelBuild",
        "status": "succeeded",
        "createdDateTime": "2023-04-13T01:44:43Z",
        "lastUpdatedDateTime": "2023-04-13T01:44:47Z",
        "resourceLocation": "https://shafangfr.cognitiveservices.azure.com/formrecognizer/documentModels/1069b5f9-a7d4-4193-99db-511327fec805?api-version=2023-02-28-preview",
        "percentCompleted": 100,
        "result": {
          "docTypes": {
            "1069b5f9-a7d4-4193-99db-511327fec805": {
              "fieldSchema": {
                "Merchant": {
                  "type": "string"
                },
                "PhoneNumber": {
                  "type": "string"
                },
                "Website": {
                  "type": "string"
                },
                "Email": {
                  "type": "string"
                },
                "PurchaseOrderNumber": {
                  "type": "string"
                },
                "DatedAs": {
                  "type": "string"
                },
                "VendorName": {
                  "type": "string"
                },
                "CompanyName": {
                  "type": "string"
                },
                "CompanyAddress": {
                  "type": "string"
                },
                "CompanyPhoneNumber": {
                  "type": "string"
                },
                "Subtotal": {
                  "type": "string"
                },
                "Tax": {
                  "type": "string"
                },
                "Total": {
                  "type": "string"
                },
                "Signature": {
                  "type": "string"
                },
                "Quantity": {
                  "type": "number"
                }
              },
              "buildMode": "template",
              "fieldConfidence": {
                "CompanyAddress": 0.8,
                "CompanyName": 0.995,
                "CompanyPhoneNumber": 0.995,
                "DatedAs": 0.995,
                "Email": 0.8,
                "Merchant": 0.995,
                "PhoneNumber": 0.995,
                "PurchaseOrderNumber": 0.995,
                "Quantity": 0.995,
                "Signature": 0.8,
                "Subtotal": 0.995,
                "Tax": 0.995,
                "Total": 0.995,
                "VendorName": 0.995,
                "Website": 0.995
              }
            }
          },
          "modelId": "1069b5f9-a7d4-4193-99db-511327fec805",
          "createdDateTime": "2023-04-13T01:44:47Z",
          "expirationDateTime": "2025-04-12T01:44:47Z",
          "apiVersion": "2023-02-28-preview"
        }
      }
    },
    {
      "RequestUri": "https://REDACTED/formrecognizer/operations/31485017717_29e23b33-bda8-41be-8ac6-09ada45ad908?api-version=2023-02-28-preview",
      "RequestMethod": "GET",
      "RequestHeaders": {
        "Accept": "application/json",
        "Authorization": "Sanitized",
        "Content-Length": "0",
        "Date": "Thu, 13 Apr 2023 01:44:52 GMT",
        "User-Agent": "azsdk-java-azure-ai-formrecognizer/4.1.0-beta.1 (11.0.9; Windows 10; 10.0)",
        "x-ms-client-request-id": "d23e5a0f-8330-4c4f-9f25-0938aa023989"
      },
      "RequestBody": null,
      "StatusCode": 200,
      "ResponseHeaders": {
        "apim-request-id": "0b0ee691-5356-440c-ba80-bd406a87d186",
        "Content-Type": "application/json; charset=utf-8",
        "Date": "Thu, 13 Apr 2023 01:44:51 GMT",
        "Strict-Transport-Security": "max-age=31536000; includeSubDomains; preload",
        "Transfer-Encoding": "chunked",
        "X-Content-Type-Options": "nosniff",
        "x-envoy-upstream-service-time": "22",
        "x-ms-region": "East US"
      },
      "ResponseBody": {
        "operationId": "31485017717_29e23b33-bda8-41be-8ac6-09ada45ad908",
        "kind": "documentModelBuild",
        "status": "succeeded",
        "createdDateTime": "2023-04-13T01:44:43Z",
        "lastUpdatedDateTime": "2023-04-13T01:44:47Z",
        "resourceLocation": "https://shafangfr.cognitiveservices.azure.com/formrecognizer/documentModels/1069b5f9-a7d4-4193-99db-511327fec805?api-version=2023-02-28-preview",
        "percentCompleted": 100,
        "result": {
          "docTypes": {
            "1069b5f9-a7d4-4193-99db-511327fec805": {
              "fieldSchema": {
                "Merchant": {
                  "type": "string"
                },
                "PhoneNumber": {
                  "type": "string"
                },
                "Website": {
                  "type": "string"
                },
                "Email": {
                  "type": "string"
                },
                "PurchaseOrderNumber": {
                  "type": "string"
                },
                "DatedAs": {
                  "type": "string"
                },
                "VendorName": {
                  "type": "string"
                },
                "CompanyName": {
                  "type": "string"
                },
                "CompanyAddress": {
                  "type": "string"
                },
                "CompanyPhoneNumber": {
                  "type": "string"
                },
                "Subtotal": {
                  "type": "string"
                },
                "Tax": {
                  "type": "string"
                },
                "Total": {
                  "type": "string"
                },
                "Signature": {
                  "type": "string"
                },
                "Quantity": {
                  "type": "number"
                }
              },
              "buildMode": "template",
              "fieldConfidence": {
                "CompanyAddress": 0.8,
                "CompanyName": 0.995,
                "CompanyPhoneNumber": 0.995,
                "DatedAs": 0.995,
                "Email": 0.8,
                "Merchant": 0.995,
                "PhoneNumber": 0.995,
                "PurchaseOrderNumber": 0.995,
                "Quantity": 0.995,
                "Signature": 0.8,
                "Subtotal": 0.995,
                "Tax": 0.995,
                "Total": 0.995,
                "VendorName": 0.995,
                "Website": 0.995
              }
            }
          },
          "modelId": "1069b5f9-a7d4-4193-99db-511327fec805",
          "createdDateTime": "2023-04-13T01:44:47Z",
          "expirationDateTime": "2025-04-12T01:44:47Z",
          "apiVersion": "2023-02-28-preview"
        }
      }
    },
    {
      "RequestUri": "https://REDACTED/formrecognizer/documentModels:build?api-version=2023-02-28-preview",
      "RequestMethod": "POST",
      "RequestHeaders": {
        "Accept": "application/json",
        "Authorization": "Sanitized",
        "Content-Length": "312",
        "Content-Type": "application/json",
        "Date": "Thu, 13 Apr 2023 01:44:52 GMT",
        "User-Agent": "azsdk-java-azure-ai-formrecognizer/4.1.0-beta.1 (11.0.9; Windows 10; 10.0)",
        "x-ms-client-request-id": "2c29c944-bce2-4839-a59d-c51e43cacebd"
      },
      "RequestBody": {
        "modelId": "9069d7c3-dddf-48b5-847e-20ab3775df8f",
        "buildMode": "template",
        "azureBlobSource": {
          "containerUrl": "https://azuresdktrainingdata.blob.core.windows.net/trainingdata?sp=rl\u0026st=2022-01-24T21:29:02Z\u0026se=2025-01-25T05:29:02Z\u0026spr=https\u0026sv=2020-08-04\u0026sr=c\u0026sig=q71NyEgO5ebO7aKW%2FcN2rzeVaCJP49O%2BRw9T9pGXhkE%3D"
        }
      },
      "StatusCode": 202,
      "ResponseHeaders": {
        "apim-request-id": "7fdc4f4c-bbe4-4f6a-bc52-8ced005c7f2e",
        "Content-Length": "0",
        "Date": "Thu, 13 Apr 2023 01:44:55 GMT",
        "operation-location": "https://REDACTED/formrecognizer/operations/31485017707_7fdc4f4c-bbe4-4f6a-bc52-8ced005c7f2e?api-version=2023-02-28-preview",
        "Strict-Transport-Security": "max-age=31536000; includeSubDomains; preload",
        "X-Content-Type-Options": "nosniff",
        "x-envoy-upstream-service-time": "2899",
        "x-ms-region": "East US"
      },
      "ResponseBody": null
    },
    {
      "RequestUri": "https://REDACTED/formrecognizer/operations/31485017707_7fdc4f4c-bbe4-4f6a-bc52-8ced005c7f2e?api-version=2023-02-28-preview",
      "RequestMethod": "GET",
      "RequestHeaders": {
        "Accept": "application/json",
        "Authorization": "Sanitized",
        "Content-Length": "0",
        "Date": "Thu, 13 Apr 2023 01:45:01 GMT",
        "User-Agent": "azsdk-java-azure-ai-formrecognizer/4.1.0-beta.1 (11.0.9; Windows 10; 10.0)",
        "x-ms-client-request-id": "5270f15f-6d77-4f6f-bd2a-d490a397ba1d"
      },
      "RequestBody": null,
      "StatusCode": 200,
      "ResponseHeaders": {
        "apim-request-id": "708c86de-07db-4d35-811f-93c4d89f38b9",
        "Content-Type": "application/json; charset=utf-8",
        "Date": "Thu, 13 Apr 2023 01:45:01 GMT",
        "Strict-Transport-Security": "max-age=31536000; includeSubDomains; preload",
        "Transfer-Encoding": "chunked",
        "X-Content-Type-Options": "nosniff",
        "x-envoy-upstream-service-time": "27",
        "x-ms-region": "East US"
      },
      "ResponseBody": {
        "operationId": "31485017707_7fdc4f4c-bbe4-4f6a-bc52-8ced005c7f2e",
        "kind": "documentModelBuild",
        "status": "succeeded",
        "createdDateTime": "2023-04-13T01:44:52Z",
        "lastUpdatedDateTime": "2023-04-13T01:44:56Z",
        "resourceLocation": "https://shafangfr.cognitiveservices.azure.com/formrecognizer/documentModels/9069d7c3-dddf-48b5-847e-20ab3775df8f?api-version=2023-02-28-preview",
        "percentCompleted": 100,
        "result": {
          "docTypes": {
            "9069d7c3-dddf-48b5-847e-20ab3775df8f": {
              "fieldSchema": {
                "Merchant": {
                  "type": "string"
                },
                "PhoneNumber": {
                  "type": "string"
                },
                "Website": {
                  "type": "string"
                },
                "Email": {
                  "type": "string"
                },
                "PurchaseOrderNumber": {
                  "type": "string"
                },
                "DatedAs": {
                  "type": "string"
                },
                "VendorName": {
                  "type": "string"
                },
                "CompanyName": {
                  "type": "string"
                },
                "CompanyAddress": {
                  "type": "string"
                },
                "CompanyPhoneNumber": {
                  "type": "string"
                },
                "Subtotal": {
                  "type": "string"
                },
                "Tax": {
                  "type": "string"
                },
                "Total": {
                  "type": "string"
                },
                "Signature": {
                  "type": "string"
                },
                "Quantity": {
                  "type": "number"
                }
              },
              "buildMode": "template",
              "fieldConfidence": {
                "CompanyAddress": 0.8,
                "CompanyName": 0.995,
                "CompanyPhoneNumber": 0.995,
                "DatedAs": 0.995,
                "Email": 0.8,
                "Merchant": 0.995,
                "PhoneNumber": 0.995,
                "PurchaseOrderNumber": 0.995,
                "Quantity": 0.995,
                "Signature": 0.8,
                "Subtotal": 0.995,
                "Tax": 0.995,
                "Total": 0.995,
                "VendorName": 0.995,
                "Website": 0.995
              }
            }
          },
          "modelId": "9069d7c3-dddf-48b5-847e-20ab3775df8f",
          "createdDateTime": "2023-04-13T01:44:56Z",
          "expirationDateTime": "2025-04-12T01:44:56Z",
          "apiVersion": "2023-02-28-preview"
        }
      }
    },
    {
      "RequestUri": "https://REDACTED/formrecognizer/operations/31485017707_7fdc4f4c-bbe4-4f6a-bc52-8ced005c7f2e?api-version=2023-02-28-preview",
      "RequestMethod": "GET",
      "RequestHeaders": {
        "Accept": "application/json",
        "Authorization": "Sanitized",
        "Content-Length": "0",
        "Date": "Thu, 13 Apr 2023 01:45:03 GMT",
        "User-Agent": "azsdk-java-azure-ai-formrecognizer/4.1.0-beta.1 (11.0.9; Windows 10; 10.0)",
        "x-ms-client-request-id": "5b63bd50-c055-4608-8456-515f8948a65e"
      },
      "RequestBody": null,
      "StatusCode": 200,
      "ResponseHeaders": {
        "apim-request-id": "7f7c5ed3-90d2-4413-9dd2-b80384b264e4",
        "Content-Type": "application/json; charset=utf-8",
        "Date": "Thu, 13 Apr 2023 01:45:02 GMT",
        "Strict-Transport-Security": "max-age=31536000; includeSubDomains; preload",
        "Transfer-Encoding": "chunked",
        "X-Content-Type-Options": "nosniff",
        "x-envoy-upstream-service-time": "36",
        "x-ms-region": "East US"
      },
      "ResponseBody": {
        "operationId": "31485017707_7fdc4f4c-bbe4-4f6a-bc52-8ced005c7f2e",
        "kind": "documentModelBuild",
        "status": "succeeded",
        "createdDateTime": "2023-04-13T01:44:52Z",
        "lastUpdatedDateTime": "2023-04-13T01:44:56Z",
        "resourceLocation": "https://shafangfr.cognitiveservices.azure.com/formrecognizer/documentModels/9069d7c3-dddf-48b5-847e-20ab3775df8f?api-version=2023-02-28-preview",
        "percentCompleted": 100,
        "result": {
          "docTypes": {
            "9069d7c3-dddf-48b5-847e-20ab3775df8f": {
              "fieldSchema": {
                "Merchant": {
                  "type": "string"
                },
                "PhoneNumber": {
                  "type": "string"
                },
                "Website": {
                  "type": "string"
                },
                "Email": {
                  "type": "string"
                },
                "PurchaseOrderNumber": {
                  "type": "string"
                },
                "DatedAs": {
                  "type": "string"
                },
                "VendorName": {
                  "type": "string"
                },
                "CompanyName": {
                  "type": "string"
                },
                "CompanyAddress": {
                  "type": "string"
                },
                "CompanyPhoneNumber": {
                  "type": "string"
                },
                "Subtotal": {
                  "type": "string"
                },
                "Tax": {
                  "type": "string"
                },
                "Total": {
                  "type": "string"
                },
                "Signature": {
                  "type": "string"
                },
                "Quantity": {
                  "type": "number"
                }
              },
              "buildMode": "template",
              "fieldConfidence": {
                "CompanyAddress": 0.8,
                "CompanyName": 0.995,
                "CompanyPhoneNumber": 0.995,
                "DatedAs": 0.995,
                "Email": 0.8,
                "Merchant": 0.995,
                "PhoneNumber": 0.995,
                "PurchaseOrderNumber": 0.995,
                "Quantity": 0.995,
                "Signature": 0.8,
                "Subtotal": 0.995,
                "Tax": 0.995,
                "Total": 0.995,
                "VendorName": 0.995,
                "Website": 0.995
              }
            }
          },
          "modelId": "9069d7c3-dddf-48b5-847e-20ab3775df8f",
          "createdDateTime": "2023-04-13T01:44:56Z",
          "expirationDateTime": "2025-04-12T01:44:56Z",
          "apiVersion": "2023-02-28-preview"
        }
      }
    },
    {
      "RequestUri": "https://REDACTED/formrecognizer/documentModels:compose?api-version=2023-02-28-preview",
      "RequestMethod": "POST",
      "RequestHeaders": {
        "Accept": "application/json",
        "Authorization": "Sanitized",
        "Content-Length": "218",
        "Content-Type": "application/json",
        "Date": "Thu, 13 Apr 2023 01:45:07 GMT",
        "User-Agent": "azsdk-java-azure-ai-formrecognizer/4.1.0-beta.1 (11.0.9; Windows 10; 10.0)",
        "x-ms-client-request-id": "932af357-5a1e-410c-abd1-225853398940"
      },
      "RequestBody": {
        "modelId": "test-composed-model",
        "componentModels": [
          {
            "modelId": "1069b5f9-a7d4-4193-99db-511327fec805"
          },
          {
            "modelId": "9069d7c3-dddf-48b5-847e-20ab3775df8f"
          }
        ],
        "description": "optional desc",
        "tags": {
          "createdBy": "java_test"
        }
      },
      "StatusCode": 202,
      "ResponseHeaders": {
        "apim-request-id": "c042a16b-f550-481b-8d70-b38cce2938df",
        "Content-Length": "0",
        "Date": "Thu, 13 Apr 2023 01:45:08 GMT",
        "operation-location": "https://REDACTED/formrecognizer/operations/31485017693_c042a16b-f550-481b-8d70-b38cce2938df?api-version=2023-02-28-preview",
        "Strict-Transport-Security": "max-age=31536000; includeSubDomains; preload",
        "X-Content-Type-Options": "nosniff",
        "x-envoy-upstream-service-time": "1507",
        "x-ms-region": "East US"
      },
      "ResponseBody": null
    },
    {
      "RequestUri": "https://REDACTED/formrecognizer/operations/31485017693_c042a16b-f550-481b-8d70-b38cce2938df?api-version=2023-02-28-preview",
      "RequestMethod": "GET",
      "RequestHeaders": {
        "Accept": "application/json",
        "Authorization": "Sanitized",
        "Content-Length": "0",
        "Date": "Thu, 13 Apr 2023 01:45:16 GMT",
        "User-Agent": "azsdk-java-azure-ai-formrecognizer/4.1.0-beta.1 (11.0.9; Windows 10; 10.0)",
        "x-ms-client-request-id": "bb89b883-bcd7-44e6-9413-8bd0de175f94"
      },
      "RequestBody": null,
      "StatusCode": 200,
      "ResponseHeaders": {
        "apim-request-id": "88ece90a-bff8-4f91-8290-f915dc472836",
        "Content-Type": "application/json; charset=utf-8",
        "Date": "Thu, 13 Apr 2023 01:45:15 GMT",
        "Strict-Transport-Security": "max-age=31536000; includeSubDomains; preload",
        "Transfer-Encoding": "chunked",
        "X-Content-Type-Options": "nosniff",
        "x-envoy-upstream-service-time": "32",
        "x-ms-region": "East US"
      },
      "ResponseBody": {
        "operationId": "31485017693_c042a16b-f550-481b-8d70-b38cce2938df",
        "kind": "documentModelCompose",
        "status": "succeeded",
        "createdDateTime": "2023-04-13T01:45:07Z",
        "lastUpdatedDateTime": "2023-04-13T01:45:10Z",
        "resourceLocation": "https://shafangfr.cognitiveservices.azure.com/formrecognizer/documentModels/test-composed-model?api-version=2023-02-28-preview",
        "percentCompleted": 100,
        "result": {
          "docTypes": {
            "9069d7c3-dddf-48b5-847e-20ab3775df8f": {
              "fieldSchema": {
                "Merchant": {
                  "type": "string"
                },
                "PhoneNumber": {
                  "type": "string"
                },
                "Website": {
                  "type": "string"
                },
                "Email": {
                  "type": "string"
                },
                "PurchaseOrderNumber": {
                  "type": "string"
                },
                "DatedAs": {
                  "type": "string"
                },
                "VendorName": {
                  "type": "string"
                },
                "CompanyName": {
                  "type": "string"
                },
                "CompanyAddress": {
                  "type": "string"
                },
                "CompanyPhoneNumber": {
                  "type": "string"
                },
                "Subtotal": {
                  "type": "string"
                },
                "Tax": {
                  "type": "string"
                },
                "Total": {
                  "type": "string"
                },
                "Signature": {
                  "type": "string"
                },
                "Quantity": {
                  "type": "number"
                }
              },
              "buildMode": "template",
              "fieldConfidence": {
                "CompanyAddress": 0.8,
                "CompanyName": 0.995,
                "CompanyPhoneNumber": 0.995,
                "DatedAs": 0.995,
                "Email": 0.8,
                "Merchant": 0.995,
                "PhoneNumber": 0.995,
                "PurchaseOrderNumber": 0.995,
                "Quantity": 0.995,
                "Signature": 0.8,
                "Subtotal": 0.995,
                "Tax": 0.995,
                "Total": 0.995,
                "VendorName": 0.995,
                "Website": 0.995
              }
            },
            "1069b5f9-a7d4-4193-99db-511327fec805": {
              "fieldSchema": {
                "Merchant": {
                  "type": "string"
                },
                "PhoneNumber": {
                  "type": "string"
                },
                "Website": {
                  "type": "string"
                },
                "Email": {
                  "type": "string"
                },
                "PurchaseOrderNumber": {
                  "type": "string"
                },
                "DatedAs": {
                  "type": "string"
                },
                "VendorName": {
                  "type": "string"
                },
                "CompanyName": {
                  "type": "string"
                },
                "CompanyAddress": {
                  "type": "string"
                },
                "CompanyPhoneNumber": {
                  "type": "string"
                },
                "Subtotal": {
                  "type": "string"
                },
                "Tax": {
                  "type": "string"
                },
                "Total": {
                  "type": "string"
                },
                "Signature": {
                  "type": "string"
                },
                "Quantity": {
                  "type": "number"
                }
              },
              "buildMode": "template",
              "fieldConfidence": {
                "CompanyAddress": 0.8,
                "CompanyName": 0.995,
                "CompanyPhoneNumber": 0.995,
                "DatedAs": 0.995,
                "Email": 0.8,
                "Merchant": 0.995,
                "PhoneNumber": 0.995,
                "PurchaseOrderNumber": 0.995,
                "Quantity": 0.995,
                "Signature": 0.8,
                "Subtotal": 0.995,
                "Tax": 0.995,
                "Total": 0.995,
                "VendorName": 0.995,
                "Website": 0.995
              }
            }
          },
          "modelId": "test-composed-model",
          "createdDateTime": "2023-04-13T01:45:09Z",
          "expirationDateTime": "2025-04-12T01:45:09Z",
          "apiVersion": "2023-02-28-preview",
          "description": "optional desc",
          "tags": {
            "createdBy": "java_test"
          }
        },
        "tags": {
          "createdBy": "java_test"
        }
      }
    },
    {
      "RequestUri": "https://REDACTED/formrecognizer/operations/31485017693_c042a16b-f550-481b-8d70-b38cce2938df?api-version=2023-02-28-preview",
      "RequestMethod": "GET",
      "RequestHeaders": {
        "Accept": "application/json",
        "Authorization": "Sanitized",
        "Content-Length": "0",
        "Date": "Thu, 13 Apr 2023 01:45:17 GMT",
        "User-Agent": "azsdk-java-azure-ai-formrecognizer/4.1.0-beta.1 (11.0.9; Windows 10; 10.0)",
        "x-ms-client-request-id": "b75ee468-46b1-4508-8cb8-02aa04086abf"
      },
      "RequestBody": null,
      "StatusCode": 200,
      "ResponseHeaders": {
        "apim-request-id": "6d1426b3-d201-4348-80f3-bae10f6a36f2",
        "Content-Type": "application/json; charset=utf-8",
        "Date": "Thu, 13 Apr 2023 01:45:16 GMT",
        "Strict-Transport-Security": "max-age=31536000; includeSubDomains; preload",
        "Transfer-Encoding": "chunked",
        "X-Content-Type-Options": "nosniff",
        "x-envoy-upstream-service-time": "27",
        "x-ms-region": "East US"
      },
      "ResponseBody": {
        "operationId": "31485017693_c042a16b-f550-481b-8d70-b38cce2938df",
        "kind": "documentModelCompose",
        "status": "succeeded",
        "createdDateTime": "2023-04-13T01:45:07Z",
        "lastUpdatedDateTime": "2023-04-13T01:45:10Z",
        "resourceLocation": "https://shafangfr.cognitiveservices.azure.com/formrecognizer/documentModels/test-composed-model?api-version=2023-02-28-preview",
        "percentCompleted": 100,
        "result": {
          "docTypes": {
            "9069d7c3-dddf-48b5-847e-20ab3775df8f": {
              "fieldSchema": {
                "Merchant": {
                  "type": "string"
                },
                "PhoneNumber": {
                  "type": "string"
                },
                "Website": {
                  "type": "string"
                },
                "Email": {
                  "type": "string"
                },
                "PurchaseOrderNumber": {
                  "type": "string"
                },
                "DatedAs": {
                  "type": "string"
                },
                "VendorName": {
                  "type": "string"
                },
                "CompanyName": {
                  "type": "string"
                },
                "CompanyAddress": {
                  "type": "string"
                },
                "CompanyPhoneNumber": {
                  "type": "string"
                },
                "Subtotal": {
                  "type": "string"
                },
                "Tax": {
                  "type": "string"
                },
                "Total": {
                  "type": "string"
                },
                "Signature": {
                  "type": "string"
                },
                "Quantity": {
                  "type": "number"
                }
              },
              "buildMode": "template",
              "fieldConfidence": {
                "CompanyAddress": 0.8,
                "CompanyName": 0.995,
                "CompanyPhoneNumber": 0.995,
                "DatedAs": 0.995,
                "Email": 0.8,
                "Merchant": 0.995,
                "PhoneNumber": 0.995,
                "PurchaseOrderNumber": 0.995,
                "Quantity": 0.995,
                "Signature": 0.8,
                "Subtotal": 0.995,
                "Tax": 0.995,
                "Total": 0.995,
                "VendorName": 0.995,
                "Website": 0.995
              }
            },
            "1069b5f9-a7d4-4193-99db-511327fec805": {
              "fieldSchema": {
                "Merchant": {
                  "type": "string"
                },
                "PhoneNumber": {
                  "type": "string"
                },
                "Website": {
                  "type": "string"
                },
                "Email": {
                  "type": "string"
                },
                "PurchaseOrderNumber": {
                  "type": "string"
                },
                "DatedAs": {
                  "type": "string"
                },
                "VendorName": {
                  "type": "string"
                },
                "CompanyName": {
                  "type": "string"
                },
                "CompanyAddress": {
                  "type": "string"
                },
                "CompanyPhoneNumber": {
                  "type": "string"
                },
                "Subtotal": {
                  "type": "string"
                },
                "Tax": {
                  "type": "string"
                },
                "Total": {
                  "type": "string"
                },
                "Signature": {
                  "type": "string"
                },
                "Quantity": {
                  "type": "number"
                }
              },
              "buildMode": "template",
              "fieldConfidence": {
                "CompanyAddress": 0.8,
                "CompanyName": 0.995,
                "CompanyPhoneNumber": 0.995,
                "DatedAs": 0.995,
                "Email": 0.8,
                "Merchant": 0.995,
                "PhoneNumber": 0.995,
                "PurchaseOrderNumber": 0.995,
                "Quantity": 0.995,
                "Signature": 0.8,
                "Subtotal": 0.995,
                "Tax": 0.995,
                "Total": 0.995,
                "VendorName": 0.995,
                "Website": 0.995
              }
            }
          },
          "modelId": "test-composed-model",
          "createdDateTime": "2023-04-13T01:45:09Z",
          "expirationDateTime": "2025-04-12T01:45:09Z",
          "apiVersion": "2023-02-28-preview",
          "description": "optional desc",
          "tags": {
            "createdBy": "java_test"
          }
        },
        "tags": {
          "createdBy": "java_test"
        }
      }
    },
    {
      "RequestUri": "https://REDACTED/formrecognizer/documentModels/1069b5f9-a7d4-4193-99db-511327fec805?api-version=2023-02-28-preview",
      "RequestMethod": "DELETE",
      "RequestHeaders": {
        "Accept": "application/json",
        "Authorization": "Sanitized",
        "Content-Length": "0",
        "Date": "Thu, 13 Apr 2023 01:45:17 GMT",
        "User-Agent": "azsdk-java-azure-ai-formrecognizer/4.1.0-beta.1 (11.0.9; Windows 10; 10.0)",
        "x-ms-client-request-id": "09435e77-0747-4a8c-bd7e-9f83880304d1"
      },
      "RequestBody": null,
      "StatusCode": 204,
      "ResponseHeaders": {
        "apim-request-id": "4e478495-b535-4c13-bf12-95e59fd9f882",
        "Content-Length": "0",
        "Date": "Thu, 13 Apr 2023 01:45:16 GMT",
        "Strict-Transport-Security": "max-age=31536000; includeSubDomains; preload",
        "X-Content-Type-Options": "nosniff",
        "x-envoy-upstream-service-time": "64",
        "x-ms-region": "East US"
      },
      "ResponseBody": null
    },
    {
      "RequestUri": "https://REDACTED/formrecognizer/documentModels/9069d7c3-dddf-48b5-847e-20ab3775df8f?api-version=2023-02-28-preview",
      "RequestMethod": "DELETE",
      "RequestHeaders": {
        "Accept": "application/json",
        "Authorization": "Sanitized",
        "Content-Length": "0",
        "Date": "Thu, 13 Apr 2023 01:45:17 GMT",
        "User-Agent": "azsdk-java-azure-ai-formrecognizer/4.1.0-beta.1 (11.0.9; Windows 10; 10.0)",
        "x-ms-client-request-id": "4a8b3da7-b1ce-45ef-afef-11fa4aed372b"
      },
      "RequestBody": null,
      "StatusCode": 204,
      "ResponseHeaders": {
        "apim-request-id": "bbf9ee10-0150-4d99-9cd1-b0116638493d",
        "Content-Length": "0",
        "Date": "Thu, 13 Apr 2023 01:45:16 GMT",
        "Strict-Transport-Security": "max-age=31536000; includeSubDomains; preload",
        "X-Content-Type-Options": "nosniff",
        "x-envoy-upstream-service-time": "75",
        "x-ms-region": "East US"
      },
      "ResponseBody": null
    },
    {
      "RequestUri": "https://REDACTED/formrecognizer/documentModels/test-composed-model?api-version=2023-02-28-preview",
      "RequestMethod": "DELETE",
      "RequestHeaders": {
        "Accept": "application/json",
        "Authorization": "Sanitized",
        "Content-Length": "0",
        "Date": "Thu, 13 Apr 2023 01:45:18 GMT",
        "User-Agent": "azsdk-java-azure-ai-formrecognizer/4.1.0-beta.1 (11.0.9; Windows 10; 10.0)",
        "x-ms-client-request-id": "6916b609-8349-4b0a-81a3-99f8a3ee797c"
      },
      "RequestBody": null,
      "StatusCode": 204,
      "ResponseHeaders": {
        "apim-request-id": "2137e76d-7edc-421c-9693-601f7284c32c",
        "Content-Length": "0",
        "Date": "Thu, 13 Apr 2023 01:45:17 GMT",
        "Strict-Transport-Security": "max-age=31536000; includeSubDomains; preload",
        "X-Content-Type-Options": "nosniff",
        "x-envoy-upstream-service-time": "196",
        "x-ms-region": "East US"
      },
      "ResponseBody": null
    }
  ],
  "Variables": {}
}
