{
  "Entries": [
    {
      "RequestUri": "https://REDACTED/formrecognizer/documentModels:build?api-version=2022-08-31",
      "RequestMethod": "POST",
      "RequestHeaders": {
        "Accept": "application/json",
        "Authorization": "Sanitized",
        "Content-Length": "119",
        "Content-Type": "application/json",
        "Date": "Thu, 20 Apr 2023 20:12:04 GMT",
        "User-Agent": "azsdk-java-azure-ai-formrecognizer/4.0.6 (17.0.1; Windows 11; 10.0)",
        "x-ms-client-request-id": "5a6bcea8-f4ff-457c-9b4e-6bb935db4f5e"
      },
      "RequestBody": {
        "modelId": "bd069d50-19f5-4748-8239-d994ea27c241",
        "buildMode": "template",
        "azureBlobSource": {
          "containerUrl": "REDACTED"
        }
      },
      "StatusCode": 202,
      "ResponseHeaders": {
        "apim-request-id": "3d25ae5b-962b-4419-8f51-43d431657135",
        "Content-Length": "0",
        "Date": "Thu, 20 Apr 2023 20:12:09 GMT",
        "operation-location": "https://REDACTED/formrecognizer/operations/31484346475_3d25ae5b-962b-4419-8f51-43d431657135?api-version=2022-08-31",
        "Strict-Transport-Security": "max-age=31536000; includeSubDomains; preload",
        "X-Content-Type-Options": "nosniff",
        "x-envoy-upstream-service-time": "4580",
        "x-ms-region": "East US"
      },
      "ResponseBody": null
    },
    {
      "RequestUri": "https://REDACTED/formrecognizer/operations/31484346475_3d25ae5b-962b-4419-8f51-43d431657135?api-version=2022-08-31",
      "RequestMethod": "GET",
      "RequestHeaders": {
        "Accept": "application/json",
        "Authorization": "Sanitized",
        "Content-Length": "0",
        "Date": "Thu, 20 Apr 2023 20:12:14 GMT",
        "User-Agent": "azsdk-java-azure-ai-formrecognizer/4.0.6 (17.0.1; Windows 11; 10.0)",
        "x-ms-client-request-id": "c3a00447-1b3a-46fd-9ec5-cf67a4d99b69"
      },
      "RequestBody": null,
      "StatusCode": 200,
      "ResponseHeaders": {
        "apim-request-id": "2510e238-4107-49cf-88ee-9f8d56b00cfe",
        "Content-Type": "application/json; charset=utf-8",
        "Date": "Thu, 20 Apr 2023 20:12:14 GMT",
        "Strict-Transport-Security": "max-age=31536000; includeSubDomains; preload",
        "Transfer-Encoding": "chunked",
        "X-Content-Type-Options": "nosniff",
        "x-envoy-upstream-service-time": "25",
        "x-ms-region": "East US"
      },
      "ResponseBody": {
        "operationId": "31484346475_3d25ae5b-962b-4419-8f51-43d431657135",
        "kind": "documentModelBuild",
        "status": "succeeded",
        "createdDateTime": "2023-04-20T20:12:04Z",
        "lastUpdatedDateTime": "2023-04-20T20:12:10Z",
        "resourceLocation": "REDACTED",
        "percentCompleted": 100,
        "result": {
          "docTypes": {
            "bd069d50-19f5-4748-8239-d994ea27c241": {
              "fieldSchema": {
                "Merchant": {
                  "type": "string"
                },
                "PhoneNumber": {
                  "type": "string"
                },
                "Website": {
                  "type": "string"
                },
                "Email": {
                  "type": "string"
                },
                "PurchaseOrderNumber": {
                  "type": "string"
                },
                "DatedAs": {
                  "type": "string"
                },
                "VendorName": {
                  "type": "string"
                },
                "CompanyName": {
                  "type": "string"
                },
                "CompanyAddress": {
                  "type": "string"
                },
                "CompanyPhoneNumber": {
                  "type": "string"
                },
                "Subtotal": {
                  "type": "string"
                },
                "Tax": {
                  "type": "string"
                },
                "Total": {
                  "type": "string"
                },
                "Signature": {
                  "type": "string"
                },
                "Quantity": {
                  "type": "number"
                }
              },
              "buildMode": "template",
              "fieldConfidence": {
                "CompanyAddress": 0.8,
                "CompanyName": 0.995,
                "CompanyPhoneNumber": 0.995,
                "DatedAs": 0.995,
                "Email": 0.8,
                "Merchant": 0.995,
                "PhoneNumber": 0.995,
                "PurchaseOrderNumber": 0.995,
                "Quantity": 0.995,
                "Signature": 0.8,
                "Subtotal": 0.995,
                "Tax": 0.995,
                "Total": 0.995,
                "VendorName": 0.995,
                "Website": 0.995
              }
            }
          },
          "modelId": "bd069d50-19f5-4748-8239-d994ea27c241",
          "createdDateTime": "2023-04-20T20:12:10Z",
          "expirationDateTime": "2025-04-19T20:12:10Z",
          "apiVersion": "2022-08-31"
        }
      }
    },
    {
      "RequestUri": "https://REDACTED/formrecognizer/operations/31484346475_3d25ae5b-962b-4419-8f51-43d431657135?api-version=2022-08-31",
      "RequestMethod": "GET",
      "RequestHeaders": {
        "Accept": "application/json",
        "Authorization": "Sanitized",
        "Content-Length": "0",
        "Date": "Thu, 20 Apr 2023 20:12:14 GMT",
        "User-Agent": "azsdk-java-azure-ai-formrecognizer/4.0.6 (17.0.1; Windows 11; 10.0)",
        "x-ms-client-request-id": "9ec897ee-0f38-48ba-86f9-ee55dfbbdc06"
      },
      "RequestBody": null,
      "StatusCode": 200,
      "ResponseHeaders": {
        "apim-request-id": "6e297763-3646-43a3-ba32-49328cb1a340",
        "Content-Type": "application/json; charset=utf-8",
        "Date": "Thu, 20 Apr 2023 20:12:14 GMT",
        "Strict-Transport-Security": "max-age=31536000; includeSubDomains; preload",
        "Transfer-Encoding": "chunked",
        "X-Content-Type-Options": "nosniff",
        "x-envoy-upstream-service-time": "21",
        "x-ms-region": "East US"
      },
      "ResponseBody": {
        "operationId": "31484346475_3d25ae5b-962b-4419-8f51-43d431657135",
        "kind": "documentModelBuild",
        "status": "succeeded",
        "createdDateTime": "2023-04-20T20:12:04Z",
        "lastUpdatedDateTime": "2023-04-20T20:12:10Z",
        "resourceLocation": "REDACTED",
        "percentCompleted": 100,
        "result": {
          "docTypes": {
            "bd069d50-19f5-4748-8239-d994ea27c241": {
              "fieldSchema": {
                "Merchant": {
                  "type": "string"
                },
                "PhoneNumber": {
                  "type": "string"
                },
                "Website": {
                  "type": "string"
                },
                "Email": {
                  "type": "string"
                },
                "PurchaseOrderNumber": {
                  "type": "string"
                },
                "DatedAs": {
                  "type": "string"
                },
                "VendorName": {
                  "type": "string"
                },
                "CompanyName": {
                  "type": "string"
                },
                "CompanyAddress": {
                  "type": "string"
                },
                "CompanyPhoneNumber": {
                  "type": "string"
                },
                "Subtotal": {
                  "type": "string"
                },
                "Tax": {
                  "type": "string"
                },
                "Total": {
                  "type": "string"
                },
                "Signature": {
                  "type": "string"
                },
                "Quantity": {
                  "type": "number"
                }
              },
              "buildMode": "template",
              "fieldConfidence": {
                "CompanyAddress": 0.8,
                "CompanyName": 0.995,
                "CompanyPhoneNumber": 0.995,
                "DatedAs": 0.995,
                "Email": 0.8,
                "Merchant": 0.995,
                "PhoneNumber": 0.995,
                "PurchaseOrderNumber": 0.995,
                "Quantity": 0.995,
                "Signature": 0.8,
                "Subtotal": 0.995,
                "Tax": 0.995,
                "Total": 0.995,
                "VendorName": 0.995,
                "Website": 0.995
              }
            }
          },
          "modelId": "bd069d50-19f5-4748-8239-d994ea27c241",
          "createdDateTime": "2023-04-20T20:12:10Z",
          "expirationDateTime": "2025-04-19T20:12:10Z",
          "apiVersion": "2022-08-31"
        }
      }
    },
    {
      "RequestUri": "https://REDACTED/formrecognizer/documentModels/bd069d50-19f5-4748-8239-d994ea27c241?api-version=2022-08-31",
      "RequestMethod": "DELETE",
      "RequestHeaders": {
        "Accept": "application/json",
        "Authorization": "Sanitized",
        "Content-Length": "0",
        "Date": "Thu, 20 Apr 2023 20:12:15 GMT",
        "User-Agent": "azsdk-java-azure-ai-formrecognizer/4.0.6 (17.0.1; Windows 11; 10.0)",
        "x-ms-client-request-id": "f58a595f-38ce-4bd1-8ab4-ca3f9e49851f"
      },
      "RequestBody": null,
      "StatusCode": 204,
      "ResponseHeaders": {
        "apim-request-id": "f7757514-167a-4254-8441-320bbadec8ee",
        "Content-Length": "0",
        "Date": "Thu, 20 Apr 2023 20:12:14 GMT",
        "Strict-Transport-Security": "max-age=31536000; includeSubDomains; preload",
        "X-Content-Type-Options": "nosniff",
        "x-envoy-upstream-service-time": "71",
        "x-ms-region": "East US"
      },
      "ResponseBody": null
    }
  ],
  "Variables": {}
}
