{
  "Entries": [
    {
      "RequestUri": "https://REDACTED/formrecognizer/documentModels:build?api-version=2023-02-28-preview",
      "RequestMethod": "POST",
      "RequestHeaders": {
        "Accept": "application/json",
        "Authorization": "Sanitized",
        "Content-Length": "119",
        "Content-Type": "application/json",
        "Date": "Fri, 14 Apr 2023 18:16:37 GMT",
        "User-Agent": "azsdk-java-azure-ai-formrecognizer/4.1.0-beta.1 (11.0.9; Windows 10; 10.0)",
        "x-ms-client-request-id": "0ef5a194-08a8-494d-886a-18dd9f631648"
      },
      "RequestBody": {
        "modelId": "11b22a6c-3805-4b0f-83c4-95ec6e20dd5c",
        "buildMode": "template",
        "azureBlobSource": {
          "containerUrl": "REDACTED"
        }
      },
      "StatusCode": 202,
      "ResponseHeaders": {
        "apim-request-id": "1b858621-5509-41dd-bb70-7c51a9b9f415",
        "Content-Length": "0",
        "Date": "Fri, 14 Apr 2023 18:16:39 GMT",
        "operation-location": "https://REDACTED/formrecognizer/operations/31484871804_1b858621-5509-41dd-bb70-7c51a9b9f415?api-version=2023-02-28-preview",
        "Strict-Transport-Security": "max-age=31536000; includeSubDomains; preload",
        "X-Content-Type-Options": "nosniff",
        "x-envoy-upstream-service-time": "2912",
        "x-ms-region": "East US"
      },
      "ResponseBody": null
    },
    {
      "RequestUri": "https://REDACTED/formrecognizer/operations/31484871804_1b858621-5509-41dd-bb70-7c51a9b9f415?api-version=2023-02-28-preview",
      "RequestMethod": "GET",
      "RequestHeaders": {
        "Accept": "application/json",
        "Authorization": "Sanitized",
        "Content-Length": "0",
        "Date": "Fri, 14 Apr 2023 18:16:40 GMT",
        "User-Agent": "azsdk-java-azure-ai-formrecognizer/4.1.0-beta.1 (11.0.9; Windows 10; 10.0)",
        "x-ms-client-request-id": "5cbbc348-9680-4c98-bbce-c66286af6f93"
      },
      "RequestBody": null,
      "StatusCode": 200,
      "ResponseHeaders": {
        "apim-request-id": "8badac7f-c590-4bb6-aee7-78dd5affd4ec",
        "Content-Type": "application/json; charset=utf-8",
        "Date": "Fri, 14 Apr 2023 18:16:39 GMT",
        "Strict-Transport-Security": "max-age=31536000; includeSubDomains; preload",
        "Transfer-Encoding": "chunked",
        "X-Content-Type-Options": "nosniff",
        "x-envoy-upstream-service-time": "15",
        "x-ms-region": "East US"
      },
      "ResponseBody": {
        "operationId": "31484871804_1b858621-5509-41dd-bb70-7c51a9b9f415",
        "kind": "documentModelBuild",
        "status": "notStarted",
        "createdDateTime": "2023-04-14T18:16:36Z",
        "lastUpdatedDateTime": "2023-04-14T18:16:36Z",
        "resourceLocation": "REDACTED"
      }
    },
    {
      "RequestUri": "https://REDACTED/formrecognizer/operations/31484871804_1b858621-5509-41dd-bb70-7c51a9b9f415?api-version=2023-02-28-preview",
      "RequestMethod": "GET",
      "RequestHeaders": {
        "Accept": "application/json",
        "Authorization": "Sanitized",
        "Content-Length": "0",
        "Date": "Fri, 14 Apr 2023 18:16:45 GMT",
        "User-Agent": "azsdk-java-azure-ai-formrecognizer/4.1.0-beta.1 (11.0.9; Windows 10; 10.0)",
        "x-ms-client-request-id": "a2bafb31-a346-4934-98a8-a61879cb0d63"
      },
      "RequestBody": null,
      "StatusCode": 200,
      "ResponseHeaders": {
        "apim-request-id": "486ead6e-bbd2-4e5d-a15a-bf8d11461465",
        "Content-Type": "application/json; charset=utf-8",
        "Date": "Fri, 14 Apr 2023 18:16:44 GMT",
        "Strict-Transport-Security": "max-age=31536000; includeSubDomains; preload",
        "Transfer-Encoding": "chunked",
        "X-Content-Type-Options": "nosniff",
        "x-envoy-upstream-service-time": "15",
        "x-ms-region": "East US"
      },
      "ResponseBody": {
        "operationId": "31484871804_1b858621-5509-41dd-bb70-7c51a9b9f415",
        "kind": "documentModelBuild",
        "status": "succeeded",
        "createdDateTime": "2023-04-14T18:16:36Z",
        "lastUpdatedDateTime": "2023-04-14T18:16:40Z",
        "resourceLocation": "REDACTED",
        "percentCompleted": 100,
        "result": {
          "docTypes": {
            "11b22a6c-3805-4b0f-83c4-95ec6e20dd5c": {
              "fieldSchema": {
                "Merchant": {
                  "type": "string"
                },
                "PhoneNumber": {
                  "type": "string"
                },
                "Website": {
                  "type": "string"
                },
                "Email": {
                  "type": "string"
                },
                "PurchaseOrderNumber": {
                  "type": "string"
                },
                "DatedAs": {
                  "type": "string"
                },
                "VendorName": {
                  "type": "string"
                },
                "CompanyName": {
                  "type": "string"
                },
                "CompanyAddress": {
                  "type": "string"
                },
                "CompanyPhoneNumber": {
                  "type": "string"
                },
                "Subtotal": {
                  "type": "string"
                },
                "Tax": {
                  "type": "string"
                },
                "Total": {
                  "type": "string"
                },
                "Signature": {
                  "type": "string"
                },
                "Quantity": {
                  "type": "number"
                }
              },
              "buildMode": "template",
              "fieldConfidence": {
                "CompanyAddress": 0.8,
                "CompanyName": 0.995,
                "CompanyPhoneNumber": 0.995,
                "DatedAs": 0.995,
                "Email": 0.8,
                "Merchant": 0.995,
                "PhoneNumber": 0.995,
                "PurchaseOrderNumber": 0.995,
                "Quantity": 0.995,
                "Signature": 0.8,
                "Subtotal": 0.995,
                "Tax": 0.995,
                "Total": 0.995,
                "VendorName": 0.995,
                "Website": 0.995
              }
            }
          },
          "modelId": "11b22a6c-3805-4b0f-83c4-95ec6e20dd5c",
          "createdDateTime": "2023-04-14T18:16:40Z",
          "expirationDateTime": "2025-04-13T18:16:40Z",
          "apiVersion": "2023-02-28-preview"
        }
      }
    },
    {
      "RequestUri": "https://REDACTED/formrecognizer/operations/31484871804_1b858621-5509-41dd-bb70-7c51a9b9f415?api-version=2023-02-28-preview",
      "RequestMethod": "GET",
      "RequestHeaders": {
        "Accept": "application/json",
        "Authorization": "Sanitized",
        "Content-Length": "0",
        "Date": "Fri, 14 Apr 2023 18:16:45 GMT",
        "User-Agent": "azsdk-java-azure-ai-formrecognizer/4.1.0-beta.1 (11.0.9; Windows 10; 10.0)",
        "x-ms-client-request-id": "4a0c6ac5-75cb-4299-b5c6-2884bf8a0b4a"
      },
      "RequestBody": null,
      "StatusCode": 200,
      "ResponseHeaders": {
        "apim-request-id": "a7e2cfcd-35c6-441e-9455-3739ea83d7ed",
        "Content-Type": "application/json; charset=utf-8",
        "Date": "Fri, 14 Apr 2023 18:16:44 GMT",
        "Strict-Transport-Security": "max-age=31536000; includeSubDomains; preload",
        "Transfer-Encoding": "chunked",
        "X-Content-Type-Options": "nosniff",
        "x-envoy-upstream-service-time": "15",
        "x-ms-region": "East US"
      },
      "ResponseBody": {
        "operationId": "31484871804_1b858621-5509-41dd-bb70-7c51a9b9f415",
        "kind": "documentModelBuild",
        "status": "succeeded",
        "createdDateTime": "2023-04-14T18:16:36Z",
        "lastUpdatedDateTime": "2023-04-14T18:16:40Z",
        "resourceLocation": "REDACTED",
        "percentCompleted": 100,
        "result": {
          "docTypes": {
            "11b22a6c-3805-4b0f-83c4-95ec6e20dd5c": {
              "fieldSchema": {
                "Merchant": {
                  "type": "string"
                },
                "PhoneNumber": {
                  "type": "string"
                },
                "Website": {
                  "type": "string"
                },
                "Email": {
                  "type": "string"
                },
                "PurchaseOrderNumber": {
                  "type": "string"
                },
                "DatedAs": {
                  "type": "string"
                },
                "VendorName": {
                  "type": "string"
                },
                "CompanyName": {
                  "type": "string"
                },
                "CompanyAddress": {
                  "type": "string"
                },
                "CompanyPhoneNumber": {
                  "type": "string"
                },
                "Subtotal": {
                  "type": "string"
                },
                "Tax": {
                  "type": "string"
                },
                "Total": {
                  "type": "string"
                },
                "Signature": {
                  "type": "string"
                },
                "Quantity": {
                  "type": "number"
                }
              },
              "buildMode": "template",
              "fieldConfidence": {
                "CompanyAddress": 0.8,
                "CompanyName": 0.995,
                "CompanyPhoneNumber": 0.995,
                "DatedAs": 0.995,
                "Email": 0.8,
                "Merchant": 0.995,
                "PhoneNumber": 0.995,
                "PurchaseOrderNumber": 0.995,
                "Quantity": 0.995,
                "Signature": 0.8,
                "Subtotal": 0.995,
                "Tax": 0.995,
                "Total": 0.995,
                "VendorName": 0.995,
                "Website": 0.995
              }
            }
          },
          "modelId": "11b22a6c-3805-4b0f-83c4-95ec6e20dd5c",
          "createdDateTime": "2023-04-14T18:16:40Z",
          "expirationDateTime": "2025-04-13T18:16:40Z",
          "apiVersion": "2023-02-28-preview"
        }
      }
    },
    {
      "RequestUri": "https://REDACTED/formrecognizer/documentModels:authorizeCopy?api-version=2023-02-28-preview",
      "RequestMethod": "POST",
      "RequestHeaders": {
        "Accept": "application/json",
        "Authorization": "Sanitized",
        "Content-Length": "50",
        "Content-Type": "application/json",
        "Date": "Fri, 14 Apr 2023 18:16:46 GMT",
        "User-Agent": "azsdk-java-azure-ai-formrecognizer/4.1.0-beta.1 (11.0.9; Windows 10; 10.0)",
        "x-ms-client-request-id": "096fc8f3-3b2a-45ad-9be3-3babe3e7ca10"
      },
      "RequestBody": {
        "modelId": "b5779d51-4dc7-45fd-8b91-fab4114c10a8"
      },
      "StatusCode": 200,
      "ResponseHeaders": {
        "apim-request-id": "12b3aec3-6f8e-4e56-afc5-1debbd8a80cc",
        "Content-Type": "application/json; charset=utf-8",
        "Date": "Fri, 14 Apr 2023 18:16:45 GMT",
        "Strict-Transport-Security": "max-age=31536000; includeSubDomains; preload",
        "Transfer-Encoding": "chunked",
        "X-Content-Type-Options": "nosniff",
        "x-envoy-upstream-service-time": "570",
        "x-ms-region": "East US"
      },
      "ResponseBody": {
        "targetResourceId": "REDACTED",
        "targetResourceRegion": "eastus",
        "targetModelId": "b5779d51-4dc7-45fd-8b91-fab4114c10a8",
        "targetModelLocation": "REDACTED",
        "accessToken": "REDACTED",
        "expirationDateTime": "2023-04-14T19:16:45Z"
      }
    },
    {
      "RequestUri": "https://REDACTED/formrecognizer/documentModels/11b22a6c-3805-4b0f-83c4-95ec6e20dd5c:copyTo?api-version=2023-02-28-preview",
      "RequestMethod": "POST",
      "RequestHeaders": {
        "Accept": "application/json",
        "Authorization": "Sanitized",
        "Content-Length": "220",
        "Content-Type": "application/json",
        "Date": "Fri, 14 Apr 2023 18:16:46 GMT",
        "User-Agent": "azsdk-java-azure-ai-formrecognizer/4.1.0-beta.1 (11.0.9; Windows 10; 10.0)",
        "x-ms-client-request-id": "6f6ef49d-8405-4a2a-9e08-6ff2cebe82a5"
      },
      "RequestBody": {
        "targetResourceId": "REDACTED",
        "targetResourceRegion": "eastus",
        "targetModelId": "b5779d51-4dc7-45fd-8b91-fab4114c10a8",
        "targetModelLocation": "REDACTED",
        "accessToken": "REDACTED",
        "expirationDateTime": "2023-04-14T19:16:45Z"
      },
      "StatusCode": 202,
      "ResponseHeaders": {
        "apim-request-id": "6d0ed15e-b2d2-44c2-a329-6d6eed44faca",
        "Content-Length": "0",
        "Date": "Fri, 14 Apr 2023 18:16:45 GMT",
        "Operation-Location": "https://REDACTED/formrecognizer/operations/31484871794_6d0ed15e-b2d2-44c2-a329-6d6eed44faca?api-version=2023-02-28-preview",
        "Strict-Transport-Security": "max-age=31536000; includeSubDomains; preload",
        "X-Content-Type-Options": "nosniff",
        "x-envoy-upstream-service-time": "132",
        "x-ms-region": "East US"
      },
      "ResponseBody": null
    },
    {
      "RequestUri": "https://REDACTED/formrecognizer/operations/31484871794_6d0ed15e-b2d2-44c2-a329-6d6eed44faca?api-version=2023-02-28-preview",
      "RequestMethod": "GET",
      "RequestHeaders": {
        "Accept": "application/json",
        "Authorization": "Sanitized",
        "Content-Length": "0",
        "Date": "Fri, 14 Apr 2023 18:16:47 GMT",
        "User-Agent": "azsdk-java-azure-ai-formrecognizer/4.1.0-beta.1 (11.0.9; Windows 10; 10.0)",
        "x-ms-client-request-id": "5d82edfe-ab07-46b0-85c1-bb4e108af170"
      },
      "RequestBody": null,
      "StatusCode": 200,
      "ResponseHeaders": {
        "apim-request-id": "f0b7efd9-34ad-4433-945b-8142df73d2eb",
        "Content-Type": "application/json; charset=utf-8",
        "Date": "Fri, 14 Apr 2023 18:16:45 GMT",
        "Strict-Transport-Security": "max-age=31536000; includeSubDomains; preload",
        "Transfer-Encoding": "chunked",
        "X-Content-Type-Options": "nosniff",
        "x-envoy-upstream-service-time": "14",
        "x-ms-region": "East US"
      },
      "ResponseBody": {
        "operationId": "31484871794_6d0ed15e-b2d2-44c2-a329-6d6eed44faca",
        "kind": "documentModelCopyTo",
        "status": "running",
        "createdDateTime": "2023-04-14T18:16:45Z",
        "lastUpdatedDateTime": "2023-04-14T18:16:45Z",
        "resourceLocation": "REDACTED"
      }
    },
    {
      "RequestUri": "https://REDACTED/formrecognizer/operations/31484871794_6d0ed15e-b2d2-44c2-a329-6d6eed44faca?api-version=2023-02-28-preview",
      "RequestMethod": "GET",
      "RequestHeaders": {
        "Accept": "application/json",
        "Authorization": "Sanitized",
        "Content-Length": "0",
        "Date": "Fri, 14 Apr 2023 18:16:52 GMT",
        "User-Agent": "azsdk-java-azure-ai-formrecognizer/4.1.0-beta.1 (11.0.9; Windows 10; 10.0)",
        "x-ms-client-request-id": "047d5f80-f922-4f71-acee-e5d7e25de7af"
      },
      "RequestBody": null,
      "StatusCode": 200,
      "ResponseHeaders": {
        "apim-request-id": "cdccf734-2371-445d-b7f4-776d93cf4b69",
        "Content-Type": "application/json; charset=utf-8",
        "Date": "Fri, 14 Apr 2023 18:16:50 GMT",
        "Strict-Transport-Security": "max-age=31536000; includeSubDomains; preload",
        "Transfer-Encoding": "chunked",
        "X-Content-Type-Options": "nosniff",
        "x-envoy-upstream-service-time": "15",
        "x-ms-region": "East US"
      },
      "ResponseBody": {
        "operationId": "31484871794_6d0ed15e-b2d2-44c2-a329-6d6eed44faca",
        "kind": "documentModelCopyTo",
        "status": "succeeded",
        "createdDateTime": "2023-04-14T18:16:45Z",
        "lastUpdatedDateTime": "2023-04-14T18:16:46Z",
        "resourceLocation": "REDACTED",
        "percentCompleted": 100,
        "result": {
          "docTypes": {
            "11b22a6c-3805-4b0f-83c4-95ec6e20dd5c": {
              "fieldSchema": {
                "Merchant": {
                  "type": "string"
                },
                "PhoneNumber": {
                  "type": "string"
                },
                "Website": {
                  "type": "string"
                },
                "Email": {
                  "type": "string"
                },
                "PurchaseOrderNumber": {
                  "type": "string"
                },
                "DatedAs": {
                  "type": "string"
                },
                "VendorName": {
                  "type": "string"
                },
                "CompanyName": {
                  "type": "string"
                },
                "CompanyAddress": {
                  "type": "string"
                },
                "CompanyPhoneNumber": {
                  "type": "string"
                },
                "Subtotal": {
                  "type": "string"
                },
                "Tax": {
                  "type": "string"
                },
                "Total": {
                  "type": "string"
                },
                "Signature": {
                  "type": "string"
                },
                "Quantity": {
                  "type": "number"
                }
              },
              "buildMode": "template",
              "fieldConfidence": {
                "CompanyAddress": 0.8,
                "CompanyName": 0.995,
                "CompanyPhoneNumber": 0.995,
                "DatedAs": 0.995,
                "Email": 0.8,
                "Merchant": 0.995,
                "PhoneNumber": 0.995,
                "PurchaseOrderNumber": 0.995,
                "Quantity": 0.995,
                "Signature": 0.8,
                "Subtotal": 0.995,
                "Tax": 0.995,
                "Total": 0.995,
                "VendorName": 0.995,
                "Website": 0.995
              }
            }
          },
          "modelId": "b5779d51-4dc7-45fd-8b91-fab4114c10a8",
          "createdDateTime": "2023-04-14T18:16:40Z",
          "expirationDateTime": "2025-04-13T18:16:40Z",
          "apiVersion": "2023-02-28-preview"
        }
      }
    },
    {
      "RequestUri": "https://REDACTED/formrecognizer/operations/31484871794_6d0ed15e-b2d2-44c2-a329-6d6eed44faca?api-version=2023-02-28-preview",
      "RequestMethod": "GET",
      "RequestHeaders": {
        "Accept": "application/json",
        "Authorization": "Sanitized",
        "Content-Length": "0",
        "Date": "Fri, 14 Apr 2023 18:16:52 GMT",
        "User-Agent": "azsdk-java-azure-ai-formrecognizer/4.1.0-beta.1 (11.0.9; Windows 10; 10.0)",
        "x-ms-client-request-id": "d47df5ba-983e-4ad2-b7d9-18006d5b5a2a"
      },
      "RequestBody": null,
      "StatusCode": 200,
      "ResponseHeaders": {
        "apim-request-id": "c234d33d-6449-4327-ba9e-d80d84a280cb",
        "Content-Type": "application/json; charset=utf-8",
        "Date": "Fri, 14 Apr 2023 18:16:50 GMT",
        "Strict-Transport-Security": "max-age=31536000; includeSubDomains; preload",
        "Transfer-Encoding": "chunked",
        "X-Content-Type-Options": "nosniff",
        "x-envoy-upstream-service-time": "15",
        "x-ms-region": "East US"
      },
      "ResponseBody": {
        "operationId": "31484871794_6d0ed15e-b2d2-44c2-a329-6d6eed44faca",
        "kind": "documentModelCopyTo",
        "status": "succeeded",
        "createdDateTime": "2023-04-14T18:16:45Z",
        "lastUpdatedDateTime": "2023-04-14T18:16:46Z",
        "resourceLocation": "REDACTED",
        "percentCompleted": 100,
        "result": {
          "docTypes": {
            "11b22a6c-3805-4b0f-83c4-95ec6e20dd5c": {
              "fieldSchema": {
                "Merchant": {
                  "type": "string"
                },
                "PhoneNumber": {
                  "type": "string"
                },
                "Website": {
                  "type": "string"
                },
                "Email": {
                  "type": "string"
                },
                "PurchaseOrderNumber": {
                  "type": "string"
                },
                "DatedAs": {
                  "type": "string"
                },
                "VendorName": {
                  "type": "string"
                },
                "CompanyName": {
                  "type": "string"
                },
                "CompanyAddress": {
                  "type": "string"
                },
                "CompanyPhoneNumber": {
                  "type": "string"
                },
                "Subtotal": {
                  "type": "string"
                },
                "Tax": {
                  "type": "string"
                },
                "Total": {
                  "type": "string"
                },
                "Signature": {
                  "type": "string"
                },
                "Quantity": {
                  "type": "number"
                }
              },
              "buildMode": "template",
              "fieldConfidence": {
                "CompanyAddress": 0.8,
                "CompanyName": 0.995,
                "CompanyPhoneNumber": 0.995,
                "DatedAs": 0.995,
                "Email": 0.8,
                "Merchant": 0.995,
                "PhoneNumber": 0.995,
                "PurchaseOrderNumber": 0.995,
                "Quantity": 0.995,
                "Signature": 0.8,
                "Subtotal": 0.995,
                "Tax": 0.995,
                "Total": 0.995,
                "VendorName": 0.995,
                "Website": 0.995
              }
            }
          },
          "modelId": "b5779d51-4dc7-45fd-8b91-fab4114c10a8",
          "createdDateTime": "2023-04-14T18:16:40Z",
          "expirationDateTime": "2025-04-13T18:16:40Z",
          "apiVersion": "2023-02-28-preview"
        }
      }
    },
    {
      "RequestUri": "https://REDACTED/formrecognizer/documentModels/11b22a6c-3805-4b0f-83c4-95ec6e20dd5c?api-version=2023-02-28-preview",
      "RequestMethod": "DELETE",
      "RequestHeaders": {
        "Accept": "application/json",
        "Authorization": "Sanitized",
        "Content-Length": "0",
        "Date": "Fri, 14 Apr 2023 18:16:52 GMT",
        "User-Agent": "azsdk-java-azure-ai-formrecognizer/4.1.0-beta.1 (11.0.9; Windows 10; 10.0)",
        "x-ms-client-request-id": "eeafa8c0-01c3-4a8e-9f0f-04c5f103e15a"
      },
      "RequestBody": null,
      "StatusCode": 204,
      "ResponseHeaders": {
        "apim-request-id": "926f6237-f3a3-4369-b1c2-86c87e21e243",
        "Content-Length": "0",
        "Date": "Fri, 14 Apr 2023 18:16:51 GMT",
        "Strict-Transport-Security": "max-age=31536000; includeSubDomains; preload",
        "X-Content-Type-Options": "nosniff",
        "x-envoy-upstream-service-time": "67",
        "x-ms-region": "East US"
      },
      "ResponseBody": null
    },
    {
      "RequestUri": "https://REDACTED/formrecognizer/documentModels/b5779d51-4dc7-45fd-8b91-fab4114c10a8?api-version=2023-02-28-preview",
      "RequestMethod": "DELETE",
      "RequestHeaders": {
        "Accept": "application/json",
        "Authorization": "Sanitized",
        "Content-Length": "0",
        "Date": "Fri, 14 Apr 2023 18:16:52 GMT",
        "User-Agent": "azsdk-java-azure-ai-formrecognizer/4.1.0-beta.1 (11.0.9; Windows 10; 10.0)",
        "x-ms-client-request-id": "d9930bd0-cd03-4c31-ae1a-1d1844c78e64"
      },
      "RequestBody": null,
      "StatusCode": 204,
      "ResponseHeaders": {
        "apim-request-id": "dab8c53d-7348-455b-a340-01282c22089e",
        "Content-Length": "0",
        "Date": "Fri, 14 Apr 2023 18:16:51 GMT",
        "Strict-Transport-Security": "max-age=31536000; includeSubDomains; preload",
        "X-Content-Type-Options": "nosniff",
        "x-envoy-upstream-service-time": "62",
        "x-ms-region": "East US"
      },
      "ResponseBody": null
    }
  ],
  "Variables": {}
}
