{
  "Entries": [
    {
      "RequestUri": "https://REDACTED/formrecognizer/documentModels:build?api-version=2023-02-28-preview",
      "RequestMethod": "POST",
      "RequestHeaders": {
        "Accept": "application/json",
        "Authorization": "Sanitized",
        "Content-Length": "312",
        "Content-Type": "application/json",
        "Date": "Wed, 12 Apr 2023 20:35:23 GMT",
        "User-Agent": "azsdk-java-azure-ai-formrecognizer/4.1.0-beta.1 (11.0.9; Windows 10; 10.0)",
        "x-ms-client-request-id": "1728b6b9-a342-4d09-90b3-1289f3f13a22"
      },
      "RequestBody": {
        "modelId": "a794f532-1934-46da-9550-6617729985f9",
        "buildMode": "template",
        "azureBlobSource": {
          "containerUrl": "https://azuresdktrainingdata.blob.core.windows.net/trainingdata?sp=rl\u0026st=2022-01-24T21:29:02Z\u0026se=2025-01-25T05:29:02Z\u0026spr=https\u0026sv=2020-08-04\u0026sr=c\u0026sig=q71NyEgO5ebO7aKW%2FcN2rzeVaCJP49O%2BRw9T9pGXhkE%3D"
        }
      },
      "StatusCode": 202,
      "ResponseHeaders": {
        "apim-request-id": "1265e9d4-54f5-4c15-ad07-71718003cb83",
        "Content-Length": "0",
        "Date": "Wed, 12 Apr 2023 20:35:26 GMT",
        "operation-location": "https://REDACTED/formrecognizer/operations/31485036276_1265e9d4-54f5-4c15-ad07-71718003cb83?api-version=2023-02-28-preview",
        "Strict-Transport-Security": "max-age=31536000; includeSubDomains; preload",
        "X-Content-Type-Options": "nosniff",
        "x-envoy-upstream-service-time": "2340",
        "x-ms-region": "East US"
      },
      "ResponseBody": null
    },
    {
      "RequestUri": "https://REDACTED/formrecognizer/operations/31485036276_1265e9d4-54f5-4c15-ad07-71718003cb83?api-version=2023-02-28-preview",
      "RequestMethod": "GET",
      "RequestHeaders": {
        "Accept": "application/json",
        "Authorization": "Sanitized",
        "Content-Length": "0",
        "Date": "Wed, 12 Apr 2023 20:35:27 GMT",
        "User-Agent": "azsdk-java-azure-ai-formrecognizer/4.1.0-beta.1 (11.0.9; Windows 10; 10.0)",
        "x-ms-client-request-id": "be2a7c9e-892f-4c00-adf8-af1b4f040428"
      },
      "RequestBody": null,
      "StatusCode": 200,
      "ResponseHeaders": {
        "apim-request-id": "006762be-473d-4043-874a-a94b19063fa9",
        "Content-Type": "application/json; charset=utf-8",
        "Date": "Wed, 12 Apr 2023 20:35:27 GMT",
        "Strict-Transport-Security": "max-age=31536000; includeSubDomains; preload",
        "Transfer-Encoding": "chunked",
        "X-Content-Type-Options": "nosniff",
        "x-envoy-upstream-service-time": "20",
        "x-ms-region": "East US"
      },
      "ResponseBody": {
        "operationId": "31485036276_1265e9d4-54f5-4c15-ad07-71718003cb83",
        "kind": "documentModelBuild",
        "status": "running",
        "createdDateTime": "2023-04-12T20:35:24Z",
        "lastUpdatedDateTime": "2023-04-12T20:35:26Z",
        "resourceLocation": "https://shafangfr.cognitiveservices.azure.com/formrecognizer/documentModels/a794f532-1934-46da-9550-6617729985f9?api-version=2023-02-28-preview"
      }
    },
    {
      "RequestUri": "https://REDACTED/formrecognizer/operations/31485036276_1265e9d4-54f5-4c15-ad07-71718003cb83?api-version=2023-02-28-preview",
      "RequestMethod": "GET",
      "RequestHeaders": {
        "Accept": "application/json",
        "Authorization": "Sanitized",
        "Content-Length": "0",
        "Date": "Wed, 12 Apr 2023 20:35:32 GMT",
        "User-Agent": "azsdk-java-azure-ai-formrecognizer/4.1.0-beta.1 (11.0.9; Windows 10; 10.0)",
        "x-ms-client-request-id": "d1cf917f-69bb-4d76-8851-584118331d79"
      },
      "RequestBody": null,
      "StatusCode": 200,
      "ResponseHeaders": {
        "apim-request-id": "785cc5c3-e8b6-4820-8309-5d164487bda6",
        "Content-Type": "application/json; charset=utf-8",
        "Date": "Wed, 12 Apr 2023 20:35:32 GMT",
        "Strict-Transport-Security": "max-age=31536000; includeSubDomains; preload",
        "Transfer-Encoding": "chunked",
        "X-Content-Type-Options": "nosniff",
        "x-envoy-upstream-service-time": "16",
        "x-ms-region": "East US"
      },
      "ResponseBody": {
        "operationId": "31485036276_1265e9d4-54f5-4c15-ad07-71718003cb83",
        "kind": "documentModelBuild",
        "status": "succeeded",
        "createdDateTime": "2023-04-12T20:35:24Z",
        "lastUpdatedDateTime": "2023-04-12T20:35:27Z",
        "resourceLocation": "https://shafangfr.cognitiveservices.azure.com/formrecognizer/documentModels/a794f532-1934-46da-9550-6617729985f9?api-version=2023-02-28-preview",
        "percentCompleted": 100,
        "result": {
          "docTypes": {
            "a794f532-1934-46da-9550-6617729985f9": {
              "fieldSchema": {
                "Merchant": {
                  "type": "string"
                },
                "PhoneNumber": {
                  "type": "string"
                },
                "Website": {
                  "type": "string"
                },
                "Email": {
                  "type": "string"
                },
                "PurchaseOrderNumber": {
                  "type": "string"
                },
                "DatedAs": {
                  "type": "string"
                },
                "VendorName": {
                  "type": "string"
                },
                "CompanyName": {
                  "type": "string"
                },
                "CompanyAddress": {
                  "type": "string"
                },
                "CompanyPhoneNumber": {
                  "type": "string"
                },
                "Subtotal": {
                  "type": "string"
                },
                "Tax": {
                  "type": "string"
                },
                "Total": {
                  "type": "string"
                },
                "Signature": {
                  "type": "string"
                },
                "Quantity": {
                  "type": "number"
                }
              },
              "buildMode": "template",
              "fieldConfidence": {
                "CompanyAddress": 0.8,
                "CompanyName": 0.995,
                "CompanyPhoneNumber": 0.995,
                "DatedAs": 0.995,
                "Email": 0.8,
                "Merchant": 0.995,
                "PhoneNumber": 0.995,
                "PurchaseOrderNumber": 0.995,
                "Quantity": 0.995,
                "Signature": 0.8,
                "Subtotal": 0.995,
                "Tax": 0.995,
                "Total": 0.995,
                "VendorName": 0.995,
                "Website": 0.995
              }
            }
          },
          "modelId": "a794f532-1934-46da-9550-6617729985f9",
          "createdDateTime": "2023-04-12T20:35:27Z",
          "expirationDateTime": "2025-04-11T20:35:27Z",
          "apiVersion": "2023-02-28-preview"
        }
      }
    },
    {
      "RequestUri": "https://REDACTED/formrecognizer/operations/31485036276_1265e9d4-54f5-4c15-ad07-71718003cb83?api-version=2023-02-28-preview",
      "RequestMethod": "GET",
      "RequestHeaders": {
        "Accept": "application/json",
        "Authorization": "Sanitized",
        "Content-Length": "0",
        "Date": "Wed, 12 Apr 2023 20:35:32 GMT",
        "User-Agent": "azsdk-java-azure-ai-formrecognizer/4.1.0-beta.1 (11.0.9; Windows 10; 10.0)",
        "x-ms-client-request-id": "929da608-b88e-443f-a20d-f443b5b90817"
      },
      "RequestBody": null,
      "StatusCode": 200,
      "ResponseHeaders": {
        "apim-request-id": "db6ce394-2ab0-4910-913a-82088e900ee7",
        "Content-Type": "application/json; charset=utf-8",
        "Date": "Wed, 12 Apr 2023 20:35:32 GMT",
        "Strict-Transport-Security": "max-age=31536000; includeSubDomains; preload",
        "Transfer-Encoding": "chunked",
        "X-Content-Type-Options": "nosniff",
        "x-envoy-upstream-service-time": "16",
        "x-ms-region": "East US"
      },
      "ResponseBody": {
        "operationId": "31485036276_1265e9d4-54f5-4c15-ad07-71718003cb83",
        "kind": "documentModelBuild",
        "status": "succeeded",
        "createdDateTime": "2023-04-12T20:35:24Z",
        "lastUpdatedDateTime": "2023-04-12T20:35:27Z",
        "resourceLocation": "https://shafangfr.cognitiveservices.azure.com/formrecognizer/documentModels/a794f532-1934-46da-9550-6617729985f9?api-version=2023-02-28-preview",
        "percentCompleted": 100,
        "result": {
          "docTypes": {
            "a794f532-1934-46da-9550-6617729985f9": {
              "fieldSchema": {
                "Merchant": {
                  "type": "string"
                },
                "PhoneNumber": {
                  "type": "string"
                },
                "Website": {
                  "type": "string"
                },
                "Email": {
                  "type": "string"
                },
                "PurchaseOrderNumber": {
                  "type": "string"
                },
                "DatedAs": {
                  "type": "string"
                },
                "VendorName": {
                  "type": "string"
                },
                "CompanyName": {
                  "type": "string"
                },
                "CompanyAddress": {
                  "type": "string"
                },
                "CompanyPhoneNumber": {
                  "type": "string"
                },
                "Subtotal": {
                  "type": "string"
                },
                "Tax": {
                  "type": "string"
                },
                "Total": {
                  "type": "string"
                },
                "Signature": {
                  "type": "string"
                },
                "Quantity": {
                  "type": "number"
                }
              },
              "buildMode": "template",
              "fieldConfidence": {
                "CompanyAddress": 0.8,
                "CompanyName": 0.995,
                "CompanyPhoneNumber": 0.995,
                "DatedAs": 0.995,
                "Email": 0.8,
                "Merchant": 0.995,
                "PhoneNumber": 0.995,
                "PurchaseOrderNumber": 0.995,
                "Quantity": 0.995,
                "Signature": 0.8,
                "Subtotal": 0.995,
                "Tax": 0.995,
                "Total": 0.995,
                "VendorName": 0.995,
                "Website": 0.995
              }
            }
          },
          "modelId": "a794f532-1934-46da-9550-6617729985f9",
          "createdDateTime": "2023-04-12T20:35:27Z",
          "expirationDateTime": "2025-04-11T20:35:27Z",
          "apiVersion": "2023-02-28-preview"
        }
      }
    },
    {
      "RequestUri": "https://REDACTED/formrecognizer/documentModels:authorizeCopy?api-version=2023-02-28-preview",
      "RequestMethod": "POST",
      "RequestHeaders": {
        "Accept": "application/json",
        "Authorization": "Sanitized",
        "Content-Length": "50",
        "Content-Type": "application/json",
        "Date": "Wed, 12 Apr 2023 20:35:32 GMT",
        "User-Agent": "azsdk-java-azure-ai-formrecognizer/4.1.0-beta.1 (11.0.9; Windows 10; 10.0)",
        "x-ms-client-request-id": "0206af63-1a99-427d-bce0-f85197b099f0"
      },
      "RequestBody": {
        "modelId": "f0877a81-a302-4219-854e-421ccd407bc4"
      },
      "StatusCode": 200,
      "ResponseHeaders": {
        "apim-request-id": "83b2732c-7a84-4eea-bd31-0ca1d9db121d",
        "Content-Type": "application/json; charset=utf-8",
        "Date": "Wed, 12 Apr 2023 20:35:33 GMT",
        "Strict-Transport-Security": "max-age=31536000; includeSubDomains; preload",
        "Transfer-Encoding": "chunked",
        "X-Content-Type-Options": "nosniff",
        "x-envoy-upstream-service-time": "484",
        "x-ms-region": "East US"
      },
      "ResponseBody": {
        "targetResourceId": "/subscriptions/faa080af-c1d8-40ad-9cce-e1a450ca5b57/resourceGroups/shafang/providers/Microsoft.CognitiveServices/accounts/shafangFR",
        "targetResourceRegion": "eastus",
        "targetModelId": "f0877a81-a302-4219-854e-421ccd407bc4",
        "targetModelLocation": "https://shafangfr.cognitiveservices.azure.com/formrecognizer/documentModels/f0877a81-a302-4219-854e-421ccd407bc4?api-version=2023-02-28-preview",
        "accessToken": "REDACTED",
        "expirationDateTime": "2023-04-12T21:35:33Z"
      }
    },
    {
      "RequestUri": "https://REDACTED/formrecognizer/documentModels/a794f532-1934-46da-9550-6617729985f9:copyTo?api-version=2023-02-28-preview",
      "RequestMethod": "POST",
      "RequestHeaders": {
        "Accept": "application/json",
        "Authorization": "Sanitized",
        "Content-Length": "478",
        "Content-Type": "application/json",
        "Date": "Wed, 12 Apr 2023 20:35:33 GMT",
        "User-Agent": "azsdk-java-azure-ai-formrecognizer/4.1.0-beta.1 (11.0.9; Windows 10; 10.0)",
        "x-ms-client-request-id": "ef84e8f5-0870-4096-bfa8-0f885a7f5c6f"
      },
      "RequestBody": {
        "targetResourceId": "/subscriptions/faa080af-c1d8-40ad-9cce-e1a450ca5b57/resourceGroups/shafang/providers/Microsoft.CognitiveServices/accounts/shafangFR",
        "targetResourceRegion": "https://shafangfr.cognitiveservices.azure.com/formrecognizer/documentModels/f0877a81-a302-4219-854e-421ccd407bc4?api-version=2023-02-28-preview",
        "targetModelId": "f0877a81-a302-4219-854e-421ccd407bc4",
        "targetModelLocation": "eastus",
        "accessToken": "REDACTED",
        "expirationDateTime": "2023-04-12T21:35:33Z"
      },
      "StatusCode": 400,
      "ResponseHeaders": {
        "apim-request-id": "f3cac558-6527-44a8-ae15-b80848cd5dcd",
        "Content-Type": "application/json",
        "Date": "Wed, 12 Apr 2023 20:35:33 GMT",
        "Strict-Transport-Security": "max-age=31536000; includeSubDomains; preload",
        "Transfer-Encoding": "chunked",
        "X-Content-Type-Options": "nosniff",
        "x-envoy-upstream-service-time": "52",
        "x-ms-region": "East US"
      },
      "ResponseBody": {
        "error": {
          "code": "InvalidArgument",
          "message": "Invalid argument.",
          "innererror": {
            "code": "InvalidParameter",
            "message": "The parameter TargetResourceRegion is invalid: Target region is not supported. Please use one of: australiaeast, brazilsouth, canadacentral, centralindia, centralus, centraluseuap, eastasia, eastus, eastus2, eastus2euap, francecentral, germanywestcentral, japaneast, japanwest, jioindiawest, koreacentral, northcentralus, northeurope, norwayeast, qatarcentral, southafricanorth, southcentralus, southeastasia, swedencentral, switzerlandnorth, switzerlandwest, uaenorth, uksouth, westcentralus, westeurope, westus, westus2, westus3"
          }
        }
      }
    }
  ],
  "Variables": {}
}
