{
  "Entries": [
    {
      "RequestUri": "https://REDACTED/formrecognizer/documentModels:build?api-version=2022-08-31",
      "RequestMethod": "POST",
      "RequestHeaders": {
        "Accept": "application/json",
        "Authorization": "Sanitized",
        "Content-Length": "119",
        "Content-Type": "application/json",
        "Date": "Thu, 20 Apr 2023 20:11:27 GMT",
        "User-Agent": "azsdk-java-azure-ai-formrecognizer/4.0.6 (17.0.1; Windows 11; 10.0)",
        "x-ms-client-request-id": "01322120-3358-4e5b-a9a5-581b2b1312ce"
      },
      "RequestBody": {
        "modelId": "0b47cc1c-a9c7-4acb-b98f-784051357e37",
        "buildMode": "template",
        "azureBlobSource": {
          "containerUrl": "REDACTED"
        }
      },
      "StatusCode": 202,
      "ResponseHeaders": {
        "apim-request-id": "ef305f2c-14e4-44c7-ba43-80c35b475746",
        "Content-Length": "0",
        "Date": "Thu, 20 Apr 2023 20:11:35 GMT",
        "operation-location": "https://REDACTED/formrecognizer/operations/31484346508_ef305f2c-14e4-44c7-ba43-80c35b475746?api-version=2022-08-31",
        "Strict-Transport-Security": "max-age=31536000; includeSubDomains; preload",
        "X-Content-Type-Options": "nosniff",
        "x-envoy-upstream-service-time": "3784",
        "x-ms-region": "East US"
      },
      "ResponseBody": null
    },
    {
      "RequestUri": "https://REDACTED/formrecognizer/operations/31484346508_ef305f2c-14e4-44c7-ba43-80c35b475746?api-version=2022-08-31",
      "RequestMethod": "GET",
      "RequestHeaders": {
        "Accept": "application/json",
        "Authorization": "Sanitized",
        "Content-Length": "0",
        "Date": "Thu, 20 Apr 2023 20:11:41 GMT",
        "User-Agent": "azsdk-java-azure-ai-formrecognizer/4.0.6 (17.0.1; Windows 11; 10.0)",
        "x-ms-client-request-id": "19e0458f-0a2f-435f-ba69-5deee952d824"
      },
      "RequestBody": null,
      "StatusCode": 200,
      "ResponseHeaders": {
        "apim-request-id": "be8ff35e-bbde-4b83-9133-aca5fc7e7250",
        "Content-Type": "application/json; charset=utf-8",
        "Date": "Thu, 20 Apr 2023 20:11:41 GMT",
        "Strict-Transport-Security": "max-age=31536000; includeSubDomains; preload",
        "Transfer-Encoding": "chunked",
        "X-Content-Type-Options": "nosniff",
        "x-envoy-upstream-service-time": "20",
        "x-ms-region": "East US"
      },
      "ResponseBody": {
        "operationId": "31484346508_ef305f2c-14e4-44c7-ba43-80c35b475746",
        "kind": "documentModelBuild",
        "status": "succeeded",
        "createdDateTime": "2023-04-20T20:11:32Z",
        "lastUpdatedDateTime": "2023-04-20T20:11:37Z",
        "resourceLocation": "REDACTED",
        "percentCompleted": 100,
        "result": {
          "docTypes": {
            "0b47cc1c-a9c7-4acb-b98f-784051357e37": {
              "fieldSchema": {
                "Merchant": {
                  "type": "string"
                },
                "PhoneNumber": {
                  "type": "string"
                },
                "Website": {
                  "type": "string"
                },
                "Email": {
                  "type": "string"
                },
                "PurchaseOrderNumber": {
                  "type": "string"
                },
                "DatedAs": {
                  "type": "string"
                },
                "VendorName": {
                  "type": "string"
                },
                "CompanyName": {
                  "type": "string"
                },
                "CompanyAddress": {
                  "type": "string"
                },
                "CompanyPhoneNumber": {
                  "type": "string"
                },
                "Subtotal": {
                  "type": "string"
                },
                "Tax": {
                  "type": "string"
                },
                "Total": {
                  "type": "string"
                },
                "Signature": {
                  "type": "string"
                },
                "Quantity": {
                  "type": "number"
                }
              },
              "buildMode": "template",
              "fieldConfidence": {
                "CompanyAddress": 0.8,
                "CompanyName": 0.995,
                "CompanyPhoneNumber": 0.995,
                "DatedAs": 0.995,
                "Email": 0.8,
                "Merchant": 0.995,
                "PhoneNumber": 0.995,
                "PurchaseOrderNumber": 0.995,
                "Quantity": 0.995,
                "Signature": 0.8,
                "Subtotal": 0.995,
                "Tax": 0.995,
                "Total": 0.995,
                "VendorName": 0.995,
                "Website": 0.995
              }
            }
          },
          "modelId": "0b47cc1c-a9c7-4acb-b98f-784051357e37",
          "createdDateTime": "2023-04-20T20:11:37Z",
          "expirationDateTime": "2025-04-19T20:11:37Z",
          "apiVersion": "2022-08-31"
        }
      }
    },
    {
      "RequestUri": "https://REDACTED/formrecognizer/operations/31484346508_ef305f2c-14e4-44c7-ba43-80c35b475746?api-version=2022-08-31",
      "RequestMethod": "GET",
      "RequestHeaders": {
        "Accept": "application/json",
        "Authorization": "Sanitized",
        "Content-Length": "0",
        "Date": "Thu, 20 Apr 2023 20:11:41 GMT",
        "User-Agent": "azsdk-java-azure-ai-formrecognizer/4.0.6 (17.0.1; Windows 11; 10.0)",
        "x-ms-client-request-id": "b03e2746-3e5b-4678-9ce0-b81aa1b879e6"
      },
      "RequestBody": null,
      "StatusCode": 200,
      "ResponseHeaders": {
        "apim-request-id": "c50d954a-20bc-434c-9ad9-a6eda2a2205e",
        "Content-Type": "application/json; charset=utf-8",
        "Date": "Thu, 20 Apr 2023 20:11:41 GMT",
        "Strict-Transport-Security": "max-age=31536000; includeSubDomains; preload",
        "Transfer-Encoding": "chunked",
        "X-Content-Type-Options": "nosniff",
        "x-envoy-upstream-service-time": "19",
        "x-ms-region": "East US"
      },
      "ResponseBody": {
        "operationId": "31484346508_ef305f2c-14e4-44c7-ba43-80c35b475746",
        "kind": "documentModelBuild",
        "status": "succeeded",
        "createdDateTime": "2023-04-20T20:11:32Z",
        "lastUpdatedDateTime": "2023-04-20T20:11:37Z",
        "resourceLocation": "REDACTED",
        "percentCompleted": 100,
        "result": {
          "docTypes": {
            "0b47cc1c-a9c7-4acb-b98f-784051357e37": {
              "fieldSchema": {
                "Merchant": {
                  "type": "string"
                },
                "PhoneNumber": {
                  "type": "string"
                },
                "Website": {
                  "type": "string"
                },
                "Email": {
                  "type": "string"
                },
                "PurchaseOrderNumber": {
                  "type": "string"
                },
                "DatedAs": {
                  "type": "string"
                },
                "VendorName": {
                  "type": "string"
                },
                "CompanyName": {
                  "type": "string"
                },
                "CompanyAddress": {
                  "type": "string"
                },
                "CompanyPhoneNumber": {
                  "type": "string"
                },
                "Subtotal": {
                  "type": "string"
                },
                "Tax": {
                  "type": "string"
                },
                "Total": {
                  "type": "string"
                },
                "Signature": {
                  "type": "string"
                },
                "Quantity": {
                  "type": "number"
                }
              },
              "buildMode": "template",
              "fieldConfidence": {
                "CompanyAddress": 0.8,
                "CompanyName": 0.995,
                "CompanyPhoneNumber": 0.995,
                "DatedAs": 0.995,
                "Email": 0.8,
                "Merchant": 0.995,
                "PhoneNumber": 0.995,
                "PurchaseOrderNumber": 0.995,
                "Quantity": 0.995,
                "Signature": 0.8,
                "Subtotal": 0.995,
                "Tax": 0.995,
                "Total": 0.995,
                "VendorName": 0.995,
                "Website": 0.995
              }
            }
          },
          "modelId": "0b47cc1c-a9c7-4acb-b98f-784051357e37",
          "createdDateTime": "2023-04-20T20:11:37Z",
          "expirationDateTime": "2025-04-19T20:11:37Z",
          "apiVersion": "2022-08-31"
        }
      }
    },
    {
      "RequestUri": "https://REDACTED/formrecognizer/documentModels/0b47cc1c-a9c7-4acb-b98f-784051357e37?api-version=2022-08-31",
      "RequestMethod": "DELETE",
      "RequestHeaders": {
        "Accept": "application/json",
        "Authorization": "Sanitized",
        "Content-Length": "0",
        "Date": "Thu, 20 Apr 2023 20:11:42 GMT",
        "User-Agent": "azsdk-java-azure-ai-formrecognizer/4.0.6 (17.0.1; Windows 11; 10.0)",
        "x-ms-client-request-id": "67fdda00-fc06-429e-8e3b-70c18490c9d1"
      },
      "RequestBody": null,
      "StatusCode": 204,
      "ResponseHeaders": {
        "apim-request-id": "c11e5126-5fcd-47a6-837a-c715a32ffe64",
        "Content-Length": "0",
        "Date": "Thu, 20 Apr 2023 20:11:41 GMT",
        "Strict-Transport-Security": "max-age=31536000; includeSubDomains; preload",
        "X-Content-Type-Options": "nosniff",
        "x-envoy-upstream-service-time": "63",
        "x-ms-region": "East US"
      },
      "ResponseBody": null
    },
    {
      "RequestUri": "https://REDACTED/formrecognizer/documentModels/0b47cc1c-a9c7-4acb-b98f-784051357e37?api-version=2022-08-31",
      "RequestMethod": "GET",
      "RequestHeaders": {
        "Accept": "application/json",
        "Authorization": "Sanitized",
        "Content-Length": "0",
        "Date": "Thu, 20 Apr 2023 20:11:42 GMT",
        "User-Agent": "azsdk-java-azure-ai-formrecognizer/4.0.6 (17.0.1; Windows 11; 10.0)",
        "x-ms-client-request-id": "b9524d07-73c4-43a4-80f6-08c230a10db8"
      },
      "RequestBody": null,
      "StatusCode": 404,
      "ResponseHeaders": {
        "apim-request-id": "7c6b792e-8602-484a-a8db-bb959930f41d",
        "Content-Type": "application/json",
        "Date": "Thu, 20 Apr 2023 20:11:41 GMT",
        "Strict-Transport-Security": "max-age=31536000; includeSubDomains; preload",
        "Transfer-Encoding": "chunked",
        "X-Content-Type-Options": "nosniff",
        "x-envoy-upstream-service-time": "30",
        "x-ms-region": "East US"
      },
      "ResponseBody": {
        "error": {
          "code": "NotFound",
          "message": "Resource not found.",
          "innererror": {
            "code": "ModelNotFound",
            "message": "The requested model was not found."
          }
        }
      }
    }
  ],
  "Variables": {}
}
