{
  "Entries": [
    {
      "RequestUri": "https://REDACTED/formrecognizer/documentModels/prebuilt-invoice:analyze?pages=1\u0026locale=en-US\u0026stringIndexType=utf16CodeUnit\u0026api-version=2023-02-28-preview",
      "RequestMethod": "POST",
      "RequestHeaders": {
        "Accept": "application/json",
        "Authorization": "Sanitized",
        "Content-Length": "175",
        "Content-Type": "application/json",
        "Date": "Mon, 10 Apr 2023 20:14:09 GMT",
        "User-Agent": "azsdk-java-azure-ai-formrecognizer/4.1.0-beta.1 (11.0.9; Windows 10; 10.0)",
        "x-ms-client-request-id": "53683551-c49e-47e5-9a12-6b24c7e539fa"
      },
      "RequestBody": {
        "urlSource": "https://raw.githubusercontent.com/Azure/azure-sdk-for-java/master/sdk/formrecognizer/azure-ai-formrecognizer/src/test/resources/sample_files/Test/Invoice_1.pdf"
      },
      "StatusCode": 202,
      "ResponseHeaders": {
        "apim-request-id": "993074a1-df8b-4cbe-854d-9773bfd05b31",
        "Content-Length": "0",
        "Date": "Mon, 10 Apr 2023 20:14:13 GMT",
        "Operation-Location": "https://REDACTED/formrecognizer/documentModels/prebuilt-invoice/analyzeResults/993074a1-df8b-4cbe-854d-9773bfd05b31?api-version=2023-02-28-preview",
        "Strict-Transport-Security": "max-age=31536000; includeSubDomains; preload",
        "X-Content-Type-Options": "nosniff",
        "x-envoy-upstream-service-time": "147",
        "x-ms-region": "East US"
      },
      "ResponseBody": null
    },
    {
      "RequestUri": "https://REDACTED/formrecognizer/documentModels/prebuilt-invoice/analyzeResults/993074a1-df8b-4cbe-854d-9773bfd05b31?api-version=2023-02-28-preview",
      "RequestMethod": "GET",
      "RequestHeaders": {
        "Accept": "application/json",
        "Authorization": "Sanitized",
        "Content-Length": "0",
        "Date": "Mon, 10 Apr 2023 20:14:15 GMT",
        "User-Agent": "azsdk-java-azure-ai-formrecognizer/4.1.0-beta.1 (11.0.9; Windows 10; 10.0)",
        "x-ms-client-request-id": "732712ba-c864-413c-a12b-d5ea0854927a"
      },
      "RequestBody": null,
      "StatusCode": 200,
      "ResponseHeaders": {
        "apim-request-id": "1b88a6c7-b7b3-424c-a20e-b2ee7dd49db9",
        "Content-Length": "106",
        "Content-Type": "application/json; charset=utf-8",
        "Date": "Mon, 10 Apr 2023 20:14:18 GMT",
        "Strict-Transport-Security": "max-age=31536000; includeSubDomains; preload",
        "X-Content-Type-Options": "nosniff",
        "x-envoy-upstream-service-time": "17",
        "x-ms-region": "East US"
      },
      "ResponseBody": {
        "status": "running",
        "createdDateTime": "2023-04-10T20:14:13Z",
        "lastUpdatedDateTime": "2023-04-10T20:14:13Z"
      }
    },
    {
      "RequestUri": "https://REDACTED/formrecognizer/documentModels/prebuilt-invoice/analyzeResults/993074a1-df8b-4cbe-854d-9773bfd05b31?api-version=2023-02-28-preview",
      "RequestMethod": "GET",
      "RequestHeaders": {
        "Accept": "application/json",
        "Authorization": "Sanitized",
        "Content-Length": "0",
        "Date": "Mon, 10 Apr 2023 20:14:20 GMT",
        "User-Agent": "azsdk-java-azure-ai-formrecognizer/4.1.0-beta.1 (11.0.9; Windows 10; 10.0)",
        "x-ms-client-request-id": "7b11f3b5-7108-4f2b-9e65-3eb3152cb44b"
      },
      "RequestBody": null,
      "StatusCode": 200,
      "ResponseHeaders": {
        "apim-request-id": "9294ff06-f292-47ac-a7e4-0865404d1849",
        "Content-Length": "106",
        "Content-Type": "application/json; charset=utf-8",
        "Date": "Mon, 10 Apr 2023 20:14:23 GMT",
        "Strict-Transport-Security": "max-age=31536000; includeSubDomains; preload",
        "X-Content-Type-Options": "nosniff",
        "x-envoy-upstream-service-time": "20",
        "x-ms-region": "East US"
      },
      "ResponseBody": {
        "status": "running",
        "createdDateTime": "2023-04-10T20:14:13Z",
        "lastUpdatedDateTime": "2023-04-10T20:14:13Z"
      }
    },
    {
      "RequestUri": "https://REDACTED/formrecognizer/documentModels/prebuilt-invoice/analyzeResults/993074a1-df8b-4cbe-854d-9773bfd05b31?api-version=2023-02-28-preview",
      "RequestMethod": "GET",
      "RequestHeaders": {
        "Accept": "application/json",
        "Authorization": "Sanitized",
        "Content-Length": "0",
        "Date": "Mon, 10 Apr 2023 20:14:25 GMT",
        "User-Agent": "azsdk-java-azure-ai-formrecognizer/4.1.0-beta.1 (11.0.9; Windows 10; 10.0)",
        "x-ms-client-request-id": "464c0181-a122-433d-ac34-756896cd22f0"
      },
      "RequestBody": null,
      "StatusCode": 200,
      "ResponseHeaders": {
        "apim-request-id": "1c29bdec-58c7-4b10-ae89-787e52867346",
        "Content-Length": "106",
        "Content-Type": "application/json; charset=utf-8",
        "Date": "Mon, 10 Apr 2023 20:14:28 GMT",
        "Strict-Transport-Security": "max-age=31536000; includeSubDomains; preload",
        "X-Content-Type-Options": "nosniff",
        "x-envoy-upstream-service-time": "17",
        "x-ms-region": "East US"
      },
      "ResponseBody": {
        "status": "running",
        "createdDateTime": "2023-04-10T20:14:13Z",
        "lastUpdatedDateTime": "2023-04-10T20:14:13Z"
      }
    },
    {
      "RequestUri": "https://REDACTED/formrecognizer/documentModels/prebuilt-invoice/analyzeResults/993074a1-df8b-4cbe-854d-9773bfd05b31?api-version=2023-02-28-preview",
      "RequestMethod": "GET",
      "RequestHeaders": {
        "Accept": "application/json",
        "Authorization": "Sanitized",
        "Content-Length": "0",
        "Date": "Mon, 10 Apr 2023 20:14:30 GMT",
        "User-Agent": "azsdk-java-azure-ai-formrecognizer/4.1.0-beta.1 (11.0.9; Windows 10; 10.0)",
        "x-ms-client-request-id": "7f85f0e7-267b-4734-aec7-8997fad3fcd8"
      },
      "RequestBody": null,
      "StatusCode": 200,
      "ResponseHeaders": {
        "apim-request-id": "9b89aacf-1ee2-48af-81a3-e05edd1ab65c",
        "Content-Length": "106",
        "Content-Type": "application/json; charset=utf-8",
        "Date": "Mon, 10 Apr 2023 20:14:33 GMT",
        "Strict-Transport-Security": "max-age=31536000; includeSubDomains; preload",
        "X-Content-Type-Options": "nosniff",
        "x-envoy-upstream-service-time": "14",
        "x-ms-region": "East US"
      },
      "ResponseBody": {
        "status": "running",
        "createdDateTime": "2023-04-10T20:14:13Z",
        "lastUpdatedDateTime": "2023-04-10T20:14:13Z"
      }
    },
    {
      "RequestUri": "https://REDACTED/formrecognizer/documentModels/prebuilt-invoice/analyzeResults/993074a1-df8b-4cbe-854d-9773bfd05b31?api-version=2023-02-28-preview",
      "RequestMethod": "GET",
      "RequestHeaders": {
        "Accept": "application/json",
        "Authorization": "Sanitized",
        "Content-Length": "0",
        "Date": "Mon, 10 Apr 2023 20:14:35 GMT",
        "User-Agent": "azsdk-java-azure-ai-formrecognizer/4.1.0-beta.1 (11.0.9; Windows 10; 10.0)",
        "x-ms-client-request-id": "99604cdd-5924-4d35-abc5-c03cccc9f951"
      },
      "RequestBody": null,
      "StatusCode": 200,
      "ResponseHeaders": {
        "apim-request-id": "d3c75410-556c-4bec-84da-d17ec6f09486",
        "Content-Length": "106",
        "Content-Type": "application/json; charset=utf-8",
        "Date": "Mon, 10 Apr 2023 20:14:38 GMT",
        "Strict-Transport-Security": "max-age=31536000; includeSubDomains; preload",
        "X-Content-Type-Options": "nosniff",
        "x-envoy-upstream-service-time": "28",
        "x-ms-region": "East US"
      },
      "ResponseBody": {
        "status": "running",
        "createdDateTime": "2023-04-10T20:14:13Z",
        "lastUpdatedDateTime": "2023-04-10T20:14:13Z"
      }
    },
    {
      "RequestUri": "https://REDACTED/formrecognizer/documentModels/prebuilt-invoice/analyzeResults/993074a1-df8b-4cbe-854d-9773bfd05b31?api-version=2023-02-28-preview",
      "RequestMethod": "GET",
      "RequestHeaders": {
        "Accept": "application/json",
        "Authorization": "Sanitized",
        "Content-Length": "0",
        "Date": "Mon, 10 Apr 2023 20:14:40 GMT",
        "User-Agent": "azsdk-java-azure-ai-formrecognizer/4.1.0-beta.1 (11.0.9; Windows 10; 10.0)",
        "x-ms-client-request-id": "ca4cff6e-7edd-4935-9dc1-f9762fec4a46"
      },
      "RequestBody": null,
      "StatusCode": 200,
      "ResponseHeaders": {
        "apim-request-id": "3aa3dec5-ee42-46a7-ab17-31dd4c16f59f",
        "Content-Length": "106",
        "Content-Type": "application/json; charset=utf-8",
        "Date": "Mon, 10 Apr 2023 20:14:43 GMT",
        "Strict-Transport-Security": "max-age=31536000; includeSubDomains; preload",
        "X-Content-Type-Options": "nosniff",
        "x-envoy-upstream-service-time": "15",
        "x-ms-region": "East US"
      },
      "ResponseBody": {
        "status": "running",
        "createdDateTime": "2023-04-10T20:14:13Z",
        "lastUpdatedDateTime": "2023-04-10T20:14:40Z"
      }
    },
    {
      "RequestUri": "https://REDACTED/formrecognizer/documentModels/prebuilt-invoice/analyzeResults/993074a1-df8b-4cbe-854d-9773bfd05b31?api-version=2023-02-28-preview",
      "RequestMethod": "GET",
      "RequestHeaders": {
        "Accept": "application/json",
        "Authorization": "Sanitized",
        "Content-Length": "0",
        "Date": "Mon, 10 Apr 2023 20:14:45 GMT",
        "User-Agent": "azsdk-java-azure-ai-formrecognizer/4.1.0-beta.1 (11.0.9; Windows 10; 10.0)",
        "x-ms-client-request-id": "ea77ed2f-b603-4797-b594-e421aac0cfd9"
      },
      "RequestBody": null,
      "StatusCode": 200,
      "ResponseHeaders": {
        "apim-request-id": "799fc63b-7ff5-4c74-ad09-b8937730748c",
        "Content-Length": "106",
        "Content-Type": "application/json; charset=utf-8",
        "Date": "Mon, 10 Apr 2023 20:14:48 GMT",
        "Strict-Transport-Security": "max-age=31536000; includeSubDomains; preload",
        "X-Content-Type-Options": "nosniff",
        "x-envoy-upstream-service-time": "14",
        "x-ms-region": "East US"
      },
      "ResponseBody": {
        "status": "running",
        "createdDateTime": "2023-04-10T20:14:13Z",
        "lastUpdatedDateTime": "2023-04-10T20:14:40Z"
      }
    },
    {
      "RequestUri": "https://REDACTED/formrecognizer/documentModels/prebuilt-invoice/analyzeResults/993074a1-df8b-4cbe-854d-9773bfd05b31?api-version=2023-02-28-preview",
      "RequestMethod": "GET",
      "RequestHeaders": {
        "Accept": "application/json",
        "Authorization": "Sanitized",
        "Content-Length": "0",
        "Date": "Mon, 10 Apr 2023 20:14:50 GMT",
        "User-Agent": "azsdk-java-azure-ai-formrecognizer/4.1.0-beta.1 (11.0.9; Windows 10; 10.0)",
        "x-ms-client-request-id": "a0de4b42-b89a-404f-bb0b-b5e4d4dec859"
      },
      "RequestBody": null,
      "StatusCode": 200,
      "ResponseHeaders": {
        "apim-request-id": "03def50b-cbd8-47b0-abac-49671713368a",
        "Content-Length": "106",
        "Content-Type": "application/json; charset=utf-8",
        "Date": "Mon, 10 Apr 2023 20:14:54 GMT",
        "Strict-Transport-Security": "max-age=31536000; includeSubDomains; preload",
        "X-Content-Type-Options": "nosniff",
        "x-envoy-upstream-service-time": "17",
        "x-ms-region": "East US"
      },
      "ResponseBody": {
        "status": "running",
        "createdDateTime": "2023-04-10T20:14:13Z",
        "lastUpdatedDateTime": "2023-04-10T20:14:40Z"
      }
    },
    {
      "RequestUri": "https://REDACTED/formrecognizer/documentModels/prebuilt-invoice/analyzeResults/993074a1-df8b-4cbe-854d-9773bfd05b31?api-version=2023-02-28-preview",
      "RequestMethod": "GET",
      "RequestHeaders": {
        "Accept": "application/json",
        "Authorization": "Sanitized",
        "Content-Length": "0",
        "Date": "Mon, 10 Apr 2023 20:14:56 GMT",
        "User-Agent": "azsdk-java-azure-ai-formrecognizer/4.1.0-beta.1 (11.0.9; Windows 10; 10.0)",
        "x-ms-client-request-id": "d3224174-066b-4115-aef1-e8e6c520deab"
      },
      "RequestBody": null,
      "StatusCode": 200,
      "ResponseHeaders": {
        "apim-request-id": "5846271b-09b1-4195-b081-9cadd49b9396",
        "Content-Length": "16667",
        "Content-Type": "application/json; charset=utf-8",
        "Date": "Mon, 10 Apr 2023 20:14:59 GMT",
        "Strict-Transport-Security": "max-age=31536000; includeSubDomains; preload",
        "X-Content-Type-Options": "nosniff",
        "x-envoy-upstream-service-time": "41",
        "x-ms-region": "East US"
      },
      "ResponseBody": {
        "status": "succeeded",
        "createdDateTime": "2023-04-10T20:14:13Z",
        "lastUpdatedDateTime": "2023-04-10T20:14:56Z",
        "analyzeResult": {
          "apiVersion": "2023-02-28-preview",
          "modelId": "prebuilt-invoice",
          "stringIndexType": "utf16CodeUnit",
          "content": "Contoso\nAddress:\nInvoice For: Microsoft\n1 Redmond way Suite\n1020 Enterprise Way\n6000 Redmond, WA\nSunnayvale, CA 87659\n99243\nInvoice Number\nInvoice Date\nInvoice Due Date\nCharges\nVAT ID\n34278587\n6/18/2017\n6/24/2017\n$56,651.49\nPT",
          "pages": [
            {
              "pageNumber": 1,
              "angle": 0,
              "width": 8.5,
              "height": 11,
              "unit": "inch",
              "words": [
                {
                  "content": "Contoso",
                  "polygon": [
                    0.5384,
                    1.1583,
                    1.4466,
                    1.1583,
                    1.4466,
                    1.3534,
                    0.5384,
                    1.3534
                  ],
                  "confidence": 1,
                  "span": {
                    "offset": 0,
                    "length": 7
                  }
                },
                {
                  "content": "Address:",
                  "polygon": [
                    0.7994,
                    1.5143,
                    1.3836,
                    1.5143,
                    1.3836,
                    1.6154,
                    0.7994,
                    1.6154
                  ],
                  "confidence": 1,
                  "span": {
                    "offset": 8,
                    "length": 8
                  }
                },
                {
                  "content": "Invoice",
                  "polygon": [
                    4.4033,
                    1.5143,
                    4.8234,
                    1.5143,
                    4.8234,
                    1.6155,
                    4.4033,
                    1.6155
                  ],
                  "confidence": 1,
                  "span": {
                    "offset": 17,
                    "length": 7
                  }
                },
                {
                  "content": "For:",
                  "polygon": [
                    4.8793,
                    1.5143,
                    5.1013,
                    1.5143,
                    5.1013,
                    1.6154,
                    4.8793,
                    1.6154
                  ],
                  "confidence": 1,
                  "span": {
                    "offset": 25,
                    "length": 4
                  }
                },
                {
                  "content": "Microsoft",
                  "polygon": [
                    5.2045,
                    1.5114,
                    5.8155,
                    1.5114,
                    5.8155,
                    1.6151,
                    5.2045,
                    1.6151
                  ],
                  "confidence": 1,
                  "span": {
                    "offset": 30,
                    "length": 9
                  }
                },
                {
                  "content": "1",
                  "polygon": [
                    0.8106,
                    1.708,
                    0.8463,
                    1.708,
                    0.8463,
                    1.8053,
                    0.8106,
                    1.8053
                  ],
                  "confidence": 1,
                  "span": {
                    "offset": 40,
                    "length": 1
                  }
                },
                {
                  "content": "Redmond",
                  "polygon": [
                    0.923,
                    1.7047,
                    1.5018,
                    1.7047,
                    1.5018,
                    1.8068,
                    0.923,
                    1.8068
                  ],
                  "confidence": 1,
                  "span": {
                    "offset": 42,
                    "length": 7
                  }
                },
                {
                  "content": "way",
                  "polygon": [
                    1.5506,
                    1.7309,
                    1.7949,
                    1.7309,
                    1.7949,
                    1.8342,
                    1.5506,
                    1.8342
                  ],
                  "confidence": 1,
                  "span": {
                    "offset": 50,
                    "length": 3
                  }
                },
                {
                  "content": "Suite",
                  "polygon": [
                    1.8415,
                    1.7033,
                    2.1445,
                    1.7033,
                    2.1445,
                    1.8078,
                    1.8415,
                    1.8078
                  ],
                  "confidence": 1,
                  "span": {
                    "offset": 54,
                    "length": 5
                  }
                },
                {
                  "content": "1020",
                  "polygon": [
                    5.2036,
                    1.716,
                    5.4935,
                    1.716,
                    5.4935,
                    1.8185,
                    5.2036,
                    1.8185
                  ],
                  "confidence": 1,
                  "span": {
                    "offset": 60,
                    "length": 4
                  }
                },
                {
                  "content": "Enterprise",
                  "polygon": [
                    5.5488,
                    1.7164,
                    6.2178,
                    1.7164,
                    6.2178,
                    1.8441,
                    5.5488,
                    1.8441
                  ],
                  "confidence": 1,
                  "span": {
                    "offset": 65,
                    "length": 10
                  }
                },
                {
                  "content": "Way",
                  "polygon": [
                    6.2618,
                    1.7164,
                    6.5436,
                    1.7164,
                    6.5436,
                    1.8459,
                    6.2618,
                    1.8459
                  ],
                  "confidence": 1,
                  "span": {
                    "offset": 76,
                    "length": 3
                  }
                },
                {
                  "content": "6000",
                  "polygon": [
                    0.8019,
                    1.896,
                    1.0991,
                    1.896,
                    1.0991,
                    1.9994,
                    0.8019,
                    1.9994
                  ],
                  "confidence": 1,
                  "span": {
                    "offset": 80,
                    "length": 4
                  }
                },
                {
                  "content": "Redmond,",
                  "polygon": [
                    1.1537,
                    1.8964,
                    1.7689,
                    1.8964,
                    1.7689,
                    2.0171,
                    1.1537,
                    2.0171
                  ],
                  "confidence": 1,
                  "span": {
                    "offset": 85,
                    "length": 8
                  }
                },
                {
                  "content": "WA",
                  "polygon": [
                    1.8196,
                    1.8976,
                    2.0384,
                    1.8976,
                    2.0384,
                    1.9969,
                    1.8196,
                    1.9969
                  ],
                  "confidence": 1,
                  "span": {
                    "offset": 94,
                    "length": 2
                  }
                },
                {
                  "content": "Sunnayvale,",
                  "polygon": [
                    5.196,
                    1.9047,
                    5.9894,
                    1.9047,
                    5.9894,
                    2.0359,
                    5.196,
                    2.0359
                  ],
                  "confidence": 1,
                  "span": {
                    "offset": 97,
                    "length": 11
                  }
                },
                {
                  "content": "CA",
                  "polygon": [
                    6.0427,
                    1.9047,
                    6.2354,
                    1.9047,
                    6.2354,
                    2.0085,
                    6.0427,
                    2.0085
                  ],
                  "confidence": 1,
                  "span": {
                    "offset": 109,
                    "length": 2
                  }
                },
                {
                  "content": "87659",
                  "polygon": [
                    6.2801,
                    1.906,
                    6.6526,
                    1.906,
                    6.6526,
                    2.0086,
                    6.2801,
                    2.0086
                  ],
                  "confidence": 1,
                  "span": {
                    "offset": 112,
                    "length": 5
                  }
                },
                {
                  "content": "99243",
                  "polygon": [
                    0.8025,
                    2.0876,
                    1.175,
                    2.0876,
                    1.175,
                    2.1911,
                    0.8025,
                    2.1911
                  ],
                  "confidence": 1,
                  "span": {
                    "offset": 118,
                    "length": 5
                  }
                },
                {
                  "content": "Invoice",
                  "polygon": [
                    0.5439,
                    2.8733,
                    1.0098,
                    2.8733,
                    1.0098,
                    2.9754,
                    0.5439,
                    2.9754
                  ],
                  "confidence": 1,
                  "span": {
                    "offset": 124,
                    "length": 7
                  }
                },
                {
                  "content": "Number",
                  "polygon": [
                    1.0611,
                    2.8743,
                    1.5729,
                    2.8743,
                    1.5729,
                    2.9754,
                    1.0611,
                    2.9754
                  ],
                  "confidence": 1,
                  "span": {
                    "offset": 132,
                    "length": 6
                  }
                },
                {
                  "content": "Invoice",
                  "polygon": [
                    1.9491,
                    2.8733,
                    2.415,
                    2.8733,
                    2.415,
                    2.9754,
                    1.9491,
                    2.9754
                  ],
                  "confidence": 1,
                  "span": {
                    "offset": 139,
                    "length": 7
                  }
                },
                {
                  "content": "Date",
                  "polygon": [
                    2.4673,
                    2.8743,
                    2.7527,
                    2.8743,
                    2.7527,
                    2.9754,
                    2.4673,
                    2.9754
                  ],
                  "confidence": 1,
                  "span": {
                    "offset": 147,
                    "length": 4
                  }
                },
                {
                  "content": "Invoice",
                  "polygon": [
                    3.3495,
                    2.8733,
                    3.8155,
                    2.8733,
                    3.8155,
                    2.9754,
                    3.3495,
                    2.9754
                  ],
                  "confidence": 1,
                  "span": {
                    "offset": 152,
                    "length": 7
                  }
                },
                {
                  "content": "Due",
                  "polygon": [
                    3.8677,
                    2.8743,
                    4.1149,
                    2.8743,
                    4.1149,
                    2.9754,
                    3.8677,
                    2.9754
                  ],
                  "confidence": 1,
                  "span": {
                    "offset": 160,
                    "length": 3
                  }
                },
                {
                  "content": "Date",
                  "polygon": [
                    4.1678,
                    2.8743,
                    4.4547,
                    2.8743,
                    4.4547,
                    2.9754,
                    4.1678,
                    2.9754
                  ],
                  "confidence": 1,
                  "span": {
                    "offset": 164,
                    "length": 4
                  }
                },
                {
                  "content": "Charges",
                  "polygon": [
                    4.7468,
                    2.8717,
                    5.289,
                    2.8717,
                    5.289,
                    3.0035,
                    4.7468,
                    3.0035
                  ],
                  "confidence": 1,
                  "span": {
                    "offset": 169,
                    "length": 7
                  }
                },
                {
                  "content": "VAT",
                  "polygon": [
                    6.141,
                    2.873,
                    6.4147,
                    2.873,
                    6.4147,
                    2.9736,
                    6.141,
                    2.9736
                  ],
                  "confidence": 1,
                  "span": {
                    "offset": 177,
                    "length": 3
                  }
                },
                {
                  "content": "ID",
                  "polygon": [
                    6.4655,
                    2.873,
                    6.5875,
                    2.873,
                    6.5875,
                    2.9736,
                    6.4655,
                    2.9736
                  ],
                  "confidence": 1,
                  "span": {
                    "offset": 181,
                    "length": 2
                  }
                },
                {
                  "content": "34278587",
                  "polygon": [
                    0.5397,
                    3.411,
                    1.1457,
                    3.411,
                    1.1457,
                    3.5144,
                    0.5397,
                    3.5144
                  ],
                  "confidence": 1,
                  "span": {
                    "offset": 184,
                    "length": 8
                  }
                },
                {
                  "content": "6/18/2017",
                  "polygon": [
                    1.9455,
                    3.41,
                    2.551,
                    3.41,
                    2.551,
                    3.5144,
                    1.9455,
                    3.5144
                  ],
                  "confidence": 1,
                  "span": {
                    "offset": 193,
                    "length": 9
                  }
                },
                {
                  "content": "6/24/2017",
                  "polygon": [
                    3.346,
                    3.41,
                    3.9514,
                    3.41,
                    3.9514,
                    3.5144,
                    3.346,
                    3.5144
                  ],
                  "confidence": 1,
                  "span": {
                    "offset": 203,
                    "length": 9
                  }
                },
                {
                  "content": "$56,651.49",
                  "polygon": [
                    5.3871,
                    3.4047,
                    6.0702,
                    3.4047,
                    6.0702,
                    3.5321,
                    5.3871,
                    3.5321
                  ],
                  "confidence": 1,
                  "span": {
                    "offset": 213,
                    "length": 10
                  }
                },
                {
                  "content": "PT",
                  "polygon": [
                    6.2285,
                    3.4114,
                    6.3919,
                    3.4114,
                    6.3919,
                    3.5119,
                    6.2285,
                    3.5119
                  ],
                  "confidence": 1,
                  "span": {
                    "offset": 224,
                    "length": 2
                  }
                }
              ],
              "lines": [
                {
                  "content": "Contoso",
                  "polygon": [
                    0.5384,
                    1.1583,
                    1.4466,
                    1.1583,
                    1.4466,
                    1.3534,
                    0.5384,
                    1.3534
                  ],
                  "spans": [
                    {
                      "offset": 0,
                      "length": 7
                    }
                  ]
                },
                {
                  "content": "Address:",
                  "polygon": [
                    0.7994,
                    1.5143,
                    1.3836,
                    1.5143,
                    1.3836,
                    1.6154,
                    0.7994,
                    1.6154
                  ],
                  "spans": [
                    {
                      "offset": 8,
                      "length": 8
                    }
                  ]
                },
                {
                  "content": "Invoice For: Microsoft",
                  "polygon": [
                    4.4033,
                    1.5114,
                    5.8155,
                    1.5114,
                    5.8155,
                    1.6155,
                    4.4033,
                    1.6155
                  ],
                  "spans": [
                    {
                      "offset": 17,
                      "length": 22
                    }
                  ]
                },
                {
                  "content": "1 Redmond way Suite",
                  "polygon": [
                    0.8106,
                    1.7033,
                    2.1445,
                    1.7033,
                    2.1445,
                    1.8342,
                    0.8106,
                    1.8342
                  ],
                  "spans": [
                    {
                      "offset": 40,
                      "length": 19
                    }
                  ]
                },
                {
                  "content": "1020 Enterprise Way",
                  "polygon": [
                    5.2036,
                    1.716,
                    6.5436,
                    1.716,
                    6.5436,
                    1.8459,
                    5.2036,
                    1.8459
                  ],
                  "spans": [
                    {
                      "offset": 60,
                      "length": 19
                    }
                  ]
                },
                {
                  "content": "6000 Redmond, WA",
                  "polygon": [
                    0.8019,
                    1.896,
                    2.0384,
                    1.896,
                    2.0384,
                    2.0171,
                    0.8019,
                    2.0171
                  ],
                  "spans": [
                    {
                      "offset": 80,
                      "length": 16
                    }
                  ]
                },
                {
                  "content": "Sunnayvale, CA 87659",
                  "polygon": [
                    5.196,
                    1.9047,
                    6.6526,
                    1.9047,
                    6.6526,
                    2.0359,
                    5.196,
                    2.0359
                  ],
                  "spans": [
                    {
                      "offset": 97,
                      "length": 20
                    }
                  ]
                },
                {
                  "content": "99243",
                  "polygon": [
                    0.8025,
                    2.0876,
                    1.175,
                    2.0876,
                    1.175,
                    2.1911,
                    0.8025,
                    2.1911
                  ],
                  "spans": [
                    {
                      "offset": 118,
                      "length": 5
                    }
                  ]
                },
                {
                  "content": "Invoice Number",
                  "polygon": [
                    0.5439,
                    2.8733,
                    1.5729,
                    2.8733,
                    1.5729,
                    2.9754,
                    0.5439,
                    2.9754
                  ],
                  "spans": [
                    {
                      "offset": 124,
                      "length": 14
                    }
                  ]
                },
                {
                  "content": "Invoice Date",
                  "polygon": [
                    1.9491,
                    2.8733,
                    2.7527,
                    2.8733,
                    2.7527,
                    2.9754,
                    1.9491,
                    2.9754
                  ],
                  "spans": [
                    {
                      "offset": 139,
                      "length": 12
                    }
                  ]
                },
                {
                  "content": "Invoice Due Date",
                  "polygon": [
                    3.3495,
                    2.8733,
                    4.4547,
                    2.8733,
                    4.4547,
                    2.9754,
                    3.3495,
                    2.9754
                  ],
                  "spans": [
                    {
                      "offset": 152,
                      "length": 16
                    }
                  ]
                },
                {
                  "content": "Charges",
                  "polygon": [
                    4.7468,
                    2.8717,
                    5.289,
                    2.8717,
                    5.289,
                    3.0035,
                    4.7468,
                    3.0035
                  ],
                  "spans": [
                    {
                      "offset": 169,
                      "length": 7
                    }
                  ]
                },
                {
                  "content": "VAT ID",
                  "polygon": [
                    6.141,
                    2.873,
                    6.5875,
                    2.873,
                    6.5875,
                    2.9736,
                    6.141,
                    2.9736
                  ],
                  "spans": [
                    {
                      "offset": 177,
                      "length": 6
                    }
                  ]
                },
                {
                  "content": "34278587",
                  "polygon": [
                    0.5397,
                    3.411,
                    1.1457,
                    3.411,
                    1.1457,
                    3.5144,
                    0.5397,
                    3.5144
                  ],
                  "spans": [
                    {
                      "offset": 184,
                      "length": 8
                    }
                  ]
                },
                {
                  "content": "6/18/2017",
                  "polygon": [
                    1.9455,
                    3.41,
                    2.551,
                    3.41,
                    2.551,
                    3.5144,
                    1.9455,
                    3.5144
                  ],
                  "spans": [
                    {
                      "offset": 193,
                      "length": 9
                    }
                  ]
                },
                {
                  "content": "6/24/2017",
                  "polygon": [
                    3.346,
                    3.41,
                    3.9514,
                    3.41,
                    3.9514,
                    3.5144,
                    3.346,
                    3.5144
                  ],
                  "spans": [
                    {
                      "offset": 203,
                      "length": 9
                    }
                  ]
                },
                {
                  "content": "$56,651.49",
                  "polygon": [
                    5.3871,
                    3.4047,
                    6.0702,
                    3.4047,
                    6.0702,
                    3.5321,
                    5.3871,
                    3.5321
                  ],
                  "spans": [
                    {
                      "offset": 213,
                      "length": 10
                    }
                  ]
                },
                {
                  "content": "PT",
                  "polygon": [
                    6.2285,
                    3.4114,
                    6.3919,
                    3.4114,
                    6.3919,
                    3.5119,
                    6.2285,
                    3.5119
                  ],
                  "spans": [
                    {
                      "offset": 224,
                      "length": 2
                    }
                  ]
                }
              ],
              "spans": [
                {
                  "offset": 0,
                  "length": 226
                }
              ],
              "kind": "document"
            }
          ],
          "tables": [
            {
              "rowCount": 3,
              "columnCount": 5,
              "cells": [
                {
                  "kind": "columnHeader",
                  "rowIndex": 0,
                  "columnIndex": 0,
                  "content": "Invoice Number",
                  "boundingRegions": [
                    {
                      "pageNumber": 1,
                      "polygon": [
                        0.5054,
                        2.7896,
                        1.8976,
                        2.7896,
                        1.8976,
                        3.3181,
                        0.4981,
                        3.3181
                      ]
                    }
                  ],
                  "spans": [
                    {
                      "offset": 124,
                      "length": 14
                    }
                  ]
                },
                {
                  "kind": "columnHeader",
                  "rowIndex": 0,
                  "columnIndex": 1,
                  "content": "Invoice Date",
                  "boundingRegions": [
                    {
                      "pageNumber": 1,
                      "polygon": [
                        1.8976,
                        2.7896,
                        3.3043,
                        2.7896,
                        3.2971,
                        3.3181,
                        1.8976,
                        3.3181
                      ]
                    }
                  ],
                  "spans": [
                    {
                      "offset": 139,
                      "length": 12
                    }
                  ]
                },
                {
                  "kind": "columnHeader",
                  "rowIndex": 0,
                  "columnIndex": 2,
                  "content": "Invoice Due Date",
                  "boundingRegions": [
                    {
                      "pageNumber": 1,
                      "polygon": [
                        3.3043,
                        2.7896,
                        4.6965,
                        2.7896,
                        4.6965,
                        3.3181,
                        3.2971,
                        3.3181
                      ]
                    }
                  ],
                  "spans": [
                    {
                      "offset": 152,
                      "length": 16
                    }
                  ]
                },
                {
                  "kind": "columnHeader",
                  "rowIndex": 0,
                  "columnIndex": 3,
                  "content": "Charges",
                  "boundingRegions": [
                    {
                      "pageNumber": 1,
                      "polygon": [
                        4.6965,
                        2.7896,
                        6.1033,
                        2.7896,
                        6.1033,
                        3.3181,
                        4.6965,
                        3.3181
                      ]
                    }
                  ],
                  "spans": [
                    {
                      "offset": 169,
                      "length": 7
                    }
                  ]
                },
                {
                  "kind": "columnHeader",
                  "rowIndex": 0,
                  "columnIndex": 4,
                  "content": "VAT ID",
                  "boundingRegions": [
                    {
                      "pageNumber": 1,
                      "polygon": [
                        6.1033,
                        2.7896,
                        7.4881,
                        2.7896,
                        7.4881,
                        3.3181,
                        6.1033,
                        3.3181
                      ]
                    }
                  ],
                  "spans": [
                    {
                      "offset": 177,
                      "length": 6
                    }
                  ]
                },
                {
                  "rowIndex": 1,
                  "columnIndex": 0,
                  "rowSpan": 2,
                  "content": "34278587",
                  "boundingRegions": [
                    {
                      "pageNumber": 1,
                      "polygon": [
                        0.4981,
                        3.3181,
                        1.8976,
                        3.3181,
                        1.8976,
                        3.8533,
                        0.4981,
                        3.8533
                      ]
                    }
                  ],
                  "spans": [
                    {
                      "offset": 184,
                      "length": 8
                    }
                  ]
                },
                {
                  "rowIndex": 1,
                  "columnIndex": 1,
                  "rowSpan": 2,
                  "content": "6/18/2017",
                  "boundingRegions": [
                    {
                      "pageNumber": 1,
                      "polygon": [
                        1.8976,
                        3.3181,
                        3.2971,
                        3.3181,
                        3.2971,
                        3.8533,
                        1.8976,
                        3.8533
                      ]
                    }
                  ],
                  "spans": [
                    {
                      "offset": 193,
                      "length": 9
                    }
                  ]
                },
                {
                  "rowIndex": 1,
                  "columnIndex": 2,
                  "rowSpan": 2,
                  "content": "6/24/2017",
                  "boundingRegions": [
                    {
                      "pageNumber": 1,
                      "polygon": [
                        3.2971,
                        3.3181,
                        4.6965,
                        3.3181,
                        4.6965,
                        3.8533,
                        3.2971,
                        3.8533
                      ]
                    }
                  ],
                  "spans": [
                    {
                      "offset": 203,
                      "length": 9
                    }
                  ]
                },
                {
                  "rowIndex": 1,
                  "columnIndex": 3,
                  "rowSpan": 2,
                  "content": "$56,651.49",
                  "boundingRegions": [
                    {
                      "pageNumber": 1,
                      "polygon": [
                        4.6965,
                        3.3181,
                        6.1033,
                        3.3181,
                        6.1033,
                        3.8533,
                        4.6965,
                        3.8533
                      ]
                    }
                  ],
                  "spans": [
                    {
                      "offset": 213,
                      "length": 10
                    }
                  ]
                },
                {
                  "rowIndex": 1,
                  "columnIndex": 4,
                  "rowSpan": 2,
                  "content": "PT",
                  "boundingRegions": [
                    {
                      "pageNumber": 1,
                      "polygon": [
                        6.1033,
                        3.3181,
                        7.4881,
                        3.3181,
                        7.4954,
                        3.8533,
                        6.1033,
                        3.8533
                      ]
                    }
                  ],
                  "spans": [
                    {
                      "offset": 224,
                      "length": 2
                    }
                  ]
                }
              ],
              "boundingRegions": [
                {
                  "pageNumber": 1,
                  "polygon": [
                    0.4916,
                    2.7693,
                    7.5266,
                    2.7711,
                    7.5265,
                    3.8682,
                    0.4908,
                    3.8672
                  ]
                }
              ],
              "spans": [
                {
                  "offset": 124,
                  "length": 102
                }
              ]
            }
          ],
          "keyValuePairs": [
            {
              "key": {
                "content": "Address:",
                "boundingRegions": [
                  {
                    "pageNumber": 1,
                    "polygon": [
                      0.7994,
                      1.5143,
                      1.3836,
                      1.5143,
                      1.3836,
                      1.6154,
                      0.7994,
                      1.6154
                    ]
                  }
                ],
                "spans": [
                  {
                    "offset": 8,
                    "length": 8
                  }
                ]
              },
              "value": {
                "content": "1 Redmond way Suite\n6000 Redmond, WA\n99243",
                "boundingRegions": [
                  {
                    "pageNumber": 1,
                    "polygon": [
                      0.8019,
                      1.7033,
                      2.1445,
                      1.7033,
                      2.1445,
                      2.1911,
                      0.8019,
                      2.1911
                    ]
                  }
                ],
                "spans": [
                  {
                    "offset": 40,
                    "length": 19
                  },
                  {
                    "offset": 80,
                    "length": 16
                  },
                  {
                    "offset": 118,
                    "length": 5
                  }
                ]
              },
              "confidence": 0.3,
              "commonName": "Address"
            },
            {
              "key": {
                "content": "Invoice For:",
                "boundingRegions": [
                  {
                    "pageNumber": 1,
                    "polygon": [
                      4.4033,
                      1.5143,
                      5.1013,
                      1.5143,
                      5.1013,
                      1.6155,
                      4.4033,
                      1.6155
                    ]
                  }
                ],
                "spans": [
                  {
                    "offset": 17,
                    "length": 12
                  }
                ]
              },
              "value": {
                "content": "Microsoft\n1020 Enterprise Way\nSunnayvale, CA 87659",
                "boundingRegions": [
                  {
                    "pageNumber": 1,
                    "polygon": [
                      5.196,
                      1.5114,
                      6.6526,
                      1.5114,
                      6.6526,
                      2.0359,
                      5.196,
                      2.0359
                    ]
                  }
                ],
                "spans": [
                  {
                    "offset": 30,
                    "length": 9
                  },
                  {
                    "offset": 60,
                    "length": 19
                  },
                  {
                    "offset": 97,
                    "length": 20
                  }
                ]
              },
              "confidence": 0.675
            },
            {
              "key": {
                "content": "Invoice Number",
                "boundingRegions": [
                  {
                    "pageNumber": 1,
                    "polygon": [
                      0.5439,
                      2.8733,
                      1.5729,
                      2.8733,
                      1.5729,
                      2.9754,
                      0.5439,
                      2.9754
                    ]
                  }
                ],
                "spans": [
                  {
                    "offset": 124,
                    "length": 14
                  }
                ]
              },
              "value": {
                "content": "34278587",
                "boundingRegions": [
                  {
                    "pageNumber": 1,
                    "polygon": [
                      0.5397,
                      3.411,
                      1.1457,
                      3.411,
                      1.1457,
                      3.5144,
                      0.5397,
                      3.5144
                    ]
                  }
                ],
                "spans": [
                  {
                    "offset": 184,
                    "length": 8
                  }
                ]
              },
              "confidence": 0.945,
              "commonName": "InvoiceNumber"
            },
            {
              "key": {
                "content": "Invoice Date",
                "boundingRegions": [
                  {
                    "pageNumber": 1,
                    "polygon": [
                      1.9491,
                      2.8733,
                      2.7527,
                      2.8733,
                      2.7527,
                      2.9754,
                      1.9491,
                      2.9754
                    ]
                  }
                ],
                "spans": [
                  {
                    "offset": 139,
                    "length": 12
                  }
                ]
              },
              "value": {
                "content": "6/18/2017",
                "boundingRegions": [
                  {
                    "pageNumber": 1,
                    "polygon": [
                      1.9455,
                      3.41,
                      2.551,
                      3.41,
                      2.551,
                      3.5144,
                      1.9455,
                      3.5144
                    ]
                  }
                ],
                "spans": [
                  {
                    "offset": 193,
                    "length": 9
                  }
                ]
              },
              "confidence": 0.945,
              "commonName": "InvoiceDate"
            },
            {
              "key": {
                "content": "Invoice Due Date",
                "boundingRegions": [
                  {
                    "pageNumber": 1,
                    "polygon": [
                      3.3495,
                      2.8733,
                      4.4547,
                      2.8733,
                      4.4547,
                      2.9754,
                      3.3495,
                      2.9754
                    ]
                  }
                ],
                "spans": [
                  {
                    "offset": 152,
                    "length": 16
                  }
                ]
              },
              "value": {
                "content": "6/24/2017",
                "boundingRegions": [
                  {
                    "pageNumber": 1,
                    "polygon": [
                      3.346,
                      3.41,
                      3.9514,
                      3.41,
                      3.9514,
                      3.5144,
                      3.346,
                      3.5144
                    ]
                  }
                ],
                "spans": [
                  {
                    "offset": 203,
                    "length": 9
                  }
                ]
              },
              "confidence": 0.92,
              "commonName": "DueDate"
            },
            {
              "key": {
                "content": "Charges",
                "boundingRegions": [
                  {
                    "pageNumber": 1,
                    "polygon": [
                      4.7468,
                      2.8717,
                      5.289,
                      2.8717,
                      5.289,
                      3.0035,
                      4.7468,
                      3.0035
                    ]
                  }
                ],
                "spans": [
                  {
                    "offset": 169,
                    "length": 7
                  }
                ]
              },
              "confidence": 0.779,
              "commonName": "CurrentCharges"
            },
            {
              "key": {
                "content": "VAT ID",
                "boundingRegions": [
                  {
                    "pageNumber": 1,
                    "polygon": [
                      6.141,
                      2.873,
                      6.5875,
                      2.873,
                      6.5875,
                      2.9736,
                      6.141,
                      2.9736
                    ]
                  }
                ],
                "spans": [
                  {
                    "offset": 177,
                    "length": 6
                  }
                ]
              },
              "value": {
                "content": "$56,651.49\nPT",
                "boundingRegions": [
                  {
                    "pageNumber": 1,
                    "polygon": [
                      5.3871,
                      3.4047,
                      6.3919,
                      3.4047,
                      6.3919,
                      3.5321,
                      5.3871,
                      3.5321
                    ]
                  }
                ],
                "spans": [
                  {
                    "offset": 213,
                    "length": 13
                  }
                ]
              },
              "confidence": 0.931
            }
          ],
          "styles": [],
          "documents": [
            {
              "docType": "invoice",
              "boundingRegions": [
                {
                  "pageNumber": 1,
                  "polygon": [
                    0,
                    0,
                    8.5,
                    0,
                    8.5,
                    11,
                    0,
                    11
                  ]
                }
              ],
              "fields": {
                "CustomerAddress": {
                  "type": "address",
                  "content": "1020 Enterprise Way\nSunnayvale, CA 87659",
                  "boundingRegions": [
                    {
                      "pageNumber": 1,
                      "polygon": [
                        5.196,
                        1.716,
                        6.6526,
                        1.716,
                        6.6526,
                        2.0359,
                        5.196,
                        2.0359
                      ]
                    }
                  ],
                  "confidence": 0.772,
                  "spans": [
                    {
                      "offset": 60,
                      "length": 19
                    },
                    {
                      "offset": 97,
                      "length": 20
                    }
                  ],
                  "valueAddress": {
                    "houseNumber": "1020",
                    "road": "Enterprise Way\nSunnayvale, CA 87659",
                    "streetAddress": "1020 Enterprise Way\nSunnayvale, CA 87659"
                  }
                },
                "CustomerAddressRecipient": {
                  "type": "string",
                  "valueString": "Microsoft",
                  "content": "Microsoft",
                  "boundingRegions": [
                    {
                      "pageNumber": 1,
                      "polygon": [
                        5.2045,
                        1.5114,
                        5.8155,
                        1.5114,
                        5.8155,
                        1.6151,
                        5.2045,
                        1.6151
                      ]
                    }
                  ],
                  "confidence": 0.854,
                  "spans": [
                    {
                      "offset": 30,
                      "length": 9
                    }
                  ]
                },
                "CustomerName": {
                  "type": "string",
                  "valueString": "Microsoft",
                  "content": "Microsoft",
                  "boundingRegions": [
                    {
                      "pageNumber": 1,
                      "polygon": [
                        5.2045,
                        1.5114,
                        5.8155,
                        1.5114,
                        5.8155,
                        1.6151,
                        5.2045,
                        1.6151
                      ]
                    }
                  ],
                  "confidence": 0.854,
                  "spans": [
                    {
                      "offset": 30,
                      "length": 9
                    }
                  ]
                },
                "DueDate": {
                  "type": "date",
                  "valueDate": "2017-06-24",
                  "content": "6/24/2017",
                  "boundingRegions": [
                    {
                      "pageNumber": 1,
                      "polygon": [
                        3.346,
                        3.41,
                        3.9514,
                        3.41,
                        3.9514,
                        3.5144,
                        3.346,
                        3.5144
                      ]
                    }
                  ],
                  "confidence": 0.985,
                  "spans": [
                    {
                      "offset": 203,
                      "length": 9
                    }
                  ]
                },
                "InvoiceDate": {
                  "type": "date",
                  "valueDate": "2017-06-18",
                  "content": "6/18/2017",
                  "boundingRegions": [
                    {
                      "pageNumber": 1,
                      "polygon": [
                        1.9455,
                        3.41,
                        2.551,
                        3.41,
                        2.551,
                        3.5144,
                        1.9455,
                        3.5144
                      ]
                    }
                  ],
                  "confidence": 0.986,
                  "spans": [
                    {
                      "offset": 193,
                      "length": 9
                    }
                  ]
                },
                "InvoiceId": {
                  "type": "string",
                  "valueString": "34278587",
                  "content": "34278587",
                  "boundingRegions": [
                    {
                      "pageNumber": 1,
                      "polygon": [
                        0.5397,
                        3.411,
                        1.1457,
                        3.411,
                        1.1457,
                        3.5144,
                        0.5397,
                        3.5144
                      ]
                    }
                  ],
                  "confidence": 0.977,
                  "spans": [
                    {
                      "offset": 184,
                      "length": 8
                    }
                  ]
                },
                "InvoiceTotal": {
                  "type": "currency",
                  "valueCurrency": {
                    "currencySymbol": "$",
                    "amount": 56651.49,
                    "currencyCode": "USD"
                  },
                  "content": "$56,651.49",
                  "boundingRegions": [
                    {
                      "pageNumber": 1,
                      "polygon": [
                        5.3871,
                        3.4047,
                        6.0702,
                        3.4047,
                        6.0702,
                        3.5321,
                        5.3871,
                        3.5321
                      ]
                    }
                  ],
                  "confidence": 0.706,
                  "spans": [
                    {
                      "offset": 213,
                      "length": 10
                    }
                  ]
                },
                "Items": {
                  "type": "array",
                  "valueArray": [
                    {
                      "type": "object",
                      "valueObject": {
                        "Amount": {
                          "type": "currency",
                          "valueCurrency": {
                            "currencySymbol": "$",
                            "amount": 56651.49,
                            "currencyCode": "USD"
                          },
                          "content": "$56,651.49",
                          "boundingRegions": [
                            {
                              "pageNumber": 1,
                              "polygon": [
                                5.3871,
                                3.4047,
                                6.0702,
                                3.4047,
                                6.0702,
                                3.5321,
                                5.3871,
                                3.5321
                              ]
                            }
                          ],
                          "confidence": 0.855,
                          "spans": [
                            {
                              "offset": 213,
                              "length": 10
                            }
                          ]
                        },
                        "Date": {
                          "type": "date",
                          "valueDate": "2017-06-24",
                          "content": "6/24/2017",
                          "boundingRegions": [
                            {
                              "pageNumber": 1,
                              "polygon": [
                                3.346,
                                3.41,
                                3.9514,
                                3.41,
                                3.9514,
                                3.5144,
                                3.346,
                                3.5144
                              ]
                            }
                          ],
                          "confidence": 0.852,
                          "spans": [
                            {
                              "offset": 203,
                              "length": 9
                            }
                          ]
                        },
                        "ProductCode": {
                          "type": "string",
                          "valueString": "34278587",
                          "content": "34278587",
                          "boundingRegions": [
                            {
                              "pageNumber": 1,
                              "polygon": [
                                0.5397,
                                3.411,
                                1.1457,
                                3.411,
                                1.1457,
                                3.5144,
                                0.5397,
                                3.5144
                              ]
                            }
                          ],
                          "confidence": 0.639,
                          "spans": [
                            {
                              "offset": 184,
                              "length": 8
                            }
                          ]
                        },
                        "Tax": {
                          "type": "currency",
                          "valueCurrency": {
                            "currencySymbol": "",
                            "amount": 0.0,
                            "currencyCode": "USD"
                          },
                          "content": "PT",
                          "boundingRegions": [
                            {
                              "pageNumber": 1,
                              "polygon": [
                                6.2285,
                                3.4114,
                                6.3919,
                                3.4114,
                                6.3919,
                                3.5119,
                                6.2285,
                                3.5119
                              ]
                            }
                          ],
                          "confidence": 0.476,
                          "spans": [
                            {
                              "offset": 224,
                              "length": 2
                            }
                          ]
                        }
                      },
                      "content": "34278587\n6/18/2017\n6/24/2017\n$56,651.49\nPT",
                      "boundingRegions": [
                        {
                          "pageNumber": 1,
                          "polygon": [
                            0.5397,
                            3.4047,
                            6.3919,
                            3.4047,
                            6.3919,
                            3.5321,
                            0.5397,
                            3.5321
                          ]
                        }
                      ],
                      "confidence": 0.769,
                      "spans": [
                        {
                          "offset": 184,
                          "length": 42
                        }
                      ]
                    }
                  ]
                },
                "VendorAddress": {
                  "type": "address",
                  "content": "1 Redmond way Suite\n6000 Redmond, WA\n99243",
                  "boundingRegions": [
                    {
                      "pageNumber": 1,
                      "polygon": [
                        0.8019,
                        1.7033,
                        2.1445,
                        1.7033,
                        2.1445,
                        2.1911,
                        0.8019,
                        2.1911
                      ]
                    }
                  ],
                  "confidence": 0.879,
                  "spans": [
                    {
                      "offset": 40,
                      "length": 19
                    },
                    {
                      "offset": 80,
                      "length": 16
                    },
                    {
                      "offset": 118,
                      "length": 5
                    }
                  ],
                  "valueAddress": {
                    "houseNumber": "1",
                    "road": "Redmond way",
                    "postalCode": "99243",
                    "city": "Redmond",
                    "state": "WA",
                    "streetAddress": "1 Redmond way Suite\n6000",
                    "unit": "Suite\n6000"
                  }
                },
                "VendorName": {
                  "type": "string",
                  "valueString": "Contoso",
                  "content": "Contoso",
                  "boundingRegions": [
                    {
                      "pageNumber": 1,
                      "polygon": [
                        0.5384,
                        1.1583,
                        1.4466,
                        1.1583,
                        1.4466,
                        1.3534,
                        0.5384,
                        1.3534
                      ]
                    }
                  ],
                  "confidence": 0.8,
                  "spans": [
                    {
                      "offset": 0,
                      "length": 7
                    }
                  ]
                }
              },
              "confidence": 1,
              "spans": [
                {
                  "offset": 0,
                  "length": 226
                }
              ]
            }
          ]
        }
      }
    },
    {
      "RequestUri": "https://REDACTED/formrecognizer/documentModels/prebuilt-invoice/analyzeResults/993074a1-df8b-4cbe-854d-9773bfd05b31?api-version=2023-02-28-preview",
      "RequestMethod": "GET",
      "RequestHeaders": {
        "Accept": "application/json",
        "Authorization": "Sanitized",
        "Content-Length": "0",
        "Date": "Mon, 10 Apr 2023 20:14:56 GMT",
        "User-Agent": "azsdk-java-azure-ai-formrecognizer/4.1.0-beta.1 (11.0.9; Windows 10; 10.0)",
        "x-ms-client-request-id": "a014fdb0-f855-4711-8590-32ff742acd52"
      },
      "RequestBody": null,
      "StatusCode": 200,
      "ResponseHeaders": {
        "apim-request-id": "8e612a49-ec64-47eb-9d86-eef50f6aed75",
        "Content-Length": "16667",
        "Content-Type": "application/json; charset=utf-8",
        "Date": "Mon, 10 Apr 2023 20:14:59 GMT",
        "Strict-Transport-Security": "max-age=31536000; includeSubDomains; preload",
        "X-Content-Type-Options": "nosniff",
        "x-envoy-upstream-service-time": "47",
        "x-ms-region": "East US"
      },
      "ResponseBody": {
        "status": "succeeded",
        "createdDateTime": "2023-04-10T20:14:13Z",
        "lastUpdatedDateTime": "2023-04-10T20:14:56Z",
        "analyzeResult": {
          "apiVersion": "2023-02-28-preview",
          "modelId": "prebuilt-invoice",
          "stringIndexType": "utf16CodeUnit",
          "content": "Contoso\nAddress:\nInvoice For: Microsoft\n1 Redmond way Suite\n1020 Enterprise Way\n6000 Redmond, WA\nSunnayvale, CA 87659\n99243\nInvoice Number\nInvoice Date\nInvoice Due Date\nCharges\nVAT ID\n34278587\n6/18/2017\n6/24/2017\n$56,651.49\nPT",
          "pages": [
            {
              "pageNumber": 1,
              "angle": 0,
              "width": 8.5,
              "height": 11,
              "unit": "inch",
              "words": [
                {
                  "content": "Contoso",
                  "polygon": [
                    0.5384,
                    1.1583,
                    1.4466,
                    1.1583,
                    1.4466,
                    1.3534,
                    0.5384,
                    1.3534
                  ],
                  "confidence": 1,
                  "span": {
                    "offset": 0,
                    "length": 7
                  }
                },
                {
                  "content": "Address:",
                  "polygon": [
                    0.7994,
                    1.5143,
                    1.3836,
                    1.5143,
                    1.3836,
                    1.6154,
                    0.7994,
                    1.6154
                  ],
                  "confidence": 1,
                  "span": {
                    "offset": 8,
                    "length": 8
                  }
                },
                {
                  "content": "Invoice",
                  "polygon": [
                    4.4033,
                    1.5143,
                    4.8234,
                    1.5143,
                    4.8234,
                    1.6155,
                    4.4033,
                    1.6155
                  ],
                  "confidence": 1,
                  "span": {
                    "offset": 17,
                    "length": 7
                  }
                },
                {
                  "content": "For:",
                  "polygon": [
                    4.8793,
                    1.5143,
                    5.1013,
                    1.5143,
                    5.1013,
                    1.6154,
                    4.8793,
                    1.6154
                  ],
                  "confidence": 1,
                  "span": {
                    "offset": 25,
                    "length": 4
                  }
                },
                {
                  "content": "Microsoft",
                  "polygon": [
                    5.2045,
                    1.5114,
                    5.8155,
                    1.5114,
                    5.8155,
                    1.6151,
                    5.2045,
                    1.6151
                  ],
                  "confidence": 1,
                  "span": {
                    "offset": 30,
                    "length": 9
                  }
                },
                {
                  "content": "1",
                  "polygon": [
                    0.8106,
                    1.708,
                    0.8463,
                    1.708,
                    0.8463,
                    1.8053,
                    0.8106,
                    1.8053
                  ],
                  "confidence": 1,
                  "span": {
                    "offset": 40,
                    "length": 1
                  }
                },
                {
                  "content": "Redmond",
                  "polygon": [
                    0.923,
                    1.7047,
                    1.5018,
                    1.7047,
                    1.5018,
                    1.8068,
                    0.923,
                    1.8068
                  ],
                  "confidence": 1,
                  "span": {
                    "offset": 42,
                    "length": 7
                  }
                },
                {
                  "content": "way",
                  "polygon": [
                    1.5506,
                    1.7309,
                    1.7949,
                    1.7309,
                    1.7949,
                    1.8342,
                    1.5506,
                    1.8342
                  ],
                  "confidence": 1,
                  "span": {
                    "offset": 50,
                    "length": 3
                  }
                },
                {
                  "content": "Suite",
                  "polygon": [
                    1.8415,
                    1.7033,
                    2.1445,
                    1.7033,
                    2.1445,
                    1.8078,
                    1.8415,
                    1.8078
                  ],
                  "confidence": 1,
                  "span": {
                    "offset": 54,
                    "length": 5
                  }
                },
                {
                  "content": "1020",
                  "polygon": [
                    5.2036,
                    1.716,
                    5.4935,
                    1.716,
                    5.4935,
                    1.8185,
                    5.2036,
                    1.8185
                  ],
                  "confidence": 1,
                  "span": {
                    "offset": 60,
                    "length": 4
                  }
                },
                {
                  "content": "Enterprise",
                  "polygon": [
                    5.5488,
                    1.7164,
                    6.2178,
                    1.7164,
                    6.2178,
                    1.8441,
                    5.5488,
                    1.8441
                  ],
                  "confidence": 1,
                  "span": {
                    "offset": 65,
                    "length": 10
                  }
                },
                {
                  "content": "Way",
                  "polygon": [
                    6.2618,
                    1.7164,
                    6.5436,
                    1.7164,
                    6.5436,
                    1.8459,
                    6.2618,
                    1.8459
                  ],
                  "confidence": 1,
                  "span": {
                    "offset": 76,
                    "length": 3
                  }
                },
                {
                  "content": "6000",
                  "polygon": [
                    0.8019,
                    1.896,
                    1.0991,
                    1.896,
                    1.0991,
                    1.9994,
                    0.8019,
                    1.9994
                  ],
                  "confidence": 1,
                  "span": {
                    "offset": 80,
                    "length": 4
                  }
                },
                {
                  "content": "Redmond,",
                  "polygon": [
                    1.1537,
                    1.8964,
                    1.7689,
                    1.8964,
                    1.7689,
                    2.0171,
                    1.1537,
                    2.0171
                  ],
                  "confidence": 1,
                  "span": {
                    "offset": 85,
                    "length": 8
                  }
                },
                {
                  "content": "WA",
                  "polygon": [
                    1.8196,
                    1.8976,
                    2.0384,
                    1.8976,
                    2.0384,
                    1.9969,
                    1.8196,
                    1.9969
                  ],
                  "confidence": 1,
                  "span": {
                    "offset": 94,
                    "length": 2
                  }
                },
                {
                  "content": "Sunnayvale,",
                  "polygon": [
                    5.196,
                    1.9047,
                    5.9894,
                    1.9047,
                    5.9894,
                    2.0359,
                    5.196,
                    2.0359
                  ],
                  "confidence": 1,
                  "span": {
                    "offset": 97,
                    "length": 11
                  }
                },
                {
                  "content": "CA",
                  "polygon": [
                    6.0427,
                    1.9047,
                    6.2354,
                    1.9047,
                    6.2354,
                    2.0085,
                    6.0427,
                    2.0085
                  ],
                  "confidence": 1,
                  "span": {
                    "offset": 109,
                    "length": 2
                  }
                },
                {
                  "content": "87659",
                  "polygon": [
                    6.2801,
                    1.906,
                    6.6526,
                    1.906,
                    6.6526,
                    2.0086,
                    6.2801,
                    2.0086
                  ],
                  "confidence": 1,
                  "span": {
                    "offset": 112,
                    "length": 5
                  }
                },
                {
                  "content": "99243",
                  "polygon": [
                    0.8025,
                    2.0876,
                    1.175,
                    2.0876,
                    1.175,
                    2.1911,
                    0.8025,
                    2.1911
                  ],
                  "confidence": 1,
                  "span": {
                    "offset": 118,
                    "length": 5
                  }
                },
                {
                  "content": "Invoice",
                  "polygon": [
                    0.5439,
                    2.8733,
                    1.0098,
                    2.8733,
                    1.0098,
                    2.9754,
                    0.5439,
                    2.9754
                  ],
                  "confidence": 1,
                  "span": {
                    "offset": 124,
                    "length": 7
                  }
                },
                {
                  "content": "Number",
                  "polygon": [
                    1.0611,
                    2.8743,
                    1.5729,
                    2.8743,
                    1.5729,
                    2.9754,
                    1.0611,
                    2.9754
                  ],
                  "confidence": 1,
                  "span": {
                    "offset": 132,
                    "length": 6
                  }
                },
                {
                  "content": "Invoice",
                  "polygon": [
                    1.9491,
                    2.8733,
                    2.415,
                    2.8733,
                    2.415,
                    2.9754,
                    1.9491,
                    2.9754
                  ],
                  "confidence": 1,
                  "span": {
                    "offset": 139,
                    "length": 7
                  }
                },
                {
                  "content": "Date",
                  "polygon": [
                    2.4673,
                    2.8743,
                    2.7527,
                    2.8743,
                    2.7527,
                    2.9754,
                    2.4673,
                    2.9754
                  ],
                  "confidence": 1,
                  "span": {
                    "offset": 147,
                    "length": 4
                  }
                },
                {
                  "content": "Invoice",
                  "polygon": [
                    3.3495,
                    2.8733,
                    3.8155,
                    2.8733,
                    3.8155,
                    2.9754,
                    3.3495,
                    2.9754
                  ],
                  "confidence": 1,
                  "span": {
                    "offset": 152,
                    "length": 7
                  }
                },
                {
                  "content": "Due",
                  "polygon": [
                    3.8677,
                    2.8743,
                    4.1149,
                    2.8743,
                    4.1149,
                    2.9754,
                    3.8677,
                    2.9754
                  ],
                  "confidence": 1,
                  "span": {
                    "offset": 160,
                    "length": 3
                  }
                },
                {
                  "content": "Date",
                  "polygon": [
                    4.1678,
                    2.8743,
                    4.4547,
                    2.8743,
                    4.4547,
                    2.9754,
                    4.1678,
                    2.9754
                  ],
                  "confidence": 1,
                  "span": {
                    "offset": 164,
                    "length": 4
                  }
                },
                {
                  "content": "Charges",
                  "polygon": [
                    4.7468,
                    2.8717,
                    5.289,
                    2.8717,
                    5.289,
                    3.0035,
                    4.7468,
                    3.0035
                  ],
                  "confidence": 1,
                  "span": {
                    "offset": 169,
                    "length": 7
                  }
                },
                {
                  "content": "VAT",
                  "polygon": [
                    6.141,
                    2.873,
                    6.4147,
                    2.873,
                    6.4147,
                    2.9736,
                    6.141,
                    2.9736
                  ],
                  "confidence": 1,
                  "span": {
                    "offset": 177,
                    "length": 3
                  }
                },
                {
                  "content": "ID",
                  "polygon": [
                    6.4655,
                    2.873,
                    6.5875,
                    2.873,
                    6.5875,
                    2.9736,
                    6.4655,
                    2.9736
                  ],
                  "confidence": 1,
                  "span": {
                    "offset": 181,
                    "length": 2
                  }
                },
                {
                  "content": "34278587",
                  "polygon": [
                    0.5397,
                    3.411,
                    1.1457,
                    3.411,
                    1.1457,
                    3.5144,
                    0.5397,
                    3.5144
                  ],
                  "confidence": 1,
                  "span": {
                    "offset": 184,
                    "length": 8
                  }
                },
                {
                  "content": "6/18/2017",
                  "polygon": [
                    1.9455,
                    3.41,
                    2.551,
                    3.41,
                    2.551,
                    3.5144,
                    1.9455,
                    3.5144
                  ],
                  "confidence": 1,
                  "span": {
                    "offset": 193,
                    "length": 9
                  }
                },
                {
                  "content": "6/24/2017",
                  "polygon": [
                    3.346,
                    3.41,
                    3.9514,
                    3.41,
                    3.9514,
                    3.5144,
                    3.346,
                    3.5144
                  ],
                  "confidence": 1,
                  "span": {
                    "offset": 203,
                    "length": 9
                  }
                },
                {
                  "content": "$56,651.49",
                  "polygon": [
                    5.3871,
                    3.4047,
                    6.0702,
                    3.4047,
                    6.0702,
                    3.5321,
                    5.3871,
                    3.5321
                  ],
                  "confidence": 1,
                  "span": {
                    "offset": 213,
                    "length": 10
                  }
                },
                {
                  "content": "PT",
                  "polygon": [
                    6.2285,
                    3.4114,
                    6.3919,
                    3.4114,
                    6.3919,
                    3.5119,
                    6.2285,
                    3.5119
                  ],
                  "confidence": 1,
                  "span": {
                    "offset": 224,
                    "length": 2
                  }
                }
              ],
              "lines": [
                {
                  "content": "Contoso",
                  "polygon": [
                    0.5384,
                    1.1583,
                    1.4466,
                    1.1583,
                    1.4466,
                    1.3534,
                    0.5384,
                    1.3534
                  ],
                  "spans": [
                    {
                      "offset": 0,
                      "length": 7
                    }
                  ]
                },
                {
                  "content": "Address:",
                  "polygon": [
                    0.7994,
                    1.5143,
                    1.3836,
                    1.5143,
                    1.3836,
                    1.6154,
                    0.7994,
                    1.6154
                  ],
                  "spans": [
                    {
                      "offset": 8,
                      "length": 8
                    }
                  ]
                },
                {
                  "content": "Invoice For: Microsoft",
                  "polygon": [
                    4.4033,
                    1.5114,
                    5.8155,
                    1.5114,
                    5.8155,
                    1.6155,
                    4.4033,
                    1.6155
                  ],
                  "spans": [
                    {
                      "offset": 17,
                      "length": 22
                    }
                  ]
                },
                {
                  "content": "1 Redmond way Suite",
                  "polygon": [
                    0.8106,
                    1.7033,
                    2.1445,
                    1.7033,
                    2.1445,
                    1.8342,
                    0.8106,
                    1.8342
                  ],
                  "spans": [
                    {
                      "offset": 40,
                      "length": 19
                    }
                  ]
                },
                {
                  "content": "1020 Enterprise Way",
                  "polygon": [
                    5.2036,
                    1.716,
                    6.5436,
                    1.716,
                    6.5436,
                    1.8459,
                    5.2036,
                    1.8459
                  ],
                  "spans": [
                    {
                      "offset": 60,
                      "length": 19
                    }
                  ]
                },
                {
                  "content": "6000 Redmond, WA",
                  "polygon": [
                    0.8019,
                    1.896,
                    2.0384,
                    1.896,
                    2.0384,
                    2.0171,
                    0.8019,
                    2.0171
                  ],
                  "spans": [
                    {
                      "offset": 80,
                      "length": 16
                    }
                  ]
                },
                {
                  "content": "Sunnayvale, CA 87659",
                  "polygon": [
                    5.196,
                    1.9047,
                    6.6526,
                    1.9047,
                    6.6526,
                    2.0359,
                    5.196,
                    2.0359
                  ],
                  "spans": [
                    {
                      "offset": 97,
                      "length": 20
                    }
                  ]
                },
                {
                  "content": "99243",
                  "polygon": [
                    0.8025,
                    2.0876,
                    1.175,
                    2.0876,
                    1.175,
                    2.1911,
                    0.8025,
                    2.1911
                  ],
                  "spans": [
                    {
                      "offset": 118,
                      "length": 5
                    }
                  ]
                },
                {
                  "content": "Invoice Number",
                  "polygon": [
                    0.5439,
                    2.8733,
                    1.5729,
                    2.8733,
                    1.5729,
                    2.9754,
                    0.5439,
                    2.9754
                  ],
                  "spans": [
                    {
                      "offset": 124,
                      "length": 14
                    }
                  ]
                },
                {
                  "content": "Invoice Date",
                  "polygon": [
                    1.9491,
                    2.8733,
                    2.7527,
                    2.8733,
                    2.7527,
                    2.9754,
                    1.9491,
                    2.9754
                  ],
                  "spans": [
                    {
                      "offset": 139,
                      "length": 12
                    }
                  ]
                },
                {
                  "content": "Invoice Due Date",
                  "polygon": [
                    3.3495,
                    2.8733,
                    4.4547,
                    2.8733,
                    4.4547,
                    2.9754,
                    3.3495,
                    2.9754
                  ],
                  "spans": [
                    {
                      "offset": 152,
                      "length": 16
                    }
                  ]
                },
                {
                  "content": "Charges",
                  "polygon": [
                    4.7468,
                    2.8717,
                    5.289,
                    2.8717,
                    5.289,
                    3.0035,
                    4.7468,
                    3.0035
                  ],
                  "spans": [
                    {
                      "offset": 169,
                      "length": 7
                    }
                  ]
                },
                {
                  "content": "VAT ID",
                  "polygon": [
                    6.141,
                    2.873,
                    6.5875,
                    2.873,
                    6.5875,
                    2.9736,
                    6.141,
                    2.9736
                  ],
                  "spans": [
                    {
                      "offset": 177,
                      "length": 6
                    }
                  ]
                },
                {
                  "content": "34278587",
                  "polygon": [
                    0.5397,
                    3.411,
                    1.1457,
                    3.411,
                    1.1457,
                    3.5144,
                    0.5397,
                    3.5144
                  ],
                  "spans": [
                    {
                      "offset": 184,
                      "length": 8
                    }
                  ]
                },
                {
                  "content": "6/18/2017",
                  "polygon": [
                    1.9455,
                    3.41,
                    2.551,
                    3.41,
                    2.551,
                    3.5144,
                    1.9455,
                    3.5144
                  ],
                  "spans": [
                    {
                      "offset": 193,
                      "length": 9
                    }
                  ]
                },
                {
                  "content": "6/24/2017",
                  "polygon": [
                    3.346,
                    3.41,
                    3.9514,
                    3.41,
                    3.9514,
                    3.5144,
                    3.346,
                    3.5144
                  ],
                  "spans": [
                    {
                      "offset": 203,
                      "length": 9
                    }
                  ]
                },
                {
                  "content": "$56,651.49",
                  "polygon": [
                    5.3871,
                    3.4047,
                    6.0702,
                    3.4047,
                    6.0702,
                    3.5321,
                    5.3871,
                    3.5321
                  ],
                  "spans": [
                    {
                      "offset": 213,
                      "length": 10
                    }
                  ]
                },
                {
                  "content": "PT",
                  "polygon": [
                    6.2285,
                    3.4114,
                    6.3919,
                    3.4114,
                    6.3919,
                    3.5119,
                    6.2285,
                    3.5119
                  ],
                  "spans": [
                    {
                      "offset": 224,
                      "length": 2
                    }
                  ]
                }
              ],
              "spans": [
                {
                  "offset": 0,
                  "length": 226
                }
              ],
              "kind": "document"
            }
          ],
          "tables": [
            {
              "rowCount": 3,
              "columnCount": 5,
              "cells": [
                {
                  "kind": "columnHeader",
                  "rowIndex": 0,
                  "columnIndex": 0,
                  "content": "Invoice Number",
                  "boundingRegions": [
                    {
                      "pageNumber": 1,
                      "polygon": [
                        0.5054,
                        2.7896,
                        1.8976,
                        2.7896,
                        1.8976,
                        3.3181,
                        0.4981,
                        3.3181
                      ]
                    }
                  ],
                  "spans": [
                    {
                      "offset": 124,
                      "length": 14
                    }
                  ]
                },
                {
                  "kind": "columnHeader",
                  "rowIndex": 0,
                  "columnIndex": 1,
                  "content": "Invoice Date",
                  "boundingRegions": [
                    {
                      "pageNumber": 1,
                      "polygon": [
                        1.8976,
                        2.7896,
                        3.3043,
                        2.7896,
                        3.2971,
                        3.3181,
                        1.8976,
                        3.3181
                      ]
                    }
                  ],
                  "spans": [
                    {
                      "offset": 139,
                      "length": 12
                    }
                  ]
                },
                {
                  "kind": "columnHeader",
                  "rowIndex": 0,
                  "columnIndex": 2,
                  "content": "Invoice Due Date",
                  "boundingRegions": [
                    {
                      "pageNumber": 1,
                      "polygon": [
                        3.3043,
                        2.7896,
                        4.6965,
                        2.7896,
                        4.6965,
                        3.3181,
                        3.2971,
                        3.3181
                      ]
                    }
                  ],
                  "spans": [
                    {
                      "offset": 152,
                      "length": 16
                    }
                  ]
                },
                {
                  "kind": "columnHeader",
                  "rowIndex": 0,
                  "columnIndex": 3,
                  "content": "Charges",
                  "boundingRegions": [
                    {
                      "pageNumber": 1,
                      "polygon": [
                        4.6965,
                        2.7896,
                        6.1033,
                        2.7896,
                        6.1033,
                        3.3181,
                        4.6965,
                        3.3181
                      ]
                    }
                  ],
                  "spans": [
                    {
                      "offset": 169,
                      "length": 7
                    }
                  ]
                },
                {
                  "kind": "columnHeader",
                  "rowIndex": 0,
                  "columnIndex": 4,
                  "content": "VAT ID",
                  "boundingRegions": [
                    {
                      "pageNumber": 1,
                      "polygon": [
                        6.1033,
                        2.7896,
                        7.4881,
                        2.7896,
                        7.4881,
                        3.3181,
                        6.1033,
                        3.3181
                      ]
                    }
                  ],
                  "spans": [
                    {
                      "offset": 177,
                      "length": 6
                    }
                  ]
                },
                {
                  "rowIndex": 1,
                  "columnIndex": 0,
                  "rowSpan": 2,
                  "content": "34278587",
                  "boundingRegions": [
                    {
                      "pageNumber": 1,
                      "polygon": [
                        0.4981,
                        3.3181,
                        1.8976,
                        3.3181,
                        1.8976,
                        3.8533,
                        0.4981,
                        3.8533
                      ]
                    }
                  ],
                  "spans": [
                    {
                      "offset": 184,
                      "length": 8
                    }
                  ]
                },
                {
                  "rowIndex": 1,
                  "columnIndex": 1,
                  "rowSpan": 2,
                  "content": "6/18/2017",
                  "boundingRegions": [
                    {
                      "pageNumber": 1,
                      "polygon": [
                        1.8976,
                        3.3181,
                        3.2971,
                        3.3181,
                        3.2971,
                        3.8533,
                        1.8976,
                        3.8533
                      ]
                    }
                  ],
                  "spans": [
                    {
                      "offset": 193,
                      "length": 9
                    }
                  ]
                },
                {
                  "rowIndex": 1,
                  "columnIndex": 2,
                  "rowSpan": 2,
                  "content": "6/24/2017",
                  "boundingRegions": [
                    {
                      "pageNumber": 1,
                      "polygon": [
                        3.2971,
                        3.3181,
                        4.6965,
                        3.3181,
                        4.6965,
                        3.8533,
                        3.2971,
                        3.8533
                      ]
                    }
                  ],
                  "spans": [
                    {
                      "offset": 203,
                      "length": 9
                    }
                  ]
                },
                {
                  "rowIndex": 1,
                  "columnIndex": 3,
                  "rowSpan": 2,
                  "content": "$56,651.49",
                  "boundingRegions": [
                    {
                      "pageNumber": 1,
                      "polygon": [
                        4.6965,
                        3.3181,
                        6.1033,
                        3.3181,
                        6.1033,
                        3.8533,
                        4.6965,
                        3.8533
                      ]
                    }
                  ],
                  "spans": [
                    {
                      "offset": 213,
                      "length": 10
                    }
                  ]
                },
                {
                  "rowIndex": 1,
                  "columnIndex": 4,
                  "rowSpan": 2,
                  "content": "PT",
                  "boundingRegions": [
                    {
                      "pageNumber": 1,
                      "polygon": [
                        6.1033,
                        3.3181,
                        7.4881,
                        3.3181,
                        7.4954,
                        3.8533,
                        6.1033,
                        3.8533
                      ]
                    }
                  ],
                  "spans": [
                    {
                      "offset": 224,
                      "length": 2
                    }
                  ]
                }
              ],
              "boundingRegions": [
                {
                  "pageNumber": 1,
                  "polygon": [
                    0.4916,
                    2.7693,
                    7.5266,
                    2.7711,
                    7.5265,
                    3.8682,
                    0.4908,
                    3.8672
                  ]
                }
              ],
              "spans": [
                {
                  "offset": 124,
                  "length": 102
                }
              ]
            }
          ],
          "keyValuePairs": [
            {
              "key": {
                "content": "Address:",
                "boundingRegions": [
                  {
                    "pageNumber": 1,
                    "polygon": [
                      0.7994,
                      1.5143,
                      1.3836,
                      1.5143,
                      1.3836,
                      1.6154,
                      0.7994,
                      1.6154
                    ]
                  }
                ],
                "spans": [
                  {
                    "offset": 8,
                    "length": 8
                  }
                ]
              },
              "value": {
                "content": "1 Redmond way Suite\n6000 Redmond, WA\n99243",
                "boundingRegions": [
                  {
                    "pageNumber": 1,
                    "polygon": [
                      0.8019,
                      1.7033,
                      2.1445,
                      1.7033,
                      2.1445,
                      2.1911,
                      0.8019,
                      2.1911
                    ]
                  }
                ],
                "spans": [
                  {
                    "offset": 40,
                    "length": 19
                  },
                  {
                    "offset": 80,
                    "length": 16
                  },
                  {
                    "offset": 118,
                    "length": 5
                  }
                ]
              },
              "confidence": 0.3,
              "commonName": "Address"
            },
            {
              "key": {
                "content": "Invoice For:",
                "boundingRegions": [
                  {
                    "pageNumber": 1,
                    "polygon": [
                      4.4033,
                      1.5143,
                      5.1013,
                      1.5143,
                      5.1013,
                      1.6155,
                      4.4033,
                      1.6155
                    ]
                  }
                ],
                "spans": [
                  {
                    "offset": 17,
                    "length": 12
                  }
                ]
              },
              "value": {
                "content": "Microsoft\n1020 Enterprise Way\nSunnayvale, CA 87659",
                "boundingRegions": [
                  {
                    "pageNumber": 1,
                    "polygon": [
                      5.196,
                      1.5114,
                      6.6526,
                      1.5114,
                      6.6526,
                      2.0359,
                      5.196,
                      2.0359
                    ]
                  }
                ],
                "spans": [
                  {
                    "offset": 30,
                    "length": 9
                  },
                  {
                    "offset": 60,
                    "length": 19
                  },
                  {
                    "offset": 97,
                    "length": 20
                  }
                ]
              },
              "confidence": 0.675
            },
            {
              "key": {
                "content": "Invoice Number",
                "boundingRegions": [
                  {
                    "pageNumber": 1,
                    "polygon": [
                      0.5439,
                      2.8733,
                      1.5729,
                      2.8733,
                      1.5729,
                      2.9754,
                      0.5439,
                      2.9754
                    ]
                  }
                ],
                "spans": [
                  {
                    "offset": 124,
                    "length": 14
                  }
                ]
              },
              "value": {
                "content": "34278587",
                "boundingRegions": [
                  {
                    "pageNumber": 1,
                    "polygon": [
                      0.5397,
                      3.411,
                      1.1457,
                      3.411,
                      1.1457,
                      3.5144,
                      0.5397,
                      3.5144
                    ]
                  }
                ],
                "spans": [
                  {
                    "offset": 184,
                    "length": 8
                  }
                ]
              },
              "confidence": 0.945,
              "commonName": "InvoiceNumber"
            },
            {
              "key": {
                "content": "Invoice Date",
                "boundingRegions": [
                  {
                    "pageNumber": 1,
                    "polygon": [
                      1.9491,
                      2.8733,
                      2.7527,
                      2.8733,
                      2.7527,
                      2.9754,
                      1.9491,
                      2.9754
                    ]
                  }
                ],
                "spans": [
                  {
                    "offset": 139,
                    "length": 12
                  }
                ]
              },
              "value": {
                "content": "6/18/2017",
                "boundingRegions": [
                  {
                    "pageNumber": 1,
                    "polygon": [
                      1.9455,
                      3.41,
                      2.551,
                      3.41,
                      2.551,
                      3.5144,
                      1.9455,
                      3.5144
                    ]
                  }
                ],
                "spans": [
                  {
                    "offset": 193,
                    "length": 9
                  }
                ]
              },
              "confidence": 0.945,
              "commonName": "InvoiceDate"
            },
            {
              "key": {
                "content": "Invoice Due Date",
                "boundingRegions": [
                  {
                    "pageNumber": 1,
                    "polygon": [
                      3.3495,
                      2.8733,
                      4.4547,
                      2.8733,
                      4.4547,
                      2.9754,
                      3.3495,
                      2.9754
                    ]
                  }
                ],
                "spans": [
                  {
                    "offset": 152,
                    "length": 16
                  }
                ]
              },
              "value": {
                "content": "6/24/2017",
                "boundingRegions": [
                  {
                    "pageNumber": 1,
                    "polygon": [
                      3.346,
                      3.41,
                      3.9514,
                      3.41,
                      3.9514,
                      3.5144,
                      3.346,
                      3.5144
                    ]
                  }
                ],
                "spans": [
                  {
                    "offset": 203,
                    "length": 9
                  }
                ]
              },
              "confidence": 0.92,
              "commonName": "DueDate"
            },
            {
              "key": {
                "content": "Charges",
                "boundingRegions": [
                  {
                    "pageNumber": 1,
                    "polygon": [
                      4.7468,
                      2.8717,
                      5.289,
                      2.8717,
                      5.289,
                      3.0035,
                      4.7468,
                      3.0035
                    ]
                  }
                ],
                "spans": [
                  {
                    "offset": 169,
                    "length": 7
                  }
                ]
              },
              "confidence": 0.779,
              "commonName": "CurrentCharges"
            },
            {
              "key": {
                "content": "VAT ID",
                "boundingRegions": [
                  {
                    "pageNumber": 1,
                    "polygon": [
                      6.141,
                      2.873,
                      6.5875,
                      2.873,
                      6.5875,
                      2.9736,
                      6.141,
                      2.9736
                    ]
                  }
                ],
                "spans": [
                  {
                    "offset": 177,
                    "length": 6
                  }
                ]
              },
              "value": {
                "content": "$56,651.49\nPT",
                "boundingRegions": [
                  {
                    "pageNumber": 1,
                    "polygon": [
                      5.3871,
                      3.4047,
                      6.3919,
                      3.4047,
                      6.3919,
                      3.5321,
                      5.3871,
                      3.5321
                    ]
                  }
                ],
                "spans": [
                  {
                    "offset": 213,
                    "length": 13
                  }
                ]
              },
              "confidence": 0.931
            }
          ],
          "styles": [],
          "documents": [
            {
              "docType": "invoice",
              "boundingRegions": [
                {
                  "pageNumber": 1,
                  "polygon": [
                    0,
                    0,
                    8.5,
                    0,
                    8.5,
                    11,
                    0,
                    11
                  ]
                }
              ],
              "fields": {
                "CustomerAddress": {
                  "type": "address",
                  "content": "1020 Enterprise Way\nSunnayvale, CA 87659",
                  "boundingRegions": [
                    {
                      "pageNumber": 1,
                      "polygon": [
                        5.196,
                        1.716,
                        6.6526,
                        1.716,
                        6.6526,
                        2.0359,
                        5.196,
                        2.0359
                      ]
                    }
                  ],
                  "confidence": 0.772,
                  "spans": [
                    {
                      "offset": 60,
                      "length": 19
                    },
                    {
                      "offset": 97,
                      "length": 20
                    }
                  ],
                  "valueAddress": {
                    "houseNumber": "1020",
                    "road": "Enterprise Way\nSunnayvale, CA 87659",
                    "streetAddress": "1020 Enterprise Way\nSunnayvale, CA 87659"
                  }
                },
                "CustomerAddressRecipient": {
                  "type": "string",
                  "valueString": "Microsoft",
                  "content": "Microsoft",
                  "boundingRegions": [
                    {
                      "pageNumber": 1,
                      "polygon": [
                        5.2045,
                        1.5114,
                        5.8155,
                        1.5114,
                        5.8155,
                        1.6151,
                        5.2045,
                        1.6151
                      ]
                    }
                  ],
                  "confidence": 0.854,
                  "spans": [
                    {
                      "offset": 30,
                      "length": 9
                    }
                  ]
                },
                "CustomerName": {
                  "type": "string",
                  "valueString": "Microsoft",
                  "content": "Microsoft",
                  "boundingRegions": [
                    {
                      "pageNumber": 1,
                      "polygon": [
                        5.2045,
                        1.5114,
                        5.8155,
                        1.5114,
                        5.8155,
                        1.6151,
                        5.2045,
                        1.6151
                      ]
                    }
                  ],
                  "confidence": 0.854,
                  "spans": [
                    {
                      "offset": 30,
                      "length": 9
                    }
                  ]
                },
                "DueDate": {
                  "type": "date",
                  "valueDate": "2017-06-24",
                  "content": "6/24/2017",
                  "boundingRegions": [
                    {
                      "pageNumber": 1,
                      "polygon": [
                        3.346,
                        3.41,
                        3.9514,
                        3.41,
                        3.9514,
                        3.5144,
                        3.346,
                        3.5144
                      ]
                    }
                  ],
                  "confidence": 0.985,
                  "spans": [
                    {
                      "offset": 203,
                      "length": 9
                    }
                  ]
                },
                "InvoiceDate": {
                  "type": "date",
                  "valueDate": "2017-06-18",
                  "content": "6/18/2017",
                  "boundingRegions": [
                    {
                      "pageNumber": 1,
                      "polygon": [
                        1.9455,
                        3.41,
                        2.551,
                        3.41,
                        2.551,
                        3.5144,
                        1.9455,
                        3.5144
                      ]
                    }
                  ],
                  "confidence": 0.986,
                  "spans": [
                    {
                      "offset": 193,
                      "length": 9
                    }
                  ]
                },
                "InvoiceId": {
                  "type": "string",
                  "valueString": "34278587",
                  "content": "34278587",
                  "boundingRegions": [
                    {
                      "pageNumber": 1,
                      "polygon": [
                        0.5397,
                        3.411,
                        1.1457,
                        3.411,
                        1.1457,
                        3.5144,
                        0.5397,
                        3.5144
                      ]
                    }
                  ],
                  "confidence": 0.977,
                  "spans": [
                    {
                      "offset": 184,
                      "length": 8
                    }
                  ]
                },
                "InvoiceTotal": {
                  "type": "currency",
                  "valueCurrency": {
                    "currencySymbol": "$",
                    "amount": 56651.49,
                    "currencyCode": "USD"
                  },
                  "content": "$56,651.49",
                  "boundingRegions": [
                    {
                      "pageNumber": 1,
                      "polygon": [
                        5.3871,
                        3.4047,
                        6.0702,
                        3.4047,
                        6.0702,
                        3.5321,
                        5.3871,
                        3.5321
                      ]
                    }
                  ],
                  "confidence": 0.706,
                  "spans": [
                    {
                      "offset": 213,
                      "length": 10
                    }
                  ]
                },
                "Items": {
                  "type": "array",
                  "valueArray": [
                    {
                      "type": "object",
                      "valueObject": {
                        "Amount": {
                          "type": "currency",
                          "valueCurrency": {
                            "currencySymbol": "$",
                            "amount": 56651.49,
                            "currencyCode": "USD"
                          },
                          "content": "$56,651.49",
                          "boundingRegions": [
                            {
                              "pageNumber": 1,
                              "polygon": [
                                5.3871,
                                3.4047,
                                6.0702,
                                3.4047,
                                6.0702,
                                3.5321,
                                5.3871,
                                3.5321
                              ]
                            }
                          ],
                          "confidence": 0.855,
                          "spans": [
                            {
                              "offset": 213,
                              "length": 10
                            }
                          ]
                        },
                        "Date": {
                          "type": "date",
                          "valueDate": "2017-06-24",
                          "content": "6/24/2017",
                          "boundingRegions": [
                            {
                              "pageNumber": 1,
                              "polygon": [
                                3.346,
                                3.41,
                                3.9514,
                                3.41,
                                3.9514,
                                3.5144,
                                3.346,
                                3.5144
                              ]
                            }
                          ],
                          "confidence": 0.852,
                          "spans": [
                            {
                              "offset": 203,
                              "length": 9
                            }
                          ]
                        },
                        "ProductCode": {
                          "type": "string",
                          "valueString": "34278587",
                          "content": "34278587",
                          "boundingRegions": [
                            {
                              "pageNumber": 1,
                              "polygon": [
                                0.5397,
                                3.411,
                                1.1457,
                                3.411,
                                1.1457,
                                3.5144,
                                0.5397,
                                3.5144
                              ]
                            }
                          ],
                          "confidence": 0.639,
                          "spans": [
                            {
                              "offset": 184,
                              "length": 8
                            }
                          ]
                        },
                        "Tax": {
                          "type": "currency",
                          "valueCurrency": {
                            "currencySymbol": "",
                            "amount": 0.0,
                            "currencyCode": "USD"
                          },
                          "content": "PT",
                          "boundingRegions": [
                            {
                              "pageNumber": 1,
                              "polygon": [
                                6.2285,
                                3.4114,
                                6.3919,
                                3.4114,
                                6.3919,
                                3.5119,
                                6.2285,
                                3.5119
                              ]
                            }
                          ],
                          "confidence": 0.476,
                          "spans": [
                            {
                              "offset": 224,
                              "length": 2
                            }
                          ]
                        }
                      },
                      "content": "34278587\n6/18/2017\n6/24/2017\n$56,651.49\nPT",
                      "boundingRegions": [
                        {
                          "pageNumber": 1,
                          "polygon": [
                            0.5397,
                            3.4047,
                            6.3919,
                            3.4047,
                            6.3919,
                            3.5321,
                            0.5397,
                            3.5321
                          ]
                        }
                      ],
                      "confidence": 0.769,
                      "spans": [
                        {
                          "offset": 184,
                          "length": 42
                        }
                      ]
                    }
                  ]
                },
                "VendorAddress": {
                  "type": "address",
                  "content": "1 Redmond way Suite\n6000 Redmond, WA\n99243",
                  "boundingRegions": [
                    {
                      "pageNumber": 1,
                      "polygon": [
                        0.8019,
                        1.7033,
                        2.1445,
                        1.7033,
                        2.1445,
                        2.1911,
                        0.8019,
                        2.1911
                      ]
                    }
                  ],
                  "confidence": 0.879,
                  "spans": [
                    {
                      "offset": 40,
                      "length": 19
                    },
                    {
                      "offset": 80,
                      "length": 16
                    },
                    {
                      "offset": 118,
                      "length": 5
                    }
                  ],
                  "valueAddress": {
                    "houseNumber": "1",
                    "road": "Redmond way",
                    "postalCode": "99243",
                    "city": "Redmond",
                    "state": "WA",
                    "streetAddress": "1 Redmond way Suite\n6000",
                    "unit": "Suite\n6000"
                  }
                },
                "VendorName": {
                  "type": "string",
                  "valueString": "Contoso",
                  "content": "Contoso",
                  "boundingRegions": [
                    {
                      "pageNumber": 1,
                      "polygon": [
                        0.5384,
                        1.1583,
                        1.4466,
                        1.1583,
                        1.4466,
                        1.3534,
                        0.5384,
                        1.3534
                      ]
                    }
                  ],
                  "confidence": 0.8,
                  "spans": [
                    {
                      "offset": 0,
                      "length": 7
                    }
                  ]
                }
              },
              "confidence": 1,
              "spans": [
                {
                  "offset": 0,
                  "length": 226
                }
              ]
            }
          ]
        }
      }
    }
  ],
  "Variables": {}
}
