{
  "Entries": [
    {
      "RequestUri": "https://REDACTED/formrecognizer/v2.1/custom/models",
      "RequestMethod": "POST",
      "RequestHeaders": {
        "Accept": "application/json",
        "Authorization": "Sanitized",
        "Content-Length": "277",
        "Content-Type": "application/json",
        "Date": "Wed, 12 Apr 2023 22:39:43 GMT",
        "User-Agent": "azsdk-java-azure-ai-formrecognizer/4.1.0-beta.1 (11.0.9; Windows 10; 10.0)",
        "x-ms-client-request-id": "373f4fb6-1eeb-4aa7-9f59-21101a967708"
      },
      "RequestBody": {
        "source": "https://azuresdktrainingdata.blob.core.windows.net/trainingdata?sp=rl\u0026st=2022-01-24T21:29:02Z\u0026se=2025-01-25T05:29:02Z\u0026spr=https\u0026sv=2020-08-04\u0026sr=c\u0026sig=q71NyEgO5ebO7aKW%2FcN2rzeVaCJP49O%2BRw9T9pGXhkE%3D",
        "sourceFilter": {
          "includeSubFolders": false
        },
        "useLabelFile": true
      },
      "StatusCode": 201,
      "ResponseHeaders": {
        "apim-request-id": "12948b16-81a7-40a2-8713-94d8d490899e",
        "Content-Length": "0",
        "Date": "Wed, 12 Apr 2023 22:39:45 GMT",
        "Location": "https://shafangfr.cognitiveservices.azure.com/formrecognizer/v2.1/custom/models/78f2de71-7582-4ce8-8cf4-edbc0c0a3efa",
        "Strict-Transport-Security": "max-age=31536000; includeSubDomains; preload",
        "X-Content-Type-Options": "nosniff",
        "x-envoy-upstream-service-time": "520",
        "x-ms-region": "East US"
      },
      "ResponseBody": null
    },
    {
      "RequestUri": "https://REDACTED/formrecognizer/v2.1/custom/models/78f2de71-7582-4ce8-8cf4-edbc0c0a3efa?includeKeys=true",
      "RequestMethod": "GET",
      "RequestHeaders": {
        "Accept": "application/json",
        "Authorization": "Sanitized",
        "Content-Length": "0",
        "Date": "Wed, 12 Apr 2023 22:39:51 GMT",
        "User-Agent": "azsdk-java-azure-ai-formrecognizer/4.1.0-beta.1 (11.0.9; Windows 10; 10.0)",
        "x-ms-client-request-id": "bb574b51-ddd2-4522-a521-690ee57b8dd6"
      },
      "RequestBody": null,
      "StatusCode": 200,
      "ResponseHeaders": {
        "apim-request-id": "19d5058f-7eba-4199-8e32-4d67db900225",
        "Content-Length": "1242",
        "Content-Type": "application/json; charset=utf-8",
        "Date": "Wed, 12 Apr 2023 22:39:51 GMT",
        "Strict-Transport-Security": "max-age=31536000; includeSubDomains; preload",
        "X-Content-Type-Options": "nosniff",
        "x-envoy-upstream-service-time": "23",
        "x-ms-region": "East US"
      },
      "ResponseBody": {
        "modelInfo": {
          "modelId": "78f2de71-7582-4ce8-8cf4-edbc0c0a3efa",
          "attributes": {
            "isComposed": false
          },
          "status": "ready",
          "createdDateTime": "2023-04-12T22:39:45Z",
          "lastUpdatedDateTime": "2023-04-12T22:39:49Z"
        },
        "trainResult": {
          "averageModelAccuracy": 0.96,
          "trainingDocuments": [
            {
              "documentName": "Form_1.jpg",
              "pages": 1,
              "status": "succeeded"
            },
            {
              "documentName": "Form_2.jpg",
              "pages": 1,
              "status": "succeeded"
            },
            {
              "documentName": "Form_3.jpg",
              "pages": 1,
              "status": "succeeded"
            },
            {
              "documentName": "Form_4.jpg",
              "pages": 1,
              "status": "succeeded"
            },
            {
              "documentName": "Form_5.jpg",
              "pages": 1,
              "status": "succeeded"
            }
          ],
          "fields": [
            {
              "fieldName": "CompanyAddress",
              "accuracy": 0.8
            },
            {
              "fieldName": "CompanyName",
              "accuracy": 0.995
            },
            {
              "fieldName": "CompanyPhoneNumber",
              "accuracy": 0.995
            },
            {
              "fieldName": "DatedAs",
              "accuracy": 0.995
            },
            {
              "fieldName": "Email",
              "accuracy": 0.8
            },
            {
              "fieldName": "Merchant",
              "accuracy": 0.995
            },
            {
              "fieldName": "PhoneNumber",
              "accuracy": 0.995
            },
            {
              "fieldName": "PurchaseOrderNumber",
              "accuracy": 0.995
            },
            {
              "fieldName": "Quantity",
              "accuracy": 0.995
            },
            {
              "fieldName": "Signature",
              "accuracy": 0.8
            },
            {
              "fieldName": "Subtotal",
              "accuracy": 0.995
            },
            {
              "fieldName": "Tax",
              "accuracy": 0.995
            },
            {
              "fieldName": "Total",
              "accuracy": 0.995
            },
            {
              "fieldName": "VendorName",
              "accuracy": 0.995
            },
            {
              "fieldName": "Website",
              "accuracy": 0.995
            }
          ],
          "errors": []
        }
      }
    },
    {
      "RequestUri": "https://REDACTED/formrecognizer/v2.1/custom/models/78f2de71-7582-4ce8-8cf4-edbc0c0a3efa?includeKeys=true",
      "RequestMethod": "GET",
      "RequestHeaders": {
        "Accept": "application/json",
        "Authorization": "Sanitized",
        "Content-Length": "0",
        "Date": "Wed, 12 Apr 2023 22:39:51 GMT",
        "User-Agent": "azsdk-java-azure-ai-formrecognizer/4.1.0-beta.1 (11.0.9; Windows 10; 10.0)",
        "x-ms-client-request-id": "32bbece0-b3d6-48e4-a7d0-749bfba96f80"
      },
      "RequestBody": null,
      "StatusCode": 200,
      "ResponseHeaders": {
        "apim-request-id": "8444a154-f447-492c-8374-6cbcbefa8e3c",
        "Content-Length": "1242",
        "Content-Type": "application/json; charset=utf-8",
        "Date": "Wed, 12 Apr 2023 22:39:51 GMT",
        "Strict-Transport-Security": "max-age=31536000; includeSubDomains; preload",
        "X-Content-Type-Options": "nosniff",
        "x-envoy-upstream-service-time": "20",
        "x-ms-region": "East US"
      },
      "ResponseBody": {
        "modelInfo": {
          "modelId": "78f2de71-7582-4ce8-8cf4-edbc0c0a3efa",
          "attributes": {
            "isComposed": false
          },
          "status": "ready",
          "createdDateTime": "2023-04-12T22:39:45Z",
          "lastUpdatedDateTime": "2023-04-12T22:39:49Z"
        },
        "trainResult": {
          "averageModelAccuracy": 0.96,
          "trainingDocuments": [
            {
              "documentName": "Form_1.jpg",
              "pages": 1,
              "status": "succeeded"
            },
            {
              "documentName": "Form_2.jpg",
              "pages": 1,
              "status": "succeeded"
            },
            {
              "documentName": "Form_3.jpg",
              "pages": 1,
              "status": "succeeded"
            },
            {
              "documentName": "Form_4.jpg",
              "pages": 1,
              "status": "succeeded"
            },
            {
              "documentName": "Form_5.jpg",
              "pages": 1,
              "status": "succeeded"
            }
          ],
          "fields": [
            {
              "fieldName": "CompanyAddress",
              "accuracy": 0.8
            },
            {
              "fieldName": "CompanyName",
              "accuracy": 0.995
            },
            {
              "fieldName": "CompanyPhoneNumber",
              "accuracy": 0.995
            },
            {
              "fieldName": "DatedAs",
              "accuracy": 0.995
            },
            {
              "fieldName": "Email",
              "accuracy": 0.8
            },
            {
              "fieldName": "Merchant",
              "accuracy": 0.995
            },
            {
              "fieldName": "PhoneNumber",
              "accuracy": 0.995
            },
            {
              "fieldName": "PurchaseOrderNumber",
              "accuracy": 0.995
            },
            {
              "fieldName": "Quantity",
              "accuracy": 0.995
            },
            {
              "fieldName": "Signature",
              "accuracy": 0.8
            },
            {
              "fieldName": "Subtotal",
              "accuracy": 0.995
            },
            {
              "fieldName": "Tax",
              "accuracy": 0.995
            },
            {
              "fieldName": "Total",
              "accuracy": 0.995
            },
            {
              "fieldName": "VendorName",
              "accuracy": 0.995
            },
            {
              "fieldName": "Website",
              "accuracy": 0.995
            }
          ],
          "errors": []
        }
      }
    },
    {
      "RequestUri": "https://REDACTED/formrecognizer/v2.1/custom/models",
      "RequestMethod": "POST",
      "RequestHeaders": {
        "Accept": "application/json",
        "Authorization": "Sanitized",
        "Content-Length": "277",
        "Content-Type": "application/json",
        "Date": "Wed, 12 Apr 2023 22:39:51 GMT",
        "User-Agent": "azsdk-java-azure-ai-formrecognizer/4.1.0-beta.1 (11.0.9; Windows 10; 10.0)",
        "x-ms-client-request-id": "f2d2ee86-13b8-479c-a36c-c9e4874dd7d5"
      },
      "RequestBody": {
        "source": "https://azuresdktrainingdata.blob.core.windows.net/trainingdata?sp=rl\u0026st=2022-01-24T21:29:02Z\u0026se=2025-01-25T05:29:02Z\u0026spr=https\u0026sv=2020-08-04\u0026sr=c\u0026sig=q71NyEgO5ebO7aKW%2FcN2rzeVaCJP49O%2BRw9T9pGXhkE%3D",
        "sourceFilter": {
          "includeSubFolders": false
        },
        "useLabelFile": true
      },
      "StatusCode": 201,
      "ResponseHeaders": {
        "apim-request-id": "6de26f24-bce4-4f0d-bf48-64ac4caf6952",
        "Content-Length": "0",
        "Date": "Wed, 12 Apr 2023 22:39:51 GMT",
        "Location": "https://shafangfr.cognitiveservices.azure.com/formrecognizer/v2.1/custom/models/3a5849e0-aa6d-4daf-8fe4-8b458a823d3c",
        "Strict-Transport-Security": "max-age=31536000; includeSubDomains; preload",
        "X-Content-Type-Options": "nosniff",
        "x-envoy-upstream-service-time": "692",
        "x-ms-region": "East US"
      },
      "ResponseBody": null
    },
    {
      "RequestUri": "https://REDACTED/formrecognizer/v2.1/custom/models/3a5849e0-aa6d-4daf-8fe4-8b458a823d3c?includeKeys=true",
      "RequestMethod": "GET",
      "RequestHeaders": {
        "Accept": "application/json",
        "Authorization": "Sanitized",
        "Content-Length": "0",
        "Date": "Wed, 12 Apr 2023 22:39:57 GMT",
        "User-Agent": "azsdk-java-azure-ai-formrecognizer/4.1.0-beta.1 (11.0.9; Windows 10; 10.0)",
        "x-ms-client-request-id": "5620ac7d-a7b0-485e-8993-e885dde1c2b2"
      },
      "RequestBody": null,
      "StatusCode": 200,
      "ResponseHeaders": {
        "apim-request-id": "f4661a18-08dd-4a13-a9f3-82bd016017a5",
        "Content-Length": "1242",
        "Content-Type": "application/json; charset=utf-8",
        "Date": "Wed, 12 Apr 2023 22:39:57 GMT",
        "Strict-Transport-Security": "max-age=31536000; includeSubDomains; preload",
        "X-Content-Type-Options": "nosniff",
        "x-envoy-upstream-service-time": "19",
        "x-ms-region": "East US"
      },
      "ResponseBody": {
        "modelInfo": {
          "modelId": "3a5849e0-aa6d-4daf-8fe4-8b458a823d3c",
          "attributes": {
            "isComposed": false
          },
          "status": "ready",
          "createdDateTime": "2023-04-12T22:39:52Z",
          "lastUpdatedDateTime": "2023-04-12T22:39:55Z"
        },
        "trainResult": {
          "averageModelAccuracy": 0.96,
          "trainingDocuments": [
            {
              "documentName": "Form_1.jpg",
              "pages": 1,
              "status": "succeeded"
            },
            {
              "documentName": "Form_2.jpg",
              "pages": 1,
              "status": "succeeded"
            },
            {
              "documentName": "Form_3.jpg",
              "pages": 1,
              "status": "succeeded"
            },
            {
              "documentName": "Form_4.jpg",
              "pages": 1,
              "status": "succeeded"
            },
            {
              "documentName": "Form_5.jpg",
              "pages": 1,
              "status": "succeeded"
            }
          ],
          "fields": [
            {
              "fieldName": "CompanyAddress",
              "accuracy": 0.8
            },
            {
              "fieldName": "CompanyName",
              "accuracy": 0.995
            },
            {
              "fieldName": "CompanyPhoneNumber",
              "accuracy": 0.995
            },
            {
              "fieldName": "DatedAs",
              "accuracy": 0.995
            },
            {
              "fieldName": "Email",
              "accuracy": 0.8
            },
            {
              "fieldName": "Merchant",
              "accuracy": 0.995
            },
            {
              "fieldName": "PhoneNumber",
              "accuracy": 0.995
            },
            {
              "fieldName": "PurchaseOrderNumber",
              "accuracy": 0.995
            },
            {
              "fieldName": "Quantity",
              "accuracy": 0.995
            },
            {
              "fieldName": "Signature",
              "accuracy": 0.8
            },
            {
              "fieldName": "Subtotal",
              "accuracy": 0.995
            },
            {
              "fieldName": "Tax",
              "accuracy": 0.995
            },
            {
              "fieldName": "Total",
              "accuracy": 0.995
            },
            {
              "fieldName": "VendorName",
              "accuracy": 0.995
            },
            {
              "fieldName": "Website",
              "accuracy": 0.995
            }
          ],
          "errors": []
        }
      }
    },
    {
      "RequestUri": "https://REDACTED/formrecognizer/v2.1/custom/models/3a5849e0-aa6d-4daf-8fe4-8b458a823d3c?includeKeys=true",
      "RequestMethod": "GET",
      "RequestHeaders": {
        "Accept": "application/json",
        "Authorization": "Sanitized",
        "Content-Length": "0",
        "Date": "Wed, 12 Apr 2023 22:39:57 GMT",
        "User-Agent": "azsdk-java-azure-ai-formrecognizer/4.1.0-beta.1 (11.0.9; Windows 10; 10.0)",
        "x-ms-client-request-id": "8a99dcd9-73ba-41f6-8725-581fdf211e37"
      },
      "RequestBody": null,
      "StatusCode": 200,
      "ResponseHeaders": {
        "apim-request-id": "f8e03d17-0549-4f33-bbc2-68be9495f3ba",
        "Content-Length": "1242",
        "Content-Type": "application/json; charset=utf-8",
        "Date": "Wed, 12 Apr 2023 22:39:57 GMT",
        "Strict-Transport-Security": "max-age=31536000; includeSubDomains; preload",
        "X-Content-Type-Options": "nosniff",
        "x-envoy-upstream-service-time": "17",
        "x-ms-region": "East US"
      },
      "ResponseBody": {
        "modelInfo": {
          "modelId": "3a5849e0-aa6d-4daf-8fe4-8b458a823d3c",
          "attributes": {
            "isComposed": false
          },
          "status": "ready",
          "createdDateTime": "2023-04-12T22:39:52Z",
          "lastUpdatedDateTime": "2023-04-12T22:39:55Z"
        },
        "trainResult": {
          "averageModelAccuracy": 0.96,
          "trainingDocuments": [
            {
              "documentName": "Form_1.jpg",
              "pages": 1,
              "status": "succeeded"
            },
            {
              "documentName": "Form_2.jpg",
              "pages": 1,
              "status": "succeeded"
            },
            {
              "documentName": "Form_3.jpg",
              "pages": 1,
              "status": "succeeded"
            },
            {
              "documentName": "Form_4.jpg",
              "pages": 1,
              "status": "succeeded"
            },
            {
              "documentName": "Form_5.jpg",
              "pages": 1,
              "status": "succeeded"
            }
          ],
          "fields": [
            {
              "fieldName": "CompanyAddress",
              "accuracy": 0.8
            },
            {
              "fieldName": "CompanyName",
              "accuracy": 0.995
            },
            {
              "fieldName": "CompanyPhoneNumber",
              "accuracy": 0.995
            },
            {
              "fieldName": "DatedAs",
              "accuracy": 0.995
            },
            {
              "fieldName": "Email",
              "accuracy": 0.8
            },
            {
              "fieldName": "Merchant",
              "accuracy": 0.995
            },
            {
              "fieldName": "PhoneNumber",
              "accuracy": 0.995
            },
            {
              "fieldName": "PurchaseOrderNumber",
              "accuracy": 0.995
            },
            {
              "fieldName": "Quantity",
              "accuracy": 0.995
            },
            {
              "fieldName": "Signature",
              "accuracy": 0.8
            },
            {
              "fieldName": "Subtotal",
              "accuracy": 0.995
            },
            {
              "fieldName": "Tax",
              "accuracy": 0.995
            },
            {
              "fieldName": "Total",
              "accuracy": 0.995
            },
            {
              "fieldName": "VendorName",
              "accuracy": 0.995
            },
            {
              "fieldName": "Website",
              "accuracy": 0.995
            }
          ],
          "errors": []
        }
      }
    },
    {
      "RequestUri": "https://REDACTED/formrecognizer/v2.1/custom/models/compose",
      "RequestMethod": "POST",
      "RequestHeaders": {
        "Accept": "application/json, text/json",
        "Authorization": "Sanitized",
        "Content-Length": "92",
        "Content-Type": "application/json",
        "Date": "Wed, 12 Apr 2023 22:39:57 GMT",
        "User-Agent": "azsdk-java-azure-ai-formrecognizer/4.1.0-beta.1 (11.0.9; Windows 10; 10.0)",
        "x-ms-client-request-id": "bcea5dcb-46a5-43ce-b2e1-a347e8d0e5e9"
      },
      "RequestBody": {
        "modelIds": [
          "78f2de71-7582-4ce8-8cf4-edbc0c0a3efa",
          "3a5849e0-aa6d-4daf-8fe4-8b458a823d3c"
        ]
      },
      "StatusCode": 201,
      "ResponseHeaders": {
        "apim-request-id": "454e2767-7ec5-4425-9117-5d114223a93d",
        "Content-Length": "0",
        "Date": "Wed, 12 Apr 2023 22:39:58 GMT",
        "Location": "https://shafangfr.cognitiveservices.azure.com/formrecognizer/v2.1/custom/models/d1cd75ef-cc02-4d9a-841f-2ffbeffc2b5a",
        "Strict-Transport-Security": "max-age=31536000; includeSubDomains; preload",
        "X-Content-Type-Options": "nosniff",
        "x-envoy-upstream-service-time": "447",
        "x-ms-region": "East US"
      },
      "ResponseBody": null
    },
    {
      "RequestUri": "https://REDACTED/formrecognizer/v2.1/custom/models/d1cd75ef-cc02-4d9a-841f-2ffbeffc2b5a?includeKeys=true",
      "RequestMethod": "GET",
      "RequestHeaders": {
        "Accept": "application/json",
        "Authorization": "Sanitized",
        "Content-Length": "0",
        "Date": "Wed, 12 Apr 2023 22:40:03 GMT",
        "User-Agent": "azsdk-java-azure-ai-formrecognizer/4.1.0-beta.1 (11.0.9; Windows 10; 10.0)",
        "x-ms-client-request-id": "b59502ce-d9dd-46b3-8db5-296de932d007"
      },
      "RequestBody": null,
      "StatusCode": 200,
      "ResponseHeaders": {
        "apim-request-id": "38cb3626-64dd-463d-b1a4-b258f7efec73",
        "Content-Length": "2377",
        "Content-Type": "application/json; charset=utf-8",
        "Date": "Wed, 12 Apr 2023 22:40:02 GMT",
        "Strict-Transport-Security": "max-age=31536000; includeSubDomains; preload",
        "X-Content-Type-Options": "nosniff",
        "x-envoy-upstream-service-time": "24",
        "x-ms-region": "East US"
      },
      "ResponseBody": {
        "modelInfo": {
          "modelId": "d1cd75ef-cc02-4d9a-841f-2ffbeffc2b5a",
          "attributes": {
            "isComposed": true
          },
          "status": "ready",
          "createdDateTime": "2023-04-12T22:39:57Z",
          "lastUpdatedDateTime": "2023-04-12T22:39:58Z"
        },
        "composedTrainResults": [
          {
            "averageModelAccuracy": 0.96,
            "trainingDocuments": [
              {
                "documentName": "Form_1.jpg",
                "pages": 1,
                "status": "succeeded"
              },
              {
                "documentName": "Form_2.jpg",
                "pages": 1,
                "status": "succeeded"
              },
              {
                "documentName": "Form_3.jpg",
                "pages": 1,
                "status": "succeeded"
              },
              {
                "documentName": "Form_4.jpg",
                "pages": 1,
                "status": "succeeded"
              },
              {
                "documentName": "Form_5.jpg",
                "pages": 1,
                "status": "succeeded"
              }
            ],
            "fields": [
              {
                "fieldName": "CompanyAddress",
                "accuracy": 0.8
              },
              {
                "fieldName": "CompanyName",
                "accuracy": 0.995
              },
              {
                "fieldName": "CompanyPhoneNumber",
                "accuracy": 0.995
              },
              {
                "fieldName": "DatedAs",
                "accuracy": 0.995
              },
              {
                "fieldName": "Email",
                "accuracy": 0.8
              },
              {
                "fieldName": "Merchant",
                "accuracy": 0.995
              },
              {
                "fieldName": "PhoneNumber",
                "accuracy": 0.995
              },
              {
                "fieldName": "PurchaseOrderNumber",
                "accuracy": 0.995
              },
              {
                "fieldName": "Quantity",
                "accuracy": 0.995
              },
              {
                "fieldName": "Signature",
                "accuracy": 0.8
              },
              {
                "fieldName": "Subtotal",
                "accuracy": 0.995
              },
              {
                "fieldName": "Tax",
                "accuracy": 0.995
              },
              {
                "fieldName": "Total",
                "accuracy": 0.995
              },
              {
                "fieldName": "VendorName",
                "accuracy": 0.995
              },
              {
                "fieldName": "Website",
                "accuracy": 0.995
              }
            ],
            "modelId": "3a5849e0-aa6d-4daf-8fe4-8b458a823d3c",
            "errors": []
          },
          {
            "averageModelAccuracy": 0.96,
            "trainingDocuments": [
              {
                "documentName": "Form_1.jpg",
                "pages": 1,
                "status": "succeeded"
              },
              {
                "documentName": "Form_2.jpg",
                "pages": 1,
                "status": "succeeded"
              },
              {
                "documentName": "Form_3.jpg",
                "pages": 1,
                "status": "succeeded"
              },
              {
                "documentName": "Form_4.jpg",
                "pages": 1,
                "status": "succeeded"
              },
              {
                "documentName": "Form_5.jpg",
                "pages": 1,
                "status": "succeeded"
              }
            ],
            "fields": [
              {
                "fieldName": "CompanyAddress",
                "accuracy": 0.8
              },
              {
                "fieldName": "CompanyName",
                "accuracy": 0.995
              },
              {
                "fieldName": "CompanyPhoneNumber",
                "accuracy": 0.995
              },
              {
                "fieldName": "DatedAs",
                "accuracy": 0.995
              },
              {
                "fieldName": "Email",
                "accuracy": 0.8
              },
              {
                "fieldName": "Merchant",
                "accuracy": 0.995
              },
              {
                "fieldName": "PhoneNumber",
                "accuracy": 0.995
              },
              {
                "fieldName": "PurchaseOrderNumber",
                "accuracy": 0.995
              },
              {
                "fieldName": "Quantity",
                "accuracy": 0.995
              },
              {
                "fieldName": "Signature",
                "accuracy": 0.8
              },
              {
                "fieldName": "Subtotal",
                "accuracy": 0.995
              },
              {
                "fieldName": "Tax",
                "accuracy": 0.995
              },
              {
                "fieldName": "Total",
                "accuracy": 0.995
              },
              {
                "fieldName": "VendorName",
                "accuracy": 0.995
              },
              {
                "fieldName": "Website",
                "accuracy": 0.995
              }
            ],
            "modelId": "78f2de71-7582-4ce8-8cf4-edbc0c0a3efa",
            "errors": []
          }
        ]
      }
    },
    {
      "RequestUri": "https://REDACTED/formrecognizer/v2.1/custom/models/d1cd75ef-cc02-4d9a-841f-2ffbeffc2b5a?includeKeys=true",
      "RequestMethod": "GET",
      "RequestHeaders": {
        "Accept": "application/json",
        "Authorization": "Sanitized",
        "Content-Length": "0",
        "Date": "Wed, 12 Apr 2023 22:40:03 GMT",
        "User-Agent": "azsdk-java-azure-ai-formrecognizer/4.1.0-beta.1 (11.0.9; Windows 10; 10.0)",
        "x-ms-client-request-id": "9b61483c-fbc2-48c9-8c6b-9989ae1952a2"
      },
      "RequestBody": null,
      "StatusCode": 200,
      "ResponseHeaders": {
        "apim-request-id": "7dbc16d0-3b9f-43ef-8d6d-5e2731dbc522",
        "Content-Length": "2377",
        "Content-Type": "application/json; charset=utf-8",
        "Date": "Wed, 12 Apr 2023 22:40:03 GMT",
        "Strict-Transport-Security": "max-age=31536000; includeSubDomains; preload",
        "X-Content-Type-Options": "nosniff",
        "x-envoy-upstream-service-time": "25",
        "x-ms-region": "East US"
      },
      "ResponseBody": {
        "modelInfo": {
          "modelId": "d1cd75ef-cc02-4d9a-841f-2ffbeffc2b5a",
          "attributes": {
            "isComposed": true
          },
          "status": "ready",
          "createdDateTime": "2023-04-12T22:39:57Z",
          "lastUpdatedDateTime": "2023-04-12T22:39:58Z"
        },
        "composedTrainResults": [
          {
            "averageModelAccuracy": 0.96,
            "trainingDocuments": [
              {
                "documentName": "Form_1.jpg",
                "pages": 1,
                "status": "succeeded"
              },
              {
                "documentName": "Form_2.jpg",
                "pages": 1,
                "status": "succeeded"
              },
              {
                "documentName": "Form_3.jpg",
                "pages": 1,
                "status": "succeeded"
              },
              {
                "documentName": "Form_4.jpg",
                "pages": 1,
                "status": "succeeded"
              },
              {
                "documentName": "Form_5.jpg",
                "pages": 1,
                "status": "succeeded"
              }
            ],
            "fields": [
              {
                "fieldName": "CompanyAddress",
                "accuracy": 0.8
              },
              {
                "fieldName": "CompanyName",
                "accuracy": 0.995
              },
              {
                "fieldName": "CompanyPhoneNumber",
                "accuracy": 0.995
              },
              {
                "fieldName": "DatedAs",
                "accuracy": 0.995
              },
              {
                "fieldName": "Email",
                "accuracy": 0.8
              },
              {
                "fieldName": "Merchant",
                "accuracy": 0.995
              },
              {
                "fieldName": "PhoneNumber",
                "accuracy": 0.995
              },
              {
                "fieldName": "PurchaseOrderNumber",
                "accuracy": 0.995
              },
              {
                "fieldName": "Quantity",
                "accuracy": 0.995
              },
              {
                "fieldName": "Signature",
                "accuracy": 0.8
              },
              {
                "fieldName": "Subtotal",
                "accuracy": 0.995
              },
              {
                "fieldName": "Tax",
                "accuracy": 0.995
              },
              {
                "fieldName": "Total",
                "accuracy": 0.995
              },
              {
                "fieldName": "VendorName",
                "accuracy": 0.995
              },
              {
                "fieldName": "Website",
                "accuracy": 0.995
              }
            ],
            "modelId": "3a5849e0-aa6d-4daf-8fe4-8b458a823d3c",
            "errors": []
          },
          {
            "averageModelAccuracy": 0.96,
            "trainingDocuments": [
              {
                "documentName": "Form_1.jpg",
                "pages": 1,
                "status": "succeeded"
              },
              {
                "documentName": "Form_2.jpg",
                "pages": 1,
                "status": "succeeded"
              },
              {
                "documentName": "Form_3.jpg",
                "pages": 1,
                "status": "succeeded"
              },
              {
                "documentName": "Form_4.jpg",
                "pages": 1,
                "status": "succeeded"
              },
              {
                "documentName": "Form_5.jpg",
                "pages": 1,
                "status": "succeeded"
              }
            ],
            "fields": [
              {
                "fieldName": "CompanyAddress",
                "accuracy": 0.8
              },
              {
                "fieldName": "CompanyName",
                "accuracy": 0.995
              },
              {
                "fieldName": "CompanyPhoneNumber",
                "accuracy": 0.995
              },
              {
                "fieldName": "DatedAs",
                "accuracy": 0.995
              },
              {
                "fieldName": "Email",
                "accuracy": 0.8
              },
              {
                "fieldName": "Merchant",
                "accuracy": 0.995
              },
              {
                "fieldName": "PhoneNumber",
                "accuracy": 0.995
              },
              {
                "fieldName": "PurchaseOrderNumber",
                "accuracy": 0.995
              },
              {
                "fieldName": "Quantity",
                "accuracy": 0.995
              },
              {
                "fieldName": "Signature",
                "accuracy": 0.8
              },
              {
                "fieldName": "Subtotal",
                "accuracy": 0.995
              },
              {
                "fieldName": "Tax",
                "accuracy": 0.995
              },
              {
                "fieldName": "Total",
                "accuracy": 0.995
              },
              {
                "fieldName": "VendorName",
                "accuracy": 0.995
              },
              {
                "fieldName": "Website",
                "accuracy": 0.995
              }
            ],
            "modelId": "78f2de71-7582-4ce8-8cf4-edbc0c0a3efa",
            "errors": []
          }
        ]
      }
    },
    {
      "RequestUri": "https://REDACTED/formrecognizer/v2.1/custom/models/78f2de71-7582-4ce8-8cf4-edbc0c0a3efa",
      "RequestMethod": "DELETE",
      "RequestHeaders": {
        "Accept": "application/json",
        "Authorization": "Sanitized",
        "Content-Length": "0",
        "Date": "Wed, 12 Apr 2023 22:40:03 GMT",
        "User-Agent": "azsdk-java-azure-ai-formrecognizer/4.1.0-beta.1 (11.0.9; Windows 10; 10.0)",
        "x-ms-client-request-id": "a22bb38f-6f85-4c05-b631-941ad121e08a"
      },
      "RequestBody": null,
      "StatusCode": 204,
      "ResponseHeaders": {
        "apim-request-id": "f968331d-a639-4a16-90db-682a3caed480",
        "Content-Length": "0",
        "Date": "Wed, 12 Apr 2023 22:40:03 GMT",
        "Strict-Transport-Security": "max-age=31536000; includeSubDomains; preload",
        "X-Content-Type-Options": "nosniff",
        "x-envoy-upstream-service-time": "74",
        "x-ms-region": "East US"
      },
      "ResponseBody": null
    },
    {
      "RequestUri": "https://REDACTED/formrecognizer/v2.1/custom/models/3a5849e0-aa6d-4daf-8fe4-8b458a823d3c",
      "RequestMethod": "DELETE",
      "RequestHeaders": {
        "Accept": "application/json",
        "Authorization": "Sanitized",
        "Content-Length": "0",
        "Date": "Wed, 12 Apr 2023 22:40:03 GMT",
        "User-Agent": "azsdk-java-azure-ai-formrecognizer/4.1.0-beta.1 (11.0.9; Windows 10; 10.0)",
        "x-ms-client-request-id": "f5a3d715-1a31-4b4d-8df7-70f8c289841b"
      },
      "RequestBody": null,
      "StatusCode": 204,
      "ResponseHeaders": {
        "apim-request-id": "1b9825cd-e042-42c6-aa53-7545de7e7f15",
        "Content-Length": "0",
        "Date": "Wed, 12 Apr 2023 22:40:03 GMT",
        "Strict-Transport-Security": "max-age=31536000; includeSubDomains; preload",
        "X-Content-Type-Options": "nosniff",
        "x-envoy-upstream-service-time": "66",
        "x-ms-region": "East US"
      },
      "ResponseBody": null
    },
    {
      "RequestUri": "https://REDACTED/formrecognizer/v2.1/custom/models/d1cd75ef-cc02-4d9a-841f-2ffbeffc2b5a",
      "RequestMethod": "DELETE",
      "RequestHeaders": {
        "Accept": "application/json",
        "Authorization": "Sanitized",
        "Content-Length": "0",
        "Date": "Wed, 12 Apr 2023 22:40:04 GMT",
        "User-Agent": "azsdk-java-azure-ai-formrecognizer/4.1.0-beta.1 (11.0.9; Windows 10; 10.0)",
        "x-ms-client-request-id": "c15166de-5283-4007-a53c-8f4ca4052aee"
      },
      "RequestBody": null,
      "StatusCode": 204,
      "ResponseHeaders": {
        "apim-request-id": "63259399-410f-4027-8c08-8b69f4183a7c",
        "Content-Length": "0",
        "Date": "Wed, 12 Apr 2023 22:40:03 GMT",
        "Strict-Transport-Security": "max-age=31536000; includeSubDomains; preload",
        "X-Content-Type-Options": "nosniff",
        "x-envoy-upstream-service-time": "155",
        "x-ms-region": "East US"
      },
      "ResponseBody": null
    }
  ],
  "Variables": {}
}
