{
  "Entries": [
    {
      "RequestUri": "https://REDACTED/formrecognizer/v2.1/custom/models",
      "RequestMethod": "POST",
      "RequestHeaders": {
        "Accept": "application/json",
        "Authorization": "Sanitized",
        "Content-Length": "106",
        "Content-Type": "application/json",
        "Date": "Sat, 15 Apr 2023 22:04:46 GMT",
        "User-Agent": "azsdk-java-azure-ai-formrecognizer/4.1.0-beta.1 (11.0.9; Windows 10; 10.0)",
        "x-ms-client-request-id": "ec463c17-7edd-4949-9d68-4a5fb9620aca"
      },
      "RequestBody": {
        "source": "REDACTED",
        "sourceFilter": {
          "prefix": "subfolder",
          "includeSubFolders": false
        },
        "useLabelFile": false
      },
      "StatusCode": 201,
      "ResponseHeaders": {
        "apim-request-id": "9531a70d-bc39-4f89-876c-f027b5ef4071",
        "Content-Length": "0",
        "Date": "Sat, 15 Apr 2023 22:04:49 GMT",
        "Location": "https://shafangfr.cognitiveservices.azure.com/formrecognizer/v2.1/custom/models/90544d21-77f8-44ab-b111-2c940756e3ac",
        "Strict-Transport-Security": "max-age=31536000; includeSubDomains; preload",
        "X-Content-Type-Options": "nosniff",
        "x-envoy-upstream-service-time": "606",
        "x-ms-region": "East US"
      },
      "ResponseBody": null
    },
    {
      "RequestUri": "https://REDACTED/formrecognizer/v2.1/custom/models/90544d21-77f8-44ab-b111-2c940756e3ac?includeKeys=true",
      "RequestMethod": "GET",
      "RequestHeaders": {
        "Accept": "application/json",
        "Authorization": "Sanitized",
        "Content-Length": "0",
        "Date": "Sat, 15 Apr 2023 22:04:52 GMT",
        "User-Agent": "azsdk-java-azure-ai-formrecognizer/4.1.0-beta.1 (11.0.9; Windows 10; 10.0)",
        "x-ms-client-request-id": "cc5feaae-055c-4baa-bb74-e05eb83927a6"
      },
      "RequestBody": null,
      "StatusCode": 200,
      "ResponseHeaders": {
        "apim-request-id": "9958c72f-4108-4c41-ab3f-2ed62fa9cc63",
        "Content-Length": "170",
        "Content-Type": "application/json; charset=utf-8",
        "Date": "Sat, 15 Apr 2023 22:04:54 GMT",
        "Strict-Transport-Security": "max-age=31536000; includeSubDomains; preload",
        "X-Content-Type-Options": "nosniff",
        "x-envoy-upstream-service-time": "22",
        "x-ms-region": "East US"
      },
      "ResponseBody": {
        "modelInfo": {
          "modelId": "90544d21-77f8-44ab-b111-2c940756e3ac",
          "status": "creating",
          "createdDateTime": "2023-04-15T22:04:49Z",
          "lastUpdatedDateTime": "2023-04-15T22:04:49Z"
        }
      }
    },
    {
      "RequestUri": "https://REDACTED/formrecognizer/v2.1/custom/models/90544d21-77f8-44ab-b111-2c940756e3ac?includeKeys=true",
      "RequestMethod": "GET",
      "RequestHeaders": {
        "Accept": "application/json",
        "Authorization": "Sanitized",
        "Content-Length": "0",
        "Date": "Sat, 15 Apr 2023 22:04:57 GMT",
        "User-Agent": "azsdk-java-azure-ai-formrecognizer/4.1.0-beta.1 (11.0.9; Windows 10; 10.0)",
        "x-ms-client-request-id": "a6361292-75a0-4aa1-bb58-e23fa7dac672"
      },
      "RequestBody": null,
      "StatusCode": 200,
      "ResponseHeaders": {
        "apim-request-id": "15e42800-276d-4197-a37f-aa7ae69ec72c",
        "Content-Length": "489",
        "Content-Type": "application/json; charset=utf-8",
        "Date": "Sat, 15 Apr 2023 22:04:59 GMT",
        "Strict-Transport-Security": "max-age=31536000; includeSubDomains; preload",
        "X-Content-Type-Options": "nosniff",
        "x-envoy-upstream-service-time": "33",
        "x-ms-region": "East US"
      },
      "ResponseBody": {
        "modelInfo": {
          "modelId": "90544d21-77f8-44ab-b111-2c940756e3ac",
          "status": "ready",
          "createdDateTime": "2023-04-15T22:04:49Z",
          "lastUpdatedDateTime": "2023-04-15T22:04:56Z"
        },
        "keys": {
          "clusters": {
            "0": [
              "Address:",
              "Company Name:",
              "Company Phone:",
              "Dated As:",
              "Details",
              "Name:",
              "Phone:",
              "Purchase Order #:",
              "Quantity",
              "Total",
              "Unit Price",
              "Vendor Name:",
              "Website:"
            ]
          }
        },
        "trainResult": {
          "trainingDocuments": [
            {
              "documentName": "subfolder/Form_6.jpg",
              "pages": 1,
              "errors": [],
              "status": "succeeded"
            }
          ],
          "errors": []
        }
      }
    },
    {
      "RequestUri": "https://REDACTED/formrecognizer/v2.1/custom/models/90544d21-77f8-44ab-b111-2c940756e3ac?includeKeys=true",
      "RequestMethod": "GET",
      "RequestHeaders": {
        "Accept": "application/json",
        "Authorization": "Sanitized",
        "Content-Length": "0",
        "Date": "Sat, 15 Apr 2023 22:04:57 GMT",
        "User-Agent": "azsdk-java-azure-ai-formrecognizer/4.1.0-beta.1 (11.0.9; Windows 10; 10.0)",
        "x-ms-client-request-id": "8c0963f4-b037-4137-8762-2417980dc248"
      },
      "RequestBody": null,
      "StatusCode": 200,
      "ResponseHeaders": {
        "apim-request-id": "a3df91df-8e1a-4384-9454-1f62756ded07",
        "Content-Length": "489",
        "Content-Type": "application/json; charset=utf-8",
        "Date": "Sat, 15 Apr 2023 22:04:59 GMT",
        "Strict-Transport-Security": "max-age=31536000; includeSubDomains; preload",
        "X-Content-Type-Options": "nosniff",
        "x-envoy-upstream-service-time": "23",
        "x-ms-region": "East US"
      },
      "ResponseBody": {
        "modelInfo": {
          "modelId": "90544d21-77f8-44ab-b111-2c940756e3ac",
          "status": "ready",
          "createdDateTime": "2023-04-15T22:04:49Z",
          "lastUpdatedDateTime": "2023-04-15T22:04:56Z"
        },
        "keys": {
          "clusters": {
            "0": [
              "Address:",
              "Company Name:",
              "Company Phone:",
              "Dated As:",
              "Details",
              "Name:",
              "Phone:",
              "Purchase Order #:",
              "Quantity",
              "Total",
              "Unit Price",
              "Vendor Name:",
              "Website:"
            ]
          }
        },
        "trainResult": {
          "trainingDocuments": [
            {
              "documentName": "subfolder/Form_6.jpg",
              "pages": 1,
              "errors": [],
              "status": "succeeded"
            }
          ],
          "errors": []
        }
      }
    }
  ],
  "Variables": {}
}
