{
  "Entries": [
    {
      "RequestUri": "https://REDACTED/formrecognizer/v2.1/prebuilt/invoice/analyze?includeTextDetails=false",
      "RequestMethod": "POST",
      "RequestHeaders": {
        "Accept": "application/json",
        "Authorization": "Sanitized",
        "Content-Length": "21",
        "Content-Type": "application/json",
        "Date": "Thu, 20 Apr 2023 20:13:12 GMT",
        "User-Agent": "azsdk-java-azure-ai-formrecognizer/4.0.6 (17.0.1; Windows 11; 10.0)",
        "x-ms-client-request-id": "1cf6ee2c-2e01-4b03-91dc-3c786761ee3b"
      },
      "RequestBody": {
        "source": "REDACTED"
      },
      "StatusCode": 202,
      "ResponseHeaders": {
        "apim-request-id": "5540be39-8245-440a-b04b-aba3179589bb",
        "Content-Length": "0",
        "Date": "Thu, 20 Apr 2023 20:13:12 GMT",
        "Operation-Location": "https://REDACTED/formrecognizer/v2.1/prebuilt/invoice/analyzeResults/5540be39-8245-440a-b04b-aba3179589bb",
        "Strict-Transport-Security": "max-age=31536000; includeSubDomains; preload",
        "X-Content-Type-Options": "nosniff",
        "x-envoy-upstream-service-time": "152",
        "x-ms-region": "East US"
      },
      "ResponseBody": null
    },
    {
      "RequestUri": "https://REDACTED/formrecognizer/v2.1/prebuilt/invoice/analyzeResults/5540be39-8245-440a-b04b-aba3179589bb",
      "RequestMethod": "GET",
      "RequestHeaders": {
        "Accept": "application/json",
        "Authorization": "Sanitized",
        "Content-Length": "0",
        "Date": "Thu, 20 Apr 2023 20:13:17 GMT",
        "User-Agent": "azsdk-java-azure-ai-formrecognizer/4.0.6 (17.0.1; Windows 11; 10.0)",
        "x-ms-client-request-id": "d5806c0b-c8e9-413f-a00c-72675d5299cc"
      },
      "RequestBody": null,
      "StatusCode": 200,
      "ResponseHeaders": {
        "apim-request-id": "11067755-075e-48ba-9335-f66bba8255f4",
        "Content-Length": "4265",
        "Content-Type": "application/json; charset=utf-8",
        "Date": "Thu, 20 Apr 2023 20:13:17 GMT",
        "Strict-Transport-Security": "max-age=31536000; includeSubDomains; preload",
        "X-Content-Type-Options": "nosniff",
        "x-envoy-upstream-service-time": "37",
        "x-ms-region": "East US"
      },
      "ResponseBody": {
        "status": "succeeded",
        "createdDateTime": "2023-04-20T20:13:12Z",
        "lastUpdatedDateTime": "2023-04-20T20:13:15Z",
        "analyzeResult": {
          "version": "2.1.0",
          "readResults": [
            {
              "page": 1,
              "angle": 0,
              "width": 8.5,
              "height": 11,
              "unit": "inch"
            }
          ],
          "pageResults": [
            {
              "page": 1,
              "tables": [
                {
                  "rows": 3,
                  "columns": 5,
                  "cells": [
                    {
                      "rowIndex": 0,
                      "columnIndex": 0,
                      "text": "Invoice Number",
                      "boundingBox": [
                        0.4992,
                        2.7829,
                        1.8978,
                        2.79,
                        1.8978,
                        3.3181,
                        0.5064,
                        3.3181
                      ],
                      "isHeader": true
                    },
                    {
                      "rowIndex": 0,
                      "columnIndex": 1,
                      "text": "Invoice Date",
                      "boundingBox": [
                        1.8978,
                        2.79,
                        3.3036,
                        2.79,
                        3.3036,
                        3.3181,
                        1.8978,
                        3.3181
                      ],
                      "isHeader": true
                    },
                    {
                      "rowIndex": 0,
                      "columnIndex": 2,
                      "text": "Invoice Due Date",
                      "boundingBox": [
                        3.3036,
                        2.79,
                        4.7022,
                        2.79,
                        4.7022,
                        3.3181,
                        3.3036,
                        3.3181
                      ],
                      "isHeader": true
                    },
                    {
                      "rowIndex": 0,
                      "columnIndex": 3,
                      "text": "Charges",
                      "boundingBox": [
                        4.7022,
                        2.79,
                        6.1008,
                        2.79,
                        6.1008,
                        3.3181,
                        4.7022,
                        3.3181
                      ],
                      "isHeader": true
                    },
                    {
                      "rowIndex": 0,
                      "columnIndex": 4,
                      "text": "VAT ID",
                      "boundingBox": [
                        6.1008,
                        2.79,
                        7.4994,
                        2.79,
                        7.4994,
                        3.3181,
                        6.1008,
                        3.3181
                      ],
                      "isHeader": true
                    },
                    {
                      "rowIndex": 1,
                      "columnIndex": 0,
                      "rowSpan": 2,
                      "text": "34278587",
                      "boundingBox": [
                        0.5064,
                        3.3181,
                        1.8978,
                        3.3181,
                        1.8978,
                        3.8534,
                        0.5064,
                        3.8534
                      ],
                      "isHeader": false
                    },
                    {
                      "rowIndex": 1,
                      "columnIndex": 1,
                      "rowSpan": 2,
                      "text": "6/18/2017",
                      "boundingBox": [
                        1.8978,
                        3.3181,
                        3.3036,
                        3.3181,
                        3.3036,
                        3.8534,
                        1.8978,
                        3.8534
                      ],
                      "isHeader": false
                    },
                    {
                      "rowIndex": 1,
                      "columnIndex": 2,
                      "rowSpan": 2,
                      "text": "6/24/2017",
                      "boundingBox": [
                        3.3036,
                        3.3181,
                        4.7022,
                        3.3181,
                        4.7022,
                        3.8534,
                        3.3036,
                        3.8534
                      ],
                      "isHeader": false
                    },
                    {
                      "rowIndex": 1,
                      "columnIndex": 3,
                      "rowSpan": 2,
                      "text": "$56,651.49",
                      "boundingBox": [
                        4.7022,
                        3.3181,
                        6.1008,
                        3.3181,
                        6.1008,
                        3.8534,
                        4.7022,
                        3.8534
                      ],
                      "isHeader": false
                    },
                    {
                      "rowIndex": 1,
                      "columnIndex": 4,
                      "rowSpan": 2,
                      "text": "PT",
                      "boundingBox": [
                        6.1008,
                        3.3181,
                        7.4994,
                        3.3181,
                        7.4994,
                        3.8534,
                        6.1008,
                        3.8534
                      ],
                      "isHeader": false
                    }
                  ],
                  "boundingBox": [
                    0.4985,
                    2.7802,
                    7.4933,
                    2.7816,
                    7.4913,
                    3.8459,
                    0.4966,
                    3.8447
                  ]
                }
              ]
            }
          ],
          "documentResults": [
            {
              "docType": "prebuilt:invoice",
              "pageRange": [
                1,
                1
              ],
              "fields": {
                "CustomerAddress": {
                  "type": "string",
                  "valueString": "1020 Enterprise Way Sunnayvale, CA 87659",
                  "text": "1020 Enterprise Way Sunnayvale, CA 87659",
                  "boundingBox": [
                    5.196,
                    1.716,
                    6.6526,
                    1.716,
                    6.6526,
                    2.0359,
                    5.196,
                    2.0359
                  ],
                  "page": 1,
                  "confidence": 0.954
                },
                "CustomerAddressRecipient": {
                  "type": "string",
                  "valueString": "Microsoft",
                  "text": "Microsoft",
                  "boundingBox": [
                    5.2045,
                    1.5114,
                    5.8155,
                    1.5114,
                    5.8155,
                    1.6151,
                    5.2045,
                    1.6151
                  ],
                  "page": 1,
                  "confidence": 0.981
                },
                "CustomerName": {
                  "type": "string",
                  "valueString": "Microsoft",
                  "text": "Microsoft",
                  "boundingBox": [
                    5.2045,
                    1.5114,
                    5.8155,
                    1.5114,
                    5.8155,
                    1.6151,
                    5.2045,
                    1.6151
                  ],
                  "page": 1,
                  "confidence": 0.981
                },
                "DueDate": {
                  "type": "date",
                  "valueDate": "2017-06-24",
                  "text": "6/24/2017",
                  "boundingBox": [
                    3.346,
                    3.41,
                    3.9514,
                    3.41,
                    3.9514,
                    3.5144,
                    3.346,
                    3.5144
                  ],
                  "page": 1,
                  "confidence": 0.981
                },
                "InvoiceDate": {
                  "type": "date",
                  "valueDate": "2017-06-18",
                  "text": "6/18/2017",
                  "boundingBox": [
                    1.9455,
                    3.41,
                    2.551,
                    3.41,
                    2.551,
                    3.5144,
                    1.9455,
                    3.5144
                  ],
                  "page": 1,
                  "confidence": 0.967
                },
                "InvoiceId": {
                  "type": "string",
                  "valueString": "34278587",
                  "text": "34278587",
                  "boundingBox": [
                    0.5397,
                    3.411,
                    1.1457,
                    3.411,
                    1.1457,
                    3.5144,
                    0.5397,
                    3.5144
                  ],
                  "page": 1,
                  "confidence": 0.973
                },
                "Items": {
                  "type": "array",
                  "valueArray": [
                    {
                      "type": "object",
                      "valueObject": {
                        "Amount": {
                          "type": "number",
                          "valueNumber": 56651.49,
                          "text": "$56,651.49",
                          "boundingBox": [
                            5.3871,
                            3.4047,
                            6.0702,
                            3.4047,
                            6.0702,
                            3.5321,
                            5.3871,
                            3.5321
                          ],
                          "page": 1,
                          "confidence": 0.783
                        },
                        "Date": {
                          "type": "date",
                          "valueDate": "2017-06-18",
                          "text": "6/18/2017",
                          "boundingBox": [
                            1.9455,
                            3.41,
                            2.551,
                            3.41,
                            2.551,
                            3.5144,
                            1.9455,
                            3.5144
                          ],
                          "page": 1,
                          "confidence": 0.287
                        },
                        "ProductCode": {
                          "type": "string",
                          "valueString": "34278587",
                          "text": "34278587",
                          "boundingBox": [
                            0.5397,
                            3.411,
                            1.1457,
                            3.411,
                            1.1457,
                            3.5144,
                            0.5397,
                            3.5144
                          ],
                          "page": 1,
                          "confidence": 0.646
                        },
                        "Tax": {
                          "type": "number",
                          "text": "PT",
                          "boundingBox": [
                            6.2285,
                            3.4114,
                            6.3919,
                            3.4114,
                            6.3919,
                            3.5119,
                            6.2285,
                            3.5119
                          ],
                          "page": 1,
                          "confidence": 0.692
                        }
                      },
                      "text": "34278587 6/18/2017 6/24/2017 $56,651.49 PT",
                      "boundingBox": [
                        0.5397,
                        3.4047,
                        6.3919,
                        3.4047,
                        6.3919,
                        3.5321,
                        0.5397,
                        3.5321
                      ],
                      "page": 1,
                      "confidence": 0.399
                    }
                  ]
                },
                "VendorAddress": {
                  "type": "string",
                  "valueString": "1 Redmond way Suite 6000 Redmond, WA 99243",
                  "text": "1 Redmond way Suite 6000 Redmond, WA 99243",
                  "boundingBox": [
                    0.8019,
                    1.7033,
                    2.1445,
                    1.7033,
                    2.1445,
                    2.1911,
                    0.8019,
                    2.1911
                  ],
                  "page": 1,
                  "confidence": 0.953
                },
                "VendorName": {
                  "type": "string",
                  "valueString": "Contoso",
                  "text": "Contoso",
                  "boundingBox": [
                    0.5384,
                    1.1583,
                    1.4466,
                    1.1583,
                    1.4466,
                    1.3534,
                    0.5384,
                    1.3534
                  ],
                  "page": 1,
                  "confidence": 0.981
                }
              }
            }
          ]
        }
      }
    },
    {
      "RequestUri": "https://REDACTED/formrecognizer/v2.1/prebuilt/invoice/analyzeResults/5540be39-8245-440a-b04b-aba3179589bb",
      "RequestMethod": "GET",
      "RequestHeaders": {
        "Accept": "application/json",
        "Authorization": "Sanitized",
        "Content-Length": "0",
        "Date": "Thu, 20 Apr 2023 20:13:17 GMT",
        "User-Agent": "azsdk-java-azure-ai-formrecognizer/4.0.6 (17.0.1; Windows 11; 10.0)",
        "x-ms-client-request-id": "05d31db1-f9f8-477b-9570-7a874126e0c7"
      },
      "RequestBody": null,
      "StatusCode": 200,
      "ResponseHeaders": {
        "apim-request-id": "9d92bab1-f5a8-4db7-bb67-0989e4299929",
        "Content-Length": "4265",
        "Content-Type": "application/json; charset=utf-8",
        "Date": "Thu, 20 Apr 2023 20:13:17 GMT",
        "Strict-Transport-Security": "max-age=31536000; includeSubDomains; preload",
        "X-Content-Type-Options": "nosniff",
        "x-envoy-upstream-service-time": "46",
        "x-ms-region": "East US"
      },
      "ResponseBody": {
        "status": "succeeded",
        "createdDateTime": "2023-04-20T20:13:12Z",
        "lastUpdatedDateTime": "2023-04-20T20:13:15Z",
        "analyzeResult": {
          "version": "2.1.0",
          "readResults": [
            {
              "page": 1,
              "angle": 0,
              "width": 8.5,
              "height": 11,
              "unit": "inch"
            }
          ],
          "pageResults": [
            {
              "page": 1,
              "tables": [
                {
                  "rows": 3,
                  "columns": 5,
                  "cells": [
                    {
                      "rowIndex": 0,
                      "columnIndex": 0,
                      "text": "Invoice Number",
                      "boundingBox": [
                        0.4992,
                        2.7829,
                        1.8978,
                        2.79,
                        1.8978,
                        3.3181,
                        0.5064,
                        3.3181
                      ],
                      "isHeader": true
                    },
                    {
                      "rowIndex": 0,
                      "columnIndex": 1,
                      "text": "Invoice Date",
                      "boundingBox": [
                        1.8978,
                        2.79,
                        3.3036,
                        2.79,
                        3.3036,
                        3.3181,
                        1.8978,
                        3.3181
                      ],
                      "isHeader": true
                    },
                    {
                      "rowIndex": 0,
                      "columnIndex": 2,
                      "text": "Invoice Due Date",
                      "boundingBox": [
                        3.3036,
                        2.79,
                        4.7022,
                        2.79,
                        4.7022,
                        3.3181,
                        3.3036,
                        3.3181
                      ],
                      "isHeader": true
                    },
                    {
                      "rowIndex": 0,
                      "columnIndex": 3,
                      "text": "Charges",
                      "boundingBox": [
                        4.7022,
                        2.79,
                        6.1008,
                        2.79,
                        6.1008,
                        3.3181,
                        4.7022,
                        3.3181
                      ],
                      "isHeader": true
                    },
                    {
                      "rowIndex": 0,
                      "columnIndex": 4,
                      "text": "VAT ID",
                      "boundingBox": [
                        6.1008,
                        2.79,
                        7.4994,
                        2.79,
                        7.4994,
                        3.3181,
                        6.1008,
                        3.3181
                      ],
                      "isHeader": true
                    },
                    {
                      "rowIndex": 1,
                      "columnIndex": 0,
                      "rowSpan": 2,
                      "text": "34278587",
                      "boundingBox": [
                        0.5064,
                        3.3181,
                        1.8978,
                        3.3181,
                        1.8978,
                        3.8534,
                        0.5064,
                        3.8534
                      ],
                      "isHeader": false
                    },
                    {
                      "rowIndex": 1,
                      "columnIndex": 1,
                      "rowSpan": 2,
                      "text": "6/18/2017",
                      "boundingBox": [
                        1.8978,
                        3.3181,
                        3.3036,
                        3.3181,
                        3.3036,
                        3.8534,
                        1.8978,
                        3.8534
                      ],
                      "isHeader": false
                    },
                    {
                      "rowIndex": 1,
                      "columnIndex": 2,
                      "rowSpan": 2,
                      "text": "6/24/2017",
                      "boundingBox": [
                        3.3036,
                        3.3181,
                        4.7022,
                        3.3181,
                        4.7022,
                        3.8534,
                        3.3036,
                        3.8534
                      ],
                      "isHeader": false
                    },
                    {
                      "rowIndex": 1,
                      "columnIndex": 3,
                      "rowSpan": 2,
                      "text": "$56,651.49",
                      "boundingBox": [
                        4.7022,
                        3.3181,
                        6.1008,
                        3.3181,
                        6.1008,
                        3.8534,
                        4.7022,
                        3.8534
                      ],
                      "isHeader": false
                    },
                    {
                      "rowIndex": 1,
                      "columnIndex": 4,
                      "rowSpan": 2,
                      "text": "PT",
                      "boundingBox": [
                        6.1008,
                        3.3181,
                        7.4994,
                        3.3181,
                        7.4994,
                        3.8534,
                        6.1008,
                        3.8534
                      ],
                      "isHeader": false
                    }
                  ],
                  "boundingBox": [
                    0.4985,
                    2.7802,
                    7.4933,
                    2.7816,
                    7.4913,
                    3.8459,
                    0.4966,
                    3.8447
                  ]
                }
              ]
            }
          ],
          "documentResults": [
            {
              "docType": "prebuilt:invoice",
              "pageRange": [
                1,
                1
              ],
              "fields": {
                "CustomerAddress": {
                  "type": "string",
                  "valueString": "1020 Enterprise Way Sunnayvale, CA 87659",
                  "text": "1020 Enterprise Way Sunnayvale, CA 87659",
                  "boundingBox": [
                    5.196,
                    1.716,
                    6.6526,
                    1.716,
                    6.6526,
                    2.0359,
                    5.196,
                    2.0359
                  ],
                  "page": 1,
                  "confidence": 0.954
                },
                "CustomerAddressRecipient": {
                  "type": "string",
                  "valueString": "Microsoft",
                  "text": "Microsoft",
                  "boundingBox": [
                    5.2045,
                    1.5114,
                    5.8155,
                    1.5114,
                    5.8155,
                    1.6151,
                    5.2045,
                    1.6151
                  ],
                  "page": 1,
                  "confidence": 0.981
                },
                "CustomerName": {
                  "type": "string",
                  "valueString": "Microsoft",
                  "text": "Microsoft",
                  "boundingBox": [
                    5.2045,
                    1.5114,
                    5.8155,
                    1.5114,
                    5.8155,
                    1.6151,
                    5.2045,
                    1.6151
                  ],
                  "page": 1,
                  "confidence": 0.981
                },
                "DueDate": {
                  "type": "date",
                  "valueDate": "2017-06-24",
                  "text": "6/24/2017",
                  "boundingBox": [
                    3.346,
                    3.41,
                    3.9514,
                    3.41,
                    3.9514,
                    3.5144,
                    3.346,
                    3.5144
                  ],
                  "page": 1,
                  "confidence": 0.981
                },
                "InvoiceDate": {
                  "type": "date",
                  "valueDate": "2017-06-18",
                  "text": "6/18/2017",
                  "boundingBox": [
                    1.9455,
                    3.41,
                    2.551,
                    3.41,
                    2.551,
                    3.5144,
                    1.9455,
                    3.5144
                  ],
                  "page": 1,
                  "confidence": 0.967
                },
                "InvoiceId": {
                  "type": "string",
                  "valueString": "34278587",
                  "text": "34278587",
                  "boundingBox": [
                    0.5397,
                    3.411,
                    1.1457,
                    3.411,
                    1.1457,
                    3.5144,
                    0.5397,
                    3.5144
                  ],
                  "page": 1,
                  "confidence": 0.973
                },
                "Items": {
                  "type": "array",
                  "valueArray": [
                    {
                      "type": "object",
                      "valueObject": {
                        "Amount": {
                          "type": "number",
                          "valueNumber": 56651.49,
                          "text": "$56,651.49",
                          "boundingBox": [
                            5.3871,
                            3.4047,
                            6.0702,
                            3.4047,
                            6.0702,
                            3.5321,
                            5.3871,
                            3.5321
                          ],
                          "page": 1,
                          "confidence": 0.783
                        },
                        "Date": {
                          "type": "date",
                          "valueDate": "2017-06-18",
                          "text": "6/18/2017",
                          "boundingBox": [
                            1.9455,
                            3.41,
                            2.551,
                            3.41,
                            2.551,
                            3.5144,
                            1.9455,
                            3.5144
                          ],
                          "page": 1,
                          "confidence": 0.287
                        },
                        "ProductCode": {
                          "type": "string",
                          "valueString": "34278587",
                          "text": "34278587",
                          "boundingBox": [
                            0.5397,
                            3.411,
                            1.1457,
                            3.411,
                            1.1457,
                            3.5144,
                            0.5397,
                            3.5144
                          ],
                          "page": 1,
                          "confidence": 0.646
                        },
                        "Tax": {
                          "type": "number",
                          "text": "PT",
                          "boundingBox": [
                            6.2285,
                            3.4114,
                            6.3919,
                            3.4114,
                            6.3919,
                            3.5119,
                            6.2285,
                            3.5119
                          ],
                          "page": 1,
                          "confidence": 0.692
                        }
                      },
                      "text": "34278587 6/18/2017 6/24/2017 $56,651.49 PT",
                      "boundingBox": [
                        0.5397,
                        3.4047,
                        6.3919,
                        3.4047,
                        6.3919,
                        3.5321,
                        0.5397,
                        3.5321
                      ],
                      "page": 1,
                      "confidence": 0.399
                    }
                  ]
                },
                "VendorAddress": {
                  "type": "string",
                  "valueString": "1 Redmond way Suite 6000 Redmond, WA 99243",
                  "text": "1 Redmond way Suite 6000 Redmond, WA 99243",
                  "boundingBox": [
                    0.8019,
                    1.7033,
                    2.1445,
                    1.7033,
                    2.1445,
                    2.1911,
                    0.8019,
                    2.1911
                  ],
                  "page": 1,
                  "confidence": 0.953
                },
                "VendorName": {
                  "type": "string",
                  "valueString": "Contoso",
                  "text": "Contoso",
                  "boundingBox": [
                    0.5384,
                    1.1583,
                    1.4466,
                    1.1583,
                    1.4466,
                    1.3534,
                    0.5384,
                    1.3534
                  ],
                  "page": 1,
                  "confidence": 0.981
                }
              }
            }
          ]
        }
      }
    }
  ],
  "Variables": {}
}
