{
  "Entries": [
    {
      "RequestUri": "https://REDACTED/formrecognizer/v2.1/custom/models",
      "RequestMethod": "POST",
      "RequestHeaders": {
        "Accept": "application/json",
        "Authorization": "Sanitized",
        "Content-Length": "84",
        "Content-Type": "application/json",
        "Date": "Thu, 20 Apr 2023 20:18:21 GMT",
        "User-Agent": "azsdk-java-azure-ai-formrecognizer/4.0.6 (17.0.1; Windows 11; 10.0)",
        "x-ms-client-request-id": "899e23e1-5834-418f-90d2-a5560879fff1"
      },
      "RequestBody": {
        "source": "REDACTED",
        "sourceFilter": {
          "includeSubFolders": false
        },
        "useLabelFile": true
      },
      "StatusCode": 201,
      "ResponseHeaders": {
        "apim-request-id": "30275c8c-ede9-41a4-9675-f0a304f32a06",
        "Content-Length": "0",
        "Date": "Thu, 20 Apr 2023 20:18:21 GMT",
        "Location": "https://REDACTED/formrecognizer/v2.1/custom/models/18bb4436-b4fe-48c6-9fb6-199e87ed072e",
        "Strict-Transport-Security": "max-age=31536000; includeSubDomains; preload",
        "X-Content-Type-Options": "nosniff",
        "x-envoy-upstream-service-time": "848",
        "x-ms-region": "East US"
      },
      "ResponseBody": null
    },
    {
      "RequestUri": "https://REDACTED/formrecognizer/v2.1/custom/models/18bb4436-b4fe-48c6-9fb6-199e87ed072e?includeKeys=true",
      "RequestMethod": "GET",
      "RequestHeaders": {
        "Accept": "application/json",
        "Authorization": "Sanitized",
        "Content-Length": "0",
        "Date": "Thu, 20 Apr 2023 20:18:27 GMT",
        "User-Agent": "azsdk-java-azure-ai-formrecognizer/4.0.6 (17.0.1; Windows 11; 10.0)",
        "x-ms-client-request-id": "3374e845-0dda-4d6c-bb9c-7f20dd78de81"
      },
      "RequestBody": null,
      "StatusCode": 200,
      "ResponseHeaders": {
        "apim-request-id": "afd0f68b-585c-4c11-84fa-bff6cb83fb37",
        "Content-Length": "1242",
        "Content-Type": "application/json; charset=utf-8",
        "Date": "Thu, 20 Apr 2023 20:18:26 GMT",
        "Strict-Transport-Security": "max-age=31536000; includeSubDomains; preload",
        "X-Content-Type-Options": "nosniff",
        "x-envoy-upstream-service-time": "19",
        "x-ms-region": "East US"
      },
      "ResponseBody": {
        "modelInfo": {
          "modelId": "18bb4436-b4fe-48c6-9fb6-199e87ed072e",
          "attributes": {
            "isComposed": false
          },
          "status": "ready",
          "createdDateTime": "2023-04-20T20:18:21Z",
          "lastUpdatedDateTime": "2023-04-20T20:18:25Z"
        },
        "trainResult": {
          "averageModelAccuracy": 0.96,
          "trainingDocuments": [
            {
              "documentName": "Form_1.jpg",
              "pages": 1,
              "status": "succeeded"
            },
            {
              "documentName": "Form_2.jpg",
              "pages": 1,
              "status": "succeeded"
            },
            {
              "documentName": "Form_3.jpg",
              "pages": 1,
              "status": "succeeded"
            },
            {
              "documentName": "Form_4.jpg",
              "pages": 1,
              "status": "succeeded"
            },
            {
              "documentName": "Form_5.jpg",
              "pages": 1,
              "status": "succeeded"
            }
          ],
          "fields": [
            {
              "fieldName": "CompanyAddress",
              "accuracy": 0.8
            },
            {
              "fieldName": "CompanyName",
              "accuracy": 0.995
            },
            {
              "fieldName": "CompanyPhoneNumber",
              "accuracy": 0.995
            },
            {
              "fieldName": "DatedAs",
              "accuracy": 0.995
            },
            {
              "fieldName": "Email",
              "accuracy": 0.8
            },
            {
              "fieldName": "Merchant",
              "accuracy": 0.995
            },
            {
              "fieldName": "PhoneNumber",
              "accuracy": 0.995
            },
            {
              "fieldName": "PurchaseOrderNumber",
              "accuracy": 0.995
            },
            {
              "fieldName": "Quantity",
              "accuracy": 0.995
            },
            {
              "fieldName": "Signature",
              "accuracy": 0.8
            },
            {
              "fieldName": "Subtotal",
              "accuracy": 0.995
            },
            {
              "fieldName": "Tax",
              "accuracy": 0.995
            },
            {
              "fieldName": "Total",
              "accuracy": 0.995
            },
            {
              "fieldName": "VendorName",
              "accuracy": 0.995
            },
            {
              "fieldName": "Website",
              "accuracy": 0.995
            }
          ],
          "errors": []
        }
      }
    },
    {
      "RequestUri": "https://REDACTED/formrecognizer/v2.1/custom/models/18bb4436-b4fe-48c6-9fb6-199e87ed072e?includeKeys=true",
      "RequestMethod": "GET",
      "RequestHeaders": {
        "Accept": "application/json",
        "Authorization": "Sanitized",
        "Content-Length": "0",
        "Date": "Thu, 20 Apr 2023 20:18:27 GMT",
        "User-Agent": "azsdk-java-azure-ai-formrecognizer/4.0.6 (17.0.1; Windows 11; 10.0)",
        "x-ms-client-request-id": "f996e99b-d6a6-4616-b72f-5bd7dcbf701b"
      },
      "RequestBody": null,
      "StatusCode": 200,
      "ResponseHeaders": {
        "apim-request-id": "566c7a80-40de-4e54-931f-81b0b8dcffbb",
        "Content-Length": "1242",
        "Content-Type": "application/json; charset=utf-8",
        "Date": "Thu, 20 Apr 2023 20:18:27 GMT",
        "Strict-Transport-Security": "max-age=31536000; includeSubDomains; preload",
        "X-Content-Type-Options": "nosniff",
        "x-envoy-upstream-service-time": "20",
        "x-ms-region": "East US"
      },
      "ResponseBody": {
        "modelInfo": {
          "modelId": "18bb4436-b4fe-48c6-9fb6-199e87ed072e",
          "attributes": {
            "isComposed": false
          },
          "status": "ready",
          "createdDateTime": "2023-04-20T20:18:21Z",
          "lastUpdatedDateTime": "2023-04-20T20:18:25Z"
        },
        "trainResult": {
          "averageModelAccuracy": 0.96,
          "trainingDocuments": [
            {
              "documentName": "Form_1.jpg",
              "pages": 1,
              "status": "succeeded"
            },
            {
              "documentName": "Form_2.jpg",
              "pages": 1,
              "status": "succeeded"
            },
            {
              "documentName": "Form_3.jpg",
              "pages": 1,
              "status": "succeeded"
            },
            {
              "documentName": "Form_4.jpg",
              "pages": 1,
              "status": "succeeded"
            },
            {
              "documentName": "Form_5.jpg",
              "pages": 1,
              "status": "succeeded"
            }
          ],
          "fields": [
            {
              "fieldName": "CompanyAddress",
              "accuracy": 0.8
            },
            {
              "fieldName": "CompanyName",
              "accuracy": 0.995
            },
            {
              "fieldName": "CompanyPhoneNumber",
              "accuracy": 0.995
            },
            {
              "fieldName": "DatedAs",
              "accuracy": 0.995
            },
            {
              "fieldName": "Email",
              "accuracy": 0.8
            },
            {
              "fieldName": "Merchant",
              "accuracy": 0.995
            },
            {
              "fieldName": "PhoneNumber",
              "accuracy": 0.995
            },
            {
              "fieldName": "PurchaseOrderNumber",
              "accuracy": 0.995
            },
            {
              "fieldName": "Quantity",
              "accuracy": 0.995
            },
            {
              "fieldName": "Signature",
              "accuracy": 0.8
            },
            {
              "fieldName": "Subtotal",
              "accuracy": 0.995
            },
            {
              "fieldName": "Tax",
              "accuracy": 0.995
            },
            {
              "fieldName": "Total",
              "accuracy": 0.995
            },
            {
              "fieldName": "VendorName",
              "accuracy": 0.995
            },
            {
              "fieldName": "Website",
              "accuracy": 0.995
            }
          ],
          "errors": []
        }
      }
    },
    {
      "RequestUri": "https://REDACTED/formrecognizer/v2.1/custom/models/18bb4436-b4fe-48c6-9fb6-199e87ed072e/analyze?includeTextDetails=false",
      "RequestMethod": "POST",
      "RequestHeaders": {
        "Accept": "application/json",
        "Authorization": "Sanitized",
        "Content-Length": "21",
        "Content-Type": "application/json",
        "Date": "Thu, 20 Apr 2023 20:18:27 GMT",
        "User-Agent": "azsdk-java-azure-ai-formrecognizer/4.0.6 (17.0.1; Windows 11; 10.0)",
        "x-ms-client-request-id": "47911a1d-cf58-42af-9658-5dca3dfc3b2c"
      },
      "RequestBody": {
        "source": "REDACTED"
      },
      "StatusCode": 400,
      "ResponseHeaders": {
        "apim-request-id": "f49443ce-be9c-4a03-9f5f-29347f8f5a6c",
        "Content-Length": "76",
        "Content-Type": "application/json; charset=utf-8",
        "Date": "Thu, 20 Apr 2023 20:18:27 GMT",
        "Strict-Transport-Security": "max-age=31536000; includeSubDomains; preload",
        "X-Content-Type-Options": "nosniff",
        "x-envoy-upstream-service-time": "31",
        "x-ms-region": "East US"
      },
      "ResponseBody": {
        "error": {
          "code": "1003",
          "message": "Parameter \u0027Source\u0027 is not a valid Uri."
        }
      }
    }
  ],
  "Variables": {}
}
