{
  "Entries": [
    {
      "RequestUri": "https://REDACTED/formrecognizer/v2.1/custom/models",
      "RequestMethod": "POST",
      "RequestHeaders": {
        "Accept": "application/json",
        "Authorization": "Sanitized",
        "Content-Length": "85",
        "Content-Type": "application/json",
        "Date": "Thu, 20 Apr 2023 20:13:55 GMT",
        "User-Agent": "azsdk-java-azure-ai-formrecognizer/4.0.6 (17.0.1; Windows 11; 10.0)",
        "x-ms-client-request-id": "e7bbe84d-1a5c-4f26-bae8-b0c2a27dc3c6"
      },
      "RequestBody": {
        "source": "REDACTED",
        "sourceFilter": {
          "includeSubFolders": false
        },
        "useLabelFile": false
      },
      "StatusCode": 201,
      "ResponseHeaders": {
        "apim-request-id": "d18048ac-5a9f-4dcc-8201-d176352b6dda",
        "Content-Length": "0",
        "Date": "Thu, 20 Apr 2023 20:13:55 GMT",
        "Location": "https://REDACTED/formrecognizer/v2.1/custom/models/623f1e90-5aec-4a49-b313-f7668aa432ef",
        "Strict-Transport-Security": "max-age=31536000; includeSubDomains; preload",
        "X-Content-Type-Options": "nosniff",
        "x-envoy-upstream-service-time": "817",
        "x-ms-region": "East US"
      },
      "ResponseBody": null
    },
    {
      "RequestUri": "https://REDACTED/formrecognizer/v2.1/custom/models/623f1e90-5aec-4a49-b313-f7668aa432ef?includeKeys=true",
      "RequestMethod": "GET",
      "RequestHeaders": {
        "Accept": "application/json",
        "Authorization": "Sanitized",
        "Content-Length": "0",
        "Date": "Thu, 20 Apr 2023 20:14:01 GMT",
        "User-Agent": "azsdk-java-azure-ai-formrecognizer/4.0.6 (17.0.1; Windows 11; 10.0)",
        "x-ms-client-request-id": "e6bd6ff8-db0c-4bc2-a0da-945d4d8f4572"
      },
      "RequestBody": null,
      "StatusCode": 200,
      "ResponseHeaders": {
        "apim-request-id": "cec007fa-1ede-4909-b6f2-30393ea816e4",
        "Content-Length": "170",
        "Content-Type": "application/json; charset=utf-8",
        "Date": "Thu, 20 Apr 2023 20:14:01 GMT",
        "Strict-Transport-Security": "max-age=31536000; includeSubDomains; preload",
        "X-Content-Type-Options": "nosniff",
        "x-envoy-upstream-service-time": "22",
        "x-ms-region": "East US"
      },
      "ResponseBody": {
        "modelInfo": {
          "modelId": "623f1e90-5aec-4a49-b313-f7668aa432ef",
          "status": "creating",
          "createdDateTime": "2023-04-20T20:13:56Z",
          "lastUpdatedDateTime": "2023-04-20T20:13:56Z"
        }
      }
    },
    {
      "RequestUri": "https://REDACTED/formrecognizer/v2.1/custom/models/623f1e90-5aec-4a49-b313-f7668aa432ef?includeKeys=true",
      "RequestMethod": "GET",
      "RequestHeaders": {
        "Accept": "application/json",
        "Authorization": "Sanitized",
        "Content-Length": "0",
        "Date": "Thu, 20 Apr 2023 20:14:07 GMT",
        "User-Agent": "azsdk-java-azure-ai-formrecognizer/4.0.6 (17.0.1; Windows 11; 10.0)",
        "x-ms-client-request-id": "e71f7006-0be1-4e48-8cf0-4e786c600285"
      },
      "RequestBody": null,
      "StatusCode": 200,
      "ResponseHeaders": {
        "apim-request-id": "4d8a2b71-603e-4c86-bb6a-3b78ad147cf7",
        "Content-Length": "170",
        "Content-Type": "application/json; charset=utf-8",
        "Date": "Thu, 20 Apr 2023 20:14:07 GMT",
        "Strict-Transport-Security": "max-age=31536000; includeSubDomains; preload",
        "X-Content-Type-Options": "nosniff",
        "x-envoy-upstream-service-time": "28",
        "x-ms-region": "East US"
      },
      "ResponseBody": {
        "modelInfo": {
          "modelId": "623f1e90-5aec-4a49-b313-f7668aa432ef",
          "status": "creating",
          "createdDateTime": "2023-04-20T20:13:56Z",
          "lastUpdatedDateTime": "2023-04-20T20:13:56Z"
        }
      }
    },
    {
      "RequestUri": "https://REDACTED/formrecognizer/v2.1/custom/models/623f1e90-5aec-4a49-b313-f7668aa432ef?includeKeys=true",
      "RequestMethod": "GET",
      "RequestHeaders": {
        "Accept": "application/json",
        "Authorization": "Sanitized",
        "Content-Length": "0",
        "Date": "Thu, 20 Apr 2023 20:14:13 GMT",
        "User-Agent": "azsdk-java-azure-ai-formrecognizer/4.0.6 (17.0.1; Windows 11; 10.0)",
        "x-ms-client-request-id": "a02b6dc1-5f57-451c-872b-03ef55c1aef7"
      },
      "RequestBody": null,
      "StatusCode": 200,
      "ResponseHeaders": {
        "apim-request-id": "45fb456c-82ac-4baa-95fc-a0ecb7ebd890",
        "Content-Length": "170",
        "Content-Type": "application/json; charset=utf-8",
        "Date": "Thu, 20 Apr 2023 20:14:12 GMT",
        "Strict-Transport-Security": "max-age=31536000; includeSubDomains; preload",
        "X-Content-Type-Options": "nosniff",
        "x-envoy-upstream-service-time": "22",
        "x-ms-region": "East US"
      },
      "ResponseBody": {
        "modelInfo": {
          "modelId": "623f1e90-5aec-4a49-b313-f7668aa432ef",
          "status": "creating",
          "createdDateTime": "2023-04-20T20:13:56Z",
          "lastUpdatedDateTime": "2023-04-20T20:13:56Z"
        }
      }
    },
    {
      "RequestUri": "https://REDACTED/formrecognizer/v2.1/custom/models/623f1e90-5aec-4a49-b313-f7668aa432ef?includeKeys=true",
      "RequestMethod": "GET",
      "RequestHeaders": {
        "Accept": "application/json",
        "Authorization": "Sanitized",
        "Content-Length": "0",
        "Date": "Thu, 20 Apr 2023 20:14:18 GMT",
        "User-Agent": "azsdk-java-azure-ai-formrecognizer/4.0.6 (17.0.1; Windows 11; 10.0)",
        "x-ms-client-request-id": "792ee9b9-cff4-41f3-b828-2cf5ffb24e39"
      },
      "RequestBody": null,
      "StatusCode": 200,
      "ResponseHeaders": {
        "apim-request-id": "92982655-1f60-4cba-88ee-1f3ba268f1ff",
        "Content-Length": "170",
        "Content-Type": "application/json; charset=utf-8",
        "Date": "Thu, 20 Apr 2023 20:14:18 GMT",
        "Strict-Transport-Security": "max-age=31536000; includeSubDomains; preload",
        "X-Content-Type-Options": "nosniff",
        "x-envoy-upstream-service-time": "19",
        "x-ms-region": "East US"
      },
      "ResponseBody": {
        "modelInfo": {
          "modelId": "623f1e90-5aec-4a49-b313-f7668aa432ef",
          "status": "creating",
          "createdDateTime": "2023-04-20T20:13:56Z",
          "lastUpdatedDateTime": "2023-04-20T20:13:56Z"
        }
      }
    },
    {
      "RequestUri": "https://REDACTED/formrecognizer/v2.1/custom/models/623f1e90-5aec-4a49-b313-f7668aa432ef?includeKeys=true",
      "RequestMethod": "GET",
      "RequestHeaders": {
        "Accept": "application/json",
        "Authorization": "Sanitized",
        "Content-Length": "0",
        "Date": "Thu, 20 Apr 2023 20:14:23 GMT",
        "User-Agent": "azsdk-java-azure-ai-formrecognizer/4.0.6 (17.0.1; Windows 11; 10.0)",
        "x-ms-client-request-id": "e6ecceb6-8688-415f-b2fe-10ab51683099"
      },
      "RequestBody": null,
      "StatusCode": 200,
      "ResponseHeaders": {
        "apim-request-id": "8a0ed2c4-b904-4c10-a959-b479acf57615",
        "Content-Length": "912",
        "Content-Type": "application/json; charset=utf-8",
        "Date": "Thu, 20 Apr 2023 20:14:22 GMT",
        "Strict-Transport-Security": "max-age=31536000; includeSubDomains; preload",
        "X-Content-Type-Options": "nosniff",
        "x-envoy-upstream-service-time": "22",
        "x-ms-region": "East US"
      },
      "ResponseBody": {
        "modelInfo": {
          "modelId": "623f1e90-5aec-4a49-b313-f7668aa432ef",
          "status": "ready",
          "createdDateTime": "2023-04-20T20:13:56Z",
          "lastUpdatedDateTime": "2023-04-20T20:14:22Z"
        },
        "keys": {
          "clusters": {
            "0": [
              "Additional Notes:",
              "Address:",
              "Company Name:",
              "Company Phone:",
              "Dated As:",
              "Details",
              "Email:",
              "Hero Limited",
              "Name:",
              "Phone:",
              "Purchase Order",
              "Purchase Order #:",
              "Quantity",
              "SUBTOTAL",
              "Seattle, WA 93849 Phone:",
              "Shipped From",
              "Shipped To",
              "TAX",
              "TOTAL",
              "Total",
              "Unit Price",
              "Vendor Name:",
              "Website:"
            ]
          }
        },
        "trainResult": {
          "trainingDocuments": [
            {
              "documentName": "Form_1.jpg",
              "pages": 1,
              "errors": [],
              "status": "succeeded"
            },
            {
              "documentName": "Form_2.jpg",
              "pages": 1,
              "errors": [],
              "status": "succeeded"
            },
            {
              "documentName": "Form_3.jpg",
              "pages": 1,
              "errors": [],
              "status": "succeeded"
            },
            {
              "documentName": "Form_4.jpg",
              "pages": 1,
              "errors": [],
              "status": "succeeded"
            },
            {
              "documentName": "Form_5.jpg",
              "pages": 1,
              "errors": [],
              "status": "succeeded"
            }
          ],
          "errors": []
        }
      }
    },
    {
      "RequestUri": "https://REDACTED/formrecognizer/v2.1/custom/models/623f1e90-5aec-4a49-b313-f7668aa432ef?includeKeys=true",
      "RequestMethod": "GET",
      "RequestHeaders": {
        "Accept": "application/json",
        "Authorization": "Sanitized",
        "Content-Length": "0",
        "Date": "Thu, 20 Apr 2023 20:14:23 GMT",
        "User-Agent": "azsdk-java-azure-ai-formrecognizer/4.0.6 (17.0.1; Windows 11; 10.0)",
        "x-ms-client-request-id": "8e64e180-b075-4054-8b9c-12e7382b65ed"
      },
      "RequestBody": null,
      "StatusCode": 200,
      "ResponseHeaders": {
        "apim-request-id": "311a781a-3110-4826-abce-2fe634dab0af",
        "Content-Length": "912",
        "Content-Type": "application/json; charset=utf-8",
        "Date": "Thu, 20 Apr 2023 20:14:23 GMT",
        "Strict-Transport-Security": "max-age=31536000; includeSubDomains; preload",
        "X-Content-Type-Options": "nosniff",
        "x-envoy-upstream-service-time": "22",
        "x-ms-region": "East US"
      },
      "ResponseBody": {
        "modelInfo": {
          "modelId": "623f1e90-5aec-4a49-b313-f7668aa432ef",
          "status": "ready",
          "createdDateTime": "2023-04-20T20:13:56Z",
          "lastUpdatedDateTime": "2023-04-20T20:14:22Z"
        },
        "keys": {
          "clusters": {
            "0": [
              "Additional Notes:",
              "Address:",
              "Company Name:",
              "Company Phone:",
              "Dated As:",
              "Details",
              "Email:",
              "Hero Limited",
              "Name:",
              "Phone:",
              "Purchase Order",
              "Purchase Order #:",
              "Quantity",
              "SUBTOTAL",
              "Seattle, WA 93849 Phone:",
              "Shipped From",
              "Shipped To",
              "TAX",
              "TOTAL",
              "Total",
              "Unit Price",
              "Vendor Name:",
              "Website:"
            ]
          }
        },
        "trainResult": {
          "trainingDocuments": [
            {
              "documentName": "Form_1.jpg",
              "pages": 1,
              "errors": [],
              "status": "succeeded"
            },
            {
              "documentName": "Form_2.jpg",
              "pages": 1,
              "errors": [],
              "status": "succeeded"
            },
            {
              "documentName": "Form_3.jpg",
              "pages": 1,
              "errors": [],
              "status": "succeeded"
            },
            {
              "documentName": "Form_4.jpg",
              "pages": 1,
              "errors": [],
              "status": "succeeded"
            },
            {
              "documentName": "Form_5.jpg",
              "pages": 1,
              "errors": [],
              "status": "succeeded"
            }
          ],
          "errors": []
        }
      }
    },
    {
      "RequestUri": "https://REDACTED/formrecognizer/v2.1/custom/models/copyAuthorization",
      "RequestMethod": "POST",
      "RequestHeaders": {
        "Accept": "application/json",
        "Authorization": "Sanitized",
        "Content-Length": "0",
        "Date": "Thu, 20 Apr 2023 20:14:23 GMT",
        "User-Agent": "azsdk-java-azure-ai-formrecognizer/4.0.6 (17.0.1; Windows 11; 10.0)",
        "x-ms-client-request-id": "518a3b70-9c0b-4566-adad-168f7ff0800b"
      },
      "RequestBody": null,
      "StatusCode": 201,
      "ResponseHeaders": {
        "apim-request-id": "957f0cad-8e0c-4b13-8d34-c1c2f040cf9d",
        "Content-Length": "112",
        "Content-Type": "application/json; charset=utf-8",
        "Date": "Thu, 20 Apr 2023 20:14:23 GMT",
        "Location": "https://REDACTED/formrecognizer/v2.1/custom/models/20a5221c-f07a-4fe2-bee2-e0caeab1e15f",
        "Strict-Transport-Security": "max-age=31536000; includeSubDomains; preload",
        "X-Content-Type-Options": "nosniff",
        "x-envoy-upstream-service-time": "414",
        "x-ms-region": "East US"
      },
      "ResponseBody": {
        "modelId": "20a5221c-f07a-4fe2-bee2-e0caeab1e15f",
        "accessToken": "REDACTED",
        "expirationDateTimeTicks": 1682108063
      }
    },
    {
      "RequestUri": "https://REDACTED/formrecognizer/v2.1/custom/models/623f1e90-5aec-4a49-b313-f7668aa432ef/copy",
      "RequestMethod": "POST",
      "RequestHeaders": {
        "Accept": "application/json",
        "Authorization": "Sanitized",
        "Content-Length": "196",
        "Content-Type": "application/json",
        "Date": "Thu, 20 Apr 2023 20:14:24 GMT",
        "User-Agent": "azsdk-java-azure-ai-formrecognizer/4.0.6 (17.0.1; Windows 11; 10.0)",
        "x-ms-client-request-id": "910477d5-1d47-421f-ba11-538b272b5b60"
      },
      "RequestBody": {
        "targetResourceId": "REDACTED",
        "targetResourceRegion": "eastus",
        "copyAuthorization": {
          "modelId": "20a5221c-f07a-4fe2-bee2-e0caeab1e15f",
          "accessToken": "REDACTED",
          "expirationDateTimeTicks": 1682108063
        }
      },
      "StatusCode": 202,
      "ResponseHeaders": {
        "apim-request-id": "c98dc35a-b54f-4172-b889-e25cb3bf3ae3",
        "Content-Length": "0",
        "Date": "Thu, 20 Apr 2023 20:14:23 GMT",
        "Operation-Location": "https://REDACTED/formrecognizer/v2.1/custom/models/623f1e90-5aec-4a49-b313-f7668aa432ef/copyresults/cf45716f-ec1e-4c9b-9db2-fb9f49276f4d",
        "Strict-Transport-Security": "max-age=31536000; includeSubDomains; preload",
        "X-Content-Type-Options": "nosniff",
        "x-envoy-upstream-service-time": "55",
        "x-ms-region": "East US"
      },
      "ResponseBody": null
    },
    {
      "RequestUri": "https://REDACTED/formrecognizer/v2.1/custom/models/623f1e90-5aec-4a49-b313-f7668aa432ef/copyResults/cf45716f-ec1e-4c9b-9db2-fb9f49276f4d",
      "RequestMethod": "GET",
      "RequestHeaders": {
        "Accept": "application/json",
        "Authorization": "Sanitized",
        "Content-Length": "0",
        "Date": "Thu, 20 Apr 2023 20:14:29 GMT",
        "User-Agent": "azsdk-java-azure-ai-formrecognizer/4.0.6 (17.0.1; Windows 11; 10.0)",
        "x-ms-client-request-id": "df2262a4-b652-47e7-a532-d4f4cb3d27ce"
      },
      "RequestBody": null,
      "StatusCode": 200,
      "ResponseHeaders": {
        "apim-request-id": "a982db66-8735-4888-be8b-437ec9a9d44e",
        "Content-Length": "173",
        "Content-Type": "application/json; charset=utf-8",
        "Date": "Thu, 20 Apr 2023 20:14:29 GMT",
        "Strict-Transport-Security": "max-age=31536000; includeSubDomains; preload",
        "X-Content-Type-Options": "nosniff",
        "x-envoy-upstream-service-time": "17",
        "x-ms-region": "East US"
      },
      "ResponseBody": {
        "status": "notStarted",
        "createdDateTime": "2023-04-20T20:14:24Z",
        "lastUpdatedDateTime": "2023-04-20T20:14:24Z",
        "copyResult": {
          "modelId": "20a5221c-f07a-4fe2-bee2-e0caeab1e15f"
        }
      }
    },
    {
      "RequestUri": "https://REDACTED/formrecognizer/v2.1/custom/models/623f1e90-5aec-4a49-b313-f7668aa432ef/copyResults/cf45716f-ec1e-4c9b-9db2-fb9f49276f4d",
      "RequestMethod": "GET",
      "RequestHeaders": {
        "Accept": "application/json",
        "Authorization": "Sanitized",
        "Content-Length": "0",
        "Date": "Thu, 20 Apr 2023 20:14:34 GMT",
        "User-Agent": "azsdk-java-azure-ai-formrecognizer/4.0.6 (17.0.1; Windows 11; 10.0)",
        "x-ms-client-request-id": "16c0486d-6194-4017-9bf4-c94a3a00907b"
      },
      "RequestBody": null,
      "StatusCode": 200,
      "ResponseHeaders": {
        "apim-request-id": "e1daa6ce-d731-4f23-b87d-a0c823fd93db",
        "Content-Length": "173",
        "Content-Type": "application/json; charset=utf-8",
        "Date": "Thu, 20 Apr 2023 20:14:34 GMT",
        "Strict-Transport-Security": "max-age=31536000; includeSubDomains; preload",
        "X-Content-Type-Options": "nosniff",
        "x-envoy-upstream-service-time": "21",
        "x-ms-region": "East US"
      },
      "ResponseBody": {
        "status": "notStarted",
        "createdDateTime": "2023-04-20T20:14:24Z",
        "lastUpdatedDateTime": "2023-04-20T20:14:24Z",
        "copyResult": {
          "modelId": "20a5221c-f07a-4fe2-bee2-e0caeab1e15f"
        }
      }
    },
    {
      "RequestUri": "https://REDACTED/formrecognizer/v2.1/custom/models/623f1e90-5aec-4a49-b313-f7668aa432ef/copyResults/cf45716f-ec1e-4c9b-9db2-fb9f49276f4d",
      "RequestMethod": "GET",
      "RequestHeaders": {
        "Accept": "application/json",
        "Authorization": "Sanitized",
        "Content-Length": "0",
        "Date": "Thu, 20 Apr 2023 20:14:39 GMT",
        "User-Agent": "azsdk-java-azure-ai-formrecognizer/4.0.6 (17.0.1; Windows 11; 10.0)",
        "x-ms-client-request-id": "fccf6214-151a-4348-9603-60bd557a9982"
      },
      "RequestBody": null,
      "StatusCode": 200,
      "ResponseHeaders": {
        "apim-request-id": "a5cb68da-c197-4945-98f4-811cd056a6e3",
        "Content-Length": "188",
        "Content-Type": "application/json; charset=utf-8",
        "Date": "Thu, 20 Apr 2023 20:14:39 GMT",
        "Strict-Transport-Security": "max-age=31536000; includeSubDomains; preload",
        "X-Content-Type-Options": "nosniff",
        "x-envoy-upstream-service-time": "14",
        "x-ms-region": "East US"
      },
      "ResponseBody": {
        "status": "succeeded",
        "createdDateTime": "2023-04-20T20:14:37.7768868Z",
        "lastUpdatedDateTime": "2023-04-20T20:14:37.7768871Z",
        "copyResult": {
          "modelId": "20a5221c-f07a-4fe2-bee2-e0caeab1e15f"
        }
      }
    },
    {
      "RequestUri": "https://REDACTED/formrecognizer/v2.1/custom/models/623f1e90-5aec-4a49-b313-f7668aa432ef/copyResults/cf45716f-ec1e-4c9b-9db2-fb9f49276f4d",
      "RequestMethod": "GET",
      "RequestHeaders": {
        "Accept": "application/json",
        "Authorization": "Sanitized",
        "Content-Length": "0",
        "Date": "Thu, 20 Apr 2023 20:14:39 GMT",
        "User-Agent": "azsdk-java-azure-ai-formrecognizer/4.0.6 (17.0.1; Windows 11; 10.0)",
        "x-ms-client-request-id": "70dd14dc-1db0-4063-b8ca-46da2450115f"
      },
      "RequestBody": null,
      "StatusCode": 200,
      "ResponseHeaders": {
        "apim-request-id": "722b6fe1-32a2-4afd-83fd-8305629dd0da",
        "Content-Length": "188",
        "Content-Type": "application/json; charset=utf-8",
        "Date": "Thu, 20 Apr 2023 20:14:39 GMT",
        "Strict-Transport-Security": "max-age=31536000; includeSubDomains; preload",
        "X-Content-Type-Options": "nosniff",
        "x-envoy-upstream-service-time": "17",
        "x-ms-region": "East US"
      },
      "ResponseBody": {
        "status": "succeeded",
        "createdDateTime": "2023-04-20T20:14:37.7768868Z",
        "lastUpdatedDateTime": "2023-04-20T20:14:37.7768871Z",
        "copyResult": {
          "modelId": "20a5221c-f07a-4fe2-bee2-e0caeab1e15f"
        }
      }
    }
  ],
  "Variables": {}
}
