{
  "Entries": [
    {
      "RequestUri": "https://REDACTED/formrecognizer/v2.1/custom/models",
      "RequestMethod": "POST",
      "RequestHeaders": {
        "Accept": "application/json",
        "Authorization": "Sanitized",
        "Content-Length": "289",
        "Content-Type": "application/json",
        "Date": "Wed, 08 Mar 2023 19:40:52 GMT",
        "User-Agent": "azsdk-java-azure-ai-formrecognizer/4.1.0-beta.1 (11.0.9; Windows 10; 10.0)",
        "x-ms-client-request-id": "8039866c-8f02-48e9-a4a2-8a8978cdc9c0"
      },
      "RequestBody": {
        "source": "https://azuresdktrainingdata.blob.core.windows.net/multipage-training-data?sp=rl\u0026st=2022-01-24T21:28:33Z\u0026se=2026-01-25T05:28:33Z\u0026spr=https\u0026sv=2020-08-04\u0026sr=c\u0026sig=CWjKGuJXpYtcn%2Bh3Z4FPW8Bu1Tw09t4%2FlY3N9hnU5gU%3D",
        "sourceFilter": {
          "includeSubFolders": false
        },
        "useLabelFile": false
      },
      "StatusCode": 201,
      "ResponseHeaders": {
        "apim-request-id": "288ae86f-34ce-48dd-a740-75672b045442",
        "Content-Length": "0",
        "Date": "Wed, 08 Mar 2023 19:40:51 GMT",
        "Location": "https://shafangfr.cognitiveservices.azure.com/formrecognizer/v2.1/custom/models/27febc92-514a-4ff6-8362-154bf85b478f",
        "Strict-Transport-Security": "max-age=31536000; includeSubDomains; preload",
        "X-Content-Type-Options": "nosniff",
        "x-envoy-upstream-service-time": "832",
        "x-ms-region": "East US"
      },
      "ResponseBody": null
    },
    {
      "RequestUri": "https://REDACTED/formrecognizer/v2.1/custom/models/27febc92-514a-4ff6-8362-154bf85b478f?includeKeys=true",
      "RequestMethod": "GET",
      "RequestHeaders": {
        "Accept": "application/json",
        "Authorization": "Sanitized",
        "Content-Length": "0",
        "Date": "Wed, 08 Mar 2023 19:40:58 GMT",
        "User-Agent": "azsdk-java-azure-ai-formrecognizer/4.1.0-beta.1 (11.0.9; Windows 10; 10.0)",
        "x-ms-client-request-id": "18b67b3a-6907-4c19-9c7e-fc14526bc096"
      },
      "RequestBody": null,
      "StatusCode": 200,
      "ResponseHeaders": {
        "apim-request-id": "e2da1ab6-b293-4ee4-a6bc-0c5f53632abb",
        "Content-Length": "170",
        "Content-Type": "application/json; charset=utf-8",
        "Date": "Wed, 08 Mar 2023 19:40:57 GMT",
        "Strict-Transport-Security": "max-age=31536000; includeSubDomains; preload",
        "X-Content-Type-Options": "nosniff",
        "x-envoy-upstream-service-time": "23",
        "x-ms-region": "East US"
      },
      "ResponseBody": {
        "modelInfo": {
          "modelId": "27febc92-514a-4ff6-8362-154bf85b478f",
          "status": "creating",
          "createdDateTime": "2023-03-08T19:40:52Z",
          "lastUpdatedDateTime": "2023-03-08T19:40:52Z"
        }
      }
    },
    {
      "RequestUri": "https://REDACTED/formrecognizer/v2.1/custom/models/27febc92-514a-4ff6-8362-154bf85b478f?includeKeys=true",
      "RequestMethod": "GET",
      "RequestHeaders": {
        "Accept": "application/json",
        "Authorization": "Sanitized",
        "Content-Length": "0",
        "Date": "Wed, 08 Mar 2023 19:41:03 GMT",
        "User-Agent": "azsdk-java-azure-ai-formrecognizer/4.1.0-beta.1 (11.0.9; Windows 10; 10.0)",
        "x-ms-client-request-id": "092b2917-15af-4c52-8e4f-736389c4f77f"
      },
      "RequestBody": null,
      "StatusCode": 200,
      "ResponseHeaders": {
        "apim-request-id": "c9b8d293-3167-441f-8fa9-6c3fba4035cc",
        "Content-Length": "170",
        "Content-Type": "application/json; charset=utf-8",
        "Date": "Wed, 08 Mar 2023 19:41:03 GMT",
        "Strict-Transport-Security": "max-age=31536000; includeSubDomains; preload",
        "X-Content-Type-Options": "nosniff",
        "x-envoy-upstream-service-time": "31",
        "x-ms-region": "East US"
      },
      "ResponseBody": {
        "modelInfo": {
          "modelId": "27febc92-514a-4ff6-8362-154bf85b478f",
          "status": "creating",
          "createdDateTime": "2023-03-08T19:40:52Z",
          "lastUpdatedDateTime": "2023-03-08T19:40:52Z"
        }
      }
    },
    {
      "RequestUri": "https://REDACTED/formrecognizer/v2.1/custom/models/27febc92-514a-4ff6-8362-154bf85b478f?includeKeys=true",
      "RequestMethod": "GET",
      "RequestHeaders": {
        "Accept": "application/json",
        "Authorization": "Sanitized",
        "Content-Length": "0",
        "Date": "Wed, 08 Mar 2023 19:41:08 GMT",
        "User-Agent": "azsdk-java-azure-ai-formrecognizer/4.1.0-beta.1 (11.0.9; Windows 10; 10.0)",
        "x-ms-client-request-id": "b5d4211d-df5b-444c-b43b-09f157d45d15"
      },
      "RequestBody": null,
      "StatusCode": 200,
      "ResponseHeaders": {
        "apim-request-id": "25364403-f93d-458b-bea7-6bb5440e0c48",
        "Content-Length": "170",
        "Content-Type": "application/json; charset=utf-8",
        "Date": "Wed, 08 Mar 2023 19:41:07 GMT",
        "Strict-Transport-Security": "max-age=31536000; includeSubDomains; preload",
        "X-Content-Type-Options": "nosniff",
        "x-envoy-upstream-service-time": "23",
        "x-ms-region": "East US"
      },
      "ResponseBody": {
        "modelInfo": {
          "modelId": "27febc92-514a-4ff6-8362-154bf85b478f",
          "status": "creating",
          "createdDateTime": "2023-03-08T19:40:52Z",
          "lastUpdatedDateTime": "2023-03-08T19:40:52Z"
        }
      }
    },
    {
      "RequestUri": "https://REDACTED/formrecognizer/v2.1/custom/models/27febc92-514a-4ff6-8362-154bf85b478f?includeKeys=true",
      "RequestMethod": "GET",
      "RequestHeaders": {
        "Accept": "application/json",
        "Authorization": "Sanitized",
        "Content-Length": "0",
        "Date": "Wed, 08 Mar 2023 19:41:14 GMT",
        "User-Agent": "azsdk-java-azure-ai-formrecognizer/4.1.0-beta.1 (11.0.9; Windows 10; 10.0)",
        "x-ms-client-request-id": "49af470e-f52e-451b-8430-9328c2a7634d"
      },
      "RequestBody": null,
      "StatusCode": 200,
      "ResponseHeaders": {
        "apim-request-id": "a51069a2-2112-4e4f-a962-ef61a52baf27",
        "Content-Length": "170",
        "Content-Type": "application/json; charset=utf-8",
        "Date": "Wed, 08 Mar 2023 19:41:12 GMT",
        "Strict-Transport-Security": "max-age=31536000; includeSubDomains; preload",
        "X-Content-Type-Options": "nosniff",
        "x-envoy-upstream-service-time": "24",
        "x-ms-region": "East US"
      },
      "ResponseBody": {
        "modelInfo": {
          "modelId": "27febc92-514a-4ff6-8362-154bf85b478f",
          "status": "creating",
          "createdDateTime": "2023-03-08T19:40:52Z",
          "lastUpdatedDateTime": "2023-03-08T19:40:52Z"
        }
      }
    },
    {
      "RequestUri": "https://REDACTED/formrecognizer/v2.1/custom/models/27febc92-514a-4ff6-8362-154bf85b478f?includeKeys=true",
      "RequestMethod": "GET",
      "RequestHeaders": {
        "Accept": "application/json",
        "Authorization": "Sanitized",
        "Content-Length": "0",
        "Date": "Wed, 08 Mar 2023 19:41:19 GMT",
        "User-Agent": "azsdk-java-azure-ai-formrecognizer/4.1.0-beta.1 (11.0.9; Windows 10; 10.0)",
        "x-ms-client-request-id": "420cae2a-0eeb-44a2-b018-9bc9c7feb70e"
      },
      "RequestBody": null,
      "StatusCode": 200,
      "ResponseHeaders": {
        "apim-request-id": "4779a43f-01c7-45b2-964c-514e3ad2eb93",
        "Content-Length": "170",
        "Content-Type": "application/json; charset=utf-8",
        "Date": "Wed, 08 Mar 2023 19:41:18 GMT",
        "Strict-Transport-Security": "max-age=31536000; includeSubDomains; preload",
        "X-Content-Type-Options": "nosniff",
        "x-envoy-upstream-service-time": "23",
        "x-ms-region": "East US"
      },
      "ResponseBody": {
        "modelInfo": {
          "modelId": "27febc92-514a-4ff6-8362-154bf85b478f",
          "status": "creating",
          "createdDateTime": "2023-03-08T19:40:52Z",
          "lastUpdatedDateTime": "2023-03-08T19:40:52Z"
        }
      }
    },
    {
      "RequestUri": "https://REDACTED/formrecognizer/v2.1/custom/models/27febc92-514a-4ff6-8362-154bf85b478f?includeKeys=true",
      "RequestMethod": "GET",
      "RequestHeaders": {
        "Accept": "application/json",
        "Authorization": "Sanitized",
        "Content-Length": "0",
        "Date": "Wed, 08 Mar 2023 19:41:24 GMT",
        "User-Agent": "azsdk-java-azure-ai-formrecognizer/4.1.0-beta.1 (11.0.9; Windows 10; 10.0)",
        "x-ms-client-request-id": "be6b41cd-3660-43d3-97a6-4c796c5f59c9"
      },
      "RequestBody": null,
      "StatusCode": 200,
      "ResponseHeaders": {
        "apim-request-id": "ea8f74e7-b326-4b40-8c2e-33297415f449",
        "Content-Length": "784",
        "Content-Type": "application/json; charset=utf-8",
        "Date": "Wed, 08 Mar 2023 19:41:23 GMT",
        "Strict-Transport-Security": "max-age=31536000; includeSubDomains; preload",
        "X-Content-Type-Options": "nosniff",
        "x-envoy-upstream-service-time": "45",
        "x-ms-region": "East US"
      },
      "ResponseBody": {
        "modelInfo": {
          "modelId": "27febc92-514a-4ff6-8362-154bf85b478f",
          "status": "ready",
          "createdDateTime": "2023-03-08T19:40:52Z",
          "lastUpdatedDateTime": "2023-03-08T19:41:19Z"
        },
        "keys": {
          "clusters": {
            "0": [
              "Address:",
              "Invoice For:",
              "Item",
              "Price",
              "Quantity",
              "Redmond, WA",
              "Signature:",
              "Subtotal:",
              "Tax:",
              "Tip:",
              "Total:"
            ]
          }
        },
        "trainResult": {
          "trainingDocuments": [
            {
              "documentName": "multipage_invoice1.pdf",
              "pages": 3,
              "errors": [],
              "status": "succeeded"
            },
            {
              "documentName": "multipage_invoice2.pdf",
              "pages": 3,
              "errors": [],
              "status": "succeeded"
            },
            {
              "documentName": "multipage_invoice3.pdf",
              "pages": 3,
              "errors": [],
              "status": "succeeded"
            },
            {
              "documentName": "multipage_invoice4.pdf",
              "pages": 3,
              "errors": [],
              "status": "succeeded"
            },
            {
              "documentName": "multipage_invoice5.pdf",
              "pages": 3,
              "errors": [],
              "status": "succeeded"
            }
          ],
          "errors": []
        }
      }
    },
    {
      "RequestUri": "https://REDACTED/formrecognizer/v2.1/custom/models/27febc92-514a-4ff6-8362-154bf85b478f?includeKeys=true",
      "RequestMethod": "GET",
      "RequestHeaders": {
        "Accept": "application/json",
        "Authorization": "Sanitized",
        "Content-Length": "0",
        "Date": "Wed, 08 Mar 2023 19:41:24 GMT",
        "User-Agent": "azsdk-java-azure-ai-formrecognizer/4.1.0-beta.1 (11.0.9; Windows 10; 10.0)",
        "x-ms-client-request-id": "d1fdcec7-9b55-4595-84c0-7bd80a216602"
      },
      "RequestBody": null,
      "StatusCode": 200,
      "ResponseHeaders": {
        "apim-request-id": "8143e14c-7954-4fc3-af9f-2be355ea115e",
        "Content-Length": "784",
        "Content-Type": "application/json; charset=utf-8",
        "Date": "Wed, 08 Mar 2023 19:41:23 GMT",
        "Strict-Transport-Security": "max-age=31536000; includeSubDomains; preload",
        "X-Content-Type-Options": "nosniff",
        "x-envoy-upstream-service-time": "26",
        "x-ms-region": "East US"
      },
      "ResponseBody": {
        "modelInfo": {
          "modelId": "27febc92-514a-4ff6-8362-154bf85b478f",
          "status": "ready",
          "createdDateTime": "2023-03-08T19:40:52Z",
          "lastUpdatedDateTime": "2023-03-08T19:41:19Z"
        },
        "keys": {
          "clusters": {
            "0": [
              "Address:",
              "Invoice For:",
              "Item",
              "Price",
              "Quantity",
              "Redmond, WA",
              "Signature:",
              "Subtotal:",
              "Tax:",
              "Tip:",
              "Total:"
            ]
          }
        },
        "trainResult": {
          "trainingDocuments": [
            {
              "documentName": "multipage_invoice1.pdf",
              "pages": 3,
              "errors": [],
              "status": "succeeded"
            },
            {
              "documentName": "multipage_invoice2.pdf",
              "pages": 3,
              "errors": [],
              "status": "succeeded"
            },
            {
              "documentName": "multipage_invoice3.pdf",
              "pages": 3,
              "errors": [],
              "status": "succeeded"
            },
            {
              "documentName": "multipage_invoice4.pdf",
              "pages": 3,
              "errors": [],
              "status": "succeeded"
            },
            {
              "documentName": "multipage_invoice5.pdf",
              "pages": 3,
              "errors": [],
              "status": "succeeded"
            }
          ],
          "errors": []
        }
      }
    }
  ],
  "Variables": {}
}
