{
  "Entries": [
    {
      "RequestUri": "https://REDACTED/formrecognizer/v2.1/custom/models",
      "RequestMethod": "POST",
      "RequestHeaders": {
        "Accept": "application/json",
        "Authorization": "Sanitized",
        "Content-Length": "277",
        "Content-Type": "application/json",
        "Date": "Wed, 12 Apr 2023 22:41:25 GMT",
        "User-Agent": "azsdk-java-azure-ai-formrecognizer/4.1.0-beta.1 (11.0.9; Windows 10; 10.0)",
        "x-ms-client-request-id": "dee3d4ea-b15d-41f7-832c-19b1da72df6b"
      },
      "RequestBody": {
        "source": "https://azuresdktrainingdata.blob.core.windows.net/trainingdata?sp=rl\u0026st=2022-01-24T21:29:02Z\u0026se=2025-01-25T05:29:02Z\u0026spr=https\u0026sv=2020-08-04\u0026sr=c\u0026sig=q71NyEgO5ebO7aKW%2FcN2rzeVaCJP49O%2BRw9T9pGXhkE%3D",
        "sourceFilter": {
          "includeSubFolders": false
        },
        "useLabelFile": true
      },
      "StatusCode": 201,
      "ResponseHeaders": {
        "apim-request-id": "d66402c8-769d-43be-b0d5-0d970349e5e2",
        "Content-Length": "0",
        "Date": "Wed, 12 Apr 2023 22:41:31 GMT",
        "Location": "https://shafangfr.cognitiveservices.azure.com/formrecognizer/v2.1/custom/models/bb8616f7-2a95-4d2e-9134-866c38aef6b1",
        "Strict-Transport-Security": "max-age=31536000; includeSubDomains; preload",
        "X-Content-Type-Options": "nosniff",
        "x-envoy-upstream-service-time": "4701",
        "x-ms-region": "East US"
      },
      "ResponseBody": null
    },
    {
      "RequestUri": "https://REDACTED/formrecognizer/v2.1/custom/models/bb8616f7-2a95-4d2e-9134-866c38aef6b1?includeKeys=true",
      "RequestMethod": "GET",
      "RequestHeaders": {
        "Accept": "application/json",
        "Authorization": "Sanitized",
        "Content-Length": "0",
        "Date": "Wed, 12 Apr 2023 22:41:36 GMT",
        "User-Agent": "azsdk-java-azure-ai-formrecognizer/4.1.0-beta.1 (11.0.9; Windows 10; 10.0)",
        "x-ms-client-request-id": "cd5a1987-39fa-4cfa-a6e0-4314d08470f9"
      },
      "RequestBody": null,
      "StatusCode": 200,
      "ResponseHeaders": {
        "apim-request-id": "675c5c92-1bfa-485e-8ff2-425f0acf0535",
        "Content-Length": "1242",
        "Content-Type": "application/json; charset=utf-8",
        "Date": "Wed, 12 Apr 2023 22:41:36 GMT",
        "Strict-Transport-Security": "max-age=31536000; includeSubDomains; preload",
        "X-Content-Type-Options": "nosniff",
        "x-envoy-upstream-service-time": "24",
        "x-ms-region": "East US"
      },
      "ResponseBody": {
        "modelInfo": {
          "modelId": "bb8616f7-2a95-4d2e-9134-866c38aef6b1",
          "attributes": {
            "isComposed": false
          },
          "status": "ready",
          "createdDateTime": "2023-04-12T22:41:31Z",
          "lastUpdatedDateTime": "2023-04-12T22:41:34Z"
        },
        "trainResult": {
          "averageModelAccuracy": 0.96,
          "trainingDocuments": [
            {
              "documentName": "Form_1.jpg",
              "pages": 1,
              "status": "succeeded"
            },
            {
              "documentName": "Form_2.jpg",
              "pages": 1,
              "status": "succeeded"
            },
            {
              "documentName": "Form_3.jpg",
              "pages": 1,
              "status": "succeeded"
            },
            {
              "documentName": "Form_4.jpg",
              "pages": 1,
              "status": "succeeded"
            },
            {
              "documentName": "Form_5.jpg",
              "pages": 1,
              "status": "succeeded"
            }
          ],
          "fields": [
            {
              "fieldName": "CompanyAddress",
              "accuracy": 0.8
            },
            {
              "fieldName": "CompanyName",
              "accuracy": 0.995
            },
            {
              "fieldName": "CompanyPhoneNumber",
              "accuracy": 0.995
            },
            {
              "fieldName": "DatedAs",
              "accuracy": 0.995
            },
            {
              "fieldName": "Email",
              "accuracy": 0.8
            },
            {
              "fieldName": "Merchant",
              "accuracy": 0.995
            },
            {
              "fieldName": "PhoneNumber",
              "accuracy": 0.995
            },
            {
              "fieldName": "PurchaseOrderNumber",
              "accuracy": 0.995
            },
            {
              "fieldName": "Quantity",
              "accuracy": 0.995
            },
            {
              "fieldName": "Signature",
              "accuracy": 0.8
            },
            {
              "fieldName": "Subtotal",
              "accuracy": 0.995
            },
            {
              "fieldName": "Tax",
              "accuracy": 0.995
            },
            {
              "fieldName": "Total",
              "accuracy": 0.995
            },
            {
              "fieldName": "VendorName",
              "accuracy": 0.995
            },
            {
              "fieldName": "Website",
              "accuracy": 0.995
            }
          ],
          "errors": []
        }
      }
    },
    {
      "RequestUri": "https://REDACTED/formrecognizer/v2.1/custom/models/bb8616f7-2a95-4d2e-9134-866c38aef6b1?includeKeys=true",
      "RequestMethod": "GET",
      "RequestHeaders": {
        "Accept": "application/json",
        "Authorization": "Sanitized",
        "Content-Length": "0",
        "Date": "Wed, 12 Apr 2023 22:41:37 GMT",
        "User-Agent": "azsdk-java-azure-ai-formrecognizer/4.1.0-beta.1 (11.0.9; Windows 10; 10.0)",
        "x-ms-client-request-id": "a743ada9-f89e-4de4-ad50-b00fa86eeded"
      },
      "RequestBody": null,
      "StatusCode": 200,
      "ResponseHeaders": {
        "apim-request-id": "d14530be-ecde-4553-b7d9-4a27e701ae96",
        "Content-Length": "1242",
        "Content-Type": "application/json; charset=utf-8",
        "Date": "Wed, 12 Apr 2023 22:41:36 GMT",
        "Strict-Transport-Security": "max-age=31536000; includeSubDomains; preload",
        "X-Content-Type-Options": "nosniff",
        "x-envoy-upstream-service-time": "23",
        "x-ms-region": "East US"
      },
      "ResponseBody": {
        "modelInfo": {
          "modelId": "bb8616f7-2a95-4d2e-9134-866c38aef6b1",
          "attributes": {
            "isComposed": false
          },
          "status": "ready",
          "createdDateTime": "2023-04-12T22:41:31Z",
          "lastUpdatedDateTime": "2023-04-12T22:41:34Z"
        },
        "trainResult": {
          "averageModelAccuracy": 0.96,
          "trainingDocuments": [
            {
              "documentName": "Form_1.jpg",
              "pages": 1,
              "status": "succeeded"
            },
            {
              "documentName": "Form_2.jpg",
              "pages": 1,
              "status": "succeeded"
            },
            {
              "documentName": "Form_3.jpg",
              "pages": 1,
              "status": "succeeded"
            },
            {
              "documentName": "Form_4.jpg",
              "pages": 1,
              "status": "succeeded"
            },
            {
              "documentName": "Form_5.jpg",
              "pages": 1,
              "status": "succeeded"
            }
          ],
          "fields": [
            {
              "fieldName": "CompanyAddress",
              "accuracy": 0.8
            },
            {
              "fieldName": "CompanyName",
              "accuracy": 0.995
            },
            {
              "fieldName": "CompanyPhoneNumber",
              "accuracy": 0.995
            },
            {
              "fieldName": "DatedAs",
              "accuracy": 0.995
            },
            {
              "fieldName": "Email",
              "accuracy": 0.8
            },
            {
              "fieldName": "Merchant",
              "accuracy": 0.995
            },
            {
              "fieldName": "PhoneNumber",
              "accuracy": 0.995
            },
            {
              "fieldName": "PurchaseOrderNumber",
              "accuracy": 0.995
            },
            {
              "fieldName": "Quantity",
              "accuracy": 0.995
            },
            {
              "fieldName": "Signature",
              "accuracy": 0.8
            },
            {
              "fieldName": "Subtotal",
              "accuracy": 0.995
            },
            {
              "fieldName": "Tax",
              "accuracy": 0.995
            },
            {
              "fieldName": "Total",
              "accuracy": 0.995
            },
            {
              "fieldName": "VendorName",
              "accuracy": 0.995
            },
            {
              "fieldName": "Website",
              "accuracy": 0.995
            }
          ],
          "errors": []
        }
      }
    },
    {
      "RequestUri": "https://REDACTED/formrecognizer/v2.1/custom/models",
      "RequestMethod": "POST",
      "RequestHeaders": {
        "Accept": "application/json",
        "Authorization": "Sanitized",
        "Content-Length": "277",
        "Content-Type": "application/json",
        "Date": "Wed, 12 Apr 2023 22:41:37 GMT",
        "User-Agent": "azsdk-java-azure-ai-formrecognizer/4.1.0-beta.1 (11.0.9; Windows 10; 10.0)",
        "x-ms-client-request-id": "a275c57c-1fe9-45a9-9f93-706fa377f962"
      },
      "RequestBody": {
        "source": "https://azuresdktrainingdata.blob.core.windows.net/trainingdata?sp=rl\u0026st=2022-01-24T21:29:02Z\u0026se=2025-01-25T05:29:02Z\u0026spr=https\u0026sv=2020-08-04\u0026sr=c\u0026sig=q71NyEgO5ebO7aKW%2FcN2rzeVaCJP49O%2BRw9T9pGXhkE%3D",
        "sourceFilter": {
          "includeSubFolders": false
        },
        "useLabelFile": true
      },
      "StatusCode": 201,
      "ResponseHeaders": {
        "apim-request-id": "5b5930a0-b001-48df-94a4-17c155ca6a74",
        "Content-Length": "0",
        "Date": "Wed, 12 Apr 2023 22:41:36 GMT",
        "Location": "https://shafangfr.cognitiveservices.azure.com/formrecognizer/v2.1/custom/models/d2b774b3-c93b-480e-a5e1-d8761532525b",
        "Strict-Transport-Security": "max-age=31536000; includeSubDomains; preload",
        "X-Content-Type-Options": "nosniff",
        "x-envoy-upstream-service-time": "464",
        "x-ms-region": "East US"
      },
      "ResponseBody": null
    },
    {
      "RequestUri": "https://REDACTED/formrecognizer/v2.1/custom/models/d2b774b3-c93b-480e-a5e1-d8761532525b?includeKeys=true",
      "RequestMethod": "GET",
      "RequestHeaders": {
        "Accept": "application/json",
        "Authorization": "Sanitized",
        "Content-Length": "0",
        "Date": "Wed, 12 Apr 2023 22:41:43 GMT",
        "User-Agent": "azsdk-java-azure-ai-formrecognizer/4.1.0-beta.1 (11.0.9; Windows 10; 10.0)",
        "x-ms-client-request-id": "1a73a1e6-afe3-48b7-8906-346e3fdb3065"
      },
      "RequestBody": null,
      "StatusCode": 200,
      "ResponseHeaders": {
        "apim-request-id": "e0acdad1-abd0-4ad7-987d-10ae3a6194bb",
        "Content-Length": "1242",
        "Content-Type": "application/json; charset=utf-8",
        "Date": "Wed, 12 Apr 2023 22:41:42 GMT",
        "Strict-Transport-Security": "max-age=31536000; includeSubDomains; preload",
        "X-Content-Type-Options": "nosniff",
        "x-envoy-upstream-service-time": "24",
        "x-ms-region": "East US"
      },
      "ResponseBody": {
        "modelInfo": {
          "modelId": "d2b774b3-c93b-480e-a5e1-d8761532525b",
          "attributes": {
            "isComposed": false
          },
          "status": "ready",
          "createdDateTime": "2023-04-12T22:41:37Z",
          "lastUpdatedDateTime": "2023-04-12T22:41:40Z"
        },
        "trainResult": {
          "averageModelAccuracy": 0.96,
          "trainingDocuments": [
            {
              "documentName": "Form_1.jpg",
              "pages": 1,
              "status": "succeeded"
            },
            {
              "documentName": "Form_2.jpg",
              "pages": 1,
              "status": "succeeded"
            },
            {
              "documentName": "Form_3.jpg",
              "pages": 1,
              "status": "succeeded"
            },
            {
              "documentName": "Form_4.jpg",
              "pages": 1,
              "status": "succeeded"
            },
            {
              "documentName": "Form_5.jpg",
              "pages": 1,
              "status": "succeeded"
            }
          ],
          "fields": [
            {
              "fieldName": "CompanyAddress",
              "accuracy": 0.8
            },
            {
              "fieldName": "CompanyName",
              "accuracy": 0.995
            },
            {
              "fieldName": "CompanyPhoneNumber",
              "accuracy": 0.995
            },
            {
              "fieldName": "DatedAs",
              "accuracy": 0.995
            },
            {
              "fieldName": "Email",
              "accuracy": 0.8
            },
            {
              "fieldName": "Merchant",
              "accuracy": 0.995
            },
            {
              "fieldName": "PhoneNumber",
              "accuracy": 0.995
            },
            {
              "fieldName": "PurchaseOrderNumber",
              "accuracy": 0.995
            },
            {
              "fieldName": "Quantity",
              "accuracy": 0.995
            },
            {
              "fieldName": "Signature",
              "accuracy": 0.8
            },
            {
              "fieldName": "Subtotal",
              "accuracy": 0.995
            },
            {
              "fieldName": "Tax",
              "accuracy": 0.995
            },
            {
              "fieldName": "Total",
              "accuracy": 0.995
            },
            {
              "fieldName": "VendorName",
              "accuracy": 0.995
            },
            {
              "fieldName": "Website",
              "accuracy": 0.995
            }
          ],
          "errors": []
        }
      }
    },
    {
      "RequestUri": "https://REDACTED/formrecognizer/v2.1/custom/models/d2b774b3-c93b-480e-a5e1-d8761532525b?includeKeys=true",
      "RequestMethod": "GET",
      "RequestHeaders": {
        "Accept": "application/json",
        "Authorization": "Sanitized",
        "Content-Length": "0",
        "Date": "Wed, 12 Apr 2023 22:41:43 GMT",
        "User-Agent": "azsdk-java-azure-ai-formrecognizer/4.1.0-beta.1 (11.0.9; Windows 10; 10.0)",
        "x-ms-client-request-id": "ecc08394-b02a-4093-8fbc-29bade9630da"
      },
      "RequestBody": null,
      "StatusCode": 200,
      "ResponseHeaders": {
        "apim-request-id": "bb2aced9-07be-4c46-9a63-ce80850915b2",
        "Content-Length": "1242",
        "Content-Type": "application/json; charset=utf-8",
        "Date": "Wed, 12 Apr 2023 22:41:42 GMT",
        "Strict-Transport-Security": "max-age=31536000; includeSubDomains; preload",
        "X-Content-Type-Options": "nosniff",
        "x-envoy-upstream-service-time": "25",
        "x-ms-region": "East US"
      },
      "ResponseBody": {
        "modelInfo": {
          "modelId": "d2b774b3-c93b-480e-a5e1-d8761532525b",
          "attributes": {
            "isComposed": false
          },
          "status": "ready",
          "createdDateTime": "2023-04-12T22:41:37Z",
          "lastUpdatedDateTime": "2023-04-12T22:41:40Z"
        },
        "trainResult": {
          "averageModelAccuracy": 0.96,
          "trainingDocuments": [
            {
              "documentName": "Form_1.jpg",
              "pages": 1,
              "status": "succeeded"
            },
            {
              "documentName": "Form_2.jpg",
              "pages": 1,
              "status": "succeeded"
            },
            {
              "documentName": "Form_3.jpg",
              "pages": 1,
              "status": "succeeded"
            },
            {
              "documentName": "Form_4.jpg",
              "pages": 1,
              "status": "succeeded"
            },
            {
              "documentName": "Form_5.jpg",
              "pages": 1,
              "status": "succeeded"
            }
          ],
          "fields": [
            {
              "fieldName": "CompanyAddress",
              "accuracy": 0.8
            },
            {
              "fieldName": "CompanyName",
              "accuracy": 0.995
            },
            {
              "fieldName": "CompanyPhoneNumber",
              "accuracy": 0.995
            },
            {
              "fieldName": "DatedAs",
              "accuracy": 0.995
            },
            {
              "fieldName": "Email",
              "accuracy": 0.8
            },
            {
              "fieldName": "Merchant",
              "accuracy": 0.995
            },
            {
              "fieldName": "PhoneNumber",
              "accuracy": 0.995
            },
            {
              "fieldName": "PurchaseOrderNumber",
              "accuracy": 0.995
            },
            {
              "fieldName": "Quantity",
              "accuracy": 0.995
            },
            {
              "fieldName": "Signature",
              "accuracy": 0.8
            },
            {
              "fieldName": "Subtotal",
              "accuracy": 0.995
            },
            {
              "fieldName": "Tax",
              "accuracy": 0.995
            },
            {
              "fieldName": "Total",
              "accuracy": 0.995
            },
            {
              "fieldName": "VendorName",
              "accuracy": 0.995
            },
            {
              "fieldName": "Website",
              "accuracy": 0.995
            }
          ],
          "errors": []
        }
      }
    },
    {
      "RequestUri": "https://REDACTED/formrecognizer/v2.1/custom/models/compose",
      "RequestMethod": "POST",
      "RequestHeaders": {
        "Accept": "application/json, text/json",
        "Authorization": "Sanitized",
        "Content-Length": "131",
        "Content-Type": "application/json",
        "Date": "Wed, 12 Apr 2023 22:41:43 GMT",
        "User-Agent": "azsdk-java-azure-ai-formrecognizer/4.1.0-beta.1 (11.0.9; Windows 10; 10.0)",
        "x-ms-client-request-id": "4dc6f671-806e-4f81-815d-19393020ee88"
      },
      "RequestBody": {
        "modelIds": [
          "bb8616f7-2a95-4d2e-9134-866c38aef6b1",
          "d2b774b3-c93b-480e-a5e1-d8761532525b"
        ],
        "modelName": "composedModelDisplayName"
      },
      "StatusCode": 201,
      "ResponseHeaders": {
        "apim-request-id": "649ca1dc-fcc4-4303-9f5a-038dde4346dc",
        "Content-Length": "0",
        "Date": "Wed, 12 Apr 2023 22:41:43 GMT",
        "Location": "https://shafangfr.cognitiveservices.azure.com/formrecognizer/v2.1/custom/models/7278c3df-ffaf-47be-896e-eea288acc72e",
        "Strict-Transport-Security": "max-age=31536000; includeSubDomains; preload",
        "X-Content-Type-Options": "nosniff",
        "x-envoy-upstream-service-time": "470",
        "x-ms-region": "East US"
      },
      "ResponseBody": null
    },
    {
      "RequestUri": "https://REDACTED/formrecognizer/v2.1/custom/models/7278c3df-ffaf-47be-896e-eea288acc72e?includeKeys=true",
      "RequestMethod": "GET",
      "RequestHeaders": {
        "Accept": "application/json",
        "Authorization": "Sanitized",
        "Content-Length": "0",
        "Date": "Wed, 12 Apr 2023 22:41:48 GMT",
        "User-Agent": "azsdk-java-azure-ai-formrecognizer/4.1.0-beta.1 (11.0.9; Windows 10; 10.0)",
        "x-ms-client-request-id": "cf08a877-ef31-402b-a8c4-0f7cd9d51700"
      },
      "RequestBody": null,
      "StatusCode": 200,
      "ResponseHeaders": {
        "apim-request-id": "38eed009-8463-41d8-993d-fc975eadfcf2",
        "Content-Length": "2416",
        "Content-Type": "application/json; charset=utf-8",
        "Date": "Wed, 12 Apr 2023 22:41:48 GMT",
        "Strict-Transport-Security": "max-age=31536000; includeSubDomains; preload",
        "X-Content-Type-Options": "nosniff",
        "x-envoy-upstream-service-time": "21",
        "x-ms-region": "East US"
      },
      "ResponseBody": {
        "modelInfo": {
          "modelId": "7278c3df-ffaf-47be-896e-eea288acc72e",
          "modelName": "composedModelDisplayName",
          "attributes": {
            "isComposed": true
          },
          "status": "ready",
          "createdDateTime": "2023-04-12T22:41:43Z",
          "lastUpdatedDateTime": "2023-04-12T22:41:43Z"
        },
        "composedTrainResults": [
          {
            "averageModelAccuracy": 0.96,
            "trainingDocuments": [
              {
                "documentName": "Form_1.jpg",
                "pages": 1,
                "status": "succeeded"
              },
              {
                "documentName": "Form_2.jpg",
                "pages": 1,
                "status": "succeeded"
              },
              {
                "documentName": "Form_3.jpg",
                "pages": 1,
                "status": "succeeded"
              },
              {
                "documentName": "Form_4.jpg",
                "pages": 1,
                "status": "succeeded"
              },
              {
                "documentName": "Form_5.jpg",
                "pages": 1,
                "status": "succeeded"
              }
            ],
            "fields": [
              {
                "fieldName": "CompanyAddress",
                "accuracy": 0.8
              },
              {
                "fieldName": "CompanyName",
                "accuracy": 0.995
              },
              {
                "fieldName": "CompanyPhoneNumber",
                "accuracy": 0.995
              },
              {
                "fieldName": "DatedAs",
                "accuracy": 0.995
              },
              {
                "fieldName": "Email",
                "accuracy": 0.8
              },
              {
                "fieldName": "Merchant",
                "accuracy": 0.995
              },
              {
                "fieldName": "PhoneNumber",
                "accuracy": 0.995
              },
              {
                "fieldName": "PurchaseOrderNumber",
                "accuracy": 0.995
              },
              {
                "fieldName": "Quantity",
                "accuracy": 0.995
              },
              {
                "fieldName": "Signature",
                "accuracy": 0.8
              },
              {
                "fieldName": "Subtotal",
                "accuracy": 0.995
              },
              {
                "fieldName": "Tax",
                "accuracy": 0.995
              },
              {
                "fieldName": "Total",
                "accuracy": 0.995
              },
              {
                "fieldName": "VendorName",
                "accuracy": 0.995
              },
              {
                "fieldName": "Website",
                "accuracy": 0.995
              }
            ],
            "modelId": "bb8616f7-2a95-4d2e-9134-866c38aef6b1",
            "errors": []
          },
          {
            "averageModelAccuracy": 0.96,
            "trainingDocuments": [
              {
                "documentName": "Form_1.jpg",
                "pages": 1,
                "status": "succeeded"
              },
              {
                "documentName": "Form_2.jpg",
                "pages": 1,
                "status": "succeeded"
              },
              {
                "documentName": "Form_3.jpg",
                "pages": 1,
                "status": "succeeded"
              },
              {
                "documentName": "Form_4.jpg",
                "pages": 1,
                "status": "succeeded"
              },
              {
                "documentName": "Form_5.jpg",
                "pages": 1,
                "status": "succeeded"
              }
            ],
            "fields": [
              {
                "fieldName": "CompanyAddress",
                "accuracy": 0.8
              },
              {
                "fieldName": "CompanyName",
                "accuracy": 0.995
              },
              {
                "fieldName": "CompanyPhoneNumber",
                "accuracy": 0.995
              },
              {
                "fieldName": "DatedAs",
                "accuracy": 0.995
              },
              {
                "fieldName": "Email",
                "accuracy": 0.8
              },
              {
                "fieldName": "Merchant",
                "accuracy": 0.995
              },
              {
                "fieldName": "PhoneNumber",
                "accuracy": 0.995
              },
              {
                "fieldName": "PurchaseOrderNumber",
                "accuracy": 0.995
              },
              {
                "fieldName": "Quantity",
                "accuracy": 0.995
              },
              {
                "fieldName": "Signature",
                "accuracy": 0.8
              },
              {
                "fieldName": "Subtotal",
                "accuracy": 0.995
              },
              {
                "fieldName": "Tax",
                "accuracy": 0.995
              },
              {
                "fieldName": "Total",
                "accuracy": 0.995
              },
              {
                "fieldName": "VendorName",
                "accuracy": 0.995
              },
              {
                "fieldName": "Website",
                "accuracy": 0.995
              }
            ],
            "modelId": "d2b774b3-c93b-480e-a5e1-d8761532525b",
            "errors": []
          }
        ]
      }
    },
    {
      "RequestUri": "https://REDACTED/formrecognizer/v2.1/custom/models/7278c3df-ffaf-47be-896e-eea288acc72e?includeKeys=true",
      "RequestMethod": "GET",
      "RequestHeaders": {
        "Accept": "application/json",
        "Authorization": "Sanitized",
        "Content-Length": "0",
        "Date": "Wed, 12 Apr 2023 22:41:49 GMT",
        "User-Agent": "azsdk-java-azure-ai-formrecognizer/4.1.0-beta.1 (11.0.9; Windows 10; 10.0)",
        "x-ms-client-request-id": "c0d380a5-7b8f-4b41-ba50-3b1ce4f841c9"
      },
      "RequestBody": null,
      "StatusCode": 200,
      "ResponseHeaders": {
        "apim-request-id": "0ed49f41-0166-4cd5-a09e-287b2590098d",
        "Content-Length": "2416",
        "Content-Type": "application/json; charset=utf-8",
        "Date": "Wed, 12 Apr 2023 22:41:48 GMT",
        "Strict-Transport-Security": "max-age=31536000; includeSubDomains; preload",
        "X-Content-Type-Options": "nosniff",
        "x-envoy-upstream-service-time": "29",
        "x-ms-region": "East US"
      },
      "ResponseBody": {
        "modelInfo": {
          "modelId": "7278c3df-ffaf-47be-896e-eea288acc72e",
          "modelName": "composedModelDisplayName",
          "attributes": {
            "isComposed": true
          },
          "status": "ready",
          "createdDateTime": "2023-04-12T22:41:43Z",
          "lastUpdatedDateTime": "2023-04-12T22:41:43Z"
        },
        "composedTrainResults": [
          {
            "averageModelAccuracy": 0.96,
            "trainingDocuments": [
              {
                "documentName": "Form_1.jpg",
                "pages": 1,
                "status": "succeeded"
              },
              {
                "documentName": "Form_2.jpg",
                "pages": 1,
                "status": "succeeded"
              },
              {
                "documentName": "Form_3.jpg",
                "pages": 1,
                "status": "succeeded"
              },
              {
                "documentName": "Form_4.jpg",
                "pages": 1,
                "status": "succeeded"
              },
              {
                "documentName": "Form_5.jpg",
                "pages": 1,
                "status": "succeeded"
              }
            ],
            "fields": [
              {
                "fieldName": "CompanyAddress",
                "accuracy": 0.8
              },
              {
                "fieldName": "CompanyName",
                "accuracy": 0.995
              },
              {
                "fieldName": "CompanyPhoneNumber",
                "accuracy": 0.995
              },
              {
                "fieldName": "DatedAs",
                "accuracy": 0.995
              },
              {
                "fieldName": "Email",
                "accuracy": 0.8
              },
              {
                "fieldName": "Merchant",
                "accuracy": 0.995
              },
              {
                "fieldName": "PhoneNumber",
                "accuracy": 0.995
              },
              {
                "fieldName": "PurchaseOrderNumber",
                "accuracy": 0.995
              },
              {
                "fieldName": "Quantity",
                "accuracy": 0.995
              },
              {
                "fieldName": "Signature",
                "accuracy": 0.8
              },
              {
                "fieldName": "Subtotal",
                "accuracy": 0.995
              },
              {
                "fieldName": "Tax",
                "accuracy": 0.995
              },
              {
                "fieldName": "Total",
                "accuracy": 0.995
              },
              {
                "fieldName": "VendorName",
                "accuracy": 0.995
              },
              {
                "fieldName": "Website",
                "accuracy": 0.995
              }
            ],
            "modelId": "bb8616f7-2a95-4d2e-9134-866c38aef6b1",
            "errors": []
          },
          {
            "averageModelAccuracy": 0.96,
            "trainingDocuments": [
              {
                "documentName": "Form_1.jpg",
                "pages": 1,
                "status": "succeeded"
              },
              {
                "documentName": "Form_2.jpg",
                "pages": 1,
                "status": "succeeded"
              },
              {
                "documentName": "Form_3.jpg",
                "pages": 1,
                "status": "succeeded"
              },
              {
                "documentName": "Form_4.jpg",
                "pages": 1,
                "status": "succeeded"
              },
              {
                "documentName": "Form_5.jpg",
                "pages": 1,
                "status": "succeeded"
              }
            ],
            "fields": [
              {
                "fieldName": "CompanyAddress",
                "accuracy": 0.8
              },
              {
                "fieldName": "CompanyName",
                "accuracy": 0.995
              },
              {
                "fieldName": "CompanyPhoneNumber",
                "accuracy": 0.995
              },
              {
                "fieldName": "DatedAs",
                "accuracy": 0.995
              },
              {
                "fieldName": "Email",
                "accuracy": 0.8
              },
              {
                "fieldName": "Merchant",
                "accuracy": 0.995
              },
              {
                "fieldName": "PhoneNumber",
                "accuracy": 0.995
              },
              {
                "fieldName": "PurchaseOrderNumber",
                "accuracy": 0.995
              },
              {
                "fieldName": "Quantity",
                "accuracy": 0.995
              },
              {
                "fieldName": "Signature",
                "accuracy": 0.8
              },
              {
                "fieldName": "Subtotal",
                "accuracy": 0.995
              },
              {
                "fieldName": "Tax",
                "accuracy": 0.995
              },
              {
                "fieldName": "Total",
                "accuracy": 0.995
              },
              {
                "fieldName": "VendorName",
                "accuracy": 0.995
              },
              {
                "fieldName": "Website",
                "accuracy": 0.995
              }
            ],
            "modelId": "d2b774b3-c93b-480e-a5e1-d8761532525b",
            "errors": []
          }
        ]
      }
    },
    {
      "RequestUri": "https://REDACTED/formrecognizer/v2.1/custom/models/bb8616f7-2a95-4d2e-9134-866c38aef6b1",
      "RequestMethod": "DELETE",
      "RequestHeaders": {
        "Accept": "application/json",
        "Authorization": "Sanitized",
        "Content-Length": "0",
        "Date": "Wed, 12 Apr 2023 22:41:49 GMT",
        "User-Agent": "azsdk-java-azure-ai-formrecognizer/4.1.0-beta.1 (11.0.9; Windows 10; 10.0)",
        "x-ms-client-request-id": "61c01ef1-44f4-4c0c-a4fc-4a9a3e5b5834"
      },
      "RequestBody": null,
      "StatusCode": 204,
      "ResponseHeaders": {
        "apim-request-id": "2debde68-960a-4875-b8d8-eafd5ae33cad",
        "Content-Length": "0",
        "Date": "Wed, 12 Apr 2023 22:41:48 GMT",
        "Strict-Transport-Security": "max-age=31536000; includeSubDomains; preload",
        "X-Content-Type-Options": "nosniff",
        "x-envoy-upstream-service-time": "34",
        "x-ms-region": "East US"
      },
      "ResponseBody": null
    },
    {
      "RequestUri": "https://REDACTED/formrecognizer/v2.1/custom/models/d2b774b3-c93b-480e-a5e1-d8761532525b",
      "RequestMethod": "DELETE",
      "RequestHeaders": {
        "Accept": "application/json",
        "Authorization": "Sanitized",
        "Content-Length": "0",
        "Date": "Wed, 12 Apr 2023 22:41:49 GMT",
        "User-Agent": "azsdk-java-azure-ai-formrecognizer/4.1.0-beta.1 (11.0.9; Windows 10; 10.0)",
        "x-ms-client-request-id": "2ebd9479-5a21-483d-86b1-68ff6de8d1d0"
      },
      "RequestBody": null,
      "StatusCode": 204,
      "ResponseHeaders": {
        "apim-request-id": "7ce570b2-4b14-47be-b647-a587acffba69",
        "Content-Length": "0",
        "Date": "Wed, 12 Apr 2023 22:41:48 GMT",
        "Strict-Transport-Security": "max-age=31536000; includeSubDomains; preload",
        "X-Content-Type-Options": "nosniff",
        "x-envoy-upstream-service-time": "45",
        "x-ms-region": "East US"
      },
      "ResponseBody": null
    },
    {
      "RequestUri": "https://REDACTED/formrecognizer/v2.1/custom/models/7278c3df-ffaf-47be-896e-eea288acc72e",
      "RequestMethod": "DELETE",
      "RequestHeaders": {
        "Accept": "application/json",
        "Authorization": "Sanitized",
        "Content-Length": "0",
        "Date": "Wed, 12 Apr 2023 22:41:49 GMT",
        "User-Agent": "azsdk-java-azure-ai-formrecognizer/4.1.0-beta.1 (11.0.9; Windows 10; 10.0)",
        "x-ms-client-request-id": "9fd64233-afb5-4422-b529-8f365d633be4"
      },
      "RequestBody": null,
      "StatusCode": 204,
      "ResponseHeaders": {
        "apim-request-id": "318b3cf5-6ebd-42ee-8076-9e2f007d7546",
        "Content-Length": "0",
        "Date": "Wed, 12 Apr 2023 22:41:49 GMT",
        "Strict-Transport-Security": "max-age=31536000; includeSubDomains; preload",
        "X-Content-Type-Options": "nosniff",
        "x-envoy-upstream-service-time": "33",
        "x-ms-region": "East US"
      },
      "ResponseBody": null
    }
  ],
  "Variables": {}
}
